WORKDIR: /tmp/audit-work/anti-shuffle
COMMAND: krun auditor-concrete.mpy --definition runtime-audit-kompiled
EXIT: 0
OUTPUT_LINES: 55
OUTPUT_BYTES: 2573
OUTPUT:
<generatedTop>
  <k>
    .K
  </k>
  <env>
    0
  </env>
  <scopes>
    -1 |-> scope ( "abs" |-> builtinV ( "abs" )
    "all" |-> builtinV ( "all" )
    "any" |-> builtinV ( "any" )
    "bin" |-> builtinV ( "bin" )
    "chr" |-> builtinV ( "chr" )
    "enumerate" |-> builtinV ( "enumerate" )
    "eval" |-> builtinV ( "eval" )
    "float" |-> typeV ( "float" )
    "int" |-> typeV ( "int" )
    "isinstance" |-> builtinV ( "isinstance" )
    "len" |-> builtinV ( "len" )
    "list" |-> builtinV ( "list" )
    "map" |-> builtinV ( "map" )
    "max" |-> builtinV ( "max" )
    "min" |-> builtinV ( "min" )
    "ord" |-> builtinV ( "ord" )
    "range" |-> builtinV ( "range" )
    "round" |-> builtinV ( "round" )
    "set" |-> builtinV ( "set" )
    "sorted" |-> builtinV ( "sorted" )
    "str" |-> typeV ( "str" )
    "sum" |-> builtinV ( "sum" )
    "zip" |-> builtinV ( "zip" ) , root )
    0 |-> scope ( "anti_shuffle" |-> closureVal ( "s" , .ParamNames , Assign ( Name ( "result" ) , Str ( "" ) )  Assign ( Name ( "word" ) , Str ( "" ) )  Assign ( Name ( "char" ) , Str ( "" ) )  Assign ( Name ( "new_word" ) , Str ( "" ) )  Assign ( Name ( "inserted" ) , Bool ( false ) )  Assign ( Name ( "old_char" ) , Str ( "" ) )  For ( Name ( "char" ) , Name ( "s" ) , If ( Compare ( Name ( "char" ) , CmpOp ( "==" , Str ( " " ) ) ) , AugAssign ( Name ( "result" ) , "+" , Name ( "word" ) )  AugAssign ( Name ( "result" ) , "+" , Str ( " " ) )  Assign ( Name ( "word" ) , Str ( "" ) )  .Stmts , Assign ( Name ( "new_word" ) , Str ( "" ) )  Assign ( Name ( "inserted" ) , Bool ( false ) )  For ( Name ( "old_char" ) , Name ( "word" ) , If ( BoolOp ( "and" , UnaryOp ( "not" , Name ( "inserted" ) ) , Compare ( Name ( "char" ) , CmpOp ( "<" , Name ( "old_char" ) ) ) , .Exprs ) , AugAssign ( Name ( "new_word" ) , "+" , Name ( "char" ) )  Assign ( Name ( "inserted" ) , Bool ( true ) )  .Stmts , .Stmts )  AugAssign ( Name ( "new_word" ) , "+" , Name ( "old_char" ) )  .Stmts )  If ( UnaryOp ( "not" , Name ( "inserted" ) ) , AugAssign ( Name ( "new_word" ) , "+" , Name ( "char" ) )  Assign ( Name ( "inserted" ) , Bool ( true ) )  .Stmts , .Stmts )  Assign ( Name ( "word" ) , Name ( "new_word" ) )  .Stmts )  .Stmts )  AugAssign ( Name ( "result" ) , "+" , Name ( "word" ) )  Return ( Name ( "result" ) )  .Stmts , 0 ) , parent ( -1 ) )
  </scopes>
  <scopeLoc>
    1
  </scopeLoc>
  <heap>
    .Map
  </heap>
  <heapLoc>
    0
  </heapLoc>
  <stack>
    .List
  </stack>
  <ret>
    noRet
  </ret>
  <exc>
    NoExc
  </exc>
  <exit-code>
    0
  </exit-code>
</generatedTop>
