Script started on 2026-07-26 12:17:02-05:00 [<not executed on terminal>]
+ mkdir -p /tmp/audit-work/reconstruction
+ mkdir_rc=0
+ cp /candidate/prompt.py /candidate/prove.sh /candidate/semantic.k /candidate/solution.mpy /candidate/solution.py /candidate/spec.k /candidate/verification.k /tmp/audit-work/reconstruction/
+ copy_candidate_rc=0
+ cp /reference/py2mpy.py /tmp/audit-work/reconstruction/py2mpy.py
+ copy_translator_rc=0
+ python3 /reference/py2mpy.py /tmp/audit-work/reconstruction/solution.py
+ regen_rc=0
+ cmp -s /tmp/audit-work/reconstruction/solution.regenerated.mpy /tmp/audit-work/reconstruction/solution.mpy
+ cmp_rc=0
+ sha256sum /tmp/audit-work/reconstruction/solution.regenerated.mpy /tmp/audit-work/reconstruction/solution.mpy
74c6b868e58611b8799447498c1ad9182b0ab1569f6a477546e42ab920771141  /tmp/audit-work/reconstruction/solution.regenerated.mpy
74c6b868e58611b8799447498c1ad9182b0ab1569f6a477546e42ab920771141  /tmp/audit-work/reconstruction/solution.mpy
+ sha_rc=0
+ python3 /audit-output/evidence/differential_test.py
directed_cases=13
directed[0] input=[1, 11, -1, -11, -12] canonical=[-1, -11, 1, -12, 11] candidate=[-1, -11, 1, -12, 11]
directed[1] input=[] canonical=[] candidate=[]
directed[2] input=[0] canonical=[0] candidate=[0]
directed[3] input=[-1] canonical=[-1] candidate=[-1]
directed[4] input=[1] canonical=[1] candidate=[1]
directed[5] input=[-10, 10, 0, -9, 9] canonical=[-9, -10, 0, 10, 9] candidate=[-9, -10, 0, 10, 9]
directed[6] input=[12, 21, -12, 3] canonical=[-12, 12, 21, 3] candidate=[-12, 12, 21, 3]
directed[7] input=[5, 5, -5, -5, 14, 41, -14, -41] canonical=[-5, -5, -41, -14, 5, 5, 14, 41] candidate=[-5, -5, -41, -14, 5, 5, 14, 41]
directed[8] input=[99, 100, -99, -100, 10, -10] canonical=[-100, -10, -99, 100, 10, 99] candidate=[-100, -10, -99, 100, 10, 99]
directed[9] input=[10000000000000000000000000000000000000000000000000000000000000000000000000000000000000000000000000000, -10000000000000000000000000000000000000000000000000000000000000000000000000000000000000000000000000000, 9999999999999999999999999999999999999999999999999999999999999999999999999999999999999999999999999999, -9999999999999999999999999999999999999999999999999999999999999999999999999999999999999999999999999999] canonical=[-10000000000000000000000000000000000000000000000000000000000000000000000000000000000000000000000000000, 10000000000000000000000000000000000000000000000000000000000000000000000000000000000000000000000000000, -9999999999999999999999999999999999999999999999999999999999999999999999999999999999999999999999999999, 9999999999999999999999999999999999999999999999999999999999999999999999999999999999999999999999999999] candidate=[-10000000000000000000000000000000000000000000000000000000000000000000000000000000000000000000000000000, 10000000000000000000000000000000000000000000000000000000000000000000000000000000000000000000000000000, -9999999999999999999999999999999999999999999999999999999999999999999999999999999999999999999999999999, 9999999999999999999999999999999999999999999999999999999999999999999999999999999999999999999999999999]
directed[10] input=[2, 11, 20, 101, -2, -11, -20, -101] canonical=[-2, -20, -11, -101, 2, 11, 20, 101] candidate=[-2, -20, -11, -101, 2, 11, 20, 101]
directed[11] input=[-40, -39, -38, -37, -36, -35, -34, -33, -32, -31, -30, -29, -28, -27, -26, -25, -24, -23, -22, -21, -20, -19, -18, -17, -16, -15, -14, -13, -12, -11, -10, -9, -8, -7, -6, -5, -4, -3, -2, -1, 0, 1, 2, 3, 4, 5, 6, 7, 8, 9, 10, 11, 12, 13, 14, 15, 16, 17, 18, 19, 20, 21, 22, 23, 24, 25, 26, 27, 28, 29, 30, 31, 32, 33, 34, 35, 36, 37, 38, 39, 40] canonical=[-9, -8, -7, -6, -5, -40, -4, -30, -3, -31, -20, -2, -32, -21, -10, -1, -33, -22, -11, 0, -34, -23, -12, 1, 10, -35, -24, -13, 2, 11, 20, -36, -25, -14, 3, 12, 21, 30, -37, -26, -15, 4, 13, 22, 31, 40, -38, -27, -16, 5, 14, 23, 32, -39, -28, -17, 6, 15, 24, 33, -29, -18, 7, 16, 25, 34, -19, 8, 17, 26, 35, 9, 18, 27, 36, 19, 28, 37, 29, 38, 39] candidate=[-9, -8, -7, -6, -5, -40, -4, -30, -3, -31, -20, -2, -32, -21, -10, -1, -33, -22, -11, 0, -34, -23, -12, 1, 10, -35, -24, -13, 2, 11, 20, -36, -25, -14, 3, 12, 21, 30, -37, -26, -15, 4, 13, 22, 31, 40, -38, -27, -16, 5, 14, 23, 32, -39, -28, -17, 6, 15, 24, 33, -29, -18, 7, 16, 25, 34, -19, 8, 17, 26, 35, 9, 18, 27, 36, 19, 28, 37, 29, 38, 39]
directed[12] input=[40, 39, 38, 37, 36, 35, 34, 33, 32, 31, 30, 29, 28, 27, 26, 25, 24, 23, 22, 21, 20, 19, 18, 17, 16, 15, 14, 13, 12, 11, 10, 9, 8, 7, 6, 5, 4, 3, 2, 1, 0, -1, -2, -3, -4, -5, -6, -7, -8, -9, -10, -11, -12, -13, -14, -15, -16, -17, -18, -19, -20, -21, -22, -23, -24, -25, -26, -27, -28, -29, -30, -31, -32, -33, -34, -35, -36, -37, -38, -39, -40] canonical=[-9, -8, -7, -6, -5, -4, -40, -3, -30, -2, -20, -31, -1, -10, -21, -32, 0, -11, -22, -33, 10, 1, -12, -23, -34, 20, 11, 2, -13, -24, -35, 30, 21, 12, 3, -14, -25, -36, 40, 31, 22, 13, 4, -15, -26, -37, 32, 23, 14, 5, -16, -27, -38, 33, 24, 15, 6, -17, -28, -39, 34, 25, 16, 7, -18, -29, 35, 26, 17, 8, -19, 36, 27, 18, 9, 37, 28, 19, 38, 29, 39] candidate=[-9, -8, -7, -6, -5, -4, -40, -3, -30, -2, -20, -31, -1, -10, -21, -32, 0, -11, -22, -33, 10, 1, -12, -23, -34, 20, 11, 2, -13, -24, -35, 30, 21, 12, 3, -14, -25, -36, 40, 31, 22, 13, 4, -15, -26, -37, 32, 23, 14, 5, -16, -27, -38, 33, 24, 15, 6, -17, -28, -39, 34, 25, 16, 7, -18, -29, 35, 26, 17, 8, -19, 36, 27, 18, 9, 37, 28, 19, 38, 29, 39]
random_seed=14520260726
random_case_rule=5000 lists; length uniform [0,40]; integers uniform [-10^12,10^12]
all_cases_json_sha256=0652053c5999e6d2a8a1852f386296f83ec55d19009c966f7c95a40794205a61
total_cases=5013
mismatch_count=0
+ diff_rc=0
+ set +x
mkdir_exit=0
copy_candidate_exit=0
copy_translator_exit=0
regeneration_exit=0
byte_identity_cmp_exit=0
sha256sum_exit=0
differential_exit=0

Script done on 2026-07-26 12:17:02-05:00 [COMMAND_EXIT_CODE="0"]
