Script started on 2026-07-26 12:19:25-05:00 [TERM="dumb" TTY="/dev/console" COLUMNS="80" LINES="24"]
+ cd /tmp/audit-work/reconstruction
+ cp /audit-output/evidence/spec-labeled.k ./spec-labeled.k
+ copy_labeled_rc=0
+ kompile semantic.k --backend haskell --main-module MPY-SEMANTICS --syntax-module MPY-SYNTAX --output-definition concrete-kompiled
[0m[0m+ concrete_build_rc=0
+ run_one empty 'ListExpr()'
+ case_name=empty
+ input_term='ListExpr()'
+ krun solution.mpy '-cINPUT=ListExpr()' --definition concrete-kompiled
[0m[0m<py>[0m
  <k>[0m
    .K
  </k>[0m
  <program>[0m
    Module[0m ([0m FuncDef[0m ([0m "order_by_points" ,[0m Params[0m ([0m "nums" ,[0m .Ids[0m )[0m ,[0m Return[0m ([0m Call[0m ([0m Name[0m ([0m "sorted" )[0m ,[0m Name[0m ([0m "nums" )[0m ,[0m KwArg[0m ([0m "key" ,[0m Lambda[0m ([0m Params[0m ([0m "n" ,[0m .Ids[0m )[0m ,[0m CellVars[0m ([0m .Ids[0m )[0m ,[0m FreeVars[0m ([0m .Ids[0m )[0m ,[0m BinOp[0m ([0m "-" ,[0m Call[0m ([0m Name[0m ([0m "sum" )[0m ,[0m Call[0m ([0m Name[0m ([0m "map" )[0m ,[0m Name[0m ([0m "int" )[0m ,[0m Call[0m ([0m Name[0m ([0m "str" )[0m ,[0m Call[0m ([0m Name[0m ([0m "abs" )[0m ,[0m Name[0m ([0m "n" )[0m ,[0m .Exprs[0m )[0m ,[0m .Exprs[0m )[0m ,[0m .Exprs[0m )[0m ,[0m .Exprs[0m )[0m ,[0m IfExp[0m ([0m Compare[0m ([0m Name[0m ([0m "n" )[0m ,[0m CmpOp[0m ([0m "<" ,[0m Int[0m ([0m 0 )[0m )[0m ,[0m .CmpOps[0m )[0m ,[0m BinOp[0m ([0m "*" ,[0m Int[0m ([0m 2 )[0m ,[0m Call[0m ([0m Name[0m ([0m "int" )[0m ,[0m Subscript[0m ([0m Call[0m ([0m Name[0m ([0m "str" )[0m ,[0m Call[0m ([0m Name[0m ([0m "abs" )[0m ,[0m Name[0m ([0m "n" )[0m ,[0m .Exprs[0m )[0m ,[0m .Exprs[0m )[0m ,[0m Int[0m ([0m 0 )[0m )[0m ,[0m .Exprs[0m )[0m )[0m ,[0m Int[0m ([0m 0 )[0m )[0m )[0m )[0m )[0m ,[0m .Exprs[0m )[0m )[0m [0m .Stmts[0m )[0m [0m .Stmts[0m )[0m
  </program>[0m
  <input>[0m
    ListExpr[0m ([0m .Exprs[0m )[0m
  </input>[0m
  <output>[0m
    ListVal[0m ([0m .Vals[0m )[0m
  </output>[0m
</py>[0m
+ case_rc=0
+ printf 'krun_case=%s exit=%d\n' empty 0
krun_case=empty exit=0
+ return 0
+ krun_empty_rc=0
+ run_one prompt 'ListExpr(Int(1), Int(11), Int(-1), Int(-11), Int(-12))'
+ case_name=prompt
+ input_term='ListExpr(Int(1), Int(11), Int(-1), Int(-11), Int(-12))'
+ krun solution.mpy '-cINPUT=ListExpr(Int(1), Int(11), Int(-1), Int(-11), Int(-12))' --definition concrete-kompiled
[0m[0m<py>[0m
  <k>[0m
    .K
  </k>[0m
  <program>[0m
    Module[0m ([0m FuncDef[0m ([0m "order_by_points" ,[0m Params[0m ([0m "nums" ,[0m .Ids[0m )[0m ,[0m Return[0m ([0m Call[0m ([0m Name[0m ([0m "sorted" )[0m ,[0m Name[0m ([0m "nums" )[0m ,[0m KwArg[0m ([0m "key" ,[0m Lambda[0m ([0m Params[0m ([0m "n" ,[0m .Ids[0m )[0m ,[0m CellVars[0m ([0m .Ids[0m )[0m ,[0m FreeVars[0m ([0m .Ids[0m )[0m ,[0m BinOp[0m ([0m "-" ,[0m Call[0m ([0m Name[0m ([0m "sum" )[0m ,[0m Call[0m ([0m Name[0m ([0m "map" )[0m ,[0m Name[0m ([0m "int" )[0m ,[0m Call[0m ([0m Name[0m ([0m "str" )[0m ,[0m Call[0m ([0m Name[0m ([0m "abs" )[0m ,[0m Name[0m ([0m "n" )[0m ,[0m .Exprs[0m )[0m ,[0m .Exprs[0m )[0m ,[0m .Exprs[0m )[0m ,[0m .Exprs[0m )[0m ,[0m IfExp[0m ([0m Compare[0m ([0m Name[0m ([0m "n" )[0m ,[0m CmpOp[0m ([0m "<" ,[0m Int[0m ([0m 0 )[0m )[0m ,[0m .CmpOps[0m )[0m ,[0m BinOp[0m ([0m "*" ,[0m Int[0m ([0m 2 )[0m ,[0m Call[0m ([0m Name[0m ([0m "int" )[0m ,[0m Subscript[0m ([0m Call[0m ([0m Name[0m ([0m "str" )[0m ,[0m Call[0m ([0m Name[0m ([0m "abs" )[0m ,[0m Name[0m ([0m "n" )[0m ,[0m .Exprs[0m )[0m ,[0m .Exprs[0m )[0m ,[0m Int[0m ([0m 0 )[0m )[0m ,[0m .Exprs[0m )[0m )[0m ,[0m Int[0m ([0m 0 )[0m )[0m )[0m )[0m )[0m ,[0m .Exprs[0m )[0m )[0m [0m .Stmts[0m )[0m [0m .Stmts[0m )[0m
  </program>[0m
  <input>[0m
    ListExpr[0m ([0m Int[0m ([0m 1 )[0m ,[0m Int[0m ([0m 11 )[0m ,[0m Int[0m ([0m -1 )[0m ,[0m Int[0m ([0m -11 )[0m ,[0m Int[0m ([0m -12 )[0m ,[0m .Exprs[0m )[0m
  </input>[0m
  <output>[0m
    ListVal[0m ([0m IntVal[0m ([0m -1 )[0m ,[0m IntVal[0m ([0m -11 )[0m ,[0m IntVal[0m ([0m 1 )[0m ,[0m IntVal[0m ([0m -12 )[0m ,[0m IntVal[0m ([0m 11 )[0m ,[0m .Vals[0m )[0m
  </output>[0m
</py>[0m
+ case_rc=0
+ printf 'krun_case=%s exit=%d\n' prompt 0
krun_case=prompt exit=0
+ return 0
+ krun_prompt_rc=0
+ run_one branches 'ListExpr(Int(0), Int(-1), Int(1), Int(-10), Int(10), Int(99), Int(-99))'
+ case_name=branches
+ input_term='ListExpr(Int(0), Int(-1), Int(1), Int(-10), Int(10), Int(99), Int(-99))'
+ krun solution.mpy '-cINPUT=ListExpr(Int(0), Int(-1), Int(1), Int(-10), Int(10), Int(99), Int(-99))' --definition concrete-kompiled
[0m[0m<py>[0m
  <k>[0m
    .K
  </k>[0m
  <program>[0m
    Module[0m ([0m FuncDef[0m ([0m "order_by_points" ,[0m Params[0m ([0m "nums" ,[0m .Ids[0m )[0m ,[0m Return[0m ([0m Call[0m ([0m Name[0m ([0m "sorted" )[0m ,[0m Name[0m ([0m "nums" )[0m ,[0m KwArg[0m ([0m "key" ,[0m Lambda[0m ([0m Params[0m ([0m "n" ,[0m .Ids[0m )[0m ,[0m CellVars[0m ([0m .Ids[0m )[0m ,[0m FreeVars[0m ([0m .Ids[0m )[0m ,[0m BinOp[0m ([0m "-" ,[0m Call[0m ([0m Name[0m ([0m "sum" )[0m ,[0m Call[0m ([0m Name[0m ([0m "map" )[0m ,[0m Name[0m ([0m "int" )[0m ,[0m Call[0m ([0m Name[0m ([0m "str" )[0m ,[0m Call[0m ([0m Name[0m ([0m "abs" )[0m ,[0m Name[0m ([0m "n" )[0m ,[0m .Exprs[0m )[0m ,[0m .Exprs[0m )[0m ,[0m .Exprs[0m )[0m ,[0m .Exprs[0m )[0m ,[0m IfExp[0m ([0m Compare[0m ([0m Name[0m ([0m "n" )[0m ,[0m CmpOp[0m ([0m "<" ,[0m Int[0m ([0m 0 )[0m )[0m ,[0m .CmpOps[0m )[0m ,[0m BinOp[0m ([0m "*" ,[0m Int[0m ([0m 2 )[0m ,[0m Call[0m ([0m Name[0m ([0m "int" )[0m ,[0m Subscript[0m ([0m Call[0m ([0m Name[0m ([0m "str" )[0m ,[0m Call[0m ([0m Name[0m ([0m "abs" )[0m ,[0m Name[0m ([0m "n" )[0m ,[0m .Exprs[0m )[0m ,[0m .Exprs[0m )[0m ,[0m Int[0m ([0m 0 )[0m )[0m ,[0m .Exprs[0m )[0m )[0m ,[0m Int[0m ([0m 0 )[0m )[0m )[0m )[0m )[0m ,[0m .Exprs[0m )[0m )[0m [0m .Stmts[0m )[0m [0m .Stmts[0m )[0m
  </program>[0m
  <input>[0m
    ListExpr[0m ([0m Int[0m ([0m 0 )[0m ,[0m Int[0m ([0m -1 )[0m ,[0m Int[0m ([0m 1 )[0m ,[0m Int[0m ([0m -10 )[0m ,[0m Int[0m ([0m 10 )[0m ,[0m Int[0m ([0m 99 )[0m ,[0m Int[0m ([0m -99 )[0m ,[0m .Exprs[0m )[0m
  </input>[0m
  <output>[0m
    ListVal[0m ([0m IntVal[0m ([0m -1 )[0m ,[0m IntVal[0m ([0m -10 )[0m ,[0m IntVal[0m ([0m 0 )[0m ,[0m IntVal[0m ([0m -99 )[0m ,[0m IntVal[0m ([0m 1 )[0m ,[0m IntVal[0m ([0m 10 )[0m ,[0m IntVal[0m ([0m 99 )[0m ,[0m .Vals[0m )[0m
  </output>[0m
</py>[0m
+ case_rc=0
+ printf 'krun_case=%s exit=%d\n' branches 0
krun_case=branches exit=0
+ return 0
+ krun_branches_rc=0
+ run_one stability 'ListExpr(Int(5), Int(5), Int(-5), Int(-5), Int(14), Int(41), Int(-14), Int(-41))'
+ case_name=stability
+ input_term='ListExpr(Int(5), Int(5), Int(-5), Int(-5), Int(14), Int(41), Int(-14), Int(-41))'
+ krun solution.mpy '-cINPUT=ListExpr(Int(5), Int(5), Int(-5), Int(-5), Int(14), Int(41), Int(-14), Int(-41))' --definition concrete-kompiled
[0m[0m<py>[0m
  <k>[0m
    .K
  </k>[0m
  <program>[0m
    Module[0m ([0m FuncDef[0m ([0m "order_by_points" ,[0m Params[0m ([0m "nums" ,[0m .Ids[0m )[0m ,[0m Return[0m ([0m Call[0m ([0m Name[0m ([0m "sorted" )[0m ,[0m Name[0m ([0m "nums" )[0m ,[0m KwArg[0m ([0m "key" ,[0m Lambda[0m ([0m Params[0m ([0m "n" ,[0m .Ids[0m )[0m ,[0m CellVars[0m ([0m .Ids[0m )[0m ,[0m FreeVars[0m ([0m .Ids[0m )[0m ,[0m BinOp[0m ([0m "-" ,[0m Call[0m ([0m Name[0m ([0m "sum" )[0m ,[0m Call[0m ([0m Name[0m ([0m "map" )[0m ,[0m Name[0m ([0m "int" )[0m ,[0m Call[0m ([0m Name[0m ([0m "str" )[0m ,[0m Call[0m ([0m Name[0m ([0m "abs" )[0m ,[0m Name[0m ([0m "n" )[0m ,[0m .Exprs[0m )[0m ,[0m .Exprs[0m )[0m ,[0m .Exprs[0m )[0m ,[0m .Exprs[0m )[0m ,[0m IfExp[0m ([0m Compare[0m ([0m Name[0m ([0m "n" )[0m ,[0m CmpOp[0m ([0m "<" ,[0m Int[0m ([0m 0 )[0m )[0m ,[0m .CmpOps[0m )[0m ,[0m BinOp[0m ([0m "*" ,[0m Int[0m ([0m 2 )[0m ,[0m Call[0m ([0m Name[0m ([0m "int" )[0m ,[0m Subscript[0m ([0m Call[0m ([0m Name[0m ([0m "str" )[0m ,[0m Call[0m ([0m Name[0m ([0m "abs" )[0m ,[0m Name[0m ([0m "n" )[0m ,[0m .Exprs[0m )[0m ,[0m .Exprs[0m )[0m ,[0m Int[0m ([0m 0 )[0m )[0m ,[0m .Exprs[0m )[0m )[0m ,[0m Int[0m ([0m 0 )[0m )[0m )[0m )[0m )[0m ,[0m .Exprs[0m )[0m )[0m [0m .Stmts[0m )[0m [0m .Stmts[0m )[0m
  </program>[0m
  <input>[0m
    ListExpr[0m ([0m Int[0m ([0m 5 )[0m ,[0m Int[0m ([0m 5 )[0m ,[0m Int[0m ([0m -5 )[0m ,[0m Int[0m ([0m -5 )[0m ,[0m Int[0m ([0m 14 )[0m ,[0m Int[0m ([0m 41 )[0m ,[0m Int[0m ([0m -14 )[0m ,[0m Int[0m ([0m -41 )[0m ,[0m .Exprs[0m )[0m
  </input>[0m
  <output>[0m
    ListVal[0m ([0m IntVal[0m ([0m -5 )[0m ,[0m IntVal[0m ([0m -5 )[0m ,[0m IntVal[0m ([0m -41 )[0m ,[0m IntVal[0m ([0m -14 )[0m ,[0m IntVal[0m ([0m 5 )[0m ,[0m IntVal[0m ([0m 5 )[0m ,[0m IntVal[0m ([0m 14 )[0m ,[0m IntVal[0m ([0m 41 )[0m ,[0m .Vals[0m )[0m
  </output>[0m
</py>[0m
+ case_rc=0
+ printf 'krun_case=%s exit=%d\n' stability 0
krun_case=stability exit=0
+ return 0
+ krun_stability_rc=0
+ run_one recursive 'ListExpr(Int(29), Int(-7), Int(11), Int(-100), Int(20), Int(-11))'
+ case_name=recursive
+ input_term='ListExpr(Int(29), Int(-7), Int(11), Int(-100), Int(20), Int(-11))'
+ krun solution.mpy '-cINPUT=ListExpr(Int(29), Int(-7), Int(11), Int(-100), Int(20), Int(-11))' --definition concrete-kompiled
[0m[0m<py>[0m
  <k>[0m
    .K
  </k>[0m
  <program>[0m
    Module[0m ([0m FuncDef[0m ([0m "order_by_points" ,[0m Params[0m ([0m "nums" ,[0m .Ids[0m )[0m ,[0m Return[0m ([0m Call[0m ([0m Name[0m ([0m "sorted" )[0m ,[0m Name[0m ([0m "nums" )[0m ,[0m KwArg[0m ([0m "key" ,[0m Lambda[0m ([0m Params[0m ([0m "n" ,[0m .Ids[0m )[0m ,[0m CellVars[0m ([0m .Ids[0m )[0m ,[0m FreeVars[0m ([0m .Ids[0m )[0m ,[0m BinOp[0m ([0m "-" ,[0m Call[0m ([0m Name[0m ([0m "sum" )[0m ,[0m Call[0m ([0m Name[0m ([0m "map" )[0m ,[0m Name[0m ([0m "int" )[0m ,[0m Call[0m ([0m Name[0m ([0m "str" )[0m ,[0m Call[0m ([0m Name[0m ([0m "abs" )[0m ,[0m Name[0m ([0m "n" )[0m ,[0m .Exprs[0m )[0m ,[0m .Exprs[0m )[0m ,[0m .Exprs[0m )[0m ,[0m .Exprs[0m )[0m ,[0m IfExp[0m ([0m Compare[0m ([0m Name[0m ([0m "n" )[0m ,[0m CmpOp[0m ([0m "<" ,[0m Int[0m ([0m 0 )[0m )[0m ,[0m .CmpOps[0m )[0m ,[0m BinOp[0m ([0m "*" ,[0m Int[0m ([0m 2 )[0m ,[0m Call[0m ([0m Name[0m ([0m "int" )[0m ,[0m Subscript[0m ([0m Call[0m ([0m Name[0m ([0m "str" )[0m ,[0m Call[0m ([0m Name[0m ([0m "abs" )[0m ,[0m Name[0m ([0m "n" )[0m ,[0m .Exprs[0m )[0m ,[0m .Exprs[0m )[0m ,[0m Int[0m ([0m 0 )[0m )[0m ,[0m .Exprs[0m )[0m )[0m ,[0m Int[0m ([0m 0 )[0m )[0m )[0m )[0m )[0m ,[0m .Exprs[0m )[0m )[0m [0m .Stmts[0m )[0m [0m .Stmts[0m )[0m
  </program>[0m
  <input>[0m
    ListExpr[0m ([0m Int[0m ([0m 29 )[0m ,[0m Int[0m ([0m -7 )[0m ,[0m Int[0m ([0m 11 )[0m ,[0m Int[0m ([0m -100 )[0m ,[0m Int[0m ([0m 20 )[0m ,[0m Int[0m ([0m -11 )[0m ,[0m .Exprs[0m )[0m
  </input>[0m
  <output>[0m
    ListVal[0m ([0m IntVal[0m ([0m -7 )[0m ,[0m IntVal[0m ([0m -100 )[0m ,[0m IntVal[0m ([0m -11 )[0m ,[0m IntVal[0m ([0m 11 )[0m ,[0m IntVal[0m ([0m 20 )[0m ,[0m IntVal[0m ([0m 29 )[0m ,[0m .Vals[0m )[0m
  </output>[0m
</py>[0m
+ case_rc=0
+ printf 'krun_case=%s exit=%d\n' recursive 0
krun_case=recursive exit=0
+ return 0
+ krun_recursive_rc=0
+ python3 -c 'import solution; cases=[[],[1,11,-1,-11,-12],[0,-1,1,-10,10,99,-99],[5,5,-5,-5,14,41,-14,-41],[29,-7,11,-100,20,-11]]; [print(f"python_case={x!r} output={solution.order_by_points(x)!r}") for x in cases]'
python_case=[] output=[]
python_case=[1, 11, -1, -11, -12] output=[-1, -11, 1, -12, 11]
python_case=[0, -1, 1, -10, 10, 99, -99] output=[-1, -10, 0, -99, 1, 10, 99]
python_case=[5, 5, -5, -5, 14, 41, -14, -41] output=[-5, -5, -41, -14, 5, 5, 14, 41]
python_case=[29, -7, 11, -100, 20, -11] output=[-7, -100, -11, 11, 20, 29]
+ python_compare_rc=0
+ kompile verification.k --backend haskell --main-module VERIFICATION --syntax-module MPY-SYNTAX --output-definition verification-kompiled
[0m[0m+ proof_build_rc=0
+ claim_failures=0
+ for claim in c01-score-neg12 c02-score-neg11 c03-score-neg1 c04-score-11 c05-invoke c06-sort-empty c07-sort-single c08-insert-le c09-insert-gt c10-example c11-empty c12-stability c13-is-ordered
+ kprove spec-labeled.k --definition verification-kompiled --spec-module SPEC-LABELED --claims 'SPEC-LABELED.label(c01-score-neg12)'
kore-exec: [252916] Warning (WarnTrivialClaim):
    Claim proven without rewriting at: /tmp/audit-work/reconstruction/spec-labeled.k:7:9-12:14
#Top
[0m[0m+ claim_rc=0
+ printf 'claim=%s exit=%d\n' c01-score-neg12 0
claim=c01-score-neg12 exit=0
+ test 0 -ne 0
+ for claim in c01-score-neg12 c02-score-neg11 c03-score-neg1 c04-score-11 c05-invoke c06-sort-empty c07-sort-single c08-insert-le c09-insert-gt c10-example c11-empty c12-stability c13-is-ordered
+ kprove spec-labeled.k --definition verification-kompiled --spec-module SPEC-LABELED --claims 'SPEC-LABELED.label(c02-score-neg11)'
kore-exec: [247137] Warning (WarnTrivialClaim):
    Claim proven without rewriting at: /tmp/audit-work/reconstruction/spec-labeled.k:14:9-19:14
#Top
[0m[0m+ claim_rc=0
+ printf 'claim=%s exit=%d\n' c02-score-neg11 0
claim=c02-score-neg11 exit=0
+ test 0 -ne 0
+ for claim in c01-score-neg12 c02-score-neg11 c03-score-neg1 c04-score-11 c05-invoke c06-sort-empty c07-sort-single c08-insert-le c09-insert-gt c10-example c11-empty c12-stability c13-is-ordered
+ kprove spec-labeled.k --definition verification-kompiled --spec-module SPEC-LABELED --claims 'SPEC-LABELED.label(c03-score-neg1)'
kore-exec: [252013] Warning (WarnTrivialClaim):
    Claim proven without rewriting at: /tmp/audit-work/reconstruction/spec-labeled.k:21:9-26:14
#Top
[0m[0m+ claim_rc=0
+ printf 'claim=%s exit=%d\n' c03-score-neg1 0
claim=c03-score-neg1 exit=0
+ test 0 -ne 0
+ for claim in c01-score-neg12 c02-score-neg11 c03-score-neg1 c04-score-11 c05-invoke c06-sort-empty c07-sort-single c08-insert-le c09-insert-gt c10-example c11-empty c12-stability c13-is-ordered
+ kprove spec-labeled.k --definition verification-kompiled --spec-module SPEC-LABELED --claims 'SPEC-LABELED.label(c04-score-11)'
kore-exec: [242451] Warning (WarnTrivialClaim):
    Claim proven without rewriting at: /tmp/audit-work/reconstruction/spec-labeled.k:28:9-33:14
#Top
[0m[0m+ claim_rc=0
+ printf 'claim=%s exit=%d\n' c04-score-11 0
claim=c04-score-11 exit=0
+ test 0 -ne 0
+ for claim in c01-score-neg12 c02-score-neg11 c03-score-neg1 c04-score-11 c05-invoke c06-sort-empty c07-sort-single c08-insert-le c09-insert-gt c10-example c11-empty c12-stability c13-is-ordered
+ kprove spec-labeled.k --definition verification-kompiled --spec-module SPEC-LABELED --claims 'SPEC-LABELED.label(c05-invoke)'
kore-exec: [258199] Warning (WarnTrivialClaim):
    Claim proven without rewriting at: /tmp/audit-work/reconstruction/spec-labeled.k:36:9-44:14
#Top
[0m[0m+ claim_rc=0
+ printf 'claim=%s exit=%d\n' c05-invoke 0
claim=c05-invoke exit=0
+ test 0 -ne 0
+ for claim in c01-score-neg12 c02-score-neg11 c03-score-neg1 c04-score-11 c05-invoke c06-sort-empty c07-sort-single c08-insert-le c09-insert-gt c10-example c11-empty c12-stability c13-is-ordered
+ kprove spec-labeled.k --definition verification-kompiled --spec-module SPEC-LABELED --claims 'SPEC-LABELED.label(c06-sort-empty)'
kore-exec: [242776] Warning (WarnTrivialClaim):
    Claim proven without rewriting at: /tmp/audit-work/reconstruction/spec-labeled.k:47:9-52:14
#Top
[0m[0m+ claim_rc=0
+ printf 'claim=%s exit=%d\n' c06-sort-empty 0
claim=c06-sort-empty exit=0
+ test 0 -ne 0
+ for claim in c01-score-neg12 c02-score-neg11 c03-score-neg1 c04-score-11 c05-invoke c06-sort-empty c07-sort-single c08-insert-le c09-insert-gt c10-example c11-empty c12-stability c13-is-ordered
+ kprove spec-labeled.k --definition verification-kompiled --spec-module SPEC-LABELED --claims 'SPEC-LABELED.label(c07-sort-single)'
kore-exec: [247012] Warning (WarnTrivialClaim):
    Claim proven without rewriting at: /tmp/audit-work/reconstruction/spec-labeled.k:55:9-63:14
#Top
[0m[0m+ claim_rc=0
+ printf 'claim=%s exit=%d\n' c07-sort-single 0
claim=c07-sort-single exit=0
+ test 0 -ne 0
+ for claim in c01-score-neg12 c02-score-neg11 c03-score-neg1 c04-score-11 c05-invoke c06-sort-empty c07-sort-single c08-insert-le c09-insert-gt c10-example c11-empty c12-stability c13-is-ordered
+ kprove spec-labeled.k --definition verification-kompiled --spec-module SPEC-LABELED --claims 'SPEC-LABELED.label(c08-insert-le)'
kore-exec: [266059] Warning (WarnTrivialClaim):
    Claim proven without rewriting at: /tmp/audit-work/reconstruction/spec-labeled.k:66:9-76:47
#Top
[0m[0m+ claim_rc=0
+ printf 'claim=%s exit=%d\n' c08-insert-le 0
claim=c08-insert-le exit=0
+ test 0 -ne 0
+ for claim in c01-score-neg12 c02-score-neg11 c03-score-neg1 c04-score-11 c05-invoke c06-sort-empty c07-sort-single c08-insert-le c09-insert-gt c10-example c11-empty c12-stability c13-is-ordered
+ kprove spec-labeled.k --definition verification-kompiled --spec-module SPEC-LABELED --claims 'SPEC-LABELED.label(c09-insert-gt)'
kore-exec: [260254] Warning (WarnTrivialClaim):
    Claim proven without rewriting at: /tmp/audit-work/reconstruction/spec-labeled.k:79:9-89:46
#Top
[0m[0m+ claim_rc=0
+ printf 'claim=%s exit=%d\n' c09-insert-gt 0
claim=c09-insert-gt exit=0
+ test 0 -ne 0
+ for claim in c01-score-neg12 c02-score-neg11 c03-score-neg1 c04-score-11 c05-invoke c06-sort-empty c07-sort-single c08-insert-le c09-insert-gt c10-example c11-empty c12-stability c13-is-ordered
+ kprove spec-labeled.k --definition verification-kompiled --spec-module SPEC-LABELED --claims 'SPEC-LABELED.label(c10-example)'
#Top
[0m[0m+ claim_rc=0
+ printf 'claim=%s exit=%d\n' c10-example 0
claim=c10-example exit=0
+ test 0 -ne 0
+ for claim in c01-score-neg12 c02-score-neg11 c03-score-neg1 c04-score-11 c05-invoke c06-sort-empty c07-sort-single c08-insert-le c09-insert-gt c10-example c11-empty c12-stability c13-is-ordered
+ kprove spec-labeled.k --definition verification-kompiled --spec-module SPEC-LABELED --claims 'SPEC-LABELED.label(c11-empty)'
#Top
[0m[0m+ claim_rc=0
+ printf 'claim=%s exit=%d\n' c11-empty 0
claim=c11-empty exit=0
+ test 0 -ne 0
+ for claim in c01-score-neg12 c02-score-neg11 c03-score-neg1 c04-score-11 c05-invoke c06-sort-empty c07-sort-single c08-insert-le c09-insert-gt c10-example c11-empty c12-stability c13-is-ordered
+ kprove spec-labeled.k --definition verification-kompiled --spec-module SPEC-LABELED --claims 'SPEC-LABELED.label(c12-stability)'
#Top
[0m[0m+ claim_rc=0
+ printf 'claim=%s exit=%d\n' c12-stability 0
claim=c12-stability exit=0
+ test 0 -ne 0
+ for claim in c01-score-neg12 c02-score-neg11 c03-score-neg1 c04-score-11 c05-invoke c06-sort-empty c07-sort-single c08-insert-le c09-insert-gt c10-example c11-empty c12-stability c13-is-ordered
+ kprove spec-labeled.k --definition verification-kompiled --spec-module SPEC-LABELED --claims 'SPEC-LABELED.label(c13-is-ordered)'
kore-exec: [273737] Warning (WarnTrivialClaim):
    Claim proven without rewriting at: /tmp/audit-work/reconstruction/spec-labeled.k:123:9-132:14
#Top
[0m[0m+ claim_rc=0
+ printf 'claim=%s exit=%d\n' c13-is-ordered 0
claim=c13-is-ordered exit=0
+ test 0 -ne 0
+ kprove spec.k --definition verification-kompiled --spec-module SPEC
kore-exec: [333809] Warning (WarnTrivialClaim):
    Claim proven without rewriting at: /tmp/audit-work/reconstruction/spec.k:7:9-12:14
kore-exec: [335428] Warning (WarnTrivialClaim):
    Claim proven without rewriting at: /tmp/audit-work/reconstruction/spec.k:13:9-18:14
kore-exec: [336845] Warning (WarnTrivialClaim):
    Claim proven without rewriting at: /tmp/audit-work/reconstruction/spec.k:19:9-24:14
kore-exec: [338247] Warning (WarnTrivialClaim):
    Claim proven without rewriting at: /tmp/audit-work/reconstruction/spec.k:25:9-30:14
kore-exec: [343130] Warning (WarnTrivialClaim):
    Claim proven without rewriting at: /tmp/audit-work/reconstruction/spec.k:34:9-42:14
kore-exec: [344788] Warning (WarnTrivialClaim):
    Claim proven without rewriting at: /tmp/audit-work/reconstruction/spec.k:46:9-51:14
kore-exec: [347166] Warning (WarnTrivialClaim):
    Claim proven without rewriting at: /tmp/audit-work/reconstruction/spec.k:53:9-61:14
kore-exec: [356013] Warning (WarnTrivialClaim):
    Claim proven without rewriting at: /tmp/audit-work/reconstruction/spec.k:63:9-73:47
kore-exec: [361105] Warning (WarnTrivialClaim):
    Claim proven without rewriting at: /tmp/audit-work/reconstruction/spec.k:75:9-85:46
kore-exec: [486494] Warning (WarnTrivialClaim):
    Claim proven without rewriting at: /tmp/audit-work/reconstruction/spec.k:116:9-125:14
#Top
[0m[0m+ original_spec_rc=0
+ set +x
copy_labeled_exit=0
concrete_build_exit=0
krun_empty_exit=0
krun_prompt_exit=0
krun_branches_exit=0
krun_stability_exit=0
krun_recursive_exit=0
python_compare_exit=0
proof_build_exit=0
claim_failures=0
original_spec_exit=0

Script done on 2026-07-26 12:19:59-05:00 [COMMAND_EXIT_CODE="0"]
