Script started on 2026-07-29 15:38:13-05:00 [<not executed on terminal>]
#Top
[Warning] Compiler: Variable '?FINALSCOPES' defined but not used. Prefix
variable name with underscore if this is intentional.
	Source(/tmp/audit-work/scratch/proof/ground-spec.k)
	Location(21,7,21,19)
	21 |	      ?FINALSCOPES:Map
	   .	      ^~~~~~~~~~~~
[Warning] Compiler: Variable 'As' defined but not used. Prefix variable name
with underscore if this is intentional.
	Source(/tmp/audit-work/scratch/proof/reference-semantics/semantics/str.k)
	Location(52,27,52,29)
	52 |	  rule strLt(iCons(A:Int, As:IntSeq), iCons(B:Int, Bs:IntSeq)) => true   
      requires A  <Int B
	   .	                          ^~
[Warning] Compiler: Variable 'Bs' defined but not used. Prefix variable name
with underscore if this is intentional.
	Source(/tmp/audit-work/scratch/proof/reference-semantics/semantics/str.k)
	Location(52,52,52,54)
	52 |	  rule strLt(iCons(A:Int, As:IntSeq), iCons(B:Int, Bs:IntSeq)) => true   
      requires A  <Int B
	   .	                                                   ^~
[Warning] Compiler: Variable 'As' defined but not used. Prefix variable name
with underscore if this is intentional.
	Source(/tmp/audit-work/scratch/proof/reference-semantics/semantics/str.k)
	Location(53,27,53,29)
	53 |	  rule strLt(iCons(A:Int, As:IntSeq), iCons(B:Int, Bs:IntSeq)) => false  
      requires A  >Int B
	   .	                          ^~
[Warning] Compiler: Variable 'Bs' defined but not used. Prefix variable name
with underscore if this is intentional.
	Source(/tmp/audit-work/scratch/proof/reference-semantics/semantics/str.k)
	Location(53,52,53,54)
	53 |	  rule strLt(iCons(A:Int, As:IntSeq), iCons(B:Int, Bs:IntSeq)) => false  
      requires A  >Int B
	   .	                                                   ^~
[0m[0m
Script done on 2026-07-29 15:38:17-05:00 [COMMAND_EXIT_CODE="0"]
