STAGE 3 CLEAN PROOF RECONSTRUCTION
$ test \! -e concrete-kompiled
[exit 0]
$ test \! -e proof-kompiled
[exit 0]
$ kompile semantic.k --backend haskell --main-module MPY --syntax-module MPY-SYNTAX --output-definition concrete-kompiled
[exit 0]
$ kompile semantic.k --backend haskell --main-module VERIFICATION --syntax-module MPY-SYNTAX --output-definition proof-kompiled
[exit 0]
fresh definition identity
$ cat concrete-kompiled/mainModule.txt
MPY[exit 0]
$ cat proof-kompiled/mainModule.txt
VERIFICATION[exit 0]
$ sha256sum concrete-kompiled/definition.kore proof-kompiled/definition.kore
0a8a9308c5be7371de1dca9094b92162fd243b733e55309eef20cb06aafda46f  concrete-kompiled/definition.kore
1a05a739f5ad0cf027004dad04ad5854532ebb155c87685513dc8ae3f2dddea8  proof-kompiled/definition.kore
[exit 0]
$ python3 /audit-output/evidence/make_run_term.py 12 15 run-normal_prompt_example.mpy
[exit 0]
$ python3 /audit-output/evidence/concrete_oracle.py 12 15 14
x=12 y=15 expected=14 canonical=14 generated=14
[exit 0]
$ krun run-normal_prompt_example.mpy --definition concrete-kompiled | tee run-normal_prompt_example.out
<k>
  VInt ( 14 ) ~> .K
</k>
[exit 0]
$ grep -F VInt\ \(\ 14\ \) run-normal_prompt_example.out
  VInt ( 14 ) ~> .K
[exit 0]
$ python3 /audit-output/evidence/make_run_term.py 13 12 run-empty_interval.mpy
[exit 0]
$ python3 /audit-output/evidence/concrete_oracle.py 13 12 -1
x=13 y=12 expected=-1 canonical=-1 generated=-1
[exit 0]
$ krun run-empty_interval.mpy --definition concrete-kompiled | tee run-empty_interval.out
<k>
  VInt ( -1 ) ~> .K
</k>
[exit 0]
$ grep -F VInt\ \(\ -1\ \) run-empty_interval.out
  VInt ( -1 ) ~> .K
[exit 0]
$ python3 /audit-output/evidence/make_run_term.py 13 13 run-odd_singleton.mpy
[exit 0]
$ python3 /audit-output/evidence/concrete_oracle.py 13 13 -1
x=13 y=13 expected=-1 canonical=-1 generated=-1
[exit 0]
$ krun run-odd_singleton.mpy --definition concrete-kompiled | tee run-odd_singleton.out
<k>
  VInt ( -1 ) ~> .K
</k>
[exit 0]
$ grep -F VInt\ \(\ -1\ \) run-odd_singleton.out
  VInt ( -1 ) ~> .K
[exit 0]
$ python3 /audit-output/evidence/make_run_term.py 12 12 run-even_singleton.mpy
[exit 0]
$ python3 /audit-output/evidence/concrete_oracle.py 12 12 12
x=12 y=12 expected=12 canonical=12 generated=12
[exit 0]
$ krun run-even_singleton.mpy --definition concrete-kompiled | tee run-even_singleton.out
<k>
  VInt ( 12 ) ~> .K
</k>
[exit 0]
$ grep -F VInt\ \(\ 12\ \) run-even_singleton.out
  VInt ( 12 ) ~> .K
[exit 0]
$ python3 /audit-output/evidence/make_run_term.py 1 2 run-smallest_even_endpoint.mpy
[exit 0]
$ python3 /audit-output/evidence/concrete_oracle.py 1 2 2
x=1 y=2 expected=2 canonical=2 generated=2
[exit 0]
$ krun run-smallest_even_endpoint.mpy --definition concrete-kompiled | tee run-smallest_even_endpoint.out
<k>
  VInt ( 2 ) ~> .K
</k>
[exit 0]
$ grep -F VInt\ \(\ 2\ \) run-smallest_even_endpoint.out
  VInt ( 2 ) ~> .K
[exit 0]
$ python3 /audit-output/evidence/make_run_term.py 2 3 run-odd_upper_with_room.mpy
[exit 0]
$ python3 /audit-output/evidence/concrete_oracle.py 2 3 2
x=2 y=3 expected=2 canonical=2 generated=2
[exit 0]
$ krun run-odd_upper_with_room.mpy --definition concrete-kompiled | tee run-odd_upper_with_room.out
<k>
  VInt ( 2 ) ~> .K
</k>
[exit 0]
$ grep -F VInt\ \(\ 2\ \) run-odd_upper_with_room.out
  VInt ( 2 ) ~> .K
[exit 0]
$ python3 /audit-output/evidence/make_run_term.py 1 1 run-smallest_positive_boundary.mpy
[exit 0]
$ python3 /audit-output/evidence/concrete_oracle.py 1 1 -1
x=1 y=1 expected=-1 canonical=-1 generated=-1
[exit 0]
$ krun run-smallest_positive_boundary.mpy --definition concrete-kompiled | tee run-smallest_positive_boundary.out
<k>
  VInt ( -1 ) ~> .K
</k>
[exit 0]
$ grep -F VInt\ \(\ -1\ \) run-smallest_positive_boundary.out
  VInt ( -1 ) ~> .K
[exit 0]
$ python3 /audit-output/evidence/make_run_term.py 999999999999 1000000000000 run-large_boundary.mpy
[exit 0]
$ python3 /audit-output/evidence/concrete_oracle.py 999999999999 1000000000000 1000000000000
x=999999999999 y=1000000000000 expected=1000000000000 canonical=1000000000000 generated=1000000000000
[exit 0]
$ krun run-large_boundary.mpy --definition concrete-kompiled | tee run-large_boundary.out
<k>
  VInt ( 1000000000000 ) ~> .K
</k>
[exit 0]
$ grep -F VInt\ \(\ 1000000000000\ \) run-large_boundary.out
  VInt ( 1000000000000 ) ~> .K
[exit 0]
original aggregate target proof
$ kprove spec.k --definition proof-kompiled --spec-module SPEC
#Top
[exit 0]
eight independent positive target-proof claims
$ kprove spec-01.k --definition proof-kompiled --spec-module SPEC01
#Top
[exit 0]
$ kprove spec-02.k --definition proof-kompiled --spec-module SPEC02
#Top
[exit 0]
$ kprove spec-03.k --definition proof-kompiled --spec-module SPEC03
#Top
[exit 0]
$ kprove spec-04.k --definition proof-kompiled --spec-module SPEC04
#Top
[exit 0]
$ kprove spec-05.k --definition proof-kompiled --spec-module SPEC05
#Top
[exit 0]
$ kprove spec-06.k --definition proof-kompiled --spec-module SPEC06
#Top
[exit 0]
$ kprove spec-07.k --definition proof-kompiled --spec-module SPEC07
#Top
[exit 0]
$ kprove spec-08.k --definition proof-kompiled --spec-module SPEC08
#Top
[exit 0]
stage3_status=0
