Script started on 2026-07-23 09:49:29-05:00 [<not executed on terminal>]
CASE=empty/base-branch
INPUT=[]
COMMAND=krun /tmp/audit-work/src/solution.mpy --definition /tmp/audit-work/build/semantic-kompiled '-cENTRY="strange_sort_list"' -cINPUT=nil
EXIT=0
PYTHON_CANONICAL=[]
PYTHON_CANDIDATE=[]
K_RESULT=pList ( nil )
MATCH=true
CASE=singleton/base-branch
INPUT=[7]
COMMAND=krun /tmp/audit-work/src/solution.mpy --definition /tmp/audit-work/build/semantic-kompiled '-cENTRY="strange_sort_list"' '-cINPUT=cons(7, nil)'
EXIT=0
PYTHON_CANONICAL=[7]
PYTHON_CANDIDATE=[7]
K_RESULT=pList ( cons ( 7 , nil ) )
MATCH=true
CASE=two/even-recursion-boundary
INPUT=[2, 1]
COMMAND=krun /tmp/audit-work/src/solution.mpy --definition /tmp/audit-work/build/semantic-kompiled '-cENTRY="strange_sort_list"' '-cINPUT=cons(2, cons(1, nil))'
EXIT=0
PYTHON_CANONICAL=[1, 2]
PYTHON_CANDIDATE=[1, 2]
K_RESULT=pList ( cons ( 1 , cons ( 2 , nil ) ) )
MATCH=true
CASE=prompt/even
INPUT=[1, 2, 3, 4]
COMMAND=krun /tmp/audit-work/src/solution.mpy --definition /tmp/audit-work/build/semantic-kompiled '-cENTRY="strange_sort_list"' '-cINPUT=cons(1, cons(2, cons(3, cons(4, nil))))'
EXIT=0
PYTHON_CANONICAL=[1, 4, 2, 3]
PYTHON_CANDIDATE=[1, 4, 2, 3]
K_RESULT=pList ( cons ( 1 , cons ( 4 , cons ( 2 , cons ( 3 , nil ) ) ) ) )
MATCH=true
CASE=duplicates-negative/odd
INPUT=[3, -1, 2, 3, 0]
COMMAND=krun /tmp/audit-work/src/solution.mpy --definition /tmp/audit-work/build/semantic-kompiled '-cENTRY="strange_sort_list"' '-cINPUT=cons(3, cons(-1, cons(2, cons(3, cons(0, nil)))))'
EXIT=0
PYTHON_CANONICAL=[-1, 3, 0, 3, 2]
PYTHON_CANDIDATE=[-1, 3, 0, 3, 2]
K_RESULT=pList ( cons ( -1 , cons ( 3 , cons ( 0 , cons ( 3 , cons ( 2 , nil ) ) ) ) ) )
MATCH=true
CASE=outside-symbolic-claim-domain/even
INPUT=[9, -9, 8, -8, 7, -7]
COMMAND=krun /tmp/audit-work/src/solution.mpy --definition /tmp/audit-work/build/semantic-kompiled '-cENTRY="strange_sort_list"' '-cINPUT=cons(9, cons(-9, cons(8, cons(-8, cons(7, cons(-7, nil))))))'
EXIT=0
PYTHON_CANONICAL=[-9, 9, -8, 8, -7, 7]
PYTHON_CANDIDATE=[-9, 9, -8, 8, -7, 7]
K_RESULT=pList ( cons ( -9 , cons ( 9 , cons ( -8 , cons ( 8 , cons ( -7 , cons ( 7 , nil ) ) ) ) ) ) )
MATCH=true
CASE=outside-symbolic-claim-domain/odd
INPUT=[6, 0, 5, 1, 4, 2, 3]
COMMAND=krun /tmp/audit-work/src/solution.mpy --definition /tmp/audit-work/build/semantic-kompiled '-cENTRY="strange_sort_list"' '-cINPUT=cons(6, cons(0, cons(5, cons(1, cons(4, cons(2, cons(3, nil)))))))'
EXIT=0
PYTHON_CANONICAL=[0, 6, 1, 5, 2, 4, 3]
PYTHON_CANDIDATE=[0, 6, 1, 5, 2, 4, 3]
K_RESULT=pList ( cons ( 0 , cons ( 6 , cons ( 1 , cons ( 5 , cons ( 2 , cons ( 4 , cons ( 3 , nil ) ) ) ) ) ) ) )
MATCH=true
CASE=arbitrary-precision
INPUT=[10000000000000000000000000000000000000000000000000000000000000000000000000000000000000000000000000000, 0, -10000000000000000000000000000000000000000000000000000000000000000000000000000000000000000000000000000]
COMMAND=krun /tmp/audit-work/src/solution.mpy --definition /tmp/audit-work/build/semantic-kompiled '-cENTRY="strange_sort_list"' '-cINPUT=cons(10000000000000000000000000000000000000000000000000000000000000000000000000000000000000000000000000000, cons(0, cons(-10000000000000000000000000000000000000000000000000000000000000000000000000000000000000000000000000000, nil)))'
EXIT=0
PYTHON_CANONICAL=[-10000000000000000000000000000000000000000000000000000000000000000000000000000000000000000000000000000, 10000000000000000000000000000000000000000000000000000000000000000000000000000000000000000000000000000, 0]
PYTHON_CANDIDATE=[-10000000000000000000000000000000000000000000000000000000000000000000000000000000000000000000000000000, 10000000000000000000000000000000000000000000000000000000000000000000000000000000000000000000000000000, 0]
K_RESULT=pList ( cons ( -10000000000000000000000000000000000000000000000000000000000000000000000000000000000000000000000000000 , cons ( 10000000000000000000000000000000000000000000000000000000000000000000000000000000000000000000000000000 , cons ( 0 , nil ) ) ) )
MATCH=true
CASES=8
FAILURES=0
RESULT=PASS

Script done on 2026-07-23 09:49:44-05:00 [COMMAND_EXIT_CODE="0"]
