WORKDIR: /tmp/audit-work/source
COMMAND: kprove spec-vacuity-audit.k --definition verification-kompiled-haskell --spec-module SPEC-VACUITY-AUDIT
START_UTC: 2026-07-26T12:39:40Z
kore-exec: [389036] Warning (WarnStuckClaimState):
    The configuration's term unifies with the destination's term, but the implication check between the conditions has failed. Location: /tmp/audit-work/source/spec-vacuity-audit.k:9:5-38:10
Context:
    (InfoReachability) while checking the implication
  #Ceil ( reverseStringN ( S , lengthString ( S ) ) )
#And
  <py>
    <k>
      PyBool ( S ==String reverseStringN ( S , lengthString ( S ) ) ) ~> .K
    </k>
    <functions>
      "is_palindrome" |-> #function ( "text" , Return ( Compare ( Name ( "text" ) , CmpOp ( "==" , Subscript ( Name ( "text" ) , Slice ( NoBound , NoBound , UnaryOp ( "-" , Int ( 1 ) ) ) ) ) ) ) )
    </functions>
    <env>
      .Map
    </env>
  </py>
#And
  {
    S
  #Equals
    reverseStringN ( S , lengthString ( S ) )
  }
[Warning] Compiler: Variable 'S' defined but not used. Prefix variable name
with underscore if this is intentional.
	Source(/tmp/audit-work/source/spec-vacuity-audit.k)
	Location(21,46,21,47)
	21 |	        ~> #invoke("is_palindrome", PyString(S:String))
	   .	                                             ^
[Error] Prover: backend terminated because the configuration cannot be
rewritten further. See output for more details.
EXIT_STATUS: 1
END_UTC: 2026-07-26T12:39:42Z
