COMMAND: python3 /audit-output/evidence/ground_claim_substitution.py
input=[]
specialized_formal_heap_value=list(sortKeyVS(vCons-sequence(), digitSumClosure))
canonical_python=[]
candidate_python=[]
python_agree=True
formal_term_reducible_in_proof_definition=false
input=[11, 1]
specialized_formal_heap_value=list(sortKeyVS(vCons-sequence(11, 1), digitSumClosure))
canonical_python=[1, 11]
candidate_python=[1, 11]
python_agree=True
formal_term_reducible_in_proof_definition=false
input=[1, 11, -1, -11, -12]
specialized_formal_heap_value=list(sortKeyVS(vCons-sequence(1, 11, -1, -11, -12), digitSumClosure))
canonical_python=[-1, -11, 1, -12, 11]
candidate_python=[-1, -11, 1, -12, 11]
python_agree=True
formal_term_reducible_in_proof_definition=false
EXIT_STATUS: 0
