+ cd /tmp/audit-work/reconstruction
+ kprove pinning-spec.k --definition verification-audit-kompiled --spec-module PINNING-SPEC
#Top
[Warning] Compiler: Variable 'As' defined but not used. Prefix variable name
with underscore if this is intentional.
	Source(/tmp/audit-work/reconstruction/reference-semantics/semantics/str.k)
	Location(52,27,52,29)
	52 |	  rule strLt(iCons(A:Int, As:IntSeq), iCons(B:Int, Bs:IntSeq)) => true   
      requires A  <Int B
	   .	                          ^~
[Warning] Compiler: Variable 'Bs' defined but not used. Prefix variable name
with underscore if this is intentional.
	Source(/tmp/audit-work/reconstruction/reference-semantics/semantics/str.k)
	Location(52,52,52,54)
	52 |	  rule strLt(iCons(A:Int, As:IntSeq), iCons(B:Int, Bs:IntSeq)) => true   
      requires A  <Int B
	   .	                                                   ^~
[Warning] Compiler: Variable 'As' defined but not used. Prefix variable name
with underscore if this is intentional.
	Source(/tmp/audit-work/reconstruction/reference-semantics/semantics/str.k)
	Location(53,27,53,29)
	53 |	  rule strLt(iCons(A:Int, As:IntSeq), iCons(B:Int, Bs:IntSeq)) => false  
      requires A  >Int B
	   .	                          ^~
[Warning] Compiler: Variable 'Bs' defined but not used. Prefix variable name
with underscore if this is intentional.
	Source(/tmp/audit-work/reconstruction/reference-semantics/semantics/str.k)
	Location(53,52,53,54)
	53 |	  rule strLt(iCons(A:Int, As:IntSeq), iCons(B:Int, Bs:IntSeq)) => false  
      requires A  >Int B
	   .	                                                   ^~
+ pinning_status=0
+ printf 'source_binding_pinning_kprove_exit=%d\n' 0
source_binding_pinning_kprove_exit=0
+ kast audit-unicode.mpy --definition runtime-audit-kompiled --module MPY-KRUN --sort Module --output kore
+ kast_status=0
+ printf 'unicode_constructor_kast_exit=%d\n' 0
unicode_constructor_kast_exit=0
+ krun audit-unicode.kore --parser cat --definition runtime-audit-kompiled
+ krun_status=0
+ printf 'unicode_constructor_krun_exit=%d\n' 0
unicode_constructor_krun_exit=0
+ grep -F '"unicode_accent_result" |-> 2' /audit-output/evidence/stage4-unicode-final-config.txt
    "unicode_accent_result" |-> 2
+ accent_status=0
+ printf 'unicode_accent_model_result_check_exit=%d\n' 0
unicode_accent_model_result_check_exit=0
+ grep -F '"unicode_dotted_i_result" |-> 1' /audit-output/evidence/stage4-unicode-final-config.txt
    "unicode_dotted_i_result" |-> 1 , parent ( -1 ) )
+ dotted_i_status=0
+ printf 'unicode_dotted_i_model_result_check_exit=%d\n' 0
unicode_dotted_i_model_result_check_exit=0
+ python3 /audit-output/evidence/stage4_witness.py
+ python_status=0
+ printf 'python_witness_execution_exit=%d\n' 0
python_witness_execution_exit=0
+ cat /audit-output/evidence/stage4-python-witnesses.jsonl
{"candidate_python": 0, "canonical_python": 0, "code_points": [], "formal_ascii_lower_model": 0, "input": "", "label": "empty"}
{"candidate_python": 3, "canonical_python": 3, "code_points": [120, 121, 122, 88, 89, 90], "formal_ascii_lower_model": 3, "input": "xyzXYZ", "label": "documented"}
{"candidate_python": 1, "canonical_python": 1, "code_points": [233, 201], "formal_ascii_lower_model": 2, "input": "\u00e9\u00c9", "label": "unicode_accent"}
{"candidate_python": 2, "canonical_python": 2, "code_points": [304], "formal_ascii_lower_model": 1, "input": "\u0130", "label": "unicode_dotted_i"}
+ [[ 0 -ne 0 ]]
+ [[ 0 -ne 0 ]]
+ [[ 0 -ne 0 ]]
+ [[ 0 -ne 0 ]]
+ [[ 0 -ne 0 ]]
+ [[ 0 -ne 0 ]]
