kore-exec: [936987] Warning (WarnStuckClaimState):
    The configuration's term doesn't unify with the destination's term and the configuration cannot be rewritten further. Location: /tmp/audit-work/body-mutation/source-pinning-spec.k:8:5-36:31
Context:
    (InfoReachability) while checking the implication
<generatedTop>
  <k>
    #look ( "ord" , 0 ) ~> #callee ( Name ( "char" ) , .Exprs ) ~> #freezerCompare(_,_)_MPY-SYNTAX_Expr_Expr_CmpOp0_ ( CmpOp ( "==" , Int ( 93 ) ) ~> .K ) ~> #freezerIf(_,_,_)_MPY-SYNTAX_Stmt_Expr_Stmts_Stmts0_ ( If ( Compare ( Name ( "state" ) , CmpOp ( "<" , Int ( 2 ) ) ) , AugAssign ( Name ( "state" ) , "+" , Int ( 1 ) )  .Stmts , .Stmts )  .Stmts ~> .K , If ( Compare ( Name ( "state" ) , CmpOp ( ">" , Int ( 1 ) ) ) , If ( Compare ( Name ( "state" ) , CmpOp ( "<" , Int ( 4 ) ) ) , AugAssign ( Name ( "state" ) , "+" , Int ( 1 ) )  .Stmts , .Stmts )  .Stmts , .Stmts )  .Stmts ~> .K ) ~> .Stmts ~> .K
  </k>
  <env>
    0
  </env>
  <scopes>
    .Map
  </scopes>
  <scopeLoc>
    0
  </scopeLoc>
  <heap>
    .Map
  </heap>
  <heapLoc>
    0
  </heapLoc>
  <stack>
    .List
  </stack>
  <ret>
    noRet
  </ret>
  <exc>
    NoExc
  </exc>
  <exit-code>
    0
  </exit-code>
</generatedTop>
[Warning] Compiler: Variable 'As' defined but not used. Prefix variable name
with underscore if this is intentional.
	Source(/tmp/audit-work/body-mutation/reference-semantics/semantics/str.k)
	Location(52,27,52,29)
	52 |	  rule strLt(iCons(A:Int, As:IntSeq), iCons(B:Int, Bs:IntSeq)) => true   
      requires A  <Int B
	   .	                          ^~
[Warning] Compiler: Variable 'Bs' defined but not used. Prefix variable name
with underscore if this is intentional.
	Source(/tmp/audit-work/body-mutation/reference-semantics/semantics/str.k)
	Location(52,52,52,54)
	52 |	  rule strLt(iCons(A:Int, As:IntSeq), iCons(B:Int, Bs:IntSeq)) => true   
      requires A  <Int B
	   .	                                                   ^~
[Warning] Compiler: Variable 'As' defined but not used. Prefix variable name
with underscore if this is intentional.
	Source(/tmp/audit-work/body-mutation/reference-semantics/semantics/str.k)
	Location(53,27,53,29)
	53 |	  rule strLt(iCons(A:Int, As:IntSeq), iCons(B:Int, Bs:IntSeq)) => false  
      requires A  >Int B
	   .	                          ^~
[Warning] Compiler: Variable 'Bs' defined but not used. Prefix variable name
with underscore if this is intentional.
	Source(/tmp/audit-work/body-mutation/reference-semantics/semantics/str.k)
	Location(53,52,53,54)
	53 |	  rule strLt(iCons(A:Int, As:IntSeq), iCons(B:Int, Bs:IntSeq)) => false  
      requires A  >Int B
	   .	                                                   ^~
[Error] Prover: backend terminated because the configuration cannot be
rewritten further. See output for more details.
ACTUAL_EXIT_STATUS=1
EXPECTED_NONZERO=yes
