WITNESS: input lst=[], x=1 satisfies the claim start state; canonical and generated Python both return [].
MUTATION: require returned [(0,0)] instead of returned [].
COMMAND: kprove spec-vacuity.k --definition proof-kompiled --spec-module SPEC-VACUITY --dry-run
kore-exec /tmp/audit-work/87-get-row-review/./proof-kompiled/definition.kore --module VERIFICATION --prove /tmp/.kprove-2026-07-26-09-42-00-384-2b04b16a-99c5-471c-8963-444b7f1e8950/spec.kore --spec-module SPEC-VACUITY --output /tmp/.kprove-2026-07-26-09-42-00-384-2b04b16a-99c5-471c-8963-444b7f1e8950/result.kore
DRY-RUN EXIT: 0
COMMAND: kprove spec-vacuity.k --definition proof-kompiled --spec-module SPEC-VACUITY
kore-exec: [354480] Warning (WarnStuckClaimState):
    The configuration's term doesn't unify with the destination's term and the configuration cannot be rewritten further. Location: /tmp/audit-work/87-get-row-review/spec-vacuity.k:6:7-14:16
Context:
    (InfoReachability) while checking the implication
<py>
  <k>
    .K
  </k>
  <args>
    pyArgs ( pyList ( vnil ) , pyInt ( 1 ) )
  </args>
  <env>
    .Map
  </env>
  <functions>
    .Map
  </functions>
  <result>
    returned ( pyList ( vnil ) )
  </result>
</py>
[Error] Prover: backend terminated because the configuration cannot be
rewritten further. See output for more details.
PROOF EXIT: 1
EXPECTED_NONZERO_WITH_STUCK_OBLIGATION: true
OVERALL EXIT: 0
