COMMAND: kompile verification-body-mutation.k --main-module BODY-MUTATION-VERIFICATION --syntax-module MPY-SYNTAX --backend haskell --output-definition body-mutation-kompiled
EXIT: 0
COMMAND: kast --expression bodyMutatedProgram --definition body-mutation-kompiled --module BODY-MUTATION-VERIFICATION --sort Program --expand-macros --output kore > body-mutated-program.kore
EXIT: 0
COMMAND: sha256sum parsed-program.kore body-mutated-program.kore
26754746c5f7419e3fe9097ca1e87e1d2418fb821dc5558ca273a2e5a89e375f  parsed-program.kore
17fffcf9a04eded6e489150675de5bd44d64b724545f355cda41d012afea0d0c  body-mutated-program.kore
EXIT: 0
PROGRAM_TERM_CHANGED: true
COMMAND: python3 -c from\ solution\ import\ get_row\;\ from\ trusted_canonical\ import\ get_row\ as\ c\;\ x=\(\[\[\]\,\[0\]\]\,0\)\;\ print\(\"generated=\"\,get_row\(\*x\)\)\;\ print\(\"canonical=\"\,c\(\*x\)\)
generated= [(1, 0)]
canonical= [(1, 0)]
EXIT: 0
COMMAND: kprove spec-body-mutation.k --definition body-mutation-kompiled --spec-module SPEC-BODY-MUTATION --dry-run
kore-exec /tmp/audit-work/87-get-row-review/./body-mutation-kompiled/definition.kore --module BODY-MUTATION-VERIFICATION --prove /tmp/.kprove-2026-07-26-09-42-47-649-8f599adf-e5b2-4581-97be-89179d7ee406/spec.kore --spec-module SPEC-BODY-MUTATION --output /tmp/.kprove-2026-07-26-09-42-47-649-8f599adf-e5b2-4581-97be-89179d7ee406/result.kore
DRY-RUN EXIT: 0
COMMAND: kprove spec-body-mutation.k --definition body-mutation-kompiled --spec-module SPEC-BODY-MUTATION
kore-exec: [670596] Warning (WarnStuckClaimState):
    The configuration's term doesn't unify with the destination's term and the configuration cannot be rewritten further. Location: /tmp/audit-work/87-get-row-review/spec-body-mutation.k:6:7-19:16
Context:
    (InfoReachability) while checking the implication
<py>
  <k>
    .K
  </k>
  <args>
    pyArgs ( pyList ( vcons ( pyList ( vnil ) , vcons ( pyList ( vcons ( pyInt ( 0 ) , vnil ) ) , vnil ) ) ) , pyInt ( 0 ) )
  </args>
  <env>
    .Map
  </env>
  <functions>
    .Map
  </functions>
  <result>
    returned ( pyList ( vcons ( pyTuple ( vcons ( pyInt ( 2 ) , vcons ( pyInt ( 0 ) , vnil ) ) ) , vnil ) ) )
  </result>
</py>
[Error] Prover: backend terminated because the configuration cannot be
rewritten further. See output for more details.
PROOF EXIT: 1
BODY_SENSITIVITY_EXPECTED_FAILURE: true
OVERALL EXIT: 0
