
$ python3 /audit-output/evidence/program_pin.py
submitted_normalized=Module(FuncDef("add",Params("x","y"),Return(BinOp("+",Name("x"),Name("y")))))
embedded_normalized=Module(FuncDef("add",Params("x","y"),Return(BinOp("+",Name("x"),Name("y")))))
normalized_byte_sequence_equal=True
[exit 0]

$ cp /audit-output/evidence/ground-tests.mpy /tmp/audit-work/53-add/ground-tests.mpy
[exit 0]

$ cp /audit-output/evidence/spec-ground.k /tmp/audit-work/53-add/spec-ground.k
[exit 0]

$ cd /tmp/audit-work/53-add
[exit 0]

$ krun ground-tests.mpy --definition runtime-kompiled
<generatedTop>
  <k>
    .K
  </k>
  <env>
    0
  </env>
  <scopes>
    -1 |-> scope ( "abs" |-> builtinV ( "abs" )
    "all" |-> builtinV ( "all" )
    "any" |-> builtinV ( "any" )
    "bin" |-> builtinV ( "bin" )
    "chr" |-> builtinV ( "chr" )
    "enumerate" |-> builtinV ( "enumerate" )
    "eval" |-> builtinV ( "eval" )
    "float" |-> typeV ( "float" )
    "int" |-> typeV ( "int" )
    "isinstance" |-> builtinV ( "isinstance" )
    "len" |-> builtinV ( "len" )
    "list" |-> builtinV ( "list" )
    "map" |-> builtinV ( "map" )
    "max" |-> builtinV ( "max" )
    "min" |-> builtinV ( "min" )
    "ord" |-> builtinV ( "ord" )
    "range" |-> builtinV ( "range" )
    "round" |-> builtinV ( "round" )
    "set" |-> builtinV ( "set" )
    "sorted" |-> builtinV ( "sorted" )
    "str" |-> typeV ( "str" )
    "sum" |-> builtinV ( "sum" )
    "zip" |-> builtinV ( "zip" ) , root )
    0 |-> scope ( "add" |-> closureVal ( "x" , "y" , .ParamNames , Return ( BinOp ( "+" , Name ( "x" ) , Name ( "y" ) ) )  .Stmts , 0 ) , parent ( -1 ) )
  </scopes>
  <scopeLoc>
    1
  </scopeLoc>
  <heap>
    .Map
  </heap>
  <heapLoc>
    0
  </heapLoc>
  <stack>
    .List
  </stack>
  <ret>
    noRet
  </ret>
  <exc>
    NoExc
  </exc>
  <exit-code>
    0
  </exit-code>
</generatedTop>
[exit 0]

$ kprove spec-ground.k --definition verification-kompiled --spec-module ADD-SPEC-GROUND
#Top
[Warning] Compiler: Variable 'As' defined but not used. Prefix variable name
with underscore if this is intentional.
	Source(/tmp/audit-work/53-add/reference-semantics/semantics/str.k)
	Location(52,27,52,29)
	52 |	  rule strLt(iCons(A:Int, As:IntSeq), iCons(B:Int, Bs:IntSeq)) => true   
      requires A  <Int B
	   .	                          ^~
[Warning] Compiler: Variable 'Bs' defined but not used. Prefix variable name
with underscore if this is intentional.
	Source(/tmp/audit-work/53-add/reference-semantics/semantics/str.k)
	Location(52,52,52,54)
	52 |	  rule strLt(iCons(A:Int, As:IntSeq), iCons(B:Int, Bs:IntSeq)) => true   
      requires A  <Int B
	   .	                                                   ^~
[Warning] Compiler: Variable 'As' defined but not used. Prefix variable name
with underscore if this is intentional.
	Source(/tmp/audit-work/53-add/reference-semantics/semantics/str.k)
	Location(53,27,53,29)
	53 |	  rule strLt(iCons(A:Int, As:IntSeq), iCons(B:Int, Bs:IntSeq)) => false  
      requires A  >Int B
	   .	                          ^~
[Warning] Compiler: Variable 'Bs' defined but not used. Prefix variable name
with underscore if this is intentional.
	Source(/tmp/audit-work/53-add/reference-semantics/semantics/str.k)
	Location(53,52,53,54)
	53 |	  rule strLt(iCons(A:Int, As:IntSeq), iCons(B:Int, Bs:IntSeq)) => false  
      requires A  >Int B
	   .	                                                   ^~
[exit 0]

$ python3 - <<PY
(2, 3) 5 5 5
(0, 0) 0 0 0
(-10, 3) -7 -7 -7
(9223372036854775807, 1) 9223372036854775808 9223372036854775808 9223372036854775808
(10000000000000000000000000000000000000000000000000000000000000000000000000000000000000000000000000000, -10000000000000000000000000000000000000000000000000000000000000000000000000000000000000000000000000000) 0 0 0
[exit 0]
