COMMAND: timeout 300s kprove spec.k --definition verification-kompiled --spec-module MEDIAN-SPEC
EXIT_STATUS: 1
DURATION_SECONDS: 8
CAPTURE_LINES: 121
CAPTURE_BYTES: 4578
OUTPUT_BEGIN
kore-exec: [5094058] Warning (WarnStuckClaimState):
    The configuration's term unifies with the destination's term, but the implication check between the conditions has failed. Location: /tmp/audit-work/work/no-length-lemma/spec.k:7:5-50:41
Context:
    (InfoReachability) while checking the implication
kore-exec: [5099934] Warning (WarnUnexploredBranches):
    1 branches were still unexplored when the action failed.
  #Not ( {
    valSeqAt ( sortVS ( VS ) , normIdx ( ( vsLen ( sortVS ( VS ) ) +Int -1 ) /Int 2 , vsLen ( sortVS ( VS ) ) ) )
  #Equals
    sortedIntAt ( VS , ( vsLen ( VS ) +Int -1 ) /Int 2 )
  } )
#And
  <generatedTop>
    <k>
      valSeqAt ( sortVS ( VS ) , normIdx ( ( vsLen ( sortVS ( VS ) ) +Int -1 ) /Int 2 , vsLen ( sortVS ( VS ) ) ) ) ~> .K
    </k>
    <env>
      0
    </env>
    <scopes>
      -1 |-> scope ( "abs" |-> builtinV ( "abs" )
      "all" |-> builtinV ( "all" )
      "any" |-> builtinV ( "any" )
      "bin" |-> builtinV ( "bin" )
      "chr" |-> builtinV ( "chr" )
      "enumerate" |-> builtinV ( "enumerate" )
      "eval" |-> builtinV ( "eval" )
      "float" |-> typeV ( "float" )
      "int" |-> typeV ( "int" )
      "isinstance" |-> builtinV ( "isinstance" )
      "len" |-> builtinV ( "len" )
      "list" |-> builtinV ( "list" )
      "map" |-> builtinV ( "map" )
      "max" |-> builtinV ( "max" )
      "min" |-> builtinV ( "min" )
      "ord" |-> builtinV ( "ord" )
      "range" |-> builtinV ( "range" )
      "round" |-> builtinV ( "round" )
      "set" |-> builtinV ( "set" )
      "sorted" |-> builtinV ( "sorted" )
      "str" |-> typeV ( "str" )
      "sum" |-> builtinV ( "sum" )
      "zip" |-> builtinV ( "zip" ) , root )
      0 |-> scope ( "median" |-> closureVal ( "l" , .ParamNames , Assign ( Name ( "values" ) , Call ( Name ( "sorted" ) , Name ( "l" ) , .Exprs ) )  Assign ( Name ( "middle" ) , BinOp ( "//" , Call ( Name ( "len" ) , Name ( "values" ) , .Exprs ) , Int ( 2 ) ) )  If ( Compare ( BinOp ( "%" , Call ( Name ( "len" ) , Name ( "values" ) , .Exprs ) , Int ( 2 ) ) , CmpOp ( "==" , Int ( 1 ) ) ) , Return ( Subscript ( Name ( "values" ) , Name ( "middle" ) ) )  .Stmts , .Stmts )  Return ( BinOp ( "/" , BinOp ( "+" , Subscript ( Name ( "values" ) , Name ( "middle" ) ) , Subscript ( Name ( "values" ) , BinOp ( "+" , Name ( "middle" ) , Int ( 1 ) ) ) ) , Float ( 2.0 ) ) )  .Stmts , 0 ) , parent ( -1 ) )
    </scopes>
    <scopeLoc>
      1
    </scopeLoc>
    <heap>
      0 |-> list ( sortVS ( VS ) )
    </heap>
    <heapLoc>
      1
    </heapLoc>
    <stack>
      .List
    </stack>
    <ret>
      noRet
    </ret>
    <exc>
      NoExc
    </exc>
    <exit-code>
      0
    </exit-code>
  </generatedTop>
#And
  {
    1
  #Equals
    ( vsLen ( VS ) %Int 2 +Int 2 ) %Int 2
  }
#And
  {
    1
  #Equals
    ( vsLen ( sortVS ( VS ) ) %Int 2 +Int 2 ) %Int 2
  }
#And
  {
    true
  #Equals
    allInts ( VS )
  }
#And
  {
    true
  #Equals
    vsLen ( VS ) >Int 0
  }
[Warning] Compiler: Variable 'As' defined but not used. Prefix variable name
with underscore if this is intentional.
	Source(/tmp/audit-work/work/no-length-lemma/reference-semantics/semantics/str.k)
	Location(52,27,52,29)
	52 |	  rule strLt(iCons(A:Int, As:IntSeq), iCons(B:Int, Bs:IntSeq)) => true   
      requires A  <Int B
	   .	                          ^~
[Warning] Compiler: Variable 'Bs' defined but not used. Prefix variable name
with underscore if this is intentional.
	Source(/tmp/audit-work/work/no-length-lemma/reference-semantics/semantics/str.k)
	Location(52,52,52,54)
	52 |	  rule strLt(iCons(A:Int, As:IntSeq), iCons(B:Int, Bs:IntSeq)) => true   
      requires A  <Int B
	   .	                                                   ^~
[Warning] Compiler: Variable 'As' defined but not used. Prefix variable name
with underscore if this is intentional.
	Source(/tmp/audit-work/work/no-length-lemma/reference-semantics/semantics/str.k)
	Location(53,27,53,29)
	53 |	  rule strLt(iCons(A:Int, As:IntSeq), iCons(B:Int, Bs:IntSeq)) => false  
      requires A  >Int B
	   .	                          ^~
[Warning] Compiler: Variable 'Bs' defined but not used. Prefix variable name
with underscore if this is intentional.
	Source(/tmp/audit-work/work/no-length-lemma/reference-semantics/semantics/str.k)
	Location(53,52,53,54)
	53 |	  rule strLt(iCons(A:Int, As:IntSeq), iCons(B:Int, Bs:IntSeq)) => false  
      requires A  >Int B
	   .	                                                   ^~
[Error] Prover: backend terminated because the configuration cannot be
rewritten further. See output for more details.
OUTPUT_END
