COMMAND: krun audit-concrete-tests.mpy --definition verification-kompiled
<generatedTop>
  <k>
    .K
  </k>
  <env>
    0
  </env>
  <scopes>
    -1 |-> scope ( "abs" |-> builtinV ( "abs" )
    "all" |-> builtinV ( "all" )
    "any" |-> builtinV ( "any" )
    "bin" |-> builtinV ( "bin" )
    "chr" |-> builtinV ( "chr" )
    "enumerate" |-> builtinV ( "enumerate" )
    "eval" |-> builtinV ( "eval" )
    "float" |-> typeV ( "float" )
    "int" |-> typeV ( "int" )
    "isinstance" |-> builtinV ( "isinstance" )
    "len" |-> builtinV ( "len" )
    "list" |-> builtinV ( "list" )
    "map" |-> builtinV ( "map" )
    "max" |-> builtinV ( "max" )
    "min" |-> builtinV ( "min" )
    "ord" |-> builtinV ( "ord" )
    "range" |-> builtinV ( "range" )
    "round" |-> builtinV ( "round" )
    "set" |-> builtinV ( "set" )
    "sorted" |-> builtinV ( "sorted" )
    "str" |-> typeV ( "str" )
    "sum" |-> builtinV ( "sum" )
    "zip" |-> builtinV ( "zip" ) , root )
    0 |-> scope ( "solution" |-> closureVal ( "lst" , .ParamNames , Assign ( Name ( "total" ) , Int ( 0 ) )  Assign ( Name ( "even_position" ) , Bool ( true ) )  Assign ( Name ( "value" ) , Int ( 0 ) )  For ( Name ( "value" ) , Name ( "lst" ) , If ( Name ( "even_position" ) , Assign ( Name ( "total" ) , BinOp ( "+" , Name ( "total" ) , BinOp ( "*" , Name ( "value" ) , BinOp ( "%" , Name ( "value" ) , Int ( 2 ) ) ) ) )  .Stmts , .Stmts )  Assign ( Name ( "even_position" ) , UnaryOp ( "not" , Name ( "even_position" ) ) )  .Stmts )  Return ( Name ( "total" ) )  .Stmts , 0 ) , parent ( -1 ) )
  </scopes>
  <scopeLoc>
    1
  </scopeLoc>
  <heap>
    0 |-> list ( vCons ( 5 , vCons ( 8 , vCons ( 7 , vCons ( 1 , .ValSeq ) ) ) ) )
    1 |-> list ( vCons ( 3 , vCons ( 3 , vCons ( 3 , vCons ( 3 , vCons ( 3 , .ValSeq ) ) ) ) ) )
    2 |-> list ( vCons ( 30 , vCons ( 13 , vCons ( 24 , vCons ( 321 , .ValSeq ) ) ) ) )
    3 |-> list ( .ValSeq )
    4 |-> list ( vCons ( -5 , vCons ( 2 , vCons ( -3 , .ValSeq ) ) ) )
    5 |-> list ( vCons ( 0 , vCons ( 1 , vCons ( -1 , vCons ( -2 , vCons ( 2 , vCons ( 3 , .ValSeq ) ) ) ) ) ) )
    6 |-> list ( vCons ( 1000000 , vCons ( -999999 , vCons ( 999999 , vCons ( 2 , .ValSeq ) ) ) ) )
  </heap>
  <heapLoc>
    7
  </heapLoc>
  <stack>
    .List
  </stack>
  <ret>
    noRet
  </ret>
  <exc>
    NoExc
  </exc>
  <exit-code>
    0
  </exit-code>
</generatedTop>
EXIT_STATUS: 0
