COMMAND: krun smoke.mpy --definition audit-runtime-kompiled 
EXIT_STATUS: 0
OUTPUT_BEGIN
<generatedTop>
  <k>
    .K
  </k>
  <env>
    0
  </env>
  <scopes>
    -1 |-> scope ( "abs" |-> builtinV ( "abs" )
    "all" |-> builtinV ( "all" )
    "any" |-> builtinV ( "any" )
    "bin" |-> builtinV ( "bin" )
    "chr" |-> builtinV ( "chr" )
    "enumerate" |-> builtinV ( "enumerate" )
    "eval" |-> builtinV ( "eval" )
    "float" |-> typeV ( "float" )
    "int" |-> typeV ( "int" )
    "isinstance" |-> builtinV ( "isinstance" )
    "len" |-> builtinV ( "len" )
    "list" |-> builtinV ( "list" )
    "map" |-> builtinV ( "map" )
    "max" |-> builtinV ( "max" )
    "min" |-> builtinV ( "min" )
    "ord" |-> builtinV ( "ord" )
    "range" |-> builtinV ( "range" )
    "round" |-> builtinV ( "round" )
    "set" |-> builtinV ( "set" )
    "sorted" |-> builtinV ( "sorted" )
    "str" |-> typeV ( "str" )
    "sum" |-> builtinV ( "sum" )
    "zip" |-> builtinV ( "zip" ) , root )
    0 |-> scope ( "rescale_to_unit" |-> closureValC ( "numbers" , .ParamNames , "max_number" , "min_number" , .ParamNames , Assign ( Name ( "min_number" ) , Call ( Name ( "min" ) , Name ( "numbers" ) , .Exprs ) )  Assign ( Name ( "max_number" ) , Call ( Name ( "max" ) , Name ( "numbers" ) , .Exprs ) )  Return ( Call ( closureExpr ( .ParamNames , Assign ( Name ( "$acc" ) , ListExpr ( .Exprs ) )  For ( Name ( "number" ) , Name ( "numbers" ) , If ( BoolOp ( "and" , Bool ( true ) , .Exprs ) , Assign ( Name ( "$acc" ) , BinOp ( "+" , Name ( "$acc" ) , ListExpr ( BinOp ( "/" , BinOp ( "-" , Name ( "number" ) , Name ( "min_number" ) ) , BinOp ( "-" , Name ( "max_number" ) , Name ( "min_number" ) ) ) , .Exprs ) ) )  .Stmts , .Stmts )  .Stmts )  Return ( Name ( "$acc" ) )  .Stmts ) , .Exprs ) )  .Stmts , .Map ) , parent ( -1 ) )
  </scopes>
  <scopeLoc>
    1
  </scopeLoc>
  <heap>
    0 |-> list ( vCons ( 0.10000000000000000e1 , vCons ( 0.20000000000000000e1 , vCons ( 0.30000000000000000e1 , vCons ( 0.40000000000000000e1 , vCons ( 0.50000000000000000e1 , .ValSeq ) ) ) ) ) )
    1 |-> cellV ( 0.50000000000000000e1 )
    2 |-> cellV ( 0.10000000000000000e1 )
    3 |-> list ( .ValSeq )
    4 |-> list ( vCons ( 0.00000000000000000e0 , .ValSeq ) )
    5 |-> list ( vCons ( 0.00000000000000000e0 , .ValSeq ) )
    6 |-> list ( vCons ( 0.25000000000000000e0 , .ValSeq ) )
    7 |-> list ( vCons ( 0.00000000000000000e0 , vCons ( 0.25000000000000000e0 , .ValSeq ) ) )
    8 |-> list ( vCons ( 0.50000000000000000e0 , .ValSeq ) )
    9 |-> list ( vCons ( 0.00000000000000000e0 , vCons ( 0.25000000000000000e0 , vCons ( 0.50000000000000000e0 , .ValSeq ) ) ) )
    10 |-> list ( vCons ( 0.75000000000000000e0 , .ValSeq ) )
    11 |-> list ( vCons ( 0.00000000000000000e0 , vCons ( 0.25000000000000000e0 , vCons ( 0.50000000000000000e0 , vCons ( 0.75000000000000000e0 , .ValSeq ) ) ) ) )
    12 |-> list ( vCons ( 0.10000000000000000e1 , .ValSeq ) )
    13 |-> list ( vCons ( 0.00000000000000000e0 , vCons ( 0.25000000000000000e0 , vCons ( 0.50000000000000000e0 , vCons ( 0.75000000000000000e0 , vCons ( 0.10000000000000000e1 , .ValSeq ) ) ) ) ) )
    14 |-> list ( vCons ( 0.00000000000000000e0 , vCons ( 0.25000000000000000e0 , vCons ( 0.50000000000000000e0 , vCons ( 0.75000000000000000e0 , vCons ( 0.10000000000000000e1 , .ValSeq ) ) ) ) ) )
    15 |-> list ( vCons ( -0.30000000000000000e1 , vCons ( -0.10000000000000000e1 , vCons ( 0.10000000000000000e1 , .ValSeq ) ) ) )
    16 |-> cellV ( 0.10000000000000000e1 )
    17 |-> cellV ( -0.30000000000000000e1 )
    18 |-> list ( .ValSeq )
    19 |-> list ( vCons ( 0.00000000000000000e0 , .ValSeq ) )
    20 |-> list ( vCons ( 0.00000000000000000e0 , .ValSeq ) )
    21 |-> list ( vCons ( 0.50000000000000000e0 , .ValSeq ) )
    22 |-> list ( vCons ( 0.00000000000000000e0 , vCons ( 0.50000000000000000e0 , .ValSeq ) ) )
    23 |-> list ( vCons ( 0.10000000000000000e1 , .ValSeq ) )
    24 |-> list ( vCons ( 0.00000000000000000e0 , vCons ( 0.50000000000000000e0 , vCons ( 0.10000000000000000e1 , .ValSeq ) ) ) )
    25 |-> list ( vCons ( 0.00000000000000000e0 , vCons ( 0.50000000000000000e0 , vCons ( 0.10000000000000000e1 , .ValSeq ) ) ) )
    26 |-> list ( vCons ( 0.50000000000000000e1 , vCons ( 0.10000000000000000e1 , .ValSeq ) ) )
    27 |-> cellV ( 0.50000000000000000e1 )
    28 |-> cellV ( 0.10000000000000000e1 )
    29 |-> list ( .ValSeq )
    30 |-> list ( vCons ( 0.10000000000000000e1 , .ValSeq ) )
    31 |-> list ( vCons ( 0.10000000000000000e1 , .ValSeq ) )
    32 |-> list ( vCons ( 0.00000000000000000e0 , .ValSeq ) )
    33 |-> list ( vCons ( 0.10000000000000000e1 , vCons ( 0.00000000000000000e0 , .ValSeq ) ) )
    34 |-> list ( vCons ( 0.10000000000000000e1 , vCons ( 0.00000000000000000e0 , .ValSeq ) ) )
  </heap>
  <heapLoc>
    35
  </heapLoc>
  <stack>
    .List
  </stack>
  <ret>
    noRet
  </ret>
  <exc>
    NoExc
  </exc>
  <exit-code>
    0
  </exit-code>
</generatedTop>
OUTPUT_END
