COMMAND: bash -lc rg\ -n\ \"\^\[\[:space:\]\]\*\(claim\|rule\|syntax\)\\b\"\ spec.k\ verification.k\;\ rg\ -n\ \"\^\[\[:space:\]\]\*claim\\b\"\ spec.k\ verification.k\ \|\ wc\ -l 
EXIT_STATUS: 0
OUTPUT_BEGIN
verification.k:9:  syntax Float ::= minVF(ValSeq) [function, total, symbol(minVF), no-evaluators]
verification.k:12:  rule <k> #applyK(toCall(builtinV("min")), (list(VS:ValSeq), .Vals))
verification.k:15:  rule <k> #applyK(toCall(builtinV("max")), (list(VS:ValSeq), .Vals))
verification.k:21:  syntax Float ::= asFloat(Val) [function, total, symbol(asFloat)]
verification.k:22:  rule asFloat(F:Float) => F
verification.k:24:  syntax Float ::= scaleF(Float, Float, Float) [function, total]
verification.k:25:  rule scaleF(F:Float, LO:Float, HI:Float)
verification.k:28:  syntax ValSeq ::= scaleAcc(ValSeq, ValSeq, Float, Float) [function, total]
verification.k:29:  rule scaleAcc(ACC:ValSeq, .ValSeq, _:Float, _:Float) => ACC
verification.k:30:  rule scaleAcc(ACC:ValSeq, vCons(V:Val, REST:ValSeq), LO:Float, HI:Float)
verification.k:37:  syntax Bool ::= allFloats(ValSeq) [function, total]
verification.k:38:  rule allFloats(.ValSeq) => true
verification.k:39:  rule allFloats(vCons(V:Val, REST:ValSeq))
verification.k:44:  syntax FloatSeq ::= ".FloatSeq" | fCons(Float, FloatSeq)
verification.k:45:  syntax ValSeq ::= injectFloats(FloatSeq) [function, total]
verification.k:46:  rule injectFloats(.FloatSeq) => .ValSeq
verification.k:47:  rule injectFloats(fCons(F:Float, REST:FloatSeq))
verification.k:54:  rule <k>
verification.k:85:  syntax KItem ::= "#observe"
verification.k:86:  rule <k> ref(H:Int) ~> #observe => V ... </k>
verification.k:91:  syntax KItem ::= #runRescale(ValSeq)
verification.k:92:  rule <k> #runRescale(VS:ValSeq)
spec.k:6:  claim
1
OUTPUT_END
