COMMAND: kprove spec-vacuity-audit.k --definition audit-verification-kompiled --spec-module SPEC-VACUITY-AUDIT --dry-run 
EXIT_STATUS: 0
OUTPUT_BEGIN
kore-exec /tmp/audit-work/21-rescale-to-unit/./audit-verification-kompiled/definition.kore --module VERIFICATION --prove /tmp/.kprove-2026-07-24-06-58-19-593-6ab77c3b-8866-44c8-bb6c-6a726337906e/spec.kore --spec-module SPEC-VACUITY-AUDIT --output /tmp/.kprove-2026-07-24-06-58-19-593-6ab77c3b-8866-44c8-bb6c-6a726337906e/result.kore
[Warning] Compiler: Variable 'As' defined but not used. Prefix variable name
with underscore if this is intentional.
	Source(/tmp/audit-work/21-rescale-to-unit/reference-semantics/semantics/str.k)
	Location(52,27,52,29)
	52 |	  rule strLt(iCons(A:Int, As:IntSeq), iCons(B:Int, Bs:IntSeq)) => true   
      requires A  <Int B
	   .	                          ^~
[Warning] Compiler: Variable 'Bs' defined but not used. Prefix variable name
with underscore if this is intentional.
	Source(/tmp/audit-work/21-rescale-to-unit/reference-semantics/semantics/str.k)
	Location(52,52,52,54)
	52 |	  rule strLt(iCons(A:Int, As:IntSeq), iCons(B:Int, Bs:IntSeq)) => true   
      requires A  <Int B
	   .	                                                   ^~
[Warning] Compiler: Variable 'As' defined but not used. Prefix variable name
with underscore if this is intentional.
	Source(/tmp/audit-work/21-rescale-to-unit/reference-semantics/semantics/str.k)
	Location(53,27,53,29)
	53 |	  rule strLt(iCons(A:Int, As:IntSeq), iCons(B:Int, Bs:IntSeq)) => false  
      requires A  >Int B
	   .	                          ^~
[Warning] Compiler: Variable 'Bs' defined but not used. Prefix variable name
with underscore if this is intentional.
	Source(/tmp/audit-work/21-rescale-to-unit/reference-semantics/semantics/str.k)
	Location(53,52,53,54)
	53 |	  rule strLt(iCons(A:Int, As:IntSeq), iCons(B:Int, Bs:IntSeq)) => false  
      requires A  >Int B
	   .	                                                   ^~
[Warning] Compiler: Variable '?FINALSCOPES' defined but not used. Prefix
variable name with underscore if this is intentional.
	Source(/tmp/audit-work/21-rescale-to-unit/spec-vacuity-audit.k)
	Location(31,10,31,22)
	31 |	      => ?FINALSCOPES:Map
	   .	         ^~~~~~~~~~~~
[Warning] Compiler: Variable '?FINALHEAP' defined but not used. Prefix variable
name with underscore if this is intentional.
	Source(/tmp/audit-work/21-rescale-to-unit/spec-vacuity-audit.k)
	Location(34,20,34,30)
	34 |	    <heap> .Map => ?FINALHEAP:Map </heap>
	   .	                   ^~~~~~~~~~
[Warning] Compiler: Variable '?FINALHEAPLOC' defined but not used. Prefix
variable name with underscore if this is intentional.
	Source(/tmp/audit-work/21-rescale-to-unit/spec-vacuity-audit.k)
	Location(35,20,35,33)
	35 |	    <heapLoc> 0 => ?FINALHEAPLOC:Int </heapLoc>
	   .	                   ^~~~~~~~~~~~~
OUTPUT_END
