Stage 3 per-claim rerun with unqualified labels

$ kprove spec.k --definition verification-kompiled-audit --spec-module SPEC --claims odd-step --depth 2000 --smt-timeout 5000
$ kprove spec.k --definition verification-kompiled-audit --spec-module SPEC --claims odd-step --depth 2000 --smt-timeout 5000
#Top
[Warning] Compiler: Variable 'As' defined but not used. Prefix variable name
with underscore if this is intentional.
	Source(/tmp/audit-work/123-get-odd-collatz/proof-src/reference-semantics/semantics/str.k)
	Location(52,27,52,29)
	52 |	  rule strLt(iCons(A:Int, As:IntSeq), iCons(B:Int, Bs:IntSeq)) => true   
      requires A  <Int B
	   .	                          ^~
[Warning] Compiler: Variable 'Bs' defined but not used. Prefix variable name
with underscore if this is intentional.
	Source(/tmp/audit-work/123-get-odd-collatz/proof-src/reference-semantics/semantics/str.k)
	Location(52,52,52,54)
	52 |	  rule strLt(iCons(A:Int, As:IntSeq), iCons(B:Int, Bs:IntSeq)) => true   
      requires A  <Int B
	   .	                                                   ^~
[Warning] Compiler: Variable 'As' defined but not used. Prefix variable name
with underscore if this is intentional.
	Source(/tmp/audit-work/123-get-odd-collatz/proof-src/reference-semantics/semantics/str.k)
	Location(53,27,53,29)
	53 |	  rule strLt(iCons(A:Int, As:IntSeq), iCons(B:Int, Bs:IntSeq)) => false  
      requires A  >Int B
	   .	                          ^~
[Warning] Compiler: Variable 'Bs' defined but not used. Prefix variable name
with underscore if this is intentional.
	Source(/tmp/audit-work/123-get-odd-collatz/proof-src/reference-semantics/semantics/str.k)
	Location(53,52,53,54)
	53 |	  rule strLt(iCons(A:Int, As:IntSeq), iCons(B:Int, Bs:IntSeq)) => false  
      requires A  >Int B
	   .	                                                   ^~
[Warning] Compiler: Variable 'A' defined but not used. Prefix variable name
with underscore if this is intentional.
	Source(/tmp/audit-work/123-get-odd-collatz/proof-src/spec.k)
	Location(92,23,92,24)
	92 |	    <heap> 0 |-> list(A) </heap>
	   .	                      ^
[exit 0]
[recorded exit 0 in /audit-output/evidence/stage3_kprove_odd-step_unqualified.log]

$ kprove spec.k --definition verification-kompiled-audit --spec-module SPEC --claims even-step --depth 2000 --smt-timeout 5000
$ kprove spec.k --definition verification-kompiled-audit --spec-module SPEC --claims even-step --depth 2000 --smt-timeout 5000
#Top
[Warning] Compiler: Variable 'As' defined but not used. Prefix variable name
with underscore if this is intentional.
	Source(/tmp/audit-work/123-get-odd-collatz/proof-src/reference-semantics/semantics/str.k)
	Location(52,27,52,29)
	52 |	  rule strLt(iCons(A:Int, As:IntSeq), iCons(B:Int, Bs:IntSeq)) => true   
      requires A  <Int B
	   .	                          ^~
[Warning] Compiler: Variable 'Bs' defined but not used. Prefix variable name
with underscore if this is intentional.
	Source(/tmp/audit-work/123-get-odd-collatz/proof-src/reference-semantics/semantics/str.k)
	Location(52,52,52,54)
	52 |	  rule strLt(iCons(A:Int, As:IntSeq), iCons(B:Int, Bs:IntSeq)) => true   
      requires A  <Int B
	   .	                                                   ^~
[Warning] Compiler: Variable 'As' defined but not used. Prefix variable name
with underscore if this is intentional.
	Source(/tmp/audit-work/123-get-odd-collatz/proof-src/reference-semantics/semantics/str.k)
	Location(53,27,53,29)
	53 |	  rule strLt(iCons(A:Int, As:IntSeq), iCons(B:Int, Bs:IntSeq)) => false  
      requires A  >Int B
	   .	                          ^~
[Warning] Compiler: Variable 'Bs' defined but not used. Prefix variable name
with underscore if this is intentional.
	Source(/tmp/audit-work/123-get-odd-collatz/proof-src/reference-semantics/semantics/str.k)
	Location(53,52,53,54)
	53 |	  rule strLt(iCons(A:Int, As:IntSeq), iCons(B:Int, Bs:IntSeq)) => false  
      requires A  >Int B
	   .	                                                   ^~
[Warning] Compiler: Variable 'A' defined but not used. Prefix variable name
with underscore if this is intentional.
	Source(/tmp/audit-work/123-get-odd-collatz/proof-src/spec.k)
	Location(92,23,92,24)
	92 |	    <heap> 0 |-> list(A) </heap>
	   .	                      ^
[exit 0]
[recorded exit 0 in /audit-output/evidence/stage3_kprove_even-step_unqualified.log]

$ kprove spec.k --definition verification-kompiled-audit --spec-module SPEC --claims exit-step --depth 2000 --smt-timeout 5000
$ kprove spec.k --definition verification-kompiled-audit --spec-module SPEC --claims exit-step --depth 2000 --smt-timeout 5000
#Top
[Warning] Compiler: Variable 'As' defined but not used. Prefix variable name
with underscore if this is intentional.
	Source(/tmp/audit-work/123-get-odd-collatz/proof-src/reference-semantics/semantics/str.k)
	Location(52,27,52,29)
	52 |	  rule strLt(iCons(A:Int, As:IntSeq), iCons(B:Int, Bs:IntSeq)) => true   
      requires A  <Int B
	   .	                          ^~
[Warning] Compiler: Variable 'Bs' defined but not used. Prefix variable name
with underscore if this is intentional.
	Source(/tmp/audit-work/123-get-odd-collatz/proof-src/reference-semantics/semantics/str.k)
	Location(52,52,52,54)
	52 |	  rule strLt(iCons(A:Int, As:IntSeq), iCons(B:Int, Bs:IntSeq)) => true   
      requires A  <Int B
	   .	                                                   ^~
[Warning] Compiler: Variable 'As' defined but not used. Prefix variable name
with underscore if this is intentional.
	Source(/tmp/audit-work/123-get-odd-collatz/proof-src/reference-semantics/semantics/str.k)
	Location(53,27,53,29)
	53 |	  rule strLt(iCons(A:Int, As:IntSeq), iCons(B:Int, Bs:IntSeq)) => false  
      requires A  >Int B
	   .	                          ^~
[Warning] Compiler: Variable 'Bs' defined but not used. Prefix variable name
with underscore if this is intentional.
	Source(/tmp/audit-work/123-get-odd-collatz/proof-src/reference-semantics/semantics/str.k)
	Location(53,52,53,54)
	53 |	  rule strLt(iCons(A:Int, As:IntSeq), iCons(B:Int, Bs:IntSeq)) => false  
      requires A  >Int B
	   .	                                                   ^~
[Warning] Compiler: Variable 'A' defined but not used. Prefix variable name
with underscore if this is intentional.
	Source(/tmp/audit-work/123-get-odd-collatz/proof-src/spec.k)
	Location(92,23,92,24)
	92 |	    <heap> 0 |-> list(A) </heap>
	   .	                      ^
[exit 0]
[recorded exit 0 in /audit-output/evidence/stage3_kprove_exit-step_unqualified.log]

$ kprove spec.k --definition verification-kompiled-audit --spec-module SPEC --claims case-1 --depth 2000 --smt-timeout 5000
$ kprove spec.k --definition verification-kompiled-audit --spec-module SPEC --claims case-1 --depth 2000 --smt-timeout 5000
#Top
[Warning] Compiler: Variable 'As' defined but not used. Prefix variable name
with underscore if this is intentional.
	Source(/tmp/audit-work/123-get-odd-collatz/proof-src/reference-semantics/semantics/str.k)
	Location(52,27,52,29)
	52 |	  rule strLt(iCons(A:Int, As:IntSeq), iCons(B:Int, Bs:IntSeq)) => true   
      requires A  <Int B
	   .	                          ^~
[Warning] Compiler: Variable 'Bs' defined but not used. Prefix variable name
with underscore if this is intentional.
	Source(/tmp/audit-work/123-get-odd-collatz/proof-src/reference-semantics/semantics/str.k)
	Location(52,52,52,54)
	52 |	  rule strLt(iCons(A:Int, As:IntSeq), iCons(B:Int, Bs:IntSeq)) => true   
      requires A  <Int B
	   .	                                                   ^~
[Warning] Compiler: Variable 'As' defined but not used. Prefix variable name
with underscore if this is intentional.
	Source(/tmp/audit-work/123-get-odd-collatz/proof-src/reference-semantics/semantics/str.k)
	Location(53,27,53,29)
	53 |	  rule strLt(iCons(A:Int, As:IntSeq), iCons(B:Int, Bs:IntSeq)) => false  
      requires A  >Int B
	   .	                          ^~
[Warning] Compiler: Variable 'Bs' defined but not used. Prefix variable name
with underscore if this is intentional.
	Source(/tmp/audit-work/123-get-odd-collatz/proof-src/reference-semantics/semantics/str.k)
	Location(53,52,53,54)
	53 |	  rule strLt(iCons(A:Int, As:IntSeq), iCons(B:Int, Bs:IntSeq)) => false  
      requires A  >Int B
	   .	                                                   ^~
[Warning] Compiler: Variable 'A' defined but not used. Prefix variable name
with underscore if this is intentional.
	Source(/tmp/audit-work/123-get-odd-collatz/proof-src/spec.k)
	Location(92,23,92,24)
	92 |	    <heap> 0 |-> list(A) </heap>
	   .	                      ^
[exit 0]
[recorded exit 0 in /audit-output/evidence/stage3_kprove_case-1_unqualified.log]

$ kprove spec.k --definition verification-kompiled-audit --spec-module SPEC --claims case-5 --depth 2000 --smt-timeout 5000
$ kprove spec.k --definition verification-kompiled-audit --spec-module SPEC --claims case-5 --depth 2000 --smt-timeout 5000
#Top
[Warning] Compiler: Variable 'As' defined but not used. Prefix variable name
with underscore if this is intentional.
	Source(/tmp/audit-work/123-get-odd-collatz/proof-src/reference-semantics/semantics/str.k)
	Location(52,27,52,29)
	52 |	  rule strLt(iCons(A:Int, As:IntSeq), iCons(B:Int, Bs:IntSeq)) => true   
      requires A  <Int B
	   .	                          ^~
[Warning] Compiler: Variable 'Bs' defined but not used. Prefix variable name
with underscore if this is intentional.
	Source(/tmp/audit-work/123-get-odd-collatz/proof-src/reference-semantics/semantics/str.k)
	Location(52,52,52,54)
	52 |	  rule strLt(iCons(A:Int, As:IntSeq), iCons(B:Int, Bs:IntSeq)) => true   
      requires A  <Int B
	   .	                                                   ^~
[Warning] Compiler: Variable 'As' defined but not used. Prefix variable name
with underscore if this is intentional.
	Source(/tmp/audit-work/123-get-odd-collatz/proof-src/reference-semantics/semantics/str.k)
	Location(53,27,53,29)
	53 |	  rule strLt(iCons(A:Int, As:IntSeq), iCons(B:Int, Bs:IntSeq)) => false  
      requires A  >Int B
	   .	                          ^~
[Warning] Compiler: Variable 'Bs' defined but not used. Prefix variable name
with underscore if this is intentional.
	Source(/tmp/audit-work/123-get-odd-collatz/proof-src/reference-semantics/semantics/str.k)
	Location(53,52,53,54)
	53 |	  rule strLt(iCons(A:Int, As:IntSeq), iCons(B:Int, Bs:IntSeq)) => false  
      requires A  >Int B
	   .	                                                   ^~
[Warning] Compiler: Variable 'A' defined but not used. Prefix variable name
with underscore if this is intentional.
	Source(/tmp/audit-work/123-get-odd-collatz/proof-src/spec.k)
	Location(92,23,92,24)
	92 |	    <heap> 0 |-> list(A) </heap>
	   .	                      ^
[exit 0]
[recorded exit 0 in /audit-output/evidence/stage3_kprove_case-5_unqualified.log]

$ kprove spec.k --definition verification-kompiled-audit --spec-module SPEC --claims case-6 --depth 2000 --smt-timeout 5000
$ kprove spec.k --definition verification-kompiled-audit --spec-module SPEC --claims case-6 --depth 2000 --smt-timeout 5000
#Top
[Warning] Compiler: Variable 'As' defined but not used. Prefix variable name
with underscore if this is intentional.
	Source(/tmp/audit-work/123-get-odd-collatz/proof-src/reference-semantics/semantics/str.k)
	Location(52,27,52,29)
	52 |	  rule strLt(iCons(A:Int, As:IntSeq), iCons(B:Int, Bs:IntSeq)) => true   
      requires A  <Int B
	   .	                          ^~
[Warning] Compiler: Variable 'Bs' defined but not used. Prefix variable name
with underscore if this is intentional.
	Source(/tmp/audit-work/123-get-odd-collatz/proof-src/reference-semantics/semantics/str.k)
	Location(52,52,52,54)
	52 |	  rule strLt(iCons(A:Int, As:IntSeq), iCons(B:Int, Bs:IntSeq)) => true   
      requires A  <Int B
	   .	                                                   ^~
[Warning] Compiler: Variable 'As' defined but not used. Prefix variable name
with underscore if this is intentional.
	Source(/tmp/audit-work/123-get-odd-collatz/proof-src/reference-semantics/semantics/str.k)
	Location(53,27,53,29)
	53 |	  rule strLt(iCons(A:Int, As:IntSeq), iCons(B:Int, Bs:IntSeq)) => false  
      requires A  >Int B
	   .	                          ^~
[Warning] Compiler: Variable 'Bs' defined but not used. Prefix variable name
with underscore if this is intentional.
	Source(/tmp/audit-work/123-get-odd-collatz/proof-src/reference-semantics/semantics/str.k)
	Location(53,52,53,54)
	53 |	  rule strLt(iCons(A:Int, As:IntSeq), iCons(B:Int, Bs:IntSeq)) => false  
      requires A  >Int B
	   .	                                                   ^~
[Warning] Compiler: Variable 'A' defined but not used. Prefix variable name
with underscore if this is intentional.
	Source(/tmp/audit-work/123-get-odd-collatz/proof-src/spec.k)
	Location(92,23,92,24)
	92 |	    <heap> 0 |-> list(A) </heap>
	   .	                      ^
[exit 0]
[recorded exit 0 in /audit-output/evidence/stage3_kprove_case-6_unqualified.log]

$ kprove spec.k --definition verification-kompiled-audit --spec-module SPEC --claims case-7 --depth 2000 --smt-timeout 5000
$ kprove spec.k --definition verification-kompiled-audit --spec-module SPEC --claims case-7 --depth 2000 --smt-timeout 5000
#Top
[Warning] Compiler: Variable 'As' defined but not used. Prefix variable name
with underscore if this is intentional.
	Source(/tmp/audit-work/123-get-odd-collatz/proof-src/reference-semantics/semantics/str.k)
	Location(52,27,52,29)
	52 |	  rule strLt(iCons(A:Int, As:IntSeq), iCons(B:Int, Bs:IntSeq)) => true   
      requires A  <Int B
	   .	                          ^~
[Warning] Compiler: Variable 'Bs' defined but not used. Prefix variable name
with underscore if this is intentional.
	Source(/tmp/audit-work/123-get-odd-collatz/proof-src/reference-semantics/semantics/str.k)
	Location(52,52,52,54)
	52 |	  rule strLt(iCons(A:Int, As:IntSeq), iCons(B:Int, Bs:IntSeq)) => true   
      requires A  <Int B
	   .	                                                   ^~
[Warning] Compiler: Variable 'As' defined but not used. Prefix variable name
with underscore if this is intentional.
	Source(/tmp/audit-work/123-get-odd-collatz/proof-src/reference-semantics/semantics/str.k)
	Location(53,27,53,29)
	53 |	  rule strLt(iCons(A:Int, As:IntSeq), iCons(B:Int, Bs:IntSeq)) => false  
      requires A  >Int B
	   .	                          ^~
[Warning] Compiler: Variable 'Bs' defined but not used. Prefix variable name
with underscore if this is intentional.
	Source(/tmp/audit-work/123-get-odd-collatz/proof-src/reference-semantics/semantics/str.k)
	Location(53,52,53,54)
	53 |	  rule strLt(iCons(A:Int, As:IntSeq), iCons(B:Int, Bs:IntSeq)) => false  
      requires A  >Int B
	   .	                                                   ^~
[Warning] Compiler: Variable 'A' defined but not used. Prefix variable name
with underscore if this is intentional.
	Source(/tmp/audit-work/123-get-odd-collatz/proof-src/spec.k)
	Location(92,23,92,24)
	92 |	    <heap> 0 |-> list(A) </heap>
	   .	                      ^
[exit 0]
[recorded exit 0 in /audit-output/evidence/stage3_kprove_case-7_unqualified.log]
