Script started on 2026-07-28 17:27:32-05:00 [<not executed on terminal>]
MATCH	AUDIT_MODE
  actual:   CLASSIFICATION_ONLY
  expected: CLASSIFICATION_ONLY
MATCH	resolved_input_sha256
  actual:   7ba713d3bbd0c958efb798ede33f08e7c85a96a5a3b550401308ed17cc92f12d
  expected: 7ba713d3bbd0c958efb798ede33f08e7c85a96a5a3b550401308ed17cc92f12d
MATCH	k_workspace_sha256
  actual:   954ef328e713bad771e19f1643e762795173089287121f1c0fc54fe392d4c555
  expected: 954ef328e713bad771e19f1643e762795173089287121f1c0fc54fe392d4c555
MATCH	stage1_export_sha256
  actual:   96d19aa68e62d3962d6a5ebc67dd655bcfe693a23bc60a0749428a9f32ac0dc6
  expected: 96d19aa68e62d3962d6a5ebc67dd655bcfe693a23bc60a0749428a9f32ac0dc6
MATCH	discovery_manifest_sha256
  actual:   8da9f2b2dcfda337cef10b6a2bf55e441bd61604c902f6fac8207217f63e2472
  expected: 8da9f2b2dcfda337cef10b6a2bf55e441bd61604c902f6fac8207217f63e2472
MATCH	k_audit_sha256
  actual:   726ed23adf55c2917ebb3d863bb8cecbe3818ba75874f7d22a4b5e4fc52f3d20
  expected: 726ed23adf55c2917ebb3d863bb8cecbe3818ba75874f7d22a4b5e4fc52f3d20
MATCH	klean_generation_sha256
  actual:   a57769cb6ad3990f01238a68d48071c4b1ab04f1bdcbbb5aa13071e26ffdd1cf
  expected: a57769cb6ad3990f01238a68d48071c4b1ab04f1bdcbbb5aa13071e26ffdd1cf
MATCH	generated_tree_sha256
  actual:   54498cf6ca880a8d95bcd9bcdb844b4d502cce93d0b84697a61d35a285c38d29
  expected: 54498cf6ca880a8d95bcd9bcdb844b4d502cce93d0b84697a61d35a285c38d29
MATCH	generation_producer_sources_sha256
  actual:   55e6319f2271365637d561f055caa2f6187aa98b0216ec39cc79e0cce33b867c
  expected: 55e6319f2271365637d561f055caa2f6187aa98b0216ec39cc79e0cce33b867c
MATCH	producer klean_export.py vs source-manifest
  actual:   0c18ea7997ddd34d3cabbeb0f271e17eb8a01cd03342319facf749ba92df18f0
  expected: 0c18ea7997ddd34d3cabbeb0f271e17eb8a01cd03342319facf749ba92df18f0
MATCH	producer klean.py vs source-manifest
  actual:   af70e08a1c91156f9fb5a2492647a2fda2b5a1040cbbc0180e6f03816ddf5ef1
  expected: af70e08a1c91156f9fb5a2492647a2fda2b5a1040cbbc0180e6f03816ddf5ef1
MATCH	producer klean_export.py vs generator-manifest
  actual:   0c18ea7997ddd34d3cabbeb0f271e17eb8a01cd03342319facf749ba92df18f0
  expected: 0c18ea7997ddd34d3cabbeb0f271e17eb8a01cd03342319facf749ba92df18f0
MATCH	producer klean.py vs generator-manifest
  actual:   af70e08a1c91156f9fb5a2492647a2fda2b5a1040cbbc0180e6f03816ddf5ef1
  expected: af70e08a1c91156f9fb5a2492647a2fda2b5a1040cbbc0180e6f03816ddf5ef1
MATCH	generator image ID source-manifest
  actual:   sha256:dc996159ebb6df707cd5366ab83c500be5bbd2b842eda971e55ade57e5dda000
  expected: sha256:dc996159ebb6df707cd5366ab83c500be5bbd2b842eda971e55ade57e5dda000
MATCH	generator image ID audit-input path
  actual:   sha256:dc996159ebb6df707cd5366ab83c500be5bbd2b842eda971e55ade57e5dda000
  expected: sha256:dc996159ebb6df707cd5366ab83c500be5bbd2b842eda971e55ade57e5dda000
MATCH	stage1 source path set
  actual:   ["__pycache__/solution.cpython-310.pyc", "concrete_tests.mpy", "concrete_tests.py", "prompt.py", "prove.sh", "py2mpy.py", "reference-semantics/semantics.k", "reference-semantics/semantics/assert.k", "reference-semantics/semantics/bool.k", "reference-semantics/semantics/builtins.k", "reference-semantics/semantics/call.k", "reference-semantics/semantics/comprehension.k", "reference-semantics/semantics/concrete.k", "reference-semantics/semantics/controls.k", "reference-semantics/semantics/core.k", "reference-semantics/semantics/dict.k", "reference-semantics/semantics/float.k", "reference-semantics/semantics/functions.k", "reference-semantics/semantics/int.k", "reference-semantics/semantics/iter.k", "reference-semantics/semantics/list.k", "reference-semantics/semantics/methods.k", "reference-semantics/semantics/operators.k", "reference-semantics/semantics/range.k", "reference-semantics/semantics/set.k", "reference-semantics/semantics/sort.k", "reference-semantics/semantics/str.k", "reference-semantics/semantics/subscript.k", "reference-semantics/semantics/syntax.k", "reference-semantics/semantics/tuple.k", "solution.mpy", "solution.py", "spec.k", "verification.k"]
  expected: ["__pycache__/solution.cpython-310.pyc", "concrete_tests.mpy", "concrete_tests.py", "prompt.py", "prove.sh", "py2mpy.py", "reference-semantics/semantics.k", "reference-semantics/semantics/assert.k", "reference-semantics/semantics/bool.k", "reference-semantics/semantics/builtins.k", "reference-semantics/semantics/call.k", "reference-semantics/semantics/comprehension.k", "reference-semantics/semantics/concrete.k", "reference-semantics/semantics/controls.k", "reference-semantics/semantics/core.k", "reference-semantics/semantics/dict.k", "reference-semantics/semantics/float.k", "reference-semantics/semantics/functions.k", "reference-semantics/semantics/int.k", "reference-semantics/semantics/iter.k", "reference-semantics/semantics/list.k", "reference-semantics/semantics/methods.k", "reference-semantics/semantics/operators.k", "reference-semantics/semantics/range.k", "reference-semantics/semantics/set.k", "reference-semantics/semantics/sort.k", "reference-semantics/semantics/str.k", "reference-semantics/semantics/subscript.k", "reference-semantics/semantics/syntax.k", "reference-semantics/semantics/tuple.k", "solution.mpy", "solution.py", "spec.k", "verification.k"]
MATCH	stage1 source __pycache__/solution.cpython-310.pyc
  actual:   f981cb3954a3c7e9e7bc35d456558fb7f2c9a48b3403cd27591e53c75826c974
  expected: f981cb3954a3c7e9e7bc35d456558fb7f2c9a48b3403cd27591e53c75826c974
MATCH	stage1 source concrete_tests.mpy
  actual:   2e7f21e0a88a2f4c88fd72f23d8f977465d08dc5a5877d9ea4195bf37fbfb3b0
  expected: 2e7f21e0a88a2f4c88fd72f23d8f977465d08dc5a5877d9ea4195bf37fbfb3b0
MATCH	stage1 source concrete_tests.py
  actual:   f3c6d5f9c228601261833f9660988c5c333e40957f8496b4208cc437287006a6
  expected: f3c6d5f9c228601261833f9660988c5c333e40957f8496b4208cc437287006a6
MATCH	stage1 source prompt.py
  actual:   d4a9a6f17e6f65f8fa63bffa89d863ca691859fab85fff3f60f378d9340cc489
  expected: d4a9a6f17e6f65f8fa63bffa89d863ca691859fab85fff3f60f378d9340cc489
MATCH	stage1 source prove.sh
  actual:   0091b431e7378f527bf5a311345eb9ce5cebe802ce90a2100139bf63bf3a783a
  expected: 0091b431e7378f527bf5a311345eb9ce5cebe802ce90a2100139bf63bf3a783a
MATCH	stage1 source py2mpy.py
  actual:   406485eac118431c08ef59f30f79dfa6aa9d5825408917fc5ce7c806e664db16
  expected: 406485eac118431c08ef59f30f79dfa6aa9d5825408917fc5ce7c806e664db16
MATCH	stage1 source reference-semantics/semantics.k
  actual:   57e8f9f3178639bbb87f95e5cc596bbaa91a6463f965b1965911eff9a0269f97
  expected: 57e8f9f3178639bbb87f95e5cc596bbaa91a6463f965b1965911eff9a0269f97
MATCH	stage1 source reference-semantics/semantics/assert.k
  actual:   4258987a261d24b02ab3abfa52b3b2e013ea6323f9d5eb9a59c8f42cbcba030b
  expected: 4258987a261d24b02ab3abfa52b3b2e013ea6323f9d5eb9a59c8f42cbcba030b
MATCH	stage1 source reference-semantics/semantics/bool.k
  actual:   8d6cfa9cd1ed776e51d776e4d358c418960c57715a6f9654ef9af41aea29f4fd
  expected: 8d6cfa9cd1ed776e51d776e4d358c418960c57715a6f9654ef9af41aea29f4fd
MATCH	stage1 source reference-semantics/semantics/builtins.k
  actual:   fa43a855b8a4548f305f3dd210c8f6c6e7aa15b8d1cb0b8296977f061310c2dd
  expected: fa43a855b8a4548f305f3dd210c8f6c6e7aa15b8d1cb0b8296977f061310c2dd
MATCH	stage1 source reference-semantics/semantics/call.k
  actual:   7e4d6c7cabe7bb4ccff52f21c5d5f30920ccb48d42864146ce53146509f736e4
  expected: 7e4d6c7cabe7bb4ccff52f21c5d5f30920ccb48d42864146ce53146509f736e4
MATCH	stage1 source reference-semantics/semantics/comprehension.k
  actual:   cf7c38aad5cff698ebb05ecbadf00cbf210ddb2f54ae86f22b328311c027c6a7
  expected: cf7c38aad5cff698ebb05ecbadf00cbf210ddb2f54ae86f22b328311c027c6a7
MATCH	stage1 source reference-semantics/semantics/concrete.k
  actual:   1ffea42a32610e9116506d709e9163413aeb5f6deb7824ea554aca8341f2d305
  expected: 1ffea42a32610e9116506d709e9163413aeb5f6deb7824ea554aca8341f2d305
MATCH	stage1 source reference-semantics/semantics/controls.k
  actual:   325c73757d5a7ccf541b93240accd590a2cee90d84470efa3a4a0a14165aafae
  expected: 325c73757d5a7ccf541b93240accd590a2cee90d84470efa3a4a0a14165aafae
MATCH	stage1 source reference-semantics/semantics/core.k
  actual:   e0fdc11dc2b9cd0acb18fe7c832c1ea1ac0c9e79cadf40c63f34276aca513d7e
  expected: e0fdc11dc2b9cd0acb18fe7c832c1ea1ac0c9e79cadf40c63f34276aca513d7e
MATCH	stage1 source reference-semantics/semantics/dict.k
  actual:   779b06e18162464c8422bbd6ac35fa0b9e34ef82807d5c707c6f4552d63c0580
  expected: 779b06e18162464c8422bbd6ac35fa0b9e34ef82807d5c707c6f4552d63c0580
MATCH	stage1 source reference-semantics/semantics/float.k
  actual:   5dfeee8700c90c3aa6dc515b15b74283882845fb6cdcc3627d97ef650124b70f
  expected: 5dfeee8700c90c3aa6dc515b15b74283882845fb6cdcc3627d97ef650124b70f
MATCH	stage1 source reference-semantics/semantics/functions.k
  actual:   e4c8f67741117b29703c3c61d48a5b0f92cf7bd531e78e25c03e794a910ac193
  expected: e4c8f67741117b29703c3c61d48a5b0f92cf7bd531e78e25c03e794a910ac193
MATCH	stage1 source reference-semantics/semantics/int.k
  actual:   dc2da7d81578370651ecb6905b69cb44443cdd8db3869441242b81420382abe5
  expected: dc2da7d81578370651ecb6905b69cb44443cdd8db3869441242b81420382abe5
MATCH	stage1 source reference-semantics/semantics/iter.k
  actual:   5085db2fed67b7bbd39f6289ec275905aaee742690895d7b3f843f73bd62f77f
  expected: 5085db2fed67b7bbd39f6289ec275905aaee742690895d7b3f843f73bd62f77f
MATCH	stage1 source reference-semantics/semantics/list.k
  actual:   870c72341c25e2c16283726191a71bf5b571ed2995c8ae12e3e2923cdce5a9aa
  expected: 870c72341c25e2c16283726191a71bf5b571ed2995c8ae12e3e2923cdce5a9aa
MATCH	stage1 source reference-semantics/semantics/methods.k
  actual:   ff9acc6dab2d1cc99ec4f2d234f27ae4526d752aae62bcfd7f9fd2a0399f7743
  expected: ff9acc6dab2d1cc99ec4f2d234f27ae4526d752aae62bcfd7f9fd2a0399f7743
MATCH	stage1 source reference-semantics/semantics/operators.k
  actual:   f3d1fd85734f5e1757307e606cbfb8d6d4bf0893ee85ce20ec99606ade910e8b
  expected: f3d1fd85734f5e1757307e606cbfb8d6d4bf0893ee85ce20ec99606ade910e8b
MATCH	stage1 source reference-semantics/semantics/range.k
  actual:   810e4c04b757445c03592aef25c97d6b2cc7c6fffa646288bc6cd15a3cae643d
  expected: 810e4c04b757445c03592aef25c97d6b2cc7c6fffa646288bc6cd15a3cae643d
MATCH	stage1 source reference-semantics/semantics/set.k
  actual:   b822c3c6944f9940a4477fa6b7a42490c407663f2a314394e9c146e8951f1ac7
  expected: b822c3c6944f9940a4477fa6b7a42490c407663f2a314394e9c146e8951f1ac7
MATCH	stage1 source reference-semantics/semantics/sort.k
  actual:   df79670e4794a92e96ffc824857fbc34d3a65b6b6a3026d1dcf322128fbaba5a
  expected: df79670e4794a92e96ffc824857fbc34d3a65b6b6a3026d1dcf322128fbaba5a
MATCH	stage1 source reference-semantics/semantics/str.k
  actual:   1bf0abf61d7c5df6301433a89c79d2ef4259d47a68d98385ff74618c4c310e0f
  expected: 1bf0abf61d7c5df6301433a89c79d2ef4259d47a68d98385ff74618c4c310e0f
MATCH	stage1 source reference-semantics/semantics/subscript.k
  actual:   dba04c0acf213bef4f9f7b11243ca00a2b3ca5fa8666c544ede7d382d27d36a7
  expected: dba04c0acf213bef4f9f7b11243ca00a2b3ca5fa8666c544ede7d382d27d36a7
MATCH	stage1 source reference-semantics/semantics/syntax.k
  actual:   1e9e629e5e6e14bdd7f4d530375e8655a89366b5ecd0c24a3c57ad3b5708f2a6
  expected: 1e9e629e5e6e14bdd7f4d530375e8655a89366b5ecd0c24a3c57ad3b5708f2a6
MATCH	stage1 source reference-semantics/semantics/tuple.k
  actual:   41395a1ec6a58129c78facb15b44206907c54d79e86ea363ae68cb37bfc64abb
  expected: 41395a1ec6a58129c78facb15b44206907c54d79e86ea363ae68cb37bfc64abb
MATCH	stage1 source solution.mpy
  actual:   8878b8488943a7fc31808899d00a3cbf433c48b524f0f1515c79f92c10e6e659
  expected: 8878b8488943a7fc31808899d00a3cbf433c48b524f0f1515c79f92c10e6e659
MATCH	stage1 source solution.py
  actual:   b0c65c90f2f255fcbae2bf1a4ef2dfb91ded7bbbc5e93a3d15bd7e33ee8d16ed
  expected: b0c65c90f2f255fcbae2bf1a4ef2dfb91ded7bbbc5e93a3d15bd7e33ee8d16ed
MATCH	stage1 source spec.k
  actual:   91b9690df9b043455d473f4d88ada4a2cdc1d1ba0cedbacc3eddeaf647076a15
  expected: 91b9690df9b043455d473f4d88ada4a2cdc1d1ba0cedbacc3eddeaf647076a15
MATCH	stage1 source verification.k
  actual:   d12d37f461c934500948acbe2784945c8f09f41e72040506fb70507eb58e591b
  expected: d12d37f461c934500948acbe2784945c8f09f41e72040506fb70507eb58e591b
TOTAL_CHECKS=50
TOTAL_MISMATCHES=0

Script done on 2026-07-28 17:27:32-05:00 [COMMAND_EXIT_CODE="0"]
