CWD: /audit-output
COMMAND: python3 evidence/differential_test.py
negative=[-20:0, -5:0, -1:0]
empty_and_outer_loop=[0:0, 1:0, 2:0]
divisor_11_boundary=[10:0, 11:0, 12:0]
divisor_13_boundary=[12:0, 13:0, 14:0]
first_selected_digit_7=[76:0, 77:0, 78:2]
documented_examples=[50:0, 78:2, 79:3]
second_selected_digit_7=[78:2, 79:3, 80:3]
overlap_11x13=[142:4, 143:4, 144:4]
multi_digit_sevens=[777:37, 778:37, 779:37]
representative_large=[1000:47, 2000:95, 9999:639, 10000:639]
oracle=/reference/canonical.py:fizz_buzz
subject=/tmp/audit-work/fizz-buzz-audit/solution.py:fizz_buzz
exhaustive_integer_interval=-20..300
seed=360036
seeded_random_count=128 range=-100..5000
unique_inputs=446
mismatch_count=0

EXIT_STATUS: 0
