COMMAND: bash -lc python3\ /audit-output/evidence/rule_inventory.py\ \>\ /audit-output/evidence/rule-inventory.md\;\ wc\ -lc\ /audit-output/evidence/rule-inventory.md\;\ tail\ -n\ 12\ /audit-output/evidence/rule-inventory.md\;\ rg\ -n\ \"verification.k\|scanParenGroups\|priority\"\ /audit-output/evidence/rule-inventory.md\ \|\ tail\ -n\ 20
  1279 111097 /audit-output/evidence/rule-inventory.md
| 55 | claim | function | claim [function-correct]: <k> Call(Name("separate_paren_groups"), str(S:IntSeq)) => ref(0) </k> <env> 0 </env> <scopes> 0 \|-> scope( "separate_paren_groups" \|-> closureVal( "paren_string", Assign(Name("groups"), ListExpr(.Exprs)) Assign(Name("current"), Str("")) Assign(Name("depth"), Int(0)) Assign(Name("char"), Str("")) For( Name("char"), Name("paren_string"), If( Compare(Name("char"), CmpOp("!=", Str(" "))), AugAssign(Name("current"), "+", Name("char")) If( Compare(Name("char"), CmpOp("==", Str("("))), AugAssign(Name("depth"), "+", Int(1)) .Stmts, AugAssign(Name("depth"), "-", Int(1)) .Stmts) If( Compare(Name("depth"), CmpOp("==", Int(0))), Expr( Call( Attribute(Name("groups"), "append"), Name("current"))) Assign(Name("current"), Str("")) .Stmts, .Stmts) .Stmts, .Stmts) .Stmts) Return(Name("groups")) .Stmts, 0), parent(-1)) -1 \|-> builtinsScope </scopes> <scopeLoc> 1 </scopeLoc> <heap> .Map => 0 \|-> list(separateParenGroupsSpec(S)) </heap> <heapLoc> 0 => 1 </heapLoc> <stack> .List </stack> <ret> noRet </ret> <exc> NoExc </exc> <exit-code> 0 </exit-code> requires validParenInput(S) |

## Totals

- requires: 25
- module: 27
- imports: 88
- syntax: 230
- configuration: 1
- context: 5
- rule: 705
- claim: 2
905:| 94 | rule | priority | rule <k> #applyK(toCall(boundMethodV(str(CS:IntSeq), "split")), (str(iCons(SEP:Int, .IntSeq)), .Vals)) => #alloc(list(splitSep(CS, SEP, .IntSeq))) ... </k> [priority(40)] |
974:| 20 | rule | priority | rule applyCmp("is not", V:Val, noneV) => notBool (V ==K noneV) |
975:| 25 | rule | priority | rule <k> BinOp(OP:String, ref(H:Int), R:Expr) => BinOp(OP, V, R) ... </k> <heap> ... H \|-> V:Val ... </heap> [priority(40)] |
976:| 28 | rule | priority | rule <k> BinOp(OP:String, L:Val, ref(H:Int)) => BinOp(OP, L, V) ... </k> <heap> ... H \|-> V:Val ... </heap> requires notBool isRefV(L) [priority(40)] |
977:| 34 | rule | priority | rule <k> Compare(ref(H:Int), CmpOp(OP:String, R:Expr)) => Compare(V, CmpOp(OP, R)) ... </k> <heap> ... H \|-> V:Val ... </heap> requires OP =/=String "in" andBool OP =/=String "not in" [priority(40)] |
978:| 38 | rule | priority | rule <k> Compare(L:Val, CmpOp(OP:String, ref(H:Int))) => Compare(L, CmpOp(OP, V)) ... </k> <heap> ... H \|-> V:Val ... </heap> requires notBool isRefV(L) orBool OP ==String "in" orBool OP ==String "not in" [priority(40)] |
979:| 44 | rule | priority | rule <k> UnaryOp(OP:String, ref(H:Int)) => UnaryOp(OP, V) ... </k> <heap> ... H \|-> V:Val ... </heap> [priority(40)] |
1048:| 40 | rule | priority, concrete | rule <k> #applyK(toCall(boundMethodV(ref(H:Int), "sort")), .Vals) => noneV ... </k> <heap> ... H \|-> list(VS:ValSeq => sortVS(VS)) ... </heap> [priority(40)] |
1123:| 31 | rule | priority | rule <k> Subscript(ref(H:Int), IX:Index) => Subscript(V, IX) ... </k> <heap> ... H \|-> V:Val ... </heap> [priority(40)] |
1137:| 58 | rule | priority | rule <k> ST:OptInt ~> #slStep(list(VS:ValSeq), LO:OptInt, HI:OptInt) => #alloc(doSlice(list(VS), LO, HI, ST)) ... </k> [priority(45)] |
1224:| 35 | rule | priority | rule <k> #bindTgt(Name(X:String), V:Val) => #cellW({M[X]}:>Val, V) ... </k> <env> L:Int </env> <scopes> ... L \|-> scope(M:Map, _) ... </scopes> requires "$cells" in_keys(M) andBool pnMember(X, cellsOf({M["$cells"]}:>Val)) andBool X in_keys(M) andBool isCellRef({M[X]}:>Val) [priority(40)] |
1227:| 44 | rule | priority | rule <k> #bindTgt(TupleExpr(TS:Exprs), ref(H:Int)) => #bindTgt(TupleExpr(TS), V) ... </k> <heap> ... H \|-> V:Val ... </heap> [priority(40)] |
1231:| 52 | rule | priority | rule <k> Assign(TupleExpr(TS:Exprs), ref(H:Int)) => Assign(TupleExpr(TS), V) ... </k> <heap> ... H \|-> V:Val ... </heap> [priority(40)] |
1235:## `verification.k`
1244:| 8 | syntax | function, total | syntax ValSeq ::= scanParenGroups(IntSeq, Int, IntSeq, ValSeq) [function, total] |
1245:| 11 | rule | - | rule scanParenGroups(.IntSeq, _:Int, _:IntSeq, OUT:ValSeq) => OUT |
1246:| 14 | rule | - | rule scanParenGroups(iCons(C:Int, REST:IntSeq), D:Int, CUR:IntSeq, OUT:ValSeq) => #if C ==Int 32 #then scanParenGroups(REST, D, CUR, OUT) #else #if C ==Int 40 #then #if (D +Int 1) ==Int 0 #then scanParenGroups( REST, 0, .IntSeq, valSeqConcat( OUT, vCons( str(seqConcat(CUR, iCons(C, .IntSeq))), .ValSeq))) #else scanParenGroups( REST, D +Int 1, seqConcat(CUR, iCons(C, .IntSeq)), OUT) #fi #else #if (D -Int 1) ==Int 0 #then scanParenGroups( REST, 0, .IntSeq, valSeqConcat( OUT, vCons( str(seqConcat(CUR, iCons(C, .IntSeq))), .ValSeq))) #else scanParenGroups( REST, D -Int 1, seqConcat(CUR, iCons(C, .IntSeq)), OUT) #fi #fi #fi |
1248:| 62 | rule | - | rule separateParenGroupsSpec(S:IntSeq) => scanParenGroups(S, 0, .IntSeq, .ValSeq) |
1264:| 1 | requires | - | requires "verification.k" |
1267:| 6 | claim | - | claim [loop-invariant]: <k> #loop( str(S:IntSeq), Name("char"), If( Compare(Name("char"), CmpOp("!=", Str(" "))), AugAssign(Name("current"), "+", Name("char")) If( Compare(Name("char"), CmpOp("==", Str("("))), AugAssign(Name("depth"), "+", Int(1)) .Stmts, AugAssign(Name("depth"), "-", Int(1)) .Stmts) If( Compare(Name("depth"), CmpOp("==", Int(0))), Expr(Call(Attribute(Name("groups"), "append"), Name("current"))) Assign(Name("current"), Str("")) .Stmts, .Stmts) .Stmts, .Stmts) .Stmts) => .K ... </k> <env> L:Int </env> <scopes> ... L \|-> scope( "paren_string" \|-> str(INPUT:IntSeq) "groups" \|-> ref(H:Int) "current" \|-> (str(CUR:IntSeq) => str(?FINALCUR:IntSeq)) "depth" \|-> (D:Int => ?FINALD:Int) "char" \|-> (str(CH:IntSeq) => str(?FINALCH:IntSeq)), P:Parent) ... </scopes> <scopeLoc> NEXTSCOPE:Int </scopeLoc> <heap> ... H \|-> (list(OUT:ValSeq) => list(scanParenGroups(S, D, CUR, OUT))) ... </heap> <heapLoc> NEXTHEAP:Int </heapLoc> <stack> STACK:List </stack> <ret> noRet </ret> <exc> NoExc </exc> <exit-code> 0 </exit-code> |

EXIT_STATUS: 0
