WORKDIR: /tmp/audit-work
COMMAND: kprove source/spec-no-len.k --definition build/verification-no-len-kompiled --spec-module SPEC --claims SPEC.loop-invariant --output pretty
EXIT_STATUS: 1
OUTPUT_BYTES: 11305
--- OUTPUT ---
kore-exec: [4541518] Warning (WarnStuckClaimState):
    The configuration's term doesn't unify with the destination's term and the configuration cannot be rewritten further. Location: /tmp/audit-work/source/spec-no-len.k:9:5-43:15
Context:
    (InfoReachability) while checking the implication
kore-exec: [4546201] Warning (WarnUnexploredBranches):
    13 branches were still unexplored when the action failed.
  #Not ( #Exists P0 . {
      P
    #Equals
      parent ( P0 )
    }
  #And
    {
      false
    #Equals
      "len" in_keys ( REST )
    } )
#And
  #Not ( {
    true
  #Equals
    "len" in_keys ( "_plain" |-> 0
    "n" |-> OLDN:Int
    "result" |-> str ( A )
    "word" |-> str ( C )
    REST )
  } )
#And
  <generatedTop>
    <k>
      #look ( "len" , L ) ~> #callee ( Name ( "word" ) , .Exprs ) ~> #freezerAssign(_,_)_MPY-SYNTAX_Stmt_Expr_Expr1_ ( Name ( "n" ) ~> .K ) ~> If ( BoolOp ( "or" , Compare ( Name ( "n" ) , CmpOp ( "==" , Int ( 2 ) ) ) , Compare ( Name ( "n" ) , CmpOp ( "==" , Int ( 3 ) ) ) , Compare ( Name ( "n" ) , CmpOp ( "==" , Int ( 5 ) ) ) , Compare ( Name ( "n" ) , CmpOp ( "==" , Int ( 7 ) ) ) , Compare ( Name ( "n" ) , CmpOp ( "==" , Int ( 11 ) ) ) , Compare ( Name ( "n" ) , CmpOp ( "==" , Int ( 13 ) ) ) , Compare ( Name ( "n" ) , CmpOp ( "==" , Int ( 17 ) ) ) , Compare ( Name ( "n" ) , CmpOp ( "==" , Int ( 19 ) ) ) , Compare ( Name ( "n" ) , CmpOp ( "==" , Int ( 23 ) ) ) , Compare ( Name ( "n" ) , CmpOp ( "==" , Int ( 29 ) ) ) , Compare ( Name ( "n" ) , CmpOp ( "==" , Int ( 31 ) ) ) , Compare ( Name ( "n" ) , CmpOp ( "==" , Int ( 37 ) ) ) , Compare ( Name ( "n" ) , CmpOp ( "==" , Int ( 41 ) ) ) , Compare ( Name ( "n" ) , CmpOp ( "==" , Int ( 43 ) ) ) , Compare ( Name ( "n" ) , CmpOp ( "==" , Int ( 47 ) ) ) , Compare ( Name ( "n" ) , CmpOp ( "==" , Int ( 53 ) ) ) , Compare ( Name ( "n" ) , CmpOp ( "==" , Int ( 59 ) ) ) , Compare ( Name ( "n" ) , CmpOp ( "==" , Int ( 61 ) ) ) , Compare ( Name ( "n" ) , CmpOp ( "==" , Int ( 67 ) ) ) , Compare ( Name ( "n" ) , CmpOp ( "==" , Int ( 71 ) ) ) , Compare ( Name ( "n" ) , CmpOp ( "==" , Int ( 73 ) ) ) , Compare ( Name ( "n" ) , CmpOp ( "==" , Int ( 79 ) ) ) , Compare ( Name ( "n" ) , CmpOp ( "==" , Int ( 83 ) ) ) , Compare ( Name ( "n" ) , CmpOp ( "==" , Int ( 89 ) ) ) , Compare ( Name ( "n" ) , CmpOp ( "==" , Int ( 97 ) ) ) , .Exprs ) , If ( Compare ( Name ( "result" ) , CmpOp ( "==" , Str ( "" ) ) ) , Assign ( Name ( "result" ) , Name ( "word" ) )  .Stmts , Assign ( Name ( "result" ) , BinOp ( "+" , BinOp ( "+" , Name ( "result" ) , Str ( " " ) ) , Name ( "word" ) ) )  .Stmts )  .Stmts , .Stmts )  .Stmts ~> #loopLbl ( #loop ( list ( wordsVals ( R ) ) , Name ( "word" ) , Assign ( Name ( "n" ) , Call ( Name ( "len" ) , Name ( "word" ) , .Exprs ) )  If ( BoolOp ( "or" , Compare ( Name ( "n" ) , CmpOp ( "==" , Int ( 2 ) ) ) , Compare ( Name ( "n" ) , CmpOp ( "==" , Int ( 3 ) ) ) , Compare ( Name ( "n" ) , CmpOp ( "==" , Int ( 5 ) ) ) , Compare ( Name ( "n" ) , CmpOp ( "==" , Int ( 7 ) ) ) , Compare ( Name ( "n" ) , CmpOp ( "==" , Int ( 11 ) ) ) , Compare ( Name ( "n" ) , CmpOp ( "==" , Int ( 13 ) ) ) , Compare ( Name ( "n" ) , CmpOp ( "==" , Int ( 17 ) ) ) , Compare ( Name ( "n" ) , CmpOp ( "==" , Int ( 19 ) ) ) , Compare ( Name ( "n" ) , CmpOp ( "==" , Int ( 23 ) ) ) , Compare ( Name ( "n" ) , CmpOp ( "==" , Int ( 29 ) ) ) , Compare ( Name ( "n" ) , CmpOp ( "==" , Int ( 31 ) ) ) , Compare ( Name ( "n" ) , CmpOp ( "==" , Int ( 37 ) ) ) , Compare ( Name ( "n" ) , CmpOp ( "==" , Int ( 41 ) ) ) , Compare ( Name ( "n" ) , CmpOp ( "==" , Int ( 43 ) ) ) , Compare ( Name ( "n" ) , CmpOp ( "==" , Int ( 47 ) ) ) , Compare ( Name ( "n" ) , CmpOp ( "==" , Int ( 53 ) ) ) , Compare ( Name ( "n" ) , CmpOp ( "==" , Int ( 59 ) ) ) , Compare ( Name ( "n" ) , CmpOp ( "==" , Int ( 61 ) ) ) , Compare ( Name ( "n" ) , CmpOp ( "==" , Int ( 67 ) ) ) , Compare ( Name ( "n" ) , CmpOp ( "==" , Int ( 71 ) ) ) , Compare ( Name ( "n" ) , CmpOp ( "==" , Int ( 73 ) ) ) , Compare ( Name ( "n" ) , CmpOp ( "==" , Int ( 79 ) ) ) , Compare ( Name ( "n" ) , CmpOp ( "==" , Int ( 83 ) ) ) , Compare ( Name ( "n" ) , CmpOp ( "==" , Int ( 89 ) ) ) , Compare ( Name ( "n" ) , CmpOp ( "==" , Int ( 97 ) ) ) , .Exprs ) , If ( Compare ( Name ( "result" ) , CmpOp ( "==" , Str ( "" ) ) ) , Assign ( Name ( "result" ) , Name ( "word" ) )  .Stmts , Assign ( Name ( "result" ) , BinOp ( "+" , BinOp ( "+" , Name ( "result" ) , Str ( " " ) ) , Name ( "word" ) ) )  .Stmts )  .Stmts , .Stmts )  .Stmts ) ~> .K ) ~> _DotVar1 ~> .K
    </k>
    <env>
      L
    </env>
    <scopes>
      L:Int |-> scope ( "_plain" |-> 0
      "n" |-> OLDN:Int
      "result" |-> str ( A )
      "word" |-> str ( C )
      REST , P )
      _DotVar2
    </scopes>
    <scopeLoc>
      _Gen8
    </scopeLoc>
    <heap>
      _Gen9
    </heap>
    <heapLoc>
      _Gen10
    </heapLoc>
    <stack>
      _Gen11
    </stack>
    <ret>
      _Gen12
    </ret>
    <exc>
      _Gen13
    </exc>
    <exit-code>
      _Gen14
    </exit-code>
  </generatedTop>
#And
  {
    W
  #Equals
    wCons ( C , R )
  }
#And
  {
    false
  #Equals
    "$cells" in_keys ( REST )
  }
#And
  {
    false
  #Equals
    "_plain" in_keys ( REST )
  }
#And
  {
    false
  #Equals
    "n" in_keys ( REST )
  }
#And
  {
    false
  #Equals
    "result" in_keys ( REST )
  }
#And
  {
    false
  #Equals
    "word" in_keys ( REST )
  }
#And
  {
    false
  #Equals
    L:Int in_keys ( _DotVar2 )
  }
[Warning] Compiler: Variable 'As' defined but not used. Prefix variable name
with underscore if this is intentional.
	Source(/tmp/audit-work/source/reference-semantics/semantics/str.k)
	Location(52,27,52,29)
	52 |	  rule strLt(iCons(A:Int, As:IntSeq), iCons(B:Int, Bs:IntSeq)) => true   
      requires A  <Int B
	   .	                          ^~
[Warning] Compiler: Variable 'Bs' defined but not used. Prefix variable name
with underscore if this is intentional.
	Source(/tmp/audit-work/source/reference-semantics/semantics/str.k)
	Location(52,52,52,54)
	52 |	  rule strLt(iCons(A:Int, As:IntSeq), iCons(B:Int, Bs:IntSeq)) => true   
      requires A  <Int B
	   .	                                                   ^~
[Warning] Compiler: Variable 'As' defined but not used. Prefix variable name
with underscore if this is intentional.
	Source(/tmp/audit-work/source/reference-semantics/semantics/str.k)
	Location(53,27,53,29)
	53 |	  rule strLt(iCons(A:Int, As:IntSeq), iCons(B:Int, Bs:IntSeq)) => false  
      requires A  >Int B
	   .	                          ^~
[Warning] Compiler: Variable 'Bs' defined but not used. Prefix variable name
with underscore if this is intentional.
	Source(/tmp/audit-work/source/reference-semantics/semantics/str.k)
	Location(53,52,53,54)
	53 |	  rule strLt(iCons(A:Int, As:IntSeq), iCons(B:Int, Bs:IntSeq)) => false  
      requires A  >Int B
	   .	                                                   ^~
[Warning] Compiler: Variable '?FINALWORD' defined but not used. Prefix variable
name with underscore if this is intentional.
	Source(/tmp/audit-work/source/spec-no-len.k)
	Location(30,23,30,33)
	30 |	        ("word"   |-> ?FINALWORD:Val)
	   .	                      ^~~~~~~~~~
[Warning] Compiler: Variable '?FINALN' defined but not used. Prefix variable
name with underscore if this is intentional.
	Source(/tmp/audit-work/source/spec-no-len.k)
	Location(31,23,31,30)
	31 |	        ("n"      |-> ?FINALN:Int)
	   .	                      ^~~~~~~
[Warning] Compiler: Variable 'P' defined but not used. Prefix variable name
with underscore if this is intentional.
	Source(/tmp/audit-work/source/verification-no-len.k)
	Location(173,12,173,13)
	173 |	           P:Parent)
	    .	           ^
[Warning] Compiler: Variable 'P' defined but not used. Prefix variable name
with underscore if this is intentional.
	Source(/tmp/audit-work/source/verification-no-len.k)
	Location(194,12,194,13)
	194 |	           P:Parent)
	    .	           ^
[Warning] Compiler: Variable 'P' defined but not used. Prefix variable name
with underscore if this is intentional.
	Source(/tmp/audit-work/source/verification-no-len.k)
	Location(215,12,215,13)
	215 |	           P:Parent)
	    .	           ^
[Warning] Compiler: Variable 'R' defined but not used. Prefix variable name
with underscore if this is intentional.
	Source(/tmp/audit-work/source/verification-no-len.k)
	Location(227,26,227,27)
	227 |	           ("result" |-> R:Val)
	    .	                         ^
[Warning] Compiler: Variable 'W' defined but not used. Prefix variable name
with underscore if this is intentional.
	Source(/tmp/audit-work/source/verification-no-len.k)
	Location(228,24,228,25)
	228 |	           ("word" |-> W:Val)
	    .	                       ^
[Warning] Compiler: Variable 'M' defined but not used. Prefix variable name
with underscore if this is intentional.
	Source(/tmp/audit-work/source/verification-no-len.k)
	Location(230,12,230,13)
	230 |	           M:Map,
	    .	           ^
[Warning] Compiler: Variable 'P' defined but not used. Prefix variable name
with underscore if this is intentional.
	Source(/tmp/audit-work/source/verification-no-len.k)
	Location(231,12,231,13)
	231 |	           P:Parent)
	    .	           ^
[Warning] Compiler: Variable 'R' defined but not used. Prefix variable name
with underscore if this is intentional.
	Source(/tmp/audit-work/source/verification-no-len.k)
	Location(242,26,242,27)
	242 |	           ("result" |-> R:Val)
	    .	                         ^
[Warning] Compiler: Variable 'N' defined but not used. Prefix variable name
with underscore if this is intentional.
	Source(/tmp/audit-work/source/verification-no-len.k)
	Location(244,21,244,22)
	244 |	           ("n" |-> N:Int)
	    .	                    ^
[Warning] Compiler: Variable 'M' defined but not used. Prefix variable name
with underscore if this is intentional.
	Source(/tmp/audit-work/source/verification-no-len.k)
	Location(245,12,245,13)
	245 |	           M:Map,
	    .	           ^
[Warning] Compiler: Variable 'P' defined but not used. Prefix variable name
with underscore if this is intentional.
	Source(/tmp/audit-work/source/verification-no-len.k)
	Location(246,12,246,13)
	246 |	           P:Parent)
	    .	           ^
[Warning] Compiler: Variable 'W' defined but not used. Prefix variable name
with underscore if this is intentional.
	Source(/tmp/audit-work/source/verification-no-len.k)
	Location(258,24,258,25)
	258 |	           ("word" |-> W:Val)
	    .	                       ^
[Warning] Compiler: Variable 'N' defined but not used. Prefix variable name
with underscore if this is intentional.
	Source(/tmp/audit-work/source/verification-no-len.k)
	Location(259,21,259,22)
	259 |	           ("n" |-> N:Int)
	    .	                    ^
[Warning] Compiler: Variable 'M' defined but not used. Prefix variable name
with underscore if this is intentional.
	Source(/tmp/audit-work/source/verification-no-len.k)
	Location(260,12,260,13)
	260 |	           M:Map,
	    .	           ^
[Warning] Compiler: Variable 'P' defined but not used. Prefix variable name
with underscore if this is intentional.
	Source(/tmp/audit-work/source/verification-no-len.k)
	Location(261,12,261,13)
	261 |	           P:Parent)
	    .	           ^
[Error] Prover: backend terminated because the configuration cannot be
rewritten further. See output for more details.
