COMMAND: diff -u /tmp/audit-work/reconstruction/spec.k /tmp/audit-work/reconstruction/spec-labelled.k
WORKDIR: /audit-output
--- /tmp/audit-work/reconstruction/spec.k	2026-07-23 05:58:05.393482665 -0500
+++ /tmp/audit-work/reconstruction/spec-labelled.k	2026-07-23 06:01:17.743736477 -0500
@@ -1,10 +1,10 @@
 requires "verification.k"
 
-module SPEC
+module SPEC-AUDIT
   imports MPY-VERIFICATION
 
   // End-to-end execution for each constructor in the input alphabet.
-  claim
+  claim [audit-entry-whole]:
     <mpy>
       <k> theProgram ~> invoke("parse_music", pyStr("o")) => .K </k>
       <functions>
@@ -23,7 +23,7 @@
     </mpy>
 
   // The complete example from prompt.py, proved through the translated AST.
-  claim
+  claim [audit-entry-example]:
     <mpy>
       <k>
         theProgram ~>
@@ -69,7 +69,7 @@
       </result>
     </mpy>
 
-  claim
+  claim [audit-entry-half]:
     <mpy>
       <k> theProgram ~> invoke("parse_music", pyStr("o|")) => .K </k>
       <functions>
@@ -87,7 +87,7 @@
       </result>
     </mpy>
 
-  claim
+  claim [audit-entry-quarter]:
     <mpy>
       <k> theProgram ~> invoke("parse_music", pyStr(".|")) => .K </k>
       <functions>
@@ -107,7 +107,7 @@
 
   // Inductive loop step for a whole note. PREFIX and REST are universally
   // quantified, so the claim covers any iteration in any finite input.
-  claim
+  claim [audit-loop-whole]:
     <mpy>
       <k>
         loop("note", ListItem(pyStr("o")) REST:List, parserBranch)
@@ -123,7 +123,7 @@
     </mpy>
 
   // Inductive loop step for a half note.
-  claim
+  claim [audit-loop-half]:
     <mpy>
       <k>
         loop("note", ListItem(pyStr("o|")) REST:List, parserBranch)
@@ -139,7 +139,7 @@
     </mpy>
 
   // Inductive loop step for a quarter note.
-  claim
+  claim [audit-loop-quarter]:
     <mpy>
       <k>
         loop("note", ListItem(pyStr(".|")) REST:List, parserBranch)
@@ -156,7 +156,7 @@
 
   // Base case: after the finite token list is exhausted, return the exact
   // accumulated prefix without changing it.
-  claim
+  claim [audit-loop-base]:
     <mpy>
       <k>
         loop("note", .List, parserBranch) ~> Return(Name("beats"))
@@ -168,7 +168,7 @@
     </mpy>
 
   // Source-to-invariant bridge for a whole-note prefix and arbitrary suffix.
-  claim
+  claim [audit-bridge-whole]:
     <mpy>
       <k>
         theProgram ~>
@@ -189,7 +189,7 @@
     </mpy>
 
   // Source-to-invariant bridge for a half-note prefix.
-  claim
+  claim [audit-bridge-half]:
     <mpy>
       <k>
         theProgram ~>
@@ -210,7 +210,7 @@
     </mpy>
 
   // Source-to-invariant bridge for a quarter-note prefix.
-  claim
+  claim [audit-bridge-quarter]:
     <mpy>
       <k>
         theProgram ~>
EXIT_STATUS: 1
