Script started on 2026-07-26 11:37:10-05:00 [<not executed on terminal>]
COMMAND: krun solution.mpy -cN=0 --definition /tmp/audit-work/130-tri-audit/semantic-concrete-kompiled
EXIT_STATUS=0
STDOUT_BYTES=56
STDOUT_SHA256=28c810048522a4738b7cf49a28aa25d67881af26ad14890df4a177455e713004
STDOUT_PREFIX='<k>\n  returned ( LVal ( cons ( 1 , nil ) ) ) ~> .K\n</k>\n'
STDOUT_SUFFIX='<k>\n  returned ( LVal ( cons ( 1 , nil ) ) ) ~> .K\n</k>\n'
N=0 K_LENGTH=1 K_LAST=1 PYTHON_NUMERIC_MATCH=True
COMMAND: krun solution.mpy -cN=1 --definition /tmp/audit-work/130-tri-audit/semantic-concrete-kompiled
EXIT_STATUS=0
STDOUT_BYTES=69
STDOUT_SHA256=7a60a787607c23b5516734550d62d7126be869604a2434b226c7757e74675d7e
STDOUT_PREFIX='<k>\n  returned ( LVal ( cons ( 1 , cons ( 3 , nil ) ) ) ) ~> .K\n</k>\n'
STDOUT_SUFFIX='<k>\n  returned ( LVal ( cons ( 1 , cons ( 3 , nil ) ) ) ) ~> .K\n</k>\n'
N=1 K_LENGTH=2 K_LAST=3 PYTHON_NUMERIC_MATCH=True
COMMAND: krun solution.mpy -cN=2 --definition /tmp/audit-work/130-tri-audit/semantic-concrete-kompiled
EXIT_STATUS=0
STDOUT_BYTES=82
STDOUT_SHA256=55cabe3237d79539a4290f113b5b286277022ba98b545cd630f07b4bdbd23800
STDOUT_PREFIX='<k>\n  returned ( LVal ( cons ( 1 , cons ( 3 , cons ( 2 , nil ) ) ) ) ) ~> .K\n</k>\n'
STDOUT_SUFFIX='<k>\n  returned ( LVal ( cons ( 1 , cons ( 3 , cons ( 2 , nil ) ) ) ) ) ~> .K\n</k>\n'
N=2 K_LENGTH=3 K_LAST=2 PYTHON_NUMERIC_MATCH=True
COMMAND: krun solution.mpy -cN=3 --definition /tmp/audit-work/130-tri-audit/semantic-concrete-kompiled
EXIT_STATUS=0
STDOUT_BYTES=95
STDOUT_SHA256=e1368d8eb2e743e753744cd6e146526433c0a4dcad6b0f3e83650f87d7136261
STDOUT_PREFIX='<k>\n  returned ( LVal ( cons ( 1 , cons ( 3 , cons ( 2 , cons ( 8 , nil ) ) ) ) ) ) ~> .K\n</k>\n'
STDOUT_SUFFIX='<k>\n  returned ( LVal ( cons ( 1 , cons ( 3 , cons ( 2 , cons ( 8 , nil ) ) ) ) ) ) ~> .K\n</k>\n'
N=3 K_LENGTH=4 K_LAST=8 PYTHON_NUMERIC_MATCH=True
COMMAND: krun solution.mpy -cN=4 --definition /tmp/audit-work/130-tri-audit/semantic-concrete-kompiled
EXIT_STATUS=0
STDOUT_BYTES=108
STDOUT_SHA256=3fb5d63345f334eb62b78ab0632d8b824cdff3fe9b60a49ee6aa675ef2bd9778
STDOUT_PREFIX='<k>\n  returned ( LVal ( cons ( 1 , cons ( 3 , cons ( 2 , cons ( 8 , cons ( 3 , nil ) ) ) ) ) ) ) ~> .K\n</k>\n'
STDOUT_SUFFIX='<k>\n  returned ( LVal ( cons ( 1 , cons ( 3 , cons ( 2 , cons ( 8 , cons ( 3 , nil ) ) ) ) ) ) ) ~> .K\n</k>\n'
N=4 K_LENGTH=5 K_LAST=3 PYTHON_NUMERIC_MATCH=True
COMMAND: krun solution.mpy -cN=5 --definition /tmp/audit-work/130-tri-audit/semantic-concrete-kompiled
EXIT_STATUS=0
STDOUT_BYTES=122
STDOUT_SHA256=8f0a498f9a2e514e8ee01abbeb210ca9a87d192b27f9c4fbe5ce2e175b913e5b
STDOUT_PREFIX='<k>\n  returned ( LVal ( cons ( 1 , cons ( 3 , cons ( 2 , cons ( 8 , cons ( 3 , cons ( 15 , nil ) ) ) ) ) ) ) ) ~> .K\n</k>\n'
STDOUT_SUFFIX='<k>\n  returned ( LVal ( cons ( 1 , cons ( 3 , cons ( 2 , cons ( 8 , cons ( 3 , cons ( 15 , nil ) ) ) ) ) ) ) ) ~> .K\n</k>\n'
N=5 K_LENGTH=6 K_LAST=15 PYTHON_NUMERIC_MATCH=True
COMMAND: krun solution.mpy -cN=6 --definition /tmp/audit-work/130-tri-audit/semantic-concrete-kompiled
EXIT_STATUS=0
STDOUT_BYTES=135
STDOUT_SHA256=6aeeef5c0e725069a06527c21359cfc2209cc669d9afddc4f956d2a7c8fb6681
STDOUT_PREFIX='<k>\n  returned ( LVal ( cons ( 1 , cons ( 3 , cons ( 2 , cons ( 8 , cons ( 3 , cons ( 15 , cons ( 4 , nil ) ) ) ) ) ) ) ) ) ~> .K\n</k>\n'
STDOUT_SUFFIX='<k>\n  returned ( LVal ( cons ( 1 , cons ( 3 , cons ( 2 , cons ( 8 , cons ( 3 , cons ( 15 , cons ( 4 , nil ) ) ) ) ) ) ) ) ) ~> .K\n</k>\n'
N=6 K_LENGTH=7 K_LAST=4 PYTHON_NUMERIC_MATCH=True
COMMAND: krun solution.mpy -cN=10 --definition /tmp/audit-work/130-tri-audit/semantic-concrete-kompiled
EXIT_STATUS=0
STDOUT_BYTES=189
STDOUT_SHA256=3c378a7659e7e53146137c4b55f6062aa4ae9b7391d12e9f6d769a3805ca082b
STDOUT_PREFIX='<k>\n  returned ( LVal ( cons ( 1 , cons ( 3 , cons ( 2 , cons ( 8 , cons ( 3 , cons ( 15 , cons ( 4 , cons ( 24 , cons ( 5 , cons ( 35 , cons ( 6 , nil ) ) ) ) ) ) ) ) ) ) ) ) ) ~>'
STDOUT_SUFFIX='urned ( LVal ( cons ( 1 , cons ( 3 , cons ( 2 , cons ( 8 , cons ( 3 , cons ( 15 , cons ( 4 , cons ( 24 , cons ( 5 , cons ( 35 , cons ( 6 , nil ) ) ) ) ) ) ) ) ) ) ) ) ) ~> .K\n</k>\n'
N=10 K_LENGTH=11 K_LAST=6 PYTHON_NUMERIC_MATCH=True
COMMAND: krun solution.mpy -cN=25 --definition /tmp/audit-work/130-tri-audit/semantic-concrete-kompiled
EXIT_STATUS=0
STDOUT_BYTES=400
STDOUT_SHA256=623e43fdd329cca5c04164ba93e728ed93b40c79f3ee55321b386c570e7997b6
STDOUT_PREFIX='<k>\n  returned ( LVal ( cons ( 1 , cons ( 3 , cons ( 2 , cons ( 8 , cons ( 3 , cons ( 15 , cons ( 4 , cons ( 24 , cons ( 5 , cons ( 35 , cons ( 6 , cons ( 48 , cons ( 7 , cons ( 63'
STDOUT_SUFFIX='s ( 99 , cons ( 10 , cons ( 120 , cons ( 11 , cons ( 143 , cons ( 12 , cons ( 168 , cons ( 13 , cons ( 195 , nil ) ) ) ) ) ) ) ) ) ) ) ) ) ) ) ) ) ) ) ) ) ) ) ) ) ) ) ) ~> .K\n</k>\n'
N=25 K_LENGTH=26 K_LAST=195 PYTHON_NUMERIC_MATCH=True
COMMAND: krun solution.mpy -cN=50 --definition /tmp/audit-work/130-tri-audit/semantic-concrete-kompiled
EXIT_STATUS=0
STDOUT_BYTES=762
STDOUT_SHA256=1f469340ad2e29bed8f7367d7e0dc9dbfbc52ce308b602721e8e0fa7aac9d355
STDOUT_PREFIX='<k>\n  returned ( LVal ( cons ( 1 , cons ( 3 , cons ( 2 , cons ( 8 , cons ( 3 , cons ( 15 , cons ( 4 , cons ( 24 , cons ( 5 , cons ( 35 , cons ( 6 , cons ( 48 , cons ( 7 , cons ( 63'
STDOUT_SUFFIX='s ( 24 , cons ( 624 , cons ( 25 , cons ( 675 , cons ( 26 , nil ) ) ) ) ) ) ) ) ) ) ) ) ) ) ) ) ) ) ) ) ) ) ) ) ) ) ) ) ) ) ) ) ) ) ) ) ) ) ) ) ) ) ) ) ) ) ) ) ) ) ) ) ) ~> .K\n</k>\n'
N=50 K_LENGTH=51 K_LAST=26 PYTHON_NUMERIC_MATCH=True
COMMAND: krun solution.mpy -cN=1100 --definition /tmp/audit-work/130-tri-audit/semantic-concrete-kompiled
EXIT_STATUS=0
STDOUT_BYTES=17645
STDOUT_SHA256=fb3e15fc7218cbbbaee557b5c84a0024d82838eb0ede28a49ddedb60aee684a5
STDOUT_PREFIX='<k>\n  returned ( LVal ( cons ( 1 , cons ( 3 , cons ( 2 , cons ( 8 , cons ( 3 , cons ( 15 , cons ( 4 , cons ( 24 , cons ( 5 , cons ( 35 , cons ( 6 , cons ( 48 , cons ( 7 , cons ( 63'
STDOUT_SUFFIX=' ) ) ) ) ) ) ) ) ) ) ) ) ) ) ) ) ) ) ) ) ) ) ) ) ) ) ) ) ) ) ) ) ) ) ) ) ) ) ) ) ) ) ) ) ) ) ) ) ) ) ) ) ) ) ) ) ) ) ) ) ) ) ) ) ) ) ) ) ) ) ) ) ) ) ) ) ) ) ) ) ) ) ) ) ~> .K\n</k>\n'
N=1100 K_STATUS=return K_LENGTH=1101 K_LAST=551 CANDIDATE_PYTHON_STATUS=raise:RecursionError:maximum recursion depth exceeded in comparison CANONICAL_PYTHON_STATUS=return
CONCRETE_SEMANTICS_COMPARE_PASS
SCRIPT_EXIT_STATUS=0

Script done on 2026-07-26 11:37:24-05:00 [COMMAND_EXIT_CODE="0"]
