<generatedTop>
  <k>
    .K
  </k>
  <env>
    0
  </env>
  <scopes>
    -1 |-> scope ( "abs" |-> builtinV ( "abs" )
    "all" |-> builtinV ( "all" )
    "any" |-> builtinV ( "any" )
    "bin" |-> builtinV ( "bin" )
    "chr" |-> builtinV ( "chr" )
    "enumerate" |-> builtinV ( "enumerate" )
    "eval" |-> builtinV ( "eval" )
    "float" |-> typeV ( "float" )
    "int" |-> typeV ( "int" )
    "isinstance" |-> builtinV ( "isinstance" )
    "len" |-> builtinV ( "len" )
    "list" |-> builtinV ( "list" )
    "map" |-> builtinV ( "map" )
    "max" |-> builtinV ( "max" )
    "min" |-> builtinV ( "min" )
    "ord" |-> builtinV ( "ord" )
    "range" |-> builtinV ( "range" )
    "round" |-> builtinV ( "round" )
    "set" |-> builtinV ( "set" )
    "sorted" |-> builtinV ( "sorted" )
    "str" |-> typeV ( "str" )
    "sum" |-> builtinV ( "sum" )
    "zip" |-> builtinV ( "zip" ) , root )
    0 |-> scope ( "exchange" |-> closureVal ( "lst1" , "lst2" , .ParamNames , Assign ( Name ( "even_count" ) , Int ( 0 ) )  Assign ( Name ( "value" ) , Int ( 0 ) )  For ( Name ( "value" ) , Name ( "lst1" ) , If ( Compare ( BinOp ( "%" , Name ( "value" ) , Int ( 2 ) ) , CmpOp ( "==" , Int ( 0 ) ) ) , AugAssign ( Name ( "even_count" ) , "+" , Int ( 1 ) )  .Stmts , .Stmts )  .Stmts )  For ( Name ( "value" ) , Name ( "lst2" ) , If ( Compare ( BinOp ( "%" , Name ( "value" ) , Int ( 2 ) ) , CmpOp ( "==" , Int ( 0 ) ) ) , AugAssign ( Name ( "even_count" ) , "+" , Int ( 1 ) )  .Stmts , .Stmts )  .Stmts )  If ( Compare ( Name ( "even_count" ) , CmpOp ( ">=" , Call ( Name ( "len" ) , Name ( "lst1" ) , .Exprs ) ) ) , Return ( Str ( "YES" ) )  .Stmts , .Stmts )  Return ( Str ( "NO" ) )  .Stmts , 0 ) , parent ( -1 ) )
  </scopes>
  <scopeLoc>
    1
  </scopeLoc>
  <heap>
    0 |-> list ( vCons ( 0.10000000000000000e1 , vCons ( 0.20000000000000000e1 , .ValSeq ) ) )
    1 |-> list ( vCons ( 0.40000000000000000e1 , .ValSeq ) )
    2 |-> list ( vCons ( 0.15000000000000000e1 , vCons ( 0.20000000000000000e1 , .ValSeq ) ) )
    3 |-> list ( vCons ( 0.35000000000000000e1 , .ValSeq ) )
    4 |-> list ( vCons ( -0.40000000000000000e1 , vCons ( -0.30000000000000000e1 , .ValSeq ) ) )
    5 |-> list ( vCons ( 0.00000000000000000e0 , .ValSeq ) )
    6 |-> list ( vCons ( -0.15000000000000000e1 , .ValSeq ) )
    7 |-> list ( vCons ( 0.20000000000000000e1 , .ValSeq ) )
    8 |-> list ( vCons ( true , vCons ( false , .ValSeq ) ) )
    9 |-> list ( vCons ( 2 , .ValSeq ) )
    10 |-> list ( vCons ( true , .ValSeq ) )
    11 |-> list ( vCons ( false , .ValSeq ) )
    12 |-> list ( vCons ( true , vCons ( true , .ValSeq ) ) )
    13 |-> list ( vCons ( false , .ValSeq ) )
    14 |-> list ( vCons ( 1 , vCons ( 0.30000000000000000e1 , .ValSeq ) ) )
    15 |-> list ( vCons ( 0.20000000000000000e1 , vCons ( false , .ValSeq ) ) )
    16 |-> list ( vCons ( 0.20000000000000000e1 , vCons ( true , vCons ( 4 , .ValSeq ) ) ) )
    17 |-> list ( vCons ( 0.35000000000000000e1 , .ValSeq ) )
    18 |-> list ( vCons ( 0.20000000000000000e1 , vCons ( false , vCons ( 4 , .ValSeq ) ) ) )
    19 |-> list ( vCons ( 0.35000000000000000e1 , .ValSeq ) )
  </heap>
  <heapLoc>
    20
  </heapLoc>
  <stack>
    .List
  </stack>
  <ret>
    noRet
  </ret>
  <exc>
    NoExc
  </exc>
  <exit-code>
    0
  </exit-code>
</generatedTop>
