COMMAND: bash -lc find\ /audit-output/evidence\ -maxdepth\ 1\ -type\ f\ \!\ -name\ evidence-manifest.log\ -print0\ \|\ sort\ -z\ \|\ xargs\ -0\ sha256sum
c17ad5ae0c0201f86840b45f6debdc08427b6f160990a273b9d12636815cec68  /audit-output/evidence/body-mutation-dry-run.log
73aa0789073e064c875ca7a42b5426d3f688b4760ede89315808b744bf9c8d8b  /audit-output/evidence/body-mutation-kprove.log
eade837181ddc5f7d2031bbea7c631bc275d065556e3ac6d76dc3c78fae3d34d  /audit-output/evidence/concrete-translate.log
ecb3032322ad2f4ec96d9f785e1a8ab6f1d826938d610312a3c520cb78311e4c  /audit-output/evidence/differential-independent.log
7bc17a48ec1796a513ff1720a24ad0d9da175c1738aa47e912241a33255cbaaa  /audit-output/evidence/differential_independent.py
95ee43b435da2224a8c016cca80c353de701641c79e5e0bb8e48c0451be1a61f  /audit-output/evidence/false-mutation-dry-run.log
3da5e539b620082690136dfafcc71fe0e2f4e7bfa2f4800dd1abcff4dc44aa02  /audit-output/evidence/false-mutation-kprove.log
750b98abb8a6c647e744421ad52cfe409758d7b0a2fb6cec7bb50b5092a363ed  /audit-output/evidence/generation-trace-summary.log
03f1bbc7b1a349ce058b72b7fed6fb4154ada3642c6fa7113a793d8df84684c0  /audit-output/evidence/kompile-haskell.log
f9566f316a55deff55ac4e9e8956eb4440693c720c4e1807dae66d627c2fed6f  /audit-output/evidence/kompile-llvm.log
68150fa75ccae15a47466d85a0dff09d1753311d34847165863652d9a6a39e6b  /audit-output/evidence/kprove-all-claims.log
4e45bf9ea71c364bea1a6c07f87448545a8a9666f52a0e9be4e8219199e2062a  /audit-output/evidence/kprove-concrete-witnesses.log
1fd3a655900e10e31d11c7a41beb365a0130647e578d6d64e56fe1fff464aea8  /audit-output/evidence/kprove-largest-divisor.log
5c86b0d9919fe9785ce3a091ed1dad57ceb074a5ea7caad08f39970e26e6b9b6  /audit-output/evidence/kprove-loop-invariant.log
1bf660c0b13a434929e95e9a7c23e123f785cd06812948541250495db6647738  /audit-output/evidence/krun-concrete.log
daf1697f687b659a07f202009becf65f448bae29804265da320665947c807a9c  /audit-output/evidence/krun-solution-load.log
74f3fe28c569aa5cc5dfd127d8d004d1a6f1a1082b9c69aece6acb05f5b3ef84  /audit-output/evidence/pinning-check.log
9052874a8c6b4079f4ec12e2c420fa377bdbe9665239e6cd8c4cffae8089cd75  /audit-output/evidence/pinning_check.py
1435c94c4272dec8ee6f4a97c35199494951f1469c57f44e430ae7a5e66df105  /audit-output/evidence/rule-inventory-summary.log
35a7ddb6ebd8708dc9e0aff3815a637b4f82e0d4048fdd978a1dfc0df3d86181  /audit-output/evidence/rule-inventory.tsv
f7bfe2ba9453025da7899698f50eac5f5216c38b956e934a7a1a735902c30558  /audit-output/evidence/rule_inventory.py
aec8ada5a08b205bb7e538c97ef847f4fe8a810dd1c2f48b1065aff7554804d3  /audit-output/evidence/run_logged.sh
08eece7aa887f0f167216a05af1b484016319ea6cbaeb8036afdea8801efbb08  /audit-output/evidence/spec-audit-false.k
fe2471fc9aa6282db5277cf4d60a9fad8de9836e9928d1d6478f153dc87a5d87  /audit-output/evidence/stage1-integrity.log
6592c63f4c9902309ac8a5d71b70aac26a5cba81aa3d9ed89f62b20954f16be5  /audit-output/evidence/stage1_integrity.py
047558f36cae8b3f8b20f7f18084735027fcd4474993a4f1fd0f4046d462f617  /audit-output/evidence/trace_summary.py
083f60956ddf4661f8d3f3c63ffb05d0ddc873e6c749dea283df888ee769b7c3  /audit-output/evidence/translator-regeneration.log
98cc5f806d5266cbc0592ffcfa862c9f19d9bf770f9e454a4544b75698115b54  /audit-output/evidence/used-construct-map.tsv

EXIT_STATUS: 0
