COMMAND: python3 /audit-output/evidence/rule_inventory.py
inventory_path=/audit-output/evidence/rule-inventory.tsv
inventory_records=933
kinds={'claim': 2, 'configuration': 1, 'context': 5, 'rule': 697, 'syntax': 228}
classes={'claim': 2, 'configuration': 1, 'context': 5, 'equational-rule': 459, 'function-declaration': 147, 'operational-rule': 238, 'syntax': 81}
attributes={'concrete': 36, 'function': 149, 'macro': 4, 'macro-rec': 1, 'no-evaluators': 22, 'owise': 26, 'priority': 46, 'seqstrict': 1, 'strict': 2, 'symbol': 25, 'total': 107}
decisions={'ACCEPT_DEFINITIONAL_SUMMARY': 1, 'ACCEPT_FIXED_SEMANTICS_REVIEWED': 209, 'ACCEPT_FIXED_UNREACHED': 697, 'ACCEPT_REACHABILITY_CLAIM': 2, 'ACCEPT_TRUE_BASE_EQUATION': 1, 'ACCEPT_TRUE_DESCENT_EQUATION': 1, 'ACCEPT_UNUSED_FIXED_OPAQUE': 22}
file=reference-semantics/semantics/assert.k counts={'rule': 3}
file=reference-semantics/semantics/bool.k counts={'context': 1, 'rule': 13}
file=reference-semantics/semantics/builtins.k counts={'rule': 137, 'syntax': 38}
file=reference-semantics/semantics/call.k counts={'rule': 21, 'syntax': 3}
file=reference-semantics/semantics/comprehension.k counts={'rule': 7, 'syntax': 3}
file=reference-semantics/semantics/concrete.k counts={'rule': 16, 'syntax': 5}
file=reference-semantics/semantics/controls.k counts={'rule': 34, 'syntax': 3}
file=reference-semantics/semantics/core.k counts={'configuration': 1, 'rule': 46, 'syntax': 37}
file=reference-semantics/semantics/dict.k counts={'rule': 28, 'syntax': 12}
file=reference-semantics/semantics/float.k counts={'rule': 121, 'syntax': 34}
file=reference-semantics/semantics/functions.k counts={'rule': 15, 'syntax': 4}
file=reference-semantics/semantics/int.k counts={'rule': 16, 'syntax': 1}
file=reference-semantics/semantics/iter.k counts={'syntax': 1}
file=reference-semantics/semantics/list.k counts={'rule': 27, 'syntax': 5}
file=reference-semantics/semantics/methods.k counts={'rule': 75, 'syntax': 27}
file=reference-semantics/semantics/operators.k counts={'context': 2, 'rule': 10}
file=reference-semantics/semantics/range.k counts={'rule': 6, 'syntax': 2}
file=reference-semantics/semantics/set.k counts={'rule': 12, 'syntax': 6}
file=reference-semantics/semantics/sort.k counts={'rule': 19, 'syntax': 6}
file=reference-semantics/semantics/str.k counts={'rule': 28, 'syntax': 5}
file=reference-semantics/semantics/subscript.k counts={'context': 2, 'rule': 40, 'syntax': 15}
file=reference-semantics/semantics/syntax.k counts={'syntax': 16}
file=reference-semantics/semantics/tuple.k counts={'rule': 21, 'syntax': 4}
file=spec.k counts={'claim': 2}
file=verification.k counts={'rule': 2, 'syntax': 1}
opaque_or_no_evaluator_records=22
opaque file=reference-semantics/semantics/builtins.k line=285 source=syntax IntSeq ::= md5hexCodes(IntSeq) [function, total, symbol(md5hexCodes), no-evaluators]
opaque file=reference-semantics/semantics/float.k line=24 source=syntax Float ::= intFloatDiv(Int, Float) [function, total, symbol(intFloatDiv), no-evaluators]
opaque file=reference-semantics/semantics/float.k line=30 source=syntax Float ::= divII(Int, Int) [function, total, symbol(divII), no-evaluators]
opaque file=reference-semantics/semantics/float.k line=37 source=syntax Float ::= floatMod(Float, Float) [function, total, symbol(floatMod), no-evaluators]
opaque file=reference-semantics/semantics/float.k line=50 source=syntax Bool ::= floatLt(Float, Float) [function, total, symbol(floatLt), no-evaluators]
opaque file=reference-semantics/semantics/float.k line=54 source=syntax Float ::= absF(Float) [function, total, symbol(absF), no-evaluators]
opaque file=reference-semantics/semantics/float.k line=103 source=syntax Float ::= subF(Float, Float) [function, total, symbol(subF), no-evaluators]
opaque file=reference-semantics/semantics/float.k line=107 source=syntax Float ::= divF(Float, Float) [function, total, symbol(divF), no-evaluators]
opaque file=reference-semantics/semantics/float.k line=111 source=syntax Float ::= addF(Float, Float) [function, total, symbol(addF), no-evaluators]
opaque file=reference-semantics/semantics/float.k line=115 source=syntax Float ::= mulF(Float, Float) [function, total, symbol(mulF), no-evaluators]
opaque file=reference-semantics/semantics/float.k line=119 source=syntax Float ::= powF(Float, Float) [function, total, symbol(powF), no-evaluators]
opaque file=reference-semantics/semantics/float.k line=125 source=syntax Bool ::= gtF(Float, Float) [function, total, symbol(gtF), no-evaluators]
opaque file=reference-semantics/semantics/float.k line=142 source=syntax Bool ::= eqF(Float, Float) [function, total, symbol(eqF), no-evaluators]
opaque file=reference-semantics/semantics/float.k line=160 source=syntax Float ::= decStrToF(IntSeq) [function, total, symbol(decStrToF), no-evaluators]
opaque file=reference-semantics/semantics/float.k line=190 source=syntax Float ::= divFloatIntV(Float, Int) [function, total, symbol(divFloatIntV), no-evaluators]
opaque file=reference-semantics/semantics/float.k line=195 source=syntax Float ::= intToF(Int) [function, total, symbol(intToF), no-evaluators]
opaque file=reference-semantics/semantics/float.k line=209 source=syntax Int ::= truncF(Float) [function, total, symbol(truncF), no-evaluators]
opaque file=reference-semantics/semantics/float.k line=217 source=syntax Int ::= roundF(Float) [function, total, symbol(roundF), no-evaluators]
opaque file=reference-semantics/semantics/float.k line=223 source=syntax Float ::= roundFN(Float, Int) [function, total, symbol(roundFN), no-evaluators]
opaque file=reference-semantics/semantics/float.k line=230 source=syntax Float ::= sqrtF(Float) [function, total, symbol(sqrtF), no-evaluators]
opaque file=reference-semantics/semantics/sort.k line=18 source=syntax ValSeq ::= sortVS(ValSeq) [function, total, symbol(sortVS), no-evaluators]
opaque file=reference-semantics/semantics/sort.k line=49 source=syntax ValSeq ::= sortKeyVS(ValSeq, Val) [function, total, symbol(sortKeyVS), no-evaluators]

EXIT_STATUS: 0
