WORKDIR: /tmp/audit-work/128-prod-signs.HMXf22
COMMAND: bash -lc kprove\ loop-continuation-spec.k\ --definition\ bridge-free-kompiled\ --spec-module\ AUDIT-LOOP-CONTINUATION-SPEC
START_UTC: 2026-07-24T10:20:56Z
[0.001s][warning][perf,memops] Cannot use file /tmp/hsperfdata_agent/52 because it is locked by another process (errno = 11)
kore-exec: [1142152] Warning (WarnStuckClaimState):
    The configuration's term doesn't unify with the destination's term and the configuration cannot be rewritten further. Location: /tmp/audit-work/128-prod-signs.HMXf22/loop-continuation-spec.k:7:5-40:31
Context:
    (InfoReachability) while checking the implication
<generatedTop>
  <k>
    #look ( "total" , -1 ) ~> #freezerBinOp(_,_,_)_MPY-SYNTAX_Expr_String_Expr_Expr1_ ( "-" ~> .K , Name ( "value" ) ~> .K ) ~> #freezerAssign(_,_)_MPY-SYNTAX_Stmt_Expr_Expr1_ ( Name ( "total" ) ~> .K ) ~> Assign ( Name ( "sign" ) , BinOp ( "-" , Int ( 0 ) , Name ( "sign" ) ) )  .Stmts ~> .Stmts ~> #loopLbl ( #loop ( list ( vCons ( 0 , vCons ( 3 , .ValSeq ) ) ) , Name ( "value" ) , If ( Compare ( Name ( "value" ) , CmpOp ( "<" , Int ( 0 ) ) ) , Assign ( Name ( "total" ) , BinOp ( "-" , Name ( "total" ) , Name ( "value" ) ) )  Assign ( Name ( "sign" ) , BinOp ( "-" , Int ( 0 ) , Name ( "sign" ) ) )  .Stmts , Assign ( Name ( "total" ) , BinOp ( "+" , Name ( "total" ) , Name ( "value" ) ) )  If ( Compare ( Name ( "value" ) , CmpOp ( "==" , Int ( 0 ) ) ) , Assign ( Name ( "sign" ) , Int ( 0 ) )  .Stmts , .Stmts )  .Stmts )  .Stmts ) ~> .K ) ~> Assign ( Name ( "after" ) , Int ( 7 ) ) ~> .K
  </k>
  <env>
    0
  </env>
  <scopes>
    -1 |-> scope ( "abs" |-> builtinV ( "abs" )
    "all" |-> builtinV ( "all" )
    "any" |-> builtinV ( "any" )
    "bin" |-> builtinV ( "bin" )
    "chr" |-> builtinV ( "chr" )
    "enumerate" |-> builtinV ( "enumerate" )
    "eval" |-> builtinV ( "eval" )
    "float" |-> typeV ( "float" )
    "int" |-> typeV ( "int" )
    "isinstance" |-> builtinV ( "isinstance" )
    "len" |-> builtinV ( "len" )
    "list" |-> builtinV ( "list" )
    "map" |-> builtinV ( "map" )
    "max" |-> builtinV ( "max" )
    "min" |-> builtinV ( "min" )
    "ord" |-> builtinV ( "ord" )
    "range" |-> builtinV ( "range" )
    "round" |-> builtinV ( "round" )
    "set" |-> builtinV ( "set" )
    "sorted" |-> builtinV ( "sorted" )
    "str" |-> typeV ( "str" )
    "sum" |-> builtinV ( "sum" )
    "zip" |-> builtinV ( "zip" ) , root )
    0 |-> scope ( "value" |-> -2 , parent ( -1 ) )
  </scopes>
  <scopeLoc>
    1
  </scopeLoc>
  <heap>
    .Map
  </heap>
  <heapLoc>
    0
  </heapLoc>
  <stack>
    .List
  </stack>
  <ret>
    noRet
  </ret>
  <exc>
    NoExc
  </exc>
  <exit-code>
    0
  </exit-code>
</generatedTop>
[Warning] Compiler: Variable 'As' defined but not used. Prefix variable name
with underscore if this is intentional.
	Source(/tmp/audit-work/128-prod-signs.HMXf22/reference-semantics/semantics/str.k)
	Location(52,27,52,29)
	52 |	  rule strLt(iCons(A:Int, As:IntSeq), iCons(B:Int, Bs:IntSeq)) => true   
      requires A  <Int B
	   .	                          ^~
[Warning] Compiler: Variable 'Bs' defined but not used. Prefix variable name
with underscore if this is intentional.
	Source(/tmp/audit-work/128-prod-signs.HMXf22/reference-semantics/semantics/str.k)
	Location(52,52,52,54)
	52 |	  rule strLt(iCons(A:Int, As:IntSeq), iCons(B:Int, Bs:IntSeq)) => true   
      requires A  <Int B
	   .	                                                   ^~
[Warning] Compiler: Variable 'As' defined but not used. Prefix variable name
with underscore if this is intentional.
	Source(/tmp/audit-work/128-prod-signs.HMXf22/reference-semantics/semantics/str.k)
	Location(53,27,53,29)
	53 |	  rule strLt(iCons(A:Int, As:IntSeq), iCons(B:Int, Bs:IntSeq)) => false  
      requires A  >Int B
	   .	                          ^~
[Warning] Compiler: Variable 'Bs' defined but not used. Prefix variable name
with underscore if this is intentional.
	Source(/tmp/audit-work/128-prod-signs.HMXf22/reference-semantics/semantics/str.k)
	Location(53,52,53,54)
	53 |	  rule strLt(iCons(A:Int, As:IntSeq), iCons(B:Int, Bs:IntSeq)) => false  
      requires A  >Int B
	   .	                                                   ^~
[Error] Prover: backend terminated because the configuration cannot be
rewritten further. See output for more details.
EXIT_STATUS: 1
END_UTC: 2026-07-24T10:21:00Z
