WORKDIR: /tmp/audit-work/128-prod-signs.HMXf22
COMMAND: kprove spec-vacuity.k --definition verification-kompiled --spec-module AUDIT-SPEC-VACUITY --dry-run
START_UTC: 2026-07-24T10:24:22Z
kore-exec /tmp/audit-work/128-prod-signs.HMXf22/./verification-kompiled/definition.kore --module PROD-SIGNS-VERIFICATION --prove /tmp/.kprove-2026-07-24-05-24-22-928-d38f51b3-7a18-4dd2-9af3-4a268d41a5ec/spec.kore --spec-module AUDIT-SPEC-VACUITY --output /tmp/.kprove-2026-07-24-05-24-22-928-d38f51b3-7a18-4dd2-9af3-4a268d41a5ec/result.kore
[Warning] Compiler: Variable 'As' defined but not used. Prefix variable name
with underscore if this is intentional.
	Source(/tmp/audit-work/128-prod-signs.HMXf22/reference-semantics/semantics/str.k)
	Location(52,27,52,29)
	52 |	  rule strLt(iCons(A:Int, As:IntSeq), iCons(B:Int, Bs:IntSeq)) => true   
      requires A  <Int B
	   .	                          ^~
[Warning] Compiler: Variable 'Bs' defined but not used. Prefix variable name
with underscore if this is intentional.
	Source(/tmp/audit-work/128-prod-signs.HMXf22/reference-semantics/semantics/str.k)
	Location(52,52,52,54)
	52 |	  rule strLt(iCons(A:Int, As:IntSeq), iCons(B:Int, Bs:IntSeq)) => true   
      requires A  <Int B
	   .	                                                   ^~
[Warning] Compiler: Variable 'As' defined but not used. Prefix variable name
with underscore if this is intentional.
	Source(/tmp/audit-work/128-prod-signs.HMXf22/reference-semantics/semantics/str.k)
	Location(53,27,53,29)
	53 |	  rule strLt(iCons(A:Int, As:IntSeq), iCons(B:Int, Bs:IntSeq)) => false  
      requires A  >Int B
	   .	                          ^~
[Warning] Compiler: Variable 'Bs' defined but not used. Prefix variable name
with underscore if this is intentional.
	Source(/tmp/audit-work/128-prod-signs.HMXf22/reference-semantics/semantics/str.k)
	Location(53,52,53,54)
	53 |	  rule strLt(iCons(A:Int, As:IntSeq), iCons(B:Int, Bs:IntSeq)) => false  
      requires A  >Int B
	   .	                                                   ^~
[Warning] Compiler: Variable 'P' defined but not used. Prefix variable name
with underscore if this is intentional.
	Source(/tmp/audit-work/128-prod-signs.HMXf22/verification.k)
	Location(100,12,100,13)
	100 |	           P:Parent)
	    .	           ^
EXIT_STATUS: 0
END_UTC: 2026-07-24T10:24:24Z
