COMMAND: bash -lc set\ -u\;\ rg\ \'\"match\":false\'\ /audit-output/evidence/02-differential-inputs.jsonl\;\ printf\ \"\\nDOCUMENTED\ EXAMPLES\\n\"\;\ sed\ -n\ \"1\,2p\"\ /audit-output/evidence/02-differential-inputs.jsonl\;\ printf\ \"\\nEXPLICIT\ BOUNDARIES\\n\"\;\ sed\ -n\ \"3\,14p\"\ /audit-output/evidence/02-differential-inputs.jsonl\;\ printf\ \"\\nLINE\ COUNT\ AND\ HASH\\n\"\;\ wc\ -l\ /audit-output/evidence/02-differential-inputs.jsonl\;\ sha256sum\ /audit-output/evidence/02-differential-inputs.jsonl
WORKDIR: /audit-output
--- OUTPUT ---
{"candidate":{"kind":"return","value":"NO"},"domain":"extended_nonintegral","index":12,"lst1":[0.5],"lst2":[1.0],"match":false,"oracle":{"kind":"return","value":"YES"},"source":"nonintegral-number"}
{"candidate":{"kind":"return","value":"NO"},"domain":"extended_nonintegral","index":13,"lst1":[2.0,0.25],"lst2":[3.0],"match":false,"oracle":{"kind":"return","value":"YES"},"source":"mixed-integral-float"}

DOCUMENTED EXAMPLES
{"candidate":{"kind":"return","value":"YES"},"domain":"intended_nonempty_integer","index":0,"lst1":[1,2,3,4],"lst2":[1,2,3,4],"match":true,"oracle":{"kind":"return","value":"YES"},"source":"prompt-example-yes"}
{"candidate":{"kind":"return","value":"NO"},"domain":"intended_nonempty_integer","index":1,"lst1":[1,2,3,4],"lst2":[1,5,3,4],"match":true,"oracle":{"kind":"return","value":"NO"},"source":"prompt-example-no"}

EXPLICIT BOUNDARIES
{"candidate":{"kind":"return","value":"YES"},"domain":"boundary_empty_integer","index":2,"lst1":[],"lst2":[],"match":true,"oracle":{"kind":"return","value":"YES"},"source":"both-empty"}
{"candidate":{"kind":"return","value":"YES"},"domain":"boundary_empty_integer","index":3,"lst1":[],"lst2":[1],"match":true,"oracle":{"kind":"return","value":"YES"},"source":"empty-left"}
{"candidate":{"kind":"return","value":"YES"},"domain":"boundary_empty_integer","index":4,"lst1":[2],"lst2":[],"match":true,"oracle":{"kind":"return","value":"YES"},"source":"empty-right-all-even"}
{"candidate":{"kind":"return","value":"NO"},"domain":"boundary_empty_integer","index":5,"lst1":[1],"lst2":[],"match":true,"oracle":{"kind":"return","value":"NO"},"source":"empty-right-odd"}
{"candidate":{"kind":"return","value":"NO"},"domain":"intended_nonempty_integer","index":6,"lst1":[1,1],"lst2":[1],"match":true,"oracle":{"kind":"return","value":"NO"},"source":"branch-gap-minus-two"}
{"candidate":{"kind":"return","value":"NO"},"domain":"intended_nonempty_integer","index":7,"lst1":[1,1],"lst2":[2],"match":true,"oracle":{"kind":"return","value":"NO"},"source":"branch-gap-minus-one"}
{"candidate":{"kind":"return","value":"YES"},"domain":"intended_nonempty_integer","index":8,"lst1":[1,1],"lst2":[2,4],"match":true,"oracle":{"kind":"return","value":"YES"},"source":"branch-gap-zero"}
{"candidate":{"kind":"return","value":"YES"},"domain":"intended_nonempty_integer","index":9,"lst1":[2,2],"lst2":[2],"match":true,"oracle":{"kind":"return","value":"YES"},"source":"branch-gap-plus-one"}
{"candidate":{"kind":"return","value":"NO"},"domain":"intended_nonempty_integer","index":10,"lst1":[-4,-3,-2,-1],"lst2":[-8,-7],"match":true,"oracle":{"kind":"return","value":"NO"},"source":"negative-parity"}
{"candidate":{"kind":"return","value":"YES"},"domain":"intended_nonempty_integer","index":11,"lst1":[0],"lst2":[1],"match":true,"oracle":{"kind":"return","value":"YES"},"source":"zero-is-even"}
{"candidate":{"kind":"return","value":"NO"},"domain":"extended_nonintegral","index":12,"lst1":[0.5],"lst2":[1.0],"match":false,"oracle":{"kind":"return","value":"YES"},"source":"nonintegral-number"}
{"candidate":{"kind":"return","value":"NO"},"domain":"extended_nonintegral","index":13,"lst1":[2.0,0.25],"lst2":[3.0],"match":false,"oracle":{"kind":"return","value":"YES"},"source":"mixed-integral-float"}

LINE COUNT AND HASH
8263 /audit-output/evidence/02-differential-inputs.jsonl
bf6af8762bb0b0e58a4d5a12305da79e36b8b272b97cf8ae839608361c9a9e22  /audit-output/evidence/02-differential-inputs.jsonl
--- END OUTPUT ---
EXIT_STATUS: 0
