$ bash -c for\ f\ in\ /reference/prompt.py\ /reference/canonical.py\ /candidate/solution.py\ /candidate/solution.mpy\ /candidate/spec.k\ /candidate/verification.k\ /candidate/prove.sh\;\ do\ echo\ \"=====\ \$f\"\;\ nl\ -ba\ \"\$f\"\;\ done
===== /reference/prompt.py
     1	
     2	
     3	def common(l1: list, l2: list):
     4	    """Return sorted unique common elements for two lists.
     5	    >>> common([1, 4, 3, 34, 653, 2, 5], [5, 7, 1, 5, 9, 653, 121])
     6	    [1, 5, 653]
     7	    >>> common([5, 3, 2, 8], [3, 2])
     8	    [2, 3]
     9	
    10	    """
===== /reference/canonical.py
     1	# canonical.py — the UNMODIFIED HumanEval/58 reference solution (from the dataset).
     2	# Co-located with solution.py (the proof rewrite) to make the original<->rewrite link
     3	# explicit & auditable.  entry point: common
     4	
     5	
     6	
     7	def common(l1: list, l2: list):
     8	    """Return sorted unique common elements for two lists.
     9	    >>> common([1, 4, 3, 34, 653, 2, 5], [5, 7, 1, 5, 9, 653, 121])
    10	    [1, 5, 653]
    11	    >>> common([5, 3, 2, 8], [3, 2])
    12	    [2, 3]
    13	
    14	    """
    15	    ret = set()
    16	    for e1 in l1:
    17	        for e2 in l2:
    18	            if e1 == e2:
    19	                ret.add(e1)
    20	    return sorted(list(ret))
===== /candidate/solution.py
     1	def common(l1: list, l2: list):
     2	    result = []
     3	    item = 0
     4	    for item in l1:
     5	        if item in l2 and item not in result:
     6	            result.append(item)
     7	    return sorted(result)
===== /candidate/solution.mpy
     1	Module(
     2	  FuncDef("common", Params("l1", "l2"),
     3	    Assign(Name("result"), ListExpr())
     4	    Assign(Name("item"), Int(0))
     5	    For(Name("item"), Name("l1"),
     6	      If(BoolOp(
     7	        "and",
     8	        Compare(Name("item"), CmpOp("in", Name("l2"))),
     9	        Compare(Name("item"), CmpOp("not in", Name("result")))),
    10	        Expr(Call(Attribute(Name("result"), "append"), Name("item"))),
    11	        ))
    12	    Return(Call(Name("sorted"), Name("result")))))
===== /candidate/spec.k
     1	requires "verification.k"
     2	
     3	module SPEC
     4	  imports VERIFICATION
     5	
     6	  claim [member-fold]:
     7	    <k>
     8	      #memberAcc(V:Val, list(VS:ValSeq)) ~> CONT:K
     9	    =>
    10	      memberVS(V, VS) ~> CONT
    11	    </k>
    12	
    13	  // Inductive loop invariant.  The result heap object is transformed exactly
    14	  // by commonAcc; all unrelated scope and heap entries remain unchanged.
    15	  claim [common-loop]:
    16	    <k>
    17	      #loop(list(FIRST:ValSeq), Name("item"), commonLoopBody)
    18	      ~> CONT:K
    19	    =>
    20	      CONT
    21	    </k>
    22	    <env> L:Int </env>
    23	    <scopes>
    24	      ... L |->
    25	        scope(
    26	          ("l1" |-> list(_ORIGINAL:ValSeq))
    27	          ("l2" |-> list(SECOND:ValSeq))
    28	          ("result" |-> ref(H:Int))
    29	          ("item" |-> (OLD:Val => lastAfter(FIRST, OLD)))
    30	          .Map,
    31	          parent(0)
    32	        )
    33	      ...
    34	    </scopes>
    35	    <heap>
    36	      ... H |-> list(ACC:ValSeq => commonAcc(FIRST, SECOND, ACC)) ...
    37	    </heap>
    38	
    39	  // Whole-function correctness from the pristine semantic configuration.
    40	  // sorted is the reference semantics' trusted ascending-sort primitive;
    41	  // commonSpec is the unique intersection defined above.
    42	  claim [common-function]:
    43	    <k>
    44	      #loadAll(Module(commonDefinition))
    45	      ~> Call(Name("common"), list(FIRST:ValSeq), list(SECOND:ValSeq))
    46	    =>
    47	      ref(1)
    48	    </k>
    49	    <env> 0 </env>
    50	    <scopes>
    51	      0 |-> scope(.Map, parent(-1))
    52	      -1 |-> builtinsScope
    53	    =>
    54	      0 |->
    55	        scope(
    56	          "common" |->
    57	            closureVal(
    58	              ("l1", "l2"),
    59	              commonBody,
    60	              0
    61	            ),
    62	          parent(-1)
    63	        )
    64	      -1 |-> builtinsScope
    65	    </scopes>
    66	    <scopeLoc> 1 </scopeLoc>
    67	    <heap>
    68	      .Map
    69	    =>
    70	      0 |-> list(commonSpec(FIRST, SECOND))
    71	      1 |-> list(sortVS(commonSpec(FIRST, SECOND)))
    72	    </heap>
    73	    <heapLoc> 0 => 2 </heapLoc>
    74	    <stack> .List </stack>
    75	    <ret> noRet </ret>
    76	    <exc> NoExc </exc>
    77	    <exit-code> 0 </exit-code>
    78	endmodule
===== /candidate/verification.k
     1	requires "reference-semantics/semantics.k"
     2	
     3	module VERIFICATION
     4	  imports MPY
     5	
     6	  // The exact translated body of solution.py, factored into named syntax so
     7	  // both the loop invariant and the function-level claim use the same term.
     8	  syntax Stmts ::= "commonLoopBody" [macro]
     9	  rule commonLoopBody =>
    10	    If(
    11	      BoolOp(
    12	        "and",
    13	        Compare(Name("item"), CmpOp("in", Name("l2"))),
    14	        Compare(Name("item"), CmpOp("not in", Name("result")))
    15	      ),
    16	      Expr(Call(Attribute(Name("result"), "append"), Name("item"))),
    17	      .Stmts
    18	    )
    19	
    20	  syntax Stmts ::= "commonBody" [macro]
    21	  rule commonBody =>
    22	    Assign(Name("result"), ListExpr(.Exprs))
    23	    Assign(Name("item"), Int(0))
    24	    For(Name("item"), Name("l1"), commonLoopBody)
    25	    Return(Call(Name("sorted"), Name("result")))
    26	
    27	  syntax Stmt ::= "commonDefinition" [macro]
    28	  rule commonDefinition =>
    29	    FuncDef("common", Params("l1", "l2"), commonBody)
    30	
    31	  // Mathematical membership.  spec.k proves separately that this recursive
    32	  // function is exactly the supplied #memberAcc operational fold.
    33	  syntax Bool ::= memberVS(Val, ValSeq) [function, total]
    34	  rule memberVS(_:Val, .ValSeq) => false [simplification]
    35	  rule memberVS(V:Val, vCons(E:Val, _:ValSeq)) => true
    36	    requires V ==K E
    37	    [simplification]
    38	  rule memberVS(V:Val, vCons(E:Val, REST:ValSeq)) =>
    39	    memberVS(V, REST)
    40	    requires notBool (V ==K E)
    41	    [simplification]
    42	
    43	  syntax Bool ::= shouldAdd(Val, ValSeq, ValSeq) [function, total]
    44	  rule shouldAdd(V:Val, SECOND:ValSeq, ACC:ValSeq) =>
    45	    memberVS(V, SECOND) andBool notBool memberVS(V, ACC)
    46	
    47	  // commonAcc scans FIRST from left to right, retains precisely the elements
    48	  // that occur in SECOND, and suppresses later duplicates using ACC.
    49	  syntax ValSeq ::= commonAcc(ValSeq, ValSeq, ValSeq) [function, total]
    50	  rule commonAcc(.ValSeq, _:ValSeq, ACC:ValSeq) => ACC
    51	  rule commonAcc(vCons(V:Val, REST:ValSeq), SECOND:ValSeq, ACC:ValSeq) =>
    52	    #if shouldAdd(V, SECOND, ACC)
    53	    #then
    54	      commonAcc(
    55	        REST,
    56	        SECOND,
    57	        valSeqConcat(ACC, vCons(V, .ValSeq))
    58	      )
    59	    #else commonAcc(REST, SECOND, ACC)
    60	    #fi
    61	
    62	  syntax ValSeq ::= commonSpec(ValSeq, ValSeq) [function, total]
    63	  rule commonSpec(FIRST:ValSeq, SECOND:ValSeq) =>
    64	    commonAcc(FIRST, SECOND, .ValSeq)
    65	
    66	  // The loop writes each yielded element to `item`; this helper describes that
    67	  // otherwise irrelevant final local binding and makes the invariant exact.
    68	  syntax Val ::= lastAfter(ValSeq, Val) [function, total]
    69	  rule lastAfter(.ValSeq, OLD:Val) => OLD
    70	  rule lastAfter(vCons(V:Val, REST:ValSeq), _:Val) =>
    71	    lastAfter(REST, V)
    72	endmodule
===== /candidate/prove.sh
     1	#!/usr/bin/env bash
     2	set -euo pipefail
     3	
     4	cd "$(dirname "$0")"
     5	
     6	# Translate the submitted implementation with the fixed front end.
     7	python3 -m py_compile solution.py
     8	python3 py2mpy.py solution.py > solution.mpy
     9	
    10	# The concrete test driver begins with the exact submitted implementation.
    11	diff -u solution.py <(sed -n '1,7p' concrete-tests.py)
    12	python3 py2mpy.py concrete-tests.py > concrete-tests.mpy
    13	
    14	# Concrete execution under the required LLVM definition.
    15	kompile reference-semantics/semantics.k \
    16	  --backend llvm \
    17	  --main-module MPY-KRUN \
    18	  --syntax-module MPY-SYNTAX \
    19	  --output-definition runtime-kompiled
    20	krun concrete-tests.mpy \
    21	  --definition runtime-kompiled \
    22	  --output pretty
    23	
    24	# Symbolic definition and three modular positive proofs.  Each established
    25	# lemma is trusted only in a later command, after its own command proved #Top.
    26	kompile verification.k \
    27	  --backend haskell \
    28	  --main-module VERIFICATION \
    29	  --syntax-module VERIFICATION \
    30	  --output-definition verification-kompiled
    31	kprove spec.k \
    32	  --definition verification-kompiled \
    33	  --spec-module SPEC \
    34	  --claims SPEC.member-fold \
    35	  --output pretty
    36	kprove spec.k \
    37	  --definition verification-kompiled \
    38	  --spec-module SPEC \
    39	  --claims SPEC.member-fold,SPEC.common-loop \
    40	  --trusted SPEC.member-fold \
    41	  --output pretty
    42	kprove spec.k \
    43	  --definition verification-kompiled \
    44	  --spec-module SPEC \
    45	  --claims SPEC.member-fold,SPEC.common-loop,SPEC.common-function \
    46	  --trusted SPEC.member-fold,SPEC.common-loop \
    47	  --output pretty
[exit-status] 0
