COMMAND: timeout 120s kprove /audit-output/evidence/unicode-fidelity-spec.k --definition verification-fresh-kompiled --spec-module UNICODE-FIDELITY-SPEC
kore-exec: [816770] Warning (WarnStuckClaimState):
    The configuration's term doesn't unify with the destination's term and the configuration cannot be rewritten further. Location: /audit-output/evidence/unicode-fidelity-spec.k:8:5-13:14
Context:
    (InfoReachability) while checking the implication
<python>
  <k>
    .K
  </k>
  <functions>
    FuncDef ( "insert_char" , Params ( "char" , "word" , "before" ) , If ( Compare ( Name ( "word" ) , CmpOp ( "==" , Str ( "" ) ) ) , Return ( BinOp ( "+" , Name ( "before" ) , Name ( "char" ) ) )  .Stmts , .Stmts )  If ( Compare ( Name ( "char" ) , CmpOp ( "<=" , Subscript ( Name ( "word" ) , Int ( 0 ) ) ) ) , Return ( BinOp ( "+" , BinOp ( "+" , Name ( "before" ) , Name ( "char" ) ) , Name ( "word" ) ) )  .Stmts , .Stmts )  Return ( Call ( Name ( "insert_char" ) , Name ( "char" ) , Subscript ( Name ( "word" ) , Slice ( Int ( 1 ) , NoBound , NoBound ) ) , BinOp ( "+" , Name ( "before" ) , Subscript ( Name ( "word" ) , Int ( 0 ) ) ) ) )  .Stmts )  FuncDef ( "process_words" , Params ( "text" , "word" , "result" ) , If ( Compare ( Name ( "text" ) , CmpOp ( "==" , Str ( "" ) ) ) , Return ( BinOp ( "+" , Name ( "result" ) , Name ( "word" ) ) )  .Stmts , .Stmts )  If ( Compare ( Subscript ( Name ( "text" ) , Int ( 0 ) ) , CmpOp ( "==" , Str ( " " ) ) ) , Return ( Call ( Name ( "process_words" ) , Subscript ( Name ( "text" ) , Slice ( Int ( 1 ) , NoBound , NoBound ) ) , Str ( "" ) , BinOp ( "+" , BinOp ( "+" , Name ( "result" ) , Name ( "word" ) ) , Str ( " " ) ) ) )  .Stmts , .Stmts )  Return ( Call ( Name ( "process_words" ) , Subscript ( Name ( "text" ) , Slice ( Int ( 1 ) , NoBound , NoBound ) ) , Call ( Name ( "insert_char" ) , Subscript ( Name ( "text" ) , Int ( 0 ) ) , Name ( "word" ) , Str ( "" ) ) , Name ( "result" ) ) )  .Stmts )  FuncDef ( "anti_shuffle" , Params ( "s" ) , Return ( Call ( Name ( "process_words" ) , Name ( "s" ) , Str ( "" ) , Str ( "" ) ) )  .Stmts )  .Stmts
  </functions>
  <env>
    .Map
  </env>
  <result>
    "\xa9\xce"
  </result>
</python>
[Error] Prover: backend terminated because the configuration cannot be
rewritten further. See output for more details.

EXIT_STATUS: 1
