Script started on 2026-07-29 11:22:30-05:00 [<not executed on terminal>]
d /tmp/audit-work/proof -> 
d /tmp/audit-work/proof/reference-semantics -> 
d /tmp/audit-work/proof/reference-semantics/semantics -> 
f /tmp/audit-work/proof/lemma-spec.k -> 
f /tmp/audit-work/proof/proof-program.mpy -> 
f /tmp/audit-work/proof/py2mpy.py -> 
f /tmp/audit-work/proof/reference-semantics/semantics.k -> 
f /tmp/audit-work/proof/reference-semantics/semantics/assert.k -> 
f /tmp/audit-work/proof/reference-semantics/semantics/bool.k -> 
f /tmp/audit-work/proof/reference-semantics/semantics/builtins.k -> 
f /tmp/audit-work/proof/reference-semantics/semantics/call.k -> 
f /tmp/audit-work/proof/reference-semantics/semantics/comprehension.k -> 
f /tmp/audit-work/proof/reference-semantics/semantics/concrete.k -> 
f /tmp/audit-work/proof/reference-semantics/semantics/controls.k -> 
f /tmp/audit-work/proof/reference-semantics/semantics/core.k -> 
f /tmp/audit-work/proof/reference-semantics/semantics/dict.k -> 
f /tmp/audit-work/proof/reference-semantics/semantics/float.k -> 
f /tmp/audit-work/proof/reference-semantics/semantics/functions.k -> 
f /tmp/audit-work/proof/reference-semantics/semantics/int.k -> 
f /tmp/audit-work/proof/reference-semantics/semantics/iter.k -> 
f /tmp/audit-work/proof/reference-semantics/semantics/list.k -> 
f /tmp/audit-work/proof/reference-semantics/semantics/methods.k -> 
f /tmp/audit-work/proof/reference-semantics/semantics/operators.k -> 
f /tmp/audit-work/proof/reference-semantics/semantics/range.k -> 
f /tmp/audit-work/proof/reference-semantics/semantics/set.k -> 
f /tmp/audit-work/proof/reference-semantics/semantics/sort.k -> 
f /tmp/audit-work/proof/reference-semantics/semantics/str.k -> 
f /tmp/audit-work/proof/reference-semantics/semantics/subscript.k -> 
f /tmp/audit-work/proof/reference-semantics/semantics/syntax.k -> 
f /tmp/audit-work/proof/reference-semantics/semantics/tuple.k -> 
f /tmp/audit-work/proof/solution.mpy -> 
f /tmp/audit-work/proof/solution.py -> 
f /tmp/audit-work/proof/spec.k -> 
f /tmp/audit-work/proof/verification.k -> 

Script done on 2026-07-29 11:22:30-05:00 [COMMAND_EXIT_CODE="0"]
