COMMAND: kprove spec-body-mutant.k --definition body-mutant-kompiled --spec-module SPEC-BODY-MUTANT
kore-exec: [451949] Warning (WarnStuckClaimState):
    The configuration's term doesn't unify with the destination's term and the configuration cannot be rewritten further. Location: /tmp/audit-work/reconstruction/spec-body-mutant.k:7:5-17:10
Context:
    (InfoReachability) while checking the implication
<py>
  <k>
    .K
  </k>
  <input>
    "Hello world"
  </input>
  <functions>
    "string_to_md5" |-> fn ( "text" , Return ( NoneVal )  .Stmts )
  </functions>
  <env>
    "text" |-> pyString ( "Hello world" )
  </env>
  <result>
    pyNone
  </result>
</py>
[Error] Prover: backend terminated because the configuration cannot be
rewritten further. See output for more details.
EXIT_STATUS: 1
