Script started on 2026-07-31 00:16:38-05:00 [<not executed on terminal>]
bbd11ce0fe6ac12ea89d4bdc70c260044bc9f87c987ff310684b637ea6464a07  /reference/generation-tools/klean_export.py
42a38e6d65b74af3536acc49947b7cfbac809406bdfe5549841e3132af5a5c4d  /reference/generation-tools/klean.py
12ea75e9bde6ff407be83d69c051a8bb2393647e539547391a0e36ac0a9eaaa4  /reference/generation-tools/source-manifest.json
37f02798f07030caebf47280ae57e23cacf85b9af8793b218528a407d27d4c58  /reference/klean-generation/generator-manifest.json
0c701d3eb398eaaf41e90d931c2ce0a501ebb0a8f76a48f80c605bb754711b08  /reference/klean-generation/input-manifest.json
== source-manifest.json ==
{
    "files": {
        "klean.py": "42a38e6d65b74af3536acc49947b7cfbac809406bdfe5549841e3132af5a5c4d",
        "klean_export.py": "bbd11ce0fe6ac12ea89d4bdc70c260044bc9f87c987ff310684b637ea6464a07"
    },
    "generator_image_id": "sha256:f884238cea5ab1ed0da0a75d0c9a29ac4abe988616c3f493ba60e74ca3290cf7",
    "schema_version": 1
}
== generator-manifest.json ==
{
  "exporter_sha256": "bbd11ce0fe6ac12ea89d4bdc70c260044bc9f87c987ff310684b637ea6464a07",
  "generated_tree_sha256": "087ace8d5a1c6cae4b9f8fe98eef077276ab4c5162ffd7e3723d5b36cb456521",
  "klean_py_sha256": "42a38e6d65b74af3536acc49947b7cfbac809406bdfe5549841e3132af5a5c4d",
  "modeled_collection_hooks": [
    ".List",
    ".Map",
    "ListItem",
    "_List_",
    "_Map_",
    "_|->_"
  ],
  "modeled_operational_hooks": [],
  "modeled_recursive_functions": [],
  "obligation_count": 2,
  "obligation_map_sha256": "45b3dd48c208cb228b28be7111c729d3943d3c36b9377d471b4ab195228c080e",
  "provenance": {
    "generator_image_id": "sha256:f884238cea5ab1ed0da0a75d0c9a29ac4abe988616c3f493ba60e74ca3290cf7",
    "inventory_sha256": "635effbc5658fac7a475f0ce34b67f1d7b46f1965621f64cca3938c8fdb15f6c",
    "stage1_workspace_sha256": "1090f510da1598239decc30dbcdaa1222679d6470ba14a63e1a11a475e01fbbd",
    "stage3_discovery_manifest_sha256": "9e596df04c6041b0a6074960bd2cb2b9607fd50c7671eccb082088011d8064ed"
  },
  "schema_version": 3,
  "target": {
    "declaration": "Klean57Monotonic.Lemmas.targetStatement",
    "definition_sha256": "8866c51a6d36cf0775ed26a1d3cf2a8a271a3cee29cd68b010f89378f1533fe8",
    "file": "Klean57Monotonic/Lemmas.lean",
    "parameters": [
      {
        "binding_sha256": "a7128d4b230a4356b6b753b3077958be8caaab82e5f88d7e466393744df0796e",
        "kore_symbol": "Lbl'Unds'orBool'Unds'",
        "name": "_orBool_",
        "source_rule_ids": [
          "rule-9da3d0e2a43f2a59d88512067068ed2de6ddc5b6972e73b0a57e10a6e46fc33d",
          "rule-26e479bca972e68e6643e9eb5546744b4b881a595b804fd4fd237f23c16a00d4"
        ],
        "type": "SortBool \u2192 SortBool \u2192 SortBool"
      },
      {
        "binding_sha256": "a1f23496cddc86b8fef424039e7db6d8c3af6013ee1b7a6e957dfab6dff5ed06",
        "kore_symbol": "Lbl'UndsEqlsEqls'Bool'Unds'",
        "name": "\u00ab_==Bool_\u00bb",
        "source_rule_ids": [
          "rule-9da3d0e2a43f2a59d88512067068ed2de6ddc5b6972e73b0a57e10a6e46fc33d",
          "rule-26e479bca972e68e6643e9eb5546744b4b881a595b804fd4fd237f23c16a00d4"
        ],
        "type": "SortBool \u2192 SortBool \u2192 SortBool"
      },
      {
        "binding_sha256": "24517955bc07d842c01a9003e84afe2a2a339f890d5b4788aadf7775b72076fe",
        "kore_symbol": "LblnotBool'Unds'",
        "name": "notBool_",
        "source_rule_ids": [
          "rule-26e479bca972e68e6643e9eb5546744b4b881a595b804fd4fd237f23c16a00d4"
        ],
        "type": "SortBool \u2192 SortBool"
      }
    ],
    "statement": "Klean57Monotonic.Lemmas.targetStatement _orBool_ \u00ab_==Bool_\u00bb notBool_",
    "statement_sha256": "f80820bf89aaf99c07e202eb806669a0d9a435cf2c5effc38d479062434cc49f"
  },
  "toolchain": {
    "codex_cli_version": "0.144.6",
    "k_base_image": "runtimeverificationinc/kframework-k:ubuntu-jammy-7.1.293@sha256:f3f64ab72bd7b560082d50e4c6c23e107025cf217ca62ab73700104fc45de09a",
    "k_version": "7.1.293",
    "lean_commit": "ba2cbbf09d4978f416e0ebd1fceeebc2c4138c05",
    "lean_toolchain": "leanprover/lean4:v4.22.0",
    "pyk_project": "pyk@runtimeverification/k",
    "pyk_version": "7.1.293",
    "runtimeverification_k_commit": "ff15baac9e66426612ec45ff912af7f14965b64a"
  }
}
== input-manifest.json ==
{
  "definitions": [],
  "frozen_input_sha256": "1090f510da1598239decc30dbcdaa1222679d6470ba14a63e1a11a475e01fbbd",
  "inventory_sha256": "635effbc5658fac7a475f0ce34b67f1d7b46f1965621f64cca3938c8fdb15f6c",
  "lowered_structural_definition_rules": [],
  "modeled_collection_hooks": [
    ".List",
    ".Map",
    "ListItem",
    "_List_",
    "_Map_",
    "_|->_"
  ],
  "modeled_operational_hooks": [],
  "modeled_recursive_functions": [],
  "operational_rules": [],
  "problem": "57-monotonic",
  "promoted_structural_definitions": [],
  "proved_derived_lemmas": [],
  "required_k_files": [
    "/frozen-k/reference-semantics/semantics.k",
    "/frozen-k/reference-semantics/semantics/assert.k",
    "/frozen-k/reference-semantics/semantics/bool.k",
    "/frozen-k/reference-semantics/semantics/builtins.k",
    "/frozen-k/reference-semantics/semantics/call.k",
    "/frozen-k/reference-semantics/semantics/comprehension.k",
    "/frozen-k/reference-semantics/semantics/concrete.k",
    "/frozen-k/reference-semantics/semantics/controls.k",
    "/frozen-k/reference-semantics/semantics/core.k",
    "/frozen-k/reference-semantics/semantics/dict.k",
    "/frozen-k/reference-semantics/semantics/float.k",
    "/frozen-k/reference-semantics/semantics/functions.k",
    "/frozen-k/reference-semantics/semantics/int.k",
    "/frozen-k/reference-semantics/semantics/iter.k",
    "/frozen-k/reference-semantics/semantics/list.k",
    "/frozen-k/reference-semantics/semantics/methods.k",
    "/frozen-k/reference-semantics/semantics/operators.k",
    "/frozen-k/reference-semantics/semantics/range.k",
    "/frozen-k/reference-semantics/semantics/set.k",
    "/frozen-k/reference-semantics/semantics/sort.k",
    "/frozen-k/reference-semantics/semantics/str.k",
    "/frozen-k/reference-semantics/semantics/subscript.k",
    "/frozen-k/reference-semantics/semantics/syntax.k",
    "/frozen-k/reference-semantics/semantics/tuple.k",
    "/frozen-k/verification.k"
  ],
  "schema_version": 3,
  "source_rules": [
    {
      "attributes": [
        "simplification"
      ],
      "classification": "DOMAIN_LEMMA",
      "discovery_manifest_sha256": "9e596df04c6041b0a6074960bd2cb2b9607fd50c7671eccb082088011d8064ed",
      "end_line": 8,
      "inventory_sha256": "635effbc5658fac7a475f0ce34b67f1d7b46f1965621f64cca3938c8fdb15f6c",
      "module": "VERIFICATION",
      "normalized_sha256": "9da3d0e2a43f2a59d88512067068ed2de6ddc5b6972e73b0a57e10a6e46fc33d",
      "rationale": "This simplification rule is a guarded Boolean identity used to normalize the target proof obligation. It does not define a named summary or execute the modeled program, and Stage 1 compiles the rule into VERIFICATION before proving the target rather than first proving the exact rule in a module that omits it, so it remains a trusted domain fact.",
      "source_rule_id": "rule-9da3d0e2a43f2a59d88512067068ed2de6ddc5b6972e73b0a57e10a6e46fc33d",
      "start_line": 6,
      "text": "  rule A:Bool ==Bool (A orBool B:Bool) => true\n    requires A\n    [simplification]"
    },
    {
      "attributes": [
        "simplification"
      ],
      "classification": "DOMAIN_LEMMA",
      "discovery_manifest_sha256": "9e596df04c6041b0a6074960bd2cb2b9607fd50c7671eccb082088011d8064ed",
      "end_line": 12,
      "inventory_sha256": "635effbc5658fac7a475f0ce34b67f1d7b46f1965621f64cca3938c8fdb15f6c",
      "module": "VERIFICATION",
      "normalized_sha256": "26e479bca972e68e6643e9eb5546744b4b881a595b804fd4fd237f23c16a00d4",
      "rationale": "This simplification rule is the complementary guarded Boolean identity for the other short-circuit branch. It is neither a definitional equation nor an operational execution rule, and no Stage 1 command first proves the exact rule against a rule-free module, so it is an additional trusted mathematical fact.",
      "source_rule_id": "rule-26e479bca972e68e6643e9eb5546744b4b881a595b804fd4fd237f23c16a00d4",
      "start_line": 10,
      "text": "  rule B:Bool ==Bool (A:Bool orBool B) => true\n    requires notBool A\n    [simplification]"
    }
  ],
  "stage1_workspace_sha256": "1090f510da1598239decc30dbcdaa1222679d6470ba14a63e1a11a475e01fbbd",
  "stage3_discovery_manifest_sha256": "9e596df04c6041b0a6074960bd2cb2b9607fd50c7671eccb082088011d8064ed",
  "summary_functions": [],
  "syntax_module": "MPY-SYNTAX",
  "verification_module": "VERIFICATION",
  "verification_sha256": "8319a9cc33207e2ce5d20e13868a6beb8e52b79a5d07c3e201dbc56d91f69ceb"
}
== audit producer/image fields ==
5:    "image_id": "sha256:58a031b319fb655a014e2b5508aaf535ec84bf49648494d56e30f9ea3dbd343f",
16:    "generation_producer_sources": "/home/yuqing/Documents/Code/humaneval-benchmark/data/stage4-producer-sources/f884238cea5ab1ed0da0a75d0c9a29ac4abe988616c3f493ba60e74ca3290cf7",
20:      "generation_producer_sources_sha256": "388cac39f4f89b5a912d2628ef5c7963e791f5ed775cf1e9606fe64dcfd5f11e",

Script done on 2026-07-31 00:16:38-05:00 [COMMAND_EXIT_CODE="0"]
