Script started on 2026-07-31 00:16:45-05:00 [<not executed on terminal>]
/reference/tools/usage_accounting.py
127:def _hash_tree_entries(entries: Sequence[tuple[str, str, Path]]) -> str:

/reference/tools/lemma_discovery_contract.py
2:"""Validate Stage 3 classifications against the canonical K rule inventory."""
11:from tools.k_rule_inventory import KRuleInventoryError, inventory_verification
14:_MANIFEST_KEYS = {"schema_version", "inventory_sha256", "rules"}
72:        inventory = inventory_verification(Path(workspace))
86:    if document["inventory_sha256"] != inventory["inventory_sha256"]:
88:            "lemma discovery inventory_sha256 does not match canonical inventory"
95:    canonical_rules = inventory["rules"]
172:        **inventory,

/reference/tools/stage6_resolution_contract.py
30:        "trust_inventory",

/reference/tools/audit_contract.py
130:def _optional_regular_file_hash(path: Path) -> str | None:
233:def _optional_tree_hash(root: Path) -> str | None:
246:def legacy_content_tree_hash(root: Path) -> str:
302:def _manifest_input_hash(manifest: dict[str, Any], name: str) -> object:
309:def build_resolution_and_hashes(
331:        "candidate_tree_sha256": sha256_tree(candidate),

/reference/tools/legacy_migration.py
47:    tree_sha256: str
312:def _framed_tree_hash(entries: Sequence[tuple[str, str, Path, int]]) -> str:
333:        tree_sha256=_framed_tree_hash(entries),
339:def _inventory_source_tree(
602:    files, directories, omitted = _inventory_source_tree(
659:    retained_files, retained_directories, omitted = _inventory_source_tree(
895:                "tree_sha256": item.tree_sha256,
981:def _source_inventory_sha256(task: LegacyTaskPlan) -> str:
992:                "tree_sha256": item.tree_sha256,
1225:    source_tree_sha256: str,
1243:            "source_tree_sha256": source_tree_sha256,
1258:        "source_tree_sha256": source_tree_sha256,
1322:    source_tree_sha256: str,
1350:        "source_tree_sha256": source_tree_sha256,
1358:                "tree_sha256": item.tree_sha256,
1499:    source_tree_sha256 = _source_inventory_sha256(task_plan)
1511:            source_tree_sha256,
1543:            source_tree_sha256,
1887:    source_tree_sha256 = _source_inventory_sha256(task_plan)
1921:        source_tree_sha256,
2088:        source_tree_sha256,
2740:def _validate_published_hashes(journal: Mapping[str, Any]) -> None:

/reference/tools/klean_preflight.py
34:    "trust-inventory.json",
43:    generated_tree_sha256: str
78:            generated_tree_sha256=klean_export.tree_digest(generated),
108:    if current.generated_tree_sha256 != expected.generated_tree_sha256:
229:    if input_manifest.get("inventory_sha256") != validated[
230:        "inventory_sha256"
233:            "Stage 1/Stage 3 inventory hash changed after deterministic export"
240:            "Stage 3 DOMAIN_LEMMA inventory changed after deterministic export"
285:            "inventory_sha256",
422:    inventory = _regular_json(
423:        generation / "trust-inventory.json", "trust inventory"
436:    generated_hash = snapshot.generated_tree_sha256
453:    if generator_manifest.get("generated_tree_sha256") != generated_hash:
468:    if provenance.get("inventory_sha256") != input_manifest.get(
469:        "inventory_sha256"
472:            "Stage 1/Stage 3 inventory provenance differs"
500:            "target proposition and obligation inventory disagree"
515:    if inventory.get("designated_sorries") != 0 or inventory.get(
518:        raise KleanPreflightError("trust inventory has unexpected proof-hole counts")
522:    allowlist = inventory.get("allowlist")
524:        raise KleanPreflightError("trust inventory allowlist is malformed")
551:        "generated_tree_sha256": generated_hash,
552:        "trust_inventory_sha256": sidecar_hashes[
553:            "trust-inventory.json"
559:                "trust inventory hash"
560:                if field == "trust_inventory_sha256"
594:        "generated_tree_sha256": generated_hash,

/reference/tools/stage4_runner.py
281:        if preflight.get("generated_tree_sha256") != generated_sha256:
343:        _trust_inventory, trust_inventory_bytes = _candidate_json(
344:            generation, "trust-inventory.json"
349:        generated_sha256 = preflight["generated_tree_sha256"]
374:            generator_manifest.get("generated_tree_sha256")
397:            or export_result.get("generated_tree_sha256")
399:            or export_result.get("trust_inventory_sha256")
400:            != hashlib.sha256(trust_inventory_bytes).hexdigest()

/reference/tools/klean_final_gate.py
132:def _allowed_axioms(inventory: dict[str, Any]) -> set[str]:
133:    allowlist = inventory.get("allowlist")
135:        raise KleanFinalGateError("trust inventory allowlist is malformed")
139:            raise KleanFinalGateError("trust inventory entry is malformed")
142:            raise KleanFinalGateError("trust inventory name is malformed")
203:    inventory = _regular_json(
204:        generation / "trust-inventory.json", "trust inventory"
261:    allowed = _allowed_axioms(inventory)
327:def _input_hashes(

/reference/tools/stage3_runner.py
25:    k_rule_inventory,
109:def _stage1_workspace_hash(task: Path) -> tuple[Path, str]:
130:def _inventory_path(task: Path) -> Path:
131:    return task / STAGE / "rule-inventory.json"
134:def _prepare_rule_inventory(task: Path, workspace: Path) -> tuple[Path, str]:
136:        inventory = k_rule_inventory.inventory_verification(workspace)
137:    except k_rule_inventory.KRuleInventoryError as error:
139:    path = _inventory_path(task)
142:            path, "Stage 3 canonical rule inventory"
144:        if existing != inventory:
146:                "Stage 3 canonical rule inventory changed after publication"
149:        pipeline_contract.write_json_atomic(path, inventory)
152:        path, "Stage 3 canonical rule inventory"
308:        "rule_inventory": str(_inventory_path(task)),
492:    inventory_path: Path,
493:    expected_inventory_hash: str,
504:        pipeline_contract.sha256_file(inventory_path)
505:        != expected_inventory_hash
508:            "canonical rule inventory changed during Stage 3"
568:    inventory_path: Path,
609:            "RULE_INVENTORY_PATH": str(inventory_path),
688:    inventory_path, expected_inventory_hash = _prepare_rule_inventory(
714:            inventory_path,
768:                inventory_path,
769:                expected_inventory_hash,
829:        k_rule_inventory.KRuleInventoryError,

/reference/tools/klean_export.py
79:from tools import k_rule_inventory, lemma_discovery_contract
257:        verification_module = k_rule_inventory.inventory_verification(
260:    except k_rule_inventory.KRuleInventoryError as error:
1544:def _trust_inventory(
1726:    inventory_sha256 = validated["inventory_sha256"]
1730:            "inventory_sha256": inventory_sha256,
1795:                "inventory_sha256": rule["inventory_sha256"],
1871:    canonical_inventory = validated
1874:    if module != canonical_inventory["verification_module"]:
1876:            "Stage 1 inventory and K definition resolution disagree"
1915:            source_inventory_path = scratch / "source-rule-inventory.json"
1917:                source_inventory_path,
1955:                "--source-rule-inventory",
1956:                str(source_inventory_path),
2045:            inventory = _trust_inventory(
2069:                "inventory_sha256": validated["inventory_sha256"],
2116:                "generated_tree_sha256": tree_digest(generated),
2127:                    "inventory_sha256": validated["inventory_sha256"],
2137:                "generated_tree_sha256": generator_manifest[
2138:                    "generated_tree_sha256"
2144:                "trust_inventory_sha256": "",
2152:            _write_json(publish_staging / "trust-inventory.json", inventory)
2153:            result["trust_inventory_sha256"] = hashlib.sha256(
2154:                (publish_staging / "trust-inventory.json").read_bytes()

/reference/tools/klean_audit_contract.py
207:def _stage1_source_hashes(workspace: Path) -> dict[str, str]:
245:            bundle / "source-manifest.json",
273:            "source-manifest.json",
377:        if generator_manifest.get("generated_tree_sha256") != generated_hash:
453:            "trust_inventory": str(
455:                    generation / "trust-inventory.json",
456:                    "Stage 4 trust inventory",
467:                "generation_producer_sources_sha256": (
470:                "generated_tree_sha256": generated_hash,

/reference/tools/klean.py
634:def _source_rule_lines(source_rule_inventory: Path) -> dict[int, dict[str, object]]:
636:        document = json.loads(source_rule_inventory.read_text())
639:        raise RuntimeError("source rule inventory is malformed") from error
641:        raise RuntimeError("source rule inventory must contain a rule list")
645:            raise RuntimeError("source rule inventory entry is malformed")
688:    source_rule_inventory: Path,
697:    eligible_by_line = _source_rule_lines(source_rule_inventory)
797:    source_rule_inventory: Path,
946:    eligible_by_line = _source_rule_lines(source_rule_inventory)
1304:    source_rule_inventory = None
1305:    if "--source-rule-inventory" in arguments:
1306:        index = arguments.index("--source-rule-inventory")
1308:            raise SystemExit("error: --source-rule-inventory requires a value")
1309:        source_rule_inventory = Path(arguments[index + 1])
1311:    if emit_lemmas and source_rule_inventory is None:
1312:        raise SystemExit("error: --lemmas requires --source-rule-inventory")
1335:            source_rule_inventory,
1397:                source_rule_inventory,

/reference/tools/k_rule_inventory.py
2:"""Canonical lexical inventory of simplification rules in verification.k."""
39:    """Raised when verification.k cannot produce a canonical inventory."""
744:def inventory_verification(workspace: Path) -> dict[str, Any]:
790:        "inventory_sha256": canonical_json_sha256(rule_documents),

/reference/tools/pipeline_contract.py
1620:def _invocation_output_hashes(invocation: Path, workspace: Path) -> dict[str, Any]:
2085:                "trust-inventory.json",

/reference/tools/migrate_six_stage_layout.py
147:def _tree_hash(path: Path, label: str) -> str:
631:def _copy_tree(source: Path, destination: Path, expected_hash: str) -> None:

/reference/tools/check_kit_bundle.py
56:def hash_file(path: Path, expected_mode: str) -> str:
86:def hash_files(root: Path) -> dict[str, str]:
#!/usr/bin/env python3
"""Canonical lexical inventory of simplification rules in verification.k."""

from __future__ import annotations

import dataclasses
import hashlib
import json
import re
import stat
from dataclasses import dataclass
from pathlib import Path
from typing import Any


_MODULE_NAME_RE = re.compile(
    r"^[ \t]+(?P<name>[A-Za-z][A-Za-z0-9_'-]*)"
    r"(?:[ \t]+\[[^\]\r\n]*\])?[ \t]*$"
)
_TRAILING_ATTRIBUTES_RE = re.compile(
    r"\[(?P<attributes>[^\[\]]*)\][ \t\r\n]*\Z", re.S
)
_CELL_TAG_RE = re.compile(
    r"<(?P<close>/)?(?P<name>[A-Za-z][A-Za-z0-9_'-]*)"
    r"[ \t]*(?P<self_close>/)?>"
)
_OUTER_SENTENCE_KEYWORDS = {
    "imports",
    "syntax",
    "rule",
    "configuration",
    "context",
    "claim",
    "alias",
}


class KRuleInventoryError(RuntimeError):
    """Raised when verification.k cannot produce a canonical inventory."""


@dataclass(frozen=True)
class KRule:
    source_rule_id: str
    module: str
    start_line: int
    end_line: int
    normalized_sha256: str
    attributes: list[str]
    text: str


@dataclass(frozen=True)
class _Sentence:
    keyword: str
    start: int


@dataclass(frozen=True)
class _Module:
    name: str
    content_start: int
    content_end: int
    imports: tuple[str, ...]
    sentences: tuple[_Sentence, ...]


@dataclass(frozen=True)
class _RuleSpan:
    rule: KRule
    start_offset: int
    end_offset: int
    attribute_start: int | None
    attribute_end: int | None


def canonical_json_sha256(document: Any) -> str:
    encoded = json.dumps(
        document,
        sort_keys=True,
        separators=(",", ":"),
        ensure_ascii=False,
    ).encode()
    return hashlib.sha256(encoded).hexdigest()


def _mask_non_code(text: str) -> str:
    """Mask comments and string bodies without changing source offsets."""

    output = list(text)
    index = 0
    block_depth = 0
    state = "code"
    while index < len(text):
        character = text[index]
        following = text[index + 1] if index + 1 < len(text) else ""
        if state == "line-comment":
            if character in "\r\n":
                state = "code"
            else:
                output[index] = " "
            index += 1
            continue
        if state == "string":
            if character == "\\" and following:
                output[index] = " "
                output[index + 1] = " "
                index += 2
                continue
            if character == '"':
                state = "code"
            elif character not in "\r\n":
                output[index] = " "
            index += 1
            continue
        if state == "block-comment":
            if character == "/" and following == "*":
                output[index] = output[index + 1] = " "
                block_depth += 1
                index += 2
                continue
            if character == "*" and following == "/":
                output[index] = output[index + 1] = " "
                block_depth -= 1
                index += 2
                if block_depth == 0:
                    state = "code"
                continue
            if character not in "\r\n":
                output[index] = " "
            index += 1
            continue
        if character == "/" and following == "/":
            output[index] = output[index + 1] = " "
            state = "line-comment"
            index += 2
            continue
        if character == "/" and following == "*":
            output[index] = output[index + 1] = " "
            state = "block-comment"
            block_depth = 1
            index += 2
            continue
        if character == '"':
            state = "string"
        index += 1
    return "".join(output)


def _line_ranges(text: str, start: int = 0) -> list[tuple[int, int, int]]:
    ranges: list[tuple[int, int, int]] = []
    line_start = start
    while line_start < len(text):
        newline = text.find("\n", line_start)
        next_start = len(text) if newline < 0 else newline + 1
        line_end = len(text) if newline < 0 else newline
        content_end = (
            line_end - 1
            if line_end > line_start and text[line_end - 1] == "\r"
            else line_end
        )
        ranges.append((line_start, content_end, next_start))
        if newline < 0:
            break
        line_start = next_start
    return ranges


def _line_heads(text: str) -> list[tuple[int, int, str, str]]:
    """Return physical-line word heads without assigning K grammar meaning."""

    heads: list[tuple[int, int, str, str]] = []
    for line_start, content_end, _next_start in _line_ranges(text):
        index = line_start
        while index < content_end and text[index] in " \t":
            index += 1
        word_end = index
        while word_end < content_end and (
            text[word_end].isalnum() or text[word_end] in "_'"
        ):
            word_end += 1
        if word_end > index:
            heads.append(
                (
                    line_start,
                    content_end,
                    text[index:word_end],
                    text[word_end:content_end],
                )
            )
    return heads


def _line_word(line: str) -> tuple[str, str, int]:
    stripped = line.lstrip()
    indent = len(line) - len(stripped)
    word_end = 0
    while word_end < len(stripped) and (
        stripped[word_end].isalnum() or stripped[word_end] in "_'"
    ):
        word_end += 1
    return stripped[:word_end], stripped[word_end:], indent + word_end


def _rule_continuation(line: str) -> tuple[str, int] | None:
    stripped = line.lstrip()
    if stripped.startswith("["):
        return "attributes", len(line) - len(stripped)
    word, rest, word_end = _line_word(line)
    for keyword in ("requires", "ensures"):
        if word == keyword and (
            not rest
            or not (
                rest[0].isalnum()
                or rest[0] in "_'"
            )
        ):
            return keyword, word_end
    return None


def _starts_outer_transition(line: str) -> bool:
    keyword, rest, _word_end = _line_word(line)
    separated = bool(rest) and rest[0] in " \t"
    if keyword == "module":
        return separated and _MODULE_NAME_RE.fullmatch(rest) is not None
    if keyword == "endmodule":
        return not rest.strip()
    if keyword == "rule":
        return not rest or separated
    return keyword in _OUTER_SENTENCE_KEYWORDS and separated


def _terminal_attribute_line(line: str) -> bool:
    match = _TRAILING_ATTRIBUTES_RE.search(line)
    if match is None:
        return False
    start = match.start()
    return start == 0 or line[start - 1].isspace()


def _scan_rule_delimiters(
    line: str,
    delimiters: list[str],
) -> None:
    closing = {")": "(", "]": "[", "}": "{"}
    index = 0
    while index < len(line):
        if line[index] == "<":
            cell = _CELL_TAG_RE.match(line, index)
            if cell is not None:
                marker = f"<{cell.group('name')}>"
                if cell.group("close"):
                    if delimiters and delimiters[-1] == marker:
                        delimiters.pop()
                elif not cell.group("self_close"):
                    delimiters.append(marker)
                index = cell.end()
                continue
        character = line[index]
        if character in "([{":
            delimiters.append(character)
        elif character in closing:
            if delimiters and delimiters[-1] == closing[character]:
                delimiters.pop()
        index += 1


def _rule_bubble_end(masked_text: str, start: int) -> int:
    """Find when an outer rule bubble returns control to outer parsing."""

    seen_rewrite = False
    clause_has_content = False
    candidate_end: int | None = None
    delimiters: list[str] = []
    ranges = _line_ranges(masked_text, start)
    for line_start, line_end, next_start in ranges:
        line = masked_text[line_start:line_end]
        if not line.strip():
            continue

        continuation = (
            _rule_continuation(line)
            if seen_rewrite and candidate_end is not None
            else None
        )
        if candidate_end is not None:
            if continuation is None and _starts_outer_transition(line):
                return candidate_end
            candidate_end = None

        content_start = 0
        if continuation is not None:
            kind, content_start = continuation
            if kind in {"requires", "ensures"}:
                clause_has_content = False

        if not seen_rewrite:
            rewrite = line.find("=>")
            if rewrite >= 0:
                seen_rewrite = True
                content_start = rewrite + 2
            else:
                content_start = len(line)

        _scan_rule_delimiters(line, delimiters)
        if seen_rewrite and line[content_start:].strip():
            clause_has_content = True

        if (
            seen_rewrite
            and clause_has_content
            and not delimiters
            and _terminal_attribute_line(line)
        ):
            return next_start
        if seen_rewrite and clause_has_content and not delimiters:
            candidate_end = next_start
    if candidate_end is not None:
        return candidate_end

Script done on 2026-07-31 00:16:45-05:00 [COMMAND_EXIT_CODE="0"]
