Script started on 2026-07-31 00:19:16-05:00 [<not executed on terminal>]
== obligation-map.json ==
{
  "obligations": [
    {
      "discovery_manifest_sha256": "9e596df04c6041b0a6074960bd2cb2b9607fd50c7671eccb082088011d8064ed",
      "inventory_sha256": "635effbc5658fac7a475f0ce34b67f1d7b46f1965621f64cca3938c8fdb15f6c",
      "lean_conjunct": "\u2200 (B : SortBool) (A : SortBool) (h : (A) = true), (\u00ab_==Bool_\u00bb A (_orBool_ A B) : SortBool) = (true : SortBool)",
      "lean_conjunct_sha256": "1e138c4e0a999e60d9fa9301a08da58f1b8871bd16a8c008916555cec8769485",
      "normalized_sha256": "9da3d0e2a43f2a59d88512067068ed2de6ddc5b6972e73b0a57e10a6e46fc33d",
      "source_rule_id": "rule-9da3d0e2a43f2a59d88512067068ed2de6ddc5b6972e73b0a57e10a6e46fc33d",
      "source_span": {
        "end_line": 8,
        "start_line": 6
      }
    },
    {
      "discovery_manifest_sha256": "9e596df04c6041b0a6074960bd2cb2b9607fd50c7671eccb082088011d8064ed",
      "inventory_sha256": "635effbc5658fac7a475f0ce34b67f1d7b46f1965621f64cca3938c8fdb15f6c",
      "lean_conjunct": "\u2200 (B : SortBool) (A : SortBool) (h : (notBool_ A) = true), (\u00ab_==Bool_\u00bb B (_orBool_ A B) : SortBool) = (true : SortBool)",
      "lean_conjunct_sha256": "a780fa957ce3f5c7215b13b297827499c401a392494fdcaefbe1b0c67db9e71c",
      "normalized_sha256": "26e479bca972e68e6643e9eb5546744b4b881a595b804fd4fd237f23c16a00d4",
      "source_rule_id": "rule-26e479bca972e68e6643e9eb5546744b4b881a595b804fd4fd237f23c16a00d4",
      "source_span": {
        "end_line": 12,
        "start_line": 10
      }
    }
  ],
  "schema_version": 3,
  "source_rules": [
    {
      "attributes": [
        "simplification"
      ],
      "classification": "DOMAIN_LEMMA",
      "discovery_manifest_sha256": "9e596df04c6041b0a6074960bd2cb2b9607fd50c7671eccb082088011d8064ed",
      "end_line": 8,
      "inventory_sha256": "635effbc5658fac7a475f0ce34b67f1d7b46f1965621f64cca3938c8fdb15f6c",
      "module": "VERIFICATION",
      "normalized_sha256": "9da3d0e2a43f2a59d88512067068ed2de6ddc5b6972e73b0a57e10a6e46fc33d",
      "rationale": "This simplification rule is a guarded Boolean identity used to normalize the target proof obligation. It does not define a named summary or execute the modeled program, and Stage 1 compiles the rule into VERIFICATION before proving the target rather than first proving the exact rule in a module that omits it, so it remains a trusted domain fact.",
      "source_rule_id": "rule-9da3d0e2a43f2a59d88512067068ed2de6ddc5b6972e73b0a57e10a6e46fc33d",
      "start_line": 6,
      "text": "  rule A:Bool ==Bool (A orBool B:Bool) => true\n    requires A\n    [simplification]"
    },
    {
      "attributes": [
        "simplification"
      ],
      "classification": "DOMAIN_LEMMA",
      "discovery_manifest_sha256": "9e596df04c6041b0a6074960bd2cb2b9607fd50c7671eccb082088011d8064ed",
      "end_line": 12,
      "inventory_sha256": "635effbc5658fac7a475f0ce34b67f1d7b46f1965621f64cca3938c8fdb15f6c",
      "module": "VERIFICATION",
      "normalized_sha256": "26e479bca972e68e6643e9eb5546744b4b881a595b804fd4fd237f23c16a00d4",
      "rationale": "This simplification rule is the complementary guarded Boolean identity for the other short-circuit branch. It is neither a definitional equation nor an operational execution rule, and no Stage 1 command first proves the exact rule against a rule-free module, so it is an additional trusted mathematical fact.",
      "source_rule_id": "rule-26e479bca972e68e6643e9eb5546744b4b881a595b804fd4fd237f23c16a00d4",
      "start_line": 10,
      "text": "  rule B:Bool ==Bool (A:Bool orBool B) => true\n    requires notBool A\n    [simplification]"
    }
  ],
  "trust_parameters": [
    {
      "binding_sha256": "a7128d4b230a4356b6b753b3077958be8caaab82e5f88d7e466393744df0796e",
      "kore_symbol": "Lbl'Unds'orBool'Unds'",
      "name": "_orBool_",
      "source_rule_ids": [
        "rule-9da3d0e2a43f2a59d88512067068ed2de6ddc5b6972e73b0a57e10a6e46fc33d",
        "rule-26e479bca972e68e6643e9eb5546744b4b881a595b804fd4fd237f23c16a00d4"
      ],
      "type": "SortBool \u2192 SortBool \u2192 SortBool"
    },
    {
      "binding_sha256": "a1f23496cddc86b8fef424039e7db6d8c3af6013ee1b7a6e957dfab6dff5ed06",
      "kore_symbol": "Lbl'UndsEqlsEqls'Bool'Unds'",
      "name": "\u00ab_==Bool_\u00bb",
      "source_rule_ids": [
        "rule-9da3d0e2a43f2a59d88512067068ed2de6ddc5b6972e73b0a57e10a6e46fc33d",
        "rule-26e479bca972e68e6643e9eb5546744b4b881a595b804fd4fd237f23c16a00d4"
      ],
      "type": "SortBool \u2192 SortBool \u2192 SortBool"
    },
    {
      "binding_sha256": "24517955bc07d842c01a9003e84afe2a2a339f890d5b4788aadf7775b72076fe",
      "kore_symbol": "LblnotBool'Unds'",
      "name": "notBool_",
      "source_rule_ids": [
        "rule-26e479bca972e68e6643e9eb5546744b4b881a595b804fd4fd237f23c16a00d4"
      ],
      "type": "SortBool \u2192 SortBool"
    }
  ]
}
== Lemmas.lean ==
     1	import Klean57Monotonic.Inj
     2	
     3	/- K trust-boundary goals. The second-pass agent must replace every
     4	   writable opaque stub with an honest definition and prove this
     5	   immutable proposition in the separate Proof.lean workspace. -/
     6	
     7	namespace Klean57Monotonic.Lemmas
     8	
     9	def targetStatement
    10	    (_orBool_ : SortBool → SortBool → SortBool)
    11	    («_==Bool_» : SortBool → SortBool → SortBool)
    12	    (notBool_ : SortBool → SortBool)
    13	    : Prop :=
    14	    (∀ (B : SortBool) (A : SortBool) (h : (A) = true), («_==Bool_» A (_orBool_ A B) : SortBool) = (true : SortBool))
    15	    ∧ (∀ (B : SortBool) (A : SortBool) (h : (notBool_ A) = true), («_==Bool_» B (_orBool_ A B) : SortBool) = (true : SortBool))
    16	
    17	end Klean57Monotonic.Lemmas
== generated root ==
     1	import Klean57Monotonic.Rewrite
     2	import Klean57Monotonic.Lemmas
== trust-inventory.json ==
{
  "allowlist": [
    {
      "declaration_name": "concatAx",
      "kind": "axiom",
      "line": "183",
      "name": "ListHookDef.concatAx",
      "reason": "Klean-generated trust boundary",
      "source": "Klean57Monotonic/Prelude.lean",
      "type": "List T \u2192 List T \u2192 Option (List T)"
    },
    {
      "declaration_name": "elementAx",
      "kind": "axiom",
      "line": "184",
      "name": "ListHookDef.elementAx",
      "reason": "Klean-generated trust boundary",
      "source": "Klean57Monotonic/Prelude.lean",
      "type": "T \u2192 List T"
    },
    {
      "declaration_name": "fillAx",
      "kind": "axiom",
      "line": "190",
      "name": "ListHookDef.fillAx",
      "reason": "Klean-generated trust boundary",
      "source": "Klean57Monotonic/Prelude.lean",
      "type": "List T \u2192 Int \u2192 T \u2192 Option (List T)"
    },
    {
      "declaration_name": "getAx",
      "kind": "axiom",
      "line": "186",
      "name": "ListHookDef.getAx",
      "reason": "Klean-generated trust boundary",
      "source": "Klean57Monotonic/Prelude.lean",
      "type": "Int \u2192 List T \u2192 Option T"
    },
    {
      "declaration_name": "inListAx",
      "kind": "axiom",
      "line": "192",
      "name": "ListHookDef.inListAx",
      "reason": "Klean-generated trust boundary",
      "source": "Klean57Monotonic/Prelude.lean",
      "type": "T \u2192 List T \u2192 Bool"
    },
    {
      "declaration_name": "makeAx",
      "kind": "axiom",
      "line": "188",
      "name": "ListHookDef.makeAx",
      "reason": "Klean-generated trust boundary",
      "source": "Klean57Monotonic/Prelude.lean",
      "type": "Int \u2192 T \u2192 Option (List T)"
    },
    {
      "declaration_name": "pushAx",
      "kind": "axiom",
      "line": "185",
      "name": "ListHookDef.pushAx",
      "reason": "Klean-generated trust boundary",
      "source": "Klean57Monotonic/Prelude.lean",
      "type": "T \u2192 List T \u2192 List T"
    },
    {
      "declaration_name": "rangeAx",
      "kind": "axiom",
      "line": "191",
      "name": "ListHookDef.rangeAx",
      "reason": "Klean-generated trust boundary",
      "source": "Klean57Monotonic/Prelude.lean",
      "type": "List T \u2192 Int \u2192 Int \u2192 Option (List T)"
    },
    {
      "declaration_name": "sizeAx",
      "kind": "axiom",
      "line": "193",
      "name": "ListHookDef.sizeAx",
      "reason": "Klean-generated trust boundary",
      "source": "Klean57Monotonic/Prelude.lean",
      "type": "List T \u2192 Int"
    },
    {
      "declaration_name": "splitAx",
      "kind": "axiom",
      "line": "194",
      "name": "ListHookDef.splitAx",
      "reason": "Klean-generated trust boundary",
      "source": "Klean57Monotonic/Prelude.lean",
      "type": "List T \u2192 Nat \u2192 Nat \u2192 Option (List T \u00d7 List T \u00d7 List T)"
    },
    {
      "declaration_name": "unitAx",
      "kind": "axiom",
      "line": "182",
      "name": "ListHookDef.unitAx",
      "reason": "Klean-generated trust boundary",
      "source": "Klean57Monotonic/Prelude.lean",
      "type": "List T"
    },
    {
      "declaration_name": "updateAllAx",
      "kind": "axiom",
      "line": "189",
      "name": "ListHookDef.updateAllAx",
      "reason": "Klean-generated trust boundary",
      "source": "Klean57Monotonic/Prelude.lean",
      "type": "List T \u2192 Int \u2192 List T \u2192 Option (List T)"
    },
    {
      "declaration_name": "updteAx",
      "kind": "axiom",
      "line": "187",
      "name": "ListHookDef.updteAx",
      "reason": "Klean-generated trust boundary",
      "source": "Klean57Monotonic/Prelude.lean",
      "type": "Int \u2192 T \u2192 List T \u2192 Option (List T)"
    },
    {
      "declaration_name": "choiceAx",
      "kind": "axiom",
      "line": "78",
      "name": "MapHookDef.choiceAx",
      "reason": "Klean-generated trust boundary",
      "source": "Klean57Monotonic/Prelude.lean",
      "type": "List (K \u00d7 V) \u2192 K -- arbitrary key from a map"
    },
    {
      "declaration_name": "concatAx",
      "kind": "axiom",
      "line": "69",
      "name": "MapHookDef.concatAx",
      "reason": "Klean-generated trust boundary",
      "source": "Klean57Monotonic/Prelude.lean",
      "type": "List (K \u00d7 V) \u2192 List (K \u00d7 V) \u2192 Option (List (K \u00d7 V))"
    },
    {
      "declaration_name": "consAx",
      "kind": "axiom",
      "line": "64",
      "name": "MapHookDef.consAx",
      "reason": "Klean-generated trust boundary",
      "source": "Klean57Monotonic/Prelude.lean",
      "type": "K \u2192 V \u2192 List (K \u00d7 V) \u2192 List (K \u00d7 V)"
    },
    {
      "declaration_name": "deleteAx",
      "kind": "axiom",
      "line": "68",
      "name": "MapHookDef.deleteAx",
      "reason": "Klean-generated trust boundary",
      "source": "Klean57Monotonic/Prelude.lean",
      "type": "List (K \u00d7 V) \u2192 K \u2192 List (K \u00d7 V)"
    },
    {
      "declaration_name": "differenceAx",
      "kind": "axiom",
      "line": "70",
      "name": "MapHookDef.differenceAx",
      "reason": "Klean-generated trust boundary",
      "source": "Klean57Monotonic/Prelude.lean",
      "type": "List (K \u00d7 V) \u2192 List (K \u00d7 V) \u2192 List (K \u00d7 V)"
    },
    {
      "declaration_name": "in_keysAx",
      "kind": "axiom",
      "line": "74",
      "name": "MapHookDef.in_keysAx",
      "reason": "Klean-generated trust boundary",
      "source": "Klean57Monotonic/Prelude.lean",
      "type": "List (K \u00d7 V) \u2192 K \u2192 Bool"
    },
    {
      "declaration_name": "includesAx",
      "kind": "axiom",
      "line": "77",
      "name": "MapHookDef.includesAx",
      "reason": "Klean-generated trust boundary",
      "source": "Klean57Monotonic/Prelude.lean",
      "type": "List (K \u00d7 V) \u2192 List (K \u00d7 V) \u2192 Bool -- map inclusion"
    },
    {
      "declaration_name": "keysAx",
      "kind": "axiom",
      "line": "73",
      "name": "MapHookDef.keysAx",
      "reason": "Klean-generated trust boundary",
      "source": "Klean57Monotonic/Prelude.lean",
      "type": "List (K \u00d7 V) \u2192 List K"
    },
    {
      "declaration_name": "lookupAx",
      "kind": "axiom",
      "line": "65",
      "name": "MapHookDef.lookupAx",
      "reason": "Klean-generated trust boundary",
      "source": "Klean57Monotonic/Prelude.lean",
      "type": "List (K \u00d7 V) \u2192 K \u2192 Option V"
    },
    {
      "declaration_name": "lookupAx?",
      "kind": "axiom",
      "line": "66",
      "name": "MapHookDef.lookupAx?",
      "reason": "Klean-generated trust boundary",
      "source": "Klean57Monotonic/Prelude.lean",
      "type": "List (K \u00d7 V) \u2192 K \u2192 V -- lookup with default"
    },
    {
      "declaration_name": "removeAllAx",
      "kind": "axiom",
      "line": "72",
      "name": "MapHookDef.removeAllAx",
      "reason": "Klean-generated trust boundary",
      "source": "Klean57Monotonic/Prelude.lean",
      "type": "List (K \u00d7 V) \u2192 List K \u2192 List (K \u00d7 V)"
    },
    {
      "declaration_name": "sizeAx",
      "kind": "axiom",
      "line": "76",
      "name": "MapHookDef.sizeAx",
      "reason": "Klean-generated trust boundary",
      "source": "Klean57Monotonic/Prelude.lean",
      "type": "List (K \u00d7 V) \u2192 Nat"
    },
    {
      "declaration_name": "splitAx",
      "kind": "axiom",
      "line": "80",
      "name": "MapHookDef.splitAx",
      "reason": "Klean-generated trust boundary",
      "source": "Klean57Monotonic/Prelude.lean",
      "type": "List (K \u00d7 V) \u2192 List K \u2192 Option (List V \u00d7 List (K \u00d7 V))"
    },
    {
      "declaration_name": "unitAx",
      "kind": "axiom",
      "line": "63",
      "name": "MapHookDef.unitAx",
      "reason": "Klean-generated trust boundary",
      "source": "Klean57Monotonic/Prelude.lean",
      "type": "List (K \u00d7 V)"
    },
    {
      "declaration_name": "updateAx",
      "kind": "axiom",
      "line": "67",
      "name": "MapHookDef.updateAx",
      "reason": "Klean-generated trust boundary",
      "source": "Klean57Monotonic/Prelude.lean",
      "type": "K \u2192 V \u2192 List (K \u00d7 V) \u2192 List (K \u00d7 V)"
    },
    {
      "declaration_name": "updateMapAx",
      "kind": "axiom",
      "line": "71",
      "name": "MapHookDef.updateMapAx",
      "reason": "Klean-generated trust boundary",
      "source": "Klean57Monotonic/Prelude.lean",
      "type": "List (K \u00d7 V) \u2192 List (K \u00d7 V) \u2192 List (K \u00d7 V)"
    },
    {
      "declaration_name": "valuesAx",
      "kind": "axiom",
      "line": "75",
      "name": "MapHookDef.valuesAx",
      "reason": "Klean-generated trust boundary",
      "source": "Klean57Monotonic/Prelude.lean",
      "type": "List (K \u00d7 V) \u2192 List V"
    },
    {
      "declaration_name": "choiceAx",
      "kind": "axiom",
      "line": "134",
      "name": "SetHookDef.choiceAx",
      "reason": "Klean-generated trust boundary",
      "source": "Klean57Monotonic/Prelude.lean",
      "type": "List T \u2192 T"
    },
    {
      "declaration_name": "concatAx",
      "kind": "axiom",
      "line": "126",
      "name": "SetHookDef.concatAx",
      "reason": "Klean-generated trust boundary",
      "source": "Klean57Monotonic/Prelude.lean",
      "type": "List T \u2192 List T \u2192 Option (List T)"
    },
    {
      "declaration_name": "differenceAx",
      "kind": "axiom",
      "line": "130",
      "name": "SetHookDef.differenceAx",
      "reason": "Klean-generated trust boundary",
      "source": "Klean57Monotonic/Prelude.lean",
      "type": "List T \u2192 List T \u2192 List T"
    },
    {
      "declaration_name": "elementAx",
      "kind": "axiom",
      "line": "127",
      "name": "SetHookDef.elementAx",
      "reason": "Klean-generated trust boundary",
      "source": "Klean57Monotonic/Prelude.lean",
      "type": "T \u2192 List T"
    },
    {
      "declaration_name": "inSetAx",
      "kind": "axiom",
      "line": "131",
      "name": "SetHookDef.inSetAx",
      "reason": "Klean-generated trust boundary",
      "source": "Klean57Monotonic/Prelude.lean",
      "type": "T \u2192 List T \u2192 Bool"
    },
    {
      "declaration_name": "inclusionAx",
      "kind": "axiom",
      "line": "132",
      "name": "SetHookDef.inclusionAx",
      "reason": "Klean-generated trust boundary",
      "source": "Klean57Monotonic/Prelude.lean",
      "type": "List T \u2192 List T \u2192 Bool"
    },
    {
      "declaration_name": "intersectionAx",
      "kind": "axiom",
      "line": "129",
      "name": "SetHookDef.intersectionAx",
      "reason": "Klean-generated trust boundary",
      "source": "Klean57Monotonic/Prelude.lean",
      "type": "List T \u2192 List T \u2192 List T"
    },
    {
      "declaration_name": "sizeAx",
      "kind": "axiom",
      "line": "133",
      "name": "SetHookDef.sizeAx",
      "reason": "Klean-generated trust boundary",
      "source": "Klean57Monotonic/Prelude.lean",
      "type": "List T \u2192 Int"
    },
    {
      "declaration_name": "splitAx",
      "kind": "axiom",
      "line": "135",
      "name": "SetHookDef.splitAx",
      "reason": "Klean-generated trust boundary",
      "source": "Klean57Monotonic/Prelude.lean",
      "type": "List T \u2192 List T \u2192 Option (List T)"
    },
    {
      "declaration_name": "unionAx",
      "kind": "axiom",
      "line": "128",
      "name": "SetHookDef.unionAx",
      "reason": "Klean-generated trust boundary",
      "source": "Klean57Monotonic/Prelude.lean",
      "type": "List T \u2192 List T \u2192 List T"
    },
    {
      "declaration_name": "unitAx",
      "kind": "axiom",
      "line": "125",
      "name": "SetHookDef.unitAx",
      "reason": "Klean-generated trust boundary",
      "source": "Klean57Monotonic/Prelude.lean",
      "type": "List T"
    }
  ],
  "automatic_axiomatization": [],
  "automatic_noncomputable_repair": false,
  "axioms": [
    "ListHookDef.concatAx",
    "ListHookDef.elementAx",
    "ListHookDef.fillAx",
    "ListHookDef.getAx",
    "ListHookDef.inListAx",
    "ListHookDef.makeAx",
    "ListHookDef.pushAx",
    "ListHookDef.rangeAx",
    "ListHookDef.sizeAx",
    "ListHookDef.splitAx",
    "ListHookDef.unitAx",
    "ListHookDef.updateAllAx",
    "ListHookDef.updteAx",
    "MapHookDef.choiceAx",
    "MapHookDef.concatAx",
    "MapHookDef.consAx",
    "MapHookDef.deleteAx",
    "MapHookDef.differenceAx",
    "MapHookDef.in_keysAx",
    "MapHookDef.includesAx",
    "MapHookDef.keysAx",
    "MapHookDef.lookupAx",
    "MapHookDef.lookupAx?",
    "MapHookDef.removeAllAx",
    "MapHookDef.sizeAx",
    "MapHookDef.splitAx",
    "MapHookDef.unitAx",
    "MapHookDef.updateAx",
    "MapHookDef.updateMapAx",
    "MapHookDef.valuesAx",
    "SetHookDef.choiceAx",
    "SetHookDef.concatAx",
    "SetHookDef.differenceAx",
    "SetHookDef.elementAx",
    "SetHookDef.inSetAx",
    "SetHookDef.inclusionAx",
    "SetHookDef.intersectionAx",
    "SetHookDef.sizeAx",
    "SetHookDef.splitAx",
    "SetHookDef.unionAx",
    "SetHookDef.unitAx"
  ],
  "designated_sorries": 0,
  "modeled_collection_hooks": [
    ".List",
== export-result ==
{
  "frozen_input_sha256": "1090f510da1598239decc30dbcdaa1222679d6470ba14a63e1a11a475e01fbbd",
  "generated_tree_sha256": "087ace8d5a1c6cae4b9f8fe98eef077276ab4c5162ffd7e3723d5b36cb456521",
  "obligation_count": 2,
  "problem": "57-monotonic",
  "schema_version": 3,
  "stage3_discovery_manifest_sha256": "9e596df04c6041b0a6074960bd2cb2b9607fd50c7671eccb082088011d8064ed",
  "status": "OK",
  "trust_inventory_sha256": "eafdda687c12d194808d29c57b107f2803694c39ab04c6473a870487e092659c"
}
== prior preflight ==
{
  "designated_sorry_count": 0,
  "diagnostics": [
    {
      "command": [
        "lake",
        "clean"
      ],
      "exit_code": 0,
      "output_sha256": "e3b0c44298fc1c149afbf4c8996fb92427ae41e4649b934ca495991b7852b855",
      "output_tail": ""
    },
    {
      "command": [
        "lake",
        "build"
      ],
      "exit_code": 0,
      "output_sha256": "aa4b9263eeec7d365ecb9bc62536798b401f6a345f49035dc6874ceeb1ec946f",
      "output_tail": "\u2714 [2/9] Built Klean57Monotonic.Prelude\n\u2714 [3/9] Built Klean57Monotonic.Sorts\n\u2714 [4/9] Built Klean57Monotonic.Inj\n\u26a0 [5/9] Built Klean57Monotonic.Lemmas\nwarning: Klean57Monotonic/Lemmas.lean:14:38: unused variable `h`\n\nNote: This linter can be disabled with `set_option linter.unusedVariables false`\nwarning: Klean57Monotonic/Lemmas.lean:15:40: unused variable `h`\n\nNote: This linter can be disabled with `set_option linter.unusedVariables false`\n\u2714 [6/9] Built Klean57Monotonic.Func\n\u2714 [7/9] Built Klean57Monotonic.Rewrite\n\u2714 [8/9] Built Klean57Monotonic\nBuild completed successfully.\n"
    }
  ],
  "frozen_input_sha256": "1090f510da1598239decc30dbcdaa1222679d6470ba14a63e1a11a475e01fbbd",
  "generated_tree_sha256": "087ace8d5a1c6cae4b9f8fe98eef077276ab4c5162ffd7e3723d5b36cb456521",
  "obligation_count": 2,
  "schema_version": 3,
  "stage1_workspace_sha256": "1090f510da1598239decc30dbcdaa1222679d6470ba14a63e1a11a475e01fbbd",
  "stage3_discovery_manifest_sha256": "9e596df04c6041b0a6074960bd2cb2b9607fd50c7671eccb082088011d8064ed",
  "status": "PASS",
  "target": {
    "declaration": "Klean57Monotonic.Lemmas.targetStatement",
    "definition_sha256": "8866c51a6d36cf0775ed26a1d3cf2a8a271a3cee29cd68b010f89378f1533fe8",
    "file": "Klean57Monotonic/Lemmas.lean",
    "parameters": [
      {
        "binding_sha256": "a7128d4b230a4356b6b753b3077958be8caaab82e5f88d7e466393744df0796e",
        "kore_symbol": "Lbl'Unds'orBool'Unds'",
        "name": "_orBool_",
        "source_rule_ids": [
          "rule-9da3d0e2a43f2a59d88512067068ed2de6ddc5b6972e73b0a57e10a6e46fc33d",
          "rule-26e479bca972e68e6643e9eb5546744b4b881a595b804fd4fd237f23c16a00d4"
        ],
        "type": "SortBool \u2192 SortBool \u2192 SortBool"
      },
      {
        "binding_sha256": "a1f23496cddc86b8fef424039e7db6d8c3af6013ee1b7a6e957dfab6dff5ed06",
        "kore_symbol": "Lbl'UndsEqlsEqls'Bool'Unds'",
        "name": "\u00ab_==Bool_\u00bb",
        "source_rule_ids": [
          "rule-9da3d0e2a43f2a59d88512067068ed2de6ddc5b6972e73b0a57e10a6e46fc33d",
          "rule-26e479bca972e68e6643e9eb5546744b4b881a595b804fd4fd237f23c16a00d4"
        ],
        "type": "SortBool \u2192 SortBool \u2192 SortBool"
      },
      {
        "binding_sha256": "24517955bc07d842c01a9003e84afe2a2a339f890d5b4788aadf7775b72076fe",
        "kore_symbol": "LblnotBool'Unds'",
        "name": "notBool_",
        "source_rule_ids": [
          "rule-26e479bca972e68e6643e9eb5546744b4b881a595b804fd4fd237f23c16a00d4"
        ],
        "type": "SortBool \u2192 SortBool"
      }
    ],
    "statement": "Klean57Monotonic.Lemmas.targetStatement _orBool_ \u00ab_==Bool_\u00bb notBool_",
    "statement_sha256": "f80820bf89aaf99c07e202eb806669a0d9a435cf2c5effc38d479062434cc49f"
  },
  "trust_declaration_count": 41
}
== pinned toolchain ==
{
  "codex_cli_version": "0.144.6",
  "k_base_image": "runtimeverificationinc/kframework-k:ubuntu-jammy-7.1.293@sha256:f3f64ab72bd7b560082d50e4c6c23e107025cf217ca62ab73700104fc45de09a",
  "k_version": "7.1.293",
  "lean_commit": "ba2cbbf09d4978f416e0ebd1fceeebc2c4138c05",
  "lean_toolchain": "leanprover/lean4:v4.22.0",
  "pyk_version": "7.1.293",
  "pyk_project": "pyk@runtimeverification/k",
  "runtimeverification_k_commit": "ff15baac9e66426612ec45ff912af7f14965b64a"
}

Script done on 2026-07-31 00:19:16-05:00 [COMMAND_EXIT_CODE="0"]
