Script started on 2026-07-31 00:26:24-05:00 [<not executed on terminal>]
NESTED_COMMAND_BEGIN {"command": ["lake", "clean"], "cwd": "/tmp/klean-preflight-tdmwhyhr/project", "timeout_seconds": 600}
NESTED_COMMAND_END {"command": ["lake", "clean"], "exit_code": 0}
NESTED_COMMAND_BEGIN {"command": ["lake", "build"], "cwd": "/tmp/klean-preflight-tdmwhyhr/project", "timeout_seconds": 600}
✔ [2/9] Built Klean57Monotonic.Prelude
✔ [3/9] Built Klean57Monotonic.Sorts
✔ [4/9] Built Klean57Monotonic.Inj
✔ [5/9] Built Klean57Monotonic.Func
⚠ [6/9] Built Klean57Monotonic.Lemmas
warning: Klean57Monotonic/Lemmas.lean:14:38: unused variable `h`

Note: This linter can be disabled with `set_option linter.unusedVariables false`
warning: Klean57Monotonic/Lemmas.lean:15:40: unused variable `h`

Note: This linter can be disabled with `set_option linter.unusedVariables false`
✔ [7/9] Built Klean57Monotonic.Rewrite
✔ [8/9] Built Klean57Monotonic
Build completed successfully.
NESTED_COMMAND_END {"command": ["lake", "build"], "exit_code": 0}
NESTED_COMMAND_BEGIN {"command": ["lake", "clean"], "cwd": "/tmp/klean-proof-check-i32822g0/project", "timeout_seconds": 600}
info: proof: no previous manifest, creating one from scratch
info: toolchain not updated; already up-to-date
NESTED_COMMAND_END {"command": ["lake", "clean"], "exit_code": 0}
NESTED_COMMAND_BEGIN {"command": ["lake", "build"], "cwd": "/tmp/klean-proof-check-i32822g0/project", "timeout_seconds": 600}
✔ [3/8] Built Klean57Monotonic.Prelude
✔ [4/8] Built Klean57Monotonic.Sorts
✔ [5/8] Built Klean57Monotonic.Inj
⚠ [6/8] Built Klean57Monotonic.Lemmas
warning: Klean57Monotonic/Lemmas.lean:14:38: unused variable `h`

Note: This linter can be disabled with `set_option linter.unusedVariables false`
warning: Klean57Monotonic/Lemmas.lean:15:40: unused variable `h`

Note: This linter can be disabled with `set_option linter.unusedVariables false`
✔ [7/8] Built Proof
Build completed successfully.
NESTED_COMMAND_END {"command": ["lake", "build"], "exit_code": 0}
NESTED_COMMAND_BEGIN {"command": ["lake", "env", "lean", "AxiomAudit.lean"], "cwd": "/tmp/klean-proof-check-i32822g0/project", "timeout_seconds": 600}
final : Klean57Monotonic.Lemmas.targetStatement _orBool_ «_==Bool_» notBool_
'Proof.final' does not depend on any axioms
NESTED_COMMAND_END {"command": ["lake", "env", "lean", "AxiomAudit.lean"], "exit_code": 0}
CHECK_FINAL_RETURN_BEGIN
{
  "candidate_sha256": "eeb1340e3f2ce118544d82808192d7fbe672128941c5311305d090d044202aa4",
  "diagnostics": [
    {
      "command": [
        "lake",
        "clean"
      ],
      "exit_code": 0,
      "output_sha256": "50d8c8444510180b9f4cfc722b8f0d4f7ce21e1962f4373cc13b171720584ee7",
      "output_tail": "info: proof: no previous manifest, creating one from scratch\ninfo: toolchain not updated; already up-to-date\n"
    },
    {
      "command": [
        "lake",
        "build"
      ],
      "exit_code": 0,
      "output_sha256": "3f822a70c8ec6486715000d35cd1c9dafc727ac01bcfe133622a1dbf1abd9813",
      "output_tail": "✔ [3/8] Built Klean57Monotonic.Prelude\n✔ [4/8] Built Klean57Monotonic.Sorts\n✔ [5/8] Built Klean57Monotonic.Inj\n⚠ [6/8] Built Klean57Monotonic.Lemmas\nwarning: Klean57Monotonic/Lemmas.lean:14:38: unused variable `h`\n\nNote: This linter can be disabled with `set_option linter.unusedVariables false`\nwarning: Klean57Monotonic/Lemmas.lean:15:40: unused variable `h`\n\nNote: This linter can be disabled with `set_option linter.unusedVariables false`\n✔ [7/8] Built Proof\nBuild completed successfully.\n"
    },
    {
      "command": [
        "lake",
        "env",
        "lean",
        "AxiomAudit.lean"
      ],
      "exit_code": 0,
      "output_sha256": "bf5d284d1e858507b1c6774eba20fe04f094acd6f1125981d72ef99d499a169e",
      "output_tail": "final : Klean57Monotonic.Lemmas.targetStatement _orBool_ «_==Bool_» notBool_\n'Proof.final' does not depend on any axioms\n"
    }
  ],
  "generation_sha256": "dfcd21ce838ad6e29e6629890e88d59eaf674c04d44f552aea29f0476e784414",
  "input_hashes": {
    "discovery_manifest_sha256": "9e596df04c6041b0a6074960bd2cb2b9607fd50c7671eccb082088011d8064ed",
    "generated_tree_sha256": "087ace8d5a1c6cae4b9f8fe98eef077276ab4c5162ffd7e3723d5b36cb456521",
    "generation_producer_sources_sha256": "388cac39f4f89b5a912d2628ef5c7963e791f5ed775cf1e9606fe64dcfd5f11e",
    "k_audit_sha256": "0251748ec1b933cc805f79fd9f5d3b959bfed92d65ca72c6d2cb949d76dd7adf",
    "k_workspace_sha256": "239596a216f0ee81741f9c1a6dedcc3d3d9e4ca783a713b3692b34b6df366942",
    "klean_generation_sha256": "1f5ee37650003675279d1e478d34409ae3b43c257fd4c55a669e13434eacf38e",
    "lean_invocation_sha256": "1819b7da57672021647926a6d5310656845a18d655d29a2c1e8950607a67d6d8",
    "lean_workspace_sha256": "cdfb5ae95ac70a54c34206e5a6aa59cc823c4e590e487a0698acf116c968d5cb",
    "stage1_export_sha256": "1090f510da1598239decc30dbcdaa1222679d6470ba14a63e1a11a475e01fbbd"
  },
  "klean_preflight": {
    "designated_sorry_count": 0,
    "diagnostics": [
      {
        "command": [
          "lake",
          "clean"
        ],
        "exit_code": 0,
        "output_sha256": "e3b0c44298fc1c149afbf4c8996fb92427ae41e4649b934ca495991b7852b855",
        "output_tail": ""
      },
      {
        "command": [
          "lake",
          "build"
        ],
        "exit_code": 0,
        "output_sha256": "5321d9e1bd6101d178b663ddecc33464d8457609481019a4e9d74e134cb59c11",
        "output_tail": "✔ [2/9] Built Klean57Monotonic.Prelude\n✔ [3/9] Built Klean57Monotonic.Sorts\n✔ [4/9] Built Klean57Monotonic.Inj\n✔ [5/9] Built Klean57Monotonic.Func\n⚠ [6/9] Built Klean57Monotonic.Lemmas\nwarning: Klean57Monotonic/Lemmas.lean:14:38: unused variable `h`\n\nNote: This linter can be disabled with `set_option linter.unusedVariables false`\nwarning: Klean57Monotonic/Lemmas.lean:15:40: unused variable `h`\n\nNote: This linter can be disabled with `set_option linter.unusedVariables false`\n✔ [7/9] Built Klean57Monotonic.Rewrite\n✔ [8/9] Built Klean57Monotonic\nBuild completed successfully.\n"
      }
    ],
    "frozen_input_sha256": "1090f510da1598239decc30dbcdaa1222679d6470ba14a63e1a11a475e01fbbd",
    "generated_tree_sha256": "087ace8d5a1c6cae4b9f8fe98eef077276ab4c5162ffd7e3723d5b36cb456521",
    "obligation_count": 2,
    "schema_version": 3,
    "stage1_workspace_sha256": "1090f510da1598239decc30dbcdaa1222679d6470ba14a63e1a11a475e01fbbd",
    "stage3_discovery_manifest_sha256": "9e596df04c6041b0a6074960bd2cb2b9607fd50c7671eccb082088011d8064ed",
    "status": "PASS",
    "target": {
      "declaration": "Klean57Monotonic.Lemmas.targetStatement",
      "definition_sha256": "8866c51a6d36cf0775ed26a1d3cf2a8a271a3cee29cd68b010f89378f1533fe8",
      "file": "Klean57Monotonic/Lemmas.lean",
      "parameters": [
        {
          "binding_sha256": "a7128d4b230a4356b6b753b3077958be8caaab82e5f88d7e466393744df0796e",
          "kore_symbol": "Lbl'Unds'orBool'Unds'",
          "name": "_orBool_",
          "source_rule_ids": [
            "rule-9da3d0e2a43f2a59d88512067068ed2de6ddc5b6972e73b0a57e10a6e46fc33d",
            "rule-26e479bca972e68e6643e9eb5546744b4b881a595b804fd4fd237f23c16a00d4"
          ],
          "type": "SortBool → SortBool → SortBool"
        },
        {
          "binding_sha256": "a1f23496cddc86b8fef424039e7db6d8c3af6013ee1b7a6e957dfab6dff5ed06",
          "kore_symbol": "Lbl'UndsEqlsEqls'Bool'Unds'",
          "name": "«_==Bool_»",
          "source_rule_ids": [
            "rule-9da3d0e2a43f2a59d88512067068ed2de6ddc5b6972e73b0a57e10a6e46fc33d",
            "rule-26e479bca972e68e6643e9eb5546744b4b881a595b804fd4fd237f23c16a00d4"
          ],
          "type": "SortBool → SortBool → SortBool"
        },
        {
          "binding_sha256": "24517955bc07d842c01a9003e84afe2a2a339f890d5b4788aadf7775b72076fe",
          "kore_symbol": "LblnotBool'Unds'",
          "name": "notBool_",
          "source_rule_ids": [
            "rule-26e479bca972e68e6643e9eb5546744b4b881a595b804fd4fd237f23c16a00d4"
          ],
          "type": "SortBool → SortBool"
        }
      ],
      "statement": "Klean57Monotonic.Lemmas.targetStatement _orBool_ «_==Bool_» notBool_",
      "statement_sha256": "f80820bf89aaf99c07e202eb806669a0d9a435cf2c5effc38d479062434cc49f"
    },
    "trust_declaration_count": 41
  },
  "mode": "CLASSIFICATION_AND_PROOF",
  "resolved_input_sha256": "67b1abffd0caa3fe4802b17bacecc59bd26452fd7e8dd1ec0e1c74827f5af91a",
  "semantic_classification": "NOT_EVALUATED",
  "status": "PASS",
  "target": {
    "declaration": "Klean57Monotonic.Lemmas.targetStatement",
    "definition_sha256": "8866c51a6d36cf0775ed26a1d3cf2a8a271a3cee29cd68b010f89378f1533fe8",
    "file": "Klean57Monotonic/Lemmas.lean",
    "parameters": [
      {
        "binding_sha256": "a7128d4b230a4356b6b753b3077958be8caaab82e5f88d7e466393744df0796e",
        "kore_symbol": "Lbl'Unds'orBool'Unds'",
        "name": "_orBool_",
        "source_rule_ids": [
          "rule-9da3d0e2a43f2a59d88512067068ed2de6ddc5b6972e73b0a57e10a6e46fc33d",
          "rule-26e479bca972e68e6643e9eb5546744b4b881a595b804fd4fd237f23c16a00d4"
        ],
        "type": "SortBool → SortBool → SortBool"
      },
      {
        "binding_sha256": "a1f23496cddc86b8fef424039e7db6d8c3af6013ee1b7a6e957dfab6dff5ed06",
        "kore_symbol": "Lbl'UndsEqlsEqls'Bool'Unds'",
        "name": "«_==Bool_»",
        "source_rule_ids": [
          "rule-9da3d0e2a43f2a59d88512067068ed2de6ddc5b6972e73b0a57e10a6e46fc33d",
          "rule-26e479bca972e68e6643e9eb5546744b4b881a595b804fd4fd237f23c16a00d4"
        ],
        "type": "SortBool → SortBool → SortBool"
      },
      {
        "binding_sha256": "24517955bc07d842c01a9003e84afe2a2a339f890d5b4788aadf7775b72076fe",
        "kore_symbol": "LblnotBool'Unds'",
        "name": "notBool_",
        "source_rule_ids": [
          "rule-26e479bca972e68e6643e9eb5546744b4b881a595b804fd4fd237f23c16a00d4"
        ],
        "type": "SortBool → SortBool"
      }
    ],
    "statement": "Klean57Monotonic.Lemmas.targetStatement _orBool_ «_==Bool_» notBool_",
    "statement_sha256": "f80820bf89aaf99c07e202eb806669a0d9a435cf2c5effc38d479062434cc49f"
  },
  "used_axioms": []
}
CHECK_FINAL_RETURN_END

Script done on 2026-07-31 00:27:24-05:00 [COMMAND_EXIT_CODE="0"]
