COMMAND: kprove audit-spec-vacuity.k --definition entry-verification-kompiled --spec-module AUDIT-SPEC-VACUITY
kore-exec: [1434534] Warning (WarnStuckClaimState):
    The configuration's term unifies with the destination's term, but the implication check between the conditions has failed. Location: /tmp/audit-work/candidate/audit-spec-vacuity.k:10:5-30:36
Context:
    (InfoReachability) while checking the implication
  #Not ( {
    noneV
  #Equals
    nsScan ( INPUT , 0 , 0 , 0 )
  } )
#And
  <generatedTop>
    <k>
      nsScan ( INPUT , 0 , 0 , 0 ) ~> .K
    </k>
    <env>
      0
    </env>
    <scopes>
      -1 |-> scope ( "abs" |-> builtinV ( "abs" )
      "all" |-> builtinV ( "all" )
      "any" |-> builtinV ( "any" )
      "bin" |-> builtinV ( "bin" )
      "chr" |-> builtinV ( "chr" )
      "enumerate" |-> builtinV ( "enumerate" )
      "eval" |-> builtinV ( "eval" )
      "float" |-> typeV ( "float" )
      "int" |-> typeV ( "int" )
      "isinstance" |-> builtinV ( "isinstance" )
      "len" |-> builtinV ( "len" )
      "list" |-> builtinV ( "list" )
      "map" |-> builtinV ( "map" )
      "max" |-> builtinV ( "max" )
      "min" |-> builtinV ( "min" )
      "ord" |-> builtinV ( "ord" )
      "range" |-> builtinV ( "range" )
      "round" |-> builtinV ( "round" )
      "set" |-> builtinV ( "set" )
      "sorted" |-> builtinV ( "sorted" )
      "str" |-> typeV ( "str" )
      "sum" |-> builtinV ( "sum" )
      "zip" |-> builtinV ( "zip" ) , root )
      0 |-> scope ( "next_smallest" |-> closureVal ( "lst" , .ParamNames , Assign ( Name ( "smallest" ) , Int ( 0 ) )  Assign ( Name ( "second" ) , Int ( 0 ) )  Assign ( Name ( "count" ) , Int ( 0 ) )  Assign ( Name ( "value" ) , Int ( 0 ) )  For ( Name ( "value" ) , Name ( "lst" ) , If ( Compare ( Name ( "count" ) , CmpOp ( "==" , Int ( 0 ) ) ) , Assign ( Name ( "smallest" ) , Name ( "value" ) )  Assign ( Name ( "count" ) , Int ( 1 ) )  .Stmts , If ( Compare ( Name ( "value" ) , CmpOp ( "<" , Name ( "smallest" ) ) ) , Assign ( Name ( "second" ) , Name ( "smallest" ) )  Assign ( Name ( "count" ) , Int ( 2 ) )  Assign ( Name ( "smallest" ) , Name ( "value" ) )  .Stmts , If ( Compare ( Name ( "value" ) , CmpOp ( "!=" , Name ( "smallest" ) ) ) , If ( BoolOp ( "or" , Compare ( Name ( "count" ) , CmpOp ( "==" , Int ( 1 ) ) ) , Compare ( Name ( "value" ) , CmpOp ( "<" , Name ( "second" ) ) ) , .Exprs ) , Assign ( Name ( "second" ) , Name ( "value" ) )  Assign ( Name ( "count" ) , Int ( 2 ) )  .Stmts , .Stmts )  .Stmts , .Stmts )  .Stmts )  .Stmts )  .Stmts )  If ( Compare ( Name ( "count" ) , CmpOp ( "==" , Int ( 2 ) ) ) , Return ( Name ( "second" ) )  .Stmts , .Stmts )  Return ( NoneVal )  .Stmts , 0 ) , parent ( -1 ) )
    </scopes>
    <scopeLoc>
      1
    </scopeLoc>
    <heap>
      .Map
    </heap>
    <heapLoc>
      0
    </heapLoc>
    <stack>
      .List
    </stack>
    <ret>
      noRet
    </ret>
    <exc>
      NoExc
    </exc>
    <exit-code>
      0
    </exit-code>
  </generatedTop>
[Warning] Compiler: Variable 'INPUT' defined but not used. Prefix variable name
with underscore if this is intentional.
	Source(/tmp/audit-work/candidate/audit-spec-vacuity.k)
	Location(13,29,13,34)
	13 |	              (list(intVals(INPUT:Ints)), .Exprs))
	   .	                            ^~~~~
[Warning] Compiler: Variable '?FINAL_ENTRY_SCOPES' defined but not used. Prefix
variable name with underscore if this is intentional.
	Source(/tmp/audit-work/candidate/audit-spec-vacuity.k)
	Location(22,7,22,26)
	22 |	      ?FINAL_ENTRY_SCOPES:Map
	   .	      ^~~~~~~~~~~~~~~~~~~
[Warning] Compiler: Variable 'As' defined but not used. Prefix variable name
with underscore if this is intentional.
	Source(/tmp/audit-work/candidate/reference-semantics/semantics/str.k)
	Location(52,27,52,29)
	52 |	  rule strLt(iCons(A:Int, As:IntSeq), iCons(B:Int, Bs:IntSeq)) => true   
      requires A  <Int B
	   .	                          ^~
[Warning] Compiler: Variable 'Bs' defined but not used. Prefix variable name
with underscore if this is intentional.
	Source(/tmp/audit-work/candidate/reference-semantics/semantics/str.k)
	Location(52,52,52,54)
	52 |	  rule strLt(iCons(A:Int, As:IntSeq), iCons(B:Int, Bs:IntSeq)) => true   
      requires A  <Int B
	   .	                                                   ^~
[Warning] Compiler: Variable 'As' defined but not used. Prefix variable name
with underscore if this is intentional.
	Source(/tmp/audit-work/candidate/reference-semantics/semantics/str.k)
	Location(53,27,53,29)
	53 |	  rule strLt(iCons(A:Int, As:IntSeq), iCons(B:Int, Bs:IntSeq)) => false  
      requires A  >Int B
	   .	                          ^~
[Warning] Compiler: Variable 'Bs' defined but not used. Prefix variable name
with underscore if this is intentional.
	Source(/tmp/audit-work/candidate/reference-semantics/semantics/str.k)
	Location(53,52,53,54)
	53 |	  rule strLt(iCons(A:Int, As:IntSeq), iCons(B:Int, Bs:IntSeq)) => false  
      requires A  >Int B
	   .	                                                   ^~
[Warning] Compiler: Variable 'HEAP' defined but not used. Prefix variable name
with underscore if this is intentional.
	Source(/tmp/audit-work/candidate/verification.k)
	Location(134,12,134,16)
	134 |	    <heap> HEAP:Map </heap>
	    .	           ^~~~
[Warning] Compiler: Variable 'HLOC' defined but not used. Prefix variable name
with underscore if this is intentional.
	Source(/tmp/audit-work/candidate/verification.k)
	Location(135,15,135,19)
	135 |	    <heapLoc> HLOC:Int </heapLoc>
	    .	              ^~~~
[Warning] Compiler: Variable 'EXC' defined but not used. Prefix variable name
with underscore if this is intentional.
	Source(/tmp/audit-work/candidate/verification.k)
	Location(142,11,142,14)
	142 |	    <exc> EXC:Exc </exc>
	    .	          ^~~
[Warning] Compiler: Variable 'CODE' defined but not used. Prefix variable name
with underscore if this is intentional.
	Source(/tmp/audit-work/candidate/verification.k)
	Location(143,17,143,21)
	143 |	    <exit-code> CODE:Int </exit-code>
	    .	                ^~~~
[Error] Prover: backend terminated because the configuration cannot be
rewritten further. See output for more details.

EXIT_STATUS: 1
