Script started on 2026-07-26 12:31:55-05:00 [<not executed on terminal>]
kore-exec: [2473732] Error (DecidePredicateUnknown):
    Failed to decide predicate.
Context:
    (DebugEvaluateCondition) while evaluating predicate
        (DecidePredicateUnknown) while applying equation
                                 in Kore.Rewrite.RewriteStep:311:47
Failed to decide predicate.
Created bug report: kore-exec.tar.gz
  <k>
    evalK ( R , ENV , P ) ~> compareRightK ( OP , VList ( VNil ) ) ~> _DotVar1 ~> .K
  </k>
#And
  {
    REST
  #Equals
    compareLeftK ( OP , R , ENV , P ) ~> _DotVar1 ~> .K
  }
#And
  {
    true
  #Equals
    isEmptyValues ( GS )
  }
[Error] Prover: backend terminated because the configuration cannot be
rewritten further. See output for more details.
[0m[0m
Script done on 2026-07-26 12:31:59-05:00 [COMMAND_EXIT_CODE="1"]
