COMMAND: bash -lc find\ /candidate\ /reference\ /generation-evidence\ -maxdepth\ 3\ -printf\ \"%y\ %p\ -\>\ %l\\n\"\ 2\>\&1\;\ stat\ -c\ \"%F\ %a\ %U:%G\ %n\"\ /audit-input.json\ /audit-campaign-lock.json\ /run.json\ /task.json\ /generation-result.json\ 2\>\&1\;\ sed\ -n\ \"1\,260p\"\ /audit-input.json\;\ sed\ -n\ \"1\,260p\"\ /audit-campaign-lock.json
EXIT_STATUS: 0
OUTPUT:
d /candidate -> 
f /candidate/body_mutation.py -> 
f /candidate/smoke.py -> 
d /candidate/verification-kompiled -> 
f /candidate/verification-kompiled/haskellDefinition.bin -> 
f /candidate/verification-kompiled/configVars.sh -> 
f /candidate/verification-kompiled/mainModule.txt -> 
f /candidate/verification-kompiled/backend.txt -> 
f /candidate/verification-kompiled/compiled.bin -> 
f /candidate/verification-kompiled/mainSyntaxModule.txt -> 
f /candidate/verification-kompiled/macros.kore -> 
f /candidate/verification-kompiled/scanner -> 
f /candidate/verification-kompiled/allRules.txt -> 
f /candidate/verification-kompiled/compiled.txt -> 
f /candidate/verification-kompiled/cache.bin -> 
f /candidate/verification-kompiled/timestamp -> 
f /candidate/verification-kompiled/definition.kore -> 
f /candidate/verification-kompiled/parsed.txt -> 
f /candidate/verification-kompiled/syntaxDefinition.kore -> 
f /candidate/verification-kompiled/README.md -> 
f /candidate/proof-body-mutation.log -> 
f /candidate/spec-body-mutation.k -> 
f /candidate/verification.k -> 
f /candidate/proof-vacuity.log -> 
f /candidate/py2mpy.py -> 
f /candidate/prove.sh -> 
d /candidate/__pycache__ -> 
f /candidate/__pycache__/solution.cpython-310.pyc -> 
f /candidate/krun-body-mutation.log -> 
f /candidate/krun-smoke.log -> 
f /candidate/body_mutation.mpy -> 
f /candidate/solution.mpy -> 
f /candidate/differential_test.py -> 
f /candidate/prompt.py -> 
f /candidate/PROOF.md -> 
f /candidate/spec-vacuity.k -> 
f /candidate/differential.log -> 
f /candidate/proof-positive.log -> 
f /candidate/solution.py -> 
d /candidate/reference-semantics -> 
d /candidate/reference-semantics/semantics -> 
f /candidate/reference-semantics/semantics/methods.k -> 
f /candidate/reference-semantics/semantics/int.k -> 
f /candidate/reference-semantics/semantics/tuple.k -> 
f /candidate/reference-semantics/semantics/controls.k -> 
f /candidate/reference-semantics/semantics/syntax.k -> 
f /candidate/reference-semantics/semantics/dict.k -> 
f /candidate/reference-semantics/semantics/operators.k -> 
f /candidate/reference-semantics/semantics/set.k -> 
f /candidate/reference-semantics/semantics/concrete.k -> 
f /candidate/reference-semantics/semantics/bool.k -> 
f /candidate/reference-semantics/semantics/functions.k -> 
f /candidate/reference-semantics/semantics/str.k -> 
f /candidate/reference-semantics/semantics/iter.k -> 
f /candidate/reference-semantics/semantics/range.k -> 
f /candidate/reference-semantics/semantics/builtins.k -> 
f /candidate/reference-semantics/semantics/float.k -> 
f /candidate/reference-semantics/semantics/assert.k -> 
f /candidate/reference-semantics/semantics/call.k -> 
f /candidate/reference-semantics/semantics/list.k -> 
f /candidate/reference-semantics/semantics/sort.k -> 
f /candidate/reference-semantics/semantics/core.k -> 
f /candidate/reference-semantics/semantics/comprehension.k -> 
f /candidate/reference-semantics/semantics/subscript.k -> 
f /candidate/reference-semantics/semantics.k -> 
d /candidate/runtime-kompiled -> 
f /candidate/runtime-kompiled/configVars.sh -> 
f /candidate/runtime-kompiled/mainModule.txt -> 
f /candidate/runtime-kompiled/backend.txt -> 
f /candidate/runtime-kompiled/compiled.bin -> 
f /candidate/runtime-kompiled/mainSyntaxModule.txt -> 
f /candidate/runtime-kompiled/macros.kore -> 
f /candidate/runtime-kompiled/scanner -> 
f /candidate/runtime-kompiled/allRules.txt -> 
f /candidate/runtime-kompiled/interpreter -> 
f /candidate/runtime-kompiled/compiled.txt -> 
d /candidate/runtime-kompiled/dt -> 
f /candidate/runtime-kompiled/dt/Lbl'Unds'divInt'Unds'.yaml -> 
f /candidate/runtime-kompiled/dt/LblexponentFloat'LParUndsRParUnds'FLOAT'Unds'Int'Unds'Float.yaml -> 
f /candidate/runtime-kompiled/dt/LblmaxFloat'LParUndsCommUndsRParUnds'FLOAT'Unds'Float'Unds'Float'Unds'Float.yaml -> 
f /candidate/runtime-kompiled/dt/LblisScopesCell.yaml -> 
f /candidate/runtime-kompiled/dt/Lbl'UndsSlsh'Int'Unds'.yaml -> 
f /candidate/runtime-kompiled/dt/LblisFloat.yaml -> 
f /candidate/runtime-kompiled/dt/Lblproject'Coln'RetState.yaml -> 
f /candidate/runtime-kompiled/dt/LblflushTok'LParUndsCommUndsRParUnds'MPY-METHODS'Unds'ValSeq'Unds'ValSeq'Unds'IntSeq.yaml -> 
f /candidate/runtime-kompiled/dt/LblbitRangeInt'LParUndsCommUndsCommUndsRParUnds'INT-COMMON'Unds'Int'Unds'Int'Unds'Int'Unds'Int.yaml -> 
f /candidate/runtime-kompiled/dt/LblrfindChar'LParUndsCommUndsCommUndsRParUnds'STRING-COMMON'Unds'Int'Unds'String'Unds'String'Unds'Int.yaml -> 
f /candidate/runtime-kompiled/dt/match_5118.yaml -> 
f /candidate/runtime-kompiled/dt/LblisOrdOp'LParUndsRParUnds'MPY-CORE'Unds'Bool'Unds'String.yaml -> 
f /candidate/runtime-kompiled/dt/match_5257.yaml -> 
f /candidate/runtime-kompiled/dt/Lblproject'Coln'Bound.yaml -> 
f /candidate/runtime-kompiled/dt/match_5323.yaml -> 
f /candidate/runtime-kompiled/dt/LblcellsOf'LParUndsRParUnds'MPY-CORE'Unds'ParamNames'Unds'Val.yaml -> 
f /candidate/runtime-kompiled/dt/match_5306.yaml -> 
f /candidate/runtime-kompiled/dt/match_5280.yaml -> 
f /candidate/runtime-kompiled/dt/match_5324.yaml -> 
f /candidate/runtime-kompiled/dt/match_5312.yaml -> 
f /candidate/runtime-kompiled/dt/LblrevVS'LParUndsRParUnds'MPY-SORT'Unds'ValSeq'Unds'ValSeq.yaml -> 
f /candidate/runtime-kompiled/dt/LbldGet'LParUndsCommUndsCommUndsRParUnds'MPY-DICT'Unds'Val'Unds'ValSeq'Unds'ValSeq'Unds'Val.yaml -> 
f /candidate/runtime-kompiled/dt/LblisRefV'LParUndsRParUnds'MPY-CORE'Unds'Bool'Unds'Val.yaml -> 
f /candidate/runtime-kompiled/dt/LblisCmpOp.yaml -> 
f /candidate/runtime-kompiled/dt/match_5317.yaml -> 
f /candidate/runtime-kompiled/dt/match_5175.yaml -> 
f /candidate/runtime-kompiled/dt/match_5243.yaml -> 
f /candidate/runtime-kompiled/dt/match_5284.yaml -> 
f /candidate/runtime-kompiled/dt/LblsizeList.yaml -> 
f /candidate/runtime-kompiled/dt/Lbl'Unds'Map'Unds'.yaml -> 
f /candidate/runtime-kompiled/dt/LblfreshInt'LParUndsRParUnds'INT'Unds'Int'Unds'Int.yaml -> 
f /candidate/runtime-kompiled/dt/match_5194.yaml -> 
f /candidate/runtime-kompiled/dt/match_5134.yaml -> 
f /candidate/runtime-kompiled/dt/LblvalSeqAt'LParUndsCommUndsRParUnds'MPY-SUBSCRIPT'Unds'Val'Unds'ValSeq'Unds'Int.yaml -> 
f /candidate/runtime-kompiled/dt/LblSet'Coln'in.yaml -> 
f /candidate/runtime-kompiled/dt/match_5319.yaml -> 
f /candidate/runtime-kompiled/dt/match_5068.yaml -> 
f /candidate/runtime-kompiled/dt/Lblproject'Coln'Parent.yaml -> 
f /candidate/runtime-kompiled/dt/LblisKResult.yaml -> 
f /candidate/runtime-kompiled/dt/LblisParams.yaml -> 
f /candidate/runtime-kompiled/dt/LbldivF.yaml -> 
f /candidate/runtime-kompiled/dt/match_5214.yaml -> 
f /candidate/runtime-kompiled/dt/match_5220.yaml -> 
f /candidate/runtime-kompiled/dt/LblbuiltinsScope'Unds'MPY-CORE'Unds'Scope.yaml -> 
f /candidate/runtime-kompiled/dt/match_5192.yaml -> 
f /candidate/runtime-kompiled/dt/Lblproject'Coln'GeneratedTopCellFragment.yaml -> 
f /candidate/runtime-kompiled/dt/LblsubsetCodes'LParUndsCommUndsRParUnds'MPY-SET'Unds'Bool'Unds'IntSeq'Unds'IntSeq.yaml -> 
f /candidate/runtime-kompiled/dt/LblsinFloat'LParUndsRParUnds'FLOAT'Unds'Float'Unds'Float.yaml -> 
f /candidate/runtime-kompiled/dt/match_5308.yaml -> 
f /candidate/runtime-kompiled/dt/match_5296.yaml -> 
f /candidate/runtime-kompiled/dt/LblnormIdx'LParUndsCommUndsRParUnds'MPY-SUBSCRIPT'Unds'Int'Unds'Int'Unds'Int.yaml -> 
f /candidate/runtime-kompiled/dt/LblremoveAll'LParUndsCommUndsRParUnds'MAP'Unds'Map'Unds'Map'Unds'Set.yaml -> 
f /candidate/runtime-kompiled/dt/Lbl'Unds-GT--GT-'Int'Unds'.yaml -> 
f /candidate/runtime-kompiled/dt/LblunpairVS'LParUndsRParUnds'MPY-CONCRETE'Unds'ValSeq'Unds'ValSeq.yaml -> 
f /candidate/runtime-kompiled/dt/match_5203.yaml -> 
f /candidate/runtime-kompiled/dt/LblmapSwap'LParUndsRParUnds'MPY-METHODS'Unds'IntSeq'Unds'IntSeq.yaml -> 
f /candidate/runtime-kompiled/dt/Lbl'Unds-LT-Eqls'Int'Unds'.yaml -> 
f /candidate/runtime-kompiled/dt/LblreplaceC'LParUndsCommUndsCommUndsRParUnds'MPY-METHODS'Unds'IntSeq'Unds'IntSeq'Unds'Int'Unds'Int.yaml -> 
f /candidate/runtime-kompiled/dt/LbldPutV'LParUndsCommUndsCommUndsCommUndsRParUnds'MPY-DICT'Unds'ValSeq'Unds'ValSeq'Unds'ValSeq'Unds'Val'Unds'Val.yaml -> 
f /candidate/runtime-kompiled/dt/Lblite.yaml -> 
f /candidate/runtime-kompiled/dt/match_5309.yaml -> 
f /candidate/runtime-kompiled/dt/LblisStrV'LParUndsRParUnds'MPY-BUILTINS'Unds'Bool'Unds'Val.yaml -> 
f /candidate/runtime-kompiled/dt/Lblproject'Coln'HeapCellOpt.yaml -> 
f /candidate/runtime-kompiled/dt/match_5188.yaml -> 
f /candidate/runtime-kompiled/dt/LblmapUpper'LParUndsRParUnds'MPY-METHODS'Unds'IntSeq'Unds'IntSeq.yaml -> 
f /candidate/runtime-kompiled/dt/match_5299.yaml -> 
f /candidate/runtime-kompiled/dt/LblallDigit'LParUndsRParUnds'MPY-METHODS'Unds'Bool'Unds'IntSeq.yaml -> 
f /candidate/runtime-kompiled/dt/LbldropIS'LParUndsCommUndsRParUnds'MPY-METHODS'Unds'IntSeq'Unds'IntSeq'Unds'Int.yaml -> 
f /candidate/runtime-kompiled/dt/match_5270.yaml -> 
f /candidate/runtime-kompiled/dt/match_5149.yaml -> 
f /candidate/runtime-kompiled/dt/Lblproject'Coln'ScopeLocCellOpt.yaml -> 
f /candidate/runtime-kompiled/dt/match_5155.yaml -> 
f /candidate/runtime-kompiled/dt/LblisBound.yaml -> 
f /candidate/runtime-kompiled/dt/LblisExc.yaml -> 
f /candidate/runtime-kompiled/dt/LblisFreeVars.yaml -> 
f /candidate/runtime-kompiled/dt/LblListItem.yaml -> 
f /candidate/runtime-kompiled/dt/Lbl'Unds'impliesBool'Unds'.yaml -> 
f /candidate/runtime-kompiled/dt/match_5076.yaml -> 
f /candidate/runtime-kompiled/dt/Lblproject'Coln'KItem.yaml -> 
f /candidate/runtime-kompiled/dt/LblcntSub'LParUndsCommUndsRParUnds'MPY-METHODS'Unds'Int'Unds'IntSeq'Unds'IntSeq.yaml -> 
f /candidate/runtime-kompiled/dt/LblisNaN'LParUndsRParUnds'FLOAT'Unds'Bool'Unds'Float.yaml -> 
f /candidate/runtime-kompiled/dt/Lbltruthy'LParUndsRParUnds'MPY-CORE'Unds'Bool'Unds'Val.yaml -> 
f /candidate/runtime-kompiled/dt/match_5088.yaml -> 
f /candidate/runtime-kompiled/dt/match_5238.yaml -> 
f /candidate/runtime-kompiled/dt/LblcountAllOccurrences'LParUndsCommUndsRParUnds'STRING-COMMON'Unds'Int'Unds'String'Unds'String.yaml -> 
f /candidate/runtime-kompiled/dt/Lbl--Float'UndsUnds'FLOAT'Unds'Float'Unds'Float.yaml -> 
f /candidate/runtime-kompiled/dt/LblgetGeneratedCounterCell.yaml -> 
f /candidate/runtime-kompiled/dt/Lblreplace'LParUndsCommUndsCommUndsCommUndsRParUnds'STRING-COMMON'Unds'String'Unds'String'Unds'String'Unds'String'Unds'Int.yaml -> 
f /candidate/runtime-kompiled/dt/match_5305.yaml -> 
f /candidate/runtime-kompiled/dt/LblintSeqAt'LParUndsCommUndsRParUnds'MPY-SUBSCRIPT'Unds'Int'Unds'IntSeq'Unds'Int.yaml -> 
f /candidate/runtime-kompiled/dt/Lbl'Unds-GT-'Int'Unds'.yaml -> 
f /candidate/runtime-kompiled/dt/match_5249.yaml -> 
f /candidate/runtime-kompiled/dt/LblisLowerC'LParUndsRParUnds'MPY-METHODS'Unds'Bool'Unds'Int.yaml -> 
f /candidate/runtime-kompiled/dt/match_5226.yaml -> 
f /candidate/runtime-kompiled/dt/match_5126.yaml -> 
f /candidate/runtime-kompiled/dt/LbltruncFloat'LParUndsRParUnds'FLOAT'Unds'Float'Unds'Float.yaml -> 
f /candidate/runtime-kompiled/dt/match_5105.yaml -> 
f /candidate/runtime-kompiled/dt/match_5056.yaml -> 
f /candidate/runtime-kompiled/dt/LblceilF.yaml -> 
f /candidate/runtime-kompiled/dt/Lbl'UndsEqlsEqls'String'UndsUnds'STRING-COMMON'Unds'Bool'Unds'String'Unds'String.yaml -> 
f /candidate/runtime-kompiled/dt/match_5157.yaml -> 
f /candidate/runtime-kompiled/dt/LblrExK'LParUndsRParUnds'MPY-FLOAT'Unds'Int'Unds'Float.yaml -> 
f /candidate/runtime-kompiled/dt/match_5298.yaml -> 
f /candidate/runtime-kompiled/dt/LblisVal.yaml -> 
f /candidate/runtime-kompiled/dt/LblminFloat'LParUndsCommUndsRParUnds'FLOAT'Unds'Float'Unds'Float'Unds'Float.yaml -> 
f /candidate/runtime-kompiled/dt/match_5057.yaml -> 
f /candidate/runtime-kompiled/dt/match_5289.yaml -> 
f /candidate/runtime-kompiled/dt/LblreplaceAll'LParUndsCommUndsCommUndsRParUnds'STRING-COMMON'Unds'String'Unds'String'Unds'String'Unds'String.yaml -> 
f /candidate/runtime-kompiled/dt/match_5091.yaml -> 
f /candidate/runtime-kompiled/dt/match_5158.yaml -> 
f /candidate/runtime-kompiled/dt/match_5109.yaml -> 
f /candidate/runtime-kompiled/dt/match_5272.yaml -> 
f /candidate/runtime-kompiled/dt/LblisCompFor.yaml -> 
f /candidate/runtime-kompiled/dt/match_5205.yaml -> 
f /candidate/runtime-kompiled/dt/LblFloat2String'LParUndsRParUnds'STRING-COMMON'Unds'String'Unds'Float.yaml -> 
f /candidate/runtime-kompiled/dt/LblisStackCell.yaml -> 
f /candidate/runtime-kompiled/dt/LbltoF.yaml -> 
f /candidate/runtime-kompiled/dt/LblinLevelE'LParUndsCommUndsRParUnds'MPY-BUILTINS'Unds'Bool'Unds'String'Unds'String.yaml -> 
f /candidate/runtime-kompiled/dt/Lblproject'Coln'EvPair.yaml -> 
f /candidate/runtime-kompiled/dt/match_5244.yaml -> 
f /candidate/runtime-kompiled/dt/LblslAdjust'LParUndsCommUndsCommUndsRParUnds'MPY-SUBSCRIPT'Unds'Int'Unds'Int'Unds'Int'Unds'Int.yaml -> 
f /candidate/runtime-kompiled/dt/LblintDigAcc'LParUndsCommUndsRParUnds'MPY-BUILTINS'Unds'Int'Unds'IntSeq'Unds'Int.yaml -> 
f /candidate/runtime-kompiled/dt/match_5195.yaml -> 
f /candidate/runtime-kompiled/dt/Lblproject'Coln'OptInt.yaml -> 
f /candidate/runtime-kompiled/dt/LblintPartAcc'LParUndsCommUndsRParUnds'MPY-FLOAT'Unds'Int'Unds'IntSeq'Unds'Int.yaml -> 
f /candidate/runtime-kompiled/dt/match_5087.yaml -> 
f /candidate/runtime-kompiled/dt/LblupperC'LParUndsRParUnds'MPY-METHODS'Unds'Int'Unds'Int.yaml -> 
f /candidate/runtime-kompiled/dt/LblfloatLt.yaml -> 
f /candidate/runtime-kompiled/dt/Lbl'UndsPlus'Int'Unds'.yaml -> 
f /candidate/runtime-kompiled/dt/LblisGeneratedCounterCell.yaml -> 
f /candidate/runtime-kompiled/dt/Lblproject'Coln'Stmt.yaml -> 
f /candidate/runtime-kompiled/dt/match_5236.yaml -> 
f /candidate/runtime-kompiled/dt/match_5328.yaml -> 
f /candidate/runtime-kompiled/dt/LblsnocCode'LParUndsCommUndsRParUnds'MPY-SET'Unds'IntSeq'Unds'IntSeq'Unds'Int.yaml -> 
f /candidate/runtime-kompiled/dt/match_5262.yaml -> 
f /candidate/runtime-kompiled/dt/match_5286.yaml -> 
f /candidate/runtime-kompiled/dt/LblisParamNames.yaml -> 
f /candidate/runtime-kompiled/dt/Lblproject'Coln'K.yaml -> 
f /candidate/runtime-kompiled/dt/LblisHeapLocCellOpt.yaml -> 
f /candidate/runtime-kompiled/dt/LblsameSet'LParUndsCommUndsRParUnds'MPY-SET'Unds'Bool'Unds'IntSeq'Unds'IntSeq.yaml -> 
f /candidate/runtime-kompiled/dt/LblinitEnvCell.yaml -> 
f /candidate/runtime-kompiled/dt/match_5103.yaml -> 
f /candidate/runtime-kompiled/dt/match_5145.yaml -> 
f /candidate/runtime-kompiled/dt/LblSet'Coln'difference.yaml -> 
f /candidate/runtime-kompiled/dt/Lbl'UndsXor-'Int'Unds'.yaml -> 
f /candidate/runtime-kompiled/dt/LblmaxInt'LParUndsCommUndsRParUnds'INT-COMMON'Unds'Int'Unds'Int'Unds'Int.yaml -> 
f /candidate/runtime-kompiled/dt/LblcondRev'LParUndsCommUndsRParUnds'MPY-SORT'Unds'ValSeq'Unds'ValSeq'Unds'Bool.yaml -> 
f /candidate/runtime-kompiled/dt/LblpyMod'LParUndsCommUndsRParUnds'MPY-INT'Unds'Int'Unds'Int'Unds'Int.yaml -> 
f /candidate/runtime-kompiled/dt/LblrevIS'LParUndsRParUnds'MPY-METHODS'Unds'IntSeq'Unds'IntSeq.yaml -> 
f /candidate/runtime-kompiled/dt/Lblproject'Coln'EnvCell.yaml -> 
f /candidate/runtime-kompiled/dt/LblisExprs.yaml -> 
f /candidate/runtime-kompiled/dt/Lbl'UndsPlus'Float'UndsUnds'FLOAT'Unds'Float'Unds'Float'Unds'Float.yaml -> 
f /candidate/runtime-kompiled/dt/match_5119.yaml -> 
f /candidate/runtime-kompiled/dt/Lbl'UndsEqlsSlshEqls'String'UndsUnds'STRING-COMMON'Unds'Bool'Unds'String'Unds'String.yaml -> 
f /candidate/runtime-kompiled/dt/LbldSubset'LParUndsCommUndsCommUndsCommUndsRParUnds'MPY-DICT'Unds'Bool'Unds'ValSeq'Unds'ValSeq'Unds'ValSeq'Unds'ValSeq.yaml -> 
f /candidate/runtime-kompiled/dt/LblgetExitCode.yaml -> 
f /candidate/runtime-kompiled/dt/LblfracAcc'LParUndsCommUndsRParUnds'MPY-FLOAT'Unds'Int'Unds'IntSeq'Unds'Int.yaml -> 
f /candidate/runtime-kompiled/dt/match_5301.yaml -> 
f /candidate/runtime-kompiled/dt/Lbl'Unds'Set'Unds'.yaml -> 
f /candidate/runtime-kompiled/dt/match_5304.yaml -> 
f /candidate/runtime-kompiled/dt/LblmaxVals'LParUndsCommUndsRParUnds'MPY-BUILTINS'Unds'Int'Unds'Int'Unds'Vals.yaml -> 
f /candidate/runtime-kompiled/dt/match_5327.yaml -> 
f /candidate/runtime-kompiled/dt/match_5067.yaml -> 
f /candidate/runtime-kompiled/dt/match_5066.yaml -> 
f /candidate/runtime-kompiled/dt/match_5287.yaml -> 
f /candidate/runtime-kompiled/dt/Lbl'Unds'andBool'Unds'.yaml -> 
f /candidate/runtime-kompiled/dt/match_5212.yaml -> 
f /candidate/runtime-kompiled/dt/match_5275.yaml -> 
f /candidate/runtime-kompiled/dt/Lbl'Unds'orBool'Unds'.yaml -> 
f /candidate/runtime-kompiled/dt/Lbl'UndsPipe'Int'Unds'.yaml -> 
f /candidate/runtime-kompiled/dt/Lblproject'Coln'Set.yaml -> 
f /candidate/runtime-kompiled/dt/match_5235.yaml -> 
f /candidate/runtime-kompiled/dt/match_5271.yaml -> 
f /candidate/runtime-kompiled/dt/match_5281.yaml -> 
f /candidate/runtime-kompiled/dt/match_5240.yaml -> 
f /candidate/runtime-kompiled/dt/match_5227.yaml -> 
f /candidate/runtime-kompiled/dt/LblisAlphaC'LParUndsRParUnds'MPY-METHODS'Unds'Bool'Unds'Int.yaml -> 
f /candidate/runtime-kompiled/dt/Lblproject'Coln'ExcCell.yaml -> 
f /candidate/runtime-kompiled/dt/LbldoSlice'LParUndsCommUndsCommUndsCommUndsRParUnds'MPY-SUBSCRIPT'Unds'Val'Unds'Val'Unds'OptInt'Unds'OptInt'Unds'OptInt.yaml -> 
f /candidate/runtime-kompiled/dt/index.txt -> 
f /candidate/runtime-kompiled/dt/Lblproject'Coln'ExitCodeCell.yaml -> 
f /candidate/runtime-kompiled/dt/match_5263.yaml -> 
f /candidate/runtime-kompiled/dt/LblrExDenom'LParUndsRParUnds'MPY-FLOAT'Unds'Int'Unds'Float.yaml -> 
f /candidate/runtime-kompiled/dt/match_5228.yaml -> 
f /candidate/runtime-kompiled/dt/match_5210.yaml -> 
f /candidate/runtime-kompiled/dt/Lblproject'Coln'ExitCodeCellOpt.yaml -> 
f /candidate/runtime-kompiled/dt/Lbl'Unds'List'Unds'.yaml -> 
f /candidate/runtime-kompiled/dt/match_5202.yaml -> 
f /candidate/runtime-kompiled/dt/LblinsVS'LParUndsCommUndsRParUnds'MPY-SORT'Unds'ValSeq'Unds'Int'Unds'ValSeq.yaml -> 
f /candidate/runtime-kompiled/dt/LblpowF.yaml -> 
f /candidate/runtime-kompiled/dt/LblInt2Float'LParUndsCommUndsCommUndsRParUnds'FLOAT'Unds'Float'Unds'Int'Unds'Int'Unds'Int.yaml -> 
f /candidate/runtime-kompiled/dt/LblbuildVS'LParUndsCommUndsCommUndsCommUndsRParUnds'MPY-SUBSCRIPT'Unds'ValSeq'Unds'ValSeq'Unds'Int'Unds'Int'Unds'Int.yaml -> 
f /candidate/runtime-kompiled/dt/LblstrToCodes'LParUndsRParUnds'MPY-STR'Unds'IntSeq'Unds'String.yaml -> 
f /candidate/runtime-kompiled/dt/Lblproject'Coln'GeneratedCounterCell.yaml -> 
f /candidate/runtime-kompiled/dt/LblbinAcc'LParUndsCommUndsRParUnds'MPY-BUILTINS'Unds'IntSeq'Unds'Int'Unds'IntSeq.yaml -> 
f /candidate/runtime-kompiled/dt/LblintToF.yaml -> 
f /candidate/runtime-kompiled/dt/LblatanFloat'LParUndsRParUnds'FLOAT'Unds'Float'Unds'Float.yaml -> 
f /candidate/runtime-kompiled/dt/match_5079.yaml -> 
f /candidate/runtime-kompiled/dt/match_5100.yaml -> 
f /candidate/runtime-kompiled/dt/match_5207.yaml -> 
f /candidate/runtime-kompiled/dt/Lblproject'Coln'ExcCellOpt.yaml -> 
f /candidate/runtime-kompiled/dt/Lbl'Unds'orElseBool'Unds'.yaml -> 
f /candidate/runtime-kompiled/dt/Lbl'UndsEqlsSlshEqls'Int'Unds'.yaml -> 
f /candidate/runtime-kompiled/dt/LblisInt.yaml -> 
f /candidate/runtime-kompiled/dt/LblabsInt'LParUndsRParUnds'INT-COMMON'Unds'Int'Unds'Int.yaml -> 
f /candidate/runtime-kompiled/dt/Lbl'Tild'Int'Unds'.yaml -> 
f /candidate/runtime-kompiled/dt/LblslStop'LParUndsCommUndsCommUndsRParUnds'MPY-SUBSCRIPT'Unds'Int'Unds'OptInt'Unds'OptInt'Unds'Int.yaml -> 
f /candidate/runtime-kompiled/dt/LblsqrtFloat'LParUndsRParUnds'FLOAT'Unds'Float'Unds'Float.yaml -> 
f /candidate/runtime-kompiled/dt/match_5122.yaml -> 
f /candidate/runtime-kompiled/dt/LblsortVS.yaml -> 
f /candidate/runtime-kompiled/dt/Lblproject'Coln'Entries.yaml -> 
f /candidate/runtime-kompiled/dt/Lblproject'Coln'StackCell.yaml -> 
f /candidate/runtime-kompiled/dt/Lblproject'Coln'IntSeq.yaml -> 
f /candidate/runtime-kompiled/dt/Lblproject'Coln'GeneratedTopCell.yaml -> 
f /candidate/runtime-kompiled/dt/LblinitGeneratedCounterCell.yaml -> 
f /candidate/runtime-kompiled/dt/LblnumOrKEq'LParUndsCommUndsRParUnds'MPY-CONCRETE'Unds'Bool'Unds'Val'Unds'Val.yaml -> 
f /candidate/runtime-kompiled/dt/LblstartsWith'LParUndsCommUndsRParUnds'MPY-METHODS'Unds'Bool'Unds'IntSeq'Unds'IntSeq.yaml -> 
f /candidate/runtime-kompiled/dt/Lbl'UndsLSqBUnds-LT-'-undef'RSqB'.yaml -> 
f /candidate/runtime-kompiled/dt/LblisDigitC'LParUndsRParUnds'MPY-METHODS'Unds'Bool'Unds'Int.yaml -> 
f /candidate/runtime-kompiled/dt/Lblproject'Coln'FreeVars.yaml -> 
f /candidate/runtime-kompiled/dt/match_5256.yaml -> 
f /candidate/runtime-kompiled/dt/match_5133.yaml -> 
f /candidate/runtime-kompiled/dt/match_5247.yaml -> 
f /candidate/runtime-kompiled/dt/match_5199.yaml -> 
f /candidate/runtime-kompiled/dt/match_5189.yaml -> 
f /candidate/runtime-kompiled/dt/LblisLen'LParUndsRParUnds'MPY-CORE'Unds'Int'Unds'IntSeq.yaml -> 
f /candidate/runtime-kompiled/dt/Lblproject'Coln'Params.yaml -> 
f /candidate/runtime-kompiled/dt/match_5140.yaml -> 
f /candidate/runtime-kompiled/dt/match_5074.yaml -> 
f /candidate/runtime-kompiled/dt/LblappendOpE'LParUndsCommUndsRParUnds'MPY-BUILTINS'Unds'OpSeq'Unds'OpSeq'Unds'String.yaml -> 
f /candidate/runtime-kompiled/dt/LblapplyIndex'LParUndsCommUndsRParUnds'MPY-SUBSCRIPT'Unds'Val'Unds'Val'Unds'Int.yaml -> 
f /candidate/runtime-kompiled/dt/Lbl'UndsStar'Int'Unds'.yaml -> 
f /candidate/runtime-kompiled/dt/match_5321.yaml -> 
f /candidate/runtime-kompiled/dt/append.yaml -> 
f /candidate/runtime-kompiled/dt/Lblproject'Coln'HeapLocCellOpt.yaml -> 
f /candidate/runtime-kompiled/dt/match_5131.yaml -> 
f /candidate/runtime-kompiled/dt/match_5072.yaml -> 
f /candidate/runtime-kompiled/dt/LblclampHi'LParUndsCommUndsCommUndsRParUnds'MPY-SUBSCRIPT'Unds'Int'Unds'Int'Unds'Int'Unds'Int.yaml -> 
f /candidate/runtime-kompiled/dt/match_5267.yaml -> 
f /candidate/runtime-kompiled/dt/LblintFloatDiv.yaml -> 
f /candidate/runtime-kompiled/dt/match_5114.yaml -> 
f /candidate/runtime-kompiled/dt/match_5282.yaml -> 
f /candidate/runtime-kompiled/dt/LblslStart'LParUndsCommUndsCommUndsRParUnds'MPY-SUBSCRIPT'Unds'Int'Unds'OptInt'Unds'OptInt'Unds'Int.yaml -> 
f /candidate/runtime-kompiled/dt/match_5213.yaml -> 
f /candidate/runtime-kompiled/dt/LblapplyOpE'LParUndsCommUndsCommUndsRParUnds'MPY-BUILTINS'Unds'Int'Unds'String'Unds'Int'Unds'Int.yaml -> 
f /candidate/runtime-kompiled/dt/LblseqConcat'LParUndsCommUndsRParUnds'MPY-STR'Unds'IntSeq'Unds'IntSeq'Unds'IntSeq.yaml -> 
f /candidate/runtime-kompiled/dt/LbladdF.yaml -> 
f /candidate/runtime-kompiled/dt/match_5253.yaml -> 
f /candidate/runtime-kompiled/dt/match_5097.yaml -> 
f /candidate/runtime-kompiled/dt/LblinitScopesCell.yaml -> 
f /candidate/runtime-kompiled/dt/LblisSet.yaml -> 
f /candidate/runtime-kompiled/dt/match_5258.yaml -> 
f /candidate/runtime-kompiled/dt/match_5120.yaml -> 
f /candidate/runtime-kompiled/dt/LbldictSet'LParUndsCommUndsCommUndsRParUnds'MPY-DICT'Unds'Val'Unds'Val'Unds'Val'Unds'Val.yaml -> 
f /candidate/runtime-kompiled/dt/match_5276.yaml -> 
f /candidate/runtime-kompiled/dt/match_5241.yaml -> 
f /candidate/runtime-kompiled/dt/LblMap'Coln'update.yaml -> 
f /candidate/runtime-kompiled/dt/LblupdateMap'LParUndsCommUndsRParUnds'MAP'Unds'Map'Unds'Map'Unds'Map.yaml -> 
f /candidate/runtime-kompiled/dt/LblFloat2Int'LParUndsRParUnds'FLOAT'Unds'Int'Unds'Float.yaml -> 
f /candidate/runtime-kompiled/dt/LblabsFloat'LParUndsRParUnds'FLOAT'Unds'Float'Unds'Float.yaml -> 
f /candidate/runtime-kompiled/dt/match_5310.yaml -> 
f /candidate/runtime-kompiled/dt/LbllowerC'LParUndsRParUnds'MPY-METHODS'Unds'Int'Unds'Int.yaml -> 
f /candidate/runtime-kompiled/dt/Lblproject'Coln'ApplyK.yaml -> 
f /candidate/runtime-kompiled/dt/Lblproject'Coln'Entry.yaml -> 
f /candidate/runtime-kompiled/dt/LblisHeapLocCell.yaml -> 
f /candidate/runtime-kompiled/dt/match_5058.yaml -> 
f /candidate/runtime-kompiled/dt/match_5269.yaml -> 
f /candidate/runtime-kompiled/dt/match_5099.yaml -> 
f /candidate/runtime-kompiled/dt/LblinsPair'LParUndsCommUndsCommUndsRParUnds'MPY-CONCRETE'Unds'ValSeq'Unds'ValSeq'Unds'Val'Unds'Val.yaml -> 
f /candidate/runtime-kompiled/dt/match_5315.yaml -> 
f /candidate/runtime-kompiled/dt/match_5148.yaml -> 
f /candidate/runtime-kompiled/dt/match_5193.yaml -> 
f /candidate/runtime-kompiled/dt/LblapplyBin'LParUndsCommUndsCommUndsRParUnds'MPY-CORE'Unds'Val'Unds'String'Unds'Val'Unds'Val.yaml -> 
f /candidate/runtime-kompiled/dt/Lblproject'Coln'CompFors.yaml -> 
f /candidate/runtime-kompiled/dt/Lbl'Unds-LT-'String'UndsUnds'STRING-COMMON'Unds'Bool'Unds'String'Unds'String.yaml -> 
f /candidate/runtime-kompiled/dt/LblisIntSeq.yaml -> 
f /candidate/runtime-kompiled/dt/match_5137.yaml -> 
f /candidate/runtime-kompiled/dt/match_5185.yaml -> 
f /candidate/runtime-kompiled/dt/LbltokOps'LParUndsRParUnds'MPY-BUILTINS'Unds'OpSeq'Unds'IntSeq.yaml -> 
f /candidate/runtime-kompiled/dt/match_5086.yaml -> 
f /candidate/runtime-kompiled/dt/match_5115.yaml -> 
f /candidate/runtime-kompiled/dt/match_5196.yaml -> 
f /candidate/runtime-kompiled/dt/Lbl'Unds-GT-'String'UndsUnds'STRING-COMMON'Unds'Bool'Unds'String'Unds'String.yaml -> 
f /candidate/runtime-kompiled/dt/match_5295.yaml -> 
f /candidate/runtime-kompiled/dt/LblsignFloat'LParUndsRParUnds'FLOAT'Unds'Bool'Unds'Float.yaml -> 
f /candidate/runtime-kompiled/dt/match_5322.yaml -> 
f /candidate/runtime-kompiled/dt/LblrevVSAcc'LParUndsCommUndsRParUnds'MPY-SORT'Unds'ValSeq'Unds'ValSeq'Unds'ValSeq.yaml -> 
f /candidate/runtime-kompiled/dt/LblfracScale'LParUndsRParUnds'MPY-FLOAT'Unds'Int'Unds'IntSeq.yaml -> 
f /candidate/runtime-kompiled/dt/LblevalArith'LParUndsRParUnds'MPY-BUILTINS'Unds'Int'Unds'IntSeq.yaml -> 
f /candidate/runtime-kompiled/dt/match_5160.yaml -> 
f /candidate/runtime-kompiled/dt/LblisExpr.yaml -> 
f /candidate/runtime-kompiled/dt/match_5069.yaml -> 
f /candidate/runtime-kompiled/dt/match_5177.yaml -> 
f /candidate/runtime-kompiled/dt/LblinitStackCell.yaml -> 
f /candidate/runtime-kompiled/dt/match_5176.yaml -> 
f /candidate/runtime-kompiled/dt/Lblproject'Coln'Int.yaml -> 
f /candidate/runtime-kompiled/dt/match_5251.yaml -> 
f /candidate/runtime-kompiled/dt/Lbl'UndsSlsh'Float'UndsUnds'FLOAT'Unds'Float'Unds'Float'Unds'Float.yaml -> 
f /candidate/runtime-kompiled/dt/LblfindChar'LParUndsCommUndsCommUndsRParUnds'STRING-COMMON'Unds'Int'Unds'String'Unds'String'Unds'Int.yaml -> 
f /candidate/runtime-kompiled/dt/Lbl'UndsPipe'Set'UndsUnds'SET'Unds'Set'Unds'Set'Unds'Set.yaml -> 
f /candidate/runtime-kompiled/dt/LblapplyBuiltin'LParUndsCommUndsRParUnds'MPY-BUILTINS'Unds'Val'Unds'String'Unds'Vals.yaml -> 
f /candidate/runtime-kompiled/dt/LblbinCodes'LParUndsRParUnds'MPY-BUILTINS'Unds'IntSeq'Unds'Int.yaml -> 
f /candidate/runtime-kompiled/dt/LblroundFN.yaml -> 
f /candidate/runtime-kompiled/dt/LblisUpperC'LParUndsRParUnds'MPY-METHODS'Unds'Bool'Unds'Int.yaml -> 
f /candidate/runtime-kompiled/dt/LblexponentBitsFloat'LParUndsRParUnds'FLOAT'Unds'Int'Unds'Float.yaml -> 
f /candidate/runtime-kompiled/dt/match_5266.yaml -> 
f /candidate/runtime-kompiled/dt/match_5232.yaml -> 
f /candidate/runtime-kompiled/dt/Lblproject'Coln'Float.yaml -> 
f /candidate/runtime-kompiled/dt/LblisStackCellOpt.yaml -> 
f /candidate/runtime-kompiled/dt/LblminVals'LParUndsCommUndsRParUnds'MPY-BUILTINS'Unds'Int'Unds'Int'Unds'Vals.yaml -> 
f /candidate/runtime-kompiled/dt/Lblkeys'LParUndsRParUnds'MAP'Unds'Set'Unds'Map.yaml -> 
f /candidate/runtime-kompiled/dt/LblintOf'LParUndsRParUnds'MPY-BUILTINS'Unds'Int'Unds'Val.yaml -> 
f /candidate/runtime-kompiled/dt/match_5250.yaml -> 
f /candidate/runtime-kompiled/dt/LblltIF.yaml -> 
f /candidate/runtime-kompiled/dt/Lbl'UndsXor-'Float'UndsUnds'FLOAT'Unds'Float'Unds'Float'Unds'Float.yaml -> 
f /candidate/runtime-kompiled/dt/Lbl'UndsEqlsSlshEqls'Bool'Unds'.yaml -> 
f /candidate/runtime-kompiled/dt/LbldivFloatIntV.yaml -> 
f /candidate/runtime-kompiled/dt/match_5208.yaml -> 
f /candidate/runtime-kompiled/dt/LblapplyMethod'LParUndsCommUndsCommUndsRParUnds'MPY-METHODS'Unds'Val'Unds'Val'Unds'String'Unds'Vals.yaml -> 
f /candidate/runtime-kompiled/dt/match_5061.yaml -> 
f /candidate/runtime-kompiled/dt/Lbl'Unds'inList'Unds'.yaml -> 
f /candidate/runtime-kompiled/dt/LblisBool.yaml -> 
f /candidate/runtime-kompiled/dt/match_5285.yaml -> 
