$ python3 /audit-output/evidence/03_concrete_compare.py
$ krun solution.mpy --definition /tmp/audit-work/122-add-elements/auditor-semantic-kompiled '-cARR=ListItem(111) ListItem(21) ListItem(3) ListItem(4000) ListItem(5) ListItem(6) ListItem(7) ListItem(8) ListItem(9)' -cN=4
KRUN_EXIT_STATUS=0
<mpy>
  <k>
    .K
  </k>
  <env>
    "arr" |-> ListItem ( 111 )
    ListItem ( 21 )
    ListItem ( 3 )
    ListItem ( 4000 )
    ListItem ( 5 )
    ListItem ( 6 )
    ListItem ( 7 )
    ListItem ( 8 )
    ListItem ( 9 )
    "i" |-> 4
    "k" |-> 4
    "total" |-> 24
    "value" |-> 4000
  </env>
  <input>
    <arr>
      ListItem ( 111 )
      ListItem ( 21 )
      ListItem ( 3 )
      ListItem ( 4000 )
      ListItem ( 5 )
      ListItem ( 6 )
      ListItem ( 7 )
      ListItem ( 8 )
      ListItem ( 9 )
    </arr>
    <n>
      4
    </n>
  </input>
  <result>
    result ( 24 )
  </result>
</mpy>
comparison documented-example: K=24 candidate_python=24 canonical_python=24 in_domain=True K_matches_candidate=True K_matches_canonical=True
$ krun solution.mpy --definition /tmp/audit-work/122-add-elements/auditor-semantic-kompiled -cARR=.List -cN=0
KRUN_EXIT_STATUS=0
<mpy>
  <k>
    .K
  </k>
  <env>
    "arr" |-> .List
    "i" |-> 0
    "k" |-> 0
    "total" |-> 0
    "value" |-> 0
  </env>
  <input>
    <arr>
      .List
    </arr>
    <n>
      0
    </n>
  </input>
  <result>
    result ( 0 )
  </result>
</mpy>
comparison empty-outside-contract: K=0 candidate_python=0 canonical_python=0 in_domain=False K_matches_candidate=True K_matches_canonical=True
$ krun solution.mpy --definition /tmp/audit-work/122-add-elements/auditor-semantic-kompiled '-cARR=ListItem(-100) ListItem(-99)' -cN=2
KRUN_EXIT_STATUS=0
<mpy>
  <k>
    .K
  </k>
  <env>
    "arr" |-> ListItem ( -100 )
    ListItem ( -99 )
    "i" |-> 2
    "k" |-> 2
    "total" |-> -99
    "value" |-> -99
  </env>
  <input>
    <arr>
      ListItem ( -100 )
      ListItem ( -99 )
    </arr>
    <n>
      2
    </n>
  </input>
  <result>
    result ( -99 )
  </result>
</mpy>
comparison lower-negative-boundary: K=-99 candidate_python=-99 canonical_python=0 in_domain=True K_matches_candidate=True K_matches_canonical=False
$ krun solution.mpy --definition /tmp/audit-work/122-add-elements/auditor-semantic-kompiled '-cARR=ListItem(-101) ListItem(-100) ListItem(-99) ListItem(-10) ListItem(-9) ListItem(-1) ListItem(0) ListItem(9) ListItem(10) ListItem(99) ListItem(100) ListItem(101)' -cN=12
KRUN_EXIT_STATUS=0
<mpy>
  <k>
    .K
  </k>
  <env>
    "arr" |-> ListItem ( -101 )
    ListItem ( -100 )
    ListItem ( -99 )
    ListItem ( -10 )
    ListItem ( -9 )
    ListItem ( -1 )
    ListItem ( 0 )
    ListItem ( 9 )
    ListItem ( 10 )
    ListItem ( 99 )
    ListItem ( 100 )
    ListItem ( 101 )
    "i" |-> 12
    "k" |-> 12
    "total" |-> -1
    "value" |-> 101
  </env>
  <input>
    <arr>
      ListItem ( -101 )
      ListItem ( -100 )
      ListItem ( -99 )
      ListItem ( -10 )
      ListItem ( -9 )
      ListItem ( -1 )
      ListItem ( 0 )
      ListItem ( 9 )
      ListItem ( 10 )
      ListItem ( 99 )
      ListItem ( 100 )
      ListItem ( 101 )
    </arr>
    <n>
      12
    </n>
  </input>
  <result>
    result ( -1 )
  </result>
</mpy>
comparison all-branch-boundaries: K=-1 candidate_python=-1 canonical_python=108 in_domain=True K_matches_candidate=True K_matches_canonical=False
$ krun solution.mpy --definition /tmp/audit-work/122-add-elements/auditor-semantic-kompiled '-cARR=ListItem(-50) ListItem(-49) ListItem(-48) ListItem(-47) ListItem(-46) ListItem(-45) ListItem(-44) ListItem(-43) ListItem(-42) ListItem(-41) ListItem(-40) ListItem(-39) ListItem(-38) ListItem(-37) ListItem(-36) ListItem(-35) ListItem(-34) ListItem(-33) ListItem(-32) ListItem(-31) ListItem(-30) ListItem(-29) ListItem(-28) ListItem(-27) ListItem(-26) ListItem(-25) ListItem(-24) ListItem(-23) ListItem(-22) ListItem(-21) ListItem(-20) ListItem(-19) ListItem(-18) ListItem(-17) ListItem(-16) ListItem(-15) ListItem(-14) ListItem(-13) ListItem(-12) ListItem(-11) ListItem(-10) ListItem(-9) ListItem(-8) ListItem(-7) ListItem(-6) ListItem(-5) ListItem(-4) ListItem(-3) ListItem(-2) ListItem(-1) ListItem(0) ListItem(1) ListItem(2) ListItem(3) ListItem(4) ListItem(5) ListItem(6) ListItem(7) ListItem(8) ListItem(9) ListItem(10) ListItem(11) ListItem(12) ListItem(13) ListItem(14) ListItem(15) ListItem(16) ListItem(17) ListItem(18) ListItem(19) ListItem(20) ListItem(21) ListItem(22) ListItem(23) ListItem(24) ListItem(25) ListItem(26) ListItem(27) ListItem(28) ListItem(29) ListItem(30) ListItem(31) ListItem(32) ListItem(33) ListItem(34) ListItem(35) ListItem(36) ListItem(37) ListItem(38) ListItem(39) ListItem(40) ListItem(41) ListItem(42) ListItem(43) ListItem(44) ListItem(45) ListItem(46) ListItem(47) ListItem(48) ListItem(49)' -cN=100
KRUN_EXIT_STATUS=0
<mpy>
  <k>
    .K
  </k>
  <env>
    "arr" |-> ListItem ( -50 )
    ListItem ( -49 )
    ListItem ( -48 )
    ListItem ( -47 )
    ListItem ( -46 )
    ListItem ( -45 )
    ListItem ( -44 )
    ListItem ( -43 )
    ListItem ( -42 )
    ListItem ( -41 )
    ListItem ( -40 )
    ListItem ( -39 )
    ListItem ( -38 )
    ListItem ( -37 )
    ListItem ( -36 )
    ListItem ( -35 )
    ListItem ( -34 )
    ListItem ( -33 )
    ListItem ( -32 )
    ListItem ( -31 )
    ListItem ( -30 )
    ListItem ( -29 )
    ListItem ( -28 )
    ListItem ( -27 )
    ListItem ( -26 )
    ListItem ( -25 )
    ListItem ( -24 )
    ListItem ( -23 )
    ListItem ( -22 )
    ListItem ( -21 )
    ListItem ( -20 )
    ListItem ( -19 )
    ListItem ( -18 )
    ListItem ( -17 )
    ListItem ( -16 )
    ListItem ( -15 )
    ListItem ( -14 )
    ListItem ( -13 )
    ListItem ( -12 )
    ListItem ( -11 )
    ListItem ( -10 )
    ListItem ( -9 )
    ListItem ( -8 )
    ListItem ( -7 )
    ListItem ( -6 )
    ListItem ( -5 )
    ListItem ( -4 )
    ListItem ( -3 )
    ListItem ( -2 )
    ListItem ( -1 )
    ListItem ( 0 )
    ListItem ( 1 )
    ListItem ( 2 )
    ListItem ( 3 )
    ListItem ( 4 )
    ListItem ( 5 )
    ListItem ( 6 )
    ListItem ( 7 )
    ListItem ( 8 )
    ListItem ( 9 )
    ListItem ( 10 )
    ListItem ( 11 )
    ListItem ( 12 )
    ListItem ( 13 )
    ListItem ( 14 )
    ListItem ( 15 )
    ListItem ( 16 )
    ListItem ( 17 )
    ListItem ( 18 )
    ListItem ( 19 )
    ListItem ( 20 )
    ListItem ( 21 )
    ListItem ( 22 )
    ListItem ( 23 )
    ListItem ( 24 )
    ListItem ( 25 )
    ListItem ( 26 )
    ListItem ( 27 )
    ListItem ( 28 )
    ListItem ( 29 )
    ListItem ( 30 )
    ListItem ( 31 )
    ListItem ( 32 )
    ListItem ( 33 )
    ListItem ( 34 )
    ListItem ( 35 )
    ListItem ( 36 )
    ListItem ( 37 )
    ListItem ( 38 )
    ListItem ( 39 )
    ListItem ( 40 )
    ListItem ( 41 )
    ListItem ( 42 )
    ListItem ( 43 )
    ListItem ( 44 )
    ListItem ( 45 )
    ListItem ( 46 )
    ListItem ( 47 )
    ListItem ( 48 )
    ListItem ( 49 )
    "i" |-> 100
    "k" |-> 100
    "total" |-> -50
    "value" |-> 49
  </env>
  <input>
    <arr>
      ListItem ( -50 )
      ListItem ( -49 )
      ListItem ( -48 )
      ListItem ( -47 )
      ListItem ( -46 )
      ListItem ( -45 )
      ListItem ( -44 )
      ListItem ( -43 )
      ListItem ( -42 )
      ListItem ( -41 )
      ListItem ( -40 )
      ListItem ( -39 )
      ListItem ( -38 )
      ListItem ( -37 )
      ListItem ( -36 )
      ListItem ( -35 )
      ListItem ( -34 )
      ListItem ( -33 )
      ListItem ( -32 )
      ListItem ( -31 )
      ListItem ( -30 )
      ListItem ( -29 )
      ListItem ( -28 )
      ListItem ( -27 )
      ListItem ( -26 )
      ListItem ( -25 )
      ListItem ( -24 )
      ListItem ( -23 )
      ListItem ( -22 )
      ListItem ( -21 )
      ListItem ( -20 )
      ListItem ( -19 )
      ListItem ( -18 )
      ListItem ( -17 )
      ListItem ( -16 )
      ListItem ( -15 )
      ListItem ( -14 )
      ListItem ( -13 )
      ListItem ( -12 )
      ListItem ( -11 )
      ListItem ( -10 )
      ListItem ( -9 )
      ListItem ( -8 )
      ListItem ( -7 )
      ListItem ( -6 )
      ListItem ( -5 )
      ListItem ( -4 )
      ListItem ( -3 )
      ListItem ( -2 )
      ListItem ( -1 )
      ListItem ( 0 )
      ListItem ( 1 )
      ListItem ( 2 )
      ListItem ( 3 )
      ListItem ( 4 )
      ListItem ( 5 )
      ListItem ( 6 )
      ListItem ( 7 )
      ListItem ( 8 )
      ListItem ( 9 )
      ListItem ( 10 )
      ListItem ( 11 )
      ListItem ( 12 )
      ListItem ( 13 )
      ListItem ( 14 )
      ListItem ( 15 )
      ListItem ( 16 )
      ListItem ( 17 )
      ListItem ( 18 )
      ListItem ( 19 )
      ListItem ( 20 )
      ListItem ( 21 )
      ListItem ( 22 )
      ListItem ( 23 )
      ListItem ( 24 )
      ListItem ( 25 )
      ListItem ( 26 )
      ListItem ( 27 )
      ListItem ( 28 )
      ListItem ( 29 )
      ListItem ( 30 )
      ListItem ( 31 )
      ListItem ( 32 )
      ListItem ( 33 )
      ListItem ( 34 )
      ListItem ( 35 )
      ListItem ( 36 )
      ListItem ( 37 )
      ListItem ( 38 )
      ListItem ( 39 )
      ListItem ( 40 )
      ListItem ( 41 )
      ListItem ( 42 )
      ListItem ( 43 )
      ListItem ( 44 )
      ListItem ( 45 )
      ListItem ( 46 )
      ListItem ( 47 )
      ListItem ( 48 )
      ListItem ( 49 )
    </arr>
    <n>
      100
    </n>
  </input>
  <result>
    result ( -50 )
  </result>
</mpy>
comparison length-100: K=-50 candidate_python=-50 canonical_python=1180 in_domain=True K_matches_candidate=True K_matches_canonical=False
k_candidate_comparison_failures=0
EXIT_STATUS=0
