  #Not ( {
      0
    #Equals
      C +Int -48
    }
  #And
    {
      true
    #Equals
      49 <=Int C0
    } )
#And
  <k>
    #intOf ( T0 , ( C +Int -48 ) *Int 10 +Int ( C0 +Int -48 ) ) ~> .K
  </k>
#And
  {
    DS
  #Equals
    iCons ( C , iCons ( C0 , T0 ) )
  }
#And
  {
    T
  #Equals
    iCons ( C0 , T0 )
  }
#And
  {
    true
  #Equals
    48 <=Int C0
  }
#And
  {
    true
  #Equals
    49 <=Int C
  }
#And
  {
    true
  #Equals
    C0 <=Int 57
  }
#And
  {
    true
  #Equals
    C <=Int 57
  }
#And
  {
    true
  #Equals
    allDig ( T0 )
  }
[Error] Prover: backend terminated because the configuration cannot be
rewritten further. See output for more details.
