$ sha256sum /tmp/audit-work/reviewer-002/scratch/canonical.py /tmp/audit-work/reviewer-002/scratch/solution.py /tmp/audit-work/reviewer-002/scratch/solution.mpy /tmp/audit-work/reviewer-002/scratch/py2mpy.py
3c41fb4c5213da3b863481d10856e18d9d0b7a2387aa2ae98226d8822e806c44  /tmp/audit-work/reviewer-002/scratch/canonical.py
2810f52f539f3a3a828e9e575096793d8da54ad0be05e0b341a831eac23b7232  /tmp/audit-work/reviewer-002/scratch/solution.py
890b9c5ceba7377100824db98d3879fbd209c6592d93c8ba35179692b7b88328  /tmp/audit-work/reviewer-002/scratch/solution.mpy
406485eac118431c08ef59f30f79dfa6aa9d5825408917fc5ce7c806e664db16  /tmp/audit-work/reviewer-002/scratch/py2mpy.py
EXIT: 0

$ python3 py2mpy.py solution.py > regenerated-solution.mpy
EXIT: 0

$ cmp -l /tmp/audit-work/reviewer-002/scratch/solution.mpy /tmp/audit-work/reviewer-002/scratch/regenerated-solution.mpy
EXIT: 0

$ sha256sum /tmp/audit-work/reviewer-002/scratch/solution.mpy /tmp/audit-work/reviewer-002/scratch/regenerated-solution.mpy
890b9c5ceba7377100824db98d3879fbd209c6592d93c8ba35179692b7b88328  /tmp/audit-work/reviewer-002/scratch/solution.mpy
890b9c5ceba7377100824db98d3879fbd209c6592d93c8ba35179692b7b88328  /tmp/audit-work/reviewer-002/scratch/regenerated-solution.mpy
EXIT: 0

$ python3 /audit-output/evidence/differential_test.py
oracle=/tmp/audit-work/reviewer-002/scratch/canonical.py
implementation=/tmp/audit-work/reviewer-002/scratch/solution.py
domain=int samples
exhaustive_interval=-20..500 inclusive
random_seed=36071113 random_draws=1000 range=-1000..20000 inclusive
curated_inputs=[-100, -5, -1, 0, 1, 2, 7, 8, 10, 11, 12, 13, 14, 21, 22, 23, 25, 26, 27, 28, 49, 50, 51, 76, 77, 78, 79, 80, 99, 100, 101, 116, 117, 118, 143, 144, 175, 176, 177, 178, 769, 770, 771, 777, 778, 1000, 1001, 10000, 20000]
CURATED_RESULTS_BEGIN
n=-100 canonical=0 generated=0
n=-5 canonical=0 generated=0
n=-1 canonical=0 generated=0
n=0 canonical=0 generated=0
n=1 canonical=0 generated=0
n=2 canonical=0 generated=0
n=7 canonical=0 generated=0
n=8 canonical=0 generated=0
n=10 canonical=0 generated=0
n=11 canonical=0 generated=0
n=12 canonical=0 generated=0
n=13 canonical=0 generated=0
n=14 canonical=0 generated=0
n=21 canonical=0 generated=0
n=22 canonical=0 generated=0
n=23 canonical=0 generated=0
n=25 canonical=0 generated=0
n=26 canonical=0 generated=0
n=27 canonical=0 generated=0
n=28 canonical=0 generated=0
n=49 canonical=0 generated=0
n=50 canonical=0 generated=0
n=51 canonical=0 generated=0
n=76 canonical=0 generated=0
n=77 canonical=0 generated=0
n=78 canonical=2 generated=2
n=79 canonical=3 generated=3
n=80 canonical=3 generated=3
n=99 canonical=3 generated=3
n=100 canonical=3 generated=3
n=101 canonical=3 generated=3
n=116 canonical=3 generated=3
n=117 canonical=3 generated=3
n=118 canonical=4 generated=4
n=143 canonical=4 generated=4
n=144 canonical=4 generated=4
n=175 canonical=4 generated=4
n=176 canonical=4 generated=4
n=177 canonical=5 generated=5
n=178 canonical=5 generated=5
n=769 canonical=35 generated=35
n=770 canonical=35 generated=35
n=771 canonical=37 generated=37
n=777 canonical=37 generated=37
n=778 canonical=37 generated=37
n=1000 canonical=47 generated=47
n=1001 canonical=47 generated=47
n=10000 canonical=639 generated=639
n=20000 canonical=1280 generated=1280
CURATED_RESULTS_END
distinct_cases=1488
mismatch_count=0
RESULT=PASS
EXIT: 0

