$ (cd /tmp/audit-work/reviewer-002/scratch && kast solution.mpy --definition reviewer-verification-kompiled --module VERIFICATION --sort Module --expand-macros --output kore --output-file submitted-module.kore)
EXIT: 0

$ (cd /tmp/audit-work/reviewer-002/scratch && kast module-from-proof-macro.mpy --definition reviewer-verification-kompiled --module VERIFICATION --sort Module --expand-macros --output kore --output-file proof-macro-module.kore)
EXIT: 0

$ (cd /tmp/audit-work/reviewer-002/scratch && cmp -l submitted-module.kore proof-macro-module.kore)
EXIT: 0

$ (cd /tmp/audit-work/reviewer-002/scratch && sha256sum submitted-module.kore proof-macro-module.kore)
677d737b3f1778adbaca11fbddf5aaa67483dc4eed7edcf0db9c820003b5e7f5  submitted-module.kore
677d737b3f1778adbaca11fbddf5aaa67483dc4eed7edcf0db9c820003b5e7f5  proof-macro-module.kore
EXIT: 0

$ (cd /tmp/audit-work/reviewer-002/scratch && kprove spec-pinning.k --definition reviewer-verification-kompiled --spec-module SPEC-PINNING --claims SPEC-PINNING.module-load-pins-closure --output pretty)
#Top
[Warning] Compiler: Variable 'As' defined but not used. Prefix variable name
with underscore if this is intentional.
	Source(/tmp/audit-work/reviewer-002/scratch/reference-semantics/semantics/str.k)
	Location(52,27,52,29)
	52 |	  rule strLt(iCons(A:Int, As:IntSeq), iCons(B:Int, Bs:IntSeq)) => true   
      requires A  <Int B
	   .	                          ^~
[Warning] Compiler: Variable 'Bs' defined but not used. Prefix variable name
with underscore if this is intentional.
	Source(/tmp/audit-work/reviewer-002/scratch/reference-semantics/semantics/str.k)
	Location(52,52,52,54)
	52 |	  rule strLt(iCons(A:Int, As:IntSeq), iCons(B:Int, Bs:IntSeq)) => true   
      requires A  <Int B
	   .	                                                   ^~
[Warning] Compiler: Variable 'As' defined but not used. Prefix variable name
with underscore if this is intentional.
	Source(/tmp/audit-work/reviewer-002/scratch/reference-semantics/semantics/str.k)
	Location(53,27,53,29)
	53 |	  rule strLt(iCons(A:Int, As:IntSeq), iCons(B:Int, Bs:IntSeq)) => false  
      requires A  >Int B
	   .	                          ^~
[Warning] Compiler: Variable 'Bs' defined but not used. Prefix variable name
with underscore if this is intentional.
	Source(/tmp/audit-work/reviewer-002/scratch/reference-semantics/semantics/str.k)
	Location(53,52,53,54)
	53 |	  rule strLt(iCons(A:Int, As:IntSeq), iCons(B:Int, Bs:IntSeq)) => false  
      requires A  >Int B
	   .	                                                   ^~
EXIT: 0

$ (cd /tmp/audit-work/reviewer-002/scratch && python3 /audit-output/evidence/claim_substitution.py)
entry_claims=[(-5, 0), (0, 0), (50, 0), (78, 2), (79, 3), (100, 3)]
entry_claim_count=6
n=-5 claimed=0 canonical=0 generated=0
n=0 claimed=0 canonical=0 generated=0
n=50 claimed=0 canonical=0 generated=0
n=78 claimed=2 canonical=2 generated=2
n=79 claimed=3 canonical=3 generated=3
n=100 claimed=3 canonical=3 generated=3
mismatch_count=0
EXIT: 0

$ (cd /tmp/audit-work/reviewer-002/scratch && rg -n -F -e fizzBuzzSpec -e fizzBuzzAcc -e countSevensAcc -e Call\(FIZZ-BUZZ-CLOSURE spec.k verification.k)
verification.k:12:  syntax Int ::= countSevensAcc(Int, Int) [function]
verification.k:13:  rule countSevensAcc(A:Int, 0) => A [simplification]
verification.k:14:  rule countSevensAcc(A:Int, I:Int)
verification.k:15:    => countSevensAcc(
verification.k:20:  rule countSevensAcc(A:Int, I:Int)
verification.k:21:    => countSevensAcc(A, (I -Int pyMod(I, 10)) /Int 10)
verification.k:26:  syntax Int ::= fizzBuzzAcc(Int, Int, Int) [function]
verification.k:27:  rule fizzBuzzAcc(A:Int, I:Int, N:Int) => A
verification.k:29:  rule fizzBuzzAcc(A:Int, I:Int, N:Int)
verification.k:30:    => fizzBuzzAcc(countSevensAcc(A, I), I +Int 1, N)
verification.k:32:  rule fizzBuzzAcc(A:Int, I:Int, N:Int)
verification.k:33:    => fizzBuzzAcc(A, I +Int 1, N)
verification.k:36:  syntax Int ::= fizzBuzzSpec(Int) [function, total]
verification.k:37:  rule fizzBuzzSpec(N:Int) => fizzBuzzAcc(0, 0, N)
spec.k:29:          ("count" |-> countSevensAcc(A, X))
spec.k:48:    <k> Call(FIZZ-BUZZ-CLOSURE, -5) => 0 </k>
spec.k:60:    <k> Call(FIZZ-BUZZ-CLOSURE, 0) => 0 </k>
spec.k:72:    <k> Call(FIZZ-BUZZ-CLOSURE, 50) => 0 </k>
spec.k:84:    <k> Call(FIZZ-BUZZ-CLOSURE, 78) => 2 </k>
spec.k:96:    <k> Call(FIZZ-BUZZ-CLOSURE, 79) => 3 </k>
spec.k:108:    <k> Call(FIZZ-BUZZ-CLOSURE, 100) => 3 </k>
EXIT: 0

