COMMAND: python3 /audit-output/evidence/02_differential.py
NAMED CASES
example-1: rows=3 cols=4 capacity=1 canonical=6 candidate=6
example-2: rows=4 cols=4 capacity=2 canonical=5 candidate=5
example-3: rows=2 cols=3 capacity=5 canonical=0 candidate=0
empty-grid-outside-contract: rows=0 cols=0 capacity=1 canonical=0 candidate=0
empty-row-outside-contract: rows=1 cols=0 capacity=1 canonical=0 candidate=0
minimum-zero: rows=1 cols=1 capacity=1 canonical=0 candidate=0
minimum-one: rows=1 cols=1 capacity=1 canonical=1 candidate=1
maximum-capacity: rows=1 cols=1 capacity=10 canonical=1 candidate=1
ceil-below-boundary: rows=1 cols=2 capacity=3 canonical=1 candidate=1
ceil-at-boundary: rows=1 cols=3 capacity=3 canonical=1 candidate=1
ceil-above-boundary: rows=1 cols=4 capacity=3 canonical=2 candidate=2
per-row-not-global-ceil: rows=2 cols=1 capacity=2 canonical=2 candidate=2
maximum-all-zero: rows=100 cols=100 capacity=10 canonical=0 candidate=0
maximum-all-one-capacity-1: rows=100 cols=100 capacity=1 canonical=10000 candidate=10000
maximum-all-one-capacity-10: rows=100 cols=100 capacity=10 canonical=1000 candidate=1000
SCOPE
exhaustive rectangular binary grids: rows=1..3, columns=1..4, capacity=1..10; cases=50500
deterministic random rectangular binary grids: rows=1..100, columns=1..100, capacity=1..10, seed=11520260726; cases=500
total_cases=51015
mismatches=0
EXIT_STATUS: 0
