COMMAND: python3 /audit-output/evidence/03_concrete_compare.py
CASE: typed-example-1
COMMAND: krun solution.mpy --definition /tmp/audit-work/reconstruction/semantic-clean-kompiled '-cARGS=gridVal(rowVal(0,0,1,0),rowVal(0,1,0,0),rowVal(1,1,1,1)),intVal(1)'
EXIT_STATUS: 0
INPUT: grid=[[0, 0, 1, 0], [0, 1, 0, 0], [1, 1, 1, 1]] capacity=1
RESULTS: canonical=6 candidate_python=6 fresh_K=6
K_OUTPUT_BEGIN
<max-fill>
  <k>
    .K
  </k>
  <args>
    gridVal ( rowVal ( 0 , 0 , 1 , 0 , .Ints ) , rowVal ( 0 , 1 , 0 , 0 , .Ints ) , rowVal ( 1 , 1 , 1 , 1 , .Ints ) , .Rows ) , intVal ( 1 ) , .Vals
  </args>
  <functions>
    "_buckets_for" |-> function ( Params ( "grid" , "capacity" , .ParamList ) , Return ( IfExp ( Compare ( Name ( "grid" ) , CmpOp ( "==" , ListExpr ( .ExprList ) ) , .CmpOps ) , Int ( 0 ) , BinOp ( "+" , BinOp ( "//" , BinOp ( "-" , BinOp ( "+" , Call ( Name ( "_water_in" ) , Subscript ( Name ( "grid" ) , Int ( 0 ) ) , .ExprList ) , Name ( "capacity" ) ) , Int ( 1 ) ) , Name ( "capacity" ) ) , Call ( Name ( "_buckets_for" ) , Subscript ( Name ( "grid" ) , Slice ( Int ( 1 ) , NoBound , NoBound ) ) , Name ( "capacity" ) , .ExprList ) ) ) )  .Stmts )
    "_water_in" |-> function ( Params ( "row" , .ParamList ) , Return ( IfExp ( Compare ( Name ( "row" ) , CmpOp ( "==" , ListExpr ( .ExprList ) ) , .CmpOps ) , Int ( 0 ) , BinOp ( "+" , Subscript ( Name ( "row" ) , Int ( 0 ) ) , Call ( Name ( "_water_in" ) , Subscript ( Name ( "row" ) , Slice ( Int ( 1 ) , NoBound , NoBound ) ) , .ExprList ) ) ) )  .Stmts )
    "max_fill" |-> function ( Params ( "grid" , "capacity" , .ParamList ) , Return ( Call ( Name ( "_buckets_for" ) , Name ( "grid" ) , Name ( "capacity" ) , .ExprList ) )  .Stmts )
  </functions>
  <env>
    .Map
  </env>
  <result>
    intVal ( 6 )
  </result>
</max-fill>
K_OUTPUT_END
CASE: ordinary-example-1
COMMAND: krun solution.mpy --definition /tmp/audit-work/reconstruction/semantic-clean-kompiled '-cARGS=listVal(listVal(intVal(0),intVal(0),intVal(1),intVal(0)),listVal(intVal(0),intVal(1),intVal(0),intVal(0)),listVal(intVal(1),intVal(1),intVal(1),intVal(1))),intVal(1)'
EXIT_STATUS: 0
INPUT: grid=[[0, 0, 1, 0], [0, 1, 0, 0], [1, 1, 1, 1]] capacity=1
RESULTS: canonical=6 candidate_python=6 fresh_K=6
K_OUTPUT_BEGIN
<max-fill>
  <k>
    .K
  </k>
  <args>
    listVal ( listVal ( intVal ( 0 ) , intVal ( 0 ) , intVal ( 1 ) , intVal ( 0 ) , .Vals ) , listVal ( intVal ( 0 ) , intVal ( 1 ) , intVal ( 0 ) , intVal ( 0 ) , .Vals ) , listVal ( intVal ( 1 ) , intVal ( 1 ) , intVal ( 1 ) , intVal ( 1 ) , .Vals ) , .Vals ) , intVal ( 1 ) , .Vals
  </args>
  <functions>
    "_buckets_for" |-> function ( Params ( "grid" , "capacity" , .ParamList ) , Return ( IfExp ( Compare ( Name ( "grid" ) , CmpOp ( "==" , ListExpr ( .ExprList ) ) , .CmpOps ) , Int ( 0 ) , BinOp ( "+" , BinOp ( "//" , BinOp ( "-" , BinOp ( "+" , Call ( Name ( "_water_in" ) , Subscript ( Name ( "grid" ) , Int ( 0 ) ) , .ExprList ) , Name ( "capacity" ) ) , Int ( 1 ) ) , Name ( "capacity" ) ) , Call ( Name ( "_buckets_for" ) , Subscript ( Name ( "grid" ) , Slice ( Int ( 1 ) , NoBound , NoBound ) ) , Name ( "capacity" ) , .ExprList ) ) ) )  .Stmts )
    "_water_in" |-> function ( Params ( "row" , .ParamList ) , Return ( IfExp ( Compare ( Name ( "row" ) , CmpOp ( "==" , ListExpr ( .ExprList ) ) , .CmpOps ) , Int ( 0 ) , BinOp ( "+" , Subscript ( Name ( "row" ) , Int ( 0 ) ) , Call ( Name ( "_water_in" ) , Subscript ( Name ( "row" ) , Slice ( Int ( 1 ) , NoBound , NoBound ) ) , .ExprList ) ) ) )  .Stmts )
    "max_fill" |-> function ( Params ( "grid" , "capacity" , .ParamList ) , Return ( Call ( Name ( "_buckets_for" ) , Name ( "grid" ) , Name ( "capacity" ) , .ExprList ) )  .Stmts )
  </functions>
  <env>
    .Map
  </env>
  <result>
    intVal ( 6 )
  </result>
</max-fill>
K_OUTPUT_END
CASE: typed-example-2
COMMAND: krun solution.mpy --definition /tmp/audit-work/reconstruction/semantic-clean-kompiled '-cARGS=gridVal(rowVal(0,0,1,1),rowVal(0,0,0,0),rowVal(1,1,1,1),rowVal(0,1,1,1)),intVal(2)'
EXIT_STATUS: 0
INPUT: grid=[[0, 0, 1, 1], [0, 0, 0, 0], [1, 1, 1, 1], [0, 1, 1, 1]] capacity=2
RESULTS: canonical=5 candidate_python=5 fresh_K=5
K_OUTPUT_BEGIN
<max-fill>
  <k>
    .K
  </k>
  <args>
    gridVal ( rowVal ( 0 , 0 , 1 , 1 , .Ints ) , rowVal ( 0 , 0 , 0 , 0 , .Ints ) , rowVal ( 1 , 1 , 1 , 1 , .Ints ) , rowVal ( 0 , 1 , 1 , 1 , .Ints ) , .Rows ) , intVal ( 2 ) , .Vals
  </args>
  <functions>
    "_buckets_for" |-> function ( Params ( "grid" , "capacity" , .ParamList ) , Return ( IfExp ( Compare ( Name ( "grid" ) , CmpOp ( "==" , ListExpr ( .ExprList ) ) , .CmpOps ) , Int ( 0 ) , BinOp ( "+" , BinOp ( "//" , BinOp ( "-" , BinOp ( "+" , Call ( Name ( "_water_in" ) , Subscript ( Name ( "grid" ) , Int ( 0 ) ) , .ExprList ) , Name ( "capacity" ) ) , Int ( 1 ) ) , Name ( "capacity" ) ) , Call ( Name ( "_buckets_for" ) , Subscript ( Name ( "grid" ) , Slice ( Int ( 1 ) , NoBound , NoBound ) ) , Name ( "capacity" ) , .ExprList ) ) ) )  .Stmts )
    "_water_in" |-> function ( Params ( "row" , .ParamList ) , Return ( IfExp ( Compare ( Name ( "row" ) , CmpOp ( "==" , ListExpr ( .ExprList ) ) , .CmpOps ) , Int ( 0 ) , BinOp ( "+" , Subscript ( Name ( "row" ) , Int ( 0 ) ) , Call ( Name ( "_water_in" ) , Subscript ( Name ( "row" ) , Slice ( Int ( 1 ) , NoBound , NoBound ) ) , .ExprList ) ) ) )  .Stmts )
    "max_fill" |-> function ( Params ( "grid" , "capacity" , .ParamList ) , Return ( Call ( Name ( "_buckets_for" ) , Name ( "grid" ) , Name ( "capacity" ) , .ExprList ) )  .Stmts )
  </functions>
  <env>
    .Map
  </env>
  <result>
    intVal ( 5 )
  </result>
</max-fill>
K_OUTPUT_END
CASE: ordinary-example-2
COMMAND: krun solution.mpy --definition /tmp/audit-work/reconstruction/semantic-clean-kompiled '-cARGS=listVal(listVal(intVal(0),intVal(0),intVal(1),intVal(1)),listVal(intVal(0),intVal(0),intVal(0),intVal(0)),listVal(intVal(1),intVal(1),intVal(1),intVal(1)),listVal(intVal(0),intVal(1),intVal(1),intVal(1))),intVal(2)'
EXIT_STATUS: 0
INPUT: grid=[[0, 0, 1, 1], [0, 0, 0, 0], [1, 1, 1, 1], [0, 1, 1, 1]] capacity=2
RESULTS: canonical=5 candidate_python=5 fresh_K=5
K_OUTPUT_BEGIN
<max-fill>
  <k>
    .K
  </k>
  <args>
    listVal ( listVal ( intVal ( 0 ) , intVal ( 0 ) , intVal ( 1 ) , intVal ( 1 ) , .Vals ) , listVal ( intVal ( 0 ) , intVal ( 0 ) , intVal ( 0 ) , intVal ( 0 ) , .Vals ) , listVal ( intVal ( 1 ) , intVal ( 1 ) , intVal ( 1 ) , intVal ( 1 ) , .Vals ) , listVal ( intVal ( 0 ) , intVal ( 1 ) , intVal ( 1 ) , intVal ( 1 ) , .Vals ) , .Vals ) , intVal ( 2 ) , .Vals
  </args>
  <functions>
    "_buckets_for" |-> function ( Params ( "grid" , "capacity" , .ParamList ) , Return ( IfExp ( Compare ( Name ( "grid" ) , CmpOp ( "==" , ListExpr ( .ExprList ) ) , .CmpOps ) , Int ( 0 ) , BinOp ( "+" , BinOp ( "//" , BinOp ( "-" , BinOp ( "+" , Call ( Name ( "_water_in" ) , Subscript ( Name ( "grid" ) , Int ( 0 ) ) , .ExprList ) , Name ( "capacity" ) ) , Int ( 1 ) ) , Name ( "capacity" ) ) , Call ( Name ( "_buckets_for" ) , Subscript ( Name ( "grid" ) , Slice ( Int ( 1 ) , NoBound , NoBound ) ) , Name ( "capacity" ) , .ExprList ) ) ) )  .Stmts )
    "_water_in" |-> function ( Params ( "row" , .ParamList ) , Return ( IfExp ( Compare ( Name ( "row" ) , CmpOp ( "==" , ListExpr ( .ExprList ) ) , .CmpOps ) , Int ( 0 ) , BinOp ( "+" , Subscript ( Name ( "row" ) , Int ( 0 ) ) , Call ( Name ( "_water_in" ) , Subscript ( Name ( "row" ) , Slice ( Int ( 1 ) , NoBound , NoBound ) ) , .ExprList ) ) ) )  .Stmts )
    "max_fill" |-> function ( Params ( "grid" , "capacity" , .ParamList ) , Return ( Call ( Name ( "_buckets_for" ) , Name ( "grid" ) , Name ( "capacity" ) , .ExprList ) )  .Stmts )
  </functions>
  <env>
    .Map
  </env>
  <result>
    intVal ( 5 )
  </result>
</max-fill>
K_OUTPUT_END
CASE: typed-empty-grid-outside-contract
COMMAND: krun solution.mpy --definition /tmp/audit-work/reconstruction/semantic-clean-kompiled '-cARGS=gridVal(),intVal(1)'
EXIT_STATUS: 0
INPUT: grid=[] capacity=1
RESULTS: canonical=0 candidate_python=0 fresh_K=0
K_OUTPUT_BEGIN
<max-fill>
  <k>
    .K
  </k>
  <args>
    gridVal ( .Rows ) , intVal ( 1 ) , .Vals
  </args>
  <functions>
    "_buckets_for" |-> function ( Params ( "grid" , "capacity" , .ParamList ) , Return ( IfExp ( Compare ( Name ( "grid" ) , CmpOp ( "==" , ListExpr ( .ExprList ) ) , .CmpOps ) , Int ( 0 ) , BinOp ( "+" , BinOp ( "//" , BinOp ( "-" , BinOp ( "+" , Call ( Name ( "_water_in" ) , Subscript ( Name ( "grid" ) , Int ( 0 ) ) , .ExprList ) , Name ( "capacity" ) ) , Int ( 1 ) ) , Name ( "capacity" ) ) , Call ( Name ( "_buckets_for" ) , Subscript ( Name ( "grid" ) , Slice ( Int ( 1 ) , NoBound , NoBound ) ) , Name ( "capacity" ) , .ExprList ) ) ) )  .Stmts )
    "_water_in" |-> function ( Params ( "row" , .ParamList ) , Return ( IfExp ( Compare ( Name ( "row" ) , CmpOp ( "==" , ListExpr ( .ExprList ) ) , .CmpOps ) , Int ( 0 ) , BinOp ( "+" , Subscript ( Name ( "row" ) , Int ( 0 ) ) , Call ( Name ( "_water_in" ) , Subscript ( Name ( "row" ) , Slice ( Int ( 1 ) , NoBound , NoBound ) ) , .ExprList ) ) ) )  .Stmts )
    "max_fill" |-> function ( Params ( "grid" , "capacity" , .ParamList ) , Return ( Call ( Name ( "_buckets_for" ) , Name ( "grid" ) , Name ( "capacity" ) , .ExprList ) )  .Stmts )
  </functions>
  <env>
    .Map
  </env>
  <result>
    intVal ( 0 )
  </result>
</max-fill>
K_OUTPUT_END
CASE: ordinary-empty-grid-outside-contract
COMMAND: krun solution.mpy --definition /tmp/audit-work/reconstruction/semantic-clean-kompiled '-cARGS=listVal(),intVal(1)'
EXIT_STATUS: 0
INPUT: grid=[] capacity=1
RESULTS: canonical=0 candidate_python=0 fresh_K=0
K_OUTPUT_BEGIN
<max-fill>
  <k>
    .K
  </k>
  <args>
    listVal ( .Vals ) , intVal ( 1 ) , .Vals
  </args>
  <functions>
    "_buckets_for" |-> function ( Params ( "grid" , "capacity" , .ParamList ) , Return ( IfExp ( Compare ( Name ( "grid" ) , CmpOp ( "==" , ListExpr ( .ExprList ) ) , .CmpOps ) , Int ( 0 ) , BinOp ( "+" , BinOp ( "//" , BinOp ( "-" , BinOp ( "+" , Call ( Name ( "_water_in" ) , Subscript ( Name ( "grid" ) , Int ( 0 ) ) , .ExprList ) , Name ( "capacity" ) ) , Int ( 1 ) ) , Name ( "capacity" ) ) , Call ( Name ( "_buckets_for" ) , Subscript ( Name ( "grid" ) , Slice ( Int ( 1 ) , NoBound , NoBound ) ) , Name ( "capacity" ) , .ExprList ) ) ) )  .Stmts )
    "_water_in" |-> function ( Params ( "row" , .ParamList ) , Return ( IfExp ( Compare ( Name ( "row" ) , CmpOp ( "==" , ListExpr ( .ExprList ) ) , .CmpOps ) , Int ( 0 ) , BinOp ( "+" , Subscript ( Name ( "row" ) , Int ( 0 ) ) , Call ( Name ( "_water_in" ) , Subscript ( Name ( "row" ) , Slice ( Int ( 1 ) , NoBound , NoBound ) ) , .ExprList ) ) ) )  .Stmts )
    "max_fill" |-> function ( Params ( "grid" , "capacity" , .ParamList ) , Return ( Call ( Name ( "_buckets_for" ) , Name ( "grid" ) , Name ( "capacity" ) , .ExprList ) )  .Stmts )
  </functions>
  <env>
    .Map
  </env>
  <result>
    intVal ( 0 )
  </result>
</max-fill>
K_OUTPUT_END
CASE: typed-empty-row-outside-contract
COMMAND: krun solution.mpy --definition /tmp/audit-work/reconstruction/semantic-clean-kompiled '-cARGS=gridVal(rowVal()),intVal(1)'
EXIT_STATUS: 0
INPUT: grid=[[]] capacity=1
RESULTS: canonical=0 candidate_python=0 fresh_K=0
K_OUTPUT_BEGIN
<max-fill>
  <k>
    .K
  </k>
  <args>
    gridVal ( rowVal ( .Ints ) , .Rows ) , intVal ( 1 ) , .Vals
  </args>
  <functions>
    "_buckets_for" |-> function ( Params ( "grid" , "capacity" , .ParamList ) , Return ( IfExp ( Compare ( Name ( "grid" ) , CmpOp ( "==" , ListExpr ( .ExprList ) ) , .CmpOps ) , Int ( 0 ) , BinOp ( "+" , BinOp ( "//" , BinOp ( "-" , BinOp ( "+" , Call ( Name ( "_water_in" ) , Subscript ( Name ( "grid" ) , Int ( 0 ) ) , .ExprList ) , Name ( "capacity" ) ) , Int ( 1 ) ) , Name ( "capacity" ) ) , Call ( Name ( "_buckets_for" ) , Subscript ( Name ( "grid" ) , Slice ( Int ( 1 ) , NoBound , NoBound ) ) , Name ( "capacity" ) , .ExprList ) ) ) )  .Stmts )
    "_water_in" |-> function ( Params ( "row" , .ParamList ) , Return ( IfExp ( Compare ( Name ( "row" ) , CmpOp ( "==" , ListExpr ( .ExprList ) ) , .CmpOps ) , Int ( 0 ) , BinOp ( "+" , Subscript ( Name ( "row" ) , Int ( 0 ) ) , Call ( Name ( "_water_in" ) , Subscript ( Name ( "row" ) , Slice ( Int ( 1 ) , NoBound , NoBound ) ) , .ExprList ) ) ) )  .Stmts )
    "max_fill" |-> function ( Params ( "grid" , "capacity" , .ParamList ) , Return ( Call ( Name ( "_buckets_for" ) , Name ( "grid" ) , Name ( "capacity" ) , .ExprList ) )  .Stmts )
  </functions>
  <env>
    .Map
  </env>
  <result>
    intVal ( 0 )
  </result>
</max-fill>
K_OUTPUT_END
CASE: ordinary-empty-row-outside-contract
COMMAND: krun solution.mpy --definition /tmp/audit-work/reconstruction/semantic-clean-kompiled '-cARGS=listVal(listVal()),intVal(1)'
EXIT_STATUS: 0
INPUT: grid=[[]] capacity=1
RESULTS: canonical=0 candidate_python=0 fresh_K=0
K_OUTPUT_BEGIN
<max-fill>
  <k>
    .K
  </k>
  <args>
    listVal ( listVal ( .Vals ) , .Vals ) , intVal ( 1 ) , .Vals
  </args>
  <functions>
    "_buckets_for" |-> function ( Params ( "grid" , "capacity" , .ParamList ) , Return ( IfExp ( Compare ( Name ( "grid" ) , CmpOp ( "==" , ListExpr ( .ExprList ) ) , .CmpOps ) , Int ( 0 ) , BinOp ( "+" , BinOp ( "//" , BinOp ( "-" , BinOp ( "+" , Call ( Name ( "_water_in" ) , Subscript ( Name ( "grid" ) , Int ( 0 ) ) , .ExprList ) , Name ( "capacity" ) ) , Int ( 1 ) ) , Name ( "capacity" ) ) , Call ( Name ( "_buckets_for" ) , Subscript ( Name ( "grid" ) , Slice ( Int ( 1 ) , NoBound , NoBound ) ) , Name ( "capacity" ) , .ExprList ) ) ) )  .Stmts )
    "_water_in" |-> function ( Params ( "row" , .ParamList ) , Return ( IfExp ( Compare ( Name ( "row" ) , CmpOp ( "==" , ListExpr ( .ExprList ) ) , .CmpOps ) , Int ( 0 ) , BinOp ( "+" , Subscript ( Name ( "row" ) , Int ( 0 ) ) , Call ( Name ( "_water_in" ) , Subscript ( Name ( "row" ) , Slice ( Int ( 1 ) , NoBound , NoBound ) ) , .ExprList ) ) ) )  .Stmts )
    "max_fill" |-> function ( Params ( "grid" , "capacity" , .ParamList ) , Return ( Call ( Name ( "_buckets_for" ) , Name ( "grid" ) , Name ( "capacity" ) , .ExprList ) )  .Stmts )
  </functions>
  <env>
    .Map
  </env>
  <result>
    intVal ( 0 )
  </result>
</max-fill>
K_OUTPUT_END
CASE: typed-minimum-zero
COMMAND: krun solution.mpy --definition /tmp/audit-work/reconstruction/semantic-clean-kompiled '-cARGS=gridVal(rowVal(0)),intVal(1)'
EXIT_STATUS: 0
INPUT: grid=[[0]] capacity=1
RESULTS: canonical=0 candidate_python=0 fresh_K=0
K_OUTPUT_BEGIN
<max-fill>
  <k>
    .K
  </k>
  <args>
    gridVal ( rowVal ( 0 , .Ints ) , .Rows ) , intVal ( 1 ) , .Vals
  </args>
  <functions>
    "_buckets_for" |-> function ( Params ( "grid" , "capacity" , .ParamList ) , Return ( IfExp ( Compare ( Name ( "grid" ) , CmpOp ( "==" , ListExpr ( .ExprList ) ) , .CmpOps ) , Int ( 0 ) , BinOp ( "+" , BinOp ( "//" , BinOp ( "-" , BinOp ( "+" , Call ( Name ( "_water_in" ) , Subscript ( Name ( "grid" ) , Int ( 0 ) ) , .ExprList ) , Name ( "capacity" ) ) , Int ( 1 ) ) , Name ( "capacity" ) ) , Call ( Name ( "_buckets_for" ) , Subscript ( Name ( "grid" ) , Slice ( Int ( 1 ) , NoBound , NoBound ) ) , Name ( "capacity" ) , .ExprList ) ) ) )  .Stmts )
    "_water_in" |-> function ( Params ( "row" , .ParamList ) , Return ( IfExp ( Compare ( Name ( "row" ) , CmpOp ( "==" , ListExpr ( .ExprList ) ) , .CmpOps ) , Int ( 0 ) , BinOp ( "+" , Subscript ( Name ( "row" ) , Int ( 0 ) ) , Call ( Name ( "_water_in" ) , Subscript ( Name ( "row" ) , Slice ( Int ( 1 ) , NoBound , NoBound ) ) , .ExprList ) ) ) )  .Stmts )
    "max_fill" |-> function ( Params ( "grid" , "capacity" , .ParamList ) , Return ( Call ( Name ( "_buckets_for" ) , Name ( "grid" ) , Name ( "capacity" ) , .ExprList ) )  .Stmts )
  </functions>
  <env>
    .Map
  </env>
  <result>
    intVal ( 0 )
  </result>
</max-fill>
K_OUTPUT_END
CASE: typed-minimum-one
COMMAND: krun solution.mpy --definition /tmp/audit-work/reconstruction/semantic-clean-kompiled '-cARGS=gridVal(rowVal(1)),intVal(1)'
EXIT_STATUS: 0
INPUT: grid=[[1]] capacity=1
RESULTS: canonical=1 candidate_python=1 fresh_K=1
K_OUTPUT_BEGIN
<max-fill>
  <k>
    .K
  </k>
  <args>
    gridVal ( rowVal ( 1 , .Ints ) , .Rows ) , intVal ( 1 ) , .Vals
  </args>
  <functions>
    "_buckets_for" |-> function ( Params ( "grid" , "capacity" , .ParamList ) , Return ( IfExp ( Compare ( Name ( "grid" ) , CmpOp ( "==" , ListExpr ( .ExprList ) ) , .CmpOps ) , Int ( 0 ) , BinOp ( "+" , BinOp ( "//" , BinOp ( "-" , BinOp ( "+" , Call ( Name ( "_water_in" ) , Subscript ( Name ( "grid" ) , Int ( 0 ) ) , .ExprList ) , Name ( "capacity" ) ) , Int ( 1 ) ) , Name ( "capacity" ) ) , Call ( Name ( "_buckets_for" ) , Subscript ( Name ( "grid" ) , Slice ( Int ( 1 ) , NoBound , NoBound ) ) , Name ( "capacity" ) , .ExprList ) ) ) )  .Stmts )
    "_water_in" |-> function ( Params ( "row" , .ParamList ) , Return ( IfExp ( Compare ( Name ( "row" ) , CmpOp ( "==" , ListExpr ( .ExprList ) ) , .CmpOps ) , Int ( 0 ) , BinOp ( "+" , Subscript ( Name ( "row" ) , Int ( 0 ) ) , Call ( Name ( "_water_in" ) , Subscript ( Name ( "row" ) , Slice ( Int ( 1 ) , NoBound , NoBound ) ) , .ExprList ) ) ) )  .Stmts )
    "max_fill" |-> function ( Params ( "grid" , "capacity" , .ParamList ) , Return ( Call ( Name ( "_buckets_for" ) , Name ( "grid" ) , Name ( "capacity" ) , .ExprList ) )  .Stmts )
  </functions>
  <env>
    .Map
  </env>
  <result>
    intVal ( 1 )
  </result>
</max-fill>
K_OUTPUT_END
CASE: typed-capacity-maximum
COMMAND: krun solution.mpy --definition /tmp/audit-work/reconstruction/semantic-clean-kompiled '-cARGS=gridVal(rowVal(1)),intVal(10)'
EXIT_STATUS: 0
INPUT: grid=[[1]] capacity=10
RESULTS: canonical=1 candidate_python=1 fresh_K=1
K_OUTPUT_BEGIN
<max-fill>
  <k>
    .K
  </k>
  <args>
    gridVal ( rowVal ( 1 , .Ints ) , .Rows ) , intVal ( 10 ) , .Vals
  </args>
  <functions>
    "_buckets_for" |-> function ( Params ( "grid" , "capacity" , .ParamList ) , Return ( IfExp ( Compare ( Name ( "grid" ) , CmpOp ( "==" , ListExpr ( .ExprList ) ) , .CmpOps ) , Int ( 0 ) , BinOp ( "+" , BinOp ( "//" , BinOp ( "-" , BinOp ( "+" , Call ( Name ( "_water_in" ) , Subscript ( Name ( "grid" ) , Int ( 0 ) ) , .ExprList ) , Name ( "capacity" ) ) , Int ( 1 ) ) , Name ( "capacity" ) ) , Call ( Name ( "_buckets_for" ) , Subscript ( Name ( "grid" ) , Slice ( Int ( 1 ) , NoBound , NoBound ) ) , Name ( "capacity" ) , .ExprList ) ) ) )  .Stmts )
    "_water_in" |-> function ( Params ( "row" , .ParamList ) , Return ( IfExp ( Compare ( Name ( "row" ) , CmpOp ( "==" , ListExpr ( .ExprList ) ) , .CmpOps ) , Int ( 0 ) , BinOp ( "+" , Subscript ( Name ( "row" ) , Int ( 0 ) ) , Call ( Name ( "_water_in" ) , Subscript ( Name ( "row" ) , Slice ( Int ( 1 ) , NoBound , NoBound ) ) , .ExprList ) ) ) )  .Stmts )
    "max_fill" |-> function ( Params ( "grid" , "capacity" , .ParamList ) , Return ( Call ( Name ( "_buckets_for" ) , Name ( "grid" ) , Name ( "capacity" ) , .ExprList ) )  .Stmts )
  </functions>
  <env>
    .Map
  </env>
  <result>
    intVal ( 1 )
  </result>
</max-fill>
K_OUTPUT_END
CASE: typed-ceil-at-boundary
COMMAND: krun solution.mpy --definition /tmp/audit-work/reconstruction/semantic-clean-kompiled '-cARGS=gridVal(rowVal(1,1,1)),intVal(3)'
EXIT_STATUS: 0
INPUT: grid=[[1, 1, 1]] capacity=3
RESULTS: canonical=1 candidate_python=1 fresh_K=1
K_OUTPUT_BEGIN
<max-fill>
  <k>
    .K
  </k>
  <args>
    gridVal ( rowVal ( 1 , 1 , 1 , .Ints ) , .Rows ) , intVal ( 3 ) , .Vals
  </args>
  <functions>
    "_buckets_for" |-> function ( Params ( "grid" , "capacity" , .ParamList ) , Return ( IfExp ( Compare ( Name ( "grid" ) , CmpOp ( "==" , ListExpr ( .ExprList ) ) , .CmpOps ) , Int ( 0 ) , BinOp ( "+" , BinOp ( "//" , BinOp ( "-" , BinOp ( "+" , Call ( Name ( "_water_in" ) , Subscript ( Name ( "grid" ) , Int ( 0 ) ) , .ExprList ) , Name ( "capacity" ) ) , Int ( 1 ) ) , Name ( "capacity" ) ) , Call ( Name ( "_buckets_for" ) , Subscript ( Name ( "grid" ) , Slice ( Int ( 1 ) , NoBound , NoBound ) ) , Name ( "capacity" ) , .ExprList ) ) ) )  .Stmts )
    "_water_in" |-> function ( Params ( "row" , .ParamList ) , Return ( IfExp ( Compare ( Name ( "row" ) , CmpOp ( "==" , ListExpr ( .ExprList ) ) , .CmpOps ) , Int ( 0 ) , BinOp ( "+" , Subscript ( Name ( "row" ) , Int ( 0 ) ) , Call ( Name ( "_water_in" ) , Subscript ( Name ( "row" ) , Slice ( Int ( 1 ) , NoBound , NoBound ) ) , .ExprList ) ) ) )  .Stmts )
    "max_fill" |-> function ( Params ( "grid" , "capacity" , .ParamList ) , Return ( Call ( Name ( "_buckets_for" ) , Name ( "grid" ) , Name ( "capacity" ) , .ExprList ) )  .Stmts )
  </functions>
  <env>
    .Map
  </env>
  <result>
    intVal ( 1 )
  </result>
</max-fill>
K_OUTPUT_END
CASE: typed-ceil-above-boundary
COMMAND: krun solution.mpy --definition /tmp/audit-work/reconstruction/semantic-clean-kompiled '-cARGS=gridVal(rowVal(1,1,1,1)),intVal(3)'
EXIT_STATUS: 0
INPUT: grid=[[1, 1, 1, 1]] capacity=3
RESULTS: canonical=2 candidate_python=2 fresh_K=2
K_OUTPUT_BEGIN
<max-fill>
  <k>
    .K
  </k>
  <args>
    gridVal ( rowVal ( 1 , 1 , 1 , 1 , .Ints ) , .Rows ) , intVal ( 3 ) , .Vals
  </args>
  <functions>
    "_buckets_for" |-> function ( Params ( "grid" , "capacity" , .ParamList ) , Return ( IfExp ( Compare ( Name ( "grid" ) , CmpOp ( "==" , ListExpr ( .ExprList ) ) , .CmpOps ) , Int ( 0 ) , BinOp ( "+" , BinOp ( "//" , BinOp ( "-" , BinOp ( "+" , Call ( Name ( "_water_in" ) , Subscript ( Name ( "grid" ) , Int ( 0 ) ) , .ExprList ) , Name ( "capacity" ) ) , Int ( 1 ) ) , Name ( "capacity" ) ) , Call ( Name ( "_buckets_for" ) , Subscript ( Name ( "grid" ) , Slice ( Int ( 1 ) , NoBound , NoBound ) ) , Name ( "capacity" ) , .ExprList ) ) ) )  .Stmts )
    "_water_in" |-> function ( Params ( "row" , .ParamList ) , Return ( IfExp ( Compare ( Name ( "row" ) , CmpOp ( "==" , ListExpr ( .ExprList ) ) , .CmpOps ) , Int ( 0 ) , BinOp ( "+" , Subscript ( Name ( "row" ) , Int ( 0 ) ) , Call ( Name ( "_water_in" ) , Subscript ( Name ( "row" ) , Slice ( Int ( 1 ) , NoBound , NoBound ) ) , .ExprList ) ) ) )  .Stmts )
    "max_fill" |-> function ( Params ( "grid" , "capacity" , .ParamList ) , Return ( Call ( Name ( "_buckets_for" ) , Name ( "grid" ) , Name ( "capacity" ) , .ExprList ) )  .Stmts )
  </functions>
  <env>
    .Map
  </env>
  <result>
    intVal ( 2 )
  </result>
</max-fill>
K_OUTPUT_END
CASE: typed-per-row-separation
COMMAND: krun solution.mpy --definition /tmp/audit-work/reconstruction/semantic-clean-kompiled '-cARGS=gridVal(rowVal(1),rowVal(1)),intVal(2)'
EXIT_STATUS: 0
INPUT: grid=[[1], [1]] capacity=2
RESULTS: canonical=2 candidate_python=2 fresh_K=2
K_OUTPUT_BEGIN
<max-fill>
  <k>
    .K
  </k>
  <args>
    gridVal ( rowVal ( 1 , .Ints ) , rowVal ( 1 , .Ints ) , .Rows ) , intVal ( 2 ) , .Vals
  </args>
  <functions>
    "_buckets_for" |-> function ( Params ( "grid" , "capacity" , .ParamList ) , Return ( IfExp ( Compare ( Name ( "grid" ) , CmpOp ( "==" , ListExpr ( .ExprList ) ) , .CmpOps ) , Int ( 0 ) , BinOp ( "+" , BinOp ( "//" , BinOp ( "-" , BinOp ( "+" , Call ( Name ( "_water_in" ) , Subscript ( Name ( "grid" ) , Int ( 0 ) ) , .ExprList ) , Name ( "capacity" ) ) , Int ( 1 ) ) , Name ( "capacity" ) ) , Call ( Name ( "_buckets_for" ) , Subscript ( Name ( "grid" ) , Slice ( Int ( 1 ) , NoBound , NoBound ) ) , Name ( "capacity" ) , .ExprList ) ) ) )  .Stmts )
    "_water_in" |-> function ( Params ( "row" , .ParamList ) , Return ( IfExp ( Compare ( Name ( "row" ) , CmpOp ( "==" , ListExpr ( .ExprList ) ) , .CmpOps ) , Int ( 0 ) , BinOp ( "+" , Subscript ( Name ( "row" ) , Int ( 0 ) ) , Call ( Name ( "_water_in" ) , Subscript ( Name ( "row" ) , Slice ( Int ( 1 ) , NoBound , NoBound ) ) , .ExprList ) ) ) )  .Stmts )
    "max_fill" |-> function ( Params ( "grid" , "capacity" , .ParamList ) , Return ( Call ( Name ( "_buckets_for" ) , Name ( "grid" ) , Name ( "capacity" ) , .ExprList ) )  .Stmts )
  </functions>
  <env>
    .Map
  </env>
  <result>
    intVal ( 2 )
  </result>
</max-fill>
K_OUTPUT_END
CASE: ordinary-per-row-separation
COMMAND: krun solution.mpy --definition /tmp/audit-work/reconstruction/semantic-clean-kompiled '-cARGS=listVal(listVal(intVal(1)),listVal(intVal(1))),intVal(2)'
EXIT_STATUS: 0
INPUT: grid=[[1], [1]] capacity=2
RESULTS: canonical=2 candidate_python=2 fresh_K=2
K_OUTPUT_BEGIN
<max-fill>
  <k>
    .K
  </k>
  <args>
    listVal ( listVal ( intVal ( 1 ) , .Vals ) , listVal ( intVal ( 1 ) , .Vals ) , .Vals ) , intVal ( 2 ) , .Vals
  </args>
  <functions>
    "_buckets_for" |-> function ( Params ( "grid" , "capacity" , .ParamList ) , Return ( IfExp ( Compare ( Name ( "grid" ) , CmpOp ( "==" , ListExpr ( .ExprList ) ) , .CmpOps ) , Int ( 0 ) , BinOp ( "+" , BinOp ( "//" , BinOp ( "-" , BinOp ( "+" , Call ( Name ( "_water_in" ) , Subscript ( Name ( "grid" ) , Int ( 0 ) ) , .ExprList ) , Name ( "capacity" ) ) , Int ( 1 ) ) , Name ( "capacity" ) ) , Call ( Name ( "_buckets_for" ) , Subscript ( Name ( "grid" ) , Slice ( Int ( 1 ) , NoBound , NoBound ) ) , Name ( "capacity" ) , .ExprList ) ) ) )  .Stmts )
    "_water_in" |-> function ( Params ( "row" , .ParamList ) , Return ( IfExp ( Compare ( Name ( "row" ) , CmpOp ( "==" , ListExpr ( .ExprList ) ) , .CmpOps ) , Int ( 0 ) , BinOp ( "+" , Subscript ( Name ( "row" ) , Int ( 0 ) ) , Call ( Name ( "_water_in" ) , Subscript ( Name ( "row" ) , Slice ( Int ( 1 ) , NoBound , NoBound ) ) , .ExprList ) ) ) )  .Stmts )
    "max_fill" |-> function ( Params ( "grid" , "capacity" , .ParamList ) , Return ( Call ( Name ( "_buckets_for" ) , Name ( "grid" ) , Name ( "capacity" ) , .ExprList ) )  .Stmts )
  </functions>
  <env>
    .Map
  </env>
  <result>
    intVal ( 2 )
  </result>
</max-fill>
K_OUTPUT_END
CASES=15 FAILURES=0
EXIT_STATUS: 0
