{
  "allowlist_count": 47,
  "allowlist_names": [
    "ListHookDef.concatAx",
    "ListHookDef.elementAx",
    "ListHookDef.fillAx",
    "ListHookDef.getAx",
    "ListHookDef.inListAx",
    "ListHookDef.makeAx",
    "ListHookDef.pushAx",
    "ListHookDef.rangeAx",
    "ListHookDef.sizeAx",
    "ListHookDef.splitAx",
    "ListHookDef.unitAx",
    "ListHookDef.updateAllAx",
    "ListHookDef.updteAx",
    "ListItem",
    "MapHookDef.choiceAx",
    "MapHookDef.concatAx",
    "MapHookDef.consAx",
    "MapHookDef.deleteAx",
    "MapHookDef.differenceAx",
    "MapHookDef.in_keysAx",
    "MapHookDef.includesAx",
    "MapHookDef.keysAx",
    "MapHookDef.lookupAx",
    "MapHookDef.lookupAx?",
    "MapHookDef.removeAllAx",
    "MapHookDef.sizeAx",
    "MapHookDef.splitAx",
    "MapHookDef.unitAx",
    "MapHookDef.updateAx",
    "MapHookDef.updateMapAx",
    "MapHookDef.valuesAx",
    "SetHookDef.choiceAx",
    "SetHookDef.concatAx",
    "SetHookDef.differenceAx",
    "SetHookDef.elementAx",
    "SetHookDef.inSetAx",
    "SetHookDef.inclusionAx",
    "SetHookDef.intersectionAx",
    "SetHookDef.sizeAx",
    "SetHookDef.splitAx",
    "SetHookDef.unionAx",
    "SetHookDef.unitAx",
    "_List_",
    "_Map_",
    "\u00ab.List\u00bb",
    "\u00ab.Map\u00bb",
    "\u00ab_|->_\u00bb"
  ],
  "automatic_axiomatization": [],
  "contains_propext": false,
  "contains_sorryAx": false,
  "designated_sorries": 0,
  "noncomputable_definitions": [
    "ListHook",
    "MapHook",
    "SetHook"
  ],
  "other_sorries": 0
}
