Script started on 2026-07-26 22:41:54-05:00 [<not executed on terminal>]
+ cd /tmp/audit-work/case
+ python3 trusted-py2mpy.py solution.py
+ cmp solution.regenerated.mpy solution.mpy
+ sha256sum solution.regenerated.mpy solution.mpy
31cb7e21f905df1583a395328f21ae7897b025872a95b95d4b016f75f73b3628  solution.regenerated.mpy
31cb7e21f905df1583a395328f21ae7897b025872a95b95d4b016f75f73b3628  solution.mpy
+ python3 /audit-output/evidence/differential_test.py
case=000 n=-3 category=out-of-contract canonical=1 generated=1 oracle=1
case=001 n=-1 category=out-of-contract canonical=1 generated=1 oracle=1
case=002 n=0 category=out-of-contract canonical=1 generated=1 oracle=1
case=003 n=1 category=intended canonical=1 generated=1 oracle=1
case=004 n=2 category=intended canonical=2 generated=2 oracle=2
case=005 n=3 category=intended canonical=12 generated=12 oracle=12
case=006 n=4 category=intended canonical=288 generated=288 oracle=288
case=007 n=5 category=intended canonical=34560 generated=34560 oracle=34560
case=008 n=6 category=intended canonical=24883200 generated=24883200 oracle=24883200
case=009 n=10 category=intended canonical=6658606584104736522240000000 generated=6658606584104736522240000000 oracle=6658606584104736522240000000
case=010 n=20 category=intended canonical=<digits=157 sha256=cf73b2394bdabfbf58915d54a4a4b90ff9ead96fa272c9a2db0ebcd0eb3d1572> generated=<digits=157 sha256=cf73b2394bdabfbf58915d54a4a4b90ff9ead96fa272c9a2db0ebcd0eb3d1572> oracle=<digits=157 sha256=cf73b2394bdabfbf58915d54a4a4b90ff9ead96fa272c9a2db0ebcd0eb3d1572>
case=011 n=30 category=intended canonical=<digits=416 sha256=9aa5f2ec831a222ce7cb4f4e82ac492d247e867bb7619e4130ac2f7aa66ed3ee> generated=<digits=416 sha256=9aa5f2ec831a222ce7cb4f4e82ac492d247e867bb7619e4130ac2f7aa66ed3ee> oracle=<digits=416 sha256=9aa5f2ec831a222ce7cb4f4e82ac492d247e867bb7619e4130ac2f7aa66ed3ee>
case=012 n=1 category=intended canonical=1 generated=1 oracle=1
case=013 n=45 category=intended canonical=<digits=1089 sha256=45d2aa94272a9313b840e0af639c5b782f96bca961098b2bf59bc608ee84b2b4> generated=<digits=1089 sha256=45d2aa94272a9313b840e0af639c5b782f96bca961098b2bf59bc608ee84b2b4> oracle=<digits=1089 sha256=45d2aa94272a9313b840e0af639c5b782f96bca961098b2bf59bc608ee84b2b4>
case=014 n=40 category=intended canonical=<digits=825 sha256=718344c11d78faa418cc656ba3d4a305350201db068e9e0915e1efaea60ff938> generated=<digits=825 sha256=718344c11d78faa418cc656ba3d4a305350201db068e9e0915e1efaea60ff938> oracle=<digits=825 sha256=718344c11d78faa418cc656ba3d4a305350201db068e9e0915e1efaea60ff938>
case=015 n=35 category=intended canonical=<digits=601 sha256=2b6165f92b77f66e3e2853c43b63f8e0c851596dc56da700f927401a3b2aa263> generated=<digits=601 sha256=2b6165f92b77f66e3e2853c43b63f8e0c851596dc56da700f927401a3b2aa263> oracle=<digits=601 sha256=2b6165f92b77f66e3e2853c43b63f8e0c851596dc56da700f927401a3b2aa263>
case=016 n=39 category=intended canonical=<digits=777 sha256=e7de67557960152f44c500b87de2c4689730d58c9e94b826751b47d63b216922> generated=<digits=777 sha256=e7de67557960152f44c500b87de2c4689730d58c9e94b826751b47d63b216922> oracle=<digits=777 sha256=e7de67557960152f44c500b87de2c4689730d58c9e94b826751b47d63b216922>
case=017 n=58 category=intended canonical=<digits=1972 sha256=8457ffb64ed33aa141f1bdb55f7ee4f4f235288b21a14b10243038aded3ccc7b> generated=<digits=1972 sha256=8457ffb64ed33aa141f1bdb55f7ee4f4f235288b21a14b10243038aded3ccc7b> oracle=<digits=1972 sha256=8457ffb64ed33aa141f1bdb55f7ee4f4f235288b21a14b10243038aded3ccc7b>
case=018 n=57 category=intended canonical=<digits=1894 sha256=477adcd44bdd2a5d18a64b5b69aefae35a8d32a32fda04bea86110f4d4b66301> generated=<digits=1894 sha256=477adcd44bdd2a5d18a64b5b69aefae35a8d32a32fda04bea86110f4d4b66301> oracle=<digits=1894 sha256=477adcd44bdd2a5d18a64b5b69aefae35a8d32a32fda04bea86110f4d4b66301>
case=019 n=56 category=intended canonical=<digits=1817 sha256=b38c7b41058b93431a2a7e4cea47fc078376f7227d77a150bdd43ba851f1e7b7> generated=<digits=1817 sha256=b38c7b41058b93431a2a7e4cea47fc078376f7227d77a150bdd43ba851f1e7b7> oracle=<digits=1817 sha256=b38c7b41058b93431a2a7e4cea47fc078376f7227d77a150bdd43ba851f1e7b7>
case=020 n=43 category=intended canonical=<digits=978 sha256=b436fa0189df69b09450aa1445723dbe99b49bedb51348c6d0bf6ee2f99bd6bf> generated=<digits=978 sha256=b436fa0189df69b09450aa1445723dbe99b49bedb51348c6d0bf6ee2f99bd6bf> oracle=<digits=978 sha256=b436fa0189df69b09450aa1445723dbe99b49bedb51348c6d0bf6ee2f99bd6bf>
case=021 n=20 category=intended canonical=<digits=157 sha256=cf73b2394bdabfbf58915d54a4a4b90ff9ead96fa272c9a2db0ebcd0eb3d1572> generated=<digits=157 sha256=cf73b2394bdabfbf58915d54a4a4b90ff9ead96fa272c9a2db0ebcd0eb3d1572> oracle=<digits=157 sha256=cf73b2394bdabfbf58915d54a4a4b90ff9ead96fa272c9a2db0ebcd0eb3d1572>
case=022 n=48 category=intended canonical=<digits=1267 sha256=2912ecba3ed71e1387205d3a0b057d66328c0cc182fb2d726b1d7c3f698947cc> generated=<digits=1267 sha256=2912ecba3ed71e1387205d3a0b057d66328c0cc182fb2d726b1d7c3f698947cc> oracle=<digits=1267 sha256=2912ecba3ed71e1387205d3a0b057d66328c0cc182fb2d726b1d7c3f698947cc>
case=023 n=58 category=intended canonical=<digits=1972 sha256=8457ffb64ed33aa141f1bdb55f7ee4f4f235288b21a14b10243038aded3ccc7b> generated=<digits=1972 sha256=8457ffb64ed33aa141f1bdb55f7ee4f4f235288b21a14b10243038aded3ccc7b> oracle=<digits=1972 sha256=8457ffb64ed33aa141f1bdb55f7ee4f4f235288b21a14b10243038aded3ccc7b>
case=024 n=36 category=intended canonical=<digits=643 sha256=304a30b19f91f29bcac7d0c36069627a0adea1456862cf761b355cc8df6aad04> generated=<digits=643 sha256=304a30b19f91f29bcac7d0c36069627a0adea1456862cf761b355cc8df6aad04> oracle=<digits=643 sha256=304a30b19f91f29bcac7d0c36069627a0adea1456862cf761b355cc8df6aad04>
case=025 n=1 category=intended canonical=1 generated=1 oracle=1
case=026 n=34 category=intended canonical=<digits=561 sha256=ce1723a46c215d1216c683d99bdcba139a2d666e58f7c00c91d7571a61edfd70> generated=<digits=561 sha256=ce1723a46c215d1216c683d99bdcba139a2d666e58f7c00c91d7571a61edfd70> oracle=<digits=561 sha256=ce1723a46c215d1216c683d99bdcba139a2d666e58f7c00c91d7571a61edfd70>
case=027 n=57 category=intended canonical=<digits=1894 sha256=477adcd44bdd2a5d18a64b5b69aefae35a8d32a32fda04bea86110f4d4b66301> generated=<digits=1894 sha256=477adcd44bdd2a5d18a64b5b69aefae35a8d32a32fda04bea86110f4d4b66301> oracle=<digits=1894 sha256=477adcd44bdd2a5d18a64b5b69aefae35a8d32a32fda04bea86110f4d4b66301>
case=028 n=57 category=intended canonical=<digits=1894 sha256=477adcd44bdd2a5d18a64b5b69aefae35a8d32a32fda04bea86110f4d4b66301> generated=<digits=1894 sha256=477adcd44bdd2a5d18a64b5b69aefae35a8d32a32fda04bea86110f4d4b66301> oracle=<digits=1894 sha256=477adcd44bdd2a5d18a64b5b69aefae35a8d32a32fda04bea86110f4d4b66301>
case=029 n=22 category=intended canonical=<digits=197 sha256=08baaab87ec48ac4b390081cb88aa5a00b4c2df7ca70a3f29841f5bd83ad541f> generated=<digits=197 sha256=08baaab87ec48ac4b390081cb88aa5a00b4c2df7ca70a3f29841f5bd83ad541f> oracle=<digits=197 sha256=08baaab87ec48ac4b390081cb88aa5a00b4c2df7ca70a3f29841f5bd83ad541f>
case=030 n=49 category=intended canonical=<digits=1330 sha256=a366685d3650f9fe2494f64e6e495063f3cfc1e4b0b7b928127b181ce19a6307> generated=<digits=1330 sha256=a366685d3650f9fe2494f64e6e495063f3cfc1e4b0b7b928127b181ce19a6307> oracle=<digits=1330 sha256=a366685d3650f9fe2494f64e6e495063f3cfc1e4b0b7b928127b181ce19a6307>
case=031 n=18 category=intended canonical=<digits=121 sha256=186507f2004d0c48a1f3e0b22ebfc806392b31aa49b99ab2ce7569bf9ec1a971> generated=<digits=121 sha256=186507f2004d0c48a1f3e0b22ebfc806392b31aa49b99ab2ce7569bf9ec1a971> oracle=<digits=121 sha256=186507f2004d0c48a1f3e0b22ebfc806392b31aa49b99ab2ce7569bf9ec1a971>
case=032 n=23 category=intended canonical=<digits=220 sha256=e4afeb745bd40d8e9597263483d4beb399af3893229fc2578ca8821559fa6a6a> generated=<digits=220 sha256=e4afeb745bd40d8e9597263483d4beb399af3893229fc2578ca8821559fa6a6a> oracle=<digits=220 sha256=e4afeb745bd40d8e9597263483d4beb399af3893229fc2578ca8821559fa6a6a>
case=033 n=38 category=intended canonical=<digits=730 sha256=9b5299cd318e8936230d0499d79aa4fa10fcb4a633ef84fa4d86dd65ed9a5750> generated=<digits=730 sha256=9b5299cd318e8936230d0499d79aa4fa10fcb4a633ef84fa4d86dd65ed9a5750> oracle=<digits=730 sha256=9b5299cd318e8936230d0499d79aa4fa10fcb4a633ef84fa4d86dd65ed9a5750>
case=034 n=59 category=intended canonical=<digits=2052 sha256=23e33a1b85d86b83dc62768a240187f404b67f1ac49cadce904e4d53f27fba7f> generated=<digits=2052 sha256=23e33a1b85d86b83dc62768a240187f404b67f1ac49cadce904e4d53f27fba7f> oracle=<digits=2052 sha256=23e33a1b85d86b83dc62768a240187f404b67f1ac49cadce904e4d53f27fba7f>
case=035 n=49 category=intended canonical=<digits=1330 sha256=a366685d3650f9fe2494f64e6e495063f3cfc1e4b0b7b928127b181ce19a6307> generated=<digits=1330 sha256=a366685d3650f9fe2494f64e6e495063f3cfc1e4b0b7b928127b181ce19a6307> oracle=<digits=1330 sha256=a366685d3650f9fe2494f64e6e495063f3cfc1e4b0b7b928127b181ce19a6307>
case=036 n=10 category=intended canonical=6658606584104736522240000000 generated=6658606584104736522240000000 oracle=6658606584104736522240000000
case=037 n=39 category=intended canonical=<digits=777 sha256=e7de67557960152f44c500b87de2c4689730d58c9e94b826751b47d63b216922> generated=<digits=777 sha256=e7de67557960152f44c500b87de2c4689730d58c9e94b826751b47d63b216922> oracle=<digits=777 sha256=e7de67557960152f44c500b87de2c4689730d58c9e94b826751b47d63b216922>
case=038 n=53 category=intended canonical=<digits=1598 sha256=4f91e7a086b13b7423b80883f0ec95d74641b3555f9fd5df2a26c911eeaaaa99> generated=<digits=1598 sha256=4f91e7a086b13b7423b80883f0ec95d74641b3555f9fd5df2a26c911eeaaaa99> oracle=<digits=1598 sha256=4f91e7a086b13b7423b80883f0ec95d74641b3555f9fd5df2a26c911eeaaaa99>
case=039 n=51 category=intended canonical=<digits=1460 sha256=891731a96ffa71dc664119aad399fbd2a7cce6173898c8cc3b783156dd7f6215> generated=<digits=1460 sha256=891731a96ffa71dc664119aad399fbd2a7cce6173898c8cc3b783156dd7f6215> oracle=<digits=1460 sha256=891731a96ffa71dc664119aad399fbd2a7cce6173898c8cc3b783156dd7f6215>
case=040 n=55 category=intended canonical=<digits=1742 sha256=e1e07f194f09f879f675f7a3ad0503c7a754a15a4749603b27e86a13a7ac6f9f> generated=<digits=1742 sha256=e1e07f194f09f879f675f7a3ad0503c7a754a15a4749603b27e86a13a7ac6f9f> oracle=<digits=1742 sha256=e1e07f194f09f879f675f7a3ad0503c7a754a15a4749603b27e86a13a7ac6f9f>
case=041 n=59 category=intended canonical=<digits=2052 sha256=23e33a1b85d86b83dc62768a240187f404b67f1ac49cadce904e4d53f27fba7f> generated=<digits=2052 sha256=23e33a1b85d86b83dc62768a240187f404b67f1ac49cadce904e4d53f27fba7f> oracle=<digits=2052 sha256=23e33a1b85d86b83dc62768a240187f404b67f1ac49cadce904e4d53f27fba7f>
case=042 n=18 category=intended canonical=<digits=121 sha256=186507f2004d0c48a1f3e0b22ebfc806392b31aa49b99ab2ce7569bf9ec1a971> generated=<digits=121 sha256=186507f2004d0c48a1f3e0b22ebfc806392b31aa49b99ab2ce7569bf9ec1a971> oracle=<digits=121 sha256=186507f2004d0c48a1f3e0b22ebfc806392b31aa49b99ab2ce7569bf9ec1a971>
case=043 n=54 category=intended canonical=<digits=1669 sha256=7dcf641ea72b2119a79e6dfa9ddbd4816b26ee533447c7868c400d70a97ca6a0> generated=<digits=1669 sha256=7dcf641ea72b2119a79e6dfa9ddbd4816b26ee533447c7868c400d70a97ca6a0> oracle=<digits=1669 sha256=7dcf641ea72b2119a79e6dfa9ddbd4816b26ee533447c7868c400d70a97ca6a0>
case=044 n=15 category=intended canonical=90378331112371142262979521568630736335023247731599748366336000000000000000000 generated=90378331112371142262979521568630736335023247731599748366336000000000000000000 oracle=90378331112371142262979521568630736335023247731599748366336000000000000000000
case=045 n=37 category=intended canonical=<digits=686 sha256=0a84ce24108a82c588ff4c934dab8b500952a0ea0d0fb61a79a20f7af2d52ef7> generated=<digits=686 sha256=0a84ce24108a82c588ff4c934dab8b500952a0ea0d0fb61a79a20f7af2d52ef7> oracle=<digits=686 sha256=0a84ce24108a82c588ff4c934dab8b500952a0ea0d0fb61a79a20f7af2d52ef7>
case=046 n=20 category=intended canonical=<digits=157 sha256=cf73b2394bdabfbf58915d54a4a4b90ff9ead96fa272c9a2db0ebcd0eb3d1572> generated=<digits=157 sha256=cf73b2394bdabfbf58915d54a4a4b90ff9ead96fa272c9a2db0ebcd0eb3d1572> oracle=<digits=157 sha256=cf73b2394bdabfbf58915d54a4a4b90ff9ead96fa272c9a2db0ebcd0eb3d1572>
case=047 n=43 category=intended canonical=<digits=978 sha256=b436fa0189df69b09450aa1445723dbe99b49bedb51348c6d0bf6ee2f99bd6bf> generated=<digits=978 sha256=b436fa0189df69b09450aa1445723dbe99b49bedb51348c6d0bf6ee2f99bd6bf> oracle=<digits=978 sha256=b436fa0189df69b09450aa1445723dbe99b49bedb51348c6d0bf6ee2f99bd6bf>
case=048 n=32 category=intended canonical=<digits=486 sha256=6e2e010a4534321094fcf3e15ab4b75e06d7c64a2cb1266354f2663bb52d6b5e> generated=<digits=486 sha256=6e2e010a4534321094fcf3e15ab4b75e06d7c64a2cb1266354f2663bb52d6b5e> oracle=<digits=486 sha256=6e2e010a4534321094fcf3e15ab4b75e06d7c64a2cb1266354f2663bb52d6b5e>
case=049 n=9 category=intended canonical=1834933472251084800000 generated=1834933472251084800000 oracle=1834933472251084800000
case=050 n=21 category=intended canonical=<digits=176 sha256=1a6c9403746bc364079087c4617e53112027a2e94d43ec1d72b58acea01f60e4> generated=<digits=176 sha256=1a6c9403746bc364079087c4617e53112027a2e94d43ec1d72b58acea01f60e4> oracle=<digits=176 sha256=1a6c9403746bc364079087c4617e53112027a2e94d43ec1d72b58acea01f60e4>
case=051 n=33 category=intended canonical=<digits=523 sha256=0df943f7001f4d4318a257524755bebaf226e7640e4f9fbca93c6c568af53962> generated=<digits=523 sha256=0df943f7001f4d4318a257524755bebaf226e7640e4f9fbca93c6c568af53962> oracle=<digits=523 sha256=0df943f7001f4d4318a257524755bebaf226e7640e4f9fbca93c6c568af53962>
case=052 n=1 category=intended canonical=1 generated=1 oracle=1
case=053 n=34 category=intended canonical=<digits=561 sha256=ce1723a46c215d1216c683d99bdcba139a2d666e58f7c00c91d7571a61edfd70> generated=<digits=561 sha256=ce1723a46c215d1216c683d99bdcba139a2d666e58f7c00c91d7571a61edfd70> oracle=<digits=561 sha256=ce1723a46c215d1216c683d99bdcba139a2d666e58f7c00c91d7571a61edfd70>
case=054 n=12 category=intended canonical=127313963299399416749559771247411200000000000 generated=127313963299399416749559771247411200000000000 oracle=127313963299399416749559771247411200000000000
case=055 n=56 category=intended canonical=<digits=1817 sha256=b38c7b41058b93431a2a7e4cea47fc078376f7227d77a150bdd43ba851f1e7b7> generated=<digits=1817 sha256=b38c7b41058b93431a2a7e4cea47fc078376f7227d77a150bdd43ba851f1e7b7> oracle=<digits=1817 sha256=b38c7b41058b93431a2a7e4cea47fc078376f7227d77a150bdd43ba851f1e7b7>
case=056 n=21 category=intended canonical=<digits=176 sha256=1a6c9403746bc364079087c4617e53112027a2e94d43ec1d72b58acea01f60e4> generated=<digits=176 sha256=1a6c9403746bc364079087c4617e53112027a2e94d43ec1d72b58acea01f60e4> oracle=<digits=176 sha256=1a6c9403746bc364079087c4617e53112027a2e94d43ec1d72b58acea01f60e4>
case=057 n=35 category=intended canonical=<digits=601 sha256=2b6165f92b77f66e3e2853c43b63f8e0c851596dc56da700f927401a3b2aa263> generated=<digits=601 sha256=2b6165f92b77f66e3e2853c43b63f8e0c851596dc56da700f927401a3b2aa263> oracle=<digits=601 sha256=2b6165f92b77f66e3e2853c43b63f8e0c851596dc56da700f927401a3b2aa263>
case=058 n=24 category=intended canonical=<digits=244 sha256=ad4b6b21842e22eded573984c78c10ab7e6faceb0009836270390e742a95eeca> generated=<digits=244 sha256=ad4b6b21842e22eded573984c78c10ab7e6faceb0009836270390e742a95eeca> oracle=<digits=244 sha256=ad4b6b21842e22eded573984c78c10ab7e6faceb0009836270390e742a95eeca>
case=059 n=5 category=intended canonical=34560 generated=34560 oracle=34560
case=060 n=50 category=intended canonical=<digits=1394 sha256=9acaeef4fe213ee27c75db81d58a48e9ce0ff4809badae2b8139e894a1463d08> generated=<digits=1394 sha256=9acaeef4fe213ee27c75db81d58a48e9ce0ff4809badae2b8139e894a1463d08> oracle=<digits=1394 sha256=9acaeef4fe213ee27c75db81d58a48e9ce0ff4809badae2b8139e894a1463d08>
case=061 n=7 category=intended canonical=125411328000 generated=125411328000 oracle=125411328000
case=062 n=35 category=intended canonical=<digits=601 sha256=2b6165f92b77f66e3e2853c43b63f8e0c851596dc56da700f927401a3b2aa263> generated=<digits=601 sha256=2b6165f92b77f66e3e2853c43b63f8e0c851596dc56da700f927401a3b2aa263> oracle=<digits=601 sha256=2b6165f92b77f66e3e2853c43b63f8e0c851596dc56da700f927401a3b2aa263>
case=063 n=17 category=intended canonical=<digits=105 sha256=60c258392f3afe10b3c0c1c1de402e7a152651f915298e549962cec3aa21ccbb> generated=<digits=105 sha256=60c258392f3afe10b3c0c1c1de402e7a152651f915298e549962cec3aa21ccbb> oracle=<digits=105 sha256=60c258392f3afe10b3c0c1c1de402e7a152651f915298e549962cec3aa21ccbb>
case=064 n=33 category=intended canonical=<digits=523 sha256=0df943f7001f4d4318a257524755bebaf226e7640e4f9fbca93c6c568af53962> generated=<digits=523 sha256=0df943f7001f4d4318a257524755bebaf226e7640e4f9fbca93c6c568af53962> oracle=<digits=523 sha256=0df943f7001f4d4318a257524755bebaf226e7640e4f9fbca93c6c568af53962>
case=065 n=2 category=intended canonical=2 generated=2 oracle=2
case=066 n=1 category=intended canonical=1 generated=1 oracle=1
case=067 n=36 category=intended canonical=<digits=643 sha256=304a30b19f91f29bcac7d0c36069627a0adea1456862cf761b355cc8df6aad04> generated=<digits=643 sha256=304a30b19f91f29bcac7d0c36069627a0adea1456862cf761b355cc8df6aad04> oracle=<digits=643 sha256=304a30b19f91f29bcac7d0c36069627a0adea1456862cf761b355cc8df6aad04>
case=068 n=29 category=intended canonical=<digits=384 sha256=057d8c05ce2c4fb8e059b9d72f97225fd80ce0130ea6421aac339abd11a02c30> generated=<digits=384 sha256=057d8c05ce2c4fb8e059b9d72f97225fd80ce0130ea6421aac339abd11a02c30> oracle=<digits=384 sha256=057d8c05ce2c4fb8e059b9d72f97225fd80ce0130ea6421aac339abd11a02c30>
case=069 n=20 category=intended canonical=<digits=157 sha256=cf73b2394bdabfbf58915d54a4a4b90ff9ead96fa272c9a2db0ebcd0eb3d1572> generated=<digits=157 sha256=cf73b2394bdabfbf58915d54a4a4b90ff9ead96fa272c9a2db0ebcd0eb3d1572> oracle=<digits=157 sha256=cf73b2394bdabfbf58915d54a4a4b90ff9ead96fa272c9a2db0ebcd0eb3d1572>
case=070 n=50 category=intended canonical=<digits=1394 sha256=9acaeef4fe213ee27c75db81d58a48e9ce0ff4809badae2b8139e894a1463d08> generated=<digits=1394 sha256=9acaeef4fe213ee27c75db81d58a48e9ce0ff4809badae2b8139e894a1463d08> oracle=<digits=1394 sha256=9acaeef4fe213ee27c75db81d58a48e9ce0ff4809badae2b8139e894a1463d08>
case=071 n=35 category=intended canonical=<digits=601 sha256=2b6165f92b77f66e3e2853c43b63f8e0c851596dc56da700f927401a3b2aa263> generated=<digits=601 sha256=2b6165f92b77f66e3e2853c43b63f8e0c851596dc56da700f927401a3b2aa263> oracle=<digits=601 sha256=2b6165f92b77f66e3e2853c43b63f8e0c851596dc56da700f927401a3b2aa263>
case=072 n=4 category=intended canonical=288 generated=288 oracle=288
case=073 n=15 category=intended canonical=90378331112371142262979521568630736335023247731599748366336000000000000000000 generated=90378331112371142262979521568630736335023247731599748366336000000000000000000 oracle=90378331112371142262979521568630736335023247731599748366336000000000000000000
case=074 n=38 category=intended canonical=<digits=730 sha256=9b5299cd318e8936230d0499d79aa4fa10fcb4a633ef84fa4d86dd65ed9a5750> generated=<digits=730 sha256=9b5299cd318e8936230d0499d79aa4fa10fcb4a633ef84fa4d86dd65ed9a5750> oracle=<digits=730 sha256=9b5299cd318e8936230d0499d79aa4fa10fcb4a633ef84fa4d86dd65ed9a5750>
case=075 n=33 category=intended canonical=<digits=523 sha256=0df943f7001f4d4318a257524755bebaf226e7640e4f9fbca93c6c568af53962> generated=<digits=523 sha256=0df943f7001f4d4318a257524755bebaf226e7640e4f9fbca93c6c568af53962> oracle=<digits=523 sha256=0df943f7001f4d4318a257524755bebaf226e7640e4f9fbca93c6c568af53962>
case=076 n=5 category=intended canonical=34560 generated=34560 oracle=34560
case=077 n=41 category=intended canonical=<digits=874 sha256=521268145d748bed18ab2d0b9cddd57daf3914e6e3f3f9c7f9569ff989482135> generated=<digits=874 sha256=521268145d748bed18ab2d0b9cddd57daf3914e6e3f3f9c7f9569ff989482135> oracle=<digits=874 sha256=521268145d748bed18ab2d0b9cddd57daf3914e6e3f3f9c7f9569ff989482135>
case=078 n=6 category=intended canonical=24883200 generated=24883200 oracle=24883200
case=079 n=38 category=intended canonical=<digits=730 sha256=9b5299cd318e8936230d0499d79aa4fa10fcb4a633ef84fa4d86dd65ed9a5750> generated=<digits=730 sha256=9b5299cd318e8936230d0499d79aa4fa10fcb4a633ef84fa4d86dd65ed9a5750> oracle=<digits=730 sha256=9b5299cd318e8936230d0499d79aa4fa10fcb4a633ef84fa4d86dd65ed9a5750>
case=080 n=28 category=intended canonical=<digits=353 sha256=f1757d0ecb55f11cdf667cc33d4567d8d55071b1f9c37e9d31902d6fb6038264> generated=<digits=353 sha256=f1757d0ecb55f11cdf667cc33d4567d8d55071b1f9c37e9d31902d6fb6038264> oracle=<digits=353 sha256=f1757d0ecb55f11cdf667cc33d4567d8d55071b1f9c37e9d31902d6fb6038264>
case=081 n=48 category=intended canonical=<digits=1267 sha256=2912ecba3ed71e1387205d3a0b057d66328c0cc182fb2d726b1d7c3f698947cc> generated=<digits=1267 sha256=2912ecba3ed71e1387205d3a0b057d66328c0cc182fb2d726b1d7c3f698947cc> oracle=<digits=1267 sha256=2912ecba3ed71e1387205d3a0b057d66328c0cc182fb2d726b1d7c3f698947cc>
case=082 n=28 category=intended canonical=<digits=353 sha256=f1757d0ecb55f11cdf667cc33d4567d8d55071b1f9c37e9d31902d6fb6038264> generated=<digits=353 sha256=f1757d0ecb55f11cdf667cc33d4567d8d55071b1f9c37e9d31902d6fb6038264> oracle=<digits=353 sha256=f1757d0ecb55f11cdf667cc33d4567d8d55071b1f9c37e9d31902d6fb6038264>
case=083 n=26 category=intended canonical=<digits=295 sha256=18c1f4ee95db3ff2a984bfe25e0f5226180b9ed5eb737c30bf4764bd9b242940> generated=<digits=295 sha256=18c1f4ee95db3ff2a984bfe25e0f5226180b9ed5eb737c30bf4764bd9b242940> oracle=<digits=295 sha256=18c1f4ee95db3ff2a984bfe25e0f5226180b9ed5eb737c30bf4764bd9b242940>
case=084 n=45 category=intended canonical=<digits=1089 sha256=45d2aa94272a9313b840e0af639c5b782f96bca961098b2bf59bc608ee84b2b4> generated=<digits=1089 sha256=45d2aa94272a9313b840e0af639c5b782f96bca961098b2bf59bc608ee84b2b4> oracle=<digits=1089 sha256=45d2aa94272a9313b840e0af639c5b782f96bca961098b2bf59bc608ee84b2b4>
case=085 n=25 category=intended canonical=<digits=269 sha256=002920f24c37a54c5590df53a3c3f7bc7fdaf23578c6072b5de3b918914d2545> generated=<digits=269 sha256=002920f24c37a54c5590df53a3c3f7bc7fdaf23578c6072b5de3b918914d2545> oracle=<digits=269 sha256=002920f24c37a54c5590df53a3c3f7bc7fdaf23578c6072b5de3b918914d2545>
case=086 n=42 category=intended canonical=<digits=925 sha256=f7a9c9cf5699e121465b6f812216747fa955163a9cff7a47ec0c89eda62078fb> generated=<digits=925 sha256=f7a9c9cf5699e121465b6f812216747fa955163a9cff7a47ec0c89eda62078fb> oracle=<digits=925 sha256=f7a9c9cf5699e121465b6f812216747fa955163a9cff7a47ec0c89eda62078fb>
case=087 n=38 category=intended canonical=<digits=730 sha256=9b5299cd318e8936230d0499d79aa4fa10fcb4a633ef84fa4d86dd65ed9a5750> generated=<digits=730 sha256=9b5299cd318e8936230d0499d79aa4fa10fcb4a633ef84fa4d86dd65ed9a5750> oracle=<digits=730 sha256=9b5299cd318e8936230d0499d79aa4fa10fcb4a633ef84fa4d86dd65ed9a5750>
case=088 n=1 category=intended canonical=1 generated=1 oracle=1
case=089 n=19 category=intended canonical=<digits=138 sha256=6cde1b5d4667ee5bfcd3ad9e4e87521e42a8bbbabcb4cab0b1758c1fe95ff626> generated=<digits=138 sha256=6cde1b5d4667ee5bfcd3ad9e4e87521e42a8bbbabcb4cab0b1758c1fe95ff626> oracle=<digits=138 sha256=6cde1b5d4667ee5bfcd3ad9e4e87521e42a8bbbabcb4cab0b1758c1fe95ff626>
case=090 n=23 category=intended canonical=<digits=220 sha256=e4afeb745bd40d8e9597263483d4beb399af3893229fc2578ca8821559fa6a6a> generated=<digits=220 sha256=e4afeb745bd40d8e9597263483d4beb399af3893229fc2578ca8821559fa6a6a> oracle=<digits=220 sha256=e4afeb745bd40d8e9597263483d4beb399af3893229fc2578ca8821559fa6a6a>
case=091 n=34 category=intended canonical=<digits=561 sha256=ce1723a46c215d1216c683d99bdcba139a2d666e58f7c00c91d7571a61edfd70> generated=<digits=561 sha256=ce1723a46c215d1216c683d99bdcba139a2d666e58f7c00c91d7571a61edfd70> oracle=<digits=561 sha256=ce1723a46c215d1216c683d99bdcba139a2d666e58f7c00c91d7571a61edfd70>
case=092 n=45 category=intended canonical=<digits=1089 sha256=45d2aa94272a9313b840e0af639c5b782f96bca961098b2bf59bc608ee84b2b4> generated=<digits=1089 sha256=45d2aa94272a9313b840e0af639c5b782f96bca961098b2bf59bc608ee84b2b4> oracle=<digits=1089 sha256=45d2aa94272a9313b840e0af639c5b782f96bca961098b2bf59bc608ee84b2b4>
case=093 n=43 category=intended canonical=<digits=978 sha256=b436fa0189df69b09450aa1445723dbe99b49bedb51348c6d0bf6ee2f99bd6bf> generated=<digits=978 sha256=b436fa0189df69b09450aa1445723dbe99b49bedb51348c6d0bf6ee2f99bd6bf> oracle=<digits=978 sha256=b436fa0189df69b09450aa1445723dbe99b49bedb51348c6d0bf6ee2f99bd6bf>
case=094 n=33 category=intended canonical=<digits=523 sha256=0df943f7001f4d4318a257524755bebaf226e7640e4f9fbca93c6c568af53962> generated=<digits=523 sha256=0df943f7001f4d4318a257524755bebaf226e7640e4f9fbca93c6c568af53962> oracle=<digits=523 sha256=0df943f7001f4d4318a257524755bebaf226e7640e4f9fbca93c6c568af53962>
case=095 n=17 category=intended canonical=<digits=105 sha256=60c258392f3afe10b3c0c1c1de402e7a152651f915298e549962cec3aa21ccbb> generated=<digits=105 sha256=60c258392f3afe10b3c0c1c1de402e7a152651f915298e549962cec3aa21ccbb> oracle=<digits=105 sha256=60c258392f3afe10b3c0c1c1de402e7a152651f915298e549962cec3aa21ccbb>
case=096 n=48 category=intended canonical=<digits=1267 sha256=2912ecba3ed71e1387205d3a0b057d66328c0cc182fb2d726b1d7c3f698947cc> generated=<digits=1267 sha256=2912ecba3ed71e1387205d3a0b057d66328c0cc182fb2d726b1d7c3f698947cc> oracle=<digits=1267 sha256=2912ecba3ed71e1387205d3a0b057d66328c0cc182fb2d726b1d7c3f698947cc>
case=097 n=16 category=intended canonical=<digits=91 sha256=18610f8b1d8a93dab1fbf9d8f6402e0d128e7e14a734a061e15f897d6793cbf7> generated=<digits=91 sha256=18610f8b1d8a93dab1fbf9d8f6402e0d128e7e14a734a061e15f897d6793cbf7> oracle=<digits=91 sha256=18610f8b1d8a93dab1fbf9d8f6402e0d128e7e14a734a061e15f897d6793cbf7>
case=098 n=58 category=intended canonical=<digits=1972 sha256=8457ffb64ed33aa141f1bdb55f7ee4f4f235288b21a14b10243038aded3ccc7b> generated=<digits=1972 sha256=8457ffb64ed33aa141f1bdb55f7ee4f4f235288b21a14b10243038aded3ccc7b> oracle=<digits=1972 sha256=8457ffb64ed33aa141f1bdb55f7ee4f4f235288b21a14b10243038aded3ccc7b>
case=099 n=6 category=intended canonical=24883200 generated=24883200 oracle=24883200
case=100 n=20 category=intended canonical=<digits=157 sha256=cf73b2394bdabfbf58915d54a4a4b90ff9ead96fa272c9a2db0ebcd0eb3d1572> generated=<digits=157 sha256=cf73b2394bdabfbf58915d54a4a4b90ff9ead96fa272c9a2db0ebcd0eb3d1572> oracle=<digits=157 sha256=cf73b2394bdabfbf58915d54a4a4b90ff9ead96fa272c9a2db0ebcd0eb3d1572>
case=101 n=26 category=intended canonical=<digits=295 sha256=18c1f4ee95db3ff2a984bfe25e0f5226180b9ed5eb737c30bf4764bd9b242940> generated=<digits=295 sha256=18c1f4ee95db3ff2a984bfe25e0f5226180b9ed5eb737c30bf4764bd9b242940> oracle=<digits=295 sha256=18c1f4ee95db3ff2a984bfe25e0f5226180b9ed5eb737c30bf4764bd9b242940>
case=102 n=19 category=intended canonical=<digits=138 sha256=6cde1b5d4667ee5bfcd3ad9e4e87521e42a8bbbabcb4cab0b1758c1fe95ff626> generated=<digits=138 sha256=6cde1b5d4667ee5bfcd3ad9e4e87521e42a8bbbabcb4cab0b1758c1fe95ff626> oracle=<digits=138 sha256=6cde1b5d4667ee5bfcd3ad9e4e87521e42a8bbbabcb4cab0b1758c1fe95ff626>
case=103 n=41 category=intended canonical=<digits=874 sha256=521268145d748bed18ab2d0b9cddd57daf3914e6e3f3f9c7f9569ff989482135> generated=<digits=874 sha256=521268145d748bed18ab2d0b9cddd57daf3914e6e3f3f9c7f9569ff989482135> oracle=<digits=874 sha256=521268145d748bed18ab2d0b9cddd57daf3914e6e3f3f9c7f9569ff989482135>
case=104 n=30 category=intended canonical=<digits=416 sha256=9aa5f2ec831a222ce7cb4f4e82ac492d247e867bb7619e4130ac2f7aa66ed3ee> generated=<digits=416 sha256=9aa5f2ec831a222ce7cb4f4e82ac492d247e867bb7619e4130ac2f7aa66ed3ee> oracle=<digits=416 sha256=9aa5f2ec831a222ce7cb4f4e82ac492d247e867bb7619e4130ac2f7aa66ed3ee>
case=105 n=8 category=intended canonical=5056584744960000 generated=5056584744960000 oracle=5056584744960000
case=106 n=46 category=intended canonical=<digits=1146 sha256=6c70f1d36abc78096d81415a97cc87da63396ab93b2c4495349315f29ccbe602> generated=<digits=1146 sha256=6c70f1d36abc78096d81415a97cc87da63396ab93b2c4495349315f29ccbe602> oracle=<digits=1146 sha256=6c70f1d36abc78096d81415a97cc87da63396ab93b2c4495349315f29ccbe602>
case=107 n=60 category=intended canonical=<digits=2134 sha256=95c2d6c7c2aae3f14815b7285ecd756b3c8b661c32b458069e58a4394eef01a1> generated=<digits=2134 sha256=95c2d6c7c2aae3f14815b7285ecd756b3c8b661c32b458069e58a4394eef01a1> oracle=<digits=2134 sha256=95c2d6c7c2aae3f14815b7285ecd756b3c8b661c32b458069e58a4394eef01a1>
case=108 n=32 category=intended canonical=<digits=486 sha256=6e2e010a4534321094fcf3e15ab4b75e06d7c64a2cb1266354f2663bb52d6b5e> generated=<digits=486 sha256=6e2e010a4534321094fcf3e15ab4b75e06d7c64a2cb1266354f2663bb52d6b5e> oracle=<digits=486 sha256=6e2e010a4534321094fcf3e15ab4b75e06d7c64a2cb1266354f2663bb52d6b5e>
case=109 n=23 category=intended canonical=<digits=220 sha256=e4afeb745bd40d8e9597263483d4beb399af3893229fc2578ca8821559fa6a6a> generated=<digits=220 sha256=e4afeb745bd40d8e9597263483d4beb399af3893229fc2578ca8821559fa6a6a> oracle=<digits=220 sha256=e4afeb745bd40d8e9597263483d4beb399af3893229fc2578ca8821559fa6a6a>
case=110 n=57 category=intended canonical=<digits=1894 sha256=477adcd44bdd2a5d18a64b5b69aefae35a8d32a32fda04bea86110f4d4b66301> generated=<digits=1894 sha256=477adcd44bdd2a5d18a64b5b69aefae35a8d32a32fda04bea86110f4d4b66301> oracle=<digits=1894 sha256=477adcd44bdd2a5d18a64b5b69aefae35a8d32a32fda04bea86110f4d4b66301>
case=111 n=7 category=intended canonical=125411328000 generated=125411328000 oracle=125411328000
fixed_inputs=[-3, -1, 0, 1, 2, 3, 4, 5, 6, 10, 20, 30]
random_seed=139 random_count=100
random_inputs=[1, 45, 40, 35, 39, 58, 57, 56, 43, 20, 48, 58, 36, 1, 34, 57, 57, 22, 49, 18, 23, 38, 59, 49, 10, 39, 53, 51, 55, 59, 18, 54, 15, 37, 20, 43, 32, 9, 21, 33, 1, 34, 12, 56, 21, 35, 24, 5, 50, 7, 35, 17, 33, 2, 1, 36, 29, 20, 50, 35, 4, 15, 38, 33, 5, 41, 6, 38, 28, 48, 28, 26, 45, 25, 42, 38, 1, 19, 23, 34, 45, 43, 33, 17, 48, 16, 58, 6, 20, 26, 19, 41, 30, 8, 46, 60, 32, 23, 57, 7]
intended_domain_cases=109
intended_domain_mismatches=0
out_of_contract_cases=3
out_of_contract_mismatches=0

Script done on 2026-07-26 22:41:54-05:00 [COMMAND_EXIT_CODE="0"]
