WORKDIR: /tmp/audit-work/candidate-src
COMMAND: timeout 120 krun solution.mpy -cN=1 --definition verification-audit-kompiled --depth 0 --output kore
kore-exec: [132312] Warning (WarnDepthLimitExceeded):
    The depth limit 0 was exceeded.
LblinitGeneratedTopCell{}(
    /* InternalMap: */ Lbl'Unds'Map'Unds'{}(
        /* concrete element: */ Lbl'UndsPipe'-'-GT-Unds'{}(
            /* Inj: */ inj{SortKConfigVar{}, SortKItem{}}(
                \dv{SortKConfigVar{}}("$PGM")
            ),
            /* Inj: */ inj{SortPgm{}, SortKItem{}}(
                LblmoduleAst{}(
                    Lbl'UndsUndsUnds'MPY-SYNTAX'Unds'Stmts'Unds'Stmt'Unds'Stmts{}(
                        LblfunctionDefinitionAst{}(
                            \dv{SortString{}}("get_odd_collatz"),
                            Lbl'UndsCommUndsUnds'MPY-SYNTAX'Unds'Ids'Unds'String'Unds'Ids{}(
                                \dv{SortString{}}("n"),
                                Lbl'Stop'List'LBraQuotUndsCommUndsUnds'MPY-SYNTAX'Unds'Ids'Unds'String'Unds'Ids'QuotRBraUnds'Ids{}()
                            ),
                            Lbl'UndsUndsUnds'MPY-SYNTAX'Unds'Stmts'Unds'Stmt'Unds'Stmts{}(
                                LblassignAst{}(
                                    LblnameAst{}(\dv{SortString{}}("odds")),
                                    LbllistAst{}(
                                        Lbl'Stop'List'LBraQuotUndsCommUndsUnds'MPY-SYNTAX'Unds'Exprs'Unds'Expr'Unds'Exprs'QuotRBraUnds'Exprs{}()
                                    )
                                ),
                                Lbl'UndsUndsUnds'MPY-SYNTAX'Unds'Stmts'Unds'Stmt'Unds'Stmts{}(
                                    LblwhileAst{}(
                                        LblcompareAst{}(
                                            LblnameAst{}(
                                                \dv{SortString{}}("n")
                                            ),
                                            Lbl'UndsCommUndsUnds'MPY-SYNTAX'Unds'CmpOps'Unds'CmpOp'Unds'CmpOps{}(
                                                LblcmpOpAst{}(
                                                    \dv{SortString{}}("!="),
                                                    LblintAst{}(
                                                        \dv{SortInt{}}("1")
                                                    )
                                                ),
                                                Lbl'Stop'List'LBraQuotUndsCommUndsUnds'MPY-SYNTAX'Unds'CmpOps'Unds'CmpOp'Unds'CmpOps'QuotRBraUnds'CmpOps{}()
                                            )
                                        ),
                                        Lbl'UndsUndsUnds'MPY-SYNTAX'Unds'Stmts'Unds'Stmt'Unds'Stmts{}(
                                            LblifAst{}(
                                                LblcompareAst{}(
                                                    LblbinOpAst{}(
                                                        \dv{SortString{}}("%"),
                                                        LblnameAst{}(
                                                            \dv{SortString{}}("n")
                                                        ),
                                                        LblintAst{}(
                                                            \dv{SortInt{}}("2")
                                                        )
                                                    ),
                                                    Lbl'UndsCommUndsUnds'MPY-SYNTAX'Unds'CmpOps'Unds'CmpOp'Unds'CmpOps{}(
                                                        LblcmpOpAst{}(
                                                            \dv{SortString{}}("=="),
                                                            LblintAst{}(
                                                                \dv{SortInt{}}("1")
                                                            )
                                                        ),
                                                        Lbl'Stop'List'LBraQuotUndsCommUndsUnds'MPY-SYNTAX'Unds'CmpOps'Unds'CmpOp'Unds'CmpOps'QuotRBraUnds'CmpOps{}()
                                                    )
                                                ),
                                                Lbl'UndsUndsUnds'MPY-SYNTAX'Unds'Stmts'Unds'Stmt'Unds'Stmts{}(
                                                    LblassignAst{}(
                                                        LblnameAst{}(
                                                            \dv{SortString{}}("odds")
                                                        ),
                                                        LblbinOpAst{}(
                                                            \dv{SortString{}}("+"),
                                                            LblnameAst{}(
                                                                \dv{SortString{}}("odds")
                                                            ),
                                                            LbllistAst{}(
                                                                Lbl'UndsCommUndsUnds'MPY-SYNTAX'Unds'Exprs'Unds'Expr'Unds'Exprs{}(
                                                                    LblnameAst{}(
                                                                        \dv{SortString{}}("n")
                                                                    ),
                                                                    Lbl'Stop'List'LBraQuotUndsCommUndsUnds'MPY-SYNTAX'Unds'Exprs'Unds'Expr'Unds'Exprs'QuotRBraUnds'Exprs{}()
                                                                )
                                                            )
                                                        )
                                                    ),
                                                    Lbl'UndsUndsUnds'MPY-SYNTAX'Unds'Stmts'Unds'Stmt'Unds'Stmts{}(
                                                        LblassignAst{}(
                                                            LblnameAst{}(
                                                                \dv{SortString{}}("n")
                                                            ),
                                                            LblbinOpAst{}(
                                                                \dv{SortString{}}("+"),
                                                                LblbinOpAst{}(
                                                                    \dv{SortString{}}("*"),
                                                                    LblintAst{}(
                                                                        \dv{SortInt{}}("3")
                                                                    ),
                                                                    LblnameAst{}(
                                                                        \dv{SortString{}}("n")
                                                                    )
                                                                ),
                                                                LblintAst{}(
                                                                    \dv{SortInt{}}("1")
                                                                )
                                                            )
                                                        ),
                                                        Lbl'Stop'List'LBraQuotUndsUndsUnds'MPY-SYNTAX'Unds'Stmts'Unds'Stmt'Unds'Stmts'QuotRBraUnds'Stmts{}()
                                                    )
                                                ),
                                                Lbl'UndsUndsUnds'MPY-SYNTAX'Unds'Stmts'Unds'Stmt'Unds'Stmts{}(
                                                    LblassignAst{}(
                                                        LblnameAst{}(
                                                            \dv{SortString{}}("n")
                                                        ),
                                                        LblbinOpAst{}(
                                                            \dv{SortString{}}("//"),
                                                            LblnameAst{}(
                                                                \dv{SortString{}}("n")
                                                            ),
                                                            LblintAst{}(
                                                                \dv{SortInt{}}("2")
                                                            )
                                                        )
                                                    ),
                                                    Lbl'Stop'List'LBraQuotUndsUndsUnds'MPY-SYNTAX'Unds'Stmts'Unds'Stmt'Unds'Stmts'QuotRBraUnds'Stmts{}()
                                                )
                                            ),
                                            Lbl'Stop'List'LBraQuotUndsUndsUnds'MPY-SYNTAX'Unds'Stmts'Unds'Stmt'Unds'Stmts'QuotRBraUnds'Stmts{}()
                                        )
                                    ),
                                    Lbl'UndsUndsUnds'MPY-SYNTAX'Unds'Stmts'Unds'Stmt'Unds'Stmts{}(
                                        LblreturnAst{}(
                                            LblcallAst{}(
                                                LblnameAst{}(
                                                    \dv{SortString{}}("sorted")
                                                ),
                                                Lbl'UndsCommUndsUnds'MPY-SYNTAX'Unds'Exprs'Unds'Expr'Unds'Exprs{}(
                                                    LblbinOpAst{}(
                                                        \dv{SortString{}}("+"),
                                                        LblnameAst{}(
                                                            \dv{SortString{}}("odds")
                                                        ),
                                                        LbllistAst{}(
                                                            Lbl'UndsCommUndsUnds'MPY-SYNTAX'Unds'Exprs'Unds'Expr'Unds'Exprs{}(
                                                                LblintAst{}(
                                                                    \dv{SortInt{}}("1")
                                                                ),
                                                                Lbl'Stop'List'LBraQuotUndsCommUndsUnds'MPY-SYNTAX'Unds'Exprs'Unds'Expr'Unds'Exprs'QuotRBraUnds'Exprs{}()
                                                            )
                                                        )
                                                    ),
                                                    Lbl'Stop'List'LBraQuotUndsCommUndsUnds'MPY-SYNTAX'Unds'Exprs'Unds'Expr'Unds'Exprs'QuotRBraUnds'Exprs{}()
                                                )
                                            )
                                        ),
                                        Lbl'Stop'List'LBraQuotUndsUndsUnds'MPY-SYNTAX'Unds'Stmts'Unds'Stmt'Unds'Stmts'QuotRBraUnds'Stmts{}()
                                    )
                                )
                            )
                        ),
                        Lbl'Stop'List'LBraQuotUndsUndsUnds'MPY-SYNTAX'Unds'Stmts'Unds'Stmt'Unds'Stmts'QuotRBraUnds'Stmts{}()
                    )
                )
            )
        ),
        /* concrete element: */ Lbl'UndsPipe'-'-GT-Unds'{}(
            /* Inj: */ inj{SortKConfigVar{}, SortKItem{}}(
                \dv{SortKConfigVar{}}("$N")
            ),
            /* Inj: */ inj{SortInt{}, SortKItem{}}(\dv{SortInt{}}("1"))
        )
    )
)
EXIT_STATUS: 0
