Script started on 2026-07-28 02:54:51-05:00 [<not executed on terminal>]
{
  "designated_sorry_count": 0,
  "diagnostics": [
    {
      "command": [
        "lake",
        "clean"
      ],
      "exit_code": 0,
      "output_sha256": "e3b0c44298fc1c149afbf4c8996fb92427ae41e4649b934ca495991b7852b855",
      "output_tail": ""
    },
    {
      "command": [
        "lake",
        "build"
      ],
      "exit_code": 0,
      "output_sha256": "bdfa3e1e14d23b9d186351af2c99f1a4ba83a83c582686cc0c9c0633f38d13d7",
      "output_tail": "\u2714 [2/9] Built Klean147GetMaxTriples.Prelude\n\u2714 [3/9] Built Klean147GetMaxTriples.Sorts\n\u2714 [4/9] Built Klean147GetMaxTriples.Inj\n\u2714 [5/9] Built Klean147GetMaxTriples.Func\n\u2714 [6/9] Built Klean147GetMaxTriples.Lemmas\n\u2714 [7/9] Built Klean147GetMaxTriples.Rewrite\n\u2714 [8/9] Built Klean147GetMaxTriples\nBuild completed successfully.\n"
    }
  ],
  "frozen_input_sha256": "da89912d586b776cbb2196fa74ee5582bee20e5284cf7480e3d45ff92470c64b",
  "generated_tree_sha256": "ad81bd030c8de81d06b70eba0b9be63fc4f0dda6f5aeb96fe33ac062c7e7710a",
  "obligation_count": 0,
  "schema_version": 3,
  "stage1_workspace_sha256": "da89912d586b776cbb2196fa74ee5582bee20e5284cf7480e3d45ff92470c64b",
  "stage3_discovery_manifest_sha256": "2d93d25d0a99001009348be48a9d1990693dfa42d79947c8d537b353814c96ce",
  "status": "KLEAN_NO_OBLIGATIONS",
  "target": null,
  "trust_declaration_count": 44
}

Script done on 2026-07-28 02:54:52-05:00 [COMMAND_EXIT_CODE="0"]
