COMMAND: /audit-output/evidence/differential_test.py /reference/canonical.py /tmp/audit-work/12-longest/source/solution.py
WORKDIR: /audit-output
--- OUTPUT ---
NAMED {"candidate": null, "canonical": null, "input": [], "name": "documented-empty"}
NAMED {"candidate": "a", "canonical": "a", "input": ["a", "b", "c"], "name": "documented-first-tie"}
NAMED {"candidate": "ccc", "canonical": "ccc", "input": ["a", "bb", "ccc"], "name": "documented-increasing"}
NAMED {"candidate": "", "canonical": "", "input": [""], "name": "single-element"}
NAMED {"candidate": "bb", "canonical": "bb", "input": ["a", "bb"], "name": "strict-growth-true"}
NAMED {"candidate": "aa", "canonical": "aa", "input": ["aa", "b"], "name": "strict-growth-false-shorter"}
NAMED {"candidate": "aa", "canonical": "aa", "input": ["aa", "bb"], "name": "strict-growth-false-equal"}
NAMED {"candidate": "longest", "canonical": "longest", "input": ["long", "", "x", "longest"], "name": "late-longest"}
NAMED {"candidate": "long", "canonical": "long", "input": ["long", "x", "also"], "name": "late-tie-keeps-first"}
NAMED {"candidate": "", "canonical": "", "input": ["", ""], "name": "empty-string-tie"}
NAMED {"candidate": "e\u0301", "canonical": "e\u0301", "input": ["\u00e9", "e\u0301", "\ud83d\ude42\ud83d\ude42"], "name": "unicode-codepoints"}
NAMED {"candidate": "a\nb", "canonical": "a\nb", "input": ["a\u0000", "a\nb", "\t"], "name": "embedded-controls"}
named_cases=12
exhaustive_cases=7381
generated_cases=2500
total_cases=9893
mismatches=0
--- END OUTPUT ---
EXIT_STATUS: 0
