Script started on 2026-07-31 01:08:37-05:00 [<not executed on terminal>]
7cb3ed0da718d6b07560a910b8a2b3d9295cfb330b02bf52f0a8e1129f188752  /reference/generation-tools/klean_export.py
50ca6b06c1387c7fd0a31354f65a31546227cf63ed35acd5386bef8fa118e346  /reference/generation-tools/klean.py
9bd51a94e9afd9e6e7a97c479491ee38813144c2a9f05b8f72deafc2e33dca98  /reference/generation-tools/source-manifest.json
7540b359be137e3b412c12cdbd94d94121e3622fcc96f6640ddb80aa3f169258  /reference/klean-generation/generator-manifest.json
ac864263543109dab05b2a7af63cb86c3697512cb991a6626db778fcb5d48b7f  /reference/lemma-discovery.json
75356ace0ef462d038c829d980e670e2cb1efd02defb12ab34a5b11beaa3aefc  /audit-input.json
{
    "files": {
        "klean.py": "50ca6b06c1387c7fd0a31354f65a31546227cf63ed35acd5386bef8fa118e346",
        "klean_export.py": "7cb3ed0da718d6b07560a910b8a2b3d9295cfb330b02bf52f0a8e1129f188752"
    },
    "generator_image_id": "sha256:1b835aff66132f7ce282a7c2489b068f07401e58dc0af481344242c0e33d7ef6",
    "schema_version": 1
}
{
  "exporter_sha256": "7cb3ed0da718d6b07560a910b8a2b3d9295cfb330b02bf52f0a8e1129f188752",
  "generated_tree_sha256": "031534484043e45353edac0c462a99674971daa500591fe52ecace6c331db1b3",
  "klean_py_sha256": "50ca6b06c1387c7fd0a31354f65a31546227cf63ed35acd5386bef8fa118e346",
  "modeled_collection_hooks": [
    ".List",
    ".Map",
    "ListItem",
    "_List_",
    "_Map_",
    "_|->_"
  ],
  "modeled_operational_hooks": [
    "_%Int_"
  ],
  "modeled_recursive_functions": [],
  "obligation_count": 3,
  "obligation_map_sha256": "d4a593ca997a536daf0cf778e0e0c41105c522ea80c145dbe5411cf17d8b7471",
  "provenance": {
    "generator_image_id": "sha256:1b835aff66132f7ce282a7c2489b068f07401e58dc0af481344242c0e33d7ef6",
    "inventory_sha256": "36b7269f531b8499a3ecc5033b85b9cbd19024d07da31b455cd99ab6ca61e21c",
    "stage1_workspace_sha256": "3e9e0258904ab465be2ac65f2e44f01adea14b4544ab5fde7eeb4ef76c03804b",
    "stage3_discovery_manifest_sha256": "ac864263543109dab05b2a7af63cb86c3697512cb991a6626db778fcb5d48b7f"
  },
  "schema_version": 3,
  "target": {
    "declaration": "Klean85Add.Lemmas.targetStatement",
    "definition_sha256": "6dbed9467b37f676d6b7a214b6153271ca28a6ef81691549969e2e52de0c1b9e",
    "file": "Klean85Add/Lemmas.lean",
    "parameters": [
      {
        "binding_sha256": "6d899a4f2f159d557841c1d780bc3d59086f341658e37692ba672635fc4a2957",
        "kore_symbol": "Lbl'UndsPlus'Int'Unds'",
        "name": "\u00ab_+Int_\u00bb",
        "source_rule_ids": [
          "rule-573796c5ae90b21570a38c51e4cd10a1610683b2a2b51c68ff466ef5277fc7fc"
        ],
        "type": "SortInt \u2192 SortInt \u2192 SortInt"
      },
      {
        "binding_sha256": "d408d62c1134fcea596fa6389456ac82f77c0b437c55b4cd838496cc87113309",
        "kore_symbol": "LblapplyBin'LParUndsCommUndsCommUndsRParUnds'MPY-CORE'Unds'Val'Unds'String'Unds'Val'Unds'Val",
        "name": "\u00abapplyBin(_,_,_)_MPY-CORE_Val_String_Val_Val\u00bb",
        "source_rule_ids": [
          "rule-2dd919bc012c069b3c8fffc3cbdb9c9070068f0c8eca42acdc492a3b3db5315a",
          "rule-573796c5ae90b21570a38c51e4cd10a1610683b2a2b51c68ff466ef5277fc7fc"
        ],
        "type": "SortString \u2192 SortVal \u2192 SortVal \u2192 SortVal"
      },
      {
        "binding_sha256": "69fd93d86638e7b4c8da274f10efe312e030b9abd350a80d7294befcd772bab5",
        "kore_symbol": "LbldefinedProjectInt'LParUndsRParUnds'VERIFICATION-SYNTAX'Unds'Bool'Unds'Val",
        "name": "\u00abdefinedProjectInt(_)_VERIFICATION-SYNTAX_Bool_Val\u00bb",
        "source_rule_ids": [
          "rule-0312858a8718cb93d212cdb7b679a2875534dc14191dff8edf7bccf9a96d8b43"
        ],
        "type": "SortVal \u2192 SortBool"
      },
      {
        "binding_sha256": "071f250f1903830360e6723464e5f5c3c41aa33e5ee809d958f0cc8fd978065d",
        "kore_symbol": "LblisInt",
        "name": "isInt",
        "source_rule_ids": [
          "rule-2dd919bc012c069b3c8fffc3cbdb9c9070068f0c8eca42acdc492a3b3db5315a",
          "rule-573796c5ae90b21570a38c51e4cd10a1610683b2a2b51c68ff466ef5277fc7fc"
        ],
        "type": "SortK \u2192 SortBool"
      },
      {
        "binding_sha256": "7c2fbba40851f7b8faa3285da16802559f3ee97a02f19273084e75c157aa2940",
        "kore_symbol": "LblprojectIntTotal",
        "name": "projectIntTotal",
        "source_rule_ids": [
          "rule-2dd919bc012c069b3c8fffc3cbdb9c9070068f0c8eca42acdc492a3b3db5315a",
          "rule-573796c5ae90b21570a38c51e4cd10a1610683b2a2b51c68ff466ef5277fc7fc"
        ],
        "type": "SortVal \u2192 SortInt"
      },
      {
        "binding_sha256": "f73a78c8c119c95e032b6c690354bd76a633b4de79a200c9d6799f71bba21c0b",
        "kore_symbol": "LblpyMod'LParUndsCommUndsRParUnds'MPY-INT'Unds'Int'Unds'Int'Unds'Int",
        "name": "\u00abpyMod(_,_)_MPY-INT_Int_Int_Int\u00bb",
        "source_rule_ids": [
          "rule-2dd919bc012c069b3c8fffc3cbdb9c9070068f0c8eca42acdc492a3b3db5315a"
        ],
        "type": "SortInt \u2192 SortInt \u2192 SortInt"
      },
      {
        "binding_sha256": "c33c361b9b4a117c2db45615d1783153bf557f665db41c17fa864d52f12dcc99",
        "kore_symbol": "Lblproject'Coln'Int",
        "name": "\u00abproject:Int?\u00bb",
        "source_rule_ids": [
          "rule-0312858a8718cb93d212cdb7b679a2875534dc14191dff8edf7bccf9a96d8b43"
        ],
        "type": "SortK \u2192 Option SortInt"
      }
    ],
    "statement": "Klean85Add.Lemmas.targetStatement \u00ab_+Int_\u00bb \u00abapplyBin(_,_,_)_MPY-CORE_Val_String_Val_Val\u00bb \u00abdefinedProjectInt(_)_VERIFICATION-SYNTAX_Bool_Val\u00bb isInt projectIntTotal \u00abpyMod(_,_)_MPY-INT_Int_Int_Int\u00bb \u00abproject:Int?\u00bb",
    "statement_sha256": "709b20d64b8a3eed81f08097b289ec0b8a92208cdc7ce1a3d1ce168d22119374"
  },
  "toolchain": {
    "codex_cli_version": "0.144.6",
    "k_base_image": "runtimeverificationinc/kframework-k:ubuntu-jammy-7.1.293@sha256:f3f64ab72bd7b560082d50e4c6c23e107025cf217ca62ab73700104fc45de09a",
    "k_version": "7.1.293",
    "lean_commit": "ba2cbbf09d4978f416e0ebd1fceeebc2c4138c05",
    "lean_toolchain": "leanprover/lean4:v4.22.0",
    "pyk_project": "pyk@runtimeverification/k",
    "pyk_version": "7.1.293",
    "runtimeverification_k_commit": "ff15baac9e66426612ec45ff912af7f14965b64a"
  }
}
{
  "definitions": [
    {
      "attributes": [],
      "classification": "DEFINITION",
      "end_line": 23,
      "module": "VERIFICATION",
      "normalized_sha256": "8277b118773512287e2b2b20da4dbf45607f85956623bafa9028b50596471d08",
      "rationale": "Base equation defining the structural allInts predicate on the empty ValSeq.",
      "source_rule_id": "rule-8277b118773512287e2b2b20da4dbf45607f85956623bafa9028b50596471d08",
      "start_line": 23,
      "text": "  rule allInts(.ValSeq) => true"
    },
    {
      "attributes": [],
      "classification": "DEFINITION",
      "end_line": 25,
      "module": "VERIFICATION",
      "normalized_sha256": "d1d219f3427f5536073a572ec05d566def4e43ec32fddd6fbff02d536113eb4e",
      "rationale": "Constructor recurrence defining allInts by checking the head's Int sort and recursing over the tail.",
      "source_rule_id": "rule-d1d219f3427f5536073a572ec05d566def4e43ec32fddd6fbff02d536113eb4e",
      "start_line": 24,
      "text": "  rule allInts(vCons(V:Val, VS:ValSeq))\n    => isInt(V) andBool allInts(VS)"
    },
    {
      "attributes": [],
      "classification": "DEFINITION",
      "end_line": 27,
      "module": "VERIFICATION",
      "normalized_sha256": "9e2ee339875a1d59e60ef1a09d50617f8c526c60d097a2a486ebed2a648461c5",
      "rationale": "Equation defining the named guard definedProjectInt as the existing Int-sort predicate.",
      "source_rule_id": "rule-9e2ee339875a1d59e60ef1a09d50617f8c526c60d097a2a486ebed2a648461c5",
      "start_line": 27,
      "text": "  rule definedProjectInt(V:Val) => isInt(V)"
    },
    {
      "attributes": [
        "concrete",
        "simplification(10)",
        "preserves-definedness"
      ],
      "classification": "DEFINITION",
      "end_line": 35,
      "module": "VERIFICATION",
      "normalized_sha256": "ced5adecb9e0d364813f64698375904533f4eeac50b93f2799465c7b5fead6d0",
      "rationale": "Guarded defining equation for the new named proof term projectIntTotal in terms of the partial Int cast.",
      "source_rule_id": "rule-ced5adecb9e0d364813f64698375904533f4eeac50b93f2799465c7b5fead6d0",
      "start_line": 33,
      "text": "  rule projectIntTotal(V:Val) => {V}:>Int\n    requires definedProjectInt(V)\n    [concrete, simplification(10), preserves-definedness]"
    },
    {
      "attributes": [
        "symbolic(V)",
        "simplification",
        "preserves-definedness"
      ],
      "classification": "DEFINITION",
      "end_line": 38,
      "module": "VERIFICATION",
      "normalized_sha256": "22fa1e67d4a05b75b5a578312159b0a4e049b756806628df2540b007f43bcb5d",
      "rationale": "Canonical macro-style orientation of a defined partial Int cast into the newly named projectIntTotal proof term.",
      "source_rule_id": "rule-22fa1e67d4a05b75b5a578312159b0a4e049b756806628df2540b007f43bcb5d",
      "start_line": 36,
      "text": "  rule {V:Val}:>Int => projectIntTotal(V)\n    requires definedProjectInt(V)\n    [symbolic(V), simplification, preserves-definedness]"
    },
    {
      "attributes": [
        "simplification"
      ],
      "classification": "DEFINITION",
      "end_line": 39,
      "module": "VERIFICATION",
      "normalized_sha256": "7191d5f6c9756673cca00b440958222ca4d2d1d3d4e18cbc994313a0f4340442",
      "rationale": "Collapse equation defining projectIntTotal on an argument already statically known to be an Int.",
      "source_rule_id": "rule-7191d5f6c9756673cca00b440958222ca4d2d1d3d4e18cbc994313a0f4340442",
      "start_line": 39,
      "text": "  rule projectIntTotal(I:Int) => I [simplification]"
    },
    {
      "attributes": [
        "simplification"
      ],
      "classification": "DEFINITION",
      "end_line": 41,
      "module": "VERIFICATION",
      "normalized_sha256": "9e1486b6d25b62bd0949213fd58d7aac97ed89cc3e87b8c5063f915d1d6b7081",
      "rationale": "Canonicalization equation fixing the idempotent normal form of the named projectIntTotal proof term.",
      "source_rule_id": "rule-9e1486b6d25b62bd0949213fd58d7aac97ed89cc3e87b8c5063f915d1d6b7081",
      "start_line": 40,
      "text": "  rule projectIntTotal(projectIntTotal(V:Val))\n    => projectIntTotal(V) [simplification]"
    },
    {
      "attributes": [],
      "classification": "DEFINITION",
      "end_line": 56,
      "module": "VERIFICATION",
      "normalized_sha256": "e795bdcd4cf6a717be57205d94fd92e497d330c8c9e2f3f5d219ac6d710923dd",
      "rationale": "Base equation defining the mathematical addSummary recurrence on an empty sequence.",
      "source_rule_id": "rule-e795bdcd4cf6a717be57205d94fd92e497d330c8c9e2f3f5d219ac6d710923dd",
      "start_line": 56,
      "text": "  rule addSummary(.ValSeq, _:Bool) => 0"
    },
    {
      "attributes": [],
      "classification": "DEFINITION",
      "end_line": 58,
      "module": "VERIFICATION",
      "normalized_sha256": "053921866c6fc8a690d34dbd87e8da12e2465928cbe8aa21ac3acaf9f4c07d70",
      "rationale": "Recurrence defining addSummary at an even index by skipping the head and toggling parity.",
      "source_rule_id": "rule-053921866c6fc8a690d34dbd87e8da12e2465928cbe8aa21ac3acaf9f4c07d70",
      "start_line": 57,
      "text": "  rule addSummary(vCons(_:Val, VS:ValSeq), false)\n    => addSummary(VS, true)"
    },
    {
      "attributes": [],
      "classification": "DEFINITION",
      "end_line": 64,
      "module": "VERIFICATION",
      "normalized_sha256": "985dc1e954078e0ea5cc62993d27a9a4aa79ce82ef913c38235280ff7e03f842",
      "rationale": "Recurrence defining addSummary at an odd index by conditionally adding an even head and recursing with toggled parity.",
      "source_rule_id": "rule-985dc1e954078e0ea5cc62993d27a9a4aa79ce82ef913c38235280ff7e03f842",
      "start_line": 59,
      "text": "  rule addSummary(vCons(V:Val, VS:ValSeq), true)\n    => (#if pyMod(projectIntTotal(V), 2) ==Int 0\n        #then projectIntTotal(V)\n        #else 0\n        #fi)\n       +Int addSummary(VS, false)"
    }
  ],
  "frozen_input_sha256": "3e9e0258904ab465be2ac65f2e44f01adea14b4544ab5fde7eeb4ef76c03804b",
  "inventory_sha256": "36b7269f531b8499a3ecc5033b85b9cbd19024d07da31b455cd99ab6ca61e21c",
  "lowered_structural_definition_rules": [],
  "modeled_collection_hooks": [
    ".List",
    ".Map",
    "ListItem",
    "_List_",
    "_Map_",
    "_|->_"
  ],
  "modeled_operational_hooks": [
    "_%Int_"
  ],
  "modeled_recursive_functions": [],
  "operational_rules": [],
  "problem": "85-add",
  "promoted_structural_definitions": [],
  "proved_derived_lemmas": [],
  "required_k_files": [
    "/frozen-k/reference-semantics/semantics.k",
    "/frozen-k/reference-semantics/semantics/assert.k",
    "/frozen-k/reference-semantics/semantics/bool.k",
    "/frozen-k/reference-semantics/semantics/builtins.k",
    "/frozen-k/reference-semantics/semantics/call.k",
    "/frozen-k/reference-semantics/semantics/comprehension.k",
    "/frozen-k/reference-semantics/semantics/concrete.k",
    "/frozen-k/reference-semantics/semantics/controls.k",
    "/frozen-k/reference-semantics/semantics/core.k",
    "/frozen-k/reference-semantics/semantics/dict.k",
    "/frozen-k/reference-semantics/semantics/float.k",
    "/frozen-k/reference-semantics/semantics/functions.k",
    "/frozen-k/reference-semantics/semantics/int.k",
    "/frozen-k/reference-semantics/semantics/iter.k",
    "/frozen-k/reference-semantics/semantics/list.k",
    "/frozen-k/reference-semantics/semantics/methods.k",
    "/frozen-k/reference-semantics/semantics/operators.k",
    "/frozen-k/reference-semantics/semantics/range.k",
    "/frozen-k/reference-semantics/semantics/set.k",
    "/frozen-k/reference-semantics/semantics/sort.k",
    "/frozen-k/reference-semantics/semantics/str.k",
    "/frozen-k/reference-semantics/semantics/subscript.k",
    "/frozen-k/reference-semantics/semantics/syntax.k",
    "/frozen-k/reference-semantics/semantics/tuple.k",
    "/frozen-k/verification.k"
  ],
  "schema_version": 3,
  "source_rules": [
    {
      "attributes": [
        "simplification"
      ],
      "classification": "DOMAIN_LEMMA",
      "discovery_manifest_sha256": "ac864263543109dab05b2a7af63cb86c3697512cb991a6626db778fcb5d48b7f",
      "end_line": 32,
      "inventory_sha256": "36b7269f531b8499a3ecc5033b85b9cbd19024d07da31b455cd99ab6ca61e21c",
      "module": "VERIFICATION",
      "normalized_sha256": "0312858a8718cb93d212cdb7b679a2875534dc14191dff8edf7bccf9a96d8b43",
      "rationale": "Unproved simplification fact characterizing definedness of the pre-existing partial Val-to-Int cast; Stage 1 uses it without first proving this exact rule in a module that omits it.",
      "source_rule_id": "rule-0312858a8718cb93d212cdb7b679a2875534dc14191dff8edf7bccf9a96d8b43",
      "start_line": 30,
      "text": "  rule #Ceil({@V:Val}:>Int)\n    => ({ definedProjectInt(@V) #Equals true } #And #Ceil(@V))\n    [simplification]"
    },
    {
      "attributes": [
        "simplification"
      ],
      "classification": "DOMAIN_LEMMA",
      "discovery_manifest_sha256": "ac864263543109dab05b2a7af63cb86c3697512cb991a6626db778fcb5d48b7f",
      "end_line": 48,
      "inventory_sha256": "36b7269f531b8499a3ecc5033b85b9cbd19024d07da31b455cd99ab6ca61e21c",
      "module": "VERIFICATION",
      "normalized_sha256": "2dd919bc012c069b3c8fffc3cbdb9c9070068f0c8eca42acdc492a3b3db5315a",
      "rationale": "Unproved simplification fact extending the pre-existing applyBin percent operation from a statically sorted Int to an isInt-guarded Val via projection; it is not a definition of a new symbol and was present before all Stage 1 proofs.",
      "source_rule_id": "rule-2dd919bc012c069b3c8fffc3cbdb9c9070068f0c8eca42acdc492a3b3db5315a",
      "start_line": 45,
      "text": "  rule applyBin(\"%\", V:Val, I:Int)\n    => pyMod(projectIntTotal(V), I)\n    requires isInt(V)\n    [simplification]"
    },
    {
      "attributes": [
        "simplification"
      ],
      "classification": "DOMAIN_LEMMA",
      "discovery_manifest_sha256": "ac864263543109dab05b2a7af63cb86c3697512cb991a6626db778fcb5d48b7f",
      "end_line": 52,
      "inventory_sha256": "36b7269f531b8499a3ecc5033b85b9cbd19024d07da31b455cd99ab6ca61e21c",
      "module": "VERIFICATION",
      "normalized_sha256": "573796c5ae90b21570a38c51e4cd10a1610683b2a2b51c68ff466ef5277fc7fc",
      "rationale": "Unproved simplification fact extending the pre-existing applyBin addition operation from a statically sorted Int to an isInt-guarded Val via projection; no Stage 1 rule-free proof establishes its exact statement.",
      "source_rule_id": "rule-573796c5ae90b21570a38c51e4cd10a1610683b2a2b51c68ff466ef5277fc7fc",
      "start_line": 49,
      "text": "  rule applyBin(\"+\", I:Int, V:Val)\n    => I +Int projectIntTotal(V)\n    requires isInt(V)\n    [simplification]"
    }
  ],
  "stage1_workspace_sha256": "3e9e0258904ab465be2ac65f2e44f01adea14b4544ab5fde7eeb4ef76c03804b",
  "stage3_discovery_manifest_sha256": "ac864263543109dab05b2a7af63cb86c3697512cb991a6626db778fcb5d48b7f",
  "summary_functions": [
    {
      "argument_sorts": [
        "ValSeq"
      ],
      "name": "allInts",
      "return_sort": "Bool"
    },
    {
      "argument_sorts": [
        "Val"
      ],
      "name": "definedProjectInt",
      "return_sort": "Bool"
    },
    {
      "argument_sorts": [
        "Val"
      ],
      "name": "projectIntTotal",
      "return_sort": "Int"
    },
    {
      "argument_sorts": [
        "ValSeq",
        "Bool"
      ],
      "name": "addSummary",
      "return_sort": "Int"
    }
  ],
  "syntax_module": "VERIFICATION-SYNTAX",
  "verification_module": "VERIFICATION",
  "verification_sha256": "df8b02d899f4f7b350cc88539744b65e7823d6929ea160eb08ad559d95103e56"
}
/reference/klean-generation/export-result.json
/reference/klean-generation/export.log
/reference/klean-generation/generated/.gitignore
/reference/klean-generation/generated/Klean85Add.lean
/reference/klean-generation/generated/Klean85Add/Func.lean
/reference/klean-generation/generated/Klean85Add/Inj.lean
/reference/klean-generation/generated/Klean85Add/Lemmas.lean
/reference/klean-generation/generated/Klean85Add/Prelude.lean
/reference/klean-generation/generated/Klean85Add/Rewrite.lean
/reference/klean-generation/generated/Klean85Add/Sorts.lean
/reference/klean-generation/generated/lake-manifest.json
/reference/klean-generation/generated/lakefile.toml
/reference/klean-generation/generated/lean-toolchain
/reference/klean-generation/generated/obligation-map.json
/reference/klean-generation/generator-manifest.json
/reference/klean-generation/input-manifest.json
/reference/klean-generation/preflight.json
/reference/klean-generation/preflight.log
/reference/klean-generation/trust-inventory.json
/candidate/.lake/build/ir/Proof.c
/candidate/.lake/build/ir/Proof.c.hash
/candidate/.lake/build/ir/Proof.setup.json
/candidate/.lake/lakefile.olean
/candidate/.lake/lakefile.olean.lock
/candidate/.lake/lakefile.olean.trace
/candidate/Proof.lean
/candidate/lake-manifest.json
/candidate/lakefile.lean
/candidate/lean-toolchain

Script done on 2026-07-31 01:08:37-05:00 [COMMAND_EXIT_CODE="0"]
