Script started on 2026-07-24 08:53:46-05:00 [<not executed on terminal>]
$ kompile verification.k --backend haskell --main-module CIRCULAR-SHIFT-VERIFICATION --syntax-module MPY-SYNTAX --output-definition program-mut-kompiled --warnings none
[0m[0m[build exit 0]
$ kprove --definition program-mut-kompiled --spec-module CIRCULAR-SHIFT-SPEC --claims CIRCULAR-SHIFT-SPEC.normal-shift --depth 300 --warnings none spec.k
kore-exec: [52503024] Warning (WarnStuckClaimState):
    The configuration's term unifies with the destination's term, but the implication check between the conditions has failed. Location: /tmp/audit-work/program-mut-case/spec.k:8:5-27:29
Context:
    (InfoReachability) while checking the implication
  #Ceil ( buildIS ( intCodes ( X ) , 0 , slAdjust ( 0 -Int SHIFT , isLen ( intCodes ( X ) ) , 1 ) , 1 ) )
#And
  #Ceil ( buildIS ( intCodes ( X ) , slAdjust ( 0 -Int SHIFT , isLen ( intCodes ( X ) ) , 1 ) , isLen ( intCodes ( X ) ) , 1 ) )
#And
  #Not ( {
    seqConcat ( buildIS ( intCodes ( X ) , slAdjust ( 0 -Int SHIFT , isLen ( intCodes ( X ) ) , 1 ) , isLen ( intCodes ( X ) ) , 1 ) , buildIS ( intCodes ( X ) , 0 , slAdjust ( 0 -Int SHIFT , isLen ( intCodes ( X ) ) , 1 ) , 1 ) )
  #Equals
    seqConcat ( buildIS ( intCodes ( X ) , 0 , slAdjust ( 0 -Int SHIFT , isLen ( intCodes ( X ) ) , 1 ) , 1 ) , buildIS ( intCodes ( X ) , slAdjust ( 0 -Int SHIFT , isLen ( intCodes ( X ) ) , 1 ) , isLen ( intCodes ( X ) ) , 1 ) )
  } )
#And
  <generatedTop>
    <k>
      str ( seqConcat ( buildIS ( intCodes ( X ) , 0 , slAdjust ( 0 -Int SHIFT , isLen ( intCodes ( X ) ) , 1 ) , 1 ) , buildIS ( intCodes ( X ) , slAdjust ( 0 -Int SHIFT , isLen ( intCodes ( X ) ) , 1 ) , isLen ( intCodes ( X ) ) , 1 ) ) ) ~> .K
    </k>
    <env>
      0
    </env>
    <scopes>
      -1 |-> scope ( "abs" |-> builtinV ( "abs" )
      "all" |-> builtinV ( "all" )
      "any" |-> builtinV ( "any" )
      "bin" |-> builtinV ( "bin" )
      "chr" |-> builtinV ( "chr" )
      "enumerate" |-> builtinV ( "enumerate" )
      "eval" |-> builtinV ( "eval" )
      "float" |-> typeV ( "float" )
      "int" |-> typeV ( "int" )
      "isinstance" |-> builtinV ( "isinstance" )
      "len" |-> builtinV ( "len" )
      "list" |-> builtinV ( "list" )
      "map" |-> builtinV ( "map" )
      "max" |-> builtinV ( "max" )
      "min" |-> builtinV ( "min" )
      "ord" |-> builtinV ( "ord" )
      "range" |-> builtinV ( "range" )
      "round" |-> builtinV ( "round" )
      "set" |-> builtinV ( "set" )
      "sorted" |-> builtinV ( "sorted" )
      "str" |-> typeV ( "str" )
      "sum" |-> builtinV ( "sum" )
      "zip" |-> builtinV ( "zip" ) , root )
      0 |-> scope ( "circular_shift" |-> closureVal ( "x" , "shift" , .ParamNames , Assign ( Name ( "s" ) , Call ( Name ( "str" ) , Name ( "x" ) , .Exprs ) )  If ( Compare ( Name ( "shift" ) , CmpOp ( ">" , Call ( Name ( "len" ) , Name ( "s" ) , .Exprs ) ) ) , Return ( Subscript ( Name ( "s" ) , Slice ( NoBound , NoBound , UnaryOp ( "-" , Int ( 1 ) ) ) ) )  .Stmts , .Stmts )  Return ( BinOp ( "+" , Subscript ( Name ( "s" ) , Slice ( NoBound , UnaryOp ( "-" , Name ( "shift" ) ) , NoBound ) ) , Subscript ( Name ( "s" ) , Slice ( UnaryOp ( "-" , Name ( "shift" ) ) , NoBound , NoBound ) ) ) )  .Stmts , 0 ) , parent ( -1 ) )
    </scopes>
    <scopeLoc>
      1
    </scopeLoc>
    <heap>
      .Map
    </heap>
    <heapLoc>
      0
    </heapLoc>
    <stack>
      .List
    </stack>
    <ret>
      noRet
    </ret>
    <exc>
      NoExc
    </exc>
    <exit-code>
      0
    </exit-code>
  </generatedTop>
#And
  {
    false
  #Equals
    SHIFT >Int isLen ( intCodes ( X ) )
  }
#And
  {
    true
  #Equals
    SHIFT <=Int isLen ( intCodes ( X ) )
  }
#And
  {
    true
  #Equals
    SHIFT >=Int 0
  }
[Error] Prover: backend terminated because the configuration cannot be
rewritten further. See output for more details.
[0m[0m[proof exit 1]
EXPECTED FAILURE: swapped program execution does not meet the unchanged result function.

Script done on 2026-07-24 08:54:48-05:00 [COMMAND_EXIT_CODE="0"]
