===== reference-semantics/semantics/call.k =====
     1	// reference/src/semantics/call.k — MPY-CALL
     2	// ONE call route for every callable: evaluate the callee to a VALUE (name lookup reaches
     3	// builtins at the root; a cooled Attribute is a bound method), evaluate the args (the shared
     4	// #evalArgs loop in core.k), then dispatch on the callee value:
     5	//   closureVal    -> bind params, push a frame (user function)
     6	//   boundMethodV  -> applyMethod
     7	//   builtinV      -> the #iterNext folds (sum/all/any/max/min) or applyBuiltin
     8	//   typeV         -> callable type objects: int(...) / str(...)
     9	
    10	module MPY-CALL
    11	  imports MPY-METHODS
    12	  imports MPY-BUILTINS
    13	  imports MPY-FUNCTIONS
    14	
    15	  // a cooled attribute is a bound method value
    16	  rule <k> Attribute(V:Val, M:String) => boundMethodV(V, M) ... </k>
    17	
    18	  // evaluate callee, then args ([owise]: problem-local Call interceptions beat this)
    19	  syntax KItem ::= #callee(Exprs)
    20	  rule <k> Call(Fe:Expr, ARGS:Exprs) => Fe ~> #callee(ARGS) ... </k> [owise]
    21	  rule <k> CV:Val ~> #callee(ARGS:Exprs) => #evalArgs(ARGS, .Vals, toCall(CV)) ... </k>
    22	
    23	  // ==== dispatch on the callee value ========================================
    24	  rule <k> #applyK(toCall(boundMethodV(OBJ:Val, M:String)), ACC:Vals) => applyMethod(OBJ, M, ACC) ... </k>
    25	
    26	  rule <k> #applyK(toCall(builtinV("sum")), (OBJ:Iterable, .Vals)) => #sumAcc(OBJ, 0) ... </k>
    27	  rule <k> #applyK(toCall(builtinV("all")), (OBJ:Iterable, .Vals)) => #allAcc(OBJ)    ... </k>
    28	  rule <k> #applyK(toCall(builtinV("any")), (OBJ:Iterable, .Vals)) => #anyAcc(OBJ)    ... </k>
    29	  rule <k> #applyK(toCall(builtinV("max")), (OBJ:Iterable, .Vals)) => #maxAcc0(OBJ)   ... </k>
    30	  rule <k> #applyK(toCall(builtinV("min")), (OBJ:Iterable, .Vals)) => #minAcc0(OBJ)   ... </k>
    31	  rule <k> #applyK(toCall(builtinV(BN:String)), ACC:Vals) => applyBuiltin(BN, ACC) ... </k> [owise]
    32	  rule <k> #applyK(toCall(typeV(T:String)),     ACC:Vals) => applyBuiltin(T, ACC)  ... </k>
    33	
    34	  // ==== heap-object arguments/receivers =====================================
    35	  // Builtins and type calls READ structure — deref the first two arg positions
    36	  // (covers len/sum/all/any/max/min/sorted/list/set + zip's pair). Mutating list
    37	  // methods take the ref itself; every other method receiver is deref'd.
    38	  rule <k> #applyK(toCall(builtinV(BN:String)), (ref(H:Int), REST:Vals))
    39	        => #applyK(toCall(builtinV(BN)), (V, REST)) ... </k>
    40	       <heap> ... H |-> V:Val ... </heap>
    41	       [priority(40)]
    42	  rule <k> #applyK(toCall(builtinV(BN:String)), (A:Val, ref(H:Int), REST:Vals))
    43	        => #applyK(toCall(builtinV(BN)), (A, V, REST)) ... </k>
    44	       <heap> ... H |-> V:Val ... </heap>
    45	       requires notBool isRefV(A)
    46	       [priority(40)]
    47	  rule <k> #applyK(toCall(typeV(T:String)), (ref(H:Int), REST:Vals))
    48	        => #applyK(toCall(typeV(T)), (V, REST)) ... </k>
    49	       <heap> ... H |-> V:Val ... </heap>
    50	       [priority(40)]
    51	
    52	  syntax Bool ::= isMutMethod(String) [function, total]
    53	  rule isMutMethod(M:String)
    54	    => M ==String "append" orBool M ==String "sort" orBool M ==String "extend"
    55	       orBool M ==String "insert" orBool M ==String "pop" orBool M ==String "remove"
    56	  rule <k> #applyK(toCall(boundMethodV(ref(H:Int), M:String)), ACC:Vals)
    57	        => #applyK(toCall(boundMethodV(V, M)), ACC) ... </k>
    58	       <heap> ... H |-> V:Val ... </heap>
    59	       requires notBool isMutMethod(M)
    60	       [priority(40)]
    61	  // non-mutating methods READ their heap-object arguments too (join's list);
    62	  // mutators keep refs (append of a list into a list-of-lists stays aliased)
    63	  rule <k> #applyK(toCall(boundMethodV(OBJ:Val, M:String)), (ref(H:Int), REST:Vals))
    64	        => #applyK(toCall(boundMethodV(OBJ, M)), (V, REST)) ... </k>
    65	       <heap> ... H |-> V:Val ... </heap>
    66	       requires notBool isMutMethod(M) andBool notBool isRefV(OBJ)
    67	       [priority(40)]
    68	
    69	  rule <k> #applyK(toCall(closureVal(PNS:ParamNames, BODY:Stmts, DEFL:Int)), ACC:Vals) ~> CONT
    70	        => #bindP(PNS, ACC) ~> BODY ~> #endcall </k>
    71	       <env>     CALLERL:Int => NEWL </env>
    72	       <scopes>   STORE:Map => STORE [ NEWL <- scope(.Map, parent(DEFL)) ] </scopes>
    73	       <scopeLoc> NEWL:Int => NEWL +Int 1 </scopeLoc>
    74	       <stack>   .List => ListItem(frame(CONT, CALLERL, NEWL)) ... </stack>
    75	
    76	  // annotated closure: the frame starts with the captured freevar cells, its
    77	  // parent is the module scope (all enclosing-local reads go through cells),
    78	  // and the cellvars' fresh cells allocate before params bind (a cellvar param
    79	  // then writes through its cell in #bindP).
    80	  rule <k> #applyK(toCall(closureValC(PNS:ParamNames, CVS:ParamNames, BODY:Stmts, CM:Map)), ACC:Vals) ~> CONT
    81	        => #allocCells(CVS) ~> #bindP(PNS, ACC) ~> BODY ~> #endcall </k>
    82	       <env>     CALLERL:Int => NEWL </env>
    83	       <scopes>   STORE:Map => STORE [ NEWL <- scope(CM [ "$cells" <- cellsMark(CVS) ], parent(0)) ] </scopes>
    84	       <scopeLoc> NEWL:Int => NEWL +Int 1 </scopeLoc>
    85	       <stack>   .List => ListItem(frame(CONT, CALLERL, NEWL)) ... </stack>
    86	
    87	  syntax KItem ::= #allocCells(ParamNames)
    88	  rule <k> #allocCells(.ParamNames) => .K ... </k>
    89	  rule <k> #allocCells((CV:String, R:ParamNames)) => #allocCells(R) ... </k>
    90	       <env> L:Int </env>
    91	       <scopes> ... L |-> scope(M:Map => M [ CV <- cellRef(N) ], _) ... </scopes>
    92	       <heap>    H:Map => (N |-> cellV(noneV)) H </heap>
    93	       <heapLoc> N:Int => N +Int 1 </heapLoc>
    94	       requires notBool N in_keys(H)
    95	endmodule
===== reference-semantics/semantics/functions.k =====
     1	// reference/src/semantics/functions.k — MPY-FUNCTIONS
     2	
     3	module MPY-FUNCTIONS
     4	  imports MPY-CORE
     5	
     6	  // call routing + callee/arg evaluation (#callee/#args/#argCont) live in call.k;
     7	  // this module owns the frame lifecycle (bind params, return, pop).
     8	  syntax KItem ::= frame(continuation: K, callerEnv: Int, savedLoc: Int)
     9	                 | #bindP(ParamNames, Vals)
    10	                 | "#pop"
    11	                 | "#endcall"
    12	
    13	  // ==== def / anonymous closure =============================================
    14	  rule <k> FuncDef(F:String, Params(PNS:ParamNames), BODY:Stmts) => .K ... </k>
    15	       <env> L:Int </env>
    16	       <scopes> ... L |-> scope(M:Map => M [ F <- closureVal(PNS, BODY, L) ], _) ... </scopes>
    17	
    18	  syntax Expr ::= closureExpr(ParamNames, Stmts)
    19	  rule <k> closureExpr(PNS:ParamNames, BODY:Stmts) => closureVal(PNS, BODY, L) ... </k>
    20	       <env> L:Int </env>
    21	
    22	  // ==== annotated def/lambda (closure cells; spec 2.3) ======================
    23	  // closureValC(params, cellvars, body, captured-cells). No frame anchor: all
    24	  // enclosing-local reads are freevars (symtable-complete) and go through the
    25	  // captured cells; everything else is global/builtin, so the callee frame's
    26	  // parent is the module scope (0) — sound after the defining frame dies.
    27	  syntax Val ::= closureValC(ParamNames, ParamNames, Stmts, Map)
    28	
    29	  // capture: resolve each freevar to the enclosing frame's cellRef, then bind
    30	  // (FuncDef) or yield (Lambda) the closure value.
    31	  syntax KItem ::= #mkClosure(String, ParamNames, ParamNames, ParamNames, Stmts, Map)
    32	                 | #mkLambda(ParamNames, ParamNames, ParamNames, Stmts, Map)
    33	  rule <k> FuncDef(F:String, Params(PNS:ParamNames), CellVars(CVS:ParamNames),
    34	                   FreeVars(FVS:ParamNames), BODY:Stmts)
    35	        => #mkClosure(F, PNS, CVS, FVS, BODY, .Map) ... </k>
    36	  rule <k> #mkClosure(F:String, PNS:ParamNames, CVS:ParamNames,
    37	                      (FV:String, FVR:ParamNames), BODY:Stmts, CM:Map)
    38	        => #mkClosure(F, PNS, CVS, FVR, BODY, CM [ FV <- {M[FV]}:>Val ]) ... </k>
    39	       <env> L:Int </env>
    40	       <scopes> ... L |-> scope(M:Map, _) ... </scopes>
    41	       requires FV in_keys(M)
    42	  rule <k> #mkClosure(F:String, PNS:ParamNames, CVS:ParamNames,
    43	                      .ParamNames, BODY:Stmts, CM:Map) => .K ... </k>
    44	       <env> L:Int </env>
    45	       <scopes> ... L |-> scope(M:Map => M [ F <- closureValC(PNS, CVS, BODY, CM) ], _) ... </scopes>
    46	
    47	  rule <k> Lambda(Params(PNS:ParamNames), E:Expr)
    48	        => closureVal(PNS, Return(E) .Stmts, L) ... </k>
    49	       <env> L:Int </env>
    50	  rule <k> Lambda(Params(PNS:ParamNames), CellVars(CVS:ParamNames),
    51	                  FreeVars(FVS:ParamNames), E:Expr)
    52	        => #mkLambda(PNS, CVS, FVS, Return(E) .Stmts, .Map) ... </k>
    53	  rule <k> #mkLambda(PNS:ParamNames, CVS:ParamNames,
    54	                     (FV:String, FVR:ParamNames), BODY:Stmts, CM:Map)
    55	        => #mkLambda(PNS, CVS, FVR, BODY, CM [ FV <- {M[FV]}:>Val ]) ... </k>
    56	       <env> L:Int </env>
    57	       <scopes> ... L |-> scope(M:Map, _) ... </scopes>
    58	       requires FV in_keys(M)
    59	  rule <k> #mkLambda(PNS:ParamNames, CVS:ParamNames, .ParamNames, BODY:Stmts, CM:Map)
    60	        => closureValC(PNS, CVS, BODY, CM) ... </k>
    61	
    62	  // ==== bind params ========================================================
    63	  rule <k> #bindP(.ParamNames, .Vals) => .K ... </k>
    64	  rule <k> #bindP((P:String, PS:ParamNames), (V:Val, VS:Vals)) => #bindP(PS, VS) ... </k>
    65	       <env> L:Int </env>
    66	       <scopes> ... L |-> scope(M:Map => M [ P <- V ], _) ... </scopes>
    67	  // a param that is a cellvar was pre-bound to its cell at frame entry
    68	  rule <k> #bindP((P:String, PS:ParamNames), (V:Val, VS:Vals))
    69	        => #cellW({M[P]}:>Val, V) ~> #bindP(PS, VS) ... </k>
    70	       <env> L:Int </env>
    71	       <scopes> ... L |-> scope(M:Map, _) ... </scopes>
    72	       requires "$cells" in_keys(M)
    73	        andBool pnMember(P, cellsOf({M["$cells"]}:>Val))
    74	        andBool P in_keys(M) andBool isCellRef({M[P]}:>Val)
    75	       [priority(40)]
    76	
    77	  // ==== return / pop the frame (the returned expr evaluates by strictness) ==
    78	  rule <k> Return(V:Val) ~> _ => #pop </k>
    79	       <ret> noRet => retV(V) </ret>
    80	  rule <k> #endcall => #pop ... </k>
    81	       <ret> noRet => retV(noneV) </ret>
    82	  // pop: restore env, DEALLOCATE the callee frame, and wind scopeLoc back (LIFO allocation
    83	  // makes the saved loc the callee frame's own loc). Sound because no closureVal outlives its
    84	  // defining frame (frontend subset: no returned/stored closures; module defs live in loc 0).
    85	  rule <k> #pop => V ~> CONT </k>
    86	       <ret>   retV(V) => noRet </ret>
    87	       <stack> ListItem(frame(CONT:K, CALLERL:Int, SAVEDL:Int)) => .List ... </stack>
    88	       <env>   L:Int => CALLERL </env>
    89	       <scopes> SC:Map => SC [ L <- undef ] </scopes>
    90	       <scopeLoc> _ => SAVEDL </scopeLoc>
    91	endmodule
===== reference-semantics/semantics/builtins.k =====
     1	// reference/src/semantics/builtins.k — MPY-BUILTINS
     2	
     3	module MPY-BUILTINS
     4	  imports MPY-CORE
     5	  imports MPY-STR
     6	  imports MPY-SET
     7	  imports MPY-ITER
     8	  imports MPY-RANGE
     9	  imports MPY-INT
    10	  imports MPY-METHODS
    11	
    12	  // the builtins REGISTRY is core.k's builtinsScope (the -1 frame); names resolve by lookup
    13	
    14	  // Call routing + argument evaluation live in call.k, which also routes the fold
    15	  // builtins (sum/all/any/max/min) to the #_Acc folds below and everything else to
    16	  // applyBuiltin. This module owns applyBuiltin + the fold implementations.
    17	  syntax Val ::= applyBuiltin(String, Vals) [function]
    18	
    19	  // ==== len(obj) — O(1) per kind ============================================
    20	  syntax Int ::= seqLen(Val) [function]
    21	  rule applyBuiltin("len", OBJ:Val, .Vals) => seqLen(OBJ)
    22	  rule seqLen(list(VS:ValSeq))                  => vsLen(VS)
    23	  rule seqLen(tuple(VS:ValSeq))                 => vsLen(VS)
    24	  rule seqLen(str(IS:IntSeq))                   => isLen(IS)
    25	  rule seqLen(setV(DS:IntSeq))                  => isLen(DS)
    26	  rule seqLen(rangeObj(LO:Int, HI:Int, ST:Int)) => rangeLen(LO, HI, ST)
    27	
    28	  // ==== list(seq) — materialize a list/tuple into a list (e.g. list(d.keys())) ==
    29	  // Minimal: the "copy a sequence" case (list of a list is itself; list of a tuple keeps order).
    30	  // list() of other iterables (str/range/set/zip) is added via the iterator fold when needed.
    31	  // (k-cell — list() constructs a NEW object)
    32	  rule <k> #applyK(toCall(builtinV("list")), (list(VS:ValSeq),  .Vals)) => #alloc(list(VS)) ... </k>
    33	  rule <k> #applyK(toCall(builtinV("list")), (tuple(VS:ValSeq), .Vals)) => #alloc(list(VS)) ... </k>
    34	  rule <k> #applyK(toCall(builtinV("list")), .Vals)                     => #alloc(list(.ValSeq)) ... </k>
    35	  rule <k> #applyK(toCall(builtinV("list")), (str(CS:IntSeq), .Vals))   => #alloc(list(charsOf(CS))) ... </k>
    36	  syntax ValSeq ::= charsOf(IntSeq) [function, total]
    37	  rule charsOf(.IntSeq)                => .ValSeq
    38	  rule charsOf(iCons(C:Int, R:IntSeq)) => vCons(str(iCons(C, .IntSeq)), charsOf(R))
    39	
    40	  // ==== set(str) — distinct character codes =================================
    41	  rule applyBuiltin("set", str(CS:IntSeq), .Vals) => setV(dedupCodes(CS))
    42	
    43	  // ==== abs(int) ============================================================
    44	  rule applyBuiltin("abs", I:Int, .Vals) => absInt(I)
    45	
    46	  // ==== sum(iterable) — one #iterNext fold; intOf = int value of an int/bool ==
    47	  syntax KItem ::= #sumAcc(Iterable, Int) | #sumCont(Int)
    48	  rule <k> #sumAcc(IT:Iterable, ACC:Int) => #iterNext(IT) ~> #sumCont(ACC) ... </k>
    49	  rule <k> #iterDone ~> #sumCont(ACC:Int) => ACC ... </k>
    50	  rule <k> #iterYield(V:Val, R:Iterable) ~> #sumCont(ACC:Int)
    51	        => #sumAcc(R, ACC +Int intOf(V)) ... </k>
    52	       requires isInt(V) orBool isBool(V)
    53	
    54	  syntax Int ::= intOf(Val) [function]
    55	  rule intOf(I:Int)  => I
    56	  rule intOf(B:Bool) => #if B #then 1 #else 0 #fi
    57	
    58	  // ==== all / any (short-circuiting #iterNext folds) ========================
    59	  syntax KItem ::= #allAcc(Iterable) | "#allCont"
    60	  rule <k> #allAcc(IT:Iterable) => #iterNext(IT) ~> #allCont ... </k>
    61	  rule <k> #iterDone ~> #allCont => true ... </k>
    62	  rule <k> #iterYield(V:Val, R:Iterable) ~> #allCont => #allAcc(R) ... </k>
    63	       requires truthy(V)
    64	  rule <k> #iterYield(V:Val, _:Iterable) ~> #allCont => false ... </k>
    65	       requires notBool truthy(V)
    66	
    67	  syntax KItem ::= #anyAcc(Iterable) | "#anyCont"
    68	  rule <k> #anyAcc(IT:Iterable) => #iterNext(IT) ~> #anyCont ... </k>
    69	  rule <k> #iterDone ~> #anyCont => false ... </k>
    70	  rule <k> #iterYield(V:Val, _:Iterable) ~> #anyCont => true ... </k>
    71	       requires truthy(V)
    72	  rule <k> #iterYield(V:Val, R:Iterable) ~> #anyCont => #anyAcc(R) ... </k>
    73	       requires notBool truthy(V)
    74	
    75	  // ==== max / min over an iterable (#iterNext folds; first element seeds) ====
    76	  syntax KItem ::= #maxAcc0(Iterable) | "#maxCont0" | #maxAcc(Iterable, Int) | #maxCont(Int)
    77	  rule <k> #maxAcc0(IT:Iterable) => #iterNext(IT) ~> #maxCont0 ... </k>
    78	  rule <k> #iterYield(V:Val, R:Iterable) ~> #maxCont0 => #maxAcc(R, {V}:>Int) ... </k>
    79	       requires isInt(V)
    80	  rule <k> #maxAcc(IT:Iterable, M:Int) => #iterNext(IT) ~> #maxCont(M) ... </k>
    81	  rule <k> #iterDone ~> #maxCont(M:Int) => M ... </k>
    82	  rule <k> #iterYield(V:Val, R:Iterable) ~> #maxCont(M:Int)
    83	        => #maxAcc(R, maxInt(M, {V}:>Int)) ... </k>
    84	       requires isInt(V)
    85	
    86	  syntax KItem ::= #minAcc0(Iterable) | "#minCont0" | #minAcc(Iterable, Int) | #minCont(Int)
    87	  rule <k> #minAcc0(IT:Iterable) => #iterNext(IT) ~> #minCont0 ... </k>
    88	  rule <k> #iterYield(V:Val, R:Iterable) ~> #minCont0 => #minAcc(R, {V}:>Int) ... </k>
    89	       requires isInt(V)
    90	  rule <k> #minAcc(IT:Iterable, M:Int) => #iterNext(IT) ~> #minCont(M) ... </k>
    91	  rule <k> #iterDone ~> #minCont(M:Int) => M ... </k>
    92	  rule <k> #iterYield(V:Val, R:Iterable) ~> #minCont(M:Int)
    93	        => #minAcc(R, minInt(M, {V}:>Int)) ... </k>
    94	       requires isInt(V)
    95	
    96	  // ==== variadic max / min (a Vals fold) ====================================
    97	  syntax Int ::= maxVals(Int, Vals) [function]
    98	  rule applyBuiltin("max", I:Int, REST:Vals) => maxVals(I, REST)
    99	  rule maxVals(M:Int, .Vals)           => M
   100	  rule maxVals(M:Int, (I:Int, R:Vals)) => maxVals(maxInt(M, I), R)
   101	
   102	  syntax Int ::= minVals(Int, Vals) [function]
   103	  rule applyBuiltin("min", I:Int, REST:Vals) => minVals(I, REST)
   104	  rule minVals(M:Int, .Vals)           => M
   105	  rule minVals(M:Int, (I:Int, R:Vals)) => minVals(minInt(M, I), R)
   106	
   107	  // ==== bin(n) — "0b" + binary digit codes (promoted from 103's defined fold) ==
   108	  rule applyBuiltin("bin", N:Int, .Vals) => str(iCons(48, iCons(98, binCodes(N))))
   109	       requires N >=Int 0
   110	  // negative operand: the '-' sign prefixes the magnitude's digits
   111	  rule applyBuiltin("bin", N:Int, .Vals)
   112	    => str(iCons(45, iCons(48, iCons(98, binCodes(0 -Int N)))))
   113	       requires N <Int 0
   114	  syntax IntSeq ::= binCodes(Int) [function, total]
   115	  rule binCodes(0) => iCons(48, .IntSeq)
   116	  rule binCodes(N:Int) => binAcc(N, .IntSeq) requires N >Int 0
   117	  syntax IntSeq ::= binAcc(Int, IntSeq) [function, total]
   118	  rule binAcc(0, ACC:IntSeq) => ACC
   119	  rule binAcc(N:Int, ACC:IntSeq)
   120	    => binAcc((N -Int pyMod(N, 2)) /Int 2, iCons(48 +Int pyMod(N, 2), ACC))
   121	       requires N >Int 0
   122	
   123	  // ==== enumerate(xs) — pairs (i, v); materialized eagerly over a list =========
   124	  rule <k> #applyK(toCall(builtinV("enumerate")), (list(VS:ValSeq), .Vals))
   125	        => #alloc(list(enumVS(VS, 0))) ... </k>
   126	  syntax ValSeq ::= enumVS(ValSeq, Int) [function, total]
   127	  rule enumVS(.ValSeq, _:Int) => .ValSeq
   128	  rule enumVS(vCons(V:Val, R:ValSeq), I:Int)
   129	    => vCons(tuple(vCons(I, vCons(V, .ValSeq))), enumVS(R, I +Int 1))
   130	
   131	  // ==== map(str, xs) — eager (only the str case is in the subset) =============
   132	  rule <k> #applyK(toCall(builtinV("map")), (typeV("str"), list(VS:ValSeq), .Vals))
   133	        => #alloc(list(mapStrVS(VS))) ... </k>
   134	  syntax ValSeq ::= mapStrVS(ValSeq) [function, total]
   135	  rule mapStrVS(.ValSeq) => .ValSeq
   136	  rule mapStrVS(vCons(I:Int, R:ValSeq)) => vCons(str(strToCodes(Int2String(I))), mapStrVS(R))
   137	  rule mapStrVS(vCons(str(CS:IntSeq), R:ValSeq)) => vCons(str(CS), mapStrVS(R))
   138	
   139	  // ==== int(x) identities (int(round(x)) composes through) ====================
   140	  rule applyBuiltin("int", I:Int, .Vals) => I
   141	
   142	  // ==== ord / chr ===========================================================
   143	  rule applyBuiltin("ord", str(iCons(C:Int, .IntSeq)), .Vals) => C
   144	  rule applyBuiltin("chr", I:Int, .Vals) => str(iCons(I, .IntSeq))
   145	       requires 0 <=Int I andBool I <Int 128
   146	
   147	  // ==== str(int) / str(str) =================================================
   148	  rule applyBuiltin("str", I:Int, .Vals)       => str(strToCodes(Int2String(I)))
   149	  rule applyBuiltin("str", str(CS:IntSeq), .Vals) => str(CS)
   150	
   151	  // ==== int(str) — a single digit char ('0'..'9', code 48..57) to its value =====
   152	  rule applyBuiltin("int", str(iCons(C:Int, .IntSeq)), .Vals) => C -Int 48
   153	       requires 48 <=Int C andBool C <=Int 57
   154	
   155	  // ==== int(str) — a multi-digit non-negative numeral (Horner fold; the single-char rule covers len 1)
   156	  rule applyBuiltin("int", str(CS:IntSeq), .Vals) => intDigAcc(CS, 0)
   157	       requires isLen(CS) >=Int 2
   158	  syntax Int ::= intDigAcc(IntSeq, Int) [function, total]
   159	  rule intDigAcc(.IntSeq, ACC:Int)             => ACC
   160	  rule intDigAcc(iCons(C:Int, R:IntSeq), ACC:Int) => intDigAcc(R, (ACC *Int 10) +Int (C -Int 48))
   161	
   162	  // ==== zip(a, b) — parallel iterable of pairs, truncating to the shorter =====
   163	  rule applyBuiltin("zip", list(A:ValSeq), list(B:ValSeq), .Vals) => zipObj(A, B)
   164	  rule applyBuiltin("zip", str(A:IntSeq), str(B:IntSeq), .Vals)   => zipObjS(A, B)
   165	
   166	  // zip's iterator-protocol cases (zip is created here, so its #iterNext lives here)
   167	  rule <k> #iterNext(zipObj(vCons(A:Val, As:ValSeq), vCons(B:Val, Bs:ValSeq)))
   168	        => #iterYield(tuple(vCons(A, vCons(B, .ValSeq))), zipObj(As, Bs)) ... </k>
   169	  rule <k> #iterNext(zipObj(.ValSeq, _:ValSeq))               => #iterDone ... </k>
   170	  rule <k> #iterNext(zipObj(vCons(_:Val, _:ValSeq), .ValSeq)) => #iterDone ... </k>
   171	  rule <k> #iterNext(zipObjS(iCons(A:Int, As:IntSeq), iCons(B:Int, Bs:IntSeq)))
   172	        => #iterYield(tuple(vCons(str(iCons(A, .IntSeq)), vCons(str(iCons(B, .IntSeq)), .ValSeq))), zipObjS(As, Bs)) ... </k>
   173	  rule <k> #iterNext(zipObjS(.IntSeq, _:IntSeq))              => #iterDone ... </k>
   174	  rule <k> #iterNext(zipObjS(iCons(_:Int, _:IntSeq), .IntSeq)) => #iterDone ... </k>
   175	
   176	  // ==== range(stop) / range(start, stop) / range(start, stop, step) =========
   177	  rule applyBuiltin("range", I:Int, .Vals)               => rangeObj(0, I, 1)
   178	  rule applyBuiltin("range", A:Int, B:Int, .Vals)        => rangeObj(A, B, 1)
   179	  rule applyBuiltin("range", A:Int, B:Int, S:Int, .Vals) => rangeObj(A, B, S)
   180	       requires S =/=Int 0
   181	
   182	  // ==== eval(str) — arithmetic expressions (ints, + - * // **, spaces) ========
   183	  // Python precedence: ** right-assoc, then * //, then + -. Promoted from 160's
   184	  // trusted pass evaluator, now DEFINED in the reference and driven by a
   185	  // code-level tokenizer. Reduces on concrete strings (krun); a symbolic
   186	  // argument leaves the call unevaluated for problem-level folds.
   187	  rule applyBuiltin("eval", str(CS:IntSeq), .Vals) => evalArith(CS)
   188	  syntax Int ::= evalArith(IntSeq) [function]
   189	  rule evalArith(CS:IntSeq)
   190	    => firstNdE(passAddE(passMulE(passPowE(tokOps(CS), tokNds(CS)))))
   191	
   192	  syntax OpSeq ::= ".OpSeq" | oCons(String, OpSeq)
   193	
   194	  syntax Bool ::= evDigit(Int) [function, total]
   195	  rule evDigit(C:Int) => C >=Int 48 andBool C <=Int 57
   196	  syntax Bool ::= evHead42(IntSeq) [function, total]
   197	  rule evHead42(iCons(42, _:IntSeq)) => true
   198	  rule evHead42(_:IntSeq)            => false [owise]
   199	  syntax Bool ::= evHead47(IntSeq) [function, total]
   200	  rule evHead47(iCons(47, _:IntSeq)) => true
   201	  rule evHead47(_:IntSeq)            => false [owise]
   202	
   203	  syntax OpSeq ::= tokOps(IntSeq) [function, total]
   204	  rule tokOps(.IntSeq)                 => .OpSeq
   205	  rule tokOps(iCons(32, R:IntSeq))     => tokOps(R)
   206	  rule tokOps(iCons(C:Int, R:IntSeq))  => tokOps(R) requires evDigit(C)
   207	  rule tokOps(iCons(42, iCons(42, R:IntSeq))) => oCons("**", tokOps(R))
   208	  rule tokOps(iCons(42, R:IntSeq))     => oCons("*", tokOps(R)) requires notBool evHead42(R)
   209	  rule tokOps(iCons(47, iCons(47, R:IntSeq))) => oCons("//", tokOps(R))
   210	  rule tokOps(iCons(47, R:IntSeq))     => oCons("/", tokOps(R)) requires notBool evHead47(R)
   211	  rule tokOps(iCons(43, R:IntSeq))     => oCons("+", tokOps(R))
   212	  rule tokOps(iCons(45, R:IntSeq))     => oCons("-", tokOps(R))
   213	
   214	  syntax IntSeq ::= tokNds(IntSeq) [function, total]
   215	                  | tokNdAcc(Int, IntSeq) [function, total]
   216	  rule tokNds(.IntSeq)                => .IntSeq
   217	  rule tokNds(iCons(32, R:IntSeq))    => tokNds(R)
   218	  rule tokNds(iCons(C:Int, R:IntSeq)) => tokNdAcc(C -Int 48, R) requires evDigit(C)
   219	  rule tokNds(iCons(C:Int, R:IntSeq)) => tokNds(R)
   220	       requires notBool evDigit(C) andBool C =/=Int 32
   221	  rule tokNdAcc(A:Int, iCons(C:Int, R:IntSeq)) => tokNdAcc(A *Int 10 +Int (C -Int 48), R)
   222	       requires evDigit(C)
   223	  rule tokNdAcc(A:Int, S:IntSeq) => iCons(A, tokNds(S)) [owise]
   224	
   225	  syntax EvPair ::= evp(OpSeq, IntSeq)
   226	  syntax Int ::= firstNdE(EvPair) [function, total]
   227	  rule firstNdE(evp(_:OpSeq, iCons(N:Int, _:IntSeq))) => N
   228	  rule firstNdE(_:EvPair) => 0 [owise]
   229	
   230	  syntax Int ::= applyOpE(String, Int, Int) [function, total]
   231	  rule applyOpE("+",  A:Int, B:Int) => A +Int B
   232	  rule applyOpE("-",  A:Int, B:Int) => A -Int B
   233	  rule applyOpE("*",  A:Int, B:Int) => A *Int B
   234	  rule applyOpE("//", A:Int, B:Int) => A divInt B
   235	  rule applyOpE("**", A:Int, B:Int) => A ^Int B
   236	  rule applyOpE(_:String, A:Int, _:Int) => A [owise]
   237	
   238	  syntax EvPair ::= passPowE(OpSeq, IntSeq) [function, total]
   239	  rule passPowE(.OpSeq, NDS:IntSeq) => evp(.OpSeq, NDS)
   240	  rule passPowE(oCons("**", OPS:OpSeq), iCons(N:Int, NDS:IntSeq)) => powCombE(N, passPowE(OPS, NDS))
   241	  rule passPowE(oCons(O:String, OPS:OpSeq), iCons(N:Int, NDS:IntSeq)) => powCarryE(O, N, passPowE(OPS, NDS))
   242	       requires O =/=String "**"
   243	  rule passPowE(_:OpSeq, .IntSeq) => evp(.OpSeq, .IntSeq) [owise]
   244	  syntax EvPair ::= powCombE(Int, EvPair) [function, total]
   245	  rule powCombE(N:Int, evp(OPS:OpSeq, iCons(M:Int, REST:IntSeq))) => evp(OPS, iCons(N ^Int M, REST))
   246	  rule powCombE(N:Int, evp(OPS:OpSeq, .IntSeq)) => evp(OPS, iCons(N, .IntSeq))
   247	  syntax EvPair ::= powCarryE(String, Int, EvPair) [function, total]
   248	  rule powCarryE(O:String, N:Int, evp(OPS:OpSeq, NDS:IntSeq)) => evp(oCons(O, OPS), iCons(N, NDS))
   249	
   250	  syntax EvPair ::= passMulE(EvPair) [function, total] | passAddE(EvPair) [function, total]
   251	  rule passMulE(evp(OPS:OpSeq, iCons(N0:Int, NDS:IntSeq))) => passLGoE("mul", N0, OPS, NDS, .OpSeq, .IntSeq)
   252	  rule passMulE(evp(OPS:OpSeq, .IntSeq)) => evp(OPS, .IntSeq)
   253	  rule passAddE(evp(OPS:OpSeq, iCons(N0:Int, NDS:IntSeq))) => passLGoE("add", N0, OPS, NDS, .OpSeq, .IntSeq)
   254	  rule passAddE(evp(OPS:OpSeq, .IntSeq)) => evp(OPS, .IntSeq)
   255	  syntax EvPair ::= passLGoE(String, Int, OpSeq, IntSeq, OpSeq, IntSeq) [function, total]
   256	  rule passLGoE(_:String, CUR:Int, .OpSeq, _:IntSeq, OO:OpSeq, ON:IntSeq) => evp(OO, appendIE(ON, CUR))
   257	  rule passLGoE(L:String, CUR:Int, oCons(O:String, OPS:OpSeq), iCons(N:Int, NDS:IntSeq), OO:OpSeq, ON:IntSeq)
   258	    => passLGoE(L, applyOpE(O, CUR, N), OPS, NDS, OO, ON)
   259	       requires inLevelE(L, O)
   260	  rule passLGoE(L:String, CUR:Int, oCons(O:String, OPS:OpSeq), iCons(N:Int, NDS:IntSeq), OO:OpSeq, ON:IntSeq)
   261	    => passLGoE(L, N, OPS, NDS, appendOpE(OO, O), appendIE(ON, CUR))
   262	       requires notBool inLevelE(L, O)
   263	  rule passLGoE(_:String, CUR:Int, oCons(_:String, _:OpSeq), .IntSeq, OO:OpSeq, ON:IntSeq)
   264	    => evp(OO, appendIE(ON, CUR)) [owise]
   265	  syntax Bool ::= inLevelE(String, String) [function, total]
   266	  rule inLevelE("mul", O:String) => O ==String "*" orBool O ==String "//" orBool O ==String "/"
   267	  rule inLevelE("add", O:String) => O ==String "+" orBool O ==String "-"
   268	  rule inLevelE(_:String, _:String) => false [owise]
   269	  syntax OpSeq ::= appendOpE(OpSeq, String) [function, total]
   270	  rule appendOpE(.OpSeq, O:String) => oCons(O, .OpSeq)
   271	  rule appendOpE(oCons(H:String, T:OpSeq), O:String) => oCons(H, appendOpE(T, O))
   272	  syntax IntSeq ::= appendIE(IntSeq, Int) [function, total]
   273	  rule appendIE(.IntSeq, N:Int) => iCons(N, .IntSeq)
   274	  rule appendIE(iCons(H:Int, T:IntSeq), N:Int) => iCons(H, appendIE(T, N))
   275	
   276	  // ==== hashlib.md5(S).hexdigest() — a trusted opaque digest ==================
   277	  // The md5 value itself is a named shared trust (sortVS-style, no concrete
   278	  // twin); proofs use the length/hex-charset lemmas (lemmas/builtins.k).
   279	  syntax KItem ::= "#md5"
   280	  rule <k> Call(Attribute(Name("hashlib"), "md5"), (E:Expr, .Exprs)) => E ~> #md5 ... </k>
   281	       [priority(40)]
   282	  rule <k> str(CS:IntSeq) ~> #md5 => md5Obj(CS) ... </k>
   283	  syntax Val ::= md5Obj(IntSeq)
   284	  rule applyMethod(md5Obj(CS:IntSeq), "hexdigest", .Vals) => str(md5hexCodes(CS))
   285	  syntax IntSeq ::= md5hexCodes(IntSeq) [function, total, symbol(md5hexCodes), no-evaluators]
   286	
   287	  // ==== isinstance(V, int|str) — an ordinary 2-arg builtin ===================
   288	  // The type argument (int/str) is an ordinary name that resolves via the builtins frame to
   289	  // typeV (see core.k's config); no Call-level special case. isIntV/isStrV mirror the old
   290	  // owise-on-Val test (concrete-sort args decide; a symbolic Val stays owise, as before).
   291	  rule applyBuiltin("isinstance", V:Val, typeV("int"), .Vals) => isIntV(V)
   292	  rule applyBuiltin("isinstance", V:Val, typeV("str"), .Vals) => isStrV(V)
   293	  syntax Bool ::= isIntV(Val) [function] | isStrV(Val) [function]
   294	  rule isIntV(_:Int)         => true
   295	  rule isIntV(_:Val)         => false [owise]
   296	  rule isStrV(str(_:IntSeq)) => true
   297	  rule isStrV(_:Val)         => false [owise]
   298	endmodule
