PWD: /tmp/audit-work/50-decode-shift/candidate-src
COMMAND: /audit-output/evidence/concrete_semantics_test.py /tmp/audit-work/50-decode-shift/candidate-src/semantic-concrete-kompiled /tmp/audit-work/50-decode-shift/candidate-src/solution.mpy /tmp/audit-work/50-decode-shift/trusted/canonical.py llvm
START_UTC: 2026-07-23T13:22:30Z
CASE empty
COMMAND krun /tmp/audit-work/50-decode-shift/candidate-src/solution.mpy --definition /tmp/audit-work/50-decode-shift/candidate-src/semantic-concrete-kompiled -cINPUT=nil
KRUN_EXIT_STATUS 0
INPUT_TEXT ''
EXPECTED_TEXT ''
EXPECTED_CODES []
K_RESULT_CODES []
MATCH true
CASE decode_wrap_a
COMMAND krun /tmp/audit-work/50-decode-shift/candidate-src/solution.mpy --definition /tmp/audit-work/50-decode-shift/candidate-src/semantic-concrete-kompiled '-cINPUT=cons(97, nil)'
KRUN_EXIT_STATUS 0
INPUT_TEXT 'a'
EXPECTED_TEXT 'v'
EXPECTED_CODES [118]
K_RESULT_CODES [118]
MATCH true
CASE decode_wrap_e
COMMAND krun /tmp/audit-work/50-decode-shift/candidate-src/solution.mpy --definition /tmp/audit-work/50-decode-shift/candidate-src/semantic-concrete-kompiled '-cINPUT=cons(101, nil)'
KRUN_EXIT_STATUS 0
INPUT_TEXT 'e'
EXPECTED_TEXT 'z'
EXPECTED_CODES [122]
K_RESULT_CODES [122]
MATCH true
CASE decode_no_wrap_f
COMMAND krun /tmp/audit-work/50-decode-shift/candidate-src/solution.mpy --definition /tmp/audit-work/50-decode-shift/candidate-src/semantic-concrete-kompiled '-cINPUT=cons(102, nil)'
KRUN_EXIT_STATUS 0
INPUT_TEXT 'f'
EXPECTED_TEXT 'a'
EXPECTED_CODES [97]
K_RESULT_CODES [97]
MATCH true
CASE upper_boundary_z
COMMAND krun /tmp/audit-work/50-decode-shift/candidate-src/solution.mpy --definition /tmp/audit-work/50-decode-shift/candidate-src/semantic-concrete-kompiled '-cINPUT=cons(122, nil)'
KRUN_EXIT_STATUS 0
INPUT_TEXT 'z'
EXPECTED_TEXT 'u'
EXPECTED_CODES [117]
K_RESULT_CODES [117]
MATCH true
CASE all_letters
COMMAND krun /tmp/audit-work/50-decode-shift/candidate-src/solution.mpy --definition /tmp/audit-work/50-decode-shift/candidate-src/semantic-concrete-kompiled '-cINPUT=cons(97, cons(98, cons(99, cons(100, cons(101, cons(102, cons(103, cons(104, cons(105, cons(106, cons(107, cons(108, cons(109, cons(110, cons(111, cons(112, cons(113, cons(114, cons(115, cons(116, cons(117, cons(118, cons(119, cons(120, cons(121, cons(122, nil))))))))))))))))))))))))))'
KRUN_EXIT_STATUS 0
INPUT_TEXT 'abcdefghijklmnopqrstuvwxyz'
EXPECTED_TEXT 'vwxyzabcdefghijklmnopqrstu'
EXPECTED_CODES [118, 119, 120, 121, 122, 97, 98, 99, 100, 101, 102, 103, 104, 105, 106, 107, 108, 109, 110, 111, 112, 113, 114, 115, 116, 117]
K_RESULT_CODES [118, 119, 120, 121, 122, 97, 98, 99, 100, 101, 102, 103, 104, 105, 106, 107, 108, 109, 110, 111, 112, 113, 114, 115, 116, 117]
MATCH true
CASE normal_encoded_helloworld
COMMAND krun /tmp/audit-work/50-decode-shift/candidate-src/solution.mpy --definition /tmp/audit-work/50-decode-shift/candidate-src/semantic-concrete-kompiled '-cINPUT=cons(109, cons(106, cons(113, cons(113, cons(116, cons(98, cons(116, cons(119, cons(113, cons(105, nil))))))))))'
KRUN_EXIT_STATUS 0
INPUT_TEXT 'mjqqtbtwqi'
EXPECTED_TEXT 'helloworld'
EXPECTED_CODES [104, 101, 108, 108, 111, 119, 111, 114, 108, 100]
K_RESULT_CODES [104, 101, 108, 108, 111, 119, 111, 114, 108, 100]
MATCH true
CASE mixed_boundaries
COMMAND krun /tmp/audit-work/50-decode-shift/candidate-src/solution.mpy --definition /tmp/audit-work/50-decode-shift/candidate-src/semantic-concrete-kompiled '-cINPUT=cons(97, cons(101, cons(102, cons(122, cons(102, cons(97, cons(101, nil)))))))'
KRUN_EXIT_STATUS 0
INPUT_TEXT 'aefzfae'
EXPECTED_TEXT 'vzauavz'
EXPECTED_CODES [118, 122, 97, 117, 97, 118, 122]
K_RESULT_CODES [118, 122, 97, 117, 97, 118, 122]
MATCH true
BACKEND_LABEL llvm
CASE_COUNT 8
MISMATCH_COUNT 0

EXIT_STATUS: 0
END_UTC: 2026-07-23T13:22:42Z
