WORKDIR: /tmp/audit-work/82-prime-length
COMMAND: /audit-output/evidence/stage4_substitution.py semantic-audit-kompiled solution.submitted.mpy solution.py trusted/canonical.py
COMMAND: ["krun", "solution.submitted.mpy", "--definition", "semantic-audit-kompiled", "-cARG=VStr(\"\")"]
{"formal_postcondition_isPrime": false, "generated_python": false, "input": "", "k_lengthString_observed": 0, "k_return": false, "krun_exit": 0, "python_length": 0, "trusted_canonical_python": false}
COMMAND: ["krun", "solution.submitted.mpy", "--definition", "semantic-audit-kompiled", "-cARG=VStr(\"ab\")"]
{"formal_postcondition_isPrime": true, "generated_python": true, "input": "ab", "k_lengthString_observed": 2, "k_return": true, "krun_exit": 0, "python_length": 2, "trusted_canonical_python": true}
COMMAND: ["krun", "solution.submitted.mpy", "--definition", "semantic-audit-kompiled", "-cARG=VStr(\"Hello\")"]
{"formal_postcondition_isPrime": true, "generated_python": true, "input": "Hello", "k_lengthString_observed": 5, "k_return": true, "krun_exit": 0, "python_length": 5, "trusted_canonical_python": true}
COMMAND: ["krun", "solution.submitted.mpy", "--definition", "semantic-audit-kompiled", "-cARG=VStr(\"λ\")"]
{"formal_postcondition_isPrime": true, "generated_python": false, "input": "λ", "k_lengthString_observed": 2, "k_return": true, "krun_exit": 0, "python_length": 1, "trusted_canonical_python": false}
COMMAND: ["krun", "solution.submitted.mpy", "--definition", "semantic-audit-kompiled", "-cARG=VStr(\"🙂🙂\")"]
{"formal_postcondition_isPrime": false, "generated_python": true, "input": "🙂🙂", "k_lengthString_observed": 8, "k_return": false, "krun_exit": 0, "python_length": 2, "trusted_canonical_python": true}
{
  "formal_execution_failure_count": 0,
  "python_differential_failure_count": 0,
  "formal_to_python_adequacy_mismatch_count": 2,
  "formal_to_python_adequacy_mismatches": [
    {
      "input": "λ",
      "python_length": 1,
      "k_lengthString_observed": 2,
      "formal_postcondition_isPrime": true,
      "k_return": true,
      "generated_python": false,
      "trusted_canonical_python": false,
      "krun_exit": 0
    },
    {
      "input": "🙂🙂",
      "python_length": 2,
      "k_lengthString_observed": 8,
      "formal_postcondition_isPrime": false,
      "k_return": false,
      "generated_python": true,
      "trusted_canonical_python": true,
      "krun_exit": 0
    }
  ],
  "note": "Differences between K/formal and both Python values are reported in the rows but do not make this script exit nonzero; they are adequacy failures, not failures of internal K closure."
}

EXIT_STATUS: 0
