COMMAND: find . -maxdepth 3 -type f -printf %P\\n
Proof.lean
lean-toolchain
lake-manifest.json
lakefile.lean
.lake/lakefile.olean.trace
.lake/lakefile.olean
Base/lakefile.toml
Base/Klean28Concatenate/Lemmas.lean
Base/Klean28Concatenate/Inj.lean
Base/Klean28Concatenate/Func.lean
Base/Klean28Concatenate/Sorts.lean
Base/Klean28Concatenate/Rewrite.lean
Base/Klean28Concatenate/Prelude.lean
Base/lean-toolchain
Base/lake-manifest.json
Base/obligation-map.json
Base/.gitignore
Base/Klean28Concatenate.lean

EXIT_CODE: 0
