COMMAND: kprove fixed-semantics-lemma.k --definition fixed-semantics-kompiled --spec-module FIXED-SEMANTICS-LEMMA
WORKDIR: /tmp/audit-work/reconstruction
--- OUTPUT ---
kore-exec: [1077585] Warning (WarnStuckClaimState):
    The configuration's term unifies with the destination's term, but the implication check between the conditions has failed. Location: /tmp/audit-work/reconstruction/fixed-semantics-lemma.k:9:5-15:22
Context:
    (InfoReachability) while checking the implication
  #Ceil ( applyCmp ( "==" , V , I:Int ) )
#And
  #Not ( #Ceil ( project:Int ( V:Val ~> .K ) )
  #And
    {
      project:Int ( V:Val ~> .K ) ==Int I
    #Equals
      applyCmp ( "==" , V , I:Int )
    } )
#And
  <generatedTop>
    <k>
      applyCmp ( "==" , V , I:Int ) ~> _DotVar1 ~> .K
    </k>
    <env>
      _Gen10
    </env>
    <scopes>
      _Gen11
    </scopes>
    <scopeLoc>
      _Gen12
    </scopeLoc>
    <heap>
      _Gen13
    </heap>
    <heapLoc>
      _Gen14
    </heapLoc>
    <stack>
      _Gen15
    </stack>
    <ret>
      _Gen16
    </ret>
    <exc>
      _Gen17
    </exc>
    <exit-code>
      _Gen18
    </exit-code>
  </generatedTop>
#And
  {
    true
  #Equals
    isInt ( V:Val ~> .K )
  }
[Warning] Compiler: Variable 'As' defined but not used. Prefix variable name
with underscore if this is intentional.
	Source(/tmp/audit-work/reconstruction/reference-semantics/semantics/str.k)
	Location(52,27,52,29)
	52 |	  rule strLt(iCons(A:Int, As:IntSeq), iCons(B:Int, Bs:IntSeq)) => true   
      requires A  <Int B
	   .	                          ^~
[Warning] Compiler: Variable 'Bs' defined but not used. Prefix variable name
with underscore if this is intentional.
	Source(/tmp/audit-work/reconstruction/reference-semantics/semantics/str.k)
	Location(52,52,52,54)
	52 |	  rule strLt(iCons(A:Int, As:IntSeq), iCons(B:Int, Bs:IntSeq)) => true   
      requires A  <Int B
	   .	                                                   ^~
[Warning] Compiler: Variable 'As' defined but not used. Prefix variable name
with underscore if this is intentional.
	Source(/tmp/audit-work/reconstruction/reference-semantics/semantics/str.k)
	Location(53,27,53,29)
	53 |	  rule strLt(iCons(A:Int, As:IntSeq), iCons(B:Int, Bs:IntSeq)) => false  
      requires A  >Int B
	   .	                          ^~
[Warning] Compiler: Variable 'Bs' defined but not used. Prefix variable name
with underscore if this is intentional.
	Source(/tmp/audit-work/reconstruction/reference-semantics/semantics/str.k)
	Location(53,52,53,54)
	53 |	  rule strLt(iCons(A:Int, As:IntSeq), iCons(B:Int, Bs:IntSeq)) => false  
      requires A  >Int B
	   .	                                                   ^~
[Error] Prover: backend terminated because the configuration cannot be
rewritten further. See output for more details.
--- END OUTPUT ---
EXIT STATUS: 1
