COMMAND: find . -maxdepth 2 -type d -name \*-kompiled -print 
EXIT: 0

COMMAND: python3 /audit-output/evidence/03_make_concrete_tests.py solution.mpy concrete-tests.mpy 
wrote concrete-tests.mpy with 10 assertions
EXIT: 0

COMMAND: kompile reference-semantics/semantics.k --backend llvm --main-module MPY-KRUN --syntax-module MPY-SYNTAX --output-definition runtime-audit-kompiled 
[Warning] Compiler: Non exhaustive match detected:
`mapStrVS(_)_MPY-BUILTINS_ValSeq_ValSeq`(`vCons(_,_)_MPY-CORE_ValSeq_Val_ValSeq`(`cellsMark(_)_MPY-CORE_Val_ParamNames`(_),_))
	Source(/tmp/audit-work/rebuild/reference-semantics/semantics/builtins.k)
	Location(134,21,134,55)
	134 |	  syntax ValSeq ::= mapStrVS(ValSeq) [function, total]
	    .	                    ^~~~~~~~~~~~~~~~~~~~~~~~~~~~~~~~~~
[Warning] Compiler: Non exhaustive match detected:
floorFI(`cellsMark(_)_MPY-CORE_Val_ParamNames`(_))
	Source(/tmp/audit-work/rebuild/reference-semantics/semantics/float.k)
	Location(73,18,73,65)
	73 |	  syntax Int ::= floorFI(Val) [function, total, symbol(floorFI)]
	   .	                 ^~~~~~~~~~~~~~~~~~~~~~~~~~~~~~~~~~~~~~~~~~~~~~~
[Warning] Compiler: Non exhaustive match detected:
toF(`cellsMark(_)_MPY-CORE_Val_ParamNames`(_))
	Source(/tmp/audit-work/rebuild/reference-semantics/semantics/float.k)
	Location(86,20,86,59)
	86 |	  syntax Float ::= toF(Val) [function, total, symbol(toF)]
	   .	                   ^~~~~~~~~~~~~~~~~~~~~~~~~~~~~~~~~~~~~~~
[Warning] Compiler: Non exhaustive match detected:
ceilF(`cellsMark(_)_MPY-CORE_Val_ParamNames`(_))
	Source(/tmp/audit-work/rebuild/reference-semantics/semantics/float.k)
	Location(93,18,93,61)
	93 |	  syntax Int ::= ceilF(Val) [function, total, symbol(ceilF)]
	   .	                 ^~~~~~~~~~~~~~~~~~~~~~~~~~~~~~~~~~~~~~~~~~~
[Warning] Compiler: Non exhaustive match detected:
`joinCodes(_,_)_MPY-METHODS_IntSeq_IntSeq_ValSeq`(_,`vCons(_,_)_MPY-CORE_ValSeq_Val_ValSeq`(`cellsMark(_)_MPY-CORE_Val_ParamNames`(_),_))
	Source(/tmp/audit-work/rebuild/reference-semantics/semantics/methods.k)
	Location(27,21,27,64)
	27 |	  syntax IntSeq ::= joinCodes(IntSeq, ValSeq) [function, total]
	   .	                    ^~~~~~~~~~~~~~~~~~~~~~~~~~~~~~~~~~~~~~~~~~~
[Warning] Compiler: Variable 'As' defined but not used. Prefix variable name
with underscore if this is intentional.
	Source(/tmp/audit-work/rebuild/reference-semantics/semantics/str.k)
	Location(52,27,52,29)
	52 |	  rule strLt(iCons(A:Int, As:IntSeq), iCons(B:Int, Bs:IntSeq)) => true   
      requires A  <Int B
	   .	                          ^~
[Warning] Compiler: Variable 'Bs' defined but not used. Prefix variable name
with underscore if this is intentional.
	Source(/tmp/audit-work/rebuild/reference-semantics/semantics/str.k)
	Location(52,52,52,54)
	52 |	  rule strLt(iCons(A:Int, As:IntSeq), iCons(B:Int, Bs:IntSeq)) => true   
      requires A  <Int B
	   .	                                                   ^~
[Warning] Compiler: Variable 'As' defined but not used. Prefix variable name
with underscore if this is intentional.
	Source(/tmp/audit-work/rebuild/reference-semantics/semantics/str.k)
	Location(53,27,53,29)
	53 |	  rule strLt(iCons(A:Int, As:IntSeq), iCons(B:Int, Bs:IntSeq)) => false  
      requires A  >Int B
	   .	                          ^~
[Warning] Compiler: Variable 'Bs' defined but not used. Prefix variable name
with underscore if this is intentional.
	Source(/tmp/audit-work/rebuild/reference-semantics/semantics/str.k)
	Location(53,52,53,54)
	53 |	  rule strLt(iCons(A:Int, As:IntSeq), iCons(B:Int, Bs:IntSeq)) => false  
      requires A  >Int B
	   .	                                                   ^~
[Warning] Compiler: Non exhaustive match detected:
`valSeqAt(_,_)_MPY-SUBSCRIPT_Val_ValSeq_Int`(`.ValSeq_MPY-CORE_ValSeq`(.KList),_)
	Source(/tmp/audit-work/rebuild/reference-semantics/semantics/subscript.k)
	Location(11,18,11,57)
	11 |	  syntax Val ::= valSeqAt(ValSeq, Int) [function, total]
	   .	                 ^~~~~~~~~~~~~~~~~~~~~~~~~~~~~~~~~~~~~~~
EXIT: 0

COMMAND: krun concrete-tests.mpy --definition runtime-audit-kompiled --output none 
EXIT: 0

COMMAND: kompile verification.k --backend haskell --main-module VERIFICATION --syntax-module VERIFICATION --output-definition verification-audit-kompiled 
[Warning] Compiler: Variable 'As' defined but not used. Prefix variable name
with underscore if this is intentional.
	Source(/tmp/audit-work/rebuild/reference-semantics/semantics/str.k)
	Location(52,27,52,29)
	52 |	  rule strLt(iCons(A:Int, As:IntSeq), iCons(B:Int, Bs:IntSeq)) => true   
      requires A  <Int B
	   .	                          ^~
[Warning] Compiler: Variable 'Bs' defined but not used. Prefix variable name
with underscore if this is intentional.
	Source(/tmp/audit-work/rebuild/reference-semantics/semantics/str.k)
	Location(52,52,52,54)
	52 |	  rule strLt(iCons(A:Int, As:IntSeq), iCons(B:Int, Bs:IntSeq)) => true   
      requires A  <Int B
	   .	                                                   ^~
[Warning] Compiler: Variable 'As' defined but not used. Prefix variable name
with underscore if this is intentional.
	Source(/tmp/audit-work/rebuild/reference-semantics/semantics/str.k)
	Location(53,27,53,29)
	53 |	  rule strLt(iCons(A:Int, As:IntSeq), iCons(B:Int, Bs:IntSeq)) => false  
      requires A  >Int B
	   .	                          ^~
[Warning] Compiler: Variable 'Bs' defined but not used. Prefix variable name
with underscore if this is intentional.
	Source(/tmp/audit-work/rebuild/reference-semantics/semantics/str.k)
	Location(53,52,53,54)
	53 |	  rule strLt(iCons(A:Int, As:IntSeq), iCons(B:Int, Bs:IntSeq)) => false  
      requires A  >Int B
	   .	                                                   ^~
EXIT: 0

COMMAND: kast --definition verification-audit-kompiled --module VERIFICATION --sort Module --expand-macros --output kore solution.mpy > parsed-solution.kore
EXIT: 0

COMMAND: kast --definition verification-audit-kompiled --module VERIFICATION --sort Module --expand-macros --output kore --expression solutionProgram > macro-solution.kore
EXIT: 0

COMMAND: cmp -s parsed-solution.kore macro-solution.kore 
EXIT: 0

COMMAND: sha256sum parsed-solution.kore macro-solution.kore 
6aa2b0dd7beba2ebea185c24c803aada04907e1f1bc9666ac3f12cd26b0a3040  parsed-solution.kore
6aa2b0dd7beba2ebea185c24c803aada04907e1f1bc9666ac3f12cd26b0a3040  macro-solution.kore
EXIT: 0

