COMMAND: kprove spec-vacuity.k --definition verification-audit-kompiled --spec-module SPEC-VACUITY
kore-exec: [24776091] Warning (WarnStuckClaimState):
    The configuration's term unifies with the destination's term, but the implication check between the conditions has failed. Location: /tmp/audit-work/rebuild/spec-vacuity.k:8:9-27:41
Context:
    (InfoReachability) while checking the implication
  #Not ( {
    A +Int B +Int 1
  #Equals
    A +Int B
  } )
#And
  <generatedTop>
    <k>
      A +Int B ~> .K
    </k>
    <env>
      0
    </env>
    <scopes>
      -1 |-> scope ( "abs" |-> builtinV ( "abs" )
      "all" |-> builtinV ( "all" )
      "any" |-> builtinV ( "any" )
      "bin" |-> builtinV ( "bin" )
      "chr" |-> builtinV ( "chr" )
      "enumerate" |-> builtinV ( "enumerate" )
      "eval" |-> builtinV ( "eval" )
      "float" |-> typeV ( "float" )
      "int" |-> typeV ( "int" )
      "isinstance" |-> builtinV ( "isinstance" )
      "len" |-> builtinV ( "len" )
      "list" |-> builtinV ( "list" )
      "map" |-> builtinV ( "map" )
      "max" |-> builtinV ( "max" )
      "min" |-> builtinV ( "min" )
      "ord" |-> builtinV ( "ord" )
      "range" |-> builtinV ( "range" )
      "round" |-> builtinV ( "round" )
      "set" |-> builtinV ( "set" )
      "sorted" |-> builtinV ( "sorted" )
      "str" |-> typeV ( "str" )
      "sum" |-> builtinV ( "sum" )
      "zip" |-> builtinV ( "zip" ) , root )
      0 |-> scope ( "_evaluate" |-> closureVal ( "operator" , "operand" , "start" , "end" , "level" , .ParamNames , If ( Compare ( Name ( "level" ) , CmpOp ( "==" , Int ( 0 ) ) ) , Assign ( Name ( "i" ) , BinOp ( "-" , Name ( "end" ) , Int ( 1 ) ) )  While ( Compare ( Name ( "i" ) , CmpOp ( ">=" , Name ( "start" ) ) ) , If ( Compare ( Subscript ( Name ( "operator" ) , Name ( "i" ) ) , CmpOp ( "==" , Str ( "+" ) ) ) , Return ( BinOp ( "+" , Call ( Name ( "_evaluate" ) , Name ( "operator" ) , Name ( "operand" ) , Name ( "start" ) , Name ( "i" ) , Int ( 0 ) , .Exprs ) , Call ( Name ( "_evaluate" ) , Name ( "operator" ) , Name ( "operand" ) , BinOp ( "+" , Name ( "i" ) , Int ( 1 ) ) , Name ( "end" ) , Int ( 1 ) , .Exprs ) ) )  .Stmts , .Stmts )  If ( Compare ( Subscript ( Name ( "operator" ) , Name ( "i" ) ) , CmpOp ( "==" , Str ( "-" ) ) ) , Return ( BinOp ( "-" , Call ( Name ( "_evaluate" ) , Name ( "operator" ) , Name ( "operand" ) , Name ( "start" ) , Name ( "i" ) , Int ( 0 ) , .Exprs ) , Call ( Name ( "_evaluate" ) , Name ( "operator" ) , Name ( "operand" ) , BinOp ( "+" , Name ( "i" ) , Int ( 1 ) ) , Name ( "end" ) , Int ( 1 ) , .Exprs ) ) )  .Stmts , .Stmts )  AugAssign ( Name ( "i" ) , "-" , Int ( 1 ) )  .Stmts )  Return ( Call ( Name ( "_evaluate" ) , Name ( "operator" ) , Name ( "operand" ) , Name ( "start" ) , Name ( "end" ) , Int ( 1 ) , .Exprs ) )  .Stmts , .Stmts )  If ( Compare ( Name ( "level" ) , CmpOp ( "==" , Int ( 1 ) ) ) , Assign ( Name ( "i" ) , BinOp ( "-" , Name ( "end" ) , Int ( 1 ) ) )  While ( Compare ( Name ( "i" ) , CmpOp ( ">=" , Name ( "start" ) ) ) , If ( Compare ( Subscript ( Name ( "operator" ) , Name ( "i" ) ) , CmpOp ( "==" , Str ( "*" ) ) ) , Return ( BinOp ( "*" , Call ( Name ( "_evaluate" ) , Name ( "operator" ) , Name ( "operand" ) , Name ( "start" ) , Name ( "i" ) , Int ( 1 ) , .Exprs ) , Call ( Name ( "_evaluate" ) , Name ( "operator" ) , Name ( "operand" ) , BinOp ( "+" , Name ( "i" ) , Int ( 1 ) ) , Name ( "end" ) , Int ( 2 ) , .Exprs ) ) )  .Stmts , .Stmts )  If ( Compare ( Subscript ( Name ( "operator" ) , Name ( "i" ) ) , CmpOp ( "==" , Str ( "//" ) ) ) , Return ( BinOp ( "//" , Call ( Name ( "_evaluate" ) , Name ( "operator" ) , Name ( "operand" ) , Name ( "start" ) , Name ( "i" ) , Int ( 1 ) , .Exprs ) , Call ( Name ( "_evaluate" ) , Name ( "operator" ) , Name ( "operand" ) , BinOp ( "+" , Name ( "i" ) , Int ( 1 ) ) , Name ( "end" ) , Int ( 2 ) , .Exprs ) ) )  .Stmts , .Stmts )  AugAssign ( Name ( "i" ) , "-" , Int ( 1 ) )  .Stmts )  Return ( Call ( Name ( "_evaluate" ) , Name ( "operator" ) , Name ( "operand" ) , Name ( "start" ) , Name ( "end" ) , Int ( 2 ) , .Exprs ) )  .Stmts , .Stmts )  If ( Compare ( Name ( "level" ) , CmpOp ( "==" , Int ( 2 ) ) ) , Assign ( Name ( "i" ) , Name ( "start" ) )  While ( Compare ( Name ( "i" ) , CmpOp ( "<" , Name ( "end" ) ) ) , If ( Compare ( Subscript ( Name ( "operator" ) , Name ( "i" ) ) , CmpOp ( "==" , Str ( "**" ) ) ) , Return ( BinOp ( "**" , Call ( Name ( "_evaluate" ) , Name ( "operator" ) , Name ( "operand" ) , Name ( "start" ) , Name ( "i" ) , Int ( 3 ) , .Exprs ) , Call ( Name ( "_evaluate" ) , Name ( "operator" ) , Name ( "operand" ) , BinOp ( "+" , Name ( "i" ) , Int ( 1 ) ) , Name ( "end" ) , Int ( 2 ) , .Exprs ) ) )  .Stmts , .Stmts )  AugAssign ( Name ( "i" ) , "+" , Int ( 1 ) )  .Stmts )  Return ( Call ( Name ( "_evaluate" ) , Name ( "operator" ) , Name ( "operand" ) , Name ( "start" ) , Name ( "end" ) , Int ( 3 ) , .Exprs ) )  .Stmts , .Stmts )  Return ( Subscript ( Name ( "operand" ) , Name ( "start" ) ) )  .Stmts , 0 )
      "do_algebra" |-> closureVal ( "operator" , "operand" , .ParamNames , Return ( Call ( Name ( "_evaluate" ) , Name ( "operator" ) , Name ( "operand" ) , Int ( 0 ) , Call ( Name ( "len" ) , Name ( "operator" ) , .Exprs ) , Int ( 0 ) , .Exprs ) )  .Stmts , 0 ) , parent ( -1 ) )
    </scopes>
    <scopeLoc>
      1
    </scopeLoc>
    <heap>
      .Map
    </heap>
    <heapLoc>
      0
    </heapLoc>
    <stack>
      .List
    </stack>
    <ret>
      noRet
    </ret>
    <exc>
      NoExc
    </exc>
    <exit-code>
      0
    </exit-code>
  </generatedTop>
#And
  {
    true
  #Equals
    A >=Int 0
  }
#And
  {
    true
  #Equals
    B >=Int 0
  }
[Warning] Compiler: Variable 'As' defined but not used. Prefix variable name
with underscore if this is intentional.
	Source(/tmp/audit-work/rebuild/reference-semantics/semantics/str.k)
	Location(52,27,52,29)
	52 |	  rule strLt(iCons(A:Int, As:IntSeq), iCons(B:Int, Bs:IntSeq)) => true   
      requires A  <Int B
	   .	                          ^~
[Warning] Compiler: Variable 'Bs' defined but not used. Prefix variable name
with underscore if this is intentional.
	Source(/tmp/audit-work/rebuild/reference-semantics/semantics/str.k)
	Location(52,52,52,54)
	52 |	  rule strLt(iCons(A:Int, As:IntSeq), iCons(B:Int, Bs:IntSeq)) => true   
      requires A  <Int B
	   .	                                                   ^~
[Warning] Compiler: Variable 'As' defined but not used. Prefix variable name
with underscore if this is intentional.
	Source(/tmp/audit-work/rebuild/reference-semantics/semantics/str.k)
	Location(53,27,53,29)
	53 |	  rule strLt(iCons(A:Int, As:IntSeq), iCons(B:Int, Bs:IntSeq)) => false  
      requires A  >Int B
	   .	                          ^~
[Warning] Compiler: Variable 'Bs' defined but not used. Prefix variable name
with underscore if this is intentional.
	Source(/tmp/audit-work/rebuild/reference-semantics/semantics/str.k)
	Location(53,52,53,54)
	53 |	  rule strLt(iCons(A:Int, As:IntSeq), iCons(B:Int, Bs:IntSeq)) => false  
      requires A  >Int B
	   .	                                                   ^~
[Warning] Compiler: Variable '?FINAL_SCOPES' defined but not used. Prefix
variable name with underscore if this is intentional.
	Source(/tmp/audit-work/rebuild/spec-vacuity.k)
	Location(18,14,18,27)
	18 |	          => ?FINAL_SCOPES:Map
	   .	             ^~~~~~~~~~~~~
[Error] Prover: backend terminated because the configuration cannot be
rewritten further. See output for more details.
EXIT: 1
HAS_STUCK_CLAIM: yes
HAS_EXACT_TOP: no
