COMMAND: kprove spec-vacuity-audit.k --definition verification-haskell-audit --spec-module SPEC-VACUITY-AUDIT
WORKDIR: /tmp/audit-work/reconstruction
START_UTC: 2026-07-26T10:52:08Z
kore-exec: [580085] Warning (WarnStuckClaimState):
    The configuration's term unifies with the destination's term, but the implication check between the conditions has failed. Location: /tmp/audit-work/reconstruction/spec-vacuity-audit.k:8:5-37:14
Context:
    (InfoReachability) while checking the implication
kore-exec: [583662] Warning (WarnUnexploredBranches):
    3 branches were still unexplored when the action failed.
  #Not ( {
    gcdSpec ( A , B ) +Int 1
  #Equals
    gcdSpec ( A , B )
  } )
#And
  <gcd-program>
    <k>
      .K
    </k>
    <env>
      "a" |-> gcdSpec ( A , B )
      "b" |-> 0
      "r" |-> 0
    </env>
    <inputA>
      A
    </inputA>
    <inputB>
      B
    </inputB>
    <result>
      result ( gcdSpec ( A , B ) )
    </result>
  </gcd-program>
#And
  {
    false
  #Equals
    A <Int 0
  }
#And
  {
    false
  #Equals
    B <Int 0
  }
#And
  {
    true
  #Equals
    A >=Int 0
  }
#And
  {
    true
  #Equals
    B >=Int 0
  }
[Error] Prover: backend terminated because the configuration cannot be
rewritten further. See output for more details.
EXIT_STATUS: 1
END_UTC: 2026-07-26T10:52:10Z
