COMMAND: python3 /audit-output/evidence/stage4_pinning.py
COMMAND: kast --definition /tmp/audit-work/125-split-words/auditor-verification-kompiled --output json --module MPY-SYNTAX --sort Module /tmp/audit-work/125-split-words/solution.regenerated.mpy
EXIT_STATUS: 0
COMMAND: kast --definition /tmp/audit-work/125-split-words/auditor-verification-kompiled --output json --module VERIFICATION --sort Stmts --expression Assign(Name("parts"), Call(Attribute(Name("txt"), "split"), .Exprs))
    If(
      BoolOp(
        "and",
        Name("txt"),
        Compare(Name("parts"), CmpOp("!=", ListExpr(Name("txt"), .Exprs))),
        .Exprs
      ),
      Return(Name("parts")) .Stmts,
      .Stmts
    )
    If(
      Compare(Str(","), CmpOp("in", Name("txt"))),
      Return(Call(Attribute(Name("txt"), "split"), Str(","), .Exprs)) .Stmts,
      .Stmts
    )
    Return(
      BinOp(
        "+",
        BinOp(
          "+",
          BinOp(
            "+",
            BinOp(
              "+",
              BinOp(
                "+",
                BinOp(
                  "+",
                  BinOp(
                    "+",
                    BinOp(
                      "+",
                      BinOp(
                        "+",
                        BinOp(
                          "+",
                          BinOp(
                            "+",
                            BinOp(
                              "+",
                              Call(Attribute(Name("txt"), "count"), Str("b"), .Exprs),
                              Call(Attribute(Name("txt"), "count"), Str("d"), .Exprs)
                            ),
                            Call(Attribute(Name("txt"), "count"), Str("f"), .Exprs)
                          ),
                          Call(Attribute(Name("txt"), "count"), Str("h"), .Exprs)
                        ),
                        Call(Attribute(Name("txt"), "count"), Str("j"), .Exprs)
                      ),
                      Call(Attribute(Name("txt"), "count"), Str("l"), .Exprs)
                    ),
                    Call(Attribute(Name("txt"), "count"), Str("n"), .Exprs)
                  ),
                  Call(Attribute(Name("txt"), "count"), Str("p"), .Exprs)
                ),
                Call(Attribute(Name("txt"), "count"), Str("r"), .Exprs)
              ),
              Call(Attribute(Name("txt"), "count"), Str("t"), .Exprs)
            ),
            Call(Attribute(Name("txt"), "count"), Str("v"), .Exprs)
          ),
          Call(Attribute(Name("txt"), "count"), Str("x"), .Exprs)
        ),
        Call(Attribute(Name("txt"), "count"), Str("z"), .Exprs)
      )
    ) .Stmts
EXIT_STATUS: 113
STDERR: [Error] Inner Parser: Scanner error: unexpected character sequence 's'.
	Source(<command line: -e>)
	Location(1,66,1,67)
PINNING_EXIT_STATUS: 113
COMMAND: python3 /audit-output/evidence/stage4_ground_witnesses.py
'' precondition_branch=empty claimed_result=0 candidate=0 canonical=0
'Hello world!' precondition_branch=whitespace claimed_result=['Hello', 'world!'] candidate=['Hello', 'world!'] canonical=['Hello', 'world!']
'Hello,world!' precondition_branch=comma claimed_result=['Hello', 'world!'] candidate=['Hello', 'world!'] canonical=['Hello', 'world!']
'abcdef' precondition_branch=count claimed_result=3 candidate=3 canonical=3
all_entry_preconditions_satisfiable=True
all_ground_results_agree=True
WITNESS_EXIT_STATUS: 0
OVERALL_EXIT_STATUS: 1
