COMMAND: kprove spec-audit-vacuity-ground.k --definition verification-kompiled --spec-module SPEC-AUDIT-VACUITY-GROUND --claims SPEC-AUDIT-VACUITY-GROUND.false-ground-off-by-one --dry-run
EXIT_STATUS: 0
OUTPUT_LINES: 29
kore-exec /tmp/audit-work/audit73/./verification-kompiled/definition.kore --module VERIFICATION --prove /tmp/.kprove-2026-07-24-09-13-35-975-6a35cc21-d647-4c08-b516-6222011641a1/spec.kore --spec-module SPEC-AUDIT-VACUITY-GROUND --output /tmp/.kprove-2026-07-24-09-13-35-975-6a35cc21-d647-4c08-b516-6222011641a1/result.kore
[Warning] Compiler: Variable 'As' defined but not used. Prefix variable name
with underscore if this is intentional.
	Source(/tmp/audit-work/audit73/reference-semantics/semantics/str.k)
	Location(52,27,52,29)
	52 |	  rule strLt(iCons(A:Int, As:IntSeq), iCons(B:Int, Bs:IntSeq)) => true   
      requires A  <Int B
	   .	                          ^~
[Warning] Compiler: Variable 'Bs' defined but not used. Prefix variable name
with underscore if this is intentional.
	Source(/tmp/audit-work/audit73/reference-semantics/semantics/str.k)
	Location(52,52,52,54)
	52 |	  rule strLt(iCons(A:Int, As:IntSeq), iCons(B:Int, Bs:IntSeq)) => true   
      requires A  <Int B
	   .	                                                   ^~
[Warning] Compiler: Variable 'As' defined but not used. Prefix variable name
with underscore if this is intentional.
	Source(/tmp/audit-work/audit73/reference-semantics/semantics/str.k)
	Location(53,27,53,29)
	53 |	  rule strLt(iCons(A:Int, As:IntSeq), iCons(B:Int, Bs:IntSeq)) => false  
      requires A  >Int B
	   .	                          ^~
[Warning] Compiler: Variable 'Bs' defined but not used. Prefix variable name
with underscore if this is intentional.
	Source(/tmp/audit-work/audit73/reference-semantics/semantics/str.k)
	Location(53,52,53,54)
	53 |	  rule strLt(iCons(A:Int, As:IntSeq), iCons(B:Int, Bs:IntSeq)) => false  
      requires A  >Int B
	   .	                                                   ^~
