WITNESS: message="test" satisfies the original and mutated preconditions; trusted canonical and candidate Python both return "TGST", not "TGSS".
COMMAND: kprove spec-vacuity-audit.k --definition concrete-verification-kompiled --spec-module CONCRETE-SPEC-VACUITY-AUDIT --claims CONCRETE-SPEC-VACUITY-AUDIT.false-example-test
kore-exec: [291495] Warning (WarnStuckClaimState):
    The configuration's term doesn't unify with the destination's term and the configuration cannot be rewritten further. Location: /tmp/audit-work/93-encode-audit/candidate/spec-vacuity-audit.k:11:5-14:59
Context:
    (InfoReachability) while checking the implication
<python>
  <k>
    .K
  </k>
  <env>
    "char" |-> pyStr ( "t" )
    "message" |-> pyStr ( "test" )
    "result" |-> pyStr ( "TGST" )
  </env>
  <functions>
    "encode" |-> closure ( Params ( "message" , .Strings ) , Assign ( Name ( "result" ) , Str ( "" ) )  For ( Name ( "char" ) , Name ( "message" ) , If ( Compare ( Name ( "char" ) , CmpOp ( "in" , Str ( "aeiouAEIOU" ) ) , .CmpOps ) , Assign ( Name ( "char" ) , Call ( Name ( "chr" ) , BinOp ( "+" , Call ( Name ( "ord" ) , Name ( "char" ) , .Exprs ) , Int ( 2 ) ) , .Exprs ) )  .Stmts , .Stmts )  AugAssign ( Name ( "result" ) , "+" , Call ( Attribute ( Name ( "char" ) , "swapcase" ) , .Exprs ) )  .Stmts )  Return ( Name ( "result" ) )  .Stmts )
  </functions>
  <result>
    returned ( pyStr ( "TGST" ) )
  </result>
</python>
[Warning] Compiler: Variable '?RHO' defined but not used. Prefix variable name
with underscore if this is intentional.
	Source(/tmp/audit-work/93-encode-audit/candidate/spec-vacuity-audit.k)
	Location(12,19,12,23)
	12 |	    <env> .Map => ?RHO </env>
	   .	                  ^~~~
[Warning] Compiler: Variable '?FS' defined but not used. Prefix variable name
with underscore if this is intentional.
	Source(/tmp/audit-work/93-encode-audit/candidate/spec-vacuity-audit.k)
	Location(13,25,13,28)
	13 |	    <functions> .Map => ?FS </functions>
	   .	                        ^~~
[Error] Prover: backend terminated because the configuration cannot be
rewritten further. See output for more details.
EXIT_STATUS: 1
