+ '[' -z '' ']'
+ return
+ case $- in
+ return
+ export LD_PRELOAD=/tmp/audit-work/proc_self_exe_shim.so
+ LD_PRELOAD=/tmp/audit-work/proc_self_exe_shim.so
+ export PATH=/opt/elan/toolchains/leanprover--lean4---v4.22.0/bin:/usr/bin:/bin
+ PATH=/opt/elan/toolchains/leanprover--lean4---v4.22.0/bin:/usr/bin:/bin
+ export PYTHONPATH=/reference
+ PYTHONPATH=/reference
+ python3 -
RUN ["lake", "clean"] CWD /tmp/klean-preflight-717dotif/project TIMEOUT 600
EXIT 0
OUTPUT_BEGIN
OUTPUT_END
RUN ["lake", "build"] CWD /tmp/klean-preflight-717dotif/project TIMEOUT 600
EXIT 0
OUTPUT_BEGIN
✔ [2/9] Built Klean110Exchange.Prelude
✔ [3/9] Built Klean110Exchange.Sorts
✔ [4/9] Built Klean110Exchange.Inj
✔ [5/9] Built Klean110Exchange.Lemmas
✔ [6/9] Built Klean110Exchange.Func
✔ [7/9] Built Klean110Exchange.Rewrite
✔ [8/9] Built Klean110Exchange
Build completed successfully.
OUTPUT_END
RETURNED_EVIDENCE_BEGIN
{
  "designated_sorry_count": 0,
  "diagnostics": [
    {
      "command": [
        "lake",
        "clean"
      ],
      "exit_code": 0,
      "output_sha256": "e3b0c44298fc1c149afbf4c8996fb92427ae41e4649b934ca495991b7852b855",
      "output_tail": ""
    },
    {
      "command": [
        "lake",
        "build"
      ],
      "exit_code": 0,
      "output_sha256": "8881fde580a923e58db3f4355c0c61d01c9de19abd23df51c7fc162b6989d1c0",
      "output_tail": "\u2714 [2/9] Built Klean110Exchange.Prelude\n\u2714 [3/9] Built Klean110Exchange.Sorts\n\u2714 [4/9] Built Klean110Exchange.Inj\n\u2714 [5/9] Built Klean110Exchange.Lemmas\n\u2714 [6/9] Built Klean110Exchange.Func\n\u2714 [7/9] Built Klean110Exchange.Rewrite\n\u2714 [8/9] Built Klean110Exchange\nBuild completed successfully.\n"
    }
  ],
  "frozen_input_sha256": "9a49aecaeece05fe3ea241df1f08949a341d6ddd2dbf80e4ad0a2e45b4aaef8b",
  "generated_tree_sha256": "2fd779a4efd71d0e63e2877c0186009566f2940107d1849047b3da3d1d8253b0",
  "obligation_count": 0,
  "schema_version": 3,
  "stage1_workspace_sha256": "9a49aecaeece05fe3ea241df1f08949a341d6ddd2dbf80e4ad0a2e45b4aaef8b",
  "stage3_discovery_manifest_sha256": "d95c59386f33947a3975de80e63804c5adf550cfbcad82f9f033e863249cc8da",
  "status": "KLEAN_NO_OBLIGATIONS",
  "target": null,
  "trust_declaration_count": 42
}
RETURNED_EVIDENCE_END
