+ '[' -z '' ']'
+ return
+ case $- in
+ return
+ python3 -
{
  "actual_file_hashes": {
    "klean.py": "5d419b1cf907ab880eeb88a68e0d6da0bf59a92a56a0803b34d53698d91caabe",
    "klean_export.py": "4fa919ac98483620c7024ed7424c8b19f21406a2146feafad84ab4c813117881"
  },
  "all_file_hashes_exact": true,
  "all_image_ids_exact": true,
  "audit_input_bound_image_id": "sha256:15baeb15b1ea8266bfad3dbc3a75ee531cf429f1b73e0e3ff478f279e6308f63",
  "generator_manifest_file_hashes": {
    "klean.py": "5d419b1cf907ab880eeb88a68e0d6da0bf59a92a56a0803b34d53698d91caabe",
    "klean_export.py": "4fa919ac98483620c7024ed7424c8b19f21406a2146feafad84ab4c813117881"
  },
  "generator_manifest_image_id": "sha256:15baeb15b1ea8266bfad3dbc3a75ee531cf429f1b73e0e3ff478f279e6308f63",
  "producer_tree_hash_recorded": "7b7fdfe618031c11f79bb3d7eec7df24bc64a9a480fc470c1176ce36a593286a",
  "source_manifest_file_hashes": {
    "klean.py": "5d419b1cf907ab880eeb88a68e0d6da0bf59a92a56a0803b34d53698d91caabe",
    "klean_export.py": "4fa919ac98483620c7024ed7424c8b19f21406a2146feafad84ab4c813117881"
  },
  "source_manifest_image_id": "sha256:15baeb15b1ea8266bfad3dbc3a75ee531cf429f1b73e0e3ff478f279e6308f63"
}
