+ '[' -z '' ']'
+ return
+ case $- in
+ return
+ test -f /audit-output/REVIEW.md
++ rg -c '^VERDICT:' /audit-output/REVIEW.md
+ test 1 -eq 1
++ rg -c '^LEGITIMACY:' /audit-output/REVIEW.md
+ test 1 -eq 1
++ tail -n 2 /audit-output/REVIEW.md
++ head -n 1
+ test 'VERDICT: PASS' = 'VERDICT: PASS'
++ tail -n 1 /audit-output/REVIEW.md
+ test 'LEGITIMACY: LEGIT' = 'LEGITIMACY: LEGIT'
+ rg --files /audit-output
+ sort
/audit-output/REVIEW.md
/audit-output/audit-input.json
/audit-output/evidence/01_producer_and_manifests.log
/audit-output/evidence/02_hash_recomputation.log
/audit-output/evidence/02_hash_recomputation_NOTE.md
/audit-output/evidence/03_inventory_reconstruction.log
/audit-output/evidence/04_preflight_rerun.log
/audit-output/evidence/05_toolchain_diagnosis.log
/audit-output/evidence/06_lake_project_diagnosis.log
/audit-output/evidence/07_lake_env_test.log
/audit-output/evidence/08_localized_toolchain_test.log
/audit-output/evidence/09_toolchain_shim_validation.log
/audit-output/evidence/10_preflight_rerun_success.log
/audit-output/evidence/11_stage4_bijection_and_target.log
/audit-output/evidence/12_audit_input_contract.log
/audit-output/evidence/13_producer_provenance_gate.log
/audit-output/evidence/14_rule_usage_and_target_scan.log
/audit-output/evidence/15_final_qa.log
+ wc -l /audit-output/REVIEW.md /audit-output/evidence/01_producer_and_manifests.log /audit-output/evidence/02_hash_recomputation.log /audit-output/evidence/02_hash_recomputation_NOTE.md /audit-output/evidence/03_inventory_reconstruction.log /audit-output/evidence/04_preflight_rerun.log /audit-output/evidence/05_toolchain_diagnosis.log /audit-output/evidence/06_lake_project_diagnosis.log /audit-output/evidence/07_lake_env_test.log /audit-output/evidence/08_localized_toolchain_test.log /audit-output/evidence/09_toolchain_shim_validation.log /audit-output/evidence/10_preflight_rerun_success.log /audit-output/evidence/11_stage4_bijection_and_target.log /audit-output/evidence/12_audit_input_contract.log /audit-output/evidence/13_producer_provenance_gate.log /audit-output/evidence/14_rule_usage_and_target_scan.log /audit-output/evidence/15_final_qa.log
  257 /audit-output/REVIEW.md
  194 /audit-output/evidence/01_producer_and_manifests.log
   62 /audit-output/evidence/02_hash_recomputation.log
    8 /audit-output/evidence/02_hash_recomputation_NOTE.md
  270 /audit-output/evidence/03_inventory_reconstruction.log
   17 /audit-output/evidence/04_preflight_rerun.log
   24 /audit-output/evidence/05_toolchain_diagnosis.log
   30 /audit-output/evidence/06_lake_project_diagnosis.log
   22 /audit-output/evidence/07_lake_env_test.log
   17 /audit-output/evidence/08_localized_toolchain_test.log
   31 /audit-output/evidence/09_toolchain_shim_validation.log
   61 /audit-output/evidence/10_preflight_rerun_success.log
   42 /audit-output/evidence/11_stage4_bijection_and_target.log
   13 /audit-output/evidence/12_audit_input_contract.log
   25 /audit-output/evidence/13_producer_provenance_gate.log
   42 /audit-output/evidence/14_rule_usage_and_target_scan.log
   51 /audit-output/evidence/15_final_qa.log
 1166 total
+ tail -n 8 /audit-output/REVIEW.md
  and digest check.
- `evidence/13_producer_provenance_gate.log`: explicit producer file/image
  equality checks.
- `evidence/14_rule_usage_and_target_scan.log`: rule uses across the frozen K
  sources and absence of a generated target declaration.

VERDICT: PASS
LEGITIMACY: LEGIT
