WORKDIR: /tmp/audit-work/126-is-sorted
COMMAND: krun concrete_witnesses.mpy --definition runtime-audit-kompiled
<generatedTop>
  <k>
    .K
  </k>
  <env>
    0
  </env>
  <scopes>
    -1 |-> scope ( "abs" |-> builtinV ( "abs" )
    "all" |-> builtinV ( "all" )
    "any" |-> builtinV ( "any" )
    "bin" |-> builtinV ( "bin" )
    "chr" |-> builtinV ( "chr" )
    "enumerate" |-> builtinV ( "enumerate" )
    "eval" |-> builtinV ( "eval" )
    "float" |-> typeV ( "float" )
    "int" |-> typeV ( "int" )
    "isinstance" |-> builtinV ( "isinstance" )
    "len" |-> builtinV ( "len" )
    "list" |-> builtinV ( "list" )
    "map" |-> builtinV ( "map" )
    "max" |-> builtinV ( "max" )
    "min" |-> builtinV ( "min" )
    "ord" |-> builtinV ( "ord" )
    "range" |-> builtinV ( "range" )
    "round" |-> builtinV ( "round" )
    "set" |-> builtinV ( "set" )
    "sorted" |-> builtinV ( "sorted" )
    "str" |-> typeV ( "str" )
    "sum" |-> builtinV ( "sum" )
    "zip" |-> builtinV ( "zip" ) , root )
    0 |-> scope ( "is_sorted" |-> closureVal ( "lst" , .ParamNames , Assign ( Name ( "result" ) , Compare ( Name ( "lst" ) , CmpOp ( "==" , Call ( Name ( "sorted" ) , Name ( "lst" ) , .Exprs ) ) ) )  Assign ( Name ( "previous" ) , TupleExpr ( UnaryOp ( "-" , Int ( 1 ) ) , .Exprs ) )  Assign ( Name ( "repeated" ) , Int ( 0 ) )  Assign ( Name ( "value" ) , Int ( 0 ) )  For ( Name ( "value" ) , Name ( "lst" ) , If ( Compare ( TupleExpr ( Name ( "value" ) , .Exprs ) , CmpOp ( "==" , Name ( "previous" ) ) ) , AugAssign ( Name ( "repeated" ) , "+" , Int ( 1 ) )  .Stmts , Assign ( Name ( "repeated" ) , Int ( 1 ) )  .Stmts )  If ( Compare ( Name ( "repeated" ) , CmpOp ( ">" , Int ( 2 ) ) ) , Assign ( Name ( "result" ) , Bool ( false ) )  .Stmts , .Stmts )  Assign ( Name ( "previous" ) , TupleExpr ( Name ( "value" ) , .Exprs ) )  .Stmts )  Return ( Name ( "result" ) )  .Stmts , 0 ) , parent ( -1 ) )
  </scopes>
  <scopeLoc>
    1
  </scopeLoc>
  <heap>
    0 |-> list ( .ValSeq )
    1 |-> list ( .ValSeq )
    2 |-> list ( vCons ( 0 , .ValSeq ) )
    3 |-> list ( vCons ( 0 , .ValSeq ) )
    4 |-> list ( vCons ( 0 , vCons ( 1 , vCons ( 1 , .ValSeq ) ) ) )
    5 |-> list ( vCons ( 0 , vCons ( 1 , vCons ( 1 , .ValSeq ) ) ) )
    6 |-> list ( vCons ( 0 , vCons ( 0 , vCons ( 0 , .ValSeq ) ) ) )
    7 |-> list ( vCons ( 0 , vCons ( 0 , vCons ( 0 , .ValSeq ) ) ) )
    8 |-> list ( vCons ( 2 , vCons ( 1 , .ValSeq ) ) )
    9 |-> list ( vCons ( 1 , vCons ( 2 , .ValSeq ) ) )
    10 |-> list ( vCons ( 0 , vCons ( 1 , vCons ( 1 , vCons ( 2 , vCons ( 2 , .ValSeq ) ) ) ) ) )
    11 |-> list ( vCons ( 0 , vCons ( 1 , vCons ( 1 , vCons ( 2 , vCons ( 2 , .ValSeq ) ) ) ) ) )
  </heap>
  <heapLoc>
    12
  </heapLoc>
  <stack>
    .List
  </stack>
  <ret>
    noRet
  </ret>
  <exc>
    NoExc
  </exc>
  <exit-code>
    0
  </exit-code>
</generatedTop>
EXIT_STATUS: 0
