WORKDIR: /tmp/audit-work/78-hex-key/candidate-src
COMMAND: python3 /audit-output/evidence/compare_generated_semantics.py
--- OUTPUT ---
COMMAND: krun solution.mpy --definition /tmp/audit-work/78-hex-key/clean-semantic-kompiled '-cINPUT=""' --output pretty
<hexKey>
  <k>
    .K
  </k>
  <env>
    "num" |-> strVal ( "" )
  </env>
  <result>
    intVal ( 0 )
  </result>
</hexKey>
EXIT STATUS: 0
COMMAND: krun solution.mpy --definition /tmp/audit-work/78-hex-key/clean-semantic-kompiled '-cINPUT="AB"' --output pretty
<hexKey>
  <k>
    .K
  </k>
  <env>
    "num" |-> strVal ( "AB" )
  </env>
  <result>
    intVal ( 1 )
  </result>
</hexKey>
EXIT STATUS: 0
COMMAND: krun solution.mpy --definition /tmp/audit-work/78-hex-key/clean-semantic-kompiled '-cINPUT="1077E"' --output pretty
<hexKey>
  <k>
    .K
  </k>
  <env>
    "num" |-> strVal ( "1077E" )
  </env>
  <result>
    intVal ( 2 )
  </result>
</hexKey>
EXIT STATUS: 0
COMMAND: krun solution.mpy --definition /tmp/audit-work/78-hex-key/clean-semantic-kompiled '-cINPUT="ABED1A33"' --output pretty
<hexKey>
  <k>
    .K
  </k>
  <env>
    "num" |-> strVal ( "ABED1A33" )
  </env>
  <result>
    intVal ( 4 )
  </result>
</hexKey>
EXIT STATUS: 0
COMMAND: krun solution.mpy --definition /tmp/audit-work/78-hex-key/clean-semantic-kompiled '-cINPUT="123456789ABCDEF0"' --output pretty
<hexKey>
  <k>
    .K
  </k>
  <env>
    "num" |-> strVal ( "123456789ABCDEF0" )
  </env>
  <result>
    intVal ( 6 )
  </result>
</hexKey>
EXIT STATUS: 0
COMMAND: krun solution.mpy --definition /tmp/audit-work/78-hex-key/clean-semantic-kompiled '-cINPUT="2020"' --output pretty
<hexKey>
  <k>
    .K
  </k>
  <env>
    "num" |-> strVal ( "2020" )
  </env>
  <result>
    intVal ( 2 )
  </result>
</hexKey>
EXIT STATUS: 0
COMMAND: krun solution.mpy --definition /tmp/audit-work/78-hex-key/clean-semantic-kompiled '-cINPUT="0"' --output pretty
<hexKey>
  <k>
    .K
  </k>
  <env>
    "num" |-> strVal ( "0" )
  </env>
  <result>
    intVal ( 0 )
  </result>
</hexKey>
EXIT STATUS: 0
COMMAND: krun solution.mpy --definition /tmp/audit-work/78-hex-key/clean-semantic-kompiled '-cINPUT="1"' --output pretty
<hexKey>
  <k>
    .K
  </k>
  <env>
    "num" |-> strVal ( "1" )
  </env>
  <result>
    intVal ( 0 )
  </result>
</hexKey>
EXIT STATUS: 0
COMMAND: krun solution.mpy --definition /tmp/audit-work/78-hex-key/clean-semantic-kompiled '-cINPUT="2"' --output pretty
<hexKey>
  <k>
    .K
  </k>
  <env>
    "num" |-> strVal ( "2" )
  </env>
  <result>
    intVal ( 1 )
  </result>
</hexKey>
EXIT STATUS: 0
COMMAND: krun solution.mpy --definition /tmp/audit-work/78-hex-key/clean-semantic-kompiled '-cINPUT="3"' --output pretty
<hexKey>
  <k>
    .K
  </k>
  <env>
    "num" |-> strVal ( "3" )
  </env>
  <result>
    intVal ( 1 )
  </result>
</hexKey>
EXIT STATUS: 0
COMMAND: krun solution.mpy --definition /tmp/audit-work/78-hex-key/clean-semantic-kompiled '-cINPUT="4"' --output pretty
<hexKey>
  <k>
    .K
  </k>
  <env>
    "num" |-> strVal ( "4" )
  </env>
  <result>
    intVal ( 0 )
  </result>
</hexKey>
EXIT STATUS: 0
COMMAND: krun solution.mpy --definition /tmp/audit-work/78-hex-key/clean-semantic-kompiled '-cINPUT="5"' --output pretty
<hexKey>
  <k>
    .K
  </k>
  <env>
    "num" |-> strVal ( "5" )
  </env>
  <result>
    intVal ( 1 )
  </result>
</hexKey>
EXIT STATUS: 0
COMMAND: krun solution.mpy --definition /tmp/audit-work/78-hex-key/clean-semantic-kompiled '-cINPUT="6"' --output pretty
<hexKey>
  <k>
    .K
  </k>
  <env>
    "num" |-> strVal ( "6" )
  </env>
  <result>
    intVal ( 0 )
  </result>
</hexKey>
EXIT STATUS: 0
COMMAND: krun solution.mpy --definition /tmp/audit-work/78-hex-key/clean-semantic-kompiled '-cINPUT="7"' --output pretty
<hexKey>
  <k>
    .K
  </k>
  <env>
    "num" |-> strVal ( "7" )
  </env>
  <result>
    intVal ( 1 )
  </result>
</hexKey>
EXIT STATUS: 0
COMMAND: krun solution.mpy --definition /tmp/audit-work/78-hex-key/clean-semantic-kompiled '-cINPUT="8"' --output pretty
<hexKey>
  <k>
    .K
  </k>
  <env>
    "num" |-> strVal ( "8" )
  </env>
  <result>
    intVal ( 0 )
  </result>
</hexKey>
EXIT STATUS: 0
COMMAND: krun solution.mpy --definition /tmp/audit-work/78-hex-key/clean-semantic-kompiled '-cINPUT="9"' --output pretty
<hexKey>
  <k>
    .K
  </k>
  <env>
    "num" |-> strVal ( "9" )
  </env>
  <result>
    intVal ( 0 )
  </result>
</hexKey>
EXIT STATUS: 0
COMMAND: krun solution.mpy --definition /tmp/audit-work/78-hex-key/clean-semantic-kompiled '-cINPUT="A"' --output pretty
<hexKey>
  <k>
    .K
  </k>
  <env>
    "num" |-> strVal ( "A" )
  </env>
  <result>
    intVal ( 0 )
  </result>
</hexKey>
EXIT STATUS: 0
COMMAND: krun solution.mpy --definition /tmp/audit-work/78-hex-key/clean-semantic-kompiled '-cINPUT="B"' --output pretty
<hexKey>
  <k>
    .K
  </k>
  <env>
    "num" |-> strVal ( "B" )
  </env>
  <result>
    intVal ( 1 )
  </result>
</hexKey>
EXIT STATUS: 0
COMMAND: krun solution.mpy --definition /tmp/audit-work/78-hex-key/clean-semantic-kompiled '-cINPUT="C"' --output pretty
<hexKey>
  <k>
    .K
  </k>
  <env>
    "num" |-> strVal ( "C" )
  </env>
  <result>
    intVal ( 0 )
  </result>
</hexKey>
EXIT STATUS: 0
COMMAND: krun solution.mpy --definition /tmp/audit-work/78-hex-key/clean-semantic-kompiled '-cINPUT="D"' --output pretty
<hexKey>
  <k>
    .K
  </k>
  <env>
    "num" |-> strVal ( "D" )
  </env>
  <result>
    intVal ( 1 )
  </result>
</hexKey>
EXIT STATUS: 0
COMMAND: krun solution.mpy --definition /tmp/audit-work/78-hex-key/clean-semantic-kompiled '-cINPUT="E"' --output pretty
<hexKey>
  <k>
    .K
  </k>
  <env>
    "num" |-> strVal ( "E" )
  </env>
  <result>
    intVal ( 0 )
  </result>
</hexKey>
EXIT STATUS: 0
COMMAND: krun solution.mpy --definition /tmp/audit-work/78-hex-key/clean-semantic-kompiled '-cINPUT="F"' --output pretty
<hexKey>
  <k>
    .K
  </k>
  <env>
    "num" |-> strVal ( "F" )
  </env>
  <result>
    intVal ( 0 )
  </result>
</hexKey>
EXIT STATUS: 0
COMMAND: krun solution.mpy --definition /tmp/audit-work/78-hex-key/clean-semantic-kompiled '-cINPUT="0000000000000000"' --output pretty
<hexKey>
  <k>
    .K
  </k>
  <env>
    "num" |-> strVal ( "0000000000000000" )
  </env>
  <result>
    intVal ( 0 )
  </result>
</hexKey>
EXIT STATUS: 0
COMMAND: krun solution.mpy --definition /tmp/audit-work/78-hex-key/clean-semantic-kompiled '-cINPUT="22335577BBDD"' --output pretty
<hexKey>
  <k>
    .K
  </k>
  <env>
    "num" |-> strVal ( "22335577BBDD" )
  </env>
  <result>
    intVal ( 12 )
  </result>
</hexKey>
EXIT STATUS: 0
COMMAND: krun solution.mpy --definition /tmp/audit-work/78-hex-key/clean-semantic-kompiled '-cINPUT="FFFFFFFFFFFFFFFF"' --output pretty
<hexKey>
  <k>
    .K
  </k>
  <env>
    "num" |-> strVal ( "FFFFFFFFFFFFFFFF" )
  </env>
  <result>
    intVal ( 0 )
  </result>
</hexKey>
EXIT STATUS: 0
case_count=25
mismatch_count=0
results=/audit-output/evidence/semantic-concrete-results.jsonl
--- END OUTPUT ---
EXIT STATUS: 0
