Audit stage 2: program fidelity and candidate-versus-canonical checks

$ python3 /reference/py2mpy.py /tmp/audit-work/71-triangle-area/solution.py > /tmp/audit-work/71-triangle-area/regenerated.mpy
[exit_status] 0

$ cmp -s /tmp/audit-work/71-triangle-area/regenerated.mpy /tmp/audit-work/71-triangle-area/solution.mpy
[exit_status] 0

$ sha256sum /tmp/audit-work/71-triangle-area/regenerated.mpy /tmp/audit-work/71-triangle-area/solution.mpy
35de37a7e93043616019084e065f12e0e38b89d278c59c344bdce3ef793f737d  /tmp/audit-work/71-triangle-area/regenerated.mpy
35de37a7e93043616019084e065f12e0e38b89d278c59c344bdce3ef793f737d  /tmp/audit-work/71-triangle-area/solution.mpy
[exit_status] 0

Canonical/submitted source difference (expected: independently structured code)

$ diff -u /reference/canonical.py /tmp/audit-work/71-triangle-area/solution.py
--- /reference/canonical.py	2026-06-24 17:23:41.401877096 -0500
+++ /tmp/audit-work/71-triangle-area/solution.py	2026-07-23 09:51:55.115311780 -0500
@@ -1,22 +1,16 @@
-# canonical.py — the UNMODIFIED HumanEval/71 reference solution (from the dataset).
-# Co-located with solution.py (the proof rewrite) to make the original<->rewrite link
-# explicit & auditable.  entry point: triangle_area
-
-
 def triangle_area(a, b, c):
-    '''
-    Given the lengths of the three sides of a triangle. Return the area of
-    the triangle rounded to 2 decimal points if the three sides form a valid triangle. 
-    Otherwise return -1
-    Three sides make a valid triangle when the sum of any two sides is greater 
-    than the third side.
-    Example:
-    triangle_area(3, 4, 5) == 6.00
-    triangle_area(1, 2, 10) == -1
-    '''
-    if a + b <= c or a + c <= b or b + c <= a:
-        return -1 
-    s = (a + b + c)/2    
-    area = (s * (s - a) * (s - b) * (s - c)) ** 0.5
-    area = round(area, 2)
-    return area
+    if a + b <= c:
+        return -1
+    if a + c <= b:
+        return -1
+    if b + c <= a:
+        return -1
+
+    semiperimeter = (a + b + c) / 2
+    area = (
+        semiperimeter
+        * (semiperimeter - a)
+        * (semiperimeter - b)
+        * (semiperimeter - c)
+    ) ** 0.5
+    return round(area, 2)
[exit_status] 1

$ python3 /audit-output/evidence/differential_test.py
EXPLICIT CASES
empty-arity: args=() canonical=('raise', ('TypeError', "triangle_area() missing 3 required positional arguments: 'a', 'b', and 'c'")) submitted=('raise', ('TypeError', "triangle_area() missing 3 required positional arguments: 'a', 'b', and 'c'"))
example-valid: args=(3, 4, 5) canonical=('return', 6.0) submitted=('return', 6.0)
example-invalid: args=(1, 2, 10) canonical=('return', -1) submitted=('return', -1)
all-zero: args=(0, 0, 0) canonical=('return', -1) submitted=('return', -1)
first-guard-equality: args=(1, 2, 3) canonical=('return', -1) submitted=('return', -1)
first-guard-valid-side: args=(2, 2, 3) canonical=('return', 1.98) submitted=('return', 1.98)
second-guard-equality: args=(1, 3, 2) canonical=('return', -1) submitted=('return', -1)
second-guard-valid-side: args=(2, 3, 2) canonical=('return', 1.98) submitted=('return', 1.98)
third-guard-equality: args=(3, 2, 1) canonical=('return', -1) submitted=('return', -1)
third-guard-valid-side: args=(3, 2, 2) canonical=('return', 1.98) submitted=('return', 1.98)
negative-length: args=(-1, 2, 2) canonical=('return', -1) submitted=('return', -1)
equilateral-rounding: args=(2, 2, 2) canonical=('return', 1.73) submitted=('return', 1.73)
exact-heron: args=(5, 12, 13) canonical=('return', 30.0) submitted=('return', 30.0)
float-valid: args=(0.5, 0.5, 0.75) canonical=('return', 0.12) submitted=('return', 0.12)
float-boundary: args=(0.5, 0.5, 1.0) canonical=('return', -1) submitted=('return', -1)
float-near-boundary: args=(0.5, 0.5, 0.9999999999999999) canonical=('return', 0.0) submitted=('return', 0.0)
large-finite: args=(10000000000000000000000000000000000000000000000000000000000000000000000000000000000000000000000000000, 10000000000000000000000000000000000000000000000000000000000000000000000000000000000000000000000000000, 10000000000000000000000000000000000000000000000000000000000000000000000000000000000000000000000000000) canonical=('return', inf) submitted=('return', inf)
integer-to-float-overflow: args=(10000000000000000000000000000000000000000000000000000000000000000000000000000000000000000000000000000000000000000000000000000000000000000000000000000000000000000000000000000000000000000000000000000000000000000000000000000000000000000000000000000000000000000000000000000000000000000000000000000000000000000000000000000000000000000000000000000000000000000000000000000000000000000000000000000000000000000, 10000000000000000000000000000000000000000000000000000000000000000000000000000000000000000000000000000000000000000000000000000000000000000000000000000000000000000000000000000000000000000000000000000000000000000000000000000000000000000000000000000000000000000000000000000000000000000000000000000000000000000000000000000000000000000000000000000000000000000000000000000000000000000000000000000000000000000, 10000000000000000000000000000000000000000000000000000000000000000000000000000000000000000000000000000000000000000000000000000000000000000000000000000000000000000000000000000000000000000000000000000000000000000000000000000000000000000000000000000000000000000000000000000000000000000000000000000000000000000000000000000000000000000000000000000000000000000000000000000000000000000000000000000000000000000) canonical=('raise', ('OverflowError', 'integer division result too large for a float')) submitted=('raise', ('OverflowError', 'integer division result too large for a float'))
GENERATED CORPUS
small_integer_triples=1331 range_each=[-2,8]
seed=710071 random_integer_triples=250 range_each=[-10000,10000]
seed=710071 random_float_triples=250 range_each=[-100.0,100.0]
total_calls=1849
mismatches=0
[exit_status] 0

[script_exit_status] 0
