WORKDIR: /tmp/audit-work/reconstruction
COMMAND: krun audit_k_concrete.mpy --definition audit-runtime-kompiled
<generatedTop>
  <k>
    .K
  </k>
  <env>
    0
  </env>
  <scopes>
    -1 |-> scope ( "abs" |-> builtinV ( "abs" )
    "all" |-> builtinV ( "all" )
    "any" |-> builtinV ( "any" )
    "bin" |-> builtinV ( "bin" )
    "chr" |-> builtinV ( "chr" )
    "enumerate" |-> builtinV ( "enumerate" )
    "eval" |-> builtinV ( "eval" )
    "float" |-> typeV ( "float" )
    "int" |-> typeV ( "int" )
    "isinstance" |-> builtinV ( "isinstance" )
    "len" |-> builtinV ( "len" )
    "list" |-> builtinV ( "list" )
    "map" |-> builtinV ( "map" )
    "max" |-> builtinV ( "max" )
    "min" |-> builtinV ( "min" )
    "ord" |-> builtinV ( "ord" )
    "range" |-> builtinV ( "range" )
    "round" |-> builtinV ( "round" )
    "set" |-> builtinV ( "set" )
    "sorted" |-> builtinV ( "sorted" )
    "str" |-> typeV ( "str" )
    "sum" |-> builtinV ( "sum" )
    "zip" |-> builtinV ( "zip" ) , root )
    0 |-> scope ( "monotonic" |-> closureVal ( "l" , .ParamNames , Return ( BoolOp ( "or" , Compare ( Name ( "l" ) , CmpOp ( "==" , Call ( Name ( "sorted" ) , Name ( "l" ) , .Exprs ) ) ) , Compare ( Name ( "l" ) , CmpOp ( "==" , Call ( Name ( "sorted" ) , Name ( "l" ) , KwArg ( "reverse" , Bool ( true ) ) , .Exprs ) ) ) , .Exprs ) )  .Stmts , 0 ) , parent ( -1 ) )
  </scopes>
  <scopeLoc>
    1
  </scopeLoc>
  <heap>
    0 |-> list ( .ValSeq )
    1 |-> list ( .ValSeq )
    2 |-> list ( vCons ( 7 , .ValSeq ) )
    3 |-> list ( vCons ( 7 , .ValSeq ) )
    4 |-> list ( vCons ( 1 , vCons ( 2 , .ValSeq ) ) )
    5 |-> list ( vCons ( 1 , vCons ( 2 , .ValSeq ) ) )
    6 |-> list ( vCons ( 2 , vCons ( 1 , .ValSeq ) ) )
    7 |-> list ( vCons ( 1 , vCons ( 2 , .ValSeq ) ) )
    8 |-> list ( vCons ( 2 , vCons ( 1 , .ValSeq ) ) )
    9 |-> list ( vCons ( 3 , vCons ( 3 , vCons ( 3 , .ValSeq ) ) ) )
    10 |-> list ( vCons ( 3 , vCons ( 3 , vCons ( 3 , .ValSeq ) ) ) )
    11 |-> list ( vCons ( 1 , vCons ( 2 , vCons ( 4 , vCons ( 20 , .ValSeq ) ) ) ) )
    12 |-> list ( vCons ( 1 , vCons ( 2 , vCons ( 4 , vCons ( 20 , .ValSeq ) ) ) ) )
    13 |-> list ( vCons ( 4 , vCons ( 1 , vCons ( 0 , vCons ( -10 , .ValSeq ) ) ) ) )
    14 |-> list ( vCons ( -10 , vCons ( 0 , vCons ( 1 , vCons ( 4 , .ValSeq ) ) ) ) )
    15 |-> list ( vCons ( 4 , vCons ( 1 , vCons ( 0 , vCons ( -10 , .ValSeq ) ) ) ) )
    16 |-> list ( vCons ( 1 , vCons ( 20 , vCons ( 4 , vCons ( 10 , .ValSeq ) ) ) ) )
    17 |-> list ( vCons ( 1 , vCons ( 4 , vCons ( 10 , vCons ( 20 , .ValSeq ) ) ) ) )
    18 |-> list ( vCons ( 20 , vCons ( 10 , vCons ( 4 , vCons ( 1 , .ValSeq ) ) ) ) )
    19 |-> list ( vCons ( 0 , vCons ( 1 , vCons ( 0 , .ValSeq ) ) ) )
    20 |-> list ( vCons ( 0 , vCons ( 0 , vCons ( 1 , .ValSeq ) ) ) )
    21 |-> list ( vCons ( 1 , vCons ( 0 , vCons ( 0 , .ValSeq ) ) ) )
    22 |-> list ( vCons ( 1 , vCons ( 0 , vCons ( 1 , .ValSeq ) ) ) )
    23 |-> list ( vCons ( 0 , vCons ( 1 , vCons ( 1 , .ValSeq ) ) ) )
    24 |-> list ( vCons ( 1 , vCons ( 1 , vCons ( 0 , .ValSeq ) ) ) )
    25 |-> list ( vCons ( -2 , vCons ( -2 , vCons ( 0 , vCons ( 0 , vCons ( 4 , .ValSeq ) ) ) ) ) )
    26 |-> list ( vCons ( -2 , vCons ( -2 , vCons ( 0 , vCons ( 0 , vCons ( 4 , .ValSeq ) ) ) ) ) )
    27 |-> list ( vCons ( 4 , vCons ( 4 , vCons ( 0 , vCons ( -2 , vCons ( -2 , .ValSeq ) ) ) ) ) )
    28 |-> list ( vCons ( -2 , vCons ( -2 , vCons ( 0 , vCons ( 4 , vCons ( 4 , .ValSeq ) ) ) ) ) )
    29 |-> list ( vCons ( 4 , vCons ( 4 , vCons ( 0 , vCons ( -2 , vCons ( -2 , .ValSeq ) ) ) ) ) )
  </heap>
  <heapLoc>
    30
  </heapLoc>
  <stack>
    .List
  </stack>
  <ret>
    noRet
  </ret>
  <exc>
    NoExc
  </exc>
  <exit-code>
    0
  </exit-code>
</generatedTop>
EXIT_STATUS: 0
