AUDIT_STAGE: 2 program fidelity and differential behavior

COMMAND: python3 /tmp/audit-work/92-any-int/trusted/py2mpy.py /tmp/audit-work/92-any-int/src/solution.py
Module(
  FuncDef("any_int", Params("x", "y", "z"),
    Return(
      BoolOp(
        "and",
        Compare(Call(Name("type"), Name("x")), CmpOp("==", Name("int"))),
        Compare(Call(Name("type"), Name("y")), CmpOp("==", Name("int"))),
        Compare(Call(Name("type"), Name("z")), CmpOp("==", Name("int"))),
        BoolOp(
          "or",
          Compare(
            BinOp("+", Name("x"), Name("y")),
            CmpOp("==", Name("z"))),
          Compare(
            BinOp("+", Name("x"), Name("z")),
            CmpOp("==", Name("y"))),
          Compare(
            BinOp("+", Name("y"), Name("z")),
            CmpOp("==", Name("x"))))))))
EXIT_STATUS: 0
COMMAND: python3 trusted/py2mpy.py src/solution.py > generated/solution.regenerated.mpy
EXIT_STATUS: 0

COMMAND: cmp -s /tmp/audit-work/92-any-int/generated/solution.regenerated.mpy /tmp/audit-work/92-any-int/src/solution.mpy
EXIT_STATUS: 0

COMMAND: sha256sum /tmp/audit-work/92-any-int/generated/solution.regenerated.mpy /tmp/audit-work/92-any-int/src/solution.mpy
5240ec9e4c19980dec3bdf45eb06f619883af762dd9287e7b77331902b736856  /tmp/audit-work/92-any-int/generated/solution.regenerated.mpy
5240ec9e4c19980dec3bdf45eb06f619883af762dd9287e7b77331902b736856  /tmp/audit-work/92-any-int/src/solution.mpy
EXIT_STATUS: 0

COMMAND: python3 /audit-output/evidence/02_differential.py
NAMED_CASES
documented-first-sum: args=(5, 2, 7) canonical=('return', True) generated=('return', True) match=True
documented-no-sum: args=(3, 2, 2) canonical=('return', False) generated=('return', False) match=True
documented-negative: args=(3, -2, 1) canonical=('return', True) generated=('return', True) match=True
documented-floats: args=(3.6, -2.2, 2) canonical=('return', False) generated=('return', False) match=True
zero-empty-boundary: args=(0, 0, 0) canonical=('return', True) generated=('return', True) match=True
first-sum-only: args=(4, 6, 10) canonical=('return', True) generated=('return', True) match=True
second-sum-only: args=(4, 10, 6) canonical=('return', True) generated=('return', True) match=True
third-sum-only: args=(10, 4, 6) canonical=('return', True) generated=('return', True) match=True
none-near-first-boundary: args=(4, 6, 11) canonical=('return', False) generated=('return', False) match=True
negative-first-sum: args=(-5, 2, -3) canonical=('return', True) generated=('return', True) match=True
large-integers: args=(10000000000000000000000000000000000000000000000000000000000000000000000000000000000000000000000000000, -10000000000000000000000000000000000000000000000000000000000000000000000000000000000000000000000000000, 0) canonical=('return', True) generated=('return', True) match=True
non-int-first: args=(1.0, 2, 3) canonical=('return', False) generated=('return', False) match=True
non-int-second: args=(1, 2.0, 3) canonical=('return', False) generated=('return', False) match=True
non-int-third: args=(1, 2, 3.0) canonical=('return', False) generated=('return', False) match=True
none-empty-like: args=(None, None, None) canonical=('return', False) generated=('return', False) match=True
strings-empty-like: args=('', '', '') canonical=('return', False) generated=('return', False) match=True
bool-canonical-divergence: args=(True, 1, 2) canonical=('return', True) generated=('return', False) match=False
bool-zero-divergence: args=(False, 0, 0) canonical=('return', True) generated=('return', False) match=False
int-subclass-divergence: args=(IntSubclass(1), 1, 2) canonical=('return', True) generated=('return', False) match=False
EXHAUSTIVE_INTEGER_CUBE
domain=[-5,5]^3 count=1331
mismatches=0
SEEDED_REPRESENTATIVE_NUMERIC_SAMPLE
seed=920092 draws=2000 value-pool=18
mismatches=140
SUMMARY
total_cases=3350
total_mismatches=143
mismatch_1=('bool-canonical-divergence', (True, 1, 2), ('return', True), ('return', False))
mismatch_2=('bool-zero-divergence', (False, 0, 0), ('return', True), ('return', False))
mismatch_3=('int-subclass-divergence', (IntSubclass(1), 1, 2), ('return', True), ('return', False))
mismatch_4=('seeded-numeric', (1, IntSubclass(0), IntSubclass(-1)), ('return', True), ('return', False))
mismatch_5=('seeded-numeric', (-2, -2, False), ('return', True), ('return', False))
mismatch_6=('seeded-numeric', (False, 1000000000000000000000000000000, -1000000000000000000000000000000), ('return', True), ('return', False))
mismatch_7=('seeded-numeric', (2, IntSubclass(0), 2), ('return', True), ('return', False))
mismatch_8=('seeded-numeric', (2, True, IntSubclass(1)), ('return', True), ('return', False))
mismatch_9=('seeded-numeric', (True, -1, IntSubclass(0)), ('return', True), ('return', False))
mismatch_10=('seeded-numeric', (2, IntSubclass(1), IntSubclass(1)), ('return', True), ('return', False))
mismatch_11=('seeded-numeric', (False, 1, True), ('return', True), ('return', False))
mismatch_12=('seeded-numeric', (1, -2, IntSubclass(-1)), ('return', True), ('return', False))
mismatch_13=('seeded-numeric', (1, -1, IntSubclass(0)), ('return', True), ('return', False))
mismatch_14=('seeded-numeric', (-1, -2, IntSubclass(1)), ('return', True), ('return', False))
mismatch_15=('seeded-numeric', (IntSubclass(0), False, 0), ('return', True), ('return', False))
mismatch_16=('seeded-numeric', (1000000000000000000000000000000, False, 1000000000000000000000000000000), ('return', True), ('return', False))
mismatch_17=('seeded-numeric', (True, True, False), ('return', True), ('return', False))
mismatch_18=('seeded-numeric', (2, True, IntSubclass(1)), ('return', True), ('return', False))
mismatch_19=('seeded-numeric', (1000000000000000000000000000000, False, 1000000000000000000000000000000), ('return', True), ('return', False))
mismatch_20=('seeded-numeric', (-100, 100, IntSubclass(0)), ('return', True), ('return', False))
mismatch_21=('seeded-numeric', (1, 2, IntSubclass(-1)), ('return', True), ('return', False))
mismatch_22=('seeded-numeric', (100, IntSubclass(0), 100), ('return', True), ('return', False))
mismatch_23=('seeded-numeric', (-1000000000000000000000000000000, 1000000000000000000000000000000, False), ('return', True), ('return', False))
mismatch_24=('seeded-numeric', (True, 0, True), ('return', True), ('return', False))
mismatch_25=('seeded-numeric', (IntSubclass(-1), IntSubclass(0), IntSubclass(-1)), ('return', True), ('return', False))
mismatch_26=('seeded-numeric', (False, IntSubclass(1), True), ('return', True), ('return', False))
mismatch_27=('seeded-numeric', (2, 2, IntSubclass(0)), ('return', True), ('return', False))
mismatch_28=('seeded-numeric', (True, IntSubclass(-1), False), ('return', True), ('return', False))
mismatch_29=('seeded-numeric', (IntSubclass(1), 2, IntSubclass(1)), ('return', True), ('return', False))
mismatch_30=('seeded-numeric', (IntSubclass(0), IntSubclass(1), IntSubclass(-1)), ('return', True), ('return', False))
mismatch_31=('seeded-numeric', (True, IntSubclass(0), IntSubclass(-1)), ('return', True), ('return', False))
mismatch_32=('seeded-numeric', (False, 0, False), ('return', True), ('return', False))
mismatch_33=('seeded-numeric', (2, IntSubclass(-1), 1), ('return', True), ('return', False))
mismatch_34=('seeded-numeric', (-1, IntSubclass(1), -2), ('return', True), ('return', False))
mismatch_35=('seeded-numeric', (-2, IntSubclass(-1), 1), ('return', True), ('return', False))
mismatch_36=('seeded-numeric', (True, 1, False), ('return', True), ('return', False))
mismatch_37=('seeded-numeric', (100, False, -100), ('return', True), ('return', False))
mismatch_38=('seeded-numeric', (IntSubclass(0), IntSubclass(1), IntSubclass(-1)), ('return', True), ('return', False))
mismatch_39=('seeded-numeric', (-1, -2, True), ('return', True), ('return', False))
mismatch_40=('seeded-numeric', (IntSubclass(-1), IntSubclass(1), 0), ('return', True), ('return', False))
EXIT_STATUS: 0
