UTC_START: 2026-07-26T12:15:54Z
CWD: /audit-output
COMMAND: /audit-output/evidence/generated_semantics_differential.py
case[1] x=8 base=3
command=krun solution.mpy -cX=8 -cBASE=3 --definition semantic-llvm-kompiled --pattern '<k> strVal("22") ~> .K </k>'
k_exit=1 k_output='[Error] krun: You must pass --enable-search to kompile to be able to use krun \n--search with the LLVM backend'
submitted='22' canonical='22' k_matches_submitted=False submitted_matches_canonical=True
case[2] x=8 base=2
command=krun solution.mpy -cX=8 -cBASE=2 --definition semantic-llvm-kompiled --pattern '<k> strVal("1000") ~> .K </k>'
k_exit=1 k_output='[Error] krun: You must pass --enable-search to kompile to be able to use krun \n--search with the LLVM backend'
submitted='1000' canonical='1000' k_matches_submitted=False submitted_matches_canonical=True
case[3] x=7 base=2
command=krun solution.mpy -cX=7 -cBASE=2 --definition semantic-llvm-kompiled --pattern '<k> strVal("111") ~> .K </k>'
k_exit=1 k_output='[Error] krun: You must pass --enable-search to kompile to be able to use krun \n--search with the LLVM backend'
submitted='111' canonical='111' k_matches_submitted=False submitted_matches_canonical=True
case[4] x=1234 base=7
command=krun solution.mpy -cX=1234 -cBASE=7 --definition semantic-llvm-kompiled --pattern '<k> strVal("3412") ~> .K </k>'
k_exit=1 k_output='[Error] krun: You must pass --enable-search to kompile to be able to use krun \n--search with the LLVM backend'
submitted='3412' canonical='3412' k_matches_submitted=False submitted_matches_canonical=True
case[5] x=0 base=2
command=krun solution.mpy -cX=0 -cBASE=2 --definition semantic-llvm-kompiled --pattern '<k> strVal("0") ~> .K </k>'
k_exit=1 k_output='[Error] krun: You must pass --enable-search to kompile to be able to use krun \n--search with the LLVM backend'
submitted='0' canonical='' k_matches_submitted=False submitted_matches_canonical=False
case[6] x=0 base=9
command=krun solution.mpy -cX=0 -cBASE=9 --definition semantic-llvm-kompiled --pattern '<k> strVal("0") ~> .K </k>'
k_exit=1 k_output='[Error] krun: You must pass --enable-search to kompile to be able to use krun \n--search with the LLVM backend'
submitted='0' canonical='' k_matches_submitted=False submitted_matches_canonical=False
case[7] x=1 base=2
command=krun solution.mpy -cX=1 -cBASE=2 --definition semantic-llvm-kompiled --pattern '<k> strVal("1") ~> .K </k>'
k_exit=1 k_output='[Error] krun: You must pass --enable-search to kompile to be able to use krun \n--search with the LLVM backend'
submitted='1' canonical='1' k_matches_submitted=False submitted_matches_canonical=True
case[8] x=8 base=9
command=krun solution.mpy -cX=8 -cBASE=9 --definition semantic-llvm-kompiled --pattern '<k> strVal("8") ~> .K </k>'
k_exit=1 k_output='[Error] krun: You must pass --enable-search to kompile to be able to use krun \n--search with the LLVM backend'
submitted='8' canonical='8' k_matches_submitted=False submitted_matches_canonical=True
case[9] x=9 base=9
command=krun solution.mpy -cX=9 -cBASE=9 --definition semantic-llvm-kompiled --pattern '<k> strVal("10") ~> .K </k>'
k_exit=1 k_output='[Error] krun: You must pass --enable-search to kompile to be able to use krun \n--search with the LLVM backend'
submitted='10' canonical='10' k_matches_submitted=False submitted_matches_canonical=True
case[10] x=10 base=9
command=krun solution.mpy -cX=10 -cBASE=9 --definition semantic-llvm-kompiled --pattern '<k> strVal("11") ~> .K </k>'
k_exit=1 k_output='[Error] krun: You must pass --enable-search to kompile to be able to use krun \n--search with the LLVM backend'
submitted='11' canonical='11' k_matches_submitted=False submitted_matches_canonical=True
case[11] x=511 base=2
command=krun solution.mpy -cX=511 -cBASE=2 --definition semantic-llvm-kompiled --pattern '<k> strVal("111111111") ~> .K </k>'
k_exit=1 k_output='[Error] krun: You must pass --enable-search to kompile to be able to use krun \n--search with the LLVM backend'
submitted='111111111' canonical='111111111' k_matches_submitted=False submitted_matches_canonical=True
case[12] x=1000000000000 base=9
command=krun solution.mpy -cX=1000000000000 -cBASE=9 --definition semantic-llvm-kompiled --pattern '<k> strVal("3477151372431") ~> .K </k>'
k_exit=1 k_output='[Error] krun: You must pass --enable-search to kompile to be able to use krun \n--search with the LLVM backend'
submitted='3477151372431' canonical='3477151372431' k_matches_submitted=False submitted_matches_canonical=True
case[13] x=-1 base=2
command=krun solution.mpy -cX=-1 -cBASE=2 --definition semantic-llvm-kompiled --pattern '<k> strVal("-1") ~> .K </k>'
k_exit=1 k_output='[Error] krun: You must pass --enable-search to kompile to be able to use krun \n--search with the LLVM backend'
submitted='-1' canonical='' k_matches_submitted=False submitted_matches_canonical=False
case[14] x=-17 base=9
command=krun solution.mpy -cX=-17 -cBASE=9 --definition semantic-llvm-kompiled --pattern '<k> strVal("-17") ~> .K </k>'
k_exit=1 k_output='[Error] krun: You must pass --enable-search to kompile to be able to use krun \n--search with the LLVM backend'
submitted='-17' canonical='' k_matches_submitted=False submitted_matches_canonical=False
case_count=14
k_vs_submitted_mismatch_count=14
submitted_vs_canonical_mismatch_count=4
EXIT_STATUS: 1
UTC_END: 2026-07-26T12:16:21Z
