UTC_START: 2026-07-26T12:26:36Z
CWD: /tmp/audit-work/change-base-audit-20260726/candidate
COMMAND: kprove spec-audit-vacuity.k --definition verification-fresh-kompiled --spec-module SPEC-AUDIT-VACUITY
kore-exec: [748812] Warning (WarnStuckClaimState):
    The configuration's term unifies with the destination's term, but the implication check between the conditions has failed. Location: /tmp/audit-work/change-base-audit-20260726/candidate/spec-audit-vacuity.k:9:5-30:59
Context:
    (InfoReachability) while checking the implication
kore-exec: [751242] Warning (WarnUnexploredBranches):
    1 branches were still unexplored when the action failed.
  #Not ( {
    Int2String ( X ) +String "0"
  #Equals
    Int2String ( X )
  } )
#And
  <k>
    strVal ( Int2String ( X ) ) ~> CONT ~> .K
  </k>
#And
  {
    true
  #Equals
    0 <=Int X
  }
#And
  {
    true
  #Equals
    2 <=Int B
  }
#And
  {
    true
  #Equals
    B <=Int 9
  }
#And
  {
    true
  #Equals
    X <Int B
  }
[Error] Prover: backend terminated because the configuration cannot be
rewritten further. See output for more details.
EXIT_STATUS: 1
UTC_END: 2026-07-26T12:26:38Z
