UTC_START: 2026-07-26T12:14:13Z
CWD: /audit-output
COMMAND: /audit-output/evidence/differential_change_base.py
oracle=/tmp/audit-work/change-base-audit-20260726/reference/canonical.py
subject=/tmp/audit-work/change-base-audit-20260726/candidate/solution.py
documented_cases=3
boundary_cases=88
exhaustive_small_positive_cases=4096
seed=440026
generated_positive_cases=1000
generated_nonpositive_cases=250
total_cases=5437
mismatch_count=282
positive_mismatch_count=0
zero_mismatch_count=8
negative_mismatch_count=274
mismatch[1]: x=-10 base=2 canonical='' generated='-10'
mismatch[2]: x=-2 base=2 canonical='' generated='-2'
mismatch[3]: x=-1 base=2 canonical='' generated='-1'
mismatch[4]: x=0 base=2 canonical='' generated='0'
mismatch[5]: x=-10 base=3 canonical='' generated='-10'
mismatch[6]: x=-2 base=3 canonical='' generated='-2'
mismatch[7]: x=-1 base=3 canonical='' generated='-1'
mismatch[8]: x=0 base=3 canonical='' generated='0'
mismatch[9]: x=-10 base=4 canonical='' generated='-10'
mismatch[10]: x=-2 base=4 canonical='' generated='-2'
mismatch[11]: x=-1 base=4 canonical='' generated='-1'
mismatch[12]: x=0 base=4 canonical='' generated='0'
mismatch[13]: x=-10 base=5 canonical='' generated='-10'
mismatch[14]: x=-2 base=5 canonical='' generated='-2'
mismatch[15]: x=-1 base=5 canonical='' generated='-1'
mismatch[16]: x=0 base=5 canonical='' generated='0'
mismatch[17]: x=-10 base=6 canonical='' generated='-10'
mismatch[18]: x=-2 base=6 canonical='' generated='-2'
mismatch[19]: x=-1 base=6 canonical='' generated='-1'
mismatch[20]: x=0 base=6 canonical='' generated='0'
EXIT_STATUS: 1
UTC_END: 2026-07-26T12:14:13Z
