$ kompile --version
K version:    v7.1.293
Build date:   Fri Oct 03 13:32:35 CDT 2025
[exit 0]
$ kprove --version
K version:    v7.1.293
Build date:   Fri Oct 03 13:32:35 CDT 2025
[exit 0]
$ python3 /audit-output/evidence/make_concrete_cases.py
[exit 0]
$ python3 /reference/py2mpy.py /tmp/audit-work/case/concrete-audit.py > /tmp/audit-work/case/concrete-audit.mpy
[exit 0]
$ kompile /tmp/audit-work/case/reference-semantics/semantics.k --backend llvm --main-module MPY-KRUN --syntax-module MPY-SYNTAX --output-definition /tmp/audit-work/build/runtime-kompiled
[exit 0; raw_lines=64]
[Warning] Compiler: Non exhaustive match detected:
`mapStrVS(_)_MPY-BUILTINS_ValSeq_ValSeq`(`vCons(_,_)_MPY-CORE_ValSeq_Val_ValSeq`(`cellsMark(_)_MPY-CORE_Val_ParamNames`(_),_))
	Source(/tmp/audit-work/case/reference-semantics/semantics/builtins.k)
	Location(134,21,134,55)
	134 |	  syntax ValSeq ::= mapStrVS(ValSeq) [function, total]
	    .	                    ^~~~~~~~~~~~~~~~~~~~~~~~~~~~~~~~~~
[Warning] Compiler: Non exhaustive match detected:
floorFI(`cellsMark(_)_MPY-CORE_Val_ParamNames`(_))
	Source(/tmp/audit-work/case/reference-semantics/semantics/float.k)
	Location(73,18,73,65)
	73 |	  syntax Int ::= floorFI(Val) [function, total, symbol(floorFI)]
	   .	                 ^~~~~~~~~~~~~~~~~~~~~~~~~~~~~~~~~~~~~~~~~~~~~~~
[Warning] Compiler: Non exhaustive match detected:
toF(`cellsMark(_)_MPY-CORE_Val_ParamNames`(_))
	Source(/tmp/audit-work/case/reference-semantics/semantics/float.k)
	Location(86,20,86,59)
	86 |	  syntax Float ::= toF(Val) [function, total, symbol(toF)]
	   .	                   ^~~~~~~~~~~~~~~~~~~~~~~~~~~~~~~~~~~~~~~
[Warning] Compiler: Non exhaustive match detected:
ceilF(`cellsMark(_)_MPY-CORE_Val_ParamNames`(_))
	Source(/tmp/audit-work/case/reference-semantics/semantics/float.k)
	Location(93,18,93,61)
	93 |	  syntax Int ::= ceilF(Val) [function, total, symbol(ceilF)]
	   .	                 ^~~~~~~~~~~~~~~~~~~~~~~~~~~~~~~~~~~~~~~~~~~
[Warning] Compiler: Non exhaustive match detected:
`joinCodes(_,_)_MPY-METHODS_IntSeq_IntSeq_ValSeq`(_,`vCons(_,_)_MPY-CORE_ValSeq_Val_ValSeq`(`cellsMark(_)_MPY-CORE_Val_ParamNames`(_),_))
	Source(/tmp/audit-work/case/reference-semantics/semantics/methods.k)
	Location(27,21,27,64)
	27 |	  syntax IntSeq ::= joinCodes(IntSeq, ValSeq) [function, total]
	   .	                    ^~~~~~~~~~~~~~~~~~~~~~~~~~~~~~~~~~~~~~~~~~~
[Warning] Compiler: Variable 'As' defined but not used. Prefix variable name
with underscore if this is intentional.
	Source(/tmp/audit-work/case/reference-semantics/semantics/str.k)
	Location(52,27,52,29)
	52 |	  rule strLt(iCons(A:Int, As:IntSeq), iCons(B:Int, Bs:IntSeq)) => true   
      requires A  <Int B
	   .	                          ^~
[Warning] Compiler: Variable 'Bs' defined but not used. Prefix variable name
with underscore if this is intentional.
	Source(/tmp/audit-work/case/reference-semantics/semantics/str.k)
	Location(52,52,52,54)
	52 |	  rule strLt(iCons(A:Int, As:IntSeq), iCons(B:Int, Bs:IntSeq)) => true   
      requires A  <Int B
	   .	                                                   ^~
[Warning] Compiler: Variable 'As' defined but not used. Prefix variable name
with underscore if this is intentional.
	Source(/tmp/audit-work/case/reference-semantics/semantics/str.k)
	Location(53,27,53,29)
	53 |	  rule strLt(iCons(A:Int, As:IntSeq), iCons(B:Int, Bs:IntSeq)) => false  
      requires A  >Int B
	   .	                          ^~
[Warning] Compiler: Variable 'Bs' defined but not used. Prefix variable name
with underscore if this is intentional.
	Source(/tmp/audit-work/case/reference-semantics/semantics/str.k)
	Location(53,52,53,54)
	53 |	  rule strLt(iCons(A:Int, As:IntSeq), iCons(B:Int, Bs:IntSeq)) => false  
      requires A  >Int B
	   .	                                                   ^~
[Warning] Compiler: Non exhaustive match detected:
`valSeqAt(_,_)_MPY-SUBSCRIPT_Val_ValSeq_Int`(`.ValSeq_MPY-CORE_ValSeq`(.KList),_)
	Source(/tmp/audit-work/case/reference-semantics/semantics/subscript.k)
	Location(11,18,11,57)
	11 |	  syntax Val ::= valSeqAt(ValSeq, Int) [function, total]
	   .	                 ^~~~~~~~~~~~~~~~~~~~~~~~~~~~~~~~~~~~~~~
[end llvm-kompile]
$ krun /tmp/audit-work/case/concrete-audit.mpy --definition /tmp/audit-work/build/runtime-kompiled --output none
[exit 0; raw_lines=0]
[end llvm-concrete]
$ kompile /tmp/audit-work/case/verification.k --backend haskell --main-module VERIFICATION-BASE --syntax-module MPY-SYNTAX --output-definition /tmp/audit-work/build/base-kompiled
[exit 0; raw_lines=28]
[Warning] Compiler: Variable 'As' defined but not used. Prefix variable name
with underscore if this is intentional.
	Source(/tmp/audit-work/case/reference-semantics/semantics/str.k)
	Location(52,27,52,29)
	52 |	  rule strLt(iCons(A:Int, As:IntSeq), iCons(B:Int, Bs:IntSeq)) => true   
      requires A  <Int B
	   .	                          ^~
[Warning] Compiler: Variable 'Bs' defined but not used. Prefix variable name
with underscore if this is intentional.
	Source(/tmp/audit-work/case/reference-semantics/semantics/str.k)
	Location(52,52,52,54)
	52 |	  rule strLt(iCons(A:Int, As:IntSeq), iCons(B:Int, Bs:IntSeq)) => true   
      requires A  <Int B
	   .	                                                   ^~
[Warning] Compiler: Variable 'As' defined but not used. Prefix variable name
with underscore if this is intentional.
	Source(/tmp/audit-work/case/reference-semantics/semantics/str.k)
	Location(53,27,53,29)
	53 |	  rule strLt(iCons(A:Int, As:IntSeq), iCons(B:Int, Bs:IntSeq)) => false  
      requires A  >Int B
	   .	                          ^~
[Warning] Compiler: Variable 'Bs' defined but not used. Prefix variable name
with underscore if this is intentional.
	Source(/tmp/audit-work/case/reference-semantics/semantics/str.k)
	Location(53,52,53,54)
	53 |	  rule strLt(iCons(A:Int, As:IntSeq), iCons(B:Int, Bs:IntSeq)) => false  
      requires A  >Int B
	   .	                                                   ^~
[end base-kompile]
$ kprove /tmp/audit-work/case/spec.k --definition /tmp/audit-work/build/base-kompiled --spec-module SPEC-INNER
[exit 0; raw_lines=113]
#Top
[Warning] Compiler: Variable 'As' defined but not used. Prefix variable name
with underscore if this is intentional.
	Source(/tmp/audit-work/case/reference-semantics/semantics/str.k)
	Location(52,27,52,29)
	52 |	  rule strLt(iCons(A:Int, As:IntSeq), iCons(B:Int, Bs:IntSeq)) => true   
      requires A  <Int B
	   .	                          ^~
[Warning] Compiler: Variable 'Bs' defined but not used. Prefix variable name
with underscore if this is intentional.
	Source(/tmp/audit-work/case/reference-semantics/semantics/str.k)
	Location(52,52,52,54)
	52 |	  rule strLt(iCons(A:Int, As:IntSeq), iCons(B:Int, Bs:IntSeq)) => true   
      requires A  <Int B
	   .	                                                   ^~
[Warning] Compiler: Variable 'As' defined but not used. Prefix variable name
with underscore if this is intentional.
	Source(/tmp/audit-work/case/reference-semantics/semantics/str.k)
	Location(53,27,53,29)
	53 |	  rule strLt(iCons(A:Int, As:IntSeq), iCons(B:Int, Bs:IntSeq)) => false  
      requires A  >Int B
	   .	                          ^~
[Warning] Compiler: Variable 'Bs' defined but not used. Prefix variable name
with underscore if this is intentional.
	Source(/tmp/audit-work/case/reference-semantics/semantics/str.k)
	Location(53,52,53,54)
	53 |	  rule strLt(iCons(A:Int, As:IntSeq), iCons(B:Int, Bs:IntSeq)) => false  
      requires A  >Int B
	   .	                                                   ^~
[Warning] Compiler: Variable 'EM' defined but not used. Prefix variable name
with underscore if this is intentional.
	Source(/tmp/audit-work/case/spec.k)
	Location(15,24,15,26)
	15 |	          1  |-> scope(EM:Map, parent(0))
	   .	                       ^~
[Warning] Compiler: Variable 'I' defined but not used. Prefix variable name
with underscore if this is intentional.
	Source(/tmp/audit-work/case/spec.k)
	Location(22,38,22,39)
	22 |	                        [ "index" <- I:Int ]
	   .	                                     ^
[Warning] Compiler: Variable 'Q' defined but not used. Prefix variable name
with underscore if this is intentional.
	Source(/tmp/audit-work/case/spec.k)
	Location(23,38,23,39)
	23 |	                        [ "other" <- Q:Float ],
	   .	                                     ^
[Warning] Compiler: Variable 'K' defined but not used. Prefix variable name
with underscore if this is intentional.
	Source(/tmp/audit-work/case/spec.k)
	Location(37,32,37,33)
	37 |	        <stack> ListItem(frame(K:K, 1, 2)) REST:List </stack>
	   .	                               ^
[Warning] Compiler: Variable 'REST' defined but not used. Prefix variable name
with underscore if this is intentional.
	Source(/tmp/audit-work/case/spec.k)
	Location(37,44,37,48)
	37 |	        <stack> ListItem(frame(K:K, 1, 2)) REST:List </stack>
	   .	                                           ^~~~
[Warning] Compiler: Variable 'F' defined but not used. Prefix variable name
[... bounded omission: 13 lines ...]
	Source(/tmp/audit-work/case/spec.k)
	Location(57,39,57,40)
	57 |	                         [ "other" <- Q:Float ],
	   .	                                      ^
[Warning] Compiler: Variable 'K' defined but not used. Prefix variable name
with underscore if this is intentional.
	Source(/tmp/audit-work/case/spec.k)
	Location(71,32,71,33)
	71 |	        <stack> ListItem(frame(K:K, 1, 2)) REST:List </stack>
	   .	                               ^
[Warning] Compiler: Variable 'REST' defined but not used. Prefix variable name
with underscore if this is intentional.
	Source(/tmp/audit-work/case/spec.k)
	Location(71,44,71,48)
	71 |	        <stack> ListItem(frame(K:K, 1, 2)) REST:List </stack>
	   .	                                           ^~~~
[Warning] Compiler: Variable 'EM' defined but not used. Prefix variable name
with underscore if this is intentional.
	Source(/tmp/audit-work/case/spec.k)
	Location(84,24,84,26)
	84 |	          1  |-> scope(EM:Map, parent(0))
	   .	                       ^~
[Warning] Compiler: Variable 'Q' defined but not used. Prefix variable name
with underscore if this is intentional.
	Source(/tmp/audit-work/case/spec.k)
	Location(92,39,92,40)
	92 |	                         [ "other" <- Q:Float ],
	   .	                                      ^
[Warning] Compiler: Variable 'K' defined but not used. Prefix variable name
with underscore if this is intentional.
	Source(/tmp/audit-work/case/spec.k)
	Location(107,32,107,33)
	107 |	        <stack> ListItem(frame(K:K, 1, 2)) REST:List </stack>
	    .	                               ^
[Warning] Compiler: Variable 'REST' defined but not used. Prefix variable name
with underscore if this is intentional.
	Source(/tmp/audit-work/case/spec.k)
	Location(107,44,107,48)
	107 |	        <stack> ListItem(frame(K:K, 1, 2)) REST:List </stack>
	    .	                                           ^~~~
[end inner-proof]
$ kompile /tmp/audit-work/case/verification.k --backend haskell --main-module VERIFICATION-WITH-INNER --syntax-module MPY-SYNTAX --output-definition /tmp/audit-work/build/inner-kompiled
[exit 0; raw_lines=28]
[Warning] Compiler: Variable 'As' defined but not used. Prefix variable name
with underscore if this is intentional.
	Source(/tmp/audit-work/case/reference-semantics/semantics/str.k)
	Location(52,27,52,29)
	52 |	  rule strLt(iCons(A:Int, As:IntSeq), iCons(B:Int, Bs:IntSeq)) => true   
      requires A  <Int B
	   .	                          ^~
[Warning] Compiler: Variable 'Bs' defined but not used. Prefix variable name
with underscore if this is intentional.
	Source(/tmp/audit-work/case/reference-semantics/semantics/str.k)
	Location(52,52,52,54)
	52 |	  rule strLt(iCons(A:Int, As:IntSeq), iCons(B:Int, Bs:IntSeq)) => true   
      requires A  <Int B
	   .	                                                   ^~
[Warning] Compiler: Variable 'As' defined but not used. Prefix variable name
with underscore if this is intentional.
	Source(/tmp/audit-work/case/reference-semantics/semantics/str.k)
	Location(53,27,53,29)
	53 |	  rule strLt(iCons(A:Int, As:IntSeq), iCons(B:Int, Bs:IntSeq)) => false  
      requires A  >Int B
	   .	                          ^~
[Warning] Compiler: Variable 'Bs' defined but not used. Prefix variable name
with underscore if this is intentional.
	Source(/tmp/audit-work/case/reference-semantics/semantics/str.k)
	Location(53,52,53,54)
	53 |	  rule strLt(iCons(A:Int, As:IntSeq), iCons(B:Int, Bs:IntSeq)) => false  
      requires A  >Int B
	   .	                                                   ^~
[end inner-kompile]
$ kprove /tmp/audit-work/case/spec.k --definition /tmp/audit-work/build/inner-kompiled --spec-module SPEC-HELPER
[exit 0; raw_lines=35]
#Top
[Warning] Compiler: Variable 'As' defined but not used. Prefix variable name
with underscore if this is intentional.
	Source(/tmp/audit-work/case/reference-semantics/semantics/str.k)
	Location(52,27,52,29)
	52 |	  rule strLt(iCons(A:Int, As:IntSeq), iCons(B:Int, Bs:IntSeq)) => true   
      requires A  <Int B
	   .	                          ^~
[Warning] Compiler: Variable 'Bs' defined but not used. Prefix variable name
with underscore if this is intentional.
	Source(/tmp/audit-work/case/reference-semantics/semantics/str.k)
	Location(52,52,52,54)
	52 |	  rule strLt(iCons(A:Int, As:IntSeq), iCons(B:Int, Bs:IntSeq)) => true   
      requires A  <Int B
	   .	                                                   ^~
[Warning] Compiler: Variable 'As' defined but not used. Prefix variable name
with underscore if this is intentional.
	Source(/tmp/audit-work/case/reference-semantics/semantics/str.k)
	Location(53,27,53,29)
	53 |	  rule strLt(iCons(A:Int, As:IntSeq), iCons(B:Int, Bs:IntSeq)) => false  
      requires A  >Int B
	   .	                          ^~
[Warning] Compiler: Variable 'Bs' defined but not used. Prefix variable name
with underscore if this is intentional.
	Source(/tmp/audit-work/case/reference-semantics/semantics/str.k)
	Location(53,52,53,54)
	53 |	  rule strLt(iCons(A:Int, As:IntSeq), iCons(B:Int, Bs:IntSeq)) => false  
      requires A  >Int B
	   .	                                                   ^~
[Warning] Compiler: Variable 'EM' defined but not used. Prefix variable name
with underscore if this is intentional.
	Source(/tmp/audit-work/case/spec.k)
	Location(122,24,122,26)
	122 |	          1  |-> scope(EM:Map, parent(0))
	    .	                       ^~
[end helper-proof]
$ kompile /tmp/audit-work/case/verification.k --backend haskell --main-module VERIFICATION-WITH-HELPER --syntax-module MPY-SYNTAX --output-definition /tmp/audit-work/build/helper-kompiled
[exit 0; raw_lines=28]
[Warning] Compiler: Variable 'As' defined but not used. Prefix variable name
with underscore if this is intentional.
	Source(/tmp/audit-work/case/reference-semantics/semantics/str.k)
	Location(52,27,52,29)
	52 |	  rule strLt(iCons(A:Int, As:IntSeq), iCons(B:Int, Bs:IntSeq)) => true   
      requires A  <Int B
	   .	                          ^~
[Warning] Compiler: Variable 'Bs' defined but not used. Prefix variable name
with underscore if this is intentional.
	Source(/tmp/audit-work/case/reference-semantics/semantics/str.k)
	Location(52,52,52,54)
	52 |	  rule strLt(iCons(A:Int, As:IntSeq), iCons(B:Int, Bs:IntSeq)) => true   
      requires A  <Int B
	   .	                                                   ^~
[Warning] Compiler: Variable 'As' defined but not used. Prefix variable name
with underscore if this is intentional.
	Source(/tmp/audit-work/case/reference-semantics/semantics/str.k)
	Location(53,27,53,29)
	53 |	  rule strLt(iCons(A:Int, As:IntSeq), iCons(B:Int, Bs:IntSeq)) => false  
      requires A  >Int B
	   .	                          ^~
[Warning] Compiler: Variable 'Bs' defined but not used. Prefix variable name
with underscore if this is intentional.
	Source(/tmp/audit-work/case/reference-semantics/semantics/str.k)
	Location(53,52,53,54)
	53 |	  rule strLt(iCons(A:Int, As:IntSeq), iCons(B:Int, Bs:IntSeq)) => false  
      requires A  >Int B
	   .	                                                   ^~
[end helper-kompile]
$ kprove /tmp/audit-work/case/spec.k --definition /tmp/audit-work/build/helper-kompiled --spec-module SPEC-OUTER
[exit 0; raw_lines=71]
#Top
[Warning] Compiler: Variable 'As' defined but not used. Prefix variable name
with underscore if this is intentional.
	Source(/tmp/audit-work/case/reference-semantics/semantics/str.k)
	Location(52,27,52,29)
	52 |	  rule strLt(iCons(A:Int, As:IntSeq), iCons(B:Int, Bs:IntSeq)) => true   
      requires A  <Int B
	   .	                          ^~
[Warning] Compiler: Variable 'Bs' defined but not used. Prefix variable name
with underscore if this is intentional.
	Source(/tmp/audit-work/case/reference-semantics/semantics/str.k)
	Location(52,52,52,54)
	52 |	  rule strLt(iCons(A:Int, As:IntSeq), iCons(B:Int, Bs:IntSeq)) => true   
      requires A  <Int B
	   .	                                                   ^~
[Warning] Compiler: Variable 'As' defined but not used. Prefix variable name
with underscore if this is intentional.
	Source(/tmp/audit-work/case/reference-semantics/semantics/str.k)
	Location(53,27,53,29)
	53 |	  rule strLt(iCons(A:Int, As:IntSeq), iCons(B:Int, Bs:IntSeq)) => false  
      requires A  >Int B
	   .	                          ^~
[Warning] Compiler: Variable 'Bs' defined but not used. Prefix variable name
with underscore if this is intentional.
	Source(/tmp/audit-work/case/reference-semantics/semantics/str.k)
	Location(53,52,53,54)
	53 |	  rule strLt(iCons(A:Int, As:IntSeq), iCons(B:Int, Bs:IntSeq)) => false  
      requires A  >Int B
	   .	                                                   ^~
[Warning] Compiler: Variable 'START' defined but not used. Prefix variable name
with underscore if this is intentional.
	Source(/tmp/audit-work/case/spec.k)
	Location(145,38,145,43)
	145 |	                        [ "start" <- START:Int ]
	    .	                                     ^~~~~
[Warning] Compiler: Variable 'Q' defined but not used. Prefix variable name
with underscore if this is intentional.
	Source(/tmp/audit-work/case/spec.k)
	Location(146,39,146,40)
	146 |	                        [ "number" <- Q:Float ],
	    .	                                      ^
[Warning] Compiler: Variable 'K' defined but not used. Prefix variable name
with underscore if this is intentional.
	Source(/tmp/audit-work/case/spec.k)
	Location(158,32,158,33)
	158 |	        <stack> ListItem(frame(K:K, 0, 1)) REST:List </stack>
	    .	                               ^
[Warning] Compiler: Variable 'REST' defined but not used. Prefix variable name
with underscore if this is intentional.
	Source(/tmp/audit-work/case/spec.k)
	Location(158,44,158,48)
	158 |	        <stack> ListItem(frame(K:K, 0, 1)) REST:List </stack>
	    .	                                           ^~~~
[Warning] Compiler: Variable 'Q' defined but not used. Prefix variable name
with underscore if this is intentional.
	Source(/tmp/audit-work/case/spec.k)
	Location(175,40,175,41)
	175 |	                         [ "number" <- Q:Float ],
	    .	                                       ^
[Warning] Compiler: Variable 'K' defined but not used. Prefix variable name
with underscore if this is intentional.
	Source(/tmp/audit-work/case/spec.k)
	Location(188,32,188,33)
	188 |	        <stack> ListItem(frame(K:K, 0, 1)) REST:List </stack>
	    .	                               ^
[Warning] Compiler: Variable 'REST' defined but not used. Prefix variable name
with underscore if this is intentional.
	Source(/tmp/audit-work/case/spec.k)
	Location(188,44,188,48)
	188 |	        <stack> ListItem(frame(K:K, 0, 1)) REST:List </stack>
	    .	                                           ^~~~
[end outer-proof]
$ kompile /tmp/audit-work/case/verification.k --backend haskell --main-module VERIFICATION-WITH-OUTER --syntax-module MPY-SYNTAX --output-definition /tmp/audit-work/build/outer-kompiled
[exit 0; raw_lines=28]
[Warning] Compiler: Variable 'As' defined but not used. Prefix variable name
with underscore if this is intentional.
	Source(/tmp/audit-work/case/reference-semantics/semantics/str.k)
	Location(52,27,52,29)
	52 |	  rule strLt(iCons(A:Int, As:IntSeq), iCons(B:Int, Bs:IntSeq)) => true   
      requires A  <Int B
	   .	                          ^~
[Warning] Compiler: Variable 'Bs' defined but not used. Prefix variable name
with underscore if this is intentional.
	Source(/tmp/audit-work/case/reference-semantics/semantics/str.k)
	Location(52,52,52,54)
	52 |	  rule strLt(iCons(A:Int, As:IntSeq), iCons(B:Int, Bs:IntSeq)) => true   
      requires A  <Int B
	   .	                                                   ^~
[Warning] Compiler: Variable 'As' defined but not used. Prefix variable name
with underscore if this is intentional.
	Source(/tmp/audit-work/case/reference-semantics/semantics/str.k)
	Location(53,27,53,29)
	53 |	  rule strLt(iCons(A:Int, As:IntSeq), iCons(B:Int, Bs:IntSeq)) => false  
      requires A  >Int B
	   .	                          ^~
[Warning] Compiler: Variable 'Bs' defined but not used. Prefix variable name
with underscore if this is intentional.
	Source(/tmp/audit-work/case/reference-semantics/semantics/str.k)
	Location(53,52,53,54)
	53 |	  rule strLt(iCons(A:Int, As:IntSeq), iCons(B:Int, Bs:IntSeq)) => false  
      requires A  >Int B
	   .	                                                   ^~
[end outer-kompile]
$ kprove /tmp/audit-work/case/spec.k --definition /tmp/audit-work/build/outer-kompiled --spec-module SPEC-ENTRY
[exit 0; raw_lines=29]
#Top
[Warning] Compiler: Variable 'As' defined but not used. Prefix variable name
with underscore if this is intentional.
	Source(/tmp/audit-work/case/reference-semantics/semantics/str.k)
	Location(52,27,52,29)
	52 |	  rule strLt(iCons(A:Int, As:IntSeq), iCons(B:Int, Bs:IntSeq)) => true   
      requires A  <Int B
	   .	                          ^~
[Warning] Compiler: Variable 'Bs' defined but not used. Prefix variable name
with underscore if this is intentional.
	Source(/tmp/audit-work/case/reference-semantics/semantics/str.k)
	Location(52,52,52,54)
	52 |	  rule strLt(iCons(A:Int, As:IntSeq), iCons(B:Int, Bs:IntSeq)) => true   
      requires A  <Int B
	   .	                                                   ^~
[Warning] Compiler: Variable 'As' defined but not used. Prefix variable name
with underscore if this is intentional.
	Source(/tmp/audit-work/case/reference-semantics/semantics/str.k)
	Location(53,27,53,29)
	53 |	  rule strLt(iCons(A:Int, As:IntSeq), iCons(B:Int, Bs:IntSeq)) => false  
      requires A  >Int B
	   .	                          ^~
[Warning] Compiler: Variable 'Bs' defined but not used. Prefix variable name
with underscore if this is intentional.
	Source(/tmp/audit-work/case/reference-semantics/semantics/str.k)
	Location(53,52,53,54)
	53 |	  rule strLt(iCons(A:Int, As:IntSeq), iCons(B:Int, Bs:IntSeq)) => false  
      requires A  >Int B
	   .	                                                   ^~
[end entry-proof]
$ kompile /tmp/audit-work/case/verification.k --backend haskell --main-module VERIFICATION-WITH-ENTRY --syntax-module MPY-SYNTAX --output-definition /tmp/audit-work/build/entry-kompiled
[exit 0; raw_lines=28]
[Warning] Compiler: Variable 'As' defined but not used. Prefix variable name
with underscore if this is intentional.
	Source(/tmp/audit-work/case/reference-semantics/semantics/str.k)
	Location(52,27,52,29)
	52 |	  rule strLt(iCons(A:Int, As:IntSeq), iCons(B:Int, Bs:IntSeq)) => true   
      requires A  <Int B
	   .	                          ^~
[Warning] Compiler: Variable 'Bs' defined but not used. Prefix variable name
with underscore if this is intentional.
	Source(/tmp/audit-work/case/reference-semantics/semantics/str.k)
	Location(52,52,52,54)
	52 |	  rule strLt(iCons(A:Int, As:IntSeq), iCons(B:Int, Bs:IntSeq)) => true   
      requires A  <Int B
	   .	                                                   ^~
[Warning] Compiler: Variable 'As' defined but not used. Prefix variable name
with underscore if this is intentional.
	Source(/tmp/audit-work/case/reference-semantics/semantics/str.k)
	Location(53,27,53,29)
	53 |	  rule strLt(iCons(A:Int, As:IntSeq), iCons(B:Int, Bs:IntSeq)) => false  
      requires A  >Int B
	   .	                          ^~
[Warning] Compiler: Variable 'Bs' defined but not used. Prefix variable name
with underscore if this is intentional.
	Source(/tmp/audit-work/case/reference-semantics/semantics/str.k)
	Location(53,52,53,54)
	53 |	  rule strLt(iCons(A:Int, As:IntSeq), iCons(B:Int, Bs:IntSeq)) => false  
      requires A  >Int B
	   .	                                                   ^~
[end entry-kompile]
$ kprove /tmp/audit-work/case/spec.k --definition /tmp/audit-work/build/entry-kompiled --spec-module SPEC
[exit 0; raw_lines=29]
#Top
[Warning] Compiler: Variable 'As' defined but not used. Prefix variable name
with underscore if this is intentional.
	Source(/tmp/audit-work/case/reference-semantics/semantics/str.k)
	Location(52,27,52,29)
	52 |	  rule strLt(iCons(A:Int, As:IntSeq), iCons(B:Int, Bs:IntSeq)) => true   
      requires A  <Int B
	   .	                          ^~
[Warning] Compiler: Variable 'Bs' defined but not used. Prefix variable name
with underscore if this is intentional.
	Source(/tmp/audit-work/case/reference-semantics/semantics/str.k)
	Location(52,52,52,54)
	52 |	  rule strLt(iCons(A:Int, As:IntSeq), iCons(B:Int, Bs:IntSeq)) => true   
      requires A  <Int B
	   .	                                                   ^~
[Warning] Compiler: Variable 'As' defined but not used. Prefix variable name
with underscore if this is intentional.
	Source(/tmp/audit-work/case/reference-semantics/semantics/str.k)
	Location(53,27,53,29)
	53 |	  rule strLt(iCons(A:Int, As:IntSeq), iCons(B:Int, Bs:IntSeq)) => false  
      requires A  >Int B
	   .	                          ^~
[Warning] Compiler: Variable 'Bs' defined but not used. Prefix variable name
with underscore if this is intentional.
	Source(/tmp/audit-work/case/reference-semantics/semantics/str.k)
	Location(53,52,53,54)
	53 |	  rule strLt(iCons(A:Int, As:IntSeq), iCons(B:Int, Bs:IntSeq)) => false  
      requires A  >Int B
	   .	                                                   ^~
[end final-proof]
$ positive proof summary
inner-proof top_lines=1 error_lines=0
helper-proof top_lines=1 error_lines=0
outer-proof top_lines=1 error_lines=0
entry-proof top_lines=1 error_lines=0
final-proof top_lines=1 error_lines=0
