$ python3 /audit-output/evidence/inventory_k.py
inventory_entries=972
kind_counts={'claim': 8, 'configuration': 1, 'context': 5, 'rule': 717, 'syntax': 241}
source_class_counts={'CANDIDATE_CLAIM': 8, 'CANDIDATE_PROOF_EXTENSION': 36, 'SUPPLIED_FIXED_SEMANTICS': 928}
assessment_counts={'ACCEPTED_OR_DECLARATION': 960, 'CLAIM': 8, 'UNSOUND': 4}
attribute_counts={'concrete': 55, 'function': 159, 'macro': 4, 'no-evaluators': 25, 'owise': 30, 'priority(39)': 1, 'priority(40)': 49, 'priority(45)': 6, 'seqstrict(2, 3)': 1, 'strict': 3, 'symbol(absF)': 1, 'symbol(addF)': 1, 'symbol(ceilF)': 1, 'symbol(decStrToF)': 1, 'symbol(divF)': 1, 'symbol(divFloatIntV)': 1, 'symbol(divII)': 1, 'symbol(eqF)': 1, 'symbol(floatLt)': 1, 'symbol(floatMod)': 1, 'symbol(floorFI)': 1, 'symbol(gtF)': 1, 'symbol(intFloatDiv)': 1, 'symbol(intToF)': 1, 'symbol(md5hexCodes)': 1, 'symbol(mulF)': 1, 'symbol(powF)': 1, 'symbol(roundF)': 1, 'symbol(roundFN)': 1, 'symbol(sortKeyVS)': 1, 'symbol(sortVS)': 1, 'symbol(sqrtF)': 1, 'symbol(subF)': 1, 'symbol(toF)': 1, 'symbol(truncF)': 1, 'total': 121}
unsound_candidate_entries:
  verification.k:130 UNSOUND_OPERATIONAL_BRIDGE: arbitrary inner-loop body and arbitrary continuation/state frame
  verification.k:151 UNSOUND_OPERATIONAL_BRIDGE: textual helper call without binding or callee-body pinning
  verification.k:178 UNSOUND_OPERATIONAL_BRIDGE: arbitrary outer-loop body and arbitrary continuation/state frame
  verification.k:197 UNSOUND_OPERATIONAL_BRIDGE: textual entry call without binding or callee-body pinning
[exit 0]
$ wc -l inventory artifacts
   973 /audit-output/evidence/05-rule-inventory.tsv
    10 /audit-output/evidence/05-rule-inventory-summary.txt
   983 total
[exit 0]
$ SHA-256 inventory artifacts
d749ee94b567ab6413d28110e5a9ccbfd2ceb63caf792ad49aece0c9dff648f8  /audit-output/evidence/inventory_k.py
b204b463fd0e5cf703de587780303ce8828ba33914fe44da99990168c9c2605a  /audit-output/evidence/05-rule-inventory.tsv
4d2ca164c5caa6953f2e77e95b575c6d68cfe0af0923ebb2397af1e9569c717f  /audit-output/evidence/05-rule-inventory-summary.txt
[exit 0]
