$ kprove /tmp/audit-work/case/spec-vacuity.k --definition /tmp/audit-work/build/entry-kompiled --spec-module SPEC-VACUITY --dry-run
[exit 0; raw_lines=29]
kore-exec /tmp/audit-work/build/entry-kompiled/definition.kore --module VERIFICATION-WITH-ENTRY --prove /tmp/.kprove-2026-07-26-13-38-46-314-e9fdab5c-7fd9-4369-b27c-96523513b369/spec.kore --spec-module SPEC-VACUITY --output /tmp/.kprove-2026-07-26-13-38-46-314-e9fdab5c-7fd9-4369-b27c-96523513b369/result.kore
[Warning] Compiler: Variable 'As' defined but not used. Prefix variable name
with underscore if this is intentional.
	Source(/tmp/audit-work/case/reference-semantics/semantics/str.k)
	Location(52,27,52,29)
	52 |	  rule strLt(iCons(A:Int, As:IntSeq), iCons(B:Int, Bs:IntSeq)) => true   
      requires A  <Int B
	   .	                          ^~
[Warning] Compiler: Variable 'Bs' defined but not used. Prefix variable name
with underscore if this is intentional.
	Source(/tmp/audit-work/case/reference-semantics/semantics/str.k)
	Location(52,52,52,54)
	52 |	  rule strLt(iCons(A:Int, As:IntSeq), iCons(B:Int, Bs:IntSeq)) => true   
      requires A  <Int B
	   .	                                                   ^~
[Warning] Compiler: Variable 'As' defined but not used. Prefix variable name
with underscore if this is intentional.
	Source(/tmp/audit-work/case/reference-semantics/semantics/str.k)
	Location(53,27,53,29)
	53 |	  rule strLt(iCons(A:Int, As:IntSeq), iCons(B:Int, Bs:IntSeq)) => false  
      requires A  >Int B
	   .	                          ^~
[Warning] Compiler: Variable 'Bs' defined but not used. Prefix variable name
with underscore if this is intentional.
	Source(/tmp/audit-work/case/reference-semantics/semantics/str.k)
	Location(53,52,53,54)
	53 |	  rule strLt(iCons(A:Int, As:IntSeq), iCons(B:Int, Bs:IntSeq)) => false  
      requires A  >Int B
	   .	                                                   ^~
[end vacuity-dry-run]
$ kprove /tmp/audit-work/case/spec-vacuity.k --definition /tmp/audit-work/build/entry-kompiled --spec-module SPEC-VACUITY
[exit 1; raw_lines=96]
kore-exec: [1012124] Warning (WarnStuckClaimState):
    The configuration's term unifies with the destination's term, but the implication check between the conditions has failed. Location: /tmp/audit-work/case/spec-vacuity.k:9:9-19:27
Context:
    (InfoReachability) while checking the implication
  #Not ( {
    hasPairs ( ALL , ALL , T , 1 )
  #Equals
    notBool hasPairs ( ALL , ALL , T , 1 )
  } )
#And
  <generatedTop>
    <k>
      hasPairs ( ALL , ALL , T , 1 ) ~> _DotVar1 ~> .K
    </k>
    <env>
      0
    </env>
    <scopes>
      -1 |-> scope ( "abs" |-> builtinV ( "abs" )
      "all" |-> builtinV ( "all" )
      "any" |-> builtinV ( "any" )
      "bin" |-> builtinV ( "bin" )
      "chr" |-> builtinV ( "chr" )
      "enumerate" |-> builtinV ( "enumerate" )
      "eval" |-> builtinV ( "eval" )
      "float" |-> typeV ( "float" )
      "int" |-> typeV ( "int" )
      "isinstance" |-> builtinV ( "isinstance" )
      "len" |-> builtinV ( "len" )
      "list" |-> builtinV ( "list" )
      "map" |-> builtinV ( "map" )
      "max" |-> builtinV ( "max" )
      "min" |-> builtinV ( "min" )
      "ord" |-> builtinV ( "ord" )
      "range" |-> builtinV ( "range" )
      "round" |-> builtinV ( "round" )
      "set" |-> builtinV ( "set" )
      "sorted" |-> builtinV ( "sorted" )
      "str" |-> typeV ( "str" )
      "sum" |-> builtinV ( "sum" )
      "zip" |-> builtinV ( "zip" ) , root )
      0 |-> scope ( "has_close_elements" |-> closureVal ( "numbers" , "threshold" , .ParamNames , Assign ( Name ( "found" ) , Bool ( false ) )  Assign ( Name ( "start" ) , Int ( 1 ) )  Assign ( Name ( "number" ) , Name ( "threshold" ) )  For ( Name ( "number" ) , Name ( "numbers" ) , If ( Call ( Name ( "is_close_to_any" ) , Name ( "number" ) , Name ( "numbers" ) , Name ( "threshold" ) , Name ( "start" ) , .Exprs ) , Assign ( Name ( "found" ) , Bool ( true ) )  Break  .Stmts , .Stmts )  AugAssign ( Name ( "start" ) , "+" , Int ( 1 ) )  .Stmts )  Assign ( Name ( "start" ) , Int ( 1 ) )  Assign ( Name ( "number" ) , Name ( "threshold" ) )  Return ( Name ( "found" ) )  .Stmts , 0 )
      "is_close_to_any" |-> closureVal ( "number" , "numbers" , "threshold" , "start" , .ParamNames , Assign ( Name ( "found" ) , Bool ( false ) )  Assign ( Name ( "index" ) , Int ( 0 ) )  Assign ( Name ( "other" ) , Name ( "number" ) )  For ( Name ( "other" ) , Name ( "numbers" ) , If ( Compare ( Name ( "index" ) , CmpOp ( ">=" , Name ( "start" ) ) ) , If ( Compare ( Call ( Name ( "abs" ) , BinOp ( "-" , Name ( "number" ) , Name ( "other" ) ) , .Exprs ) , CmpOp ( "<" , Name ( "threshold" ) ) ) , Assign ( Name ( "found" ) , Bool ( true ) )  Break  .Stmts , .Stmts )  .Stmts , .Stmts )  AugAssign ( Name ( "index" ) , "+" , Int ( 1 ) )  .Stmts )  Assign ( Name ( "index" ) , Int ( 0 ) )  Assign ( Name ( "other" ) , Name ( "number" ) )  Return ( Name ( "found" ) )  .Stmts , 0 ) , parent ( -1 ) )
    </scopes>
    <scopeLoc>
      1
    </scopeLoc>
    <heap>
      _Gen6
    </heap>
    <heapLoc>
      _Gen7
    </heapLoc>
    <stack>
      _Gen8
    </stack>
    <ret>
      noRet
    </ret>
    <exc>
      _Gen9
    </exc>
    <exit-code>
      _Gen10
    </exit-code>
  </generatedTop>
[Warning] Compiler: Variable 'As' defined but not used. Prefix variable name
with underscore if this is intentional.
	Source(/tmp/audit-work/case/reference-semantics/semantics/str.k)
	Location(52,27,52,29)
	52 |	  rule strLt(iCons(A:Int, As:IntSeq), iCons(B:Int, Bs:IntSeq)) => true   
      requires A  <Int B
	   .	                          ^~
[Warning] Compiler: Variable 'Bs' defined but not used. Prefix variable name
with underscore if this is intentional.
	Source(/tmp/audit-work/case/reference-semantics/semantics/str.k)
	Location(52,52,52,54)
	52 |	  rule strLt(iCons(A:Int, As:IntSeq), iCons(B:Int, Bs:IntSeq)) => true   
      requires A  <Int B
	   .	                                                   ^~
[Warning] Compiler: Variable 'As' defined but not used. Prefix variable name
with underscore if this is intentional.
	Source(/tmp/audit-work/case/reference-semantics/semantics/str.k)
	Location(53,27,53,29)
	53 |	  rule strLt(iCons(A:Int, As:IntSeq), iCons(B:Int, Bs:IntSeq)) => false  
      requires A  >Int B
	   .	                          ^~
[Warning] Compiler: Variable 'Bs' defined but not used. Prefix variable name
with underscore if this is intentional.
	Source(/tmp/audit-work/case/reference-semantics/semantics/str.k)
	Location(53,52,53,54)
	53 |	  rule strLt(iCons(A:Int, As:IntSeq), iCons(B:Int, Bs:IntSeq)) => false  
      requires A  >Int B
	   .	                                                   ^~
[Error] Prover: backend terminated because the configuration cannot be
rewritten further. See output for more details.
[end vacuity-proof]
$ expected-failure signal counts
WarnStuckClaimState=1
ProverErrors=0
TopLines=0
[exit 0]
$ SHA-256 mutation
8df26647b21213e094f1fa4e4b427c458450a687fe90b2e8632245d690f62442  /audit-output/evidence/spec-vacuity.k
[exit 0]
