Script started on 2026-07-26 17:10:55-05:00 [<not executed on terminal>]
kore-exec: [2284719] Warning (WarnStuckClaimState):
    The configuration's term unifies with the destination's term, but the implication check between the conditions has failed. Location: /tmp/audit-work/task/spec-without-bridge.k:6:9-30:23
Context:
    (InfoReachability) while checking the implication
  #Ceil ( buildIS ( iCons ( 48 , iCons ( 98 , binCodes ( N ) ) ) , clampHi ( 2 , isLen ( binCodes ( N ) ) +Int 2 , 1 ) , isLen ( binCodes ( N ) ) +Int 2 , 1 ) )
#And
  #Not ( {
    seqConcat ( binCodes ( N ) , iCons ( 100 , iCons ( 98 , .IntSeq ) ) )
  #Equals
    seqConcat ( buildIS ( iCons ( 48 , iCons ( 98 , binCodes ( N ) ) ) , clampHi ( 2 , isLen ( binCodes ( N ) ) +Int 2 , 1 ) , isLen ( binCodes ( N ) ) +Int 2 , 1 ) , iCons ( 100 , iCons ( 98 , .IntSeq ) ) )
  } )
#And
  <generatedTop>
    <k>
      str ( iCons ( 100 , iCons ( 98 , seqConcat ( buildIS ( iCons ( 48 , iCons ( 98 , binCodes ( N ) ) ) , clampHi ( 2 , isLen ( binCodes ( N ) ) +Int 2 , 1 ) , isLen ( binCodes ( N ) ) +Int 2 , 1 ) , iCons ( 100 , iCons ( 98 , .IntSeq ) ) ) ) ) ) ~> .K
    </k>
    <env>
      0
    </env>
    <scopes>
      -1 |-> scope ( "abs" |-> builtinV ( "abs" )
      "all" |-> builtinV ( "all" )
      "any" |-> builtinV ( "any" )
      "bin" |-> builtinV ( "bin" )
      "chr" |-> builtinV ( "chr" )
      "enumerate" |-> builtinV ( "enumerate" )
      "eval" |-> builtinV ( "eval" )
      "float" |-> typeV ( "float" )
      "int" |-> typeV ( "int" )
      "isinstance" |-> builtinV ( "isinstance" )
      "len" |-> builtinV ( "len" )
      "list" |-> builtinV ( "list" )
      "map" |-> builtinV ( "map" )
      "max" |-> builtinV ( "max" )
      "min" |-> builtinV ( "min" )
      "ord" |-> builtinV ( "ord" )
      "range" |-> builtinV ( "range" )
      "round" |-> builtinV ( "round" )
      "set" |-> builtinV ( "set" )
      "sorted" |-> builtinV ( "sorted" )
      "str" |-> typeV ( "str" )
      "sum" |-> builtinV ( "sum" )
      "zip" |-> builtinV ( "zip" ) , root )
      0 |-> scope ( .Map , parent ( -1 ) )
    </scopes>
    <scopeLoc>
      1
    </scopeLoc>
    <heap>
      .Map
    </heap>
    <heapLoc>
      0
    </heapLoc>
    <stack>
      .List
    </stack>
    <ret>
      noRet
    </ret>
    <exc>
      NoExc
    </exc>
    <exit-code>
      0
    </exit-code>
  </generatedTop>
#And
  {
    true
  #Equals
    N >=Int 0
  }
[Warning] Compiler: Variable 'As' defined but not used. Prefix variable name
with underscore if this is intentional.
	Source(/tmp/audit-work/task/reference-semantics/semantics/str.k)
	Location(52,27,52,29)
	52 |	  rule strLt(iCons(A:Int, As:IntSeq), iCons(B:Int, Bs:IntSeq)) => true   
      requires A  <Int B
	   .	                          ^~
[Warning] Compiler: Variable 'Bs' defined but not used. Prefix variable name
with underscore if this is intentional.
	Source(/tmp/audit-work/task/reference-semantics/semantics/str.k)
	Location(52,52,52,54)
	52 |	  rule strLt(iCons(A:Int, As:IntSeq), iCons(B:Int, Bs:IntSeq)) => true   
      requires A  <Int B
	   .	                                                   ^~
[Warning] Compiler: Variable 'As' defined but not used. Prefix variable name
with underscore if this is intentional.
	Source(/tmp/audit-work/task/reference-semantics/semantics/str.k)
	Location(53,27,53,29)
	53 |	  rule strLt(iCons(A:Int, As:IntSeq), iCons(B:Int, Bs:IntSeq)) => false  
      requires A  >Int B
	   .	                          ^~
[Warning] Compiler: Variable 'Bs' defined but not used. Prefix variable name
with underscore if this is intentional.
	Source(/tmp/audit-work/task/reference-semantics/semantics/str.k)
	Location(53,52,53,54)
	53 |	  rule strLt(iCons(A:Int, As:IntSeq), iCons(B:Int, Bs:IntSeq)) => false  
      requires A  >Int B
	   .	                                                   ^~
[Error] Prover: backend terminated because the configuration cannot be
rewritten further. See output for more details.
[0m[0m
Script done on 2026-07-26 17:11:00-05:00 [COMMAND_EXIT_CODE="1"]
