Script started on 2026-07-27 23:32:05-05:00 [<not executed on terminal>]
{
  "all_checks_pass": false,
  "checks": {
    "all_resolution_hashes_exact": true,
    "all_stage1_source_hashes_exact": true,
    "audit_mode_env_matches_signed_mode": true,
    "candidate_mount_absent": true,
    "condition_exact": true,
    "designated_sorries_zero": true,
    "export_discovery_hash_exact": true,
    "export_frozen_hash_exact": true,
    "export_generated_hash_exact": true,
    "export_obligation_count_zero": true,
    "export_status_no_obligations": true,
    "export_trust_inventory_hash_exact": true,
    "exporter_hash_exact": false,
    "generation_selection_hash_exact": true,
    "generator_inventory_provenance_exact": true,
    "generator_obligation_count_zero": true,
    "generator_stage1_provenance_exact": true,
    "generator_stage3_provenance_exact": true,
    "generator_toolchain_exact": true,
    "generator_tree_hash_exact": true,
    "independent_domain_source_set_empty": true,
    "input_discovery_hash_exact": true,
    "input_frozen_hash_exact": true,
    "k_audit_selection_hash_exact": true,
    "klean_tool_hash_exact": false,
    "obligation_map_hash_exact": true,
    "obligation_set_empty": true,
    "obligation_source_set_empty": true,
    "preflight_obligation_count_zero": true,
    "preflight_status_no_obligations": true,
    "problem_exact": true,
    "selection_status_no_obligations": true,
    "semantics_mode_exact": true,
    "signed_digest_exact": true,
    "signed_preflight_exact": true,
    "stage5_absent_in_signed_input": true,
    "target_absent_everywhere": true,
    "trust_parameter_set_empty": true
  },
  "expected_hashes": {
    "discovery_manifest_sha256": "d4be6d49dbe337b1abcdbf53e0d00d2494a7372008351466566552b3772b223d",
    "generated_tree_sha256": "a85c18ade04d80d50c836c27c215b6c58199dd2b4f14fae76d127c279b8cdb20",
    "k_audit_sha256": "1023b7f35d11be83de048f36909bdf2dc65f4d0fddf663d9e9e9e4e722cf728b",
    "k_workspace_sha256": "f1616457f244f34f7285e6eecb970faf76c4cf75771844c2ae5ea814be098477",
    "klean_generation_sha256": "054b86725325d035f3dc39a1ec388880efb474d8651e20b275747afc179ebbdf",
    "lean_invocation_sha256": null,
    "lean_workspace_sha256": null,
    "stage1_export_sha256": "5d3faa1a08c461fb4cca52e79b1ad7f41fe97e52b47b168058c034b075e9aef1"
  },
  "expected_target_definition": null,
  "inventory_sha256": "abf9ccdcfd0a77de4c492e722b24752b8311ffec102ba6cf608a1e6708bf4541",
  "obligation_map": {
    "obligations": [],
    "schema_version": 3,
    "source_rules": [],
    "trust_parameters": []
  },
  "observed_hashes": {
    "discovery_manifest_sha256": "d4be6d49dbe337b1abcdbf53e0d00d2494a7372008351466566552b3772b223d",
    "generated_tree_sha256": "a85c18ade04d80d50c836c27c215b6c58199dd2b4f14fae76d127c279b8cdb20",
    "k_audit_sha256": "1023b7f35d11be83de048f36909bdf2dc65f4d0fddf663d9e9e9e4e722cf728b",
    "k_workspace_sha256": "f1616457f244f34f7285e6eecb970faf76c4cf75771844c2ae5ea814be098477",
    "klean_generation_sha256": "054b86725325d035f3dc39a1ec388880efb474d8651e20b275747afc179ebbdf",
    "lean_invocation_sha256": null,
    "lean_workspace_sha256": null,
    "stage1_export_sha256": "5d3faa1a08c461fb4cca52e79b1ad7f41fe97e52b47b168058c034b075e9aef1"
  },
  "signed_digest": "4d8b8e7343299eb8443869f5424522ba4be9f3c63b9a7623eefdf30c91bd918d",
  "signed_mode": "CLASSIFICATION_ONLY",
  "stage1_source_hashes": {
    "__pycache__/solution.cpython-310.pyc": "28b19d4e32d0d4aced8d30749fd9b80a45c23342ab7ee31aeb4a18d559cb4f3e",
    "prompt.py": "aa62f2bdcae005c83ed5eede68f25a798ece3609af2bf7db30ef714aa7a33927",
    "prove.sh": "b351990bd132df538cd8d3d6e170ac36d494db98cf8e85ed6f36652217055a2d",
    "py2mpy.py": "406485eac118431c08ef59f30f79dfa6aa9d5825408917fc5ce7c806e664db16",
    "semantic.k": "b04634f1f3a21b0636ef1d01d9e0313b12ea2a6365294005422c1532aca3fe3f",
    "solution.mpy": "17a16c7a8e00f962ce09491dd097b415eb98b18d7e92302eedd9dc792bbb0b16",
    "solution.py": "582e1b545cae23b6377cac039ee0a7d075602d5849358dbcf9aefd735c5be8da",
    "spec.k": "45a3ac8371ae98eaa668ad80ec9c229894be26970f9605b86252ac7d7cdca2b2",
    "verification.k": "ff40adf397cc707c4b5426c16572837e23a14834b93aafbbc134c51c45402bd5"
  },
  "target": null,
  "trust_allowlist_count": 49
}

Script done on 2026-07-27 23:32:05-05:00 [COMMAND_EXIT_CODE="0"]
