WORKDIR: /tmp/audit-work/116-sort-array
COMMAND: kprove stage6-false-result.k --definition verification-audit-kompiled --spec-module STAGE6-FALSE-RESULT --claims STAGE6-FALSE-RESULT.wrongly-returns-input
kore-exec: [1684464] Warning (WarnStuckClaimState):
    The configuration's term doesn't unify with the destination's term and the configuration cannot be rewritten further. Location: /tmp/audit-work/116-sort-array/stage6-false-result.k:9:5-101:31
Context:
    (InfoReachability) while checking the implication
<generatedTop>
  <k>
    ref ( 2 ) ~> .K
  </k>
  <env>
    0
  </env>
  <scopes>
    -1 |-> scope ( "abs" |-> builtinV ( "abs" )
    "all" |-> builtinV ( "all" )
    "any" |-> builtinV ( "any" )
    "bin" |-> builtinV ( "bin" )
    "chr" |-> builtinV ( "chr" )
    "enumerate" |-> builtinV ( "enumerate" )
    "eval" |-> builtinV ( "eval" )
    "float" |-> typeV ( "float" )
    "int" |-> typeV ( "int" )
    "isinstance" |-> builtinV ( "isinstance" )
    "len" |-> builtinV ( "len" )
    "list" |-> builtinV ( "list" )
    "map" |-> builtinV ( "map" )
    "max" |-> builtinV ( "max" )
    "min" |-> builtinV ( "min" )
    "ord" |-> builtinV ( "ord" )
    "range" |-> builtinV ( "range" )
    "round" |-> builtinV ( "round" )
    "set" |-> builtinV ( "set" )
    "sorted" |-> builtinV ( "sorted" )
    "str" |-> typeV ( "str" )
    "sum" |-> builtinV ( "sum" )
    "zip" |-> builtinV ( "zip" ) , root )
    0 |-> scope ( "sort_array" |-> closureVal ( "arr" , .ParamNames , Return ( Call ( Name ( "sorted" ) , Call ( Name ( "sorted" ) , Name ( "arr" ) , .Exprs ) , KwArg ( "key" , Lambda ( Params ( "value" , .ParamNames ) , CellVars ( .ParamNames ) , FreeVars ( .ParamNames ) , Call ( Attribute ( Call ( Name ( "bin" ) , Name ( "value" ) , .Exprs ) , "count" ) , Str ( "1" ) , .Exprs ) ) ) , .Exprs ) )  .Stmts , 0 ) , parent ( -1 ) )
  </scopes>
  <scopeLoc>
    1
  </scopeLoc>
  <heap>
    0 |-> list ( vCons ( 3 , vCons ( 4 , .ValSeq ) ) )
    1 |-> list ( vCons ( 3 , vCons ( 4 , .ValSeq ) ) )
    2 |-> list ( sortKeyVS ( vCons ( 3 , vCons ( 4 , .ValSeq ) ) , closureValC ( "value" , .ParamNames , .ParamNames , Return ( Call ( Attribute ( Call ( Name ( "bin" ) , Name ( "value" ) , .Exprs ) , "count" ) , Str ( "1" ) , .Exprs ) )  .Stmts , .Map ) ) )
  </heap>
  <heapLoc>
    3
  </heapLoc>
  <stack>
    .List
  </stack>
  <ret>
    noRet
  </ret>
  <exc>
    NoExc
  </exc>
  <exit-code>
    0
  </exit-code>
</generatedTop>
[Warning] Compiler: Variable 'As' defined but not used. Prefix variable name
with underscore if this is intentional.
	Source(/tmp/audit-work/116-sort-array/reference-semantics/semantics/str.k)
	Location(52,27,52,29)
	52 |	  rule strLt(iCons(A:Int, As:IntSeq), iCons(B:Int, Bs:IntSeq)) => true   
      requires A  <Int B
	   .	                          ^~
[Warning] Compiler: Variable 'Bs' defined but not used. Prefix variable name
with underscore if this is intentional.
	Source(/tmp/audit-work/116-sort-array/reference-semantics/semantics/str.k)
	Location(52,52,52,54)
	52 |	  rule strLt(iCons(A:Int, As:IntSeq), iCons(B:Int, Bs:IntSeq)) => true   
      requires A  <Int B
	   .	                                                   ^~
[Warning] Compiler: Variable 'As' defined but not used. Prefix variable name
with underscore if this is intentional.
	Source(/tmp/audit-work/116-sort-array/reference-semantics/semantics/str.k)
	Location(53,27,53,29)
	53 |	  rule strLt(iCons(A:Int, As:IntSeq), iCons(B:Int, Bs:IntSeq)) => false  
      requires A  >Int B
	   .	                          ^~
[Warning] Compiler: Variable 'Bs' defined but not used. Prefix variable name
with underscore if this is intentional.
	Source(/tmp/audit-work/116-sort-array/reference-semantics/semantics/str.k)
	Location(53,52,53,54)
	53 |	  rule strLt(iCons(A:Int, As:IntSeq), iCons(B:Int, Bs:IntSeq)) => false  
      requires A  >Int B
	   .	                                                   ^~
[Error] Prover: backend terminated because the configuration cannot be
rewritten further. See output for more details.

EXIT_STATUS: 1
