TOTAL_SENTENCES=973
COUNT source_class=PROOF_LOCAL kind=rule value=29
COUNT source_class=PROOF_LOCAL kind=syntax value=11
COUNT source_class=SPEC kind=claim value=5
COUNT source_class=SUPPLIED_SEMANTICS kind=configuration value=1
COUNT source_class=SUPPLIED_SEMANTICS kind=context value=5
COUNT source_class=SUPPLIED_SEMANTICS kind=rule value=695
COUNT source_class=SUPPLIED_SEMANTICS kind=syntax value=227
DISPOSITION name=ACCEPT_ALIAS_TO_FIXED_PRIMITIVE value=1
DISPOSITION name=ACCEPT_DEFINITIONAL_STRING_SUMMARY value=2
DISPOSITION name=ACCEPT_EXACT_PROGRAM_MACRO value=4
DISPOSITION name=ACCEPT_PINNED_INVOCATION_HARNESS value=2
DISPOSITION name=ACCEPT_SELECTED_SUPPLIED_BASELINE value=928
DISPOSITION name=ACCEPT_STRUCTURAL_SUMMARY_WITH_DOMAIN_GAP value=8
DISPOSITION name=MIXED_DECLARATION_REVIEW_ROWS_BELOW value=1
DISPOSITION name=PROOF_OBLIGATION value=5
DISPOSITION name=REJECT_CIRCULAR_ALIAS value=1
DISPOSITION name=REJECT_RESULT_BEARING_ORACLE value=1
DISPOSITION name=REJECT_UNJUSTIFIED_OPERATIONAL_BRIDGE value=1
DISPOSITION name=STRUCTURALLY_VALID_BUT_ORACLE_DEPENDENT value=14
DISPOSITION name=SYNTHETIC_INPUT_REPRESENTATION_GAP value=5
PROOF_LOCAL_SENTENCES=40
ROW line=7-7 kind=syntax flags=macro decision=ACCEPT_EXACT_PROGRAM_MACRO head=syntax Stmt ::= "numericalLetterGradeStep" [macro]
ROW line=8-46 kind=rule flags=- decision=ACCEPT_EXACT_PROGRAM_MACRO head=rule numericalLetterGradeStep
ROW line=48-48 kind=syntax flags=macro decision=ACCEPT_EXACT_PROGRAM_MACRO head=syntax Stmts ::= "numericalLetterGradeBody" [macro]
ROW line=49-56 kind=rule flags=- decision=ACCEPT_EXACT_PROGRAM_MACRO head=rule numericalLetterGradeBody
ROW line=58-58 kind=syntax flags=- decision=ACCEPT_PINNED_INVOCATION_HARNESS head=syntax KItem ::= runGrades(ValSeq)
ROW line=59-63 kind=rule flags=- decision=ACCEPT_PINNED_INVOCATION_HARNESS head=rule <k> runGrades(VS:ValSeq)
ROW line=65-65 kind=syntax flags=function,total decision=ACCEPT_DEFINITIONAL_STRING_SUMMARY head=syntax Val ::= letter(String) [function, total]
ROW line=66-66 kind=rule flags=- decision=ACCEPT_DEFINITIONAL_STRING_SUMMARY head=rule letter(S:String) => str(strToCodes(S))
ROW line=68-69 kind=syntax flags=function,total decision=MIXED_DECLARATION_REVIEW_ROWS_BELOW head=syntax Bool ::= eqFour(Float) [function, total]
ROW line=70-71 kind=syntax flags=function,total,no-evaluators decision=REJECT_RESULT_BEARING_ORACLE head=syntax Bool ::= gpaEqFour(Val)
ROW line=72-75 kind=rule flags=priority decision=REJECT_UNJUSTIFIED_OPERATIONAL_BRIDGE head=rule <k> Compare(F:Float, CmpOp("==", 4.0))
ROW line=76-76 kind=rule flags=- decision=REJECT_CIRCULAR_ALIAS head=rule eqFour(F:Float)  => gpaEqFour(F)
ROW line=77-81 kind=rule flags=- decision=ACCEPT_ALIAS_TO_FIXED_PRIMITIVE head=rule above(F:Float, T:Float) => gtF(F, T)
ROW line=82-84 kind=syntax flags=- decision=SYNTHETIC_INPUT_REPRESENTATION_GAP head=syntax NumericGrades ::= ".NumericGrades"
ROW line=85-85 kind=syntax flags=- decision=SYNTHETIC_INPUT_REPRESENTATION_GAP head=syntax ValSeq ::= numericValues(NumericGrades)
ROW line=86-89 kind=rule flags=priority decision=SYNTHETIC_INPUT_REPRESENTATION_GAP head=rule <k> #iterNext(list(numericValues(.NumericGrades)))
ROW line=90-93 kind=rule flags=priority decision=SYNTHETIC_INPUT_REPRESENTATION_GAP head=rule <k> #iterNext(list(numericValues(fGrade(F:Float, GS:NumericGrades))))
ROW line=94-97 kind=rule flags=priority decision=SYNTHETIC_INPUT_REPRESENTATION_GAP head=rule <k> #iterNext(list(numericValues(iGrade(I:Int, GS:NumericGrades))))
ROW line=99-99 kind=syntax flags=function decision=STRUCTURALLY_VALID_BUT_ORACLE_DEPENDENT head=syntax Val ::= gradeOf(Float) [function]
ROW line=100-101 kind=rule flags=- decision=STRUCTURALLY_VALID_BUT_ORACLE_DEPENDENT head=rule gradeOf(F:Float) => letter("A+")
ROW line=102-104 kind=rule flags=- decision=STRUCTURALLY_VALID_BUT_ORACLE_DEPENDENT head=rule gradeOf(F:Float) => letter("A")
ROW line=105-108 kind=rule flags=- decision=STRUCTURALLY_VALID_BUT_ORACLE_DEPENDENT head=rule gradeOf(F:Float) => letter("A-")
ROW line=109-113 kind=rule flags=- decision=STRUCTURALLY_VALID_BUT_ORACLE_DEPENDENT head=rule gradeOf(F:Float) => letter("B+")
ROW line=114-119 kind=rule flags=- decision=STRUCTURALLY_VALID_BUT_ORACLE_DEPENDENT head=rule gradeOf(F:Float) => letter("B")
ROW line=120-126 kind=rule flags=- decision=STRUCTURALLY_VALID_BUT_ORACLE_DEPENDENT head=rule gradeOf(F:Float) => letter("B-")
ROW line=127-134 kind=rule flags=- decision=STRUCTURALLY_VALID_BUT_ORACLE_DEPENDENT head=rule gradeOf(F:Float) => letter("C+")
ROW line=135-143 kind=rule flags=- decision=STRUCTURALLY_VALID_BUT_ORACLE_DEPENDENT head=rule gradeOf(F:Float) => letter("C")
ROW line=144-153 kind=rule flags=- decision=STRUCTURALLY_VALID_BUT_ORACLE_DEPENDENT head=rule gradeOf(F:Float) => letter("C-")
ROW line=154-164 kind=rule flags=- decision=STRUCTURALLY_VALID_BUT_ORACLE_DEPENDENT head=rule gradeOf(F:Float) => letter("D+")
ROW line=165-176 kind=rule flags=- decision=STRUCTURALLY_VALID_BUT_ORACLE_DEPENDENT head=rule gradeOf(F:Float) => letter("D")
ROW line=177-189 kind=rule flags=- decision=STRUCTURALLY_VALID_BUT_ORACLE_DEPENDENT head=rule gradeOf(F:Float) => letter("D-")
ROW line=190-202 kind=rule flags=- decision=STRUCTURALLY_VALID_BUT_ORACLE_DEPENDENT head=rule gradeOf(F:Float) => letter("E")
ROW line=204-204 kind=syntax flags=function,total decision=ACCEPT_STRUCTURAL_SUMMARY_WITH_DOMAIN_GAP head=syntax ValSeq ::= mappedAppend(ValSeq, NumericGrades) [function, total]
ROW line=205-205 kind=rule flags=- decision=ACCEPT_STRUCTURAL_SUMMARY_WITH_DOMAIN_GAP head=rule mappedAppend(PREFIX:ValSeq, .NumericGrades) => PREFIX
ROW line=206-209 kind=rule flags=- decision=ACCEPT_STRUCTURAL_SUMMARY_WITH_DOMAIN_GAP head=rule mappedAppend(PREFIX:ValSeq, fGrade(F:Float, GS:NumericGrades))
ROW line=210-213 kind=rule flags=- decision=ACCEPT_STRUCTURAL_SUMMARY_WITH_DOMAIN_GAP head=rule mappedAppend(PREFIX:ValSeq, iGrade(I:Int, GS:NumericGrades))
ROW line=215-215 kind=syntax flags=function,total decision=ACCEPT_STRUCTURAL_SUMMARY_WITH_DOMAIN_GAP head=syntax Float ::= afterGradeValue(Float, NumericGrades) [function, total]
ROW line=216-216 kind=rule flags=- decision=ACCEPT_STRUCTURAL_SUMMARY_WITH_DOMAIN_GAP head=rule afterGradeValue(OLD:Float, .NumericGrades) => OLD
ROW line=217-218 kind=rule flags=- decision=ACCEPT_STRUCTURAL_SUMMARY_WITH_DOMAIN_GAP head=rule afterGradeValue(_:Float, fGrade(F:Float, GS:NumericGrades))
ROW line=219-220 kind=rule flags=- decision=ACCEPT_STRUCTURAL_SUMMARY_WITH_DOMAIN_GAP head=rule afterGradeValue(_:Float, iGrade(I:Int, GS:NumericGrades))
OPAQUE_DECLARATION_SENTENCES=23
OPAQUE source=/reference/reference-semantics/semantics/builtins.k line=285 head=syntax IntSeq ::= md5hexCodes(IntSeq) [function, total, symbol(md5hexCodes), no-evaluators]
OPAQUE source=/reference/reference-semantics/semantics/float.k line=24 head=syntax Float ::= intFloatDiv(Int, Float) [function, total, symbol(intFloatDiv), no-evaluators]
OPAQUE source=/reference/reference-semantics/semantics/float.k line=30 head=syntax Float ::= divII(Int, Int) [function, total, symbol(divII), no-evaluators]
OPAQUE source=/reference/reference-semantics/semantics/float.k line=37 head=syntax Float ::= floatMod(Float, Float) [function, total, symbol(floatMod), no-evaluators]
OPAQUE source=/reference/reference-semantics/semantics/float.k line=50 head=syntax Bool ::= floatLt(Float, Float) [function, total, symbol(floatLt), no-evaluators]
OPAQUE source=/reference/reference-semantics/semantics/float.k line=54 head=syntax Float ::= absF(Float) [function, total, symbol(absF), no-evaluators]
OPAQUE source=/reference/reference-semantics/semantics/float.k line=103 head=syntax Float ::= subF(Float, Float) [function, total, symbol(subF), no-evaluators]
OPAQUE source=/reference/reference-semantics/semantics/float.k line=107 head=syntax Float ::= divF(Float, Float) [function, total, symbol(divF), no-evaluators]
OPAQUE source=/reference/reference-semantics/semantics/float.k line=111 head=syntax Float ::= addF(Float, Float) [function, total, symbol(addF), no-evaluators]
OPAQUE source=/reference/reference-semantics/semantics/float.k line=115 head=syntax Float ::= mulF(Float, Float) [function, total, symbol(mulF), no-evaluators]
OPAQUE source=/reference/reference-semantics/semantics/float.k line=119 head=syntax Float ::= powF(Float, Float) [function, total, symbol(powF), no-evaluators]
OPAQUE source=/reference/reference-semantics/semantics/float.k line=125 head=syntax Bool ::= gtF(Float, Float) [function, total, symbol(gtF), no-evaluators]
OPAQUE source=/reference/reference-semantics/semantics/float.k line=142 head=syntax Bool ::= eqF(Float, Float) [function, total, symbol(eqF), no-evaluators]
OPAQUE source=/reference/reference-semantics/semantics/float.k line=160 head=syntax Float ::= decStrToF(IntSeq) [function, total, symbol(decStrToF), no-evaluators]
OPAQUE source=/reference/reference-semantics/semantics/float.k line=190 head=syntax Float ::= divFloatIntV(Float, Int) [function, total, symbol(divFloatIntV), no-evaluators]
OPAQUE source=/reference/reference-semantics/semantics/float.k line=195 head=syntax Float ::= intToF(Int) [function, total, symbol(intToF), no-evaluators]
OPAQUE source=/reference/reference-semantics/semantics/float.k line=209 head=syntax Int ::= truncF(Float) [function, total, symbol(truncF), no-evaluators]
OPAQUE source=/reference/reference-semantics/semantics/float.k line=217 head=syntax Int ::= roundF(Float) [function, total, symbol(roundF), no-evaluators]
OPAQUE source=/reference/reference-semantics/semantics/float.k line=223 head=syntax Float ::= roundFN(Float, Int) [function, total, symbol(roundFN), no-evaluators]
OPAQUE source=/reference/reference-semantics/semantics/float.k line=230 head=syntax Float ::= sqrtF(Float) [function, total, symbol(sqrtF), no-evaluators]
OPAQUE source=/reference/reference-semantics/semantics/sort.k line=18 head=syntax ValSeq ::= sortVS(ValSeq) [function, total, symbol(sortVS), no-evaluators]
OPAQUE source=/reference/reference-semantics/semantics/sort.k line=49 head=syntax ValSeq ::= sortKeyVS(ValSeq, Val) [function, total, symbol(sortKeyVS), no-evaluators]
OPAQUE source=/candidate/verification.k line=70 head=syntax Bool ::= gpaEqFour(Val)
STATIC_INVENTORY_OK
JSON_EXIT_STATUS=0
SUMMARY_EXIT_STATUS=0
