COMMAND: python3 /audit-output/evidence/ground_witness.py
{
  "all_equal": true,
  "concrete_expected_ValSeq": "vCons(2, vCons(6, vCons(3, vCons(4, vCons(8, vCons(9, vCons(5, .ValSeq)))))))",
  "entry_requires": "true (the entry claim has no requires clause)",
  "formal_INPUT_substitution": "vCons(5, vCons(6, vCons(3, vCons(4, vCons(8, vCons(9, vCons(2, .ValSeq)))))))",
  "formal_claimed_heap_location_2": "list(sortThird(vCons(5, vCons(6, vCons(3, vCons(4, vCons(8, vCons(9, vCons(2, .ValSeq)))))))))",
  "independent_oracle": [
    2,
    6,
    3,
    4,
    8,
    9,
    5
  ],
  "input": [
    5,
    6,
    3,
    4,
    8,
    9,
    2
  ],
  "submitted_generated": [
    2,
    6,
    3,
    4,
    8,
    9,
    5
  ],
  "trusted_canonical": [
    2,
    6,
    3,
    4,
    8,
    9,
    5
  ]
}

EXIT_STATUS: 0
