Script started on 2026-07-28 17:26:20-05:00 [<not executed on terminal>]
{
  "audit_input_contract": {
    "match": true,
    "recorded_digest": "c9daeb05d432f1ac7467b935a160d0aa94d7805c0e8bfca39424b445ca1f3871",
    "verified_digest": "c9daeb05d432f1ac7467b935a160d0aa94d7805c0e8bfca39424b445ca1f3871",
    "verified_mode": "CLASSIFICATION_AND_PROOF"
  },
  "mounted_hashes": {
    "discovery_manifest_sha256": {
      "expected": "a0d7580e1b7927f9bc8dbdae0915f4284f379b6896af7c45ad1fd750ffdaedd5",
      "match": true,
      "observed": "a0d7580e1b7927f9bc8dbdae0915f4284f379b6896af7c45ad1fd750ffdaedd5"
    },
    "generated_tree_sha256": {
      "expected": "1d3c833efda1f0d9c8d67e0548f189fd6be6cbe55eb6b262e6a3233d92e7dbbe",
      "match": true,
      "observed": "1d3c833efda1f0d9c8d67e0548f189fd6be6cbe55eb6b262e6a3233d92e7dbbe"
    },
    "generation_producer_sources_sha256": {
      "expected": "55e6319f2271365637d561f055caa2f6187aa98b0216ec39cc79e0cce33b867c",
      "match": true,
      "observed": "55e6319f2271365637d561f055caa2f6187aa98b0216ec39cc79e0cce33b867c"
    },
    "k_audit_sha256": {
      "expected": "d7e9f487bf1d28c624697a48642720e40e563fa200e7b698631db7533eed7ab3",
      "match": true,
      "observed": "d7e9f487bf1d28c624697a48642720e40e563fa200e7b698631db7533eed7ab3"
    },
    "k_workspace_sha256": {
      "expected": "cfcfe8ca15c9e62a1eacc40fddc87a5700a97c9ee4cb8f9d32d2062d84761fa8",
      "match": true,
      "observed": "cfcfe8ca15c9e62a1eacc40fddc87a5700a97c9ee4cb8f9d32d2062d84761fa8"
    },
    "klean_generation_sha256": {
      "expected": "bb96f5901d34942ad08ef77be0533805293cf42abaa50e2f133178dae9d71c3c",
      "match": true,
      "observed": "bb96f5901d34942ad08ef77be0533805293cf42abaa50e2f133178dae9d71c3c"
    },
    "lean_workspace_sha256": {
      "expected": "e51191e1d295510fb2fcc12a47d0e026195fa843a93cc75fabe26213b2d4c9ef",
      "match": true,
      "observed": "e51191e1d295510fb2fcc12a47d0e026195fa843a93cc75fabe26213b2d4c9ef"
    },
    "stage1_export_sha256": {
      "expected": "c94a779ff431973be373191d47ba26cb5cd8f3663fae32dd76fd270d72544920",
      "match": true,
      "observed": "c94a779ff431973be373191d47ba26cb5cd8f3663fae32dd76fd270d72544920"
    }
  },
  "stage1_source_hashes": {
    "__pycache__/concrete-tests.cpython-310.pyc": {
      "expected": "aa09a5cb6d339ffbb0eb8556f3c071d16f4b8a05817a6bc825ef01e72b73b31f",
      "match": true,
      "observed": "aa09a5cb6d339ffbb0eb8556f3c071d16f4b8a05817a6bc825ef01e72b73b31f"
    },
    "__pycache__/solution.cpython-310.pyc": {
      "expected": "3e42bd633d60ff5ea6bdeaefb66af3940aadfe6729fae00173642e3c34bfabf7",
      "match": true,
      "observed": "3e42bd633d60ff5ea6bdeaefb66af3940aadfe6729fae00173642e3c34bfabf7"
    },
    "concrete-tests.mpy": {
      "expected": "82858878be139ebeadace0be2a14dbbb77e0f069bd65b39ad1bf94d2a66c7b67",
      "match": true,
      "observed": "82858878be139ebeadace0be2a14dbbb77e0f069bd65b39ad1bf94d2a66c7b67"
    },
    "concrete-tests.py": {
      "expected": "cfd5bb0aee79391771c237d2cdb78bddfa6311cf260b31b28e1c82591e9e86a1",
      "match": true,
      "observed": "cfd5bb0aee79391771c237d2cdb78bddfa6311cf260b31b28e1c82591e9e86a1"
    },
    "prompt.py": {
      "expected": "a173ce6b1e3767cabcf0ff73457d20e4eac07e0968b173b76afa0b35c0799646",
      "match": true,
      "observed": "a173ce6b1e3767cabcf0ff73457d20e4eac07e0968b173b76afa0b35c0799646"
    },
    "prove.sh": {
      "expected": "60eb8f1cea8cc4a5b43d41d0bfea0e8d18339c84cff2349f3668e932b0d85502",
      "match": true,
      "observed": "60eb8f1cea8cc4a5b43d41d0bfea0e8d18339c84cff2349f3668e932b0d85502"
    },
    "py2mpy.py": {
      "expected": "406485eac118431c08ef59f30f79dfa6aa9d5825408917fc5ce7c806e664db16",
      "match": true,
      "observed": "406485eac118431c08ef59f30f79dfa6aa9d5825408917fc5ce7c806e664db16"
    },
    "reference-semantics/semantics.k": {
      "expected": "57e8f9f3178639bbb87f95e5cc596bbaa91a6463f965b1965911eff9a0269f97",
      "match": true,
      "observed": "57e8f9f3178639bbb87f95e5cc596bbaa91a6463f965b1965911eff9a0269f97"
    },
    "reference-semantics/semantics/assert.k": {
      "expected": "4258987a261d24b02ab3abfa52b3b2e013ea6323f9d5eb9a59c8f42cbcba030b",
      "match": true,
      "observed": "4258987a261d24b02ab3abfa52b3b2e013ea6323f9d5eb9a59c8f42cbcba030b"
    },
    "reference-semantics/semantics/bool.k": {
      "expected": "8d6cfa9cd1ed776e51d776e4d358c418960c57715a6f9654ef9af41aea29f4fd",
      "match": true,
      "observed": "8d6cfa9cd1ed776e51d776e4d358c418960c57715a6f9654ef9af41aea29f4fd"
    },
    "reference-semantics/semantics/builtins.k": {
      "expected": "fa43a855b8a4548f305f3dd210c8f6c6e7aa15b8d1cb0b8296977f061310c2dd",
      "match": true,
      "observed": "fa43a855b8a4548f305f3dd210c8f6c6e7aa15b8d1cb0b8296977f061310c2dd"
    },
    "reference-semantics/semantics/call.k": {
      "expected": "7e4d6c7cabe7bb4ccff52f21c5d5f30920ccb48d42864146ce53146509f736e4",
      "match": true,
      "observed": "7e4d6c7cabe7bb4ccff52f21c5d5f30920ccb48d42864146ce53146509f736e4"
    },
    "reference-semantics/semantics/comprehension.k": {
      "expected": "cf7c38aad5cff698ebb05ecbadf00cbf210ddb2f54ae86f22b328311c027c6a7",
      "match": true,
      "observed": "cf7c38aad5cff698ebb05ecbadf00cbf210ddb2f54ae86f22b328311c027c6a7"
    },
    "reference-semantics/semantics/concrete.k": {
      "expected": "1ffea42a32610e9116506d709e9163413aeb5f6deb7824ea554aca8341f2d305",
      "match": true,
      "observed": "1ffea42a32610e9116506d709e9163413aeb5f6deb7824ea554aca8341f2d305"
    },
    "reference-semantics/semantics/controls.k": {
      "expected": "325c73757d5a7ccf541b93240accd590a2cee90d84470efa3a4a0a14165aafae",
      "match": true,
      "observed": "325c73757d5a7ccf541b93240accd590a2cee90d84470efa3a4a0a14165aafae"
    },
    "reference-semantics/semantics/core.k": {
      "expected": "e0fdc11dc2b9cd0acb18fe7c832c1ea1ac0c9e79cadf40c63f34276aca513d7e",
      "match": true,
      "observed": "e0fdc11dc2b9cd0acb18fe7c832c1ea1ac0c9e79cadf40c63f34276aca513d7e"
    },
    "reference-semantics/semantics/dict.k": {
      "expected": "779b06e18162464c8422bbd6ac35fa0b9e34ef82807d5c707c6f4552d63c0580",
      "match": true,
      "observed": "779b06e18162464c8422bbd6ac35fa0b9e34ef82807d5c707c6f4552d63c0580"
    },
    "reference-semantics/semantics/float.k": {
      "expected": "5dfeee8700c90c3aa6dc515b15b74283882845fb6cdcc3627d97ef650124b70f",
      "match": true,
      "observed": "5dfeee8700c90c3aa6dc515b15b74283882845fb6cdcc3627d97ef650124b70f"
    },
    "reference-semantics/semantics/functions.k": {
      "expected": "e4c8f67741117b29703c3c61d48a5b0f92cf7bd531e78e25c03e794a910ac193",
      "match": true,
      "observed": "e4c8f67741117b29703c3c61d48a5b0f92cf7bd531e78e25c03e794a910ac193"
    },
    "reference-semantics/semantics/int.k": {
      "expected": "dc2da7d81578370651ecb6905b69cb44443cdd8db3869441242b81420382abe5",
      "match": true,
      "observed": "dc2da7d81578370651ecb6905b69cb44443cdd8db3869441242b81420382abe5"
    },
    "reference-semantics/semantics/iter.k": {
      "expected": "5085db2fed67b7bbd39f6289ec275905aaee742690895d7b3f843f73bd62f77f",
      "match": true,
      "observed": "5085db2fed67b7bbd39f6289ec275905aaee742690895d7b3f843f73bd62f77f"
    },
    "reference-semantics/semantics/list.k": {
      "expected": "870c72341c25e2c16283726191a71bf5b571ed2995c8ae12e3e2923cdce5a9aa",
      "match": true,
      "observed": "870c72341c25e2c16283726191a71bf5b571ed2995c8ae12e3e2923cdce5a9aa"
    },
    "reference-semantics/semantics/methods.k": {
      "expected": "ff9acc6dab2d1cc99ec4f2d234f27ae4526d752aae62bcfd7f9fd2a0399f7743",
      "match": true,
      "observed": "ff9acc6dab2d1cc99ec4f2d234f27ae4526d752aae62bcfd7f9fd2a0399f7743"
    },
    "reference-semantics/semantics/operators.k": {
      "expected": "f3d1fd85734f5e1757307e606cbfb8d6d4bf0893ee85ce20ec99606ade910e8b",
      "match": true,
      "observed": "f3d1fd85734f5e1757307e606cbfb8d6d4bf0893ee85ce20ec99606ade910e8b"
    },
    "reference-semantics/semantics/range.k": {
      "expected": "810e4c04b757445c03592aef25c97d6b2cc7c6fffa646288bc6cd15a3cae643d",
      "match": true,
      "observed": "810e4c04b757445c03592aef25c97d6b2cc7c6fffa646288bc6cd15a3cae643d"
    },
    "reference-semantics/semantics/set.k": {
      "expected": "b822c3c6944f9940a4477fa6b7a42490c407663f2a314394e9c146e8951f1ac7",
      "match": true,
      "observed": "b822c3c6944f9940a4477fa6b7a42490c407663f2a314394e9c146e8951f1ac7"
    },
    "reference-semantics/semantics/sort.k": {
      "expected": "df79670e4794a92e96ffc824857fbc34d3a65b6b6a3026d1dcf322128fbaba5a",
      "match": true,
      "observed": "df79670e4794a92e96ffc824857fbc34d3a65b6b6a3026d1dcf322128fbaba5a"
    },
    "reference-semantics/semantics/str.k": {
      "expected": "1bf0abf61d7c5df6301433a89c79d2ef4259d47a68d98385ff74618c4c310e0f",
      "match": true,
      "observed": "1bf0abf61d7c5df6301433a89c79d2ef4259d47a68d98385ff74618c4c310e0f"
    },
    "reference-semantics/semantics/subscript.k": {
      "expected": "dba04c0acf213bef4f9f7b11243ca00a2b3ca5fa8666c544ede7d382d27d36a7",
      "match": true,
      "observed": "dba04c0acf213bef4f9f7b11243ca00a2b3ca5fa8666c544ede7d382d27d36a7"
    },
    "reference-semantics/semantics/syntax.k": {
      "expected": "1e9e629e5e6e14bdd7f4d530375e8655a89366b5ecd0c24a3c57ad3b5708f2a6",
      "match": true,
      "observed": "1e9e629e5e6e14bdd7f4d530375e8655a89366b5ecd0c24a3c57ad3b5708f2a6"
    },
    "reference-semantics/semantics/tuple.k": {
      "expected": "41395a1ec6a58129c78facb15b44206907c54d79e86ea363ae68cb37bfc64abb",
      "match": true,
      "observed": "41395a1ec6a58129c78facb15b44206907c54d79e86ea363ae68cb37bfc64abb"
    },
    "solution.mpy": {
      "expected": "1c4b746359e3db4ea54a2e3c9dd703b9a4bc4f1b75b0b6c0af45d832931f9502",
      "match": true,
      "observed": "1c4b746359e3db4ea54a2e3c9dd703b9a4bc4f1b75b0b6c0af45d832931f9502"
    },
    "solution.py": {
      "expected": "2d91eaa2df271d06bd6a31d40bf6034367bcfadcfd481b7ad3062737233c6c27",
      "match": true,
      "observed": "2d91eaa2df271d06bd6a31d40bf6034367bcfadcfd481b7ad3062737233c6c27"
    },
    "spec.k": {
      "expected": "8c8986a0345a6231bd3d4076022229d0c8ad759e26adbb14345772ecb82ae132",
      "match": true,
      "observed": "8c8986a0345a6231bd3d4076022229d0c8ad759e26adbb14345772ecb82ae132"
    },
    "verification.k": {
      "expected": "cbe1711fca8a0b62b4417fef5d0382bbfbdf3422b22c8a10b1988524971ef808",
      "match": true,
      "observed": "cbe1711fca8a0b62b4417fef5d0382bbfbdf3422b22c8a10b1988524971ef808"
    }
  },
  "unmounted_recorded_hashes_not_used_as_evidence": {
    "lean_invocation_sha256": "97260b4d26526ba6580f020e520a62c1babdb8110fce08f2a549ae84fe4d5673"
  }
}

Script done on 2026-07-28 17:26:20-05:00 [COMMAND_EXIT_CODE="0"]
