Script started on 2026-07-28 17:26:20-05:00 [<not executed on terminal>]
{
  "classified_inventory_in_canonical_order": [
    {
      "attributes": [],
      "classification": "DEFINITION",
      "end_line": 21,
      "module": "VERIFICATION",
      "normalized_sha256": "61ad22e91cf1d14a56c700f11857dd29831578a6b40d0572a243f6d516c9c52d",
      "rationale": "This macro equation defines the named proof term filterByPrefixDef by expanding it to the exact translated function AST.",
      "source_rule_id": "rule-61ad22e91cf1d14a56c700f11857dd29831578a6b40d0572a243f6d516c9c52d",
      "start_line": 8,
      "text": "  rule filterByPrefixDef\n    => FuncDef(\n         \"filter_by_prefix\",\n         Params(\"strings\", \"prefix\"),\n         Assign(Name(\"result\"), ListExpr(.Exprs))\n         Assign(Name(\"string\"), Str(\"\"))\n         For(\n           Name(\"string\"),\n           Name(\"strings\"),\n           If(\n             Call(Attribute(Name(\"string\"), \"startswith\"), Name(\"prefix\")),\n             Expr(Call(Attribute(Name(\"result\"), \"append\"), Name(\"string\"))),\n             .Stmts))\n         Return(Name(\"result\")))"
    },
    {
      "attributes": [],
      "classification": "OPERATIONAL_RULE",
      "end_line": 28,
      "module": "VERIFICATION",
      "normalized_sha256": "599e41d4a9d9ad6575d0c83c9adfb5897b57da250aa3fcd4b6b3948d5d38cfc8",
      "rationale": "This iterator transition executes the empty stringList case by producing #iterDone in the verification model.",
      "source_rule_id": "rule-599e41d4a9d9ad6575d0c83c9adfb5897b57da250aa3fcd4b6b3948d5d38cfc8",
      "start_line": 28,
      "text": "  rule <k> #iterNext(stringList(.StrList)) => #iterDone ... </k>"
    },
    {
      "attributes": [],
      "classification": "OPERATIONAL_RULE",
      "end_line": 30,
      "module": "VERIFICATION",
      "normalized_sha256": "a3ddd233cb42bb15fccbe05d5ffd00bf4b460fcd7fc482613d9afea1b394c43a",
      "rationale": "This iterator transition executes a nonempty stringList by yielding its string head and residual iterator.",
      "source_rule_id": "rule-a3ddd233cb42bb15fccbe05d5ffd00bf4b460fcd7fc482613d9afea1b394c43a",
      "start_line": 29,
      "text": "  rule <k> #iterNext(stringList(sCons(S:IntSeq, REST:StrList)))\n        => #iterYield(str(S), stringList(REST)) ... </k>"
    },
    {
      "attributes": [
        "simplification"
      ],
      "classification": "DEFINITION",
      "end_line": 35,
      "module": "VERIFICATION",
      "normalized_sha256": "30f5db2b3a8fd9b20dc7a47b44c33129a183aca23513f2f4c9625795c94333f4",
      "rationale": "This is the base equation defining the mathematical prefixFilter summary on an empty StrList.",
      "source_rule_id": "rule-30f5db2b3a8fd9b20dc7a47b44c33129a183aca23513f2f4c9625795c94333f4",
      "start_line": 34,
      "text": "  rule prefixFilter(_:IntSeq, .StrList) => .ValSeq\n    [simplification]"
    },
    {
      "attributes": [
        "simplification"
      ],
      "classification": "DEFINITION",
      "end_line": 39,
      "module": "VERIFICATION",
      "normalized_sha256": "13aa965c78704fb137f385111497f865604cbdac678b96ff482033a5a5ce8bb7",
      "rationale": "This is the recursive defining equation for prefixFilter when the head satisfies startsWith, retaining that head.",
      "source_rule_id": "rule-13aa965c78704fb137f385111497f865604cbdac678b96ff482033a5a5ce8bb7",
      "start_line": 36,
      "text": "  rule prefixFilter(P:IntSeq, sCons(S:IntSeq, REST:StrList))\n    => vCons(str(S), prefixFilter(P, REST))\n    requires startsWith(P, S) ==Bool true\n    [simplification]"
    },
    {
      "attributes": [
        "simplification"
      ],
      "classification": "DEFINITION",
      "end_line": 43,
      "module": "VERIFICATION",
      "normalized_sha256": "280dd2b182ad4aa8740abfb49cf0d4b811a2905793dcbf7164ed1ef1181d0c2c",
      "rationale": "This is the recursive defining equation for prefixFilter when the head fails startsWith, omitting that head.",
      "source_rule_id": "rule-280dd2b182ad4aa8740abfb49cf0d4b811a2905793dcbf7164ed1ef1181d0c2c",
      "start_line": 40,
      "text": "  rule prefixFilter(P:IntSeq, sCons(S:IntSeq, REST:StrList))\n    => prefixFilter(P, REST)\n    requires startsWith(P, S) ==Bool false\n    [simplification]"
    },
    {
      "attributes": [
        "simplification"
      ],
      "classification": "DOMAIN_LEMMA",
      "end_line": 46,
      "module": "VERIFICATION",
      "normalized_sha256": "656b75764c3203134f266be9408944fcc82d61f11a51b6ca12049b4e0fddc5cb",
      "rationale": "This asserts right identity of valSeqConcat for a symbolic left operand; Stage 1 assumes it as a simplification rule and does not first prove its exact statement in a definition that excludes it.",
      "source_rule_id": "rule-656b75764c3203134f266be9408944fcc82d61f11a51b6ca12049b4e0fddc5cb",
      "start_line": 46,
      "text": "  rule valSeqConcat(VS:ValSeq, .ValSeq) => VS [simplification]"
    },
    {
      "attributes": [
        "simplification"
      ],
      "classification": "DOMAIN_LEMMA",
      "end_line": 50,
      "module": "VERIFICATION",
      "normalized_sha256": "9345c98e84d84ccfaeba7d804fe62d2d3a9744b1ef482585fa67ea3fb0a09b97",
      "rationale": "This asserts associativity of valSeqConcat; Stage 1 assumes it as a simplification rule and does not first prove its exact statement in a definition that excludes it.",
      "source_rule_id": "rule-9345c98e84d84ccfaeba7d804fe62d2d3a9744b1ef482585fa67ea3fb0a09b97",
      "start_line": 48,
      "text": "  rule valSeqConcat(valSeqConcat(A:ValSeq, B:ValSeq), C:ValSeq)\n    => valSeqConcat(A, valSeqConcat(B, C))\n    [simplification]"
    },
    {
      "attributes": [],
      "classification": "OPERATIONAL_RULE",
      "end_line": 56,
      "module": "VERIFICATION",
      "normalized_sha256": "1d5d8612675bca2b2d6063306a951720465c08e01ed82c31035b38c7829e56a6",
      "rationale": "This observation transition dereferences the returned heap list and reduces #checkFilter to structural K equality against the expected sequence.",
      "source_rule_id": "rule-1d5d8612675bca2b2d6063306a951720465c08e01ed82c31035b38c7829e56a6",
      "start_line": 54,
      "text": "  rule <k> ref(H:Int) ~> #checkFilter(EXPECTED:ValSeq)\n        => (ACTUAL ==K EXPECTED) ... </k>\n       <heap> ... H |-> list(ACTUAL:ValSeq) ... </heap>"
    }
  ],
  "comparison": {
    "canonical_rule_count": 9,
    "classified_rule_count": 9,
    "duplicate_classified_ids": [],
    "extra_classified_ids": [],
    "manifest_inventory_hash_matches": true,
    "missing_classified_ids": [],
    "ordered_identities_match": true,
    "validated_definition_ids": [
      "rule-61ad22e91cf1d14a56c700f11857dd29831578a6b40d0572a243f6d516c9c52d",
      "rule-30f5db2b3a8fd9b20dc7a47b44c33129a183aca23513f2f4c9625795c94333f4",
      "rule-13aa965c78704fb137f385111497f865604cbdac678b96ff482033a5a5ce8bb7",
      "rule-280dd2b182ad4aa8740abfb49cf0d4b811a2905793dcbf7164ed1ef1181d0c2c"
    ],
    "validated_domain_lemma_ids": [
      "rule-656b75764c3203134f266be9408944fcc82d61f11a51b6ca12049b4e0fddc5cb",
      "rule-9345c98e84d84ccfaeba7d804fe62d2d3a9744b1ef482585fa67ea3fb0a09b97"
    ],
    "validated_operational_rule_ids": [
      "rule-599e41d4a9d9ad6575d0c83c9adfb5897b57da250aa3fcd4b6b3948d5d38cfc8",
      "rule-a3ddd233cb42bb15fccbe05d5ffd00bf4b460fcd7fc482613d9afea1b394c43a",
      "rule-1d5d8612675bca2b2d6063306a951720465c08e01ed82c31035b38c7829e56a6"
    ],
    "validated_proved_derived_lemma_ids": []
  },
  "inventory": {
    "inventory_sha256": "bae4d241cf5d1f87e3688240b9e5231b0c9e60229ef325038b2b5ec659e1c117",
    "rules": [
      {
        "attributes": [],
        "end_line": 21,
        "module": "VERIFICATION",
        "normalized_sha256": "61ad22e91cf1d14a56c700f11857dd29831578a6b40d0572a243f6d516c9c52d",
        "source_rule_id": "rule-61ad22e91cf1d14a56c700f11857dd29831578a6b40d0572a243f6d516c9c52d",
        "start_line": 8,
        "text": "  rule filterByPrefixDef\n    => FuncDef(\n         \"filter_by_prefix\",\n         Params(\"strings\", \"prefix\"),\n         Assign(Name(\"result\"), ListExpr(.Exprs))\n         Assign(Name(\"string\"), Str(\"\"))\n         For(\n           Name(\"string\"),\n           Name(\"strings\"),\n           If(\n             Call(Attribute(Name(\"string\"), \"startswith\"), Name(\"prefix\")),\n             Expr(Call(Attribute(Name(\"result\"), \"append\"), Name(\"string\"))),\n             .Stmts))\n         Return(Name(\"result\")))"
      },
      {
        "attributes": [],
        "end_line": 28,
        "module": "VERIFICATION",
        "normalized_sha256": "599e41d4a9d9ad6575d0c83c9adfb5897b57da250aa3fcd4b6b3948d5d38cfc8",
        "source_rule_id": "rule-599e41d4a9d9ad6575d0c83c9adfb5897b57da250aa3fcd4b6b3948d5d38cfc8",
        "start_line": 28,
        "text": "  rule <k> #iterNext(stringList(.StrList)) => #iterDone ... </k>"
      },
      {
        "attributes": [],
        "end_line": 30,
        "module": "VERIFICATION",
        "normalized_sha256": "a3ddd233cb42bb15fccbe05d5ffd00bf4b460fcd7fc482613d9afea1b394c43a",
        "source_rule_id": "rule-a3ddd233cb42bb15fccbe05d5ffd00bf4b460fcd7fc482613d9afea1b394c43a",
        "start_line": 29,
        "text": "  rule <k> #iterNext(stringList(sCons(S:IntSeq, REST:StrList)))\n        => #iterYield(str(S), stringList(REST)) ... </k>"
      },
      {
        "attributes": [
          "simplification"
        ],
        "end_line": 35,
        "module": "VERIFICATION",
        "normalized_sha256": "30f5db2b3a8fd9b20dc7a47b44c33129a183aca23513f2f4c9625795c94333f4",
        "source_rule_id": "rule-30f5db2b3a8fd9b20dc7a47b44c33129a183aca23513f2f4c9625795c94333f4",
        "start_line": 34,
        "text": "  rule prefixFilter(_:IntSeq, .StrList) => .ValSeq\n    [simplification]"
      },
      {
        "attributes": [
          "simplification"
        ],
        "end_line": 39,
        "module": "VERIFICATION",
        "normalized_sha256": "13aa965c78704fb137f385111497f865604cbdac678b96ff482033a5a5ce8bb7",
        "source_rule_id": "rule-13aa965c78704fb137f385111497f865604cbdac678b96ff482033a5a5ce8bb7",
        "start_line": 36,
        "text": "  rule prefixFilter(P:IntSeq, sCons(S:IntSeq, REST:StrList))\n    => vCons(str(S), prefixFilter(P, REST))\n    requires startsWith(P, S) ==Bool true\n    [simplification]"
      },
      {
        "attributes": [
          "simplification"
        ],
        "end_line": 43,
        "module": "VERIFICATION",
        "normalized_sha256": "280dd2b182ad4aa8740abfb49cf0d4b811a2905793dcbf7164ed1ef1181d0c2c",
        "source_rule_id": "rule-280dd2b182ad4aa8740abfb49cf0d4b811a2905793dcbf7164ed1ef1181d0c2c",
        "start_line": 40,
        "text": "  rule prefixFilter(P:IntSeq, sCons(S:IntSeq, REST:StrList))\n    => prefixFilter(P, REST)\n    requires startsWith(P, S) ==Bool false\n    [simplification]"
      },
      {
        "attributes": [
          "simplification"
        ],
        "end_line": 46,
        "module": "VERIFICATION",
        "normalized_sha256": "656b75764c3203134f266be9408944fcc82d61f11a51b6ca12049b4e0fddc5cb",
        "source_rule_id": "rule-656b75764c3203134f266be9408944fcc82d61f11a51b6ca12049b4e0fddc5cb",
        "start_line": 46,
        "text": "  rule valSeqConcat(VS:ValSeq, .ValSeq) => VS [simplification]"
      },
      {
        "attributes": [
          "simplification"
        ],
        "end_line": 50,
        "module": "VERIFICATION",
        "normalized_sha256": "9345c98e84d84ccfaeba7d804fe62d2d3a9744b1ef482585fa67ea3fb0a09b97",
        "source_rule_id": "rule-9345c98e84d84ccfaeba7d804fe62d2d3a9744b1ef482585fa67ea3fb0a09b97",
        "start_line": 48,
        "text": "  rule valSeqConcat(valSeqConcat(A:ValSeq, B:ValSeq), C:ValSeq)\n    => valSeqConcat(A, valSeqConcat(B, C))\n    [simplification]"
      },
      {
        "attributes": [],
        "end_line": 56,
        "module": "VERIFICATION",
        "normalized_sha256": "1d5d8612675bca2b2d6063306a951720465c08e01ed82c31035b38c7829e56a6",
        "source_rule_id": "rule-1d5d8612675bca2b2d6063306a951720465c08e01ed82c31035b38c7829e56a6",
        "start_line": 54,
        "text": "  rule <k> ref(H:Int) ~> #checkFilter(EXPECTED:ValSeq)\n        => (ACTUAL ==K EXPECTED) ... </k>\n       <heap> ... H |-> list(ACTUAL:ValSeq) ... </heap>"
      }
    ],
    "schema_version": 2,
    "verification_file": "verification.k",
    "verification_module": "VERIFICATION",
    "verification_modules": [
      "VERIFICATION"
    ],
    "verification_sha256": "cbe1711fca8a0b62b4417fef5d0382bbfbdf3422b22c8a10b1988524971ef808"
  }
}

Script done on 2026-07-28 17:26:20-05:00 [COMMAND_EXIT_CODE="0"]
