<generatedTop>
  <k>
    .K
  </k>
  <env>
    0
  </env>
  <scopes>
    -1 |-> scope ( "abs" |-> builtinV ( "abs" )
    "all" |-> builtinV ( "all" )
    "any" |-> builtinV ( "any" )
    "bin" |-> builtinV ( "bin" )
    "chr" |-> builtinV ( "chr" )
    "enumerate" |-> builtinV ( "enumerate" )
    "eval" |-> builtinV ( "eval" )
    "float" |-> typeV ( "float" )
    "int" |-> typeV ( "int" )
    "isinstance" |-> builtinV ( "isinstance" )
    "len" |-> builtinV ( "len" )
    "list" |-> builtinV ( "list" )
    "map" |-> builtinV ( "map" )
    "max" |-> builtinV ( "max" )
    "min" |-> builtinV ( "min" )
    "ord" |-> builtinV ( "ord" )
    "range" |-> builtinV ( "range" )
    "round" |-> builtinV ( "round" )
    "set" |-> builtinV ( "set" )
    "sorted" |-> builtinV ( "sorted" )
    "str" |-> typeV ( "str" )
    "sum" |-> builtinV ( "sum" )
    "zip" |-> builtinV ( "zip" ) , root )
    0 |-> scope ( "get_max_triples" |-> closureVal ( "n" , .ParamNames , Assign ( Name ( "divisible_by_three" ) , BinOp ( "//" , BinOp ( "+" , Name ( "n" ) , Int ( 1 ) ) , Int ( 3 ) ) )  Assign ( Name ( "not_divisible_by_three" ) , BinOp ( "-" , Name ( "n" ) , Name ( "divisible_by_three" ) ) )  Assign ( Name ( "triples_of_divisible" ) , BinOp ( "//" , BinOp ( "*" , BinOp ( "*" , Name ( "divisible_by_three" ) , BinOp ( "-" , Name ( "divisible_by_three" ) , Int ( 1 ) ) ) , BinOp ( "-" , Name ( "divisible_by_three" ) , Int ( 2 ) ) ) , Int ( 6 ) ) )  Assign ( Name ( "triples_of_non_divisible" ) , BinOp ( "//" , BinOp ( "*" , BinOp ( "*" , Name ( "not_divisible_by_three" ) , BinOp ( "-" , Name ( "not_divisible_by_three" ) , Int ( 1 ) ) ) , BinOp ( "-" , Name ( "not_divisible_by_three" ) , Int ( 2 ) ) ) , Int ( 6 ) ) )  Return ( BinOp ( "+" , Name ( "triples_of_divisible" ) , Name ( "triples_of_non_divisible" ) ) )  .Stmts , 0 )
    "result_1" |-> 0
    "result_5" |-> 1
    "result_10" |-> 36 , parent ( -1 ) )
  </scopes>
  <scopeLoc>
    1
  </scopeLoc>
  <heap>
    .Map
  </heap>
  <heapLoc>
    0
  </heapLoc>
  <stack>
    .List
  </stack>
  <ret>
    noRet
  </ret>
  <exc>
    NoExc
  </exc>
  <exit-code>
    0
  </exit-code>
</generatedTop>
