WORKDIR: /tmp/audit-work/anti-shuffle
COMMAND: /usr/bin/sed -n 1681\,1770p /usr/include/kframework/builtin/domains.md
--- OUTPUT ---
Provided here is the syntax of an implementation of Unicode strings in K. This
type is hooked to an implementation of strings provided by the backend. The
implementation is currently incomplete and does not fully support encodings
and code points beyond the initial 256 code points of the Basic Latin and
Latin-1 Supplement blocks. In the future, there may be breaking changes to
the semantics of this module in order to support this functionality.

The syntax of strings in K is delineated by double quotes. Inside the double
quotes, any character can appear verbatim except double quotes, backslash,
newline, and carriage return. K also supports the following escape sequences:

* \" - the " character
* \\ - the \ character
* \n - newline character
* \r - carriage return character
* \t - tab character
* \f - form feed character
* \xFF - \x followed by two hexadecimal characters indicates a code point
  between 0x00 and 0xff
* \uFFFF - \u followed by four hexadecimal characters indicates a code point
  between 0x0000 and 0xffff
* \UFFFFFFFF - \U followed by eight hexadecimal characters indicates a code
  point between 0x000000 and 0x10ffff

```k
module STRING-SYNTAX
  syntax String [hook(STRING.String)]
  syntax String ::= r"[\\\"](([^\\\"\\n\\r\\\\])|([\\\\][nrtf\\\"\\\\])|([\\\\][x][0-9a-fA-F]{2})|([\\\\][u][0-9a-fA-F]{4})|([\\\\][U][0-9a-fA-F]{8}))*[\\\"]"      [token]
endmodule

module STRING-COMMON
  imports STRING-SYNTAX
  imports private INT
  imports private FLOAT-SYNTAX
  imports private K-EQUAL
  imports private BOOL
```

### String concatenation

You can concatenate two strings in O(N) time. For successive concatenation
operations, it may be better to use the `STRING-BUFFER` module.

```k
  syntax String ::= String "+String" String    [function, total, left, hook(STRING.concat)]
```

### String length

You can get the length of a string in O(1) time.

```k
  syntax Int ::= lengthString ( String ) [function, total, hook(STRING.length)]
```

### Character and integer conversion

You can convert between a character (as represented by a string containing
a single code point) and an integer in O(1) time.

```k
  syntax String ::= chrChar ( Int )      [function, hook(STRING.chr)]
  syntax Int ::= ordChar ( String )      [function, hook(STRING.ord)]
```

### String substring

You can compute a substring of a string in O(N) time (where N is the
length of the substring). There are two important facts to note:

1.  the range generated includes the character at `startIndex` but excludes the
    character at `endIndex`, i.e., the range is `[startIndex..endIndex)`.
2.  this function is only defined on valid indices (i.e., it is defined when
    `startIndex < endIndex` and `endIndex` is less than or equal to the string
    length).

```k
  syntax String ::= substrString ( String , startIndex: Int , endIndex: Int ) [function, total, hook(STRING.substr)]
```

### String search

You can find the first (respectively, last) occurrence of a substring, starting
at a certain `index`, in another string in O(N*M) time.
Returns `-1` if the substring is not found.

```k
  syntax Int ::= findString ( haystack: String , needle: String , index: Int )   [function, hook(STRING.find)]
  syntax Int ::= rfindString ( haystack: String , needle: String , index: Int )  [function, hook(STRING.rfind)]
```
--- END OUTPUT ---
EXIT_STATUS: 0
