#Top
[Warning] Compiler: Variable 'As' defined but not used. Prefix variable name
with underscore if this is intentional.
	Source(/workspace/reference-semantics/semantics/str.k)
	Location(52,27,52,29)
	52 |	  rule strLt(iCons(A:Int, As:IntSeq), iCons(B:Int, Bs:IntSeq)) => true   
      requires A  <Int B
	   .	                          ^~
[Warning] Compiler: Variable 'Bs' defined but not used. Prefix variable name
with underscore if this is intentional.
	Source(/workspace/reference-semantics/semantics/str.k)
	Location(52,52,52,54)
	52 |	  rule strLt(iCons(A:Int, As:IntSeq), iCons(B:Int, Bs:IntSeq)) => true   
      requires A  <Int B
	   .	                                                   ^~
[Warning] Compiler: Variable 'As' defined but not used. Prefix variable name
with underscore if this is intentional.
	Source(/workspace/reference-semantics/semantics/str.k)
	Location(53,27,53,29)
	53 |	  rule strLt(iCons(A:Int, As:IntSeq), iCons(B:Int, Bs:IntSeq)) => false  
      requires A  >Int B
	   .	                          ^~
[Warning] Compiler: Variable 'Bs' defined but not used. Prefix variable name
with underscore if this is intentional.
	Source(/workspace/reference-semantics/semantics/str.k)
	Location(53,52,53,54)
	53 |	  rule strLt(iCons(A:Int, As:IntSeq), iCons(B:Int, Bs:IntSeq)) => false  
      requires A  >Int B
	   .	                                                   ^~
[Warning] Compiler: Variable 'VS' defined but not used. Prefix variable name
with underscore if this is intentional.
	Source(/workspace/verification-base.k)
	Location(120,32,120,34)
	120 |	                "arr" |-> list(VS:ValSeq)
	    .	                               ^~
[Warning] Compiler: Variable 'I' defined but not used. Prefix variable name
with underscore if this is intentional.
	Source(/workspace/verification-base.k)
	Location(124,25,124,26)
	124 |	                "i" |-> I:Int,
	    .	                        ^
[Warning] Compiler: Variable 'REST' defined but not used. Prefix variable name
with underscore if this is intentional.
	Source(/workspace/verification-base.k)
	Location(126,10,126,14)
	126 |	         REST:Map
	    .	         ^~~~
