Script started on 2026-07-31 01:35:46-05:00 [<not executed on terminal>]
PASS: inventory schema is 2
PASS: discovery schema is 2
PASS: inventory hash matches discovery
PASS: same rule count
PASS: inventory IDs unique
PASS: discovery IDs unique
PASS: exact ordered identity bijection
PASS: rule 0 normalized source hash
PASS: rule 0 source_rule_id binds hash
PASS: rule 0 classification accounted
PASS: rule 0 discovery has exact fields
PASS: rule 1 normalized source hash
PASS: rule 1 source_rule_id binds hash
PASS: rule 1 classification accounted
PASS: rule 1 discovery has exact fields
PASS: rule 2 normalized source hash
PASS: rule 2 source_rule_id binds hash
PASS: rule 2 classification accounted
PASS: rule 2 discovery has exact fields
PASS: rule 3 normalized source hash
PASS: rule 3 source_rule_id binds hash
PASS: rule 3 classification accounted
PASS: rule 3 discovery has exact fields
PASS: rule 4 normalized source hash
PASS: rule 4 source_rule_id binds hash
PASS: rule 4 classification accounted
PASS: rule 4 discovery has exact fields
PASS: rule 5 normalized source hash
PASS: rule 5 source_rule_id binds hash
PASS: rule 5 classification accounted
PASS: rule 5 discovery has exact fields
PASS: rule 6 normalized source hash
PASS: rule 6 source_rule_id binds hash
PASS: rule 6 classification accounted
PASS: rule 6 discovery has exact fields
PASS: rule 7 normalized source hash
PASS: rule 7 source_rule_id binds hash
PASS: rule 7 classification accounted
PASS: rule 7 discovery has exact fields
PASS: rule 8 normalized source hash
PASS: rule 8 source_rule_id binds hash
PASS: rule 8 classification accounted
PASS: rule 8 discovery has exact fields
PASS: rule 9 normalized source hash
PASS: rule 9 source_rule_id binds hash
PASS: rule 9 classification accounted
PASS: rule 9 discovery has exact fields
PASS: rule 10 normalized source hash
PASS: rule 10 source_rule_id binds hash
PASS: rule 10 classification accounted
PASS: rule 10 discovery has exact fields
PASS: rule 11 normalized source hash
PASS: rule 11 source_rule_id binds hash
PASS: rule 11 classification accounted
PASS: rule 11 discovery has exact fields
PASS: rule 12 normalized source hash
PASS: rule 12 source_rule_id binds hash
PASS: rule 12 classification accounted
PASS: rule 12 discovery has exact fields
PASS: rule 13 normalized source hash
PASS: rule 13 source_rule_id binds hash
PASS: rule 13 classification accounted
PASS: rule 13 discovery has exact fields
PASS: rule 14 normalized source hash
PASS: rule 14 source_rule_id binds hash
PASS: rule 14 classification accounted
PASS: rule 14 discovery has exact fields
PASS: rule 15 normalized source hash
PASS: rule 15 source_rule_id binds hash
PASS: rule 15 classification accounted
PASS: rule 15 discovery has exact fields
RESULT: PASS
requires "reference-semantics/semantics.k"

module VERIFICATION-SYNTAX
  imports MPY-SYNTAX
  imports BOOL
  imports INT

  // noDivisors(N, D) is true exactly when no integer in [max(2,D), N)
  // divides N.  The D < 2 equation totalizes the mathematical function.
  syntax Bool ::= noDivisors(Int, Int) [function, total]

  // The ascending sequence of prime integers in [C, N), and its [2, N)
  // specialization used by count_up_to.
  syntax ValSeq ::= primesBetween(Int, Int) [function, total]
                  | primesBelow(Int)        [function, total]

  // Exact AST abbreviations copied from solution.mpy.  These are macros only:
  // they neither replace nor accelerate operational execution.
  syntax Stmts ::= "innerBody" [macro]
                 | "outerBody" [macro]
                 | "countBody" [macro]
                 | "countBodyStart3" [macro]

  rule innerBody =>
    If(Compare(BinOp("%", Name("candidate"), Name("divisor")),
               CmpOp("==", Int(0))),
       Assign(Name("prime"), Bool(false)) .Stmts,
       .Stmts)
    Assign(Name("divisor"),
           BinOp("+", Name("divisor"), Int(1))) .Stmts

  rule outerBody =>
    Assign(Name("divisor"), Int(2))
    Assign(Name("prime"), Bool(true))
    While(Compare(Name("divisor"), CmpOp("<", Name("candidate"))),
          innerBody)
    If(Name("prime"),
       Expr(Call(Attribute(Name("primes"), "append"),
                 Name("candidate"))) .Stmts,
       .Stmts)
    Assign(Name("candidate"),
           BinOp("+", Name("candidate"), Int(1))) .Stmts

  rule countBody =>
    If(Compare(Name("n"), CmpOp("<=", Int(2))),
       Return(ListExpr(.Exprs)) .Stmts,
       .Stmts)
    Assign(Name("primes"), ListExpr(.Exprs))
    Assign(Name("candidate"), Int(2))
    Assign(Name("divisor"), Int(2))
    Assign(Name("prime"), Bool(true))
    While(Compare(Name("candidate"), CmpOp("<", Name("n"))),
          outerBody)
    Return(Name("primes")) .Stmts

  // Validation-only material mutation: skips candidate 2.
  rule countBodyStart3 =>
    If(Compare(Name("n"), CmpOp("<=", Int(2))),
       Return(ListExpr(.Exprs)) .Stmts,
       .Stmts)
    Assign(Name("primes"), ListExpr(.Exprs))
    Assign(Name("candidate"), Int(3))
    Assign(Name("divisor"), Int(2))
    Assign(Name("prime"), Bool(true))
    While(Compare(Name("candidate"), CmpOp("<", Name("n"))),
          outerBody)
    Return(Name("primes")) .Stmts
endmodule

module VERIFICATION
  imports MPY
  imports VERIFICATION-SYNTAX
  imports BOOL
  imports INT

  rule noDivisors(N, D) => noDivisors(N, 2)
    requires D <Int 2
  rule noDivisors(N, D) => true
    requires D >=Int 2 andBool D >=Int N
  rule noDivisors(N, D) => false
    requires D >=Int 2 andBool D <Int N
     andBool pyMod(N, D) ==Int 0
  rule noDivisors(N, D) => noDivisors(N, D +Int 1)
    requires D >=Int 2 andBool D <Int N
     andBool pyMod(N, D) =/=Int 0

  rule primesBetween(C, N) => .ValSeq
    requires C >=Int N
  rule primesBetween(C, N)
    => primesBetween(C +Int 1, N)
    requires C <Int N andBool C <Int 2
  rule primesBetween(C, N)
    => vCons(C, primesBetween(C +Int 1, N))
    requires C <Int N andBool C >=Int 2
     andBool noDivisors(C, 2)
  rule primesBetween(C, N)
    => primesBetween(C +Int 1, N)
    requires C <Int N andBool C >=Int 2
     andBool notBool noDivisors(C, 2)

  rule primesBelow(N) => .ValSeq
    requires N <=Int 2
  rule primesBelow(N) => primesBetween(2, N)
    requires N >Int 2

  // Derived by structural induction on A from MPY-LIST's two defining
  // equations for valSeqConcat.  Right association makes the outer-loop
  // accumulator obligation syntactically canonical.
  rule valSeqConcat(valSeqConcat(A:ValSeq, B:ValSeq), C:ValSeq)
    => valSeqConcat(A, valSeqConcat(B, C))
    [simplification]
  rule valSeqConcat(A:ValSeq, .ValSeq) => A
    [simplification]
endmodule
requires "verification.k"

module SPEC
  imports VERIFICATION

  // Inner-loop invariant.  B records whether all already-visited divisors
  // preserved primality; the loop checks the remaining interval [D, C).
  claim [inner-loop]:
    <k>
      #while(Compare(Name("divisor"), CmpOp("<", Name("candidate"))),
             innerBody)
      =>
      .K
      ...
    </k>
    <env> 1 </env>
    <scopes>
      -1 |-> builtinsScope
       0 |-> scope(M0:Map, parent(-1))
       1 |-> scope(
              "candidate" |-> C:Int
              "divisor"   |-> (D:Int => C)
              "n"         |-> N:Int
              "prime"     |-> (B:Bool => ?PB:Bool)
              "primes"    |-> ref(H:Int),
              parent(0))
    </scopes>
    <scopeLoc> 2 </scopeLoc>
    <heap> H |-> list(P:ValSeq) </heap>
    <heapLoc> HL:Int </heapLoc>
    <stack> STACK:List </stack>
    <ret> noRet </ret>
    <exc> NoExc </exc>
    <exit-code> 0 </exit-code>
    requires C >=Int 2 andBool D >=Int 2 andBool D <=Int C
    ensures  ?PB ==Bool (B andBool noDivisors(C, D))

  // Outer-loop invariant.  P is the already accumulated prefix; each
  // candidate contributes exactly when the inner invariant returns true.
  claim [outer-loop]:
    <k>
      #while(Compare(Name("candidate"), CmpOp("<", Name("n"))),
             outerBody)
      =>
      .K
      ...
    </k>
    <env> 1 </env>
    <scopes>
      -1 |-> builtinsScope
       0 |-> scope(M0:Map, parent(-1))
       1 |-> scope(
              "candidate" |-> (C:Int => N:Int)
              "divisor"   |-> (D:Int => N -Int 1)
              "n"         |-> N
              "prime"     |-> (B:Bool => ?PF:Bool)
              "primes"    |-> ref(H:Int),
              parent(0))
    </scopes>
    <scopeLoc> 2 </scopeLoc>
    <heap>
      H |-> list(P:ValSeq => valSeqConcat(P, primesBetween(C, N)))
    </heap>
    <heapLoc> HL:Int </heapLoc>
    <stack> STACK:List </stack>
    <ret> noRet </ret>
    <exc> NoExc </exc>
    <exit-code> 0 </exit-code>
    requires C >=Int 2 andBool C <Int N

  // Whole entry-point claim.  It executes the exact function definition and
  // binding, then invokes count_up_to from a fresh module configuration.
  claim [count-up-to]:
    <k>
      FuncDef("count_up_to", Params("n"), countBody)
      ~> Call(Name("count_up_to"), (N:Int, .Exprs))
      =>
      ref(0)
    </k>
    <env> 0 </env>
    <scopes>
      -1 |-> builtinsScope
       0 |-> scope(.Map => "count_up_to" |->
                    closureVal(("n", .ParamNames), countBody, 0),
                    parent(-1))
    </scopes>
    <scopeLoc> 1 </scopeLoc>
    <heap> .Map => 0 |-> list(primesBelow(N)) </heap>
    <heapLoc> 0 => 1 </heapLoc>
    <stack> .List </stack>
    <ret> noRet </ret>
    <exc> NoExc </exc>
    <exit-code> 0 </exit-code>
    requires N >=Int 0
endmodule
def count_up_to(n):
    if n <= 2:
        return []

    primes = []
    candidate = 2
    divisor = 2
    prime = True

    while candidate < n:
        divisor = 2
        prime = True

        while divisor < candidate:
            if candidate % divisor == 0:
                prime = False
            divisor = divisor + 1

        if prime:
            primes.append(candidate)
        candidate = candidate + 1

    return primes

def count_up_to(n):
    """Implement a function that takes an non-negative integer and returns an array of the first n
    integers that are prime numbers and less than n.
    for example:
    count_up_to(5) => [2,3]
    count_up_to(11) => [2,3,5,7]
    count_up_to(0) => []
    count_up_to(20) => [2,3,5,7,11,13,17,19]
    count_up_to(1) => []
    count_up_to(18) => [2,3,5,7,11,13,17]
    """
/reference/k-proof/reference-semantics/semantics/functions.k
82-  // pop: restore env, DEALLOCATE the callee frame, and wind scopeLoc back (LIFO allocation
83-  // makes the saved loc the callee frame's own loc). Sound because no closureVal outlives its
84-  // defining frame (frontend subset: no returned/stored closures; module defs live in loc 0).
85-  rule <k> #pop => V ~> CONT </k>
86-       <ret>   retV(V) => noRet </ret>
87:       <stack> ListItem(frame(CONT:K, CALLERL:Int, SAVEDL:Int)) => .List ... </stack>
88-       <env>   L:Int => CALLERL </env>
89-       <scopes> SC:Map => SC [ L <- undef ] </scopes>
90-       <scopeLoc> _ => SAVEDL </scopeLoc>
91-endmodule

/reference/k-proof/reference-semantics/semantics/tuple.k
6-  imports MPY-LIST
7-  imports MPY-METHODS
8-
9-  // ==== iteration (the iterator protocol's tuple case) ======================
10-  rule <k> #iterNext(tuple(.ValSeq))                => #iterDone ... </k>
11:  rule <k> #iterNext(tuple(vCons(V:Val, R:ValSeq))) => #iterYield(V, tuple(R)) ... </k>
12-
13-  // ==== TupleExpr: tuple(ValSeq) literal + == != ===========================
14-  syntax ApplyK ::= "toTuple"
15-  rule <k> TupleExpr(ES:Exprs) => #evalArgs(ES, .Vals, toTuple) ... </k>
16-  rule <k> #applyK(toTuple, ACC:Vals) => tuple(vals2valSeq(ACC)) ... </k>
--
20-  rule <k> Compare(LV:Val, CmpOp("in",     tuple(VS:ValSeq))) => #memberAcc(LV, tuple(VS)) ... </k>
21-  rule <k> Compare(LV:Val, CmpOp("not in", tuple(VS:ValSeq))) => #memberAcc(LV, tuple(VS)) ~> #notB ... </k>
22-  // t.index(v): first index of v (ValueError out of subset)
23-  rule applyMethod(tuple(VS:ValSeq), "index", V:Val, .Vals) => idxOfVS(VS, V, 0)
24-  syntax Int ::= idxOfVS(ValSeq, Val, Int) [function]
25:  rule idxOfVS(vCons(A:Val, _:ValSeq), V:Val, I:Int) => I requires A ==K V
26:  rule idxOfVS(vCons(A:Val, R:ValSeq), V:Val, I:Int) => idxOfVS(R, V, I +Int 1)
27-       requires notBool (A ==K V)
28-  rule applyCmp("!=", tuple(A:ValSeq), tuple(B:ValSeq)) => notBool (A ==K B)
29-
30-  // ==== target binding: bind a Name or a TupleExpr target to a value ========
31-  syntax KItem ::= #bindTgt(Expr, Val)
--
50-  rule <k> Assign(TupleExpr(TS:Exprs), tuple(VS:ValSeq)) => #unpackSeq(TS, VS) ... </k>
51-  rule <k> Assign(TupleExpr(TS:Exprs), list(VS:ValSeq))  => #unpackSeq(TS, VS) ... </k>
52-  rule <k> Assign(TupleExpr(TS:Exprs), ref(H:Int)) => Assign(TupleExpr(TS), V) ... </k>
53-       <heap> ... H |-> V:Val ... </heap>
54-       [priority(40)]
55:  rule <k> #unpackSeq((T:Expr, TS:Exprs), vCons(V:Val, VS:ValSeq))
56-        => #bindTgt(T, V) ~> #unpackSeq(TS, VS) ... </k>
57-  rule <k> #unpackSeq(.Exprs, .ValSeq) => .K ... </k>
58-endmodule

/reference/k-proof/reference-semantics/semantics/subscript.k
2-
3-module MPY-SUBSCRIPT
4-  imports MPY-CORE
5-
6-  // ==== positional access + negative-index normalization (used only here) ===
7:  // valSeqAt is [total]: in-bounds vCons access reduces as usual; on an OPAQUE sequence (e.g.
8-  // a trusted sort's sortVS(VS)) or OOB it stays an abstract total value — so indexing the
9-  // opaque sorted list is DEFINED (no undischarged #Ceil), matching the old semantics' total
10-  // atK. K trusts the [total] annotation; valid programs index in-bounds.
11-  syntax Val ::= valSeqAt(ValSeq, Int) [function, total]
12:  rule valSeqAt(vCons(V:Val, _:ValSeq), 0)     => V
13:  rule valSeqAt(vCons(_:Val, S:ValSeq), I:Int) => valSeqAt(S, I -Int 1)
14-       requires I >Int 0
15-
16-  syntax Int ::= intSeqAt(IntSeq, Int) [function]
17-  rule intSeqAt(iCons(C:Int, _:IntSeq), 0)     => C
18-  rule intSeqAt(iCons(_:Int, S:IntSeq), I:Int) => intSeqAt(S, I -Int 1)
--
106-       requires I >=Int LEN
107-
108-  // ==== build the strided sub-sequence (indices in range by construction) ====
109-  syntax ValSeq ::= buildVS(ValSeq, Int, Int, Int) [function]
110-  rule buildVS(VS:ValSeq, I:Int, STOP:Int, STEP:Int)
111:    => vCons(valSeqAt(VS, I), buildVS(VS, I +Int STEP, STOP, STEP))
112-       requires (STEP >Int 0 andBool I <Int STOP) orBool (STEP <Int 0 andBool I >Int STOP)
113-  rule buildVS(_:ValSeq, I:Int, STOP:Int, STEP:Int) => .ValSeq
114-       requires notBool ((STEP >Int 0 andBool I <Int STOP) orBool (STEP <Int 0 andBool I >Int STOP))
115-
116-  syntax IntSeq ::= buildIS(IntSeq, Int, Int, Int) [function]

/reference/k-proof/reference-semantics/semantics/dict.k
34-
35-  // insert-with-dedup helpers (concrete Val key equality via ==K). [total] so buildFold over a dict is
36-  // total (its #Ceil is #Top) — needed when a symbolic proof carries a built dict as a config value.
37-  syntax Bool ::= dHasKey(ValSeq, Val) [function, total]
38-  rule dHasKey(.ValSeq, _:Val)                => false
39:  rule dHasKey(vCons(A:Val, _:ValSeq), K:Val) => true          requires A ==K K
40:  rule dHasKey(vCons(A:Val, R:ValSeq), K:Val) => dHasKey(R, K) requires notBool (A ==K K)
41-
42-  // dPutK: KS unchanged if K already present, else append K (keep-first-position).
43-  syntax ValSeq ::= dPutK(ValSeq, Val) [function, total]
44-  rule dPutK(KS:ValSeq, K:Val) => KS                                  requires dHasKey(KS, K)
45:  rule dPutK(KS:ValSeq, K:Val) => valSeqConcat(KS, vCons(K, .ValSeq)) requires notBool dHasKey(KS, K)
46-
47-  // dPutV: parallel to KS — set the value at K's position if present, else append V at the end. The
48-  // [owise] catch-all covers the degenerate mismatched-length case (never reached for a well-formed dict).
49-  syntax ValSeq ::= dPutV(ValSeq, ValSeq, Val, Val) [function, total]
50:  rule dPutV(vCons(A:Val, _:ValSeq), vCons(_:Val, VR:ValSeq), K:Val, V:Val)  => vCons(V, VR)
51-       requires A ==K K
52:  rule dPutV(vCons(A:Val, KR:ValSeq), vCons(B:Val, VR:ValSeq), K:Val, V:Val) => vCons(B, dPutV(KR, VR, K, V))
53-       requires notBool (A ==K K)
54:  rule dPutV(_KS:ValSeq, VS:ValSeq, _K:Val, V:Val) => valSeqConcat(VS, vCons(V, .ValSeq)) [owise]
55-
56-  // ==== dict methods ========================================================
57-  // d.keys() -> a FRESH list object of the ordered keys (k-cell: it allocates).
58-  rule <k> #applyK(toCall(boundMethodV(dictV(KS:ValSeq, _:ValSeq), "keys")), .Vals)
59-        => #alloc(list(KS)) ... </k>
--
94-  // ==== dict == (order-insensitive: same size + same key->value pairs) =======
95-  rule applyCmp("==", dictV(KS1:ValSeq, VS1:ValSeq), dictV(KS2:ValSeq, VS2:ValSeq))
96-    => (vsLen(KS1) ==Int vsLen(KS2)) andBool dSubset(KS1, VS1, KS2, VS2)
97-  syntax Bool ::= dSubset(ValSeq, ValSeq, ValSeq, ValSeq) [function]
98-  rule dSubset(.ValSeq, .ValSeq, _:ValSeq, _:ValSeq) => true
99:  rule dSubset(vCons(K:Val, KR:ValSeq), vCons(V:Val, VR:ValSeq), KS2:ValSeq, VS2:ValSeq)
100-    => dHasKey(KS2, K) andBool (dGet(KS2, VS2, K) ==K V) andBool dSubset(KR, VR, KS2, VS2)
101-  syntax Val ::= dGet(ValSeq, ValSeq, Val) [function]
102:  rule dGet(vCons(A:Val, _:ValSeq), vCons(B:Val, _:ValSeq), K:Val) => B                requires A ==K K
103:  rule dGet(vCons(A:Val, KR:ValSeq), vCons(_:Val, VR:ValSeq), K:Val) => dGet(KR, VR, K) requires notBool (A ==K K)
104-endmodule

/reference/k-proof/reference-semantics/semantics/core.k
9-  imports LIST
10-  imports K-EQUAL
11-
12-  // ==== values, the algebraic lists, and the scope heap =====================
13-  syntax IntSeq ::= ".IntSeq" | iCons(Int, IntSeq)
14:  syntax ValSeq ::= ".ValSeq" | vCons(Val, ValSeq)
15-  syntax Str    ::= str(IntSeq)
16-
17-  // the iterable values, grouped under one sort (typing only — dispatch is <k>-cell)
18-  syntax Iterable ::= list(ValSeq)
19-                    | tuple(ValSeq)
--
185-  syntax ApplyK ::= toCall(Val)
186-  syntax KItem  ::= #evalArgs(Exprs, Vals, ApplyK)
187-                  | #evalArgCont(Exprs, Vals, ApplyK)
188-                  | #applyK(ApplyK, Vals)
189-  rule <k> #evalArgs((A:Expr, REST:Exprs), ACC:Vals, K:ApplyK) => A ~> #evalArgCont(REST, ACC, K) ... </k>
190:  rule <k> V:Val ~> #evalArgCont(REST:Exprs, ACC:Vals, K:ApplyK) => #evalArgs(REST, appendVal(ACC, V), K) ... </k>
191-  rule <k> #evalArgs(.Exprs, ACC:Vals, K:ApplyK) => #applyK(K, ACC) ... </k>
192-
193-  // ==== Int / Bool / None literals ==========================================
194-  rule <k> Int(I:Int)   => I ... </k>
195-  rule <k> Bool(B:Bool) => B ... </k>
--
208-  syntax Val  ::= applyUn(String, Val) [function]
209-  syntax Val  ::= applyBin(String, Val, Val) [function]
210-  syntax Bool ::= applyCmp(String, Val, Val) [function]
211-
212-  // ==== shared list helpers =================================================
213:  syntax Vals ::= appendVal(Vals, Val) [function, total]
214:  rule appendVal(.Vals, V:Val)              => V , .Vals
215:  rule appendVal((V0:Val, VS:Vals), V:Val)  => V0 , appendVal(VS, V)
216-
217-  syntax ValSeq ::= vals2valSeq(Vals) [function, total]
218-  rule vals2valSeq(.Vals)            => .ValSeq
219:  rule vals2valSeq((V:Val, VS:Vals)) => vCons(V, vals2valSeq(VS))
220-
221-  // ==== shared sequence length (len / summaries across many modules) ========
222-  // (positional access valSeqAt/intSeqAt + normIdx live in subscript.k)
223-  syntax Int ::= vsLen(ValSeq) [function, total]
224-  rule vsLen(.ValSeq)                => 0
225:  rule vsLen(vCons(_:Val, S:ValSeq)) => 1 +Int vsLen(S)
226-
227-  syntax Int ::= isLen(IntSeq) [function, total]
228-  rule isLen(.IntSeq)                => 0
229-  rule isLen(iCons(_:Int, S:IntSeq)) => 1 +Int isLen(S)
230-
231-  // in-bounds positional write (list subscript-assign); OOB leaves the seq unchanged
232-  // (valid programs write in-bounds — mirrors valSeqAt's total-but-underspecified stance)
233-  syntax ValSeq ::= setVSAt(ValSeq, Int, Val) [function, total]
234-  rule setVSAt(.ValSeq, _:Int, _:Val)               => .ValSeq
235:  rule setVSAt(vCons(_:Val, S:ValSeq), 0, V:Val)    => vCons(V, S)
236:  rule setVSAt(vCons(W:Val, S:ValSeq), I:Int, V:Val) => vCons(W, setVSAt(S, I -Int 1, V))
237-       requires I >Int 0
238-  rule setVSAt(VS:ValSeq, I:Int, _:Val)             => VS
239-       requires I <Int 0
240-endmodule

/reference/k-proof/reference-semantics/semantics/sort.k
16-  // Concrete sort matches Int-sorted elements directly (an int Val IS an Int); projectIntTotal
17-  // (lemmas-only) is not available in the semantics. Int and str lists.
18-  syntax ValSeq ::= sortVS(ValSeq) [function, total, symbol(sortVS), no-evaluators]
19-  syntax ValSeq ::= insVS(Int, ValSeq) [function]
20-  rule sortVS(.ValSeq)                => .ValSeq          [concrete]
21:  rule sortVS(vCons(X:Int, R:ValSeq)) => insVS(X, sortVS(R)) [concrete]
22:  rule insVS(X:Int, .ValSeq)                => vCons(X, .ValSeq) [concrete]
23:  rule insVS(X:Int, vCons(Y:Int, R:ValSeq)) => vCons(X, vCons(Y, R)) requires X <=Int Y [concrete]
24:  rule insVS(X:Int, vCons(Y:Int, R:ValSeq)) => vCons(Y, insVS(X, R)) requires X  >Int Y [concrete]
25-  // str elements insert by the shared lexicographic strLt (methods.k)
26-  syntax ValSeq ::= insVSs(IntSeq, ValSeq) [function]
27:  rule sortVS(vCons(str(CS:IntSeq), R:ValSeq)) => insVSs(CS, sortVS(R)) [concrete]
28:  rule insVSs(A:IntSeq, .ValSeq) => vCons(str(A), .ValSeq) [concrete]
29:  rule insVSs(A:IntSeq, vCons(str(B:IntSeq), R:ValSeq)) => vCons(str(A), vCons(str(B), R))
30-       requires strLt(A, B) orBool A ==K B [concrete]
31:  rule insVSs(A:IntSeq, vCons(str(B:IntSeq), R:ValSeq)) => vCons(str(B), insVSs(A, R))
32-       requires notBool (strLt(A, B) orBool A ==K B) [concrete]
33-
34-  // sorted(list) constructs a NEW object: k-cell pre-dispatch (beats the [owise]
35-  // applyBuiltin routing in call.k) so the result allocates.
36-  rule <k> #applyK(toCall(builtinV("sorted")), (list(VS:ValSeq), .Vals))
--
50-
51-  syntax ValSeq ::= revVS(ValSeq) [function, total]
52-                  | revVSAcc(ValSeq, ValSeq) [function, total]
53-  rule revVS(S:ValSeq) => revVSAcc(S, .ValSeq)
54-  rule revVSAcc(.ValSeq, A:ValSeq) => A
55:  rule revVSAcc(vCons(V:Val, R:ValSeq), A:ValSeq) => revVSAcc(R, vCons(V, A))
56-
57-  syntax ValSeq ::= condRev(ValSeq, Bool) [function, total]
58-  rule condRev(S:ValSeq, false) => S
59-  rule condRev(S:ValSeq, true)  => revVS(S)
60-

/reference/k-proof/reference-semantics/semantics/concrete.k
31-  rule <k> #applyK(toCall(builtinV("sorted")), (list(VS:ValSeq), kwV("key", KV:Val), kwV("reverse", RB:Bool), .Vals))
32-        => #ksort(VS, KV, .ValSeq, RB) ... </k>
33-       [priority(40)]
34-  rule <k> #ksort(.ValSeq, _:Val, ACC:ValSeq, RB:Bool)
35-        => #alloc(list(condRev(unpairVS(ACC), RB))) ... </k>
36:  rule <k> #ksort(vCons(V:Val, R:ValSeq), KV:Val, ACC:ValSeq, RB:Bool)
37-        => KV ~> #callee((V, .Exprs)) ~> #ksIns(V, R, KV, ACC, RB) ... </k>
38-  rule <k> K:Val ~> #ksIns(V:Val, R:ValSeq, KV:Val, ACC:ValSeq, RB:Bool)
39-        => #ksort(R, KV, insPair(ACC, K, V), RB) ... </k>
40-       requires notBool isKwV(K)
41-
42-  syntax ValSeq ::= insPair(ValSeq, Val, Val) [function]
43:  rule insPair(.ValSeq, K:Val, V:Val) => vCons(kvP(K, V), .ValSeq)
44:  rule insPair(vCons(kvP(K2:Val, V2:Val), R:ValSeq), K:Val, V:Val)
45:    => vCons(kvP(K, V), vCons(kvP(K2, V2), R))
46-       requires kLt(K, K2)
47:  rule insPair(vCons(kvP(K2:Val, V2:Val), R:ValSeq), K:Val, V:Val)
48:    => vCons(kvP(K2, V2), insPair(R, K, V))
49-       requires notBool kLt(K, K2)
50-
51-  syntax Bool ::= kLt(Val, Val) [function]
52-  rule kLt(I1:Int, I2:Int)             => I1 <Int I2
53-  rule kLt(F1:Float, F2:Float)         => F1 <Float F2
54-  rule kLt(str(A:IntSeq), str(B:IntSeq)) => strLt(A, B)
55-
56-  syntax ValSeq ::= unpairVS(ValSeq) [function, total]
57-  rule unpairVS(.ValSeq) => .ValSeq
58:  rule unpairVS(vCons(kvP(_:Val, V:Val), R:ValSeq)) => vCons(V, unpairVS(R))
59:  rule unpairVS(vCons(V:Val, R:ValSeq)) => vCons(V, unpairVS(R)) [owise]
60-endmodule

/reference/k-proof/reference-semantics/semantics/call.k
69-  rule <k> #applyK(toCall(closureVal(PNS:ParamNames, BODY:Stmts, DEFL:Int)), ACC:Vals) ~> CONT
70-        => #bindP(PNS, ACC) ~> BODY ~> #endcall </k>
71-       <env>     CALLERL:Int => NEWL </env>
72-       <scopes>   STORE:Map => STORE [ NEWL <- scope(.Map, parent(DEFL)) ] </scopes>
73-       <scopeLoc> NEWL:Int => NEWL +Int 1 </scopeLoc>
74:       <stack>   .List => ListItem(frame(CONT, CALLERL, NEWL)) ... </stack>
75-
76-  // annotated closure: the frame starts with the captured freevar cells, its
77-  // parent is the module scope (all enclosing-local reads go through cells),
78-  // and the cellvars' fresh cells allocate before params bind (a cellvar param
79-  // then writes through its cell in #bindP).
80-  rule <k> #applyK(toCall(closureValC(PNS:ParamNames, CVS:ParamNames, BODY:Stmts, CM:Map)), ACC:Vals) ~> CONT
81-        => #allocCells(CVS) ~> #bindP(PNS, ACC) ~> BODY ~> #endcall </k>
82-       <env>     CALLERL:Int => NEWL </env>
83-       <scopes>   STORE:Map => STORE [ NEWL <- scope(CM [ "$cells" <- cellsMark(CVS) ], parent(0)) ] </scopes>
84-       <scopeLoc> NEWL:Int => NEWL +Int 1 </scopeLoc>
85:       <stack>   .List => ListItem(frame(CONT, CALLERL, NEWL)) ... </stack>
86-
87-  syntax KItem ::= #allocCells(ParamNames)
88-  rule <k> #allocCells(.ParamNames) => .K ... </k>
89-  rule <k> #allocCells((CV:String, R:ParamNames)) => #allocCells(R) ... </k>
90-       <env> L:Int </env>

/reference/k-proof/reference-semantics/semantics/methods.k
24-  // S.join(list-of-str): fold with separator codes (receiver + arg deref'd by
25-  // the call layer; the result str is a value)
26-  rule applyMethod(str(SEP:IntSeq), "join", list(VS:ValSeq), .Vals) => str(joinCodes(SEP, VS))
27-  syntax IntSeq ::= joinCodes(IntSeq, ValSeq) [function, total]
28-  rule joinCodes(_:IntSeq, .ValSeq) => .IntSeq
29:  rule joinCodes(_:IntSeq, vCons(str(CS:IntSeq), .ValSeq)) => CS
30:  rule joinCodes(SEP:IntSeq, vCons(str(CS:IntSeq), vCons(V:Val, R:ValSeq)))
31:    => seqConcat(CS, seqConcat(SEP, joinCodes(SEP, vCons(V, R))))
32-
33-  // S.count(sub): non-overlapping window scan (Python str.count)
34-  rule applyMethod(str(CS:IntSeq), "count", str(PC:IntSeq), .Vals) => cntSub(CS, PC)
35-  syntax Int ::= cntSub(IntSeq, IntSeq) [function]
36-  rule cntSub(.IntSeq, _:IntSeq) => 0
--
62-
63-  // ==== list.count(v) — number of occurrences of v in the list (concrete for krun) ==========
64-  rule applyMethod(list(VS:ValSeq), "count", V:Val, .Vals) => cntOccVS(VS, V)
65-  syntax Int ::= cntOccVS(ValSeq, Val) [function, total]
66-  rule cntOccVS(.ValSeq, _:Val)                => 0
67:  rule cntOccVS(vCons(A:Val, R:ValSeq), V:Val) => 1 +Int cntOccVS(R, V) requires A ==K V
68:  rule cntOccVS(vCons(A:Val, R:ValSeq), V:Val) => cntOccVS(R, V)        requires notBool (A ==K V)
69-
70-  // ==== split (no-arg: on whitespace runs, dropping empty tokens) + replace (single char) ==========
71-  // Concrete string ops for krun. A proof over a symbolic string intercepts the split problem-locally.
72-  rule <k> #applyK(toCall(boundMethodV(str(CS:IntSeq), "split")), .Vals)
73-        => #alloc(list(splitWS(CS, .IntSeq, .ValSeq))) ... </k>
--
79-  rule splitWS(iCons(C:Int, R:IntSeq), CUR:IntSeq, ACC:ValSeq) => splitWS(R, seqConcat(CUR, iCons(C, .IntSeq)), ACC)
80-       requires notBool isWSC(C)
81-  // flush the current token to the result list iff non-empty.
82-  syntax ValSeq ::= flushTok(ValSeq, IntSeq) [function]
83-  rule flushTok(ACC:ValSeq, .IntSeq)            => ACC
84:  rule flushTok(ACC:ValSeq, iCons(C:Int, T:IntSeq)) => valSeqConcat(ACC, vCons(str(iCons(C, T)), .ValSeq))
85-  syntax Bool ::= isWSC(Int) [function, total]
86-  rule isWSC(C:Int) => C ==Int 32 orBool C ==Int 9 orBool C ==Int 10 orBool C ==Int 13
87-
88-  // split(sep='x') keyword form delegates to the positional k-cell rule
89-  rule <k> #applyK(toCall(boundMethodV(str(CS:IntSeq), "split")), (kwV("sep", str(S:IntSeq)), .Vals))
--
93-  // str.split(sep) — single-char separator, KEEPING empty parts (Python's sep-split; len == #sep + 1).
94-  rule <k> #applyK(toCall(boundMethodV(str(CS:IntSeq), "split")), (str(iCons(SEP:Int, .IntSeq)), .Vals))
95-        => #alloc(list(splitSep(CS, SEP, .IntSeq))) ... </k>
96-       [priority(40)]
97-  syntax ValSeq ::= splitSep(IntSeq, Int, IntSeq) [function]  // remaining, sep code, current token
98:  rule splitSep(.IntSeq, _SEP:Int, CUR:IntSeq)              => vCons(str(CUR), .ValSeq)
99:  rule splitSep(iCons(C:Int, R:IntSeq), SEP:Int, CUR:IntSeq) => vCons(str(CUR), splitSep(R, SEP, .IntSeq))
100-       requires C ==Int SEP
101-  rule splitSep(iCons(C:Int, R:IntSeq), SEP:Int, CUR:IntSeq) => splitSep(R, SEP, seqConcat(CUR, iCons(C, .IntSeq)))
102-       requires notBool (C ==Int SEP)
103-
104-  rule applyMethod(str(CS:IntSeq), "replace", str(iCons(A:Int, .IntSeq)), str(iCons(B:Int, .IntSeq)), .Vals)

/reference/k-proof/reference-semantics/semantics/builtins.k
33-  rule <k> #applyK(toCall(builtinV("list")), (tuple(VS:ValSeq), .Vals)) => #alloc(list(VS)) ... </k>
34-  rule <k> #applyK(toCall(builtinV("list")), .Vals)                     => #alloc(list(.ValSeq)) ... </k>
35-  rule <k> #applyK(toCall(builtinV("list")), (str(CS:IntSeq), .Vals))   => #alloc(list(charsOf(CS))) ... </k>
36-  syntax ValSeq ::= charsOf(IntSeq) [function, total]
37-  rule charsOf(.IntSeq)                => .ValSeq
38:  rule charsOf(iCons(C:Int, R:IntSeq)) => vCons(str(iCons(C, .IntSeq)), charsOf(R))
39-
40-  // ==== set(str) — distinct character codes =================================
41-  rule applyBuiltin("set", str(CS:IntSeq), .Vals) => setV(dedupCodes(CS))
42-
43-  // ==== abs(int) ============================================================
--
123-  // ==== enumerate(xs) — pairs (i, v); materialized eagerly over a list =========
124-  rule <k> #applyK(toCall(builtinV("enumerate")), (list(VS:ValSeq), .Vals))
125-        => #alloc(list(enumVS(VS, 0))) ... </k>
126-  syntax ValSeq ::= enumVS(ValSeq, Int) [function, total]
127-  rule enumVS(.ValSeq, _:Int) => .ValSeq
128:  rule enumVS(vCons(V:Val, R:ValSeq), I:Int)
129:    => vCons(tuple(vCons(I, vCons(V, .ValSeq))), enumVS(R, I +Int 1))
130-
131-  // ==== map(str, xs) — eager (only the str case is in the subset) =============
132-  rule <k> #applyK(toCall(builtinV("map")), (typeV("str"), list(VS:ValSeq), .Vals))
133-        => #alloc(list(mapStrVS(VS))) ... </k>
134-  syntax ValSeq ::= mapStrVS(ValSeq) [function, total]
135-  rule mapStrVS(.ValSeq) => .ValSeq
136:  rule mapStrVS(vCons(I:Int, R:ValSeq)) => vCons(str(strToCodes(Int2String(I))), mapStrVS(R))
137:  rule mapStrVS(vCons(str(CS:IntSeq), R:ValSeq)) => vCons(str(CS), mapStrVS(R))
138-
139-  // ==== int(x) identities (int(round(x)) composes through) ====================
140-  rule applyBuiltin("int", I:Int, .Vals) => I
141-
142-  // ==== ord / chr ===========================================================
--
162-  // ==== zip(a, b) — parallel iterable of pairs, truncating to the shorter =====
163-  rule applyBuiltin("zip", list(A:ValSeq), list(B:ValSeq), .Vals) => zipObj(A, B)
164-  rule applyBuiltin("zip", str(A:IntSeq), str(B:IntSeq), .Vals)   => zipObjS(A, B)
165-
166-  // zip's iterator-protocol cases (zip is created here, so its #iterNext lives here)
167:  rule <k> #iterNext(zipObj(vCons(A:Val, As:ValSeq), vCons(B:Val, Bs:ValSeq)))
168:        => #iterYield(tuple(vCons(A, vCons(B, .ValSeq))), zipObj(As, Bs)) ... </k>
169-  rule <k> #iterNext(zipObj(.ValSeq, _:ValSeq))               => #iterDone ... </k>
170:  rule <k> #iterNext(zipObj(vCons(_:Val, _:ValSeq), .ValSeq)) => #iterDone ... </k>
171-  rule <k> #iterNext(zipObjS(iCons(A:Int, As:IntSeq), iCons(B:Int, Bs:IntSeq)))
172:        => #iterYield(tuple(vCons(str(iCons(A, .IntSeq)), vCons(str(iCons(B, .IntSeq)), .ValSeq))), zipObjS(As, Bs)) ... </k>
173-  rule <k> #iterNext(zipObjS(.IntSeq, _:IntSeq))              => #iterDone ... </k>
174-  rule <k> #iterNext(zipObjS(iCons(_:Int, _:IntSeq), .IntSeq)) => #iterDone ... </k>
175-
176-  // ==== range(stop) / range(start, stop) / range(start, stop, step) =========
177-  rule applyBuiltin("range", I:Int, .Vals)               => rangeObj(0, I, 1)

/reference/k-proof/reference-semantics/semantics/list.k
5-  imports MPY-ITER
6-  imports MPY-OPERATORS
7-
8-  // ==== iteration (the iterator protocol's list case) =======================
9-  rule <k> #iterNext(list(.ValSeq))                => #iterDone ... </k>
10:  rule <k> #iterNext(list(vCons(V:Val, R:ValSeq))) => #iterYield(V, list(R)) ... </k>
11-
12-  // ==== ListExpr: [...] literal -> a fresh heap object =======================
13-  syntax ApplyK ::= "toList"
14-  rule <k> ListExpr(ES:Exprs) => #evalArgs(ES, .Vals, toList) ... </k>
15-  rule <k> #applyK(toList, ACC:Vals) => #alloc(list(vals2valSeq(ACC))) ... </k>
16-
17-  // ==== list ops: + / == / != ===============================================
18:  syntax ValSeq ::= valSeqConcat(ValSeq, ValSeq) [function, total]
19:  rule valSeqConcat(.ValSeq, T:ValSeq)                => T
20:  rule valSeqConcat(vCons(V:Val, S:ValSeq), T:ValSeq) => vCons(V, valSeqConcat(S, T))
21-
22-  // list + list constructs a NEW object (k-cell — it allocates; operands land here
23-  // already deref'd). priority(45) beats the generic BinOp dispatch.
24:  rule <k> BinOp("+", list(A:ValSeq), list(B:ValSeq)) => #alloc(list(valSeqConcat(A, B))) ... </k>
25-       [priority(45)]
26-
27-  rule applyCmp("==", list(A:ValSeq), list(B:ValSeq)) => A ==K B
28-  rule applyCmp("!=", list(A:ValSeq), list(B:ValSeq)) => notBool (A ==K B)
29-
30-  // ==== deep equality when elements are heap objects (list-of-lists) ========
31-  // Python == is structural at every depth. Fires ONLY when a ref is present
32-  // (the guard decides on concrete seqs); the plain ==K path above is unchanged.
33-  syntax Bool ::= hasRefVS(ValSeq) [function, total]
34-  rule hasRefVS(.ValSeq)                => false
35:  rule hasRefVS(vCons(V:Val, R:ValSeq)) => isRefV(V) orBool hasRefVS(R)
36-
37-  syntax Bool ::= deepEqVS(ValSeq, ValSeq, Map) [function]
38-                | deepEqV(Val, Val, Map)        [function]
39-  rule deepEqVS(.ValSeq, .ValSeq, _:Map)                   => true
40:  rule deepEqVS(.ValSeq, vCons(_:Val, _:ValSeq), _:Map)    => false
41:  rule deepEqVS(vCons(_:Val, _:ValSeq), .ValSeq, _:Map)    => false
42:  rule deepEqVS(vCons(A:Val, As:ValSeq), vCons(B:Val, Bs:ValSeq), HP:Map)
43-    => deepEqV(A, B, HP) andBool deepEqVS(As, Bs, HP)
44-
45-  rule deepEqV(ref(H:Int), B:Val, HP:Map) => deepEqV({HP[H]}:>Val, B, HP)
46-       requires H in_keys(HP)
47-  rule deepEqV(A:Val, ref(H:Int), HP:Map) => deepEqV(A, {HP[H]}:>Val, HP)
48-       requires notBool isRefV(A) andBool H in_keys(HP)
49-  rule deepEqV(list(A:ValSeq), list(B:ValSeq), HP:Map) => deepEqVS(A, B, HP)
50-  rule deepEqV(A:Val, B:Val, _:Map) => A ==K B [owise]
51-
52:  // ==== mutator: xs.append(v) — an in-place heap write ======================
53-  rule <k> #applyK(toCall(boundMethodV(ref(H:Int), "append")), (V:Val, .Vals)) => noneV ... </k>
54:       <heap> ... H |-> list(VS:ValSeq => valSeqConcat(VS, vCons(V, .ValSeq))) ... </heap>
55-       [priority(40)]
56-
57-  // ==== `x in list` — a <k>-cell fold over #iterNext ========================
58-  syntax KItem ::= #memberAcc(Val, Iterable) | #memberCont(Val) | "#notB"
59-  rule <k> Compare(LV:Val, CmpOp("in",     list(VS:ValSeq))) => #memberAcc(LV, list(VS)) ... </k>

/reference/k-proof/reference-semantics/semantics/list.k
5-  imports MPY-ITER
6-  imports MPY-OPERATORS
7-
8-  // ==== iteration (the iterator protocol's list case) =======================
9-  rule <k> #iterNext(list(.ValSeq))                => #iterDone ... </k>
10:  rule <k> #iterNext(list(vCons(V:Val, R:ValSeq))) => #iterYield(V, list(R)) ... </k>
11-
12-  // ==== ListExpr: [...] literal -> a fresh heap object =======================
13-  syntax ApplyK ::= "toList"
14-  rule <k> ListExpr(ES:Exprs) => #evalArgs(ES, .Vals, toList) ... </k>
15-  rule <k> #applyK(toList, ACC:Vals) => #alloc(list(vals2valSeq(ACC))) ... </k>
16-
17-  // ==== list ops: + / == / != ===============================================
18:  syntax ValSeq ::= valSeqConcat(ValSeq, ValSeq) [function, total]
19:  rule valSeqConcat(.ValSeq, T:ValSeq)                => T
20:  rule valSeqConcat(vCons(V:Val, S:ValSeq), T:ValSeq) => vCons(V, valSeqConcat(S, T))
21-
22-  // list + list constructs a NEW object (k-cell — it allocates; operands land here
23-  // already deref'd). priority(45) beats the generic BinOp dispatch.
24:  rule <k> BinOp("+", list(A:ValSeq), list(B:ValSeq)) => #alloc(list(valSeqConcat(A, B))) ... </k>
25-       [priority(45)]
26-
27-  rule applyCmp("==", list(A:ValSeq), list(B:ValSeq)) => A ==K B
28-  rule applyCmp("!=", list(A:ValSeq), list(B:ValSeq)) => notBool (A ==K B)
29-
30-  // ==== deep equality when elements are heap objects (list-of-lists) ========
31-  // Python == is structural at every depth. Fires ONLY when a ref is present
32-  // (the guard decides on concrete seqs); the plain ==K path above is unchanged.
33-  syntax Bool ::= hasRefVS(ValSeq) [function, total]
34-  rule hasRefVS(.ValSeq)                => false
35:  rule hasRefVS(vCons(V:Val, R:ValSeq)) => isRefV(V) orBool hasRefVS(R)
36-
37-  syntax Bool ::= deepEqVS(ValSeq, ValSeq, Map) [function]
38-                | deepEqV(Val, Val, Map)        [function]
39-  rule deepEqVS(.ValSeq, .ValSeq, _:Map)                   => true
40:  rule deepEqVS(.ValSeq, vCons(_:Val, _:ValSeq), _:Map)    => false
41:  rule deepEqVS(vCons(_:Val, _:ValSeq), .ValSeq, _:Map)    => false
42:  rule deepEqVS(vCons(A:Val, As:ValSeq), vCons(B:Val, Bs:ValSeq), HP:Map)
43-    => deepEqV(A, B, HP) andBool deepEqVS(As, Bs, HP)
44-
45-  rule deepEqV(ref(H:Int), B:Val, HP:Map) => deepEqV({HP[H]}:>Val, B, HP)
46-       requires H in_keys(HP)
47-  rule deepEqV(A:Val, ref(H:Int), HP:Map) => deepEqV(A, {HP[H]}:>Val, HP)
48-       requires notBool isRefV(A) andBool H in_keys(HP)
49-  rule deepEqV(list(A:ValSeq), list(B:ValSeq), HP:Map) => deepEqVS(A, B, HP)
50-  rule deepEqV(A:Val, B:Val, _:Map) => A ==K B [owise]
51-
52:  // ==== mutator: xs.append(v) — an in-place heap write ======================
53-  rule <k> #applyK(toCall(boundMethodV(ref(H:Int), "append")), (V:Val, .Vals)) => noneV ... </k>
54:       <heap> ... H |-> list(VS:ValSeq => valSeqConcat(VS, vCons(V, .ValSeq))) ... </heap>
55-       [priority(40)]
56-
57-  // ==== `x in list` — a <k>-cell fold over #iterNext ========================
58-  syntax KItem ::= #memberAcc(Val, Iterable) | #memberCont(Val) | "#notB"
59-  rule <k> Compare(LV:Val, CmpOp("in",     list(VS:ValSeq))) => #memberAcc(LV, list(VS)) ... </k>

Script done on 2026-07-31 01:35:46-05:00 [COMMAND_EXIT_CODE="0"]
