COMMAND: sha256sum /reference/generation-tools/klean_export.py /reference/generation-tools/klean.py /reference/generation-tools/source-manifest.json /reference/lemma-discovery.json /reference/k-proof/verification.k /reference/klean-generation/generated/obligation-map.json /reference/klean-generation/trust-inventory.json
EXIT: 0
OUTPUT:
bbd11ce0fe6ac12ea89d4bdc70c260044bc9f87c987ff310684b637ea6464a07  /reference/generation-tools/klean_export.py
42a38e6d65b74af3536acc49947b7cfbac809406bdfe5549841e3132af5a5c4d  /reference/generation-tools/klean.py
12ea75e9bde6ff407be83d69c051a8bb2393647e539547391a0e36ac0a9eaaa4  /reference/generation-tools/source-manifest.json
4a1f4b7f8a6984e659ec78a12e9bfec0aaa72fd60ba1d520779a2abf1b1195ee  /reference/lemma-discovery.json
37e9aafbc27987d2821ffb19fba19ef486b651c0bc6c8e164cb497f74d011029  /reference/k-proof/verification.k
cf331f312938e04436a60d1dc49b5a1f6f60b03f3283415439a7c175e9812048  /reference/klean-generation/generated/obligation-map.json
731c0e04dff1508593c62e02a5206a8e0b4ffbc592df49ec0568fa9c13a99c14  /reference/klean-generation/trust-inventory.json

COMPARISON:
klean_export_actual= bbd11ce0fe6ac12ea89d4bdc70c260044bc9f87c987ff310684b637ea6464a07
klean_export_source_manifest= bbd11ce0fe6ac12ea89d4bdc70c260044bc9f87c987ff310684b637ea6464a07
klean_export_generator_manifest= bbd11ce0fe6ac12ea89d4bdc70c260044bc9f87c987ff310684b637ea6464a07
klean_export_all_match= True
klean_actual= 42a38e6d65b74af3536acc49947b7cfbac809406bdfe5549841e3132af5a5c4d
klean_source_manifest= 42a38e6d65b74af3536acc49947b7cfbac809406bdfe5549841e3132af5a5c4d
klean_generator_manifest= 42a38e6d65b74af3536acc49947b7cfbac809406bdfe5549841e3132af5a5c4d
klean_all_match= True
generator_image_audit_input= sha256:f884238cea5ab1ed0da0a75d0c9a29ac4abe988616c3f493ba60e74ca3290cf7
generator_image_source_manifest= sha256:f884238cea5ab1ed0da0a75d0c9a29ac4abe988616c3f493ba60e74ca3290cf7
generator_image_generator_manifest= sha256:f884238cea5ab1ed0da0a75d0c9a29ac4abe988616c3f493ba60e74ca3290cf7
generator_image_all_match= True

The audit-input image identity is reconstructed from the final component of
resolution.generation_producer_sources, which is the recorded immutable image
digest without the sha256: prefix.
