UTC_START: 2026-07-26T23:14:56Z
PWD: /tmp/audit-work/107-even-odd-palindrome
COMMAND: python3 /audit-output/evidence/differential_test.py --canonical /tmp/audit-work/107-even-odd-palindrome/canonical.py --generated /tmp/audit-work/107-even-odd-palindrome/solution.py
documented_examples=[3, 12]
empty_interval_case=minimal_positive_n=1
boundary_cases=[1, 2, 9, 10, 11, 12, 99, 100, 101, 109, 110, 111, 999, 1000]
branch_boundaries=[9, 10, 99, 100, 199, 200, 299, 300, 399, 400, 499, 500, 599, 600, 699, 700, 799, 800, 899, 900, 999, 1000]
generated_samples_seed=107 count=62 values=[36, 65, 74, 79, 91, 117, 127, 142, 143, 157, 158, 165, 192, 193, 195, 199, 242, 249, 251, 253, 257, 278, 280, 288, 299, 303, 317, 321, 382, 410, 433, 435, 436, 445, 470, 495, 505, 548, 558, 596, 604, 609, 628, 635, 674, 676, 726, 745, 753, 773, 782, 785, 843, 866, 877, 929, 942, 945, 948, 979, 980, 996]
intended_domain=all integers n with 1 <= n <= 1000
exhaustive_cases=1000
mismatch_count=0
witness n=1 result=(0, 1)
witness n=2 result=(1, 1)
witness n=3 result=(1, 2)
witness n=9 result=(4, 5)
witness n=10 result=(4, 5)
witness n=11 result=(4, 6)
witness n=12 result=(4, 6)
witness n=36 result=(5, 7)
witness n=65 result=(6, 8)
witness n=74 result=(7, 8)
witness n=79 result=(7, 9)
witness n=91 result=(8, 9)
witness n=99 result=(8, 10)
witness n=100 result=(8, 10)
witness n=101 result=(8, 11)
witness n=109 result=(8, 11)
witness n=110 result=(8, 11)
witness n=111 result=(8, 12)
witness n=117 result=(8, 12)
witness n=127 result=(8, 13)
witness n=142 result=(8, 15)
witness n=143 result=(8, 15)
witness n=157 result=(8, 16)
witness n=158 result=(8, 16)
witness n=165 result=(8, 17)
witness n=192 result=(8, 20)
witness n=193 result=(8, 20)
witness n=195 result=(8, 20)
witness n=199 result=(8, 20)
witness n=200 result=(8, 20)
witness n=242 result=(13, 20)
witness n=249 result=(13, 20)
witness n=251 result=(13, 20)
witness n=253 result=(14, 20)
witness n=257 result=(14, 20)
witness n=278 result=(16, 20)
witness n=280 result=(16, 20)
witness n=288 result=(17, 20)
witness n=299 result=(18, 20)
witness n=300 result=(18, 20)
witness n=303 result=(18, 21)
witness n=317 result=(18, 22)
witness n=321 result=(18, 22)
witness n=382 result=(18, 28)
witness n=399 result=(18, 30)
witness n=400 result=(18, 30)
witness n=410 result=(19, 30)
witness n=433 result=(21, 30)
witness n=435 result=(22, 30)
witness n=436 result=(22, 30)
witness n=445 result=(23, 30)
witness n=470 result=(25, 30)
witness n=495 result=(28, 30)
witness n=499 result=(28, 30)
witness n=500 result=(28, 30)
witness n=505 result=(28, 31)
witness n=548 result=(28, 35)
witness n=558 result=(28, 36)
witness n=596 result=(28, 40)
witness n=599 result=(28, 40)
witness n=600 result=(28, 40)
witness n=604 result=(28, 40)
witness n=609 result=(29, 40)
witness n=628 result=(31, 40)
witness n=635 result=(31, 40)
witness n=674 result=(35, 40)
witness n=676 result=(36, 40)
witness n=699 result=(38, 40)
witness n=700 result=(38, 40)
witness n=726 result=(38, 42)
witness n=745 result=(38, 44)
witness n=753 result=(38, 45)
witness n=773 result=(38, 47)
witness n=782 result=(38, 48)
witness n=785 result=(38, 48)
witness n=799 result=(38, 50)
witness n=800 result=(38, 50)
witness n=843 result=(42, 50)
witness n=866 result=(44, 50)
witness n=877 result=(45, 50)
witness n=899 result=(48, 50)
witness n=900 result=(48, 50)
witness n=929 result=(48, 53)
witness n=942 result=(48, 54)
witness n=945 result=(48, 54)
witness n=948 result=(48, 54)
witness n=979 result=(48, 58)
witness n=980 result=(48, 58)
witness n=996 result=(48, 59)
witness n=999 result=(48, 60)
witness n=1000 result=(48, 60)
EXIT_STATUS: 0
UTC_END: 2026-07-26T23:14:56Z
