Script started on 2026-07-26 10:46:09-05:00 [<not executed on terminal>]
+ REBUILD=/tmp/audit-work/108-count-nums-clean-rebuild
+ test '!' -e /tmp/audit-work/108-count-nums-clean-rebuild
+ mkdir /tmp/audit-work/108-count-nums-clean-rebuild
+ cp /candidate/solution.py /tmp/audit-work/108-count-nums-clean-rebuild/solution.py
+ cp /candidate/solution.mpy /tmp/audit-work/108-count-nums-clean-rebuild/solution.submitted.mpy
+ cp /candidate/semantic.k /tmp/audit-work/108-count-nums-clean-rebuild/semantic.k
+ cp /candidate/verification.k /tmp/audit-work/108-count-nums-clean-rebuild/verification.k
+ cp /candidate/spec.k /tmp/audit-work/108-count-nums-clean-rebuild/spec.k
+ cp /reference/py2mpy.py /tmp/audit-work/108-count-nums-clean-rebuild/py2mpy.py
+ cd /tmp/audit-work/108-count-nums-clean-rebuild
+ python3 py2mpy.py solution.py
+ cmp solution.submitted.mpy solution.mpy
+ test '!' -e semantic-kompiled
+ test '!' -e verification-kompiled
+ kompile semantic.k --main-module MPY-SEMANTIC --syntax-module MPY-SYNTAX --backend llvm --output-definition semantic-kompiled
[0m[0m+ krun solution.mpy --definition semantic-kompiled '-cARG=list()'
+ grep -F 'IntV ( 0 ) ~> .K'
[0m[0m    IntV ( 0 ) ~> .K
+ test 0 -eq 0
+ krun solution.mpy --definition semantic-kompiled '-cARG=list(-1, 11, -11)'
+ grep -F 'IntV ( 1 ) ~> .K'
[0m[0m    IntV ( 1 ) ~> .K
+ test 0 -eq 0
+ krun solution.mpy --definition semantic-kompiled '-cARG=list(-123, -100, -99, 0, 10)'
+ grep -F 'IntV ( 2 ) ~> .K'
[0m[0m    IntV ( 2 ) ~> .K
+ test 0 -eq 0
+ kompile verification.k --main-module VERIFICATION --syntax-module MPY-SYNTAX --backend haskell --output-definition verification-kompiled
[0m[0m+ kprove spec.k --definition verification-kompiled --spec-module SPEC
#Top
[0m[0m+ status=0
+ printf 'SCRIPT_EXIT_STATUS=%s\n' 0
SCRIPT_EXIT_STATUS=0

Script done on 2026-07-26 10:46:21-05:00 [COMMAND_EXIT_CODE="0"]
