COMMAND: bash -lc set\ -e\;\ sed\ -n\ \"235\,285p\"\ /opt/runtimeverification-k/k-frontend/src/main/java/org/kframework/compile/ConstantFolding.java\;\ find\ /opt/runtimeverification-k\ -path\ \"\*string\*\"\ -type\ f\ \|\ rg\ \"runtime\|hook\|builtin\|string\"\ \|\ head\ -200
START_UTC: 2026-07-26T13:32:07Z
    }
  }

  private void throwIfNotUnsignedInt(BigInteger i, String hook) {
    if (i.compareTo(BigInteger.ZERO) < 0
        || i.compareTo(BigInteger.valueOf(Integer.MAX_VALUE)) > 0) {
      throw KEMException.compilerError(
          "Argument to hook " + hook + " out of range. Expected a 32-bit unsigned integer.", loc);
    }
  }

  String STRING_substr(String s, BigInteger start, BigInteger end) {
    throwIfNotUnsignedInt(start, "STRING.substr");
    throwIfNotUnsignedInt(end, "STRING.substr");
    try {
      return s.substring(
          s.offsetByCodePoints(0, start.intValue()), s.offsetByCodePoints(0, end.intValue()));
    } catch (IndexOutOfBoundsException e) {
      throw KEMException.compilerError(
          "Argument to hook STRING.substr out of range. Expected two indices >= 0 and <= the length"
              + " of the string.",
          e,
          loc);
    }
  }

  BigInteger STRING_find(String haystack, String needle, BigInteger idx) {
    throwIfNotUnsignedInt(idx, "STRING.find");
    try {
      int offset = haystack.offsetByCodePoints(0, idx.intValue());
      int foundOffset = haystack.indexOf(needle, offset);
      return BigInteger.valueOf((foundOffset == -1 ? -1 : haystack.codePointCount(0, foundOffset)));
    } catch (IndexOutOfBoundsException e) {
      throw KEMException.compilerError(
          "Argument to hook STRING.find out of range. Expected an index >= 0 and <= the length of"
              + " the string to search.",
          e,
          loc);
    }
  }

  BigInteger STRING_rfind(String haystack, String needle, BigInteger idx) {
    throwIfNotUnsignedInt(idx, "STRING.rfind");
    try {
      int offset = haystack.offsetByCodePoints(0, idx.intValue());
      int foundOffset = haystack.lastIndexOf(needle, offset);
      return BigInteger.valueOf((foundOffset == -1 ? -1 : haystack.codePointCount(0, foundOffset)));
    } catch (IndexOutOfBoundsException e) {
      throw KEMException.compilerError(
          "Argument to hook STRING.rfind out of range. Expected an index >= 0 and <= the length of"
              + " the string to search.",
/opt/runtimeverification-k/pyk/.venv/lib/python3.10/site-packages/hypothesis/strategies/_internal/strings.py
/opt/runtimeverification-k/pyk/.venv/lib/python3.10/site-packages/hypothesis/internal/conjecture/shrinking/string.py
/opt/runtimeverification-k/pyk/.venv/lib/python3.10/site-packages/mypy/typeshed/stdlib/stringprep.pyi
/opt/runtimeverification-k/pyk/.venv/lib/python3.10/site-packages/mypy/typeshed/stdlib/lib2to3/fixes/fix_basestring.pyi
/opt/runtimeverification-k/pyk/.venv/lib/python3.10/site-packages/mypy/typeshed/stdlib/string.pyi
/opt/runtimeverification-k/pyk/.venv/lib/python3.10/site-packages/pygments/unistring.py
/opt/runtimeverification-k/pyk/.venv/lib/python3.10/site-packages/flake8_quotes/docstring_detection.py
/opt/runtimeverification-k/pyk/.venv/lib/python3.10/site-packages/black/strings.cpython-310-x86_64-linux-gnu.so
/opt/runtimeverification-k/pyk/.venv/lib/python3.10/site-packages/black/strings.py
/opt/runtimeverification-k/pyk/.venv/lib/python3.10/site-packages/mypyc/codegen/cstring.py
/opt/runtimeverification-k/pyk/.venv/lib/python3.10/site-packages/mypyc/codegen/cstring.cpython-310-x86_64-linux-gnu.so
/opt/runtimeverification-k/pyk/.venv/lib/python3.10/site-packages/pyupgrade/_plugins/fstrings.py
/opt/runtimeverification-k/pyk/.venv/lib/python3.10/site-packages/pyupgrade/_string_helpers.py
/opt/runtimeverification-k/pyk/src/tests/unit/test-data/outer-lexer/domains-08-string.test
/opt/runtimeverification-k/pyk/src/tests/unit/kore/test-data/definitions/pass/test-string-2.kore
/opt/runtimeverification-k/pyk/src/tests/unit/kore/test-data/definitions/pass/test-string-1.kore
/opt/runtimeverification-k/pyk/src/tests/unit/kore/test-data/definitions/pass/test-string-7.kore
/opt/runtimeverification-k/pyk/src/tests/unit/kore/test-data/definitions/pass/test-string-3.kore
/opt/runtimeverification-k/pyk/src/tests/unit/kore/test-data/definitions/pass/test-string-6.kore
/opt/runtimeverification-k/pyk/src/tests/unit/kore/test-data/definitions/pass/test-string-5.kore
/opt/runtimeverification-k/pyk/src/tests/unit/kore/test-data/definitions/fail/test-string-4.kore
/opt/runtimeverification-k/pyk/src/tests/unit/kore/test-data/definitions/fail/test-string-4.kore.golden
/opt/runtimeverification-k/pyk/src/tests/unit/kore/test-data/patterns/string-aposthrophe.kore
/opt/runtimeverification-k/pyk/src/tests/integration/test_string.py
/opt/runtimeverification-k/pyk/src/pyk/kast/prelude/string.py
/opt/runtimeverification-k/pyk/src/pyk/kast/prelude/__pycache__/string.cpython-310.pyc
/opt/runtimeverification-k/pyk/regression-new/stringbuffer-llvm/Makefile
/opt/runtimeverification-k/pyk/regression-new/stringbuffer-llvm/test.k
/opt/runtimeverification-k/pyk/regression-new/stringbuffer-llvm/1.test.out
/opt/runtimeverification-k/pyk/regression-new/llvm-string2base/Makefile
/opt/runtimeverification-k/pyk/regression-new/llvm-string2base/1.inttest.out
/opt/runtimeverification-k/pyk/regression-new/llvm-string2base/1.inttest
/opt/runtimeverification-k/pyk/regression-new/llvm-string2base/int-parse.k
/opt/runtimeverification-k/pyk/regression-new/string_escape/1.a.out
/opt/runtimeverification-k/pyk/regression-new/string_escape/1.a
/opt/runtimeverification-k/pyk/regression-new/string_escape/Makefile
/opt/runtimeverification-k/pyk/regression-new/string_escape/a.k
/opt/runtimeverification-k/k-distribution/tests/regression-new/stringbuffer-llvm/Makefile
/opt/runtimeverification-k/k-distribution/tests/regression-new/stringbuffer-llvm/test.k
/opt/runtimeverification-k/k-distribution/tests/regression-new/stringbuffer-llvm/1.test.out
/opt/runtimeverification-k/k-distribution/tests/regression-new/llvm-string2base/Makefile
/opt/runtimeverification-k/k-distribution/tests/regression-new/llvm-string2base/1.inttest.out
/opt/runtimeverification-k/k-distribution/tests/regression-new/llvm-string2base/1.inttest
/opt/runtimeverification-k/k-distribution/tests/regression-new/llvm-string2base/int-parse.k
/opt/runtimeverification-k/k-distribution/tests/regression-new/string_escape/1.a.out
/opt/runtimeverification-k/k-distribution/tests/regression-new/string_escape/1.a
/opt/runtimeverification-k/k-distribution/tests/regression-new/string_escape/Makefile
/opt/runtimeverification-k/k-distribution/tests/regression-new/string_escape/a.k
/opt/runtimeverification-k/k-distribution/k-tutorial/2_intermediate/15_string_buffers_and_bytes/README.md
/opt/runtimeverification-k/k-distribution/k-tutorial/1_basic/10_strings/README.md
/opt/runtimeverification-k/k-frontend/src/main/scala/org/kframework/definition/outer-to-string.scala
/opt/runtimeverification-k/scripts/get-version-string.sh
EXIT_STATUS: 0
