COMMAND: bash -lc $'set -e; printf "ENTRY1_PRECONDITION_WITNESS A=5 O=6 N=19: A>=0, O>=0, N>=A+O\\n"; for f in example-abstract.mpy example-concrete-1.mpy example-concrete-2.mpy example-concrete-3.mpy example-concrete-4.mpy; do printf "===== %s =====\\n" "$f"; sed -n "1,5p" "$f"; timeout 30 krun "$f" --definition audit-verification-kompiled --output pretty; done; printf "===== Python substitutions =====\\n"; python3 - <<"PY"\nimport importlib.util\n\ndef load(name,path):\n s=importlib.util.spec_from_file_location(name,path); m=importlib.util.module_from_spec(s); s.loader.exec_module(m); return m.fruit_distribution\ncandidate=load("candidate","solution.py")\ncanonical=load("canonical","/reference/canonical.py")\nfor text,total in [("5 apples and 6 oranges",19),("0 apples and 1 oranges",3),("2 apples and 3 oranges",100),("100 apples and 1 oranges",120)]:\n print(repr(text),total,"candidate",candidate(text,total),"canonical",canonical(text,total))\nPY'
START_UTC: 2026-07-26T13:33:31Z
ENTRY1_PRECONDITION_WITNESS A=5 O=6 N=19: A>=0, O>=0, N>=A+O
===== example-abstract.mpy =====
runFruit(solutionProgram, 5, 6, 19)
<py>
  <k>
    VInt ( 8 ) ~> .K
  </k>
  <functions>
    .Map
  </functions>
  <env>
    .Map
  </env>
</py>
===== example-concrete-1.mpy =====
runString(solutionProgram, "5 apples and 6 oranges", 19)
<py>
  <k>
    VInt ( 8 ) ~> .K
  </k>
  <functions>
    .Map
  </functions>
  <env>
    .Map
  </env>
</py>
===== example-concrete-2.mpy =====
runString(solutionProgram, "0 apples and 1 oranges", 3)
<py>
  <k>
    VInt ( 2 ) ~> .K
  </k>
  <functions>
    .Map
  </functions>
  <env>
    .Map
  </env>
</py>
===== example-concrete-3.mpy =====
runString(solutionProgram, "2 apples and 3 oranges", 100)
<py>
  <k>
    VInt ( 95 ) ~> .K
  </k>
  <functions>
    .Map
  </functions>
  <env>
    .Map
  </env>
</py>
===== example-concrete-4.mpy =====
runString(solutionProgram, "100 apples and 1 oranges", 120)
<py>
  <k>
    VInt ( 19 ) ~> .K
  </k>
  <functions>
    .Map
  </functions>
  <env>
    .Map
  </env>
</py>
===== Python substitutions =====
'5 apples and 6 oranges' 19 candidate 8 canonical 8
'0 apples and 1 oranges' 3 candidate 2 canonical 2
'2 apples and 3 oranges' 100 candidate 95 canonical 95
'100 apples and 1 oranges' 120 candidate 19 canonical 19
EXIT_STATUS: 0
