Script started on 2026-07-26 17:17:18-05:00 [<not executed on terminal>]
+ cd /tmp/audit-work/prime-length-audit
+ kprove body-identity.k --definition audit-verification-kompiled --spec-module BODY-IDENTITY --claims BODY-IDENTITY.submitted-body
kore-exec: [880322] Warning (WarnTrivialClaim):
    Claim proven without rewriting at: /tmp/audit-work/prime-length-audit/body-identity.k:10:5-29:17
#Top
[Warning] Compiler: Variable 'As' defined but not used. Prefix variable name
with underscore if this is intentional.
	Source(/tmp/audit-work/prime-length-audit/reference-semantics/semantics/str.k)
	Location(52,27,52,29)
	52 |	  rule strLt(iCons(A:Int, As:IntSeq), iCons(B:Int, Bs:IntSeq)) => true   
      requires A  <Int B
	   .	                          ^~
[Warning] Compiler: Variable 'Bs' defined but not used. Prefix variable name
with underscore if this is intentional.
	Source(/tmp/audit-work/prime-length-audit/reference-semantics/semantics/str.k)
	Location(52,52,52,54)
	52 |	  rule strLt(iCons(A:Int, As:IntSeq), iCons(B:Int, Bs:IntSeq)) => true   
      requires A  <Int B
	   .	                                                   ^~
[Warning] Compiler: Variable 'As' defined but not used. Prefix variable name
with underscore if this is intentional.
	Source(/tmp/audit-work/prime-length-audit/reference-semantics/semantics/str.k)
	Location(53,27,53,29)
	53 |	  rule strLt(iCons(A:Int, As:IntSeq), iCons(B:Int, Bs:IntSeq)) => false  
      requires A  >Int B
	   .	                          ^~
[Warning] Compiler: Variable 'Bs' defined but not used. Prefix variable name
with underscore if this is intentional.
	Source(/tmp/audit-work/prime-length-audit/reference-semantics/semantics/str.k)
	Location(53,52,53,54)
	53 |	  rule strLt(iCons(A:Int, As:IntSeq), iCons(B:Int, Bs:IntSeq)) => false  
      requires A  >Int B
	   .	                                                   ^~
[0m[0m+ command_status=0
+ echo 'EXIT_STATUS=0 COMMAND=kprove body-identity.k --definition audit-verification-kompiled --spec-module BODY-IDENTITY --claims BODY-IDENTITY.submitted-body'
EXIT_STATUS=0 COMMAND=kprove body-identity.k --definition audit-verification-kompiled --spec-module BODY-IDENTITY --claims BODY-IDENTITY.submitted-body
+ exit 0

Script done on 2026-07-26 17:17:21-05:00 [COMMAND_EXIT_CODE="0"]
