WORKDIR: /tmp/audit-work/rebuild
COMMAND: bash -lc export\ PATH=/home/agent/.nix-profile/bin:\$PATH\;\ kprove\ spec-vacuity.k\ --definition\ verification-kompiled\ --spec-module\ SPEC-VACUITY\ --trusted\ walk-correct
kore-exec: [273470] Warning (WarnStuckClaimState):
    The configuration's term unifies with the destination's term, but the implication check between the conditions has failed. Location: /tmp/audit-work/rebuild/spec-vacuity.k:27:5-59:14
Context:
    (InfoReachability) while checking the implication
  #Ceil ( removeRepeatedOnto ( INPUT , INPUT , .Ints ) )
#And
  #Not ( {
    0 , removeRepeatedOnto ( INPUT , INPUT , .Ints )
  #Equals
    removeRepeatedOnto ( INPUT , INPUT , .Ints )
  } )
#And
  <py>
    <k>
      .K
    </k>
    <input>
      listValue ( INPUT )
    </input>
    <function>
      closure ( "numbers" , Return ( ListComp ( Name ( "number" ) , CompFor ( Name ( "number" ) , Name ( "numbers" ) , Compare ( Call ( Attribute ( Name ( "numbers" ) , "count" ) , Name ( "number" ) , .Exprs ) , CmpOp ( "==" , Int ( 1 ) ) , .CmpOps ) , .Exprs )  .CompFors ) )  .Stmts )
    </function>
    <env>
      bind ( "numbers" , listValue ( INPUT ) , emptyEnv )
    </env>
    <output>
      listValue ( removeRepeatedOnto ( INPUT , INPUT , .Ints ) )
    </output>
  </py>
[Error] Prover: backend terminated because the configuration cannot be
rewritten further. See output for more details.
EXIT_STATUS: 1
