Script started on 2026-07-23 11:03:16-05:00 [<not executed on terminal>]
$ kprove false mutation with --dry-run (parse/build only)
kore-exec /tmp/audit-work/87-get-row/verification-audit-kompiled/definition.kore --module VERIFICATION --prove /tmp/.kprove-2026-07-23-11-03-16-771-7f6ef694-b336-446b-8382-bb3931e631b9/spec.kore --spec-module SPEC-VACUITY-AUDIT --output /tmp/.kprove-2026-07-23-11-03-16-771-7f6ef694-b336-446b-8382-bb3931e631b9/result.kore
mutation_dry_run_exit=0
$ kprove meaningful false empty-input result mutation
kore-exec: [323449] Warning (WarnStuckClaimState):
    The configuration's term doesn't unify with the destination's term and the configuration cannot be rewritten further. Location: /tmp/audit-work/87-get-row/source/spec-vacuity-audit.k:6:7-13:16
Context:
    (InfoReachability) while checking the implication
<py>
  <k>
    .K
  </k>
  <args>
    pyArgs ( pyList ( vnil ) , pyInt ( 1 ) )
  </args>
  <env>
    .Map
  </env>
  <functions>
    .Map
  </functions>
  <result>
    returned ( pyList ( vnil ) )
  </result>
</py>
[Error] Prover: backend terminated because the configuration cannot be
rewritten further. See output for more details.
mutation_proof_exit=1
warn_stuck_count=1
overall_exit=0

Script done on 2026-07-23 11:03:19-05:00 [COMMAND_EXIT_CODE="0"]
