Script started on 2026-07-23 10:57:46-05:00 [<not executed on terminal>]

CLAIM=example-prompt
$ kprove spec-labeled.k --definition verification-audit-kompiled --spec-module SPEC --claims SPEC.example-prompt
#Top
exit=0
top_line_count=1

CLAIM=example-empty
$ kprove spec-labeled.k --definition verification-audit-kompiled --spec-module SPEC --claims SPEC.example-empty
#Top
exit=0
top_line_count=1

CLAIM=example-third
$ kprove spec-labeled.k --definition verification-audit-kompiled --spec-module SPEC --claims SPEC.example-third
#Top
exit=0
top_line_count=1

CLAIM=symbolic-000
$ kprove spec-labeled.k --definition verification-audit-kompiled --spec-module SPEC --claims SPEC.symbolic-000
#Top
exit=0
top_line_count=1

CLAIM=symbolic-001
$ kprove spec-labeled.k --definition verification-audit-kompiled --spec-module SPEC --claims SPEC.symbolic-001
#Top
exit=0
top_line_count=1

CLAIM=symbolic-010
$ kprove spec-labeled.k --definition verification-audit-kompiled --spec-module SPEC --claims SPEC.symbolic-010
#Top
exit=0
top_line_count=1

CLAIM=symbolic-011
$ kprove spec-labeled.k --definition verification-audit-kompiled --spec-module SPEC --claims SPEC.symbolic-011
#Top
exit=0
top_line_count=1

CLAIM=symbolic-100
$ kprove spec-labeled.k --definition verification-audit-kompiled --spec-module SPEC --claims SPEC.symbolic-100
#Top
exit=0
top_line_count=1

CLAIM=symbolic-101
$ kprove spec-labeled.k --definition verification-audit-kompiled --spec-module SPEC --claims SPEC.symbolic-101
#Top
exit=0
top_line_count=1

CLAIM=symbolic-110
$ kprove spec-labeled.k --definition verification-audit-kompiled --spec-module SPEC --claims SPEC.symbolic-110
#Top
exit=0
top_line_count=1

CLAIM=symbolic-111
$ kprove spec-labeled.k --definition verification-audit-kompiled --spec-module SPEC --claims SPEC.symbolic-111
#Top
exit=0
top_line_count=1

$ kprove original spec.k as submitted, all claims together
#Top
all_claims_exit=0
all_claims_top_line_count=1
overall_exit=0

Script done on 2026-07-23 10:58:32-05:00 [COMMAND_EXIT_CODE="0"]
