Script started on 2026-07-31 02:33:01-05:00 [<not executed on terminal>]
CORE SYMBOL DECLARATIONS
204-  rule truthy(list(V:ValSeq))  => notBool (V ==K .ValSeq)
205-  rule truthy(tuple(V:ValSeq)) => notBool (V ==K .ValSeq)
206-
207-  // ==== extensible operator dispatch (cases added by the construct modules) ==
208-  syntax Val  ::= applyUn(String, Val) [function]
209-  syntax Val  ::= applyBin(String, Val, Val) [function]
210:  syntax Bool ::= applyCmp(String, Val, Val) [function]
211-
212-  // ==== bool-is-a-subtype-of-int: numeric promotion helpers =================
213-  // Python: `bool` derives from `int`; True/False act as 1/0 in arithmetic and
214-  // comparison. boolAsInt is the total 0/1 coercion; the op-class predicates gate
215-  // the generic Bool-operand promotion rules in int.k / bool.k / float.k (they
216-  // re-dispatch to the existing Int / Float cases after coercion, so no numeric

BOOLASINT
/reference/k-proof/reference-semantics/semantics/float.k
180-  rule applyCmp(">=", I:Int, F:Float) => notBool ltIF(I, F)  // I >= F  <=>  not (I < F)
181-  rule applyCmp(">=", F:Float, I:Int) => notBool ltFI(F, I)  // F >= I  <=>  not (F < I)
182-
183-  // ---- bool is a subtype of int: a Bool operand with a Float promotes to 0/1 --
184:  rule applyBin(OP:String, B:Bool, F:Float) => applyBin(OP, boolAsInt(B), F) requires isArithOp(OP)
185:  rule applyBin(OP:String, F:Float, B:Bool) => applyBin(OP, F, boolAsInt(B)) requires isArithOp(OP)
186:  rule applyCmp(OP:String, B:Bool, F:Float) => applyCmp(OP, boolAsInt(B), F) requires isEqOrdOp(OP)
187:  rule applyCmp(OP:String, F:Float, B:Bool) => applyCmp(OP, F, boolAsInt(B)) requires isEqOrdOp(OP)
188-
189-  // ---- x == None (promoted from 137; `is` cases live in operators.k) ----
190-  rule applyCmp("==", V:Val, noneV) => V ==K noneV
191-  rule applyCmp("!=", V:Val, noneV) => notBool (V ==K noneV)

/reference/k-proof/reference-semantics/semantics/core.k
210-  syntax Bool ::= applyCmp(String, Val, Val) [function]
211-
212-  // ==== bool-is-a-subtype-of-int: numeric promotion helpers =================
213-  // Python: `bool` derives from `int`; True/False act as 1/0 in arithmetic and
214:  // comparison. boolAsInt is the total 0/1 coercion; the op-class predicates gate
215-  // the generic Bool-operand promotion rules in int.k / bool.k / float.k (they
216-  // re-dispatch to the existing Int / Float cases after coercion, so no numeric
217-  // logic is duplicated). == and != over Bool x Bool stay in bool.k unchanged.
218:  syntax Int ::= boolAsInt(Bool) [function, total]
219:  rule boolAsInt(true)  => 1
220:  rule boolAsInt(false) => 0
221-
222-  syntax Bool ::= isArithOp(String) [function, total]
223-  rule isArithOp(OP:String)
224-    => OP ==String "+"  orBool OP ==String "-"  orBool OP ==String "*"

/reference/k-proof/reference-semantics/semantics/concrete.k
56-  // the bool->int promotion (True==1, False==0). Unordered pairs (int vs str)
57-  // stay without a leg — stuck, like CPython's TypeError.
58-  rule kLt(I:Int, F:Float)   => ltIF(I, F)
59-  rule kLt(F:Float, I:Int)   => ltFI(F, I)
60:  rule kLt(B:Bool, V:Val)    => kLt(boolAsInt(B), V) requires isInt(V) orBool isFloat(V)
61:  rule kLt(V:Val, B:Bool)    => kLt(V, boolAsInt(B)) requires isInt(V) orBool isFloat(V)
62:  rule kLt(B1:Bool, B2:Bool) => boolAsInt(B1) <Int boolAsInt(B2)
63-
64-  syntax ValSeq ::= unpairVS(ValSeq) [function, total]
65-  rule unpairVS(.ValSeq) => .ValSeq
66-  rule unpairVS(vCons(kvP(_:Val, V:Val), R:ValSeq)) => vCons(V, unpairVS(R))

/reference/k-proof/reference-semantics/semantics/bool.k
13-  // bool is a subtype of int: a Bool compared with an Int promotes to 0/1 and
14-  // re-dispatches to the Int comparison cases (True==1, False==0, True<2, ...).
15-  // The == / != Bool x Bool cases above are kept; only the four ordering ops are
16-  // promoted for Bool x Bool (to avoid duplicating the two rules above).
17:  rule applyCmp(OP:String, B:Bool, I:Int) => applyCmp(OP, boolAsInt(B), I)
18-       requires isEqOrdOp(OP)
19:  rule applyCmp(OP:String, I:Int, B:Bool) => applyCmp(OP, I, boolAsInt(B))
20-       requires isEqOrdOp(OP)
21:  rule applyCmp(OP:String, B1:Bool, B2:Bool) => applyCmp(OP, boolAsInt(B1), boolAsInt(B2))
22-       requires isOrdOp(OP)
23-
24-  // ==== BoolOp: short-circuit, value-returning and / or =====================
25-  // the node is its own accumulator: heat the HEAD element only, then either return it

/reference/k-proof/reference-semantics/semantics/int.k
12-  rule applyBin("+",  B:Bool, I:Int) => #if B #then 1 #else 0 #fi +Int I
13-  // bool is a subtype of int: any Bool operand promotes to 0/1 and re-dispatches
14-  // to the Int cases (the "+" mixed cases above are kept, so "+" is excluded here
15-  // to avoid a duplicate rule — Bool + Bool still promotes via the Bool x Bool rule).
16:  rule applyBin(OP:String, B1:Bool, B2:Bool) => applyBin(OP, boolAsInt(B1), boolAsInt(B2))
17-       requires isArithOp(OP)
18:  rule applyBin(OP:String, B:Bool, I:Int)    => applyBin(OP, boolAsInt(B), I)
19-       requires isArithOp(OP) andBool OP =/=String "+"
20:  rule applyBin(OP:String, I:Int, B:Bool)    => applyBin(OP, I, boolAsInt(B))
21-       requires isArithOp(OP) andBool OP =/=String "+"
22-  rule applyBin("-",  I1:Int, I2:Int) => I1 -Int I2
23-  rule applyBin("*",  I1:Int, I2:Int) => I1 *Int I2
24-  rule applyBin("%",  I1:Int, I2:Int) => pyMod(I1, I2)

/reference/k-proof/reference-semantics/semantics/core.k
210-  syntax Bool ::= applyCmp(String, Val, Val) [function]
211-
212-  // ==== bool-is-a-subtype-of-int: numeric promotion helpers =================
213-  // Python: `bool` derives from `int`; True/False act as 1/0 in arithmetic and
214:  // comparison. boolAsInt is the total 0/1 coercion; the op-class predicates gate
215-  // the generic Bool-operand promotion rules in int.k / bool.k / float.k (they
216-  // re-dispatch to the existing Int / Float cases after coercion, so no numeric
217-  // logic is duplicated). == and != over Bool x Bool stay in bool.k unchanged.
218:  syntax Int ::= boolAsInt(Bool) [function, total]
219:  rule boolAsInt(true)  => 1
220:  rule boolAsInt(false) => 0
221-
222-  syntax Bool ::= isArithOp(String) [function, total]
223-  rule isArithOp(OP:String)
224-    => OP ==String "+"  orBool OP ==String "-"  orBool OP ==String "*"

FLOAT COMPARISON SECTION
   115	  syntax Float ::= mulF(Float, Float) [function, total, symbol(mulF), no-evaluators]
   116	  rule mulF(F1:Float, F2:Float) => F1 *Float F2 [concrete]
   117	  rule applyBin("*", F1:Float, F2:Float) => mulF(F1, F2)
   118	
   119	  syntax Float ::= powF(Float, Float) [function, total, symbol(powF), no-evaluators]
   120	  rule powF(F1:Float, F2:Float) => F1 ^Float F2 [concrete]
   121	  rule applyBin("**", F1:Float, F2:Float) => powF(F1, F2)
   122	
   123	  // ---- the remaining comparisons (gtF promoted from find_zero — its summaries
   124	  //      case-split on the atom; >= / <= derive from the two opaque compares) ----
   125	  syntax Bool ::= gtF(Float, Float) [function, total, symbol(gtF), no-evaluators]
   126	  rule gtF(F1:Float, F2:Float) => F1 >Float F2 [concrete]
   127	  rule applyCmp(">",  F1:Float, F2:Float) => gtF(F1, F2)
   128	  rule applyCmp(">=", F1:Float, F2:Float) => notBool floatLt(F1, F2)
   129	  rule applyCmp("<=", F1:Float, F2:Float) => notBool gtF(F1, F2)
   130	
   131	  // ---- mixed Int/Float operators promote the Int side (n ** 0.5 etc.) ----
   132	  rule applyBin("**", I:Int, F:Float) => powF(intToF(I), F)
   133	  rule applyBin("**", F:Float, I:Int) => powF(F, intToF(I))
   134	  rule applyBin("-",  I:Int, F:Float) => subF(intToF(I), F)
   135	  rule applyBin("-",  F:Float, I:Int) => subF(F, intToF(I))
   136	  rule applyBin("+",  I:Int, F:Float) => addF(intToF(I), F)
   137	  rule applyBin("+",  F:Float, I:Int) => addF(F, intToF(I))
   138	  rule applyBin("*",  I:Int, F:Float) => mulF(intToF(I), F)
   139	  rule applyBin("*",  F:Float, I:Int) => mulF(F, intToF(I))
   140	
   141	  // ---- exact mixed Int/Float comparison ------------------------------------
   142	  // The old rules compared via intToF(I), which ROUNDS ints >= 2^53 to a nearby
   143	  // double (so e.g. 9007199254740993 > 9007199254740992.0 came out false). Compare
   144	  // the REAL values instead: for a finite float F and an integer I,
   145	  //     F <  I   <=>   floor(F) <  I
   146	  //     F >  I   <=>   ceil(F)  >  I
   147	  //     F == I   <=>   F is integral  AND  floor(F) == I
   148	  // floorFloat/ceilFloat are exact and Float2Int yields the EXACT integer of an
   149	  // integral float (no rounding), so this is exact for every finite F. Non-finite
   150	  // F keeps the old intToF path (rounding is irrelevant to +/-inf and NaN, and
   151	  // inf/NaN have no integer floor). Opaque for kprove, [concrete] for krun.
   152	  syntax Bool ::= eqF(Float, Float) [function, total, symbol(eqF), no-evaluators]
   153	  rule eqF(F1:Float, F2:Float) => F1 ==Float F2 [concrete]
   154	
   155	  syntax Bool ::= floatFinite(Float) [function, total, symbol(floatFinite), no-evaluators]
   156	  rule floatFinite(F:Float) => notBool isNaN(F) andBool notBool isInfinite(F) [concrete]
   157	
   158	  syntax Bool ::= ltFI(Float, Int) [function, total, symbol(ltFI), no-evaluators]   // F <  I
   159	                | ltIF(Int, Float) [function, total, symbol(ltIF), no-evaluators]   // I <  F
   160	                | eqIF(Int, Float) [function, total, symbol(eqIF), no-evaluators]   // I == F
   161	  rule ltFI(F:Float, I:Int) => Float2Int(floorFloat(F)) <Int I  requires floatFinite(F)          [concrete]
   162	  rule ltFI(F:Float, I:Int) => floatLt(F, intToF(I))            requires notBool floatFinite(F)   [concrete]
   163	  rule ltIF(I:Int, F:Float) => Float2Int(ceilFloat(F))  >Int I  requires floatFinite(F)          [concrete]
   164	  rule ltIF(I:Int, F:Float) => floatLt(intToF(I), F)            requires notBool floatFinite(F)   [concrete]
   165	  rule eqIF(I:Int, F:Float)
   166	    => (floorFloat(F) ==Float ceilFloat(F)) andBool (Float2Int(floorFloat(F)) ==Int I)
   167	       requires floatFinite(F) [concrete]
   168	  rule eqIF(I:Int, F:Float) => eqF(intToF(I), F) requires notBool floatFinite(F) [concrete]
   169	
   170	  rule applyCmp("==", I:Int, F:Float) => eqIF(I, F)
   171	  rule applyCmp("==", F:Float, I:Int) => eqIF(I, F)
   172	  rule applyCmp("!=", I:Int, F:Float) => notBool eqIF(I, F)
   173	  rule applyCmp("!=", F:Float, I:Int) => notBool eqIF(I, F)
   174	  rule applyCmp("<",  I:Int, F:Float) => ltIF(I, F)
   175	  rule applyCmp("<",  F:Float, I:Int) => ltFI(F, I)
   176	  rule applyCmp(">",  I:Int, F:Float) => ltFI(F, I)          // I >  F  <=>  F <  I
   177	  rule applyCmp(">",  F:Float, I:Int) => ltIF(I, F)          // F >  I  <=>  I <  F
   178	  rule applyCmp("<=", I:Int, F:Float) => notBool ltFI(F, I)  // I <= F  <=>  not (F < I)
   179	  rule applyCmp("<=", F:Float, I:Int) => notBool ltIF(I, F)  // F <= I  <=>  not (I < F)
   180	  rule applyCmp(">=", I:Int, F:Float) => notBool ltIF(I, F)  // I >= F  <=>  not (I < F)
   181	  rule applyCmp(">=", F:Float, I:Int) => notBool ltFI(F, I)  // F >= I  <=>  not (F < I)
   182	
   183	  // ---- bool is a subtype of int: a Bool operand with a Float promotes to 0/1 --
   184	  rule applyBin(OP:String, B:Bool, F:Float) => applyBin(OP, boolAsInt(B), F) requires isArithOp(OP)
   185	  rule applyBin(OP:String, F:Float, B:Bool) => applyBin(OP, F, boolAsInt(B)) requires isArithOp(OP)
   186	  rule applyCmp(OP:String, B:Bool, F:Float) => applyCmp(OP, boolAsInt(B), F) requires isEqOrdOp(OP)
   187	  rule applyCmp(OP:String, F:Float, B:Bool) => applyCmp(OP, F, boolAsInt(B)) requires isEqOrdOp(OP)
   188	
   189	  // ---- x == None (promoted from 137; `is` cases live in operators.k) ----
   190	  rule applyCmp("==", V:Val, noneV) => V ==K noneV
   191	  rule applyCmp("!=", V:Val, noneV) => notBool (V ==K noneV)
   192	
   193	  // ---- float(str): decimal parse (promoted from 137's defined chain) ----
   194	  // digits '.' digits, optional leading '-'; concrete evaluation only (the
   195	  // symbolic side stays an opaque decStrToF term a proof case-splits on).
   196	  syntax Float ::= decStrToF(IntSeq) [function, total, symbol(decStrToF), no-evaluators]
   197	  rule decStrToF(iCons(45, CS:IntSeq)) => 0.0 -Float decStrToF(CS) [concrete]
   198	  rule decStrToF(CS:IntSeq)
   199	    => intToF(intPart(CS)) +Float (intToF(fracPart(CS)) /Float intToF(fracScale(CS)))
   200	       requires isLen(CS) >Int 0 andBool headIS(CS) =/=Int 45 [concrete]
   201	  syntax Int ::= headIS(IntSeq) [function]
   202	  rule headIS(iCons(C:Int, _:IntSeq)) => C
   203	  syntax Int ::= intPart(IntSeq) [function, total] | intPartAcc(IntSeq, Int) [function, total]
   204	  rule intPart(CS:IntSeq) => intPartAcc(CS, 0)
   205	  rule intPartAcc(.IntSeq, A:Int) => A

CONNECTION SPEC
     1	requires "verification.k"
     2	
     3	module CONNECTION-SPEC
     4	  imports VERIFICATION-BASE
     5	
     6	  claim [ge-int-int]:
     7	    <k> applyCmp(">=", I:Int, J:Int) => orderGe(I, J) </k>
     8	
     9	  claim [ge-bool-bool]:
    10	    <k> applyCmp(">=", B:Bool, C:Bool) => orderGe(B, C) </k>
    11	
    12	  claim [ge-bool-int]:
    13	    <k> applyCmp(">=", B:Bool, I:Int) => orderGe(B, I) </k>
    14	
    15	  claim [ge-int-bool]:
    16	    <k> applyCmp(">=", I:Int, B:Bool) => orderGe(I, B) </k>
    17	
    18	  claim [ge-float-float]:
    19	    <k> applyCmp(">=", F:Float, G:Float) => orderGe(F, G) </k>
    20	
    21	  claim [ge-int-float]:
    22	    <k> applyCmp(">=", I:Int, F:Float) => orderGe(I, F) </k>
    23	
    24	  claim [ge-float-int]:
    25	    <k> applyCmp(">=", F:Float, I:Int) => orderGe(F, I) </k>
    26	
    27	  claim [ge-bool-float]:
    28	    <k> applyCmp(">=", B:Bool, F:Float) => orderGe(B, F) </k>
    29	
    30	  claim [ge-float-bool]:
    31	    <k> applyCmp(">=", F:Float, B:Bool) => orderGe(F, B) </k>
    32	
    33	  claim [ge-str-str]:
    34	    <k>
    35	      applyCmp(">=", str(A:IntSeq), str(B:IntSeq))
    36	      => orderGe(str(A), str(B))
    37	    </k>
    38	endmodule

CONNECTION NEGATIVE SPEC
     1	requires "verification.k"
     2	
     3	module CONNECTION-NEGATIVE-SPEC
     4	  imports VERIFICATION-BASE
     5	
     6	  // Deliberately false opposite interpretation: 2 >= 1 is true.
     7	  claim [wrong-ge]:
     8	    <k> applyCmp(">=", 2, 1) => false </k>
     9	endmodule

Script done on 2026-07-31 02:33:01-05:00 [COMMAND_EXIT_CODE="0"]
