$ tool versions
$ kompile --version
K version:    v7.1.293
Build date:   Fri Oct 03 13:32:35 CDT 2025
exit=0
$ krun --version
K version:    v7.1.293
Build date:   Fri Oct 03 13:32:35 CDT 2025
exit=0
$ kprove --version
K version:    v7.1.293
Build date:   Fri Oct 03 13:32:35 CDT 2025
exit=0
$ fresh LLVM build from semantic.k
$ kompile --backend llvm /tmp/audit-work/candidate-src/semantic.k --main-module SEMANTIC --syntax-module MPY-SYNTAX --output-definition /tmp/audit-work/semantic-kompiled-fresh
exit=0
$ fresh Haskell proof build from verification.k
$ kompile --backend haskell /tmp/audit-work/candidate-src/verification.k --main-module VERIFICATION --syntax-module VERIFICATION --output-definition /tmp/audit-work/verification-kompiled-fresh
exit=0
$ structural pin: submitted solution.mpy versus StrongestProgram macro
$ kast /tmp/audit-work/candidate-src/solution.mpy --definition /tmp/audit-work/verification-kompiled-fresh --sort Program --output kore > /tmp/audit-work/submitted.kore
exit=0
$ kast /tmp/audit-work/candidate-src/verification-input.mpy --definition /tmp/audit-work/verification-kompiled-fresh --sort Program --output kore > /tmp/audit-work/macro.kore
exit=0
$ cmp -s /tmp/audit-work/submitted.kore /tmp/audit-work/macro.kore
exit=0
$ sha256sum /tmp/audit-work/submitted.kore /tmp/audit-work/macro.kore
dc36b7af44a15073a25d03ecb3a267255173fbbcfbc362ec3f11fa8ac06b734c  /tmp/audit-work/submitted.kore
dc36b7af44a15073a25d03ecb3a267255173fbbcfbc362ec3f11fa8ac06b734c  /tmp/audit-work/macro.kore
exit=0
$ concrete generated-semantics executions: normal and boundaries
$ krun solution.mpy case=prompt CLASS="Slices" EXTENSIONS=strVal("SErviNGSliCes");strVal("Cheese");strVal("StuFfed")
<py>
  <k>
    .K
  </k>
  <env>
    "character" |-> strVal ( "d" )
    "class_name" |-> strVal ( "Slices" )
    "extension" |-> strVal ( "StuFfed" )
    "extension_strength" |-> intVal ( -3 )
    "extensions" |-> listVal ( strVal ( "SErviNGSliCes" ) ; strVal ( "Cheese" ) ; strVal ( "StuFfed" ) ; .Values )
    "strongest" |-> strVal ( "SErviNGSliCes" )
    "strongest_strength" |-> intVal ( -1 )
  </env>
  <functions>
    "Strongest_Extension" |-> function ( Params ( "class_name" , "extensions" ) , Assign ( Name ( "strongest" ) , Subscript ( Name ( "extensions" ) , Int ( 0 ) ) )  Assign ( Name ( "strongest_strength" ) , Int ( 0 ) )  For ( Name ( "character" ) , Name ( "strongest" ) , If ( Call ( Attribute ( Name ( "character" ) , "isupper" ) , .Exprs ) , AugAssign ( Name ( "strongest_strength" ) , "+" , Int ( 1 ) )  .Stmts , .Stmts )  If ( Call ( Attribute ( Name ( "character" ) , "islower" ) , .Exprs ) , AugAssign ( Name ( "strongest_strength" ) , "-" , Int ( 1 ) )  .Stmts , .Stmts )  .Stmts )  For ( Name ( "extension" ) , Subscript ( Name ( "extensions" ) , Slice ( Int ( 1 ) , NoBound , NoBound ) ) , Assign ( Name ( "extension_strength" ) , Int ( 0 ) )  For ( Name ( "character" ) , Name ( "extension" ) , If ( Call ( Attribute ( Name ( "character" ) , "isupper" ) , .Exprs ) , AugAssign ( Name ( "extension_strength" ) , "+" , Int ( 1 ) )  .Stmts , .Stmts )  If ( Call ( Attribute ( Name ( "character" ) , "islower" ) , .Exprs ) , AugAssign ( Name ( "extension_strength" ) , "-" , Int ( 1 ) )  .Stmts , .Stmts )  .Stmts )  If ( Compare ( Name ( "extension_strength" ) , CmpOp ( ">" , Name ( "strongest_strength" ) ) , .CmpOps ) , Assign ( Name ( "strongest" ) , Name ( "extension" ) )  Assign ( Name ( "strongest_strength" ) , Name ( "extension_strength" ) )  .Stmts , .Stmts )  .Stmts )  Return ( BinOp ( "+" , BinOp ( "+" , Name ( "class_name" ) , Str ( "." ) ) , Name ( "strongest" ) ) )  .Stmts )
  </functions>
  <inputClass>
    "Slices"
  </inputClass>
  <inputExtensions>
    strVal ( "SErviNGSliCes" ) ; strVal ( "Cheese" ) ; strVal ( "StuFfed" ) ; .Values
  </inputExtensions>
  <result>
    returned ( strVal ( "Slices.SErviNGSliCes" ) )
  </result>
</py>
case=prompt exit=0
$ krun solution.mpy case=tie CLASS="my_class" EXTENSIONS=strVal("AA");strVal("Be");strVal("CC")
<py>
  <k>
    .K
  </k>
  <env>
    "character" |-> strVal ( "C" )
    "class_name" |-> strVal ( "my_class" )
    "extension" |-> strVal ( "CC" )
    "extension_strength" |-> intVal ( 2 )
    "extensions" |-> listVal ( strVal ( "AA" ) ; strVal ( "Be" ) ; strVal ( "CC" ) ; .Values )
    "strongest" |-> strVal ( "AA" )
    "strongest_strength" |-> intVal ( 2 )
  </env>
  <functions>
    "Strongest_Extension" |-> function ( Params ( "class_name" , "extensions" ) , Assign ( Name ( "strongest" ) , Subscript ( Name ( "extensions" ) , Int ( 0 ) ) )  Assign ( Name ( "strongest_strength" ) , Int ( 0 ) )  For ( Name ( "character" ) , Name ( "strongest" ) , If ( Call ( Attribute ( Name ( "character" ) , "isupper" ) , .Exprs ) , AugAssign ( Name ( "strongest_strength" ) , "+" , Int ( 1 ) )  .Stmts , .Stmts )  If ( Call ( Attribute ( Name ( "character" ) , "islower" ) , .Exprs ) , AugAssign ( Name ( "strongest_strength" ) , "-" , Int ( 1 ) )  .Stmts , .Stmts )  .Stmts )  For ( Name ( "extension" ) , Subscript ( Name ( "extensions" ) , Slice ( Int ( 1 ) , NoBound , NoBound ) ) , Assign ( Name ( "extension_strength" ) , Int ( 0 ) )  For ( Name ( "character" ) , Name ( "extension" ) , If ( Call ( Attribute ( Name ( "character" ) , "isupper" ) , .Exprs ) , AugAssign ( Name ( "extension_strength" ) , "+" , Int ( 1 ) )  .Stmts , .Stmts )  If ( Call ( Attribute ( Name ( "character" ) , "islower" ) , .Exprs ) , AugAssign ( Name ( "extension_strength" ) , "-" , Int ( 1 ) )  .Stmts , .Stmts )  .Stmts )  If ( Compare ( Name ( "extension_strength" ) , CmpOp ( ">" , Name ( "strongest_strength" ) ) , .CmpOps ) , Assign ( Name ( "strongest" ) , Name ( "extension" ) )  Assign ( Name ( "strongest_strength" ) , Name ( "extension_strength" ) )  .Stmts , .Stmts )  .Stmts )  Return ( BinOp ( "+" , BinOp ( "+" , Name ( "class_name" ) , Str ( "." ) ) , Name ( "strongest" ) ) )  .Stmts )
  </functions>
  <inputClass>
    "my_class"
  </inputClass>
  <inputExtensions>
    strVal ( "AA" ) ; strVal ( "Be" ) ; strVal ( "CC" ) ; .Values
  </inputExtensions>
  <result>
    returned ( strVal ( "my_class.AA" ) )
  </result>
</py>
case=tie exit=0
$ krun solution.mpy case=singleton-empty CLASS="" EXTENSIONS=strVal("")
<py>
  <k>
    .K
  </k>
  <env>
    "class_name" |-> strVal ( "" )
    "extensions" |-> listVal ( strVal ( "" ) ; .Values )
    "strongest" |-> strVal ( "" )
    "strongest_strength" |-> intVal ( 0 )
  </env>
  <functions>
    "Strongest_Extension" |-> function ( Params ( "class_name" , "extensions" ) , Assign ( Name ( "strongest" ) , Subscript ( Name ( "extensions" ) , Int ( 0 ) ) )  Assign ( Name ( "strongest_strength" ) , Int ( 0 ) )  For ( Name ( "character" ) , Name ( "strongest" ) , If ( Call ( Attribute ( Name ( "character" ) , "isupper" ) , .Exprs ) , AugAssign ( Name ( "strongest_strength" ) , "+" , Int ( 1 ) )  .Stmts , .Stmts )  If ( Call ( Attribute ( Name ( "character" ) , "islower" ) , .Exprs ) , AugAssign ( Name ( "strongest_strength" ) , "-" , Int ( 1 ) )  .Stmts , .Stmts )  .Stmts )  For ( Name ( "extension" ) , Subscript ( Name ( "extensions" ) , Slice ( Int ( 1 ) , NoBound , NoBound ) ) , Assign ( Name ( "extension_strength" ) , Int ( 0 ) )  For ( Name ( "character" ) , Name ( "extension" ) , If ( Call ( Attribute ( Name ( "character" ) , "isupper" ) , .Exprs ) , AugAssign ( Name ( "extension_strength" ) , "+" , Int ( 1 ) )  .Stmts , .Stmts )  If ( Call ( Attribute ( Name ( "character" ) , "islower" ) , .Exprs ) , AugAssign ( Name ( "extension_strength" ) , "-" , Int ( 1 ) )  .Stmts , .Stmts )  .Stmts )  If ( Compare ( Name ( "extension_strength" ) , CmpOp ( ">" , Name ( "strongest_strength" ) ) , .CmpOps ) , Assign ( Name ( "strongest" ) , Name ( "extension" ) )  Assign ( Name ( "strongest_strength" ) , Name ( "extension_strength" ) )  .Stmts , .Stmts )  .Stmts )  Return ( BinOp ( "+" , BinOp ( "+" , Name ( "class_name" ) , Str ( "." ) ) , Name ( "strongest" ) ) )  .Stmts )
  </functions>
  <inputClass>
    ""
  </inputClass>
  <inputExtensions>
    strVal ( "" ) ; .Values
  </inputExtensions>
  <result>
    returned ( strVal ( "." ) )
  </result>
</py>
case=singleton-empty exit=0
$ krun solution.mpy case=punctuation CLASS="C" EXTENSIONS=strVal("a-1");strVal("--");strVal("A!")
<py>
  <k>
    .K
  </k>
  <env>
    "character" |-> strVal ( "!" )
    "class_name" |-> strVal ( "C" )
    "extension" |-> strVal ( "A!" )
    "extension_strength" |-> intVal ( 1 )
    "extensions" |-> listVal ( strVal ( "a-1" ) ; strVal ( "--" ) ; strVal ( "A!" ) ; .Values )
    "strongest" |-> strVal ( "A!" )
    "strongest_strength" |-> intVal ( 1 )
  </env>
  <functions>
    "Strongest_Extension" |-> function ( Params ( "class_name" , "extensions" ) , Assign ( Name ( "strongest" ) , Subscript ( Name ( "extensions" ) , Int ( 0 ) ) )  Assign ( Name ( "strongest_strength" ) , Int ( 0 ) )  For ( Name ( "character" ) , Name ( "strongest" ) , If ( Call ( Attribute ( Name ( "character" ) , "isupper" ) , .Exprs ) , AugAssign ( Name ( "strongest_strength" ) , "+" , Int ( 1 ) )  .Stmts , .Stmts )  If ( Call ( Attribute ( Name ( "character" ) , "islower" ) , .Exprs ) , AugAssign ( Name ( "strongest_strength" ) , "-" , Int ( 1 ) )  .Stmts , .Stmts )  .Stmts )  For ( Name ( "extension" ) , Subscript ( Name ( "extensions" ) , Slice ( Int ( 1 ) , NoBound , NoBound ) ) , Assign ( Name ( "extension_strength" ) , Int ( 0 ) )  For ( Name ( "character" ) , Name ( "extension" ) , If ( Call ( Attribute ( Name ( "character" ) , "isupper" ) , .Exprs ) , AugAssign ( Name ( "extension_strength" ) , "+" , Int ( 1 ) )  .Stmts , .Stmts )  If ( Call ( Attribute ( Name ( "character" ) , "islower" ) , .Exprs ) , AugAssign ( Name ( "extension_strength" ) , "-" , Int ( 1 ) )  .Stmts , .Stmts )  .Stmts )  If ( Compare ( Name ( "extension_strength" ) , CmpOp ( ">" , Name ( "strongest_strength" ) ) , .CmpOps ) , Assign ( Name ( "strongest" ) , Name ( "extension" ) )  Assign ( Name ( "strongest_strength" ) , Name ( "extension_strength" ) )  .Stmts , .Stmts )  .Stmts )  Return ( BinOp ( "+" , BinOp ( "+" , Name ( "class_name" ) , Str ( "." ) ) , Name ( "strongest" ) ) )  .Stmts )
  </functions>
  <inputClass>
    "C"
  </inputClass>
  <inputExtensions>
    strVal ( "a-1" ) ; strVal ( "--" ) ; strVal ( "A!" ) ; .Values
  </inputExtensions>
  <result>
    returned ( strVal ( "C.A!" ) )
  </result>
</py>
case=punctuation exit=0
$ krun solution.mpy case=all-negative CLASS="C" EXTENSIONS=strVal("abcd");strVal("a");strVal("xy")
<py>
  <k>
    .K
  </k>
  <env>
    "character" |-> strVal ( "y" )
    "class_name" |-> strVal ( "C" )
    "extension" |-> strVal ( "xy" )
    "extension_strength" |-> intVal ( -2 )
    "extensions" |-> listVal ( strVal ( "abcd" ) ; strVal ( "a" ) ; strVal ( "xy" ) ; .Values )
    "strongest" |-> strVal ( "a" )
    "strongest_strength" |-> intVal ( -1 )
  </env>
  <functions>
    "Strongest_Extension" |-> function ( Params ( "class_name" , "extensions" ) , Assign ( Name ( "strongest" ) , Subscript ( Name ( "extensions" ) , Int ( 0 ) ) )  Assign ( Name ( "strongest_strength" ) , Int ( 0 ) )  For ( Name ( "character" ) , Name ( "strongest" ) , If ( Call ( Attribute ( Name ( "character" ) , "isupper" ) , .Exprs ) , AugAssign ( Name ( "strongest_strength" ) , "+" , Int ( 1 ) )  .Stmts , .Stmts )  If ( Call ( Attribute ( Name ( "character" ) , "islower" ) , .Exprs ) , AugAssign ( Name ( "strongest_strength" ) , "-" , Int ( 1 ) )  .Stmts , .Stmts )  .Stmts )  For ( Name ( "extension" ) , Subscript ( Name ( "extensions" ) , Slice ( Int ( 1 ) , NoBound , NoBound ) ) , Assign ( Name ( "extension_strength" ) , Int ( 0 ) )  For ( Name ( "character" ) , Name ( "extension" ) , If ( Call ( Attribute ( Name ( "character" ) , "isupper" ) , .Exprs ) , AugAssign ( Name ( "extension_strength" ) , "+" , Int ( 1 ) )  .Stmts , .Stmts )  If ( Call ( Attribute ( Name ( "character" ) , "islower" ) , .Exprs ) , AugAssign ( Name ( "extension_strength" ) , "-" , Int ( 1 ) )  .Stmts , .Stmts )  .Stmts )  If ( Compare ( Name ( "extension_strength" ) , CmpOp ( ">" , Name ( "strongest_strength" ) ) , .CmpOps ) , Assign ( Name ( "strongest" ) , Name ( "extension" ) )  Assign ( Name ( "strongest_strength" ) , Name ( "extension_strength" ) )  .Stmts , .Stmts )  .Stmts )  Return ( BinOp ( "+" , BinOp ( "+" , Name ( "class_name" ) , Str ( "." ) ) , Name ( "strongest" ) ) )  .Stmts )
  </functions>
  <inputClass>
    "C"
  </inputClass>
  <inputExtensions>
    strVal ( "abcd" ) ; strVal ( "a" ) ; strVal ( "xy" ) ; .Values
  </inputExtensions>
  <result>
    returned ( strVal ( "C.a" ) )
  </result>
</py>
case=all-negative exit=0
$ krun solution.mpy case=unicode CLASS="C" EXTENSIONS=strVal("é");strVal("É")
<py>
  <k>
    .K
  </k>
  <env>
    "character" |-> strVal ( "\xc9" )
    "class_name" |-> strVal ( "C" )
    "extension" |-> strVal ( "\xc9" )
    "extension_strength" |-> intVal ( 0 )
    "extensions" |-> listVal ( strVal ( "\xe9" ) ; strVal ( "\xc9" ) ; .Values )
    "strongest" |-> strVal ( "\xe9" )
    "strongest_strength" |-> intVal ( 0 )
  </env>
  <functions>
    "Strongest_Extension" |-> function ( Params ( "class_name" , "extensions" ) , Assign ( Name ( "strongest" ) , Subscript ( Name ( "extensions" ) , Int ( 0 ) ) )  Assign ( Name ( "strongest_strength" ) , Int ( 0 ) )  For ( Name ( "character" ) , Name ( "strongest" ) , If ( Call ( Attribute ( Name ( "character" ) , "isupper" ) , .Exprs ) , AugAssign ( Name ( "strongest_strength" ) , "+" , Int ( 1 ) )  .Stmts , .Stmts )  If ( Call ( Attribute ( Name ( "character" ) , "islower" ) , .Exprs ) , AugAssign ( Name ( "strongest_strength" ) , "-" , Int ( 1 ) )  .Stmts , .Stmts )  .Stmts )  For ( Name ( "extension" ) , Subscript ( Name ( "extensions" ) , Slice ( Int ( 1 ) , NoBound , NoBound ) ) , Assign ( Name ( "extension_strength" ) , Int ( 0 ) )  For ( Name ( "character" ) , Name ( "extension" ) , If ( Call ( Attribute ( Name ( "character" ) , "isupper" ) , .Exprs ) , AugAssign ( Name ( "extension_strength" ) , "+" , Int ( 1 ) )  .Stmts , .Stmts )  If ( Call ( Attribute ( Name ( "character" ) , "islower" ) , .Exprs ) , AugAssign ( Name ( "extension_strength" ) , "-" , Int ( 1 ) )  .Stmts , .Stmts )  .Stmts )  If ( Compare ( Name ( "extension_strength" ) , CmpOp ( ">" , Name ( "strongest_strength" ) ) , .CmpOps ) , Assign ( Name ( "strongest" ) , Name ( "extension" ) )  Assign ( Name ( "strongest_strength" ) , Name ( "extension_strength" ) )  .Stmts , .Stmts )  .Stmts )  Return ( BinOp ( "+" , BinOp ( "+" , Name ( "class_name" ) , Str ( "." ) ) , Name ( "strongest" ) ) )  .Stmts )
  </functions>
  <inputClass>
    "C"
  </inputClass>
  <inputExtensions>
    strVal ( "\xe9" ) ; strVal ( "\xc9" ) ; .Values
  </inputExtensions>
  <result>
    returned ( strVal ( "C.\xe9" ) )
  </result>
</py>
case=unicode exit=0
$ independent CPython outcomes for the same concrete cases
{"case": "prompt", "class": "Slices", "extensions": ["SErviNGSliCes", "Cheese", "StuFfed"], "canonical": "Slices.SErviNGSliCes", "candidate": "Slices.SErviNGSliCes"}
{"case": "tie", "class": "my_class", "extensions": ["AA", "Be", "CC"], "canonical": "my_class.AA", "candidate": "my_class.AA"}
{"case": "singleton-empty", "class": "", "extensions": [""], "canonical": ".", "candidate": "."}
{"case": "punctuation", "class": "C", "extensions": ["a-1", "--", "A!"], "canonical": "C.A!", "candidate": "C.A!"}
{"case": "all-negative", "class": "C", "extensions": ["abcd", "a", "xy"], "canonical": "C.a", "candidate": "C.a"}
{"case": "unicode", "class": "C", "extensions": ["é", "É"], "canonical": "C.É", "candidate": "C.É"}
python_cases_exit=0
$ exact aggregate proof of the submitted spec.k
#Top
aggregate_proof_exit=0
$ every positive claim proved independently from label-only copy
$ kprove spec-labeled.k --claims SPEC-LABELED.case01
#Top
claim=case01 exit=0
$ kprove spec-labeled.k --claims SPEC-LABELED.case02
#Top
claim=case02 exit=0
$ kprove spec-labeled.k --claims SPEC-LABELED.case03
#Top
claim=case03 exit=0
$ kprove spec-labeled.k --claims SPEC-LABELED.case04
#Top
claim=case04 exit=0
$ kprove spec-labeled.k --claims SPEC-LABELED.case05
#Top
claim=case05 exit=0
$ kprove spec-labeled.k --claims SPEC-LABELED.case06
#Top
claim=case06 exit=0
$ kprove spec-labeled.k --claims SPEC-LABELED.case07
#Top
claim=case07 exit=0
stage3_exit=0
wrapper_exit=0
