$ env PYTHONPATH=/reference python3 /audit-output/evidence/structural_audit.py
{
  "all_checks_pass": true,
  "check_count": 61,
  "checks": [
    {
      "expected": "e64a342aa6d2516f578560fb56c799b22c42aac80e7efe2c10f92b1837be80aa",
      "name": "signed resolution digest",
      "observed": "e64a342aa6d2516f578560fb56c799b22c42aac80e7efe2c10f92b1837be80aa",
      "ok": true
    },
    {
      "expected": "CLASSIFICATION_ONLY",
      "name": "AUDIT_MODE",
      "observed": "CLASSIFICATION_ONLY",
      "ok": true
    },
    {
      "expected": "138-is-equal-to-sum-even",
      "name": "AUDIT_PROBLEM_ID",
      "observed": "138-is-equal-to-sum-even",
      "ok": true
    },
    {
      "expected": "semantics",
      "name": "AUDIT_CONDITION",
      "observed": "semantics",
      "ok": true
    },
    {
      "expected": "SUPPLIED_SEMANTICS",
      "name": "AUDIT_SEMANTICS_MODE",
      "observed": "SUPPLIED_SEMANTICS",
      "ok": true
    },
    {
      "expected": "49f59135d1f71d82f06bdc57acc8756409eb461251261f35fd94e471b6a1d1b7",
      "name": "Stage 1 selected-tree hash",
      "observed": "49f59135d1f71d82f06bdc57acc8756409eb461251261f35fd94e471b6a1d1b7",
      "ok": true
    },
    {
      "expected": "ce91d885a8cdc57858ef12488aceeab702dde47483b00b1202b5692e07cc5165",
      "name": "Stage 1 export hash",
      "observed": "ce91d885a8cdc57858ef12488aceeab702dde47483b00b1202b5692e07cc5165",
      "ok": true
    },
    {
      "expected": "60160fc8e021ed1d702e95d114d8964cb02334e189bcea0da2aef842a4dcb049",
      "name": "Stage 2 selected-tree hash",
      "observed": "60160fc8e021ed1d702e95d114d8964cb02334e189bcea0da2aef842a4dcb049",
      "ok": true
    },
    {
      "expected": "e2f687402b1c4f4f6a84fbaf4b31dce6c1532e79ca4ef61af772a139db0ee823",
      "name": "Stage 3 discovery file hash",
      "observed": "e2f687402b1c4f4f6a84fbaf4b31dce6c1532e79ca4ef61af772a139db0ee823",
      "ok": true
    },
    {
      "expected": "81b758a3e0c97bc22bab47c01919bef04535359bcda60deaa1eae824cd558d77",
      "name": "Stage 4 selected-tree hash",
      "observed": "81b758a3e0c97bc22bab47c01919bef04535359bcda60deaa1eae824cd558d77",
      "ok": true
    },
    {
      "expected": "bab2bb1c8d01af32a3567dddbe9e5803a97e70b8b09d5c319a090258089dc719",
      "name": "Stage 4 generated-project hash",
      "observed": "bab2bb1c8d01af32a3567dddbe9e5803a97e70b8b09d5c319a090258089dc719",
      "ok": true
    },
    {
      "expected": "55e6319f2271365637d561f055caa2f6187aa98b0216ec39cc79e0cce33b867c",
      "name": "generation producer-source tree hash",
      "observed": "55e6319f2271365637d561f055caa2f6187aa98b0216ec39cc79e0cce33b867c",
      "ok": true
    },
    {
      "expected": {
        "__pycache__/concrete-tests.cpython-310.pyc": "4b0a36d95bc7aa2fc3cbdadd1a8e133a6b71764a891531f418c8b0f880dddc38",
        "__pycache__/solution.cpython-310.pyc": "0525d6a376fd15dde32aff524480db470dc248f87c28aa4722e2695e8e10536c",
        "concrete-tests.mpy": "4b93c3bfeeed72ea449516881157548c8329667f31ca53e2f86423d841fc0597",
        "concrete-tests.py": "dc187f2c9259273c041fa2f239f68afabb2b7149b9ae3e7cf6ea1050eb1285a6",
        "prompt.py": "e49218abe89b2b138512731659d96115b045637b8cebe43d2407656209332e58",
        "prove.sh": "f1f1451355245f88eb0575024b6082f0628d4a97e4c0dce34f9c5802b9743d33",
        "py2mpy.py": "406485eac118431c08ef59f30f79dfa6aa9d5825408917fc5ce7c806e664db16",
        "reference-semantics/semantics.k": "57e8f9f3178639bbb87f95e5cc596bbaa91a6463f965b1965911eff9a0269f97",
        "reference-semantics/semantics/assert.k": "4258987a261d24b02ab3abfa52b3b2e013ea6323f9d5eb9a59c8f42cbcba030b",
        "reference-semantics/semantics/bool.k": "8d6cfa9cd1ed776e51d776e4d358c418960c57715a6f9654ef9af41aea29f4fd",
        "reference-semantics/semantics/builtins.k": "fa43a855b8a4548f305f3dd210c8f6c6e7aa15b8d1cb0b8296977f061310c2dd",
        "reference-semantics/semantics/call.k": "7e4d6c7cabe7bb4ccff52f21c5d5f30920ccb48d42864146ce53146509f736e4",
        "reference-semantics/semantics/comprehension.k": "cf7c38aad5cff698ebb05ecbadf00cbf210ddb2f54ae86f22b328311c027c6a7",
        "reference-semantics/semantics/concrete.k": "1ffea42a32610e9116506d709e9163413aeb5f6deb7824ea554aca8341f2d305",
        "reference-semantics/semantics/controls.k": "325c73757d5a7ccf541b93240accd590a2cee90d84470efa3a4a0a14165aafae",
        "reference-semantics/semantics/core.k": "e0fdc11dc2b9cd0acb18fe7c832c1ea1ac0c9e79cadf40c63f34276aca513d7e",
        "reference-semantics/semantics/dict.k": "779b06e18162464c8422bbd6ac35fa0b9e34ef82807d5c707c6f4552d63c0580",
        "reference-semantics/semantics/float.k": "5dfeee8700c90c3aa6dc515b15b74283882845fb6cdcc3627d97ef650124b70f",
        "reference-semantics/semantics/functions.k": "e4c8f67741117b29703c3c61d48a5b0f92cf7bd531e78e25c03e794a910ac193",
        "reference-semantics/semantics/int.k": "dc2da7d81578370651ecb6905b69cb44443cdd8db3869441242b81420382abe5",
        "reference-semantics/semantics/iter.k": "5085db2fed67b7bbd39f6289ec275905aaee742690895d7b3f843f73bd62f77f",
        "reference-semantics/semantics/list.k": "870c72341c25e2c16283726191a71bf5b571ed2995c8ae12e3e2923cdce5a9aa",
        "reference-semantics/semantics/methods.k": "ff9acc6dab2d1cc99ec4f2d234f27ae4526d752aae62bcfd7f9fd2a0399f7743",
        "reference-semantics/semantics/operators.k": "f3d1fd85734f5e1757307e606cbfb8d6d4bf0893ee85ce20ec99606ade910e8b",
        "reference-semantics/semantics/range.k": "810e4c04b757445c03592aef25c97d6b2cc7c6fffa646288bc6cd15a3cae643d",
        "reference-semantics/semantics/set.k": "b822c3c6944f9940a4477fa6b7a42490c407663f2a314394e9c146e8951f1ac7",
        "reference-semantics/semantics/sort.k": "df79670e4794a92e96ffc824857fbc34d3a65b6b6a3026d1dcf322128fbaba5a",
        "reference-semantics/semantics/str.k": "1bf0abf61d7c5df6301433a89c79d2ef4259d47a68d98385ff74618c4c310e0f",
        "reference-semantics/semantics/subscript.k": "dba04c0acf213bef4f9f7b11243ca00a2b3ca5fa8666c544ede7d382d27d36a7",
        "reference-semantics/semantics/syntax.k": "1e9e629e5e6e14bdd7f4d530375e8655a89366b5ecd0c24a3c57ad3b5708f2a6",
        "reference-semantics/semantics/tuple.k": "41395a1ec6a58129c78facb15b44206907c54d79e86ea363ae68cb37bfc64abb",
        "solution.mpy": "4be6b3778909ca1c91506046bb2f1925cb4f689dad0162b5f8faa007e84eee8d",
        "solution.py": "fd261a9dfd58097998f50da83db7651c39731f6aa3afbff22e6bb1040d0d1255",
        "spec.k": "f1648626a0e3619e55ae25a8e9dff556850261e87d618684d6291b876467bb2b",
        "verification.k": "3f03f877dfa4e0ddc13838bdc713eed84fd7749ab2e217689d891aa983d9bc0b"
      },
      "name": "Stage 1 per-file hash map",
      "observed": {
        "__pycache__/concrete-tests.cpython-310.pyc": "4b0a36d95bc7aa2fc3cbdadd1a8e133a6b71764a891531f418c8b0f880dddc38",
        "__pycache__/solution.cpython-310.pyc": "0525d6a376fd15dde32aff524480db470dc248f87c28aa4722e2695e8e10536c",
        "concrete-tests.mpy": "4b93c3bfeeed72ea449516881157548c8329667f31ca53e2f86423d841fc0597",
        "concrete-tests.py": "dc187f2c9259273c041fa2f239f68afabb2b7149b9ae3e7cf6ea1050eb1285a6",
        "prompt.py": "e49218abe89b2b138512731659d96115b045637b8cebe43d2407656209332e58",
        "prove.sh": "f1f1451355245f88eb0575024b6082f0628d4a97e4c0dce34f9c5802b9743d33",
        "py2mpy.py": "406485eac118431c08ef59f30f79dfa6aa9d5825408917fc5ce7c806e664db16",
        "reference-semantics/semantics.k": "57e8f9f3178639bbb87f95e5cc596bbaa91a6463f965b1965911eff9a0269f97",
        "reference-semantics/semantics/assert.k": "4258987a261d24b02ab3abfa52b3b2e013ea6323f9d5eb9a59c8f42cbcba030b",
        "reference-semantics/semantics/bool.k": "8d6cfa9cd1ed776e51d776e4d358c418960c57715a6f9654ef9af41aea29f4fd",
        "reference-semantics/semantics/builtins.k": "fa43a855b8a4548f305f3dd210c8f6c6e7aa15b8d1cb0b8296977f061310c2dd",
        "reference-semantics/semantics/call.k": "7e4d6c7cabe7bb4ccff52f21c5d5f30920ccb48d42864146ce53146509f736e4",
        "reference-semantics/semantics/comprehension.k": "cf7c38aad5cff698ebb05ecbadf00cbf210ddb2f54ae86f22b328311c027c6a7",
        "reference-semantics/semantics/concrete.k": "1ffea42a32610e9116506d709e9163413aeb5f6deb7824ea554aca8341f2d305",
        "reference-semantics/semantics/controls.k": "325c73757d5a7ccf541b93240accd590a2cee90d84470efa3a4a0a14165aafae",
        "reference-semantics/semantics/core.k": "e0fdc11dc2b9cd0acb18fe7c832c1ea1ac0c9e79cadf40c63f34276aca513d7e",
        "reference-semantics/semantics/dict.k": "779b06e18162464c8422bbd6ac35fa0b9e34ef82807d5c707c6f4552d63c0580",
        "reference-semantics/semantics/float.k": "5dfeee8700c90c3aa6dc515b15b74283882845fb6cdcc3627d97ef650124b70f",
        "reference-semantics/semantics/functions.k": "e4c8f67741117b29703c3c61d48a5b0f92cf7bd531e78e25c03e794a910ac193",
        "reference-semantics/semantics/int.k": "dc2da7d81578370651ecb6905b69cb44443cdd8db3869441242b81420382abe5",
        "reference-semantics/semantics/iter.k": "5085db2fed67b7bbd39f6289ec275905aaee742690895d7b3f843f73bd62f77f",
        "reference-semantics/semantics/list.k": "870c72341c25e2c16283726191a71bf5b571ed2995c8ae12e3e2923cdce5a9aa",
        "reference-semantics/semantics/methods.k": "ff9acc6dab2d1cc99ec4f2d234f27ae4526d752aae62bcfd7f9fd2a0399f7743",
        "reference-semantics/semantics/operators.k": "f3d1fd85734f5e1757307e606cbfb8d6d4bf0893ee85ce20ec99606ade910e8b",
        "reference-semantics/semantics/range.k": "810e4c04b757445c03592aef25c97d6b2cc7c6fffa646288bc6cd15a3cae643d",
        "reference-semantics/semantics/set.k": "b822c3c6944f9940a4477fa6b7a42490c407663f2a314394e9c146e8951f1ac7",
        "reference-semantics/semantics/sort.k": "df79670e4794a92e96ffc824857fbc34d3a65b6b6a3026d1dcf322128fbaba5a",
        "reference-semantics/semantics/str.k": "1bf0abf61d7c5df6301433a89c79d2ef4259d47a68d98385ff74618c4c310e0f",
        "reference-semantics/semantics/subscript.k": "dba04c0acf213bef4f9f7b11243ca00a2b3ca5fa8666c544ede7d382d27d36a7",
        "reference-semantics/semantics/syntax.k": "1e9e629e5e6e14bdd7f4d530375e8655a89366b5ecd0c24a3c57ad3b5708f2a6",
        "reference-semantics/semantics/tuple.k": "41395a1ec6a58129c78facb15b44206907c54d79e86ea363ae68cb37bfc64abb",
        "solution.mpy": "4be6b3778909ca1c91506046bb2f1925cb4f689dad0162b5f8faa007e84eee8d",
        "solution.py": "fd261a9dfd58097998f50da83db7651c39731f6aa3afbff22e6bb1040d0d1255",
        "spec.k": "f1648626a0e3619e55ae25a8e9dff556850261e87d618684d6291b876467bb2b",
        "verification.k": "3f03f877dfa4e0ddc13838bdc713eed84fd7749ab2e217689d891aa983d9bc0b"
      },
      "ok": true
    },
    {
      "expected": {
        "klean.py": "af70e08a1c91156f9fb5a2492647a2fda2b5a1040cbbc0180e6f03816ddf5ef1",
        "klean_export.py": "0c18ea7997ddd34d3cabbeb0f271e17eb8a01cd03342319facf749ba92df18f0"
      },
      "name": "producer files versus source manifest",
      "observed": {
        "klean.py": "af70e08a1c91156f9fb5a2492647a2fda2b5a1040cbbc0180e6f03816ddf5ef1",
        "klean_export.py": "0c18ea7997ddd34d3cabbeb0f271e17eb8a01cd03342319facf749ba92df18f0"
      },
      "ok": true
    },
    {
      "expected": "af70e08a1c91156f9fb5a2492647a2fda2b5a1040cbbc0180e6f03816ddf5ef1",
      "name": "producer klean.py versus generator manifest",
      "observed": "af70e08a1c91156f9fb5a2492647a2fda2b5a1040cbbc0180e6f03816ddf5ef1",
      "ok": true
    },
    {
      "expected": "0c18ea7997ddd34d3cabbeb0f271e17eb8a01cd03342319facf749ba92df18f0",
      "name": "producer klean_export.py versus generator manifest",
      "observed": "0c18ea7997ddd34d3cabbeb0f271e17eb8a01cd03342319facf749ba92df18f0",
      "ok": true
    },
    {
      "expected": [
        "klean.py",
        "klean_export.py",
        "source-manifest.json"
      ],
      "name": "producer directory exact members",
      "observed": [
        "klean.py",
        "klean_export.py",
        "source-manifest.json"
      ],
      "ok": true
    },
    {
      "expected": "sha256:dc996159ebb6df707cd5366ab83c500be5bbd2b842eda971e55ade57e5dda000",
      "name": "generator image: source manifest versus generator manifest",
      "observed": "sha256:dc996159ebb6df707cd5366ab83c500be5bbd2b842eda971e55ade57e5dda000",
      "ok": true
    },
    {
      "expected": "dc996159ebb6df707cd5366ab83c500be5bbd2b842eda971e55ade57e5dda000",
      "name": "generator image: signed producer-source path",
      "observed": "dc996159ebb6df707cd5366ab83c500be5bbd2b842eda971e55ade57e5dda000",
      "ok": true
    },
    {
      "expected": "f7fc1515a39252cfcad99c9b36688221f5ff9a464dcfddb5f89cd67042f72ed7",
      "name": "inventory hash versus Stage 3",
      "observed": "f7fc1515a39252cfcad99c9b36688221f5ff9a464dcfddb5f89cd67042f72ed7",
      "ok": true
    },
    {
      "expected": 1,
      "name": "inventory count versus Stage 3 count",
      "observed": 1,
      "ok": true
    },
    {
      "expected": [
        "rule-59290db9e488b423436a4d0f01b5a3d6d709fdc7ff06097440b03b279b42ecfd"
      ],
      "name": "ordered inventory identity versus Stage 3",
      "observed": [
        "rule-59290db9e488b423436a4d0f01b5a3d6d709fdc7ff06097440b03b279b42ecfd"
      ],
      "ok": true
    },
    {
      "expected": 1,
      "name": "Stage 3 IDs unique",
      "observed": 1,
      "ok": true
    },
    {
      "expected": [
        {
          "attributes": [],
          "end_line": 27,
          "module": "VERIFICATION",
          "normalized_sha256": "59290db9e488b423436a4d0f01b5a3d6d709fdc7ff06097440b03b279b42ecfd",
          "source_rule_id": "rule-59290db9e488b423436a4d0f01b5a3d6d709fdc7ff06097440b03b279b42ecfd",
          "start_line": 12,
          "text": "  rule <k> #isEqualToSumEven(N:Int)\n        => Call(\n             closureVal(\n               (\"n\", .ParamNames),\n               (Return(\n                  BoolOp(\n                    \"and\",\n                    ( Compare(Name(\"n\"), CmpOp(\">=\", Int(8)))\n                    , Compare(\n                        BinOp(\"%\", Name(\"n\"), Int(2)),\n                        CmpOp(\"==\", Int(0)))\n                    , .Exprs)))\n                .Stmts),\n               0),\n             (N, .Exprs))\n           ... </k>"
        }
      ],
      "name": "source-span/hash/ID reconstruction",
      "observed": [
        {
          "attributes": [],
          "end_line": 27,
          "module": "VERIFICATION",
          "normalized_sha256": "59290db9e488b423436a4d0f01b5a3d6d709fdc7ff06097440b03b279b42ecfd",
          "source_rule_id": "rule-59290db9e488b423436a4d0f01b5a3d6d709fdc7ff06097440b03b279b42ecfd",
          "start_line": 12,
          "text": "  rule <k> #isEqualToSumEven(N:Int)\n        => Call(\n             closureVal(\n               (\"n\", .ParamNames),\n               (Return(\n                  BoolOp(\n                    \"and\",\n                    ( Compare(Name(\"n\"), CmpOp(\">=\", Int(8)))\n                    , Compare(\n                        BinOp(\"%\", Name(\"n\"), Int(2)),\n                        CmpOp(\"==\", Int(0)))\n                    , .Exprs)))\n                .Stmts),\n               0),\n             (N, .Exprs))\n           ... </k>"
        }
      ],
      "ok": true
    },
    {
      "expected": "f7fc1515a39252cfcad99c9b36688221f5ff9a464dcfddb5f89cd67042f72ed7",
      "name": "whole inventory hash reconstruction",
      "observed": "f7fc1515a39252cfcad99c9b36688221f5ff9a464dcfddb5f89cd67042f72ed7",
      "ok": true
    },
    {
      "expected": "ce91d885a8cdc57858ef12488aceeab702dde47483b00b1202b5692e07cc5165",
      "name": "input manifest frozen-input hash",
      "observed": "ce91d885a8cdc57858ef12488aceeab702dde47483b00b1202b5692e07cc5165",
      "ok": true
    },
    {
      "expected": "ce91d885a8cdc57858ef12488aceeab702dde47483b00b1202b5692e07cc5165",
      "name": "input manifest Stage 1 hash",
      "observed": "ce91d885a8cdc57858ef12488aceeab702dde47483b00b1202b5692e07cc5165",
      "ok": true
    },
    {
      "expected": "e2f687402b1c4f4f6a84fbaf4b31dce6c1532e79ca4ef61af772a139db0ee823",
      "name": "input manifest Stage 3 hash",
      "observed": "e2f687402b1c4f4f6a84fbaf4b31dce6c1532e79ca4ef61af772a139db0ee823",
      "ok": true
    },
    {
      "expected": "3f03f877dfa4e0ddc13838bdc713eed84fd7749ab2e217689d891aa983d9bc0b",
      "name": "input manifest verification hash",
      "observed": "3f03f877dfa4e0ddc13838bdc713eed84fd7749ab2e217689d891aa983d9bc0b",
      "ok": true
    },
    {
      "expected": "f7fc1515a39252cfcad99c9b36688221f5ff9a464dcfddb5f89cd67042f72ed7",
      "name": "input manifest inventory hash",
      "observed": "f7fc1515a39252cfcad99c9b36688221f5ff9a464dcfddb5f89cd67042f72ed7",
      "ok": true
    },
    {
      "expected": [
        {
          "attributes": [],
          "classification": "DEFINITION",
          "end_line": 27,
          "module": "VERIFICATION",
          "normalized_sha256": "59290db9e488b423436a4d0f01b5a3d6d709fdc7ff06097440b03b279b42ecfd",
          "rationale": "This rule expands the named verification term #isEqualToSumEven(N) into the Call of the closure corresponding to solution.mpy; it defines the proof harness entry term and contributes no independent mathematical fact.",
          "source_rule_id": "rule-59290db9e488b423436a4d0f01b5a3d6d709fdc7ff06097440b03b279b42ecfd",
          "start_line": 12,
          "text": "  rule <k> #isEqualToSumEven(N:Int)\n        => Call(\n             closureVal(\n               (\"n\", .ParamNames),\n               (Return(\n                  BoolOp(\n                    \"and\",\n                    ( Compare(Name(\"n\"), CmpOp(\">=\", Int(8)))\n                    , Compare(\n                        BinOp(\"%\", Name(\"n\"), Int(2)),\n                        CmpOp(\"==\", Int(0)))\n                    , .Exprs)))\n                .Stmts),\n               0),\n             (N, .Exprs))\n           ... </k>"
        }
      ],
      "name": "input manifest definitions",
      "observed": [
        {
          "attributes": [],
          "classification": "DEFINITION",
          "end_line": 27,
          "module": "VERIFICATION",
          "normalized_sha256": "59290db9e488b423436a4d0f01b5a3d6d709fdc7ff06097440b03b279b42ecfd",
          "rationale": "This rule expands the named verification term #isEqualToSumEven(N) into the Call of the closure corresponding to solution.mpy; it defines the proof harness entry term and contributes no independent mathematical fact.",
          "source_rule_id": "rule-59290db9e488b423436a4d0f01b5a3d6d709fdc7ff06097440b03b279b42ecfd",
          "start_line": 12,
          "text": "  rule <k> #isEqualToSumEven(N:Int)\n        => Call(\n             closureVal(\n               (\"n\", .ParamNames),\n               (Return(\n                  BoolOp(\n                    \"and\",\n                    ( Compare(Name(\"n\"), CmpOp(\">=\", Int(8)))\n                    , Compare(\n                        BinOp(\"%\", Name(\"n\"), Int(2)),\n                        CmpOp(\"==\", Int(0)))\n                    , .Exprs)))\n                .Stmts),\n               0),\n             (N, .Exprs))\n           ... </k>"
        }
      ],
      "ok": true
    },
    {
      "expected": [],
      "name": "input manifest operational rules",
      "observed": [],
      "ok": true
    },
    {
      "expected": [],
      "name": "input manifest proved derived lemmas",
      "observed": [],
      "ok": true
    },
    {
      "expected": [],
      "name": "input manifest domain source rules",
      "observed": [],
      "ok": true
    },
    {
      "expected": [],
      "name": "obligation-map domain source rules",
      "observed": [],
      "ok": true
    },
    {
      "expected": [],
      "name": "obligation-map obligations",
      "observed": [],
      "ok": true
    },
    {
      "expected": [],
      "name": "obligation-map trust parameters",
      "observed": [],
      "ok": true
    },
    {
      "expected": null,
      "name": "expected generated target definition",
      "observed": null,
      "ok": true
    },
    {
      "expected": null,
      "name": "actual generated target",
      "observed": null,
      "ok": true
    },
    {
      "expected": null,
      "name": "generator-manifest target",
      "observed": null,
      "ok": true
    },
    {
      "expected": null,
      "name": "signed audit target",
      "observed": null,
      "ok": true
    },
    {
      "expected": 0,
      "name": "generator obligation count",
      "observed": 0,
      "ok": true
    },
    {
      "expected": 0,
      "name": "export-result obligation count",
      "observed": 0,
      "ok": true
    },
    {
      "expected": "KLEAN_NO_OBLIGATIONS",
      "name": "export-result status",
      "observed": "KLEAN_NO_OBLIGATIONS",
      "ok": true
    },
    {
      "expected": "KLEAN_NO_OBLIGATIONS",
      "name": "selected Stage 4 status",
      "observed": "KLEAN_NO_OBLIGATIONS",
      "ok": true
    },
    {
      "expected": "CLASSIFICATION_ONLY",
      "name": "audit mode for no-obligation generation",
      "observed": "CLASSIFICATION_ONLY",
      "ok": true
    },
    {
      "expected": null,
      "name": "Stage 5 result absent",
      "observed": null,
      "ok": true
    },
    {
      "expected": null,
      "name": "Stage 5 workspace absent",
      "observed": null,
      "ok": true
    },
    {
      "expected": null,
      "name": "Stage 5 invocation absent",
      "observed": null,
      "ok": true
    },
    {
      "expected": false,
      "name": "mounted candidate absent",
      "observed": false,
      "ok": true
    },
    {
      "expected": "bab2bb1c8d01af32a3567dddbe9e5803a97e70b8b09d5c319a090258089dc719",
      "name": "generator generated-tree hash",
      "observed": "bab2bb1c8d01af32a3567dddbe9e5803a97e70b8b09d5c319a090258089dc719",
      "ok": true
    },
    {
      "expected": "cf331f312938e04436a60d1dc49b5a1f6f60b03f3283415439a7c175e9812048",
      "name": "generator obligation-map hash",
      "observed": "cf331f312938e04436a60d1dc49b5a1f6f60b03f3283415439a7c175e9812048",
      "ok": true
    },
    {
      "expected": "ce91d885a8cdc57858ef12488aceeab702dde47483b00b1202b5692e07cc5165",
      "name": "generator Stage 1 provenance",
      "observed": "ce91d885a8cdc57858ef12488aceeab702dde47483b00b1202b5692e07cc5165",
      "ok": true
    },
    {
      "expected": "e2f687402b1c4f4f6a84fbaf4b31dce6c1532e79ca4ef61af772a139db0ee823",
      "name": "generator Stage 3 provenance",
      "observed": "e2f687402b1c4f4f6a84fbaf4b31dce6c1532e79ca4ef61af772a139db0ee823",
      "ok": true
    },
    {
      "expected": "f7fc1515a39252cfcad99c9b36688221f5ff9a464dcfddb5f89cd67042f72ed7",
      "name": "generator inventory provenance",
      "observed": "f7fc1515a39252cfcad99c9b36688221f5ff9a464dcfddb5f89cd67042f72ed7",
      "ok": true
    },
    {
      "expected": {
        "codex_cli_version": "0.144.6",
        "k_base_image": "runtimeverificationinc/kframework-k:ubuntu-jammy-7.1.293@sha256:f3f64ab72bd7b560082d50e4c6c23e107025cf217ca62ab73700104fc45de09a",
        "k_version": "7.1.293",
        "lean_commit": "ba2cbbf09d4978f416e0ebd1fceeebc2c4138c05",
        "lean_toolchain": "leanprover/lean4:v4.22.0",
        "pyk_project": "pyk@runtimeverification/k",
        "pyk_version": "7.1.293",
        "runtimeverification_k_commit": "ff15baac9e66426612ec45ff912af7f14965b64a"
      },
      "name": "generator toolchain lock",
      "observed": {
        "codex_cli_version": "0.144.6",
        "k_base_image": "runtimeverificationinc/kframework-k:ubuntu-jammy-7.1.293@sha256:f3f64ab72bd7b560082d50e4c6c23e107025cf217ca62ab73700104fc45de09a",
        "k_version": "7.1.293",
        "lean_commit": "ba2cbbf09d4978f416e0ebd1fceeebc2c4138c05",
        "lean_toolchain": "leanprover/lean4:v4.22.0",
        "pyk_project": "pyk@runtimeverification/k",
        "pyk_version": "7.1.293",
        "runtimeverification_k_commit": "ff15baac9e66426612ec45ff912af7f14965b64a"
      },
      "ok": true
    },
    {
      "expected": "ce91d885a8cdc57858ef12488aceeab702dde47483b00b1202b5692e07cc5165",
      "name": "export-result frozen-input hash",
      "observed": "ce91d885a8cdc57858ef12488aceeab702dde47483b00b1202b5692e07cc5165",
      "ok": true
    },
    {
      "expected": "e2f687402b1c4f4f6a84fbaf4b31dce6c1532e79ca4ef61af772a139db0ee823",
      "name": "export-result Stage 3 hash",
      "observed": "e2f687402b1c4f4f6a84fbaf4b31dce6c1532e79ca4ef61af772a139db0ee823",
      "ok": true
    },
    {
      "expected": "bab2bb1c8d01af32a3567dddbe9e5803a97e70b8b09d5c319a090258089dc719",
      "name": "export-result generated-tree hash",
      "observed": "bab2bb1c8d01af32a3567dddbe9e5803a97e70b8b09d5c319a090258089dc719",
      "ok": true
    },
    {
      "expected": "58ac06eec192be1d9c910061200ab3c6fe98804dd7970aadaf076af8338fc5a6",
      "name": "export-result trust-inventory hash",
      "observed": "58ac06eec192be1d9c910061200ab3c6fe98804dd7970aadaf076af8338fc5a6",
      "ok": true
    },
    {
      "expected": {
        "designated_sorry_count": 0,
        "diagnostics": [
          {
            "command": [
              "lake",
              "clean"
            ],
            "exit_code": 0,
            "output_sha256": "e3b0c44298fc1c149afbf4c8996fb92427ae41e4649b934ca495991b7852b855",
            "output_tail": ""
          },
          {
            "command": [
              "lake",
              "build"
            ],
            "exit_code": 0,
            "output_sha256": "38ada8acbe21e4432f8e0afb1462b56e12df17b04a1b903e7361abbddf9c1038",
            "output_tail": "\u2714 [2/9] Built Klean138IsEqualToSumEven.Prelude\n\u2714 [3/9] Built Klean138IsEqualToSumEven.Sorts\n\u2714 [4/9] Built Klean138IsEqualToSumEven.Inj\n\u2714 [5/9] Built Klean138IsEqualToSumEven.Func\n\u2714 [6/9] Built Klean138IsEqualToSumEven.Lemmas\n\u2714 [7/9] Built Klean138IsEqualToSumEven.Rewrite\n\u2714 [8/9] Built Klean138IsEqualToSumEven\nBuild completed successfully.\n"
          }
        ],
        "frozen_input_sha256": "ce91d885a8cdc57858ef12488aceeab702dde47483b00b1202b5692e07cc5165",
        "generated_tree_sha256": "bab2bb1c8d01af32a3567dddbe9e5803a97e70b8b09d5c319a090258089dc719",
        "obligation_count": 0,
        "schema_version": 3,
        "stage1_workspace_sha256": "ce91d885a8cdc57858ef12488aceeab702dde47483b00b1202b5692e07cc5165",
        "stage3_discovery_manifest_sha256": "e2f687402b1c4f4f6a84fbaf4b31dce6c1532e79ca4ef61af772a139db0ee823",
        "status": "KLEAN_NO_OBLIGATIONS",
        "target": null,
        "trust_declaration_count": 47
      },
      "name": "launcher Stage 4 preflight snapshot",
      "observed": {
        "designated_sorry_count": 0,
        "diagnostics": [
          {
            "command": [
              "lake",
              "clean"
            ],
            "exit_code": 0,
            "output_sha256": "e3b0c44298fc1c149afbf4c8996fb92427ae41e4649b934ca495991b7852b855",
            "output_tail": ""
          },
          {
            "command": [
              "lake",
              "build"
            ],
            "exit_code": 0,
            "output_sha256": "38ada8acbe21e4432f8e0afb1462b56e12df17b04a1b903e7361abbddf9c1038",
            "output_tail": "\u2714 [2/9] Built Klean138IsEqualToSumEven.Prelude\n\u2714 [3/9] Built Klean138IsEqualToSumEven.Sorts\n\u2714 [4/9] Built Klean138IsEqualToSumEven.Inj\n\u2714 [5/9] Built Klean138IsEqualToSumEven.Func\n\u2714 [6/9] Built Klean138IsEqualToSumEven.Lemmas\n\u2714 [7/9] Built Klean138IsEqualToSumEven.Rewrite\n\u2714 [8/9] Built Klean138IsEqualToSumEven\nBuild completed successfully.\n"
          }
        ],
        "frozen_input_sha256": "ce91d885a8cdc57858ef12488aceeab702dde47483b00b1202b5692e07cc5165",
        "generated_tree_sha256": "bab2bb1c8d01af32a3567dddbe9e5803a97e70b8b09d5c319a090258089dc719",
        "obligation_count": 0,
        "schema_version": 3,
        "stage1_workspace_sha256": "ce91d885a8cdc57858ef12488aceeab702dde47483b00b1202b5692e07cc5165",
        "stage3_discovery_manifest_sha256": "e2f687402b1c4f4f6a84fbaf4b31dce6c1532e79ca4ef61af772a139db0ee823",
        "status": "KLEAN_NO_OBLIGATIONS",
        "target": null,
        "trust_declaration_count": 47
      },
      "ok": true
    }
  ],
  "failed_checks": [],
  "inventory": {
    "inventory_sha256": "f7fc1515a39252cfcad99c9b36688221f5ff9a464dcfddb5f89cd67042f72ed7",
    "rules": [
      {
        "attributes": [],
        "end_line": 27,
        "module": "VERIFICATION",
        "normalized_sha256": "59290db9e488b423436a4d0f01b5a3d6d709fdc7ff06097440b03b279b42ecfd",
        "source_rule_id": "rule-59290db9e488b423436a4d0f01b5a3d6d709fdc7ff06097440b03b279b42ecfd",
        "start_line": 12,
        "text": "  rule <k> #isEqualToSumEven(N:Int)\n        => Call(\n             closureVal(\n               (\"n\", .ParamNames),\n               (Return(\n                  BoolOp(\n                    \"and\",\n                    ( Compare(Name(\"n\"), CmpOp(\">=\", Int(8)))\n                    , Compare(\n                        BinOp(\"%\", Name(\"n\"), Int(2)),\n                        CmpOp(\"==\", Int(0)))\n                    , .Exprs)))\n                .Stmts),\n               0),\n             (N, .Exprs))\n           ... </k>"
      }
    ],
    "schema_version": 2,
    "verification_file": "verification.k",
    "verification_module": "VERIFICATION",
    "verification_modules": [
      "VERIFICATION"
    ],
    "verification_sha256": "3f03f877dfa4e0ddc13838bdc713eed84fd7749ab2e217689d891aa983d9bc0b"
  },
  "producer_authentication": {
    "files": {
      "klean.py": "af70e08a1c91156f9fb5a2492647a2fda2b5a1040cbbc0180e6f03816ddf5ef1",
      "klean_export.py": "0c18ea7997ddd34d3cabbeb0f271e17eb8a01cd03342319facf749ba92df18f0"
    },
    "generator_image_id": "sha256:dc996159ebb6df707cd5366ab83c500be5bbd2b842eda971e55ade57e5dda000",
    "tree_sha256": "55e6319f2271365637d561f055caa2f6187aa98b0216ec39cc79e0cce33b867c"
  },
  "schema_version": 1,
  "stage4": {
    "generated_tree_sha256": "bab2bb1c8d01af32a3567dddbe9e5803a97e70b8b09d5c319a090258089dc719",
    "obligation_count": 0,
    "obligation_map_sha256": "cf331f312938e04436a60d1dc49b5a1f6f60b03f3283415439a7c175e9812048",
    "target": null
  },
  "validated_category_counts": {
    "DEFINITION": 1,
    "DOMAIN_LEMMA": 0,
    "OPERATIONAL_RULE": 0,
    "PROVED_DERIVED_LEMMA": 0
  }
}

EXIT_CODE: 0
