$ python3 trusted-py2mpy.py solution.py > regenerated-solution.mpy
exit_status=0
$ cmp regenerated-solution.mpy solution.mpy
exit_status=0
$ sha256sum regenerated-solution.mpy solution.mpy
d9f8d0fa5709221787385385e4d65fe81e32148f33399f3a28c14dec786b1184  /tmp/audit-work/153-strongest-extension/regenerated-solution.mpy
d9f8d0fa5709221787385385e4d65fe81e32148f33399f3a28c14dec786b1184  /tmp/audit-work/153-strongest-extension/solution.mpy
exit_status=0
$ python3 differential.py canonical.py solution.py
seed=1532026
fixed_cases=14 generated_cases=500 total_cases=514
case_corpus_sha256=8b8a108c38cb5520cf6ea6367c9c1066145296488e9c507bc6941cf92c27efda
mismatch_count=94
MISMATCH ('unicode-cased-nonletter', 'C', ['A', 'ⅣⅣ'], ('return', 'C.A'), ('return', 'C.ⅣⅣ'))
MISMATCH ('unicode-cased-nonletter-lower', 'C', ['a', 'ⅳ'], ('return', 'C.ⅳ'), ('return', 'C.a'))
MISMATCH ('generated-006', 'A', ['z.-aÉ', 'Ⅳ', '0É'], ('return', 'A.0É'), ('return', 'A.Ⅳ'))
MISMATCH ('generated-008', '0-_ⅳ--', ['Z', 'Ⅳ.Ⅳ_éⅣ', 'ⅣZZz', 'ⅳ', 'AAⅳ'], ('return', '0-_ⅳ--.AAⅳ'), ('return', '0-_ⅳ--.Ⅳ.Ⅳ_éⅣ'))
MISMATCH ('generated-020', '', ['ⅳ', ''], ('return', '.ⅳ'), ('return', '.'))
MISMATCH ('generated-027', 'A', ['ⅳ', '.ⅣzaA'], ('return', 'A.ⅳ'), ('return', 'A..ⅣzaA'))
MISMATCH ('generated-030', '_a-ZⅣ', ['ⅳÉ', 'A', 'ⅳ0z'], ('return', '_a-ZⅣ.ⅳÉ'), ('return', '_a-ZⅣ.A'))
MISMATCH ('generated-033', 'zⅳ9A', ['.9Aⅳ', 'ⅳ.Z9ⅳA', '_90zz', 'ZⅳéAZⅣ', '--ⅳzÉ'], ('return', 'zⅳ9A.ⅳ.Z9ⅳA'), ('return', 'zⅳ9A.ZⅳéAZⅣ'))
MISMATCH ('generated-035', 'ÉⅳZ_Aⅳ', ['_.Z__.', 'ⅳ09AÉ', 'aéZa', '0-', '-éⅳ.z'], ('return', 'ÉⅳZ_Aⅳ.ⅳ09AÉ'), ('return', 'ÉⅳZ_Aⅳ._.Z__.'))
MISMATCH ('generated-036', '', ['0.', '', 'ÉⅳⅣZⅳa', '9aⅣ9'], ('return', '.ÉⅳⅣZⅳa'), ('return', '.0.'))
MISMATCH ('generated-043', 'Z', ['a0za9Ⅳ', '.Az9ⅳé'], ('return', 'Z..Az9ⅳé'), ('return', 'Z.a0za9Ⅳ'))
MISMATCH ('generated-044', 'Ⅳ9-', ['_', 'é_-ⅳa', '', 'Ⅳ-é-9É'], ('return', 'Ⅳ9-._'), ('return', 'Ⅳ9-.Ⅳ-é-9É'))
MISMATCH ('generated-063', 'ⅳⅳÉaZ', ['__-0é', '-aA9Ⅳ', 'ÉÉ_ⅳ', '0-90-0', 'ⅣzⅣ..Z'], ('return', 'ⅳⅳÉaZ.ÉÉ_ⅳ'), ('return', 'ⅳⅳÉaZ.ⅣzⅣ..Z'))
MISMATCH ('generated-079', '.Ⅳ', ['z', 'ZⅣⅳⅳ.', 'É'], ('return', '.Ⅳ.ZⅣⅳⅳ.'), ('return', '.Ⅳ.É'))
MISMATCH ('generated-092', 'é_', ['0Z0a', '_ÉÉa', 'ⅳ9Ⅳz-.', 'É9-ZⅣz', '0ⅳ_Éé.'], ('return', 'é_._ÉÉa'), ('return', 'é_.É9-ZⅣz'))
MISMATCH ('generated-098', '9é0a', ['00Z0ⅳz', 'ⅳA.', 'a', 'É-.-0'], ('return', '9é0a.ⅳA.'), ('return', '9é0a.É-.-0'))
MISMATCH ('generated-103', 'ⅳ-A.A', ['_Z', '990', 'Ⅳ_É.9'], ('return', 'ⅳ-A.A._Z'), ('return', 'ⅳ-A.A.Ⅳ_É.9'))
MISMATCH ('generated-105', '-9É', ['éⅣ-', ''], ('return', '-9É.'), ('return', '-9É.éⅣ-'))
MISMATCH ('generated-108', 'z0zaÉ', ['A', '-._-_9', '', 'AⅳZ0', 'z-.ⅳÉ'], ('return', 'z0zaÉ.AⅳZ0'), ('return', 'z0zaÉ.A'))
MISMATCH ('generated-114', 'é-.ÉZⅳ', ['', '', 'a-_ⅣÉ', '-a', 'ⅳZzé'], ('return', 'é-.ÉZⅳ.'), ('return', 'é-.ÉZⅳ.a-_ⅣÉ'))
required_false-result-witness=('unicode-cased-nonletter', 'C', ['A', 'ⅣⅣ'], ('return', 'C.A'), ('return', 'C.ⅣⅣ'))
exit_status=1 (nonzero means a semantic mismatch was found)
run-stage2 exit_status=1
