Script started on 2026-07-31 12:03:41-05:00 [<not executed on terminal>]
     1	import Klean90NextSmallest.Prelude
     2	
     3	inductive SortExc : Type where
     4	  | «AssertionError_MPY-CORE_Exc» : SortExc
     5	  | «NoExc_MPY-CORE_Exc» : SortExc
     6	
     7	structure SortExcCell : Type where
     8	  val : SortExc
     9	
    10	structure SortEnvCell : Type where
    11	  val : SortInt
    12	
    13	structure SortExitCodeCell : Type where
    14	  val : SortInt
    15	
    16	structure SortGeneratedCounterCell : Type where
    17	  val : SortInt
    18	
    19	structure SortHeapLocCell : Type where
    20	  val : SortInt
    21	
    22	inductive SortIntSeq : Type where
    23	  | «.IntSeq_MPY-CORE_IntSeq» : SortIntSeq
    24	  | «iCons(_,_)_MPY-CORE_IntSeq_Int_IntSeq» (x0 : SortInt) (x1 : SortIntSeq) : SortIntSeq
    25	
    26	inductive SortOptInt : Type where
    27	  | «noB_MPY-SUBSCRIPT_OptInt» : SortOptInt
    28	  | «someB(_)_MPY-SUBSCRIPT_OptInt_Int» (x0 : SortInt) : SortOptInt
    29	
    30	inductive SortScanState : Type where
    31	  | «scanState(_,_,_,_)_VERIFICATION_ScanState_Int_Bool_Int_Bool» (x0 : SortInt) (x1 : SortBool) (x2 : SortInt) (x3 : SortBool) : SortScanState
    32	
    33	structure SortScopeLocCell : Type where
    34	  val : SortInt
    35	
    36	inductive SortParamNames : Type where
    37	  | «.List{"_,__MPY-SYNTAX_ParamNames_String_ParamNames"}_ParamNames» : SortParamNames
    38	  | «_,__MPY-SYNTAX_ParamNames_String_ParamNames» (x0 : SortString) (x1 : SortParamNames) : SortParamNames
    39	
    40	inductive SortStr : Type where
    41	  | «str(_)_MPY-CORE_Str_IntSeq» (x0 : SortIntSeq) : SortStr
    42	
    43	inductive SortCellVars : Type where
    44	  | «CellVars(_)_MPY-SYNTAX_CellVars_ParamNames» (x0 : SortParamNames) : SortCellVars
    45	
    46	inductive SortFreeVars : Type where
    47	  | «FreeVars(_)_MPY-SYNTAX_FreeVars_ParamNames» (x0 : SortParamNames) : SortFreeVars
    48	
    49	inductive SortParams : Type where
    50	  | «Params(_)_MPY-SYNTAX_Params_ParamNames» (x0 : SortParamNames) : SortParams
    51	
    52	mutual
    53	  inductive SortApplyK : Type where
    54	    | «toCall(_)_MPY-CORE_ApplyK_Val» (x0 : SortVal) : SortApplyK
    55	    | «toList_MPY-LIST_ApplyK» : SortApplyK
    56	    | «toTuple_MPY-TUPLE_ApplyK» : SortApplyK
    57	
    58	  inductive SortBound : Type where
    59	    | inj_SortBool (x : SortBool) : SortBound
    60	    | inj_SortExpr (x : SortExpr) : SortBound
    61	    | inj_SortFloat (x : SortFloat) : SortBound
    62	    | inj_SortInt (x : SortInt) : SortBound
    63	    | inj_SortIterable (x : SortIterable) : SortBound
    64	    | inj_SortStr (x : SortStr) : SortBound
    65	    | inj_SortVal (x : SortVal) : SortBound
    66	    | «NoBound_MPY-SYNTAX_Bound» : SortBound
    67	
    68	  inductive SortCmpOp : Type where
    69	    | «CmpOp(_,_)_MPY-SYNTAX_CmpOp_String_Expr» (x0 : SortString) (x1 : SortExpr) : SortCmpOp
    70	
    71	  inductive SortEntries : Type where
    72	    | «.List{"_,__MPY-SYNTAX_Entries_Entry_Entries"}_Entries» : SortEntries
    73	    | «_,__MPY-SYNTAX_Entries_Entry_Entries» (x0 : SortEntry) (x1 : SortEntries) : SortEntries
    74	
    75	  inductive SortEntry : Type where
    76	    | «Entry(_,_)_MPY-SYNTAX_Entry_Expr_Expr» (x0 : SortExpr) (x1 : SortExpr) : SortEntry
    77	
    78	  inductive SortExpr : Type where
    79	    | inj_SortBool (x : SortBool) : SortExpr
    80	    | inj_SortFloat (x : SortFloat) : SortExpr
    81	    | inj_SortInt (x : SortInt) : SortExpr
    82	    | inj_SortIterable (x : SortIterable) : SortExpr
    83	    | inj_SortStr (x : SortStr) : SortExpr
    84	    | inj_SortVal (x : SortVal) : SortExpr
    85	    | «Attribute(_,_)_MPY-SYNTAX_Expr_Expr_String» (x0 : SortExpr) (x1 : SortString) : SortExpr
    86	    | «BinOp(_,_,_)_MPY-SYNTAX_Expr_String_Expr_Expr» (x0 : SortString) (x1 : SortExpr) (x2 : SortExpr) : SortExpr
    87	    | «Bool(_)_MPY-SYNTAX_Expr_Bool» (x0 : SortBool) : SortExpr
    88	    | «BoolOp(_,_)_MPY-SYNTAX_Expr_String_Exprs» (x0 : SortString) (x1 : SortExprs) : SortExpr
    89	    | «Call(_,_)_MPY-SYNTAX_Expr_Expr_Exprs» (x0 : SortExpr) (x1 : SortExprs) : SortExpr
    90	    | «Compare(_,_)_MPY-SYNTAX_Expr_Expr_CmpOp» (x0 : SortExpr) (x1 : SortCmpOp) : SortExpr
    91	    | «DictExpr(_)_MPY-SYNTAX_Expr_Entries» (x0 : SortEntries) : SortExpr
    92	    | «Float(_)_MPY-SYNTAX_Expr_Float» (x0 : SortFloat) : SortExpr
    93	    | «IfExp(_,_,_)_MPY-SYNTAX_Expr_Expr_Expr_Expr» (x0 : SortExpr) (x1 : SortExpr) (x2 : SortExpr) : SortExpr
    94	    | «Int(_)_MPY-SYNTAX_Expr_Int» (x0 : SortInt) : SortExpr
    95	    | «KwArg(_,_)_MPY-SYNTAX_Expr_String_Expr» (x0 : SortString) (x1 : SortExpr) : SortExpr
    96	    | «Lambda(_,_,_,_)_MPY-SYNTAX_Expr_Params_CellVars_FreeVars_Expr» (x0 : SortParams) (x1 : SortCellVars) (x2 : SortFreeVars) (x3 : SortExpr) : SortExpr
    97	    | «Lambda(_,_)_MPY-SYNTAX_Expr_Params_Expr» (x0 : SortParams) (x1 : SortExpr) : SortExpr
    98	    | «ListExpr(_)_MPY-SYNTAX_Expr_Exprs» (x0 : SortExprs) : SortExpr
    99	    | «Name(_)_MPY-SYNTAX_Expr_String» (x0 : SortString) : SortExpr
   100	    | «NoneVal_MPY-SYNTAX_Expr» : SortExpr
   101	    | «Str(_)_MPY-SYNTAX_Expr_String» (x0 : SortString) : SortExpr
   102	    | «Subscript(_,_)_MPY-SYNTAX_Expr_Expr_Index» (x0 : SortExpr) (x1 : SortIndex) : SortExpr
   103	    | «TupleExpr(_)_MPY-SYNTAX_Expr_Exprs» (x0 : SortExprs) : SortExpr
   104	    | «UnaryOp(_,_)_MPY-SYNTAX_Expr_String_Expr» (x0 : SortString) (x1 : SortExpr) : SortExpr
   105	    | «closureExpr(_,_)_MPY-FUNCTIONS_Expr_ParamNames_Stmts» (x0 : SortParamNames) (x1 : SortStmts) : SortExpr
   106	
   107	  inductive SortExprs : Type where
   108	    | «.List{"_,__MPY-SYNTAX_Exprs_Expr_Exprs"}_Exprs» : SortExprs
   109	    | «_,__MPY-SYNTAX_Exprs_Expr_Exprs» (x0 : SortExpr) (x1 : SortExprs) : SortExprs
   110	
   111	  structure SortGeneratedTopCell : Type where
   112	    k : SortKCell
   113	    env : SortEnvCell
   114	    scopes : SortScopesCell
   115	    scopeLoc : SortScopeLocCell
   116	    heap : SortHeapCell
   117	    heapLoc : SortHeapLocCell
   118	    stack : SortStackCell
   119	    ret : SortRetCell
   120	    exc : SortExcCell
   121	    exitCode : SortExitCodeCell
   122	    generatedCounter : SortGeneratedCounterCell
   123	
   124	  structure SortHeapCell : Type where
   125	    val : SortMap
   126	
   127	  inductive SortIndex : Type where
   128	    | inj_SortBool (x : SortBool) : SortIndex
   129	    | inj_SortExpr (x : SortExpr) : SortIndex
   130	    | inj_SortFloat (x : SortFloat) : SortIndex
   131	    | inj_SortInt (x : SortInt) : SortIndex
   132	    | inj_SortIterable (x : SortIterable) : SortIndex
   133	    | inj_SortStr (x : SortStr) : SortIndex
   134	    | inj_SortVal (x : SortVal) : SortIndex
   135	    | «Slice(_,_,_)_MPY-SYNTAX_Index_Bound_Bound_Bound» (x0 : SortBound) (x1 : SortBound) (x2 : SortBound) : SortIndex
   136	
   137	  inductive SortIterable : Type where
   138	    | inj_SortStr (x : SortStr) : SortIterable
   139	    | «list(_)_MPY-CORE_Iterable_ValSeq» (x0 : SortValSeq) : SortIterable
   140	    | «rangeObj(_,_,_)_MPY-CORE_Iterable_Int_Int_Int» (x0 : SortInt) (x1 : SortInt) (x2 : SortInt) : SortIterable
   141	    | «tuple(_)_MPY-CORE_Iterable_ValSeq» (x0 : SortValSeq) : SortIterable
   142	    | «zipObj(_,_)_MPY-CORE_Iterable_ValSeq_ValSeq» (x0 : SortValSeq) (x1 : SortValSeq) : SortIterable
   143	    | «zipObjS(_,_)_MPY-CORE_Iterable_IntSeq_IntSeq» (x0 : SortIntSeq) (x1 : SortIntSeq) : SortIterable
   144	
   145	  inductive SortK : Type where
   146	    | dotk : SortK
   147	    | kseq (x0 : SortKItem) (x1 : SortK) : SortK
   148	
   149	  structure SortKCell : Type where
   150	    val : SortK
   151	
   152	  inductive SortKItem : Type where
   153	    | inj_SortApplyK (x : SortApplyK) : SortKItem
   154	    | inj_SortBool (x : SortBool) : SortKItem
   155	    | inj_SortBound (x : SortBound) : SortKItem
   156	    | inj_SortCellVars (x : SortCellVars) : SortKItem
   157	    | inj_SortCmpOp (x : SortCmpOp) : SortKItem
   158	    | inj_SortEntries (x : SortEntries) : SortKItem
   159	    | inj_SortEntry (x : SortEntry) : SortKItem
   160	    | inj_SortEnvCell (x : SortEnvCell) : SortKItem
   161	    | inj_SortExc (x : SortExc) : SortKItem
   162	    | inj_SortExcCell (x : SortExcCell) : SortKItem
   163	    | inj_SortExitCodeCell (x : SortExitCodeCell) : SortKItem
   164	    | inj_SortExpr (x : SortExpr) : SortKItem
   165	    | inj_SortExprs (x : SortExprs) : SortKItem
   166	    | inj_SortFloat (x : SortFloat) : SortKItem
   167	    | inj_SortFreeVars (x : SortFreeVars) : SortKItem
   168	    | inj_SortGeneratedCounterCell (x : SortGeneratedCounterCell) : SortKItem
   169	    | inj_SortGeneratedTopCell (x : SortGeneratedTopCell) : SortKItem
   170	    | inj_SortHeapCell (x : SortHeapCell) : SortKItem
   171	    | inj_SortHeapLocCell (x : SortHeapLocCell) : SortKItem
   172	    | inj_SortIndex (x : SortIndex) : SortKItem
   173	    | inj_SortInt (x : SortInt) : SortKItem
   174	    | inj_SortIntSeq (x : SortIntSeq) : SortKItem
   175	    | inj_SortIterable (x : SortIterable) : SortKItem
   176	    | inj_SortKCell (x : SortKCell) : SortKItem
   177	    | inj_SortList (x : SortList) : SortKItem
   178	    | inj_SortMap (x : SortMap) : SortKItem
   179	    | inj_SortModule (x : SortModule) : SortKItem
   180	    | inj_SortOptInt (x : SortOptInt) : SortKItem
   181	    | inj_SortParamNames (x : SortParamNames) : SortKItem
   182	    | inj_SortParams (x : SortParams) : SortKItem
   183	    | inj_SortRetCell (x : SortRetCell) : SortKItem
   184	    | inj_SortRetState (x : SortRetState) : SortKItem
   185	    | inj_SortScanState (x : SortScanState) : SortKItem
   186	    | inj_SortScopeLocCell (x : SortScopeLocCell) : SortKItem
   187	    | inj_SortScopesCell (x : SortScopesCell) : SortKItem
   188	    | inj_SortStackCell (x : SortStackCell) : SortKItem
   189	    | inj_SortStmt (x : SortStmt) : SortKItem
   190	    | inj_SortStmts (x : SortStmts) : SortKItem
   191	    | inj_SortStr (x : SortStr) : SortKItem
   192	    | inj_SortString (x : SortString) : SortKItem
   193	    | inj_SortVal (x : SortVal) : SortKItem
   194	    | inj_SortValSeq (x : SortValSeq) : SortKItem
   195	    | inj_SortVals (x : SortVals) : SortKItem
   196	    | «#allAcc(_)_MPY-BUILTINS_KItem_Iterable» (x0 : SortIterable) : SortKItem
   197	    | «#allCont_MPY-BUILTINS_KItem» : SortKItem
   198	    | «#alloc(_)_MPY-CORE_KItem_Val» (x0 : SortVal) : SortKItem
   199	    | «#allocCells(_)_MPY-CALL_KItem_ParamNames» (x0 : SortParamNames) : SortKItem
   200	    | «#anyAcc(_)_MPY-BUILTINS_KItem_Iterable» (x0 : SortIterable) : SortKItem
   201	    | «#anyCont_MPY-BUILTINS_KItem» : SortKItem
   202	    | «#applyK(_,_)_MPY-CORE_KItem_ApplyK_Vals» (x0 : SortApplyK) (x1 : SortVals) : SortKItem
   203	    | «#bindImports(_)_MPY-CONTROLS_KItem_ParamNames» (x0 : SortParamNames) : SortKItem
   204	    | «#bindP(_,_)_MPY-FUNCTIONS_KItem_ParamNames_Vals» (x0 : SortParamNames) (x1 : SortVals) : SortKItem
   205	    | «#bindTgt(_,_)_MPY-TUPLE_KItem_Expr_Val» (x0 : SortExpr) (x1 : SortVal) : SortKItem
   206	    | «#branch(_,_,_)_MPY-CONTROLS_KItem_Bool_Stmts_Stmts» (x0 : SortBool) (x1 : SortStmts) (x2 : SortStmts) : SortKItem
   207	    | «#brk_MPY-CONTROLS_KItem» : SortKItem
   208	    | «#callee(_)_MPY-CALL_KItem_Exprs» (x0 : SortExprs) : SortKItem
   209	    | «#cellW(_,_)_MPY-CORE_KItem_Val_Val» (x0 : SortVal) (x1 : SortVal) : SortKItem
   210	    | «#cont_MPY-CONTROLS_KItem» : SortKItem
   211	    | «#dictAcc(_,_,_)_MPY-DICT_KItem_Entries_ValSeq_ValSeq» (x0 : SortEntries) (x1 : SortValSeq) (x2 : SortValSeq) : SortKItem
   212	    | «#dictKey(_,_,_,_)_MPY-DICT_KItem_Expr_Entries_ValSeq_ValSeq» (x0 : SortExpr) (x1 : SortEntries) (x2 : SortValSeq) (x3 : SortValSeq) : SortKItem
   213	    | «#dictVal(_,_,_,_)_MPY-DICT_KItem_Val_Entries_ValSeq_ValSeq» (x0 : SortVal) (x1 : SortEntries) (x2 : SortValSeq) (x3 : SortValSeq) : SortKItem
   214	    | «#dsetK(_,_)_MPY-DICT_KItem_String_Val» (x0 : SortString) (x1 : SortVal) : SortKItem
   215	    | «#dsetV(_,_,_)_MPY-DICT_KItem_Val_Val_Val» (x0 : SortVal) (x1 : SortVal) (x2 : SortVal) : SortKItem
   216	    | «#endcall_MPY-FUNCTIONS_KItem» : SortKItem
   217	    | «#evalArgCont(_,_,_)_MPY-CORE_KItem_Exprs_Vals_ApplyK» (x0 : SortExprs) (x1 : SortVals) (x2 : SortApplyK) : SortKItem
   218	    | «#evalArgs(_,_,_)_MPY-CORE_KItem_Exprs_Vals_ApplyK» (x0 : SortExprs) (x1 : SortVals) (x2 : SortApplyK) : SortKItem
   219	    | «#evalB(_)_MPY-SUBSCRIPT_KItem_Bound» (x0 : SortBound) : SortKItem
   220	    | «#freezerAssert(_)_MPY-SYNTAX_Stmt_Expr0_» : SortKItem
   221	    | «#freezerAssign(_,_)_MPY-SYNTAX_Stmt_Expr_Expr1_» (x0 : SortK) : SortKItem
   222	    | «#freezerAttribute(_,_)_MPY-SYNTAX_Expr_Expr_String0_» (x0 : SortK) : SortKItem
   223	    | «#freezerAugAssign(_,_,_)_MPY-SYNTAX_Stmt_Expr_String_Expr2_» (x0 : SortK) (x1 : SortK) : SortKItem
   224	    | «#freezerBinOp(_,_,_)_MPY-SYNTAX_Expr_String_Expr_Expr1_» (x0 : SortK) (x1 : SortK) : SortKItem
   225	    | «#freezerBinOp(_,_,_)_MPY-SYNTAX_Expr_String_Expr_Expr2_» (x0 : SortK) (x1 : SortK) : SortKItem
   226	    | «#freezerBoolOp(_,_)_MPY-SYNTAX_Expr_String_Exprs1_» (x0 : SortK) (x1 : SortK) : SortKItem
   227	    | «#freezerCompare(_,_)_MPY-SYNTAX_Expr_Expr_CmpOp0_» (x0 : SortK) : SortKItem
   228	    | «#freezerCompare(_,_)_MPY-SYNTAX_Expr_Expr_CmpOp2_» (x0 : SortK) (x1 : SortK) : SortKItem
   229	    | «#freezerExpr(_)_MPY-SYNTAX_Stmt_Expr0_» : SortKItem
   230	    | «#freezerFor(_,_,_)_MPY-SYNTAX_Stmt_Expr_Expr_Stmts1_» (x0 : SortK) (x1 : SortK) : SortKItem
   231	    | «#freezerIf(_,_,_)_MPY-SYNTAX_Stmt_Expr_Stmts_Stmts0_» (x0 : SortK) (x1 : SortK) : SortKItem
   232	    | «#freezerIfExp(_,_,_)_MPY-SYNTAX_Expr_Expr_Expr_Expr0_» (x0 : SortK) (x1 : SortK) : SortKItem
   233	    | «#freezerReturn(_)_MPY-SYNTAX_Stmt_Expr0_» : SortKItem
   234	    | «#freezerSubscript(_,_)_MPY-SYNTAX_Expr_Expr_Index0_» (x0 : SortK) : SortKItem
   235	    | «#freezerSubscript(_,_)_MPY-SYNTAX_Expr_Expr_Index1_» (x0 : SortK) : SortKItem
   236	    | «#freezerUnaryOp(_,_)_MPY-SYNTAX_Expr_String_Expr1_» (x0 : SortK) : SortKItem
   237	    | «#iterDone_MPY-ITER_KItem» : SortKItem
   238	    | «#iterNext(_)_MPY-ITER_KItem_Iterable» (x0 : SortIterable) : SortKItem
   239	    | «#iterYield(_,_)_MPY-ITER_KItem_Val_Iterable» (x0 : SortVal) (x1 : SortIterable) : SortKItem
   240	    | «#kwTag(_)_MPY-CORE_KItem_String» (x0 : SortString) : SortKItem
   241	    | «#kxExport0(_)_VERIFICATION-KLEAN-EXPORT_KItem_ValSeq» (x0 : SortValSeq) : SortKItem
   242	    | «#kxExport1(_)_VERIFICATION-KLEAN-EXPORT_KItem_Val» (x0 : SortVal) : SortKItem
   243	    | «#kxExport10(_,_)_VERIFICATION-KLEAN-EXPORT_KItem_ValSeq_Int» (x0 : SortValSeq) (x1 : SortInt) : SortKItem
   244	    | «#kxExport11(_)_VERIFICATION-KLEAN-EXPORT_KItem_ValSeq» (x0 : SortValSeq) : SortKItem
   245	    | «#kxExport2(_)_VERIFICATION-KLEAN-EXPORT_KItem_Val» (x0 : SortVal) : SortKItem
   246	    | «#kxExport3(_,_,_,_,_)_VERIFICATION-KLEAN-EXPORT_KItem_Int_Int_Bool_Int_Bool» (x0 : SortInt) (x1 : SortInt) (x2 : SortBool) (x3 : SortInt) (x4 : SortBool) : SortKItem
   247	    | «#kxExport4(_,_)_VERIFICATION-KLEAN-EXPORT_KItem_ValSeq_ScanState» (x0 : SortValSeq) (x1 : SortScanState) : SortKItem
   248	    | «#kxExport5(_,_,_,_,_)_VERIFICATION-KLEAN-EXPORT_KItem_ValSeq_Int_Bool_Int_Bool» (x0 : SortValSeq) (x1 : SortInt) (x2 : SortBool) (x3 : SortInt) (x4 : SortBool) : SortKItem
   249	    | «#kxExport6(_)_VERIFICATION-KLEAN-EXPORT_KItem_ScanState» (x0 : SortScanState) : SortKItem
   250	    | «#kxExport7(_)_VERIFICATION-KLEAN-EXPORT_KItem_ScanState» (x0 : SortScanState) : SortKItem
   251	    | «#kxExport8(_)_VERIFICATION-KLEAN-EXPORT_KItem_ScanState» (x0 : SortScanState) : SortKItem
   252	    | «#kxExport9(_)_VERIFICATION-KLEAN-EXPORT_KItem_ScanState» (x0 : SortScanState) : SortKItem
   253	    | «#loadAll(_)_MPY-CORE_KItem_Module» (x0 : SortModule) : SortKItem
   254	    | «#look(_,_)_MPY-CORE_KItem_String_Int» (x0 : SortString) (x1 : SortInt) : SortKItem
   255	    | «#loop(_,_,_)_MPY-CONTROLS_KItem_Val_Expr_Stmts» (x0 : SortVal) (x1 : SortExpr) (x2 : SortStmts) : SortKItem
   256	    | «#loopLbl(_)_MPY-CONTROLS_KItem_K» (x0 : SortK) : SortKItem
   257	    | «#loopStep(_,_)_MPY-CONTROLS_KItem_Expr_Stmts» (x0 : SortExpr) (x1 : SortStmts) : SortKItem
   258	    | «#mathCeil_MPY-FLOAT_KItem» : SortKItem
   259	    | «#mathFloor_MPY-FLOAT_KItem» : SortKItem
   260	    | «#mathPow1(_)_MPY-FLOAT_KItem_Expr» (x0 : SortExpr) : SortKItem
   261	    | «#mathPow2(_)_MPY-FLOAT_KItem_Val» (x0 : SortVal) : SortKItem
   262	    | «#mathSqrt_MPY-FLOAT_KItem» : SortKItem
   263	    | «#maxAcc(_,_)_MPY-BUILTINS_KItem_Iterable_Int» (x0 : SortIterable) (x1 : SortInt) : SortKItem
   264	    | «#maxAcc0(_)_MPY-BUILTINS_KItem_Iterable» (x0 : SortIterable) : SortKItem
   265	    | «#maxAccF(_,_)_MPY-FLOAT_KItem_Iterable_Float» (x0 : SortIterable) (x1 : SortFloat) : SortKItem
   266	    | «#maxCont(_)_MPY-BUILTINS_KItem_Int» (x0 : SortInt) : SortKItem
   267	    | «#maxCont0_MPY-BUILTINS_KItem» : SortKItem
   268	    | «#maxContF(_)_MPY-FLOAT_KItem_Float» (x0 : SortFloat) : SortKItem
   269	    | «#md5_MPY-BUILTINS_KItem» : SortKItem
   270	    | «#memberAcc(_,_)_MPY-LIST_KItem_Val_Iterable» (x0 : SortVal) (x1 : SortIterable) : SortKItem
   271	    | «#memberCont(_)_MPY-LIST_KItem_Val» (x0 : SortVal) : SortKItem
   272	    | «#minAcc(_,_)_MPY-BUILTINS_KItem_Iterable_Int» (x0 : SortIterable) (x1 : SortInt) : SortKItem
   273	    | «#minAcc0(_)_MPY-BUILTINS_KItem_Iterable» (x0 : SortIterable) : SortKItem
   274	    | «#minAccF(_,_)_MPY-FLOAT_KItem_Iterable_Float» (x0 : SortIterable) (x1 : SortFloat) : SortKItem
   275	    | «#minCont(_)_MPY-BUILTINS_KItem_Int» (x0 : SortInt) : SortKItem
   276	    | «#minCont0_MPY-BUILTINS_KItem» : SortKItem
   277	    | «#minContF(_)_MPY-FLOAT_KItem_Float» (x0 : SortFloat) : SortKItem
   278	    | «#mkClosure(_,_,_,_,_,_)_MPY-FUNCTIONS_KItem_String_ParamNames_ParamNames_ParamNames_Stmts_Map» (x0 : SortString) (x1 : SortParamNames) (x2 : SortParamNames) (x3 : SortParamNames) (x4 : SortStmts) (x5 : SortMap) : SortKItem
   279	    | «#mkLambda(_,_,_,_,_)_MPY-FUNCTIONS_KItem_ParamNames_ParamNames_ParamNames_Stmts_Map» (x0 : SortParamNames) (x1 : SortParamNames) (x2 : SortParamNames) (x3 : SortStmts) (x4 : SortMap) : SortKItem
   280	    | «#notB_MPY-LIST_KItem» : SortKItem
   281	    | «#pop_MPY-FUNCTIONS_KItem» : SortKItem
   282	    | «#slHi(_,_,_)_MPY-SUBSCRIPT_KItem_Val_OptInt_Bound» (x0 : SortVal) (x1 : SortOptInt) (x2 : SortBound) : SortKItem
   283	    | «#slLo(_,_,_)_MPY-SUBSCRIPT_KItem_Val_Bound_Bound» (x0 : SortVal) (x1 : SortBound) (x2 : SortBound) : SortKItem
   284	    | «#slStep(_,_,_)_MPY-SUBSCRIPT_KItem_Val_OptInt_OptInt» (x0 : SortVal) (x1 : SortOptInt) (x2 : SortOptInt) : SortKItem
   285	    | «#sumAcc(_,_)_MPY-BUILTINS_KItem_Iterable_Int» (x0 : SortIterable) (x1 : SortInt) : SortKItem
   286	    | «#sumAccF(_,_)_MPY-FLOAT_KItem_Iterable_Float» (x0 : SortIterable) (x1 : SortFloat) : SortKItem
   287	    | «#sumCont(_)_MPY-BUILTINS_KItem_Int» (x0 : SortInt) : SortKItem
   288	    | «#sumContF(_)_MPY-FLOAT_KItem_Float» (x0 : SortFloat) : SortKItem
   289	    | «#toSome_MPY-SUBSCRIPT_KItem» : SortKItem
   290	    | «#unpackSeq(_,_)_MPY-TUPLE_KItem_Exprs_ValSeq» (x0 : SortExprs) (x1 : SortValSeq) : SortKItem
   291	    | «#while(_,_)_MPY-CONTROLS_KItem_Expr_Stmts» (x0 : SortExpr) (x1 : SortStmts) : SortKItem
   292	    | «#whileCond(_,_)_MPY-CONTROLS_KItem_Expr_Stmts» (x0 : SortExpr) (x1 : SortStmts) : SortKItem
   293	    | «frame(_,_,_)_MPY-FUNCTIONS_KItem_K_Int_Int» (x0 : SortK) (x1 : SortInt) (x2 : SortInt) : SortKItem
   294	
   295	  structure SortList : Type where
   296	    coll : List SortKItem
   297	
   298	  structure SortMap : Type where
   299	    coll : List (SortKItem × SortKItem)
   300	
   301	  inductive SortModule : Type where
   302	    | «Module(_)_MPY-SYNTAX_Module_Stmts» (x0 : SortStmts) : SortModule
   303	
   304	  structure SortRetCell : Type where
   305	    val : SortRetState
   306	
   307	  inductive SortRetState : Type where
   308	    | «noRet_MPY-CORE_RetState» : SortRetState
   309	    | «retV(_)_MPY-CORE_RetState_Val» (x0 : SortVal) : SortRetState
   310	
   311	  structure SortScopesCell : Type where
   312	    val : SortMap
   313	
   314	  structure SortStackCell : Type where
   315	    val : SortList
   316	
   317	  inductive SortStmt : Type where
   318	    | «Assert(_)_MPY-SYNTAX_Stmt_Expr» (x0 : SortExpr) : SortStmt
   319	    | «Assign(_,_)_MPY-SYNTAX_Stmt_Expr_Expr» (x0 : SortExpr) (x1 : SortExpr) : SortStmt
   320	    | «AugAssign(_,_,_)_MPY-SYNTAX_Stmt_Expr_String_Expr» (x0 : SortExpr) (x1 : SortString) (x2 : SortExpr) : SortStmt
   321	    | «Break_MPY-SYNTAX_Stmt» : SortStmt
   322	    | «Continue_MPY-SYNTAX_Stmt» : SortStmt
   323	    | «Expr(_)_MPY-SYNTAX_Stmt_Expr» (x0 : SortExpr) : SortStmt
   324	    | «For(_,_,_)_MPY-SYNTAX_Stmt_Expr_Expr_Stmts» (x0 : SortExpr) (x1 : SortExpr) (x2 : SortStmts) : SortStmt
   325	    | «FuncDef(_,_,_,_,_)_MPY-SYNTAX_Stmt_String_Params_CellVars_FreeVars_Stmts» (x0 : SortString) (x1 : SortParams) (x2 : SortCellVars) (x3 : SortFreeVars) (x4 : SortStmts) : SortStmt
   326	    | «FuncDef(_,_,_)_MPY-SYNTAX_Stmt_String_Params_Stmts» (x0 : SortString) (x1 : SortParams) (x2 : SortStmts) : SortStmt
   327	    | «If(_,_,_)_MPY-SYNTAX_Stmt_Expr_Stmts_Stmts» (x0 : SortExpr) (x1 : SortStmts) (x2 : SortStmts) : SortStmt
   328	    | «Import(_)_MPY-SYNTAX_Stmt_String» (x0 : SortString) : SortStmt
   329	    | «ImportFrom(_,_)_MPY-SYNTAX_Stmt_String_ParamNames» (x0 : SortString) (x1 : SortParamNames) : SortStmt
   330	    | «Return(_)_MPY-SYNTAX_Stmt_Expr» (x0 : SortExpr) : SortStmt
   331	    | «While(_,_)_MPY-SYNTAX_Stmt_Expr_Stmts» (x0 : SortExpr) (x1 : SortStmts) : SortStmt
   332	
   333	  inductive SortStmts : Type where
   334	    | «.List{"___MPY-SYNTAX_Stmts_Stmt_Stmts"}_Stmts» : SortStmts
   335	    | «___MPY-SYNTAX_Stmts_Stmt_Stmts» (x0 : SortStmt) (x1 : SortStmts) : SortStmts
   336	
   337	  inductive SortVal : Type where
   338	    | inj_SortBool (x : SortBool) : SortVal
   339	    | inj_SortFloat (x : SortFloat) : SortVal
   340	    | inj_SortInt (x : SortInt) : SortVal
   341	    | inj_SortIterable (x : SortIterable) : SortVal
   342	    | inj_SortStr (x : SortStr) : SortVal
   343	    | «boundMethodV(_,_)_MPY-CORE_Val_Val_String» (x0 : SortVal) (x1 : SortString) : SortVal
   344	    | «builtinV(_)_MPY-CORE_Val_String» (x0 : SortString) : SortVal
   345	    | «cellRef(_)_MPY-CORE_Val_Int» (x0 : SortInt) : SortVal
   346	    | «cellsMark(_)_MPY-CORE_Val_ParamNames» (x0 : SortParamNames) : SortVal
   347	    | «closureVal(_,_,_)_MPY-CORE_Val_ParamNames_Stmts_Int» (x0 : SortParamNames) (x1 : SortStmts) (x2 : SortInt) : SortVal
   348	    | «closureValC(_,_,_,_)_MPY-FUNCTIONS_Val_ParamNames_ParamNames_Stmts_Map» (x0 : SortParamNames) (x1 : SortParamNames) (x2 : SortStmts) (x3 : SortMap) : SortVal
   349	    | «dictV(_,_)_MPY-DICT_Val_ValSeq_ValSeq» (x0 : SortValSeq) (x1 : SortValSeq) : SortVal
   350	    | «kwV(_,_)_MPY-CORE_Val_String_Val» (x0 : SortString) (x1 : SortVal) : SortVal
   351	    | «md5Obj(_)_MPY-BUILTINS_Val_IntSeq» (x0 : SortIntSeq) : SortVal
   352	    | «noneV_MPY-CORE_Val» : SortVal
   353	    | «ref(_)_MPY-CORE_Val_Int» (x0 : SortInt) : SortVal
   354	    | «setV(_)_MPY-SET_Val_IntSeq» (x0 : SortIntSeq) : SortVal
   355	    | «typeV(_)_MPY-CORE_Val_String» (x0 : SortString) : SortVal
   356	
   357	  inductive SortValSeq : Type where
   358	    | «.ValSeq_MPY-CORE_ValSeq» : SortValSeq
   359	    | «vCons(_,_)_MPY-CORE_ValSeq_Val_ValSeq» (x0 : SortVal) (x1 : SortValSeq) : SortValSeq
   360	
   361	  inductive SortVals : Type where
   362	    | «.List{"_,__MPY-CORE_Vals_Val_Vals"}_Vals» : SortVals
   363	    | «_,__MPY-CORE_Vals_Val_Vals» (x0 : SortVal) (x1 : SortVals) : SortVals
   364	end
     1	import Klean90NextSmallest.Sorts
     2	
     3	instance : Inj SortBool SortBound where
     4	  inj := SortBound.inj_SortBool
     5	  retr
     6	    | SortBound.inj_SortBool x => some x
     7	    | _ => none
     8	
     9	instance : Inj SortExpr SortBound where
    10	  inj
    11	    | SortExpr.inj_SortBool x => SortBound.inj_SortBool x
    12	    | SortExpr.inj_SortFloat x => SortBound.inj_SortFloat x
    13	    | SortExpr.inj_SortInt x => SortBound.inj_SortInt x
    14	    | SortExpr.inj_SortIterable x => SortBound.inj_SortIterable x
    15	    | SortExpr.inj_SortStr x => SortBound.inj_SortStr x
    16	    | SortExpr.inj_SortVal x => SortBound.inj_SortVal x
    17	    | x => SortBound.inj_SortExpr x
    18	  retr
    19	    | SortBound.inj_SortBool x => some (SortExpr.inj_SortBool x)
    20	    | SortBound.inj_SortFloat x => some (SortExpr.inj_SortFloat x)
    21	    | SortBound.inj_SortInt x => some (SortExpr.inj_SortInt x)
    22	    | SortBound.inj_SortIterable x => some (SortExpr.inj_SortIterable x)
    23	    | SortBound.inj_SortStr x => some (SortExpr.inj_SortStr x)
    24	    | SortBound.inj_SortVal x => some (SortExpr.inj_SortVal x)
    25	    | SortBound.inj_SortExpr x => some x
    26	    | _ => none
    27	
    28	instance : Inj SortFloat SortBound where
    29	  inj := SortBound.inj_SortFloat
    30	  retr
    31	    | SortBound.inj_SortFloat x => some x
    32	    | _ => none
    33	
    34	instance : Inj SortInt SortBound where
    35	  inj := SortBound.inj_SortInt
    36	  retr
    37	    | SortBound.inj_SortInt x => some x
    38	    | _ => none
    39	
    40	instance : Inj SortIterable SortBound where
    41	  inj
    42	    | SortIterable.inj_SortStr x => SortBound.inj_SortStr x
    43	    | x => SortBound.inj_SortIterable x
    44	  retr
    45	    | SortBound.inj_SortStr x => some (SortIterable.inj_SortStr x)
    46	    | SortBound.inj_SortIterable x => some x
    47	    | _ => none
    48	
    49	instance : Inj SortStr SortBound where
    50	  inj := SortBound.inj_SortStr
    51	  retr
    52	    | SortBound.inj_SortStr x => some x
    53	    | _ => none
    54	
    55	instance : Inj SortVal SortBound where
    56	  inj
    57	    | SortVal.inj_SortBool x => SortBound.inj_SortBool x
    58	    | SortVal.inj_SortFloat x => SortBound.inj_SortFloat x
    59	    | SortVal.inj_SortInt x => SortBound.inj_SortInt x
    60	    | SortVal.inj_SortIterable x => SortBound.inj_SortIterable x
    61	    | SortVal.inj_SortStr x => SortBound.inj_SortStr x
    62	    | x => SortBound.inj_SortVal x
    63	  retr
    64	    | SortBound.inj_SortBool x => some (SortVal.inj_SortBool x)
    65	    | SortBound.inj_SortFloat x => some (SortVal.inj_SortFloat x)
    66	    | SortBound.inj_SortInt x => some (SortVal.inj_SortInt x)
    67	    | SortBound.inj_SortIterable x => some (SortVal.inj_SortIterable x)
    68	    | SortBound.inj_SortStr x => some (SortVal.inj_SortStr x)
    69	    | SortBound.inj_SortVal x => some x
    70	    | _ => none
    71	
    72	instance : Inj SortBool SortExpr where
    73	  inj := SortExpr.inj_SortBool
    74	  retr
    75	    | SortExpr.inj_SortBool x => some x
    76	    | _ => none
    77	
    78	instance : Inj SortFloat SortExpr where
    79	  inj := SortExpr.inj_SortFloat
    80	  retr
    81	    | SortExpr.inj_SortFloat x => some x
    82	    | _ => none
    83	
    84	instance : Inj SortInt SortExpr where
    85	  inj := SortExpr.inj_SortInt
    86	  retr
    87	    | SortExpr.inj_SortInt x => some x
    88	    | _ => none
    89	
    90	instance : Inj SortIterable SortExpr where
    91	  inj
    92	    | SortIterable.inj_SortStr x => SortExpr.inj_SortStr x
    93	    | x => SortExpr.inj_SortIterable x
    94	  retr
    95	    | SortExpr.inj_SortStr x => some (SortIterable.inj_SortStr x)
    96	    | SortExpr.inj_SortIterable x => some x
    97	    | _ => none
    98	
    99	instance : Inj SortStr SortExpr where
   100	  inj := SortExpr.inj_SortStr
   101	  retr
   102	    | SortExpr.inj_SortStr x => some x
   103	    | _ => none
   104	
   105	instance : Inj SortVal SortExpr where
   106	  inj
   107	    | SortVal.inj_SortBool x => SortExpr.inj_SortBool x
   108	    | SortVal.inj_SortFloat x => SortExpr.inj_SortFloat x
   109	    | SortVal.inj_SortInt x => SortExpr.inj_SortInt x
   110	    | SortVal.inj_SortIterable x => SortExpr.inj_SortIterable x
   111	    | SortVal.inj_SortStr x => SortExpr.inj_SortStr x
   112	    | x => SortExpr.inj_SortVal x
   113	  retr
   114	    | SortExpr.inj_SortBool x => some (SortVal.inj_SortBool x)
   115	    | SortExpr.inj_SortFloat x => some (SortVal.inj_SortFloat x)
   116	    | SortExpr.inj_SortInt x => some (SortVal.inj_SortInt x)
   117	    | SortExpr.inj_SortIterable x => some (SortVal.inj_SortIterable x)
   118	    | SortExpr.inj_SortStr x => some (SortVal.inj_SortStr x)
   119	    | SortExpr.inj_SortVal x => some x
   120	    | _ => none
   121	
   122	instance : Inj SortBool SortIndex where
   123	  inj := SortIndex.inj_SortBool
   124	  retr
   125	    | SortIndex.inj_SortBool x => some x
   126	    | _ => none
   127	
   128	instance : Inj SortExpr SortIndex where
   129	  inj
   130	    | SortExpr.inj_SortBool x => SortIndex.inj_SortBool x
   131	    | SortExpr.inj_SortFloat x => SortIndex.inj_SortFloat x
   132	    | SortExpr.inj_SortInt x => SortIndex.inj_SortInt x
   133	    | SortExpr.inj_SortIterable x => SortIndex.inj_SortIterable x
   134	    | SortExpr.inj_SortStr x => SortIndex.inj_SortStr x
   135	    | SortExpr.inj_SortVal x => SortIndex.inj_SortVal x
   136	    | x => SortIndex.inj_SortExpr x
   137	  retr
   138	    | SortIndex.inj_SortBool x => some (SortExpr.inj_SortBool x)
   139	    | SortIndex.inj_SortFloat x => some (SortExpr.inj_SortFloat x)
   140	    | SortIndex.inj_SortInt x => some (SortExpr.inj_SortInt x)
   141	    | SortIndex.inj_SortIterable x => some (SortExpr.inj_SortIterable x)
   142	    | SortIndex.inj_SortStr x => some (SortExpr.inj_SortStr x)
   143	    | SortIndex.inj_SortVal x => some (SortExpr.inj_SortVal x)
   144	    | SortIndex.inj_SortExpr x => some x
   145	    | _ => none
   146	
   147	instance : Inj SortFloat SortIndex where
   148	  inj := SortIndex.inj_SortFloat
   149	  retr
   150	    | SortIndex.inj_SortFloat x => some x
   151	    | _ => none
   152	
   153	instance : Inj SortInt SortIndex where
   154	  inj := SortIndex.inj_SortInt
   155	  retr
   156	    | SortIndex.inj_SortInt x => some x
   157	    | _ => none
   158	
   159	instance : Inj SortIterable SortIndex where
   160	  inj
   161	    | SortIterable.inj_SortStr x => SortIndex.inj_SortStr x
   162	    | x => SortIndex.inj_SortIterable x
   163	  retr
   164	    | SortIndex.inj_SortStr x => some (SortIterable.inj_SortStr x)
   165	    | SortIndex.inj_SortIterable x => some x
   166	    | _ => none
   167	
   168	instance : Inj SortStr SortIndex where
   169	  inj := SortIndex.inj_SortStr
   170	  retr
   171	    | SortIndex.inj_SortStr x => some x
   172	    | _ => none
   173	
   174	instance : Inj SortVal SortIndex where
   175	  inj
   176	    | SortVal.inj_SortBool x => SortIndex.inj_SortBool x
   177	    | SortVal.inj_SortFloat x => SortIndex.inj_SortFloat x
   178	    | SortVal.inj_SortInt x => SortIndex.inj_SortInt x
   179	    | SortVal.inj_SortIterable x => SortIndex.inj_SortIterable x
   180	    | SortVal.inj_SortStr x => SortIndex.inj_SortStr x
   181	    | x => SortIndex.inj_SortVal x
   182	  retr
   183	    | SortIndex.inj_SortBool x => some (SortVal.inj_SortBool x)
   184	    | SortIndex.inj_SortFloat x => some (SortVal.inj_SortFloat x)
   185	    | SortIndex.inj_SortInt x => some (SortVal.inj_SortInt x)
   186	    | SortIndex.inj_SortIterable x => some (SortVal.inj_SortIterable x)
   187	    | SortIndex.inj_SortStr x => some (SortVal.inj_SortStr x)
   188	    | SortIndex.inj_SortVal x => some x
   189	    | _ => none
   190	
   191	instance : Inj SortStr SortIterable where
   192	  inj := SortIterable.inj_SortStr
   193	  retr
   194	    | SortIterable.inj_SortStr x => some x
   195	    | _ => none
   196	
   197	instance : Inj SortApplyK SortKItem where
   198	  inj := SortKItem.inj_SortApplyK
   199	  retr
   200	    | SortKItem.inj_SortApplyK x => some x
   201	    | _ => none
   202	
   203	instance : Inj SortBool SortKItem where
   204	  inj := SortKItem.inj_SortBool
   205	  retr
   206	    | SortKItem.inj_SortBool x => some x
   207	    | _ => none
   208	
   209	instance : Inj SortBound SortKItem where
   210	  inj
   211	    | SortBound.inj_SortBool x => SortKItem.inj_SortBool x
   212	    | SortBound.inj_SortExpr x => SortKItem.inj_SortExpr x
   213	    | SortBound.inj_SortFloat x => SortKItem.inj_SortFloat x
   214	    | SortBound.inj_SortInt x => SortKItem.inj_SortInt x
   215	    | SortBound.inj_SortIterable x => SortKItem.inj_SortIterable x
   216	    | SortBound.inj_SortStr x => SortKItem.inj_SortStr x
   217	    | SortBound.inj_SortVal x => SortKItem.inj_SortVal x
   218	    | x => SortKItem.inj_SortBound x
   219	  retr
   220	    | SortKItem.inj_SortBool x => some (SortBound.inj_SortBool x)
   221	    | SortKItem.inj_SortExpr x => some (SortBound.inj_SortExpr x)
   222	    | SortKItem.inj_SortFloat x => some (SortBound.inj_SortFloat x)
   223	    | SortKItem.inj_SortInt x => some (SortBound.inj_SortInt x)
   224	    | SortKItem.inj_SortIterable x => some (SortBound.inj_SortIterable x)
   225	    | SortKItem.inj_SortStr x => some (SortBound.inj_SortStr x)
   226	    | SortKItem.inj_SortVal x => some (SortBound.inj_SortVal x)
   227	    | SortKItem.inj_SortBound x => some x
   228	    | _ => none
   229	
   230	instance : Inj SortCellVars SortKItem where
   231	  inj := SortKItem.inj_SortCellVars
   232	  retr
   233	    | SortKItem.inj_SortCellVars x => some x
   234	    | _ => none
   235	
   236	instance : Inj SortCmpOp SortKItem where
   237	  inj := SortKItem.inj_SortCmpOp
   238	  retr
   239	    | SortKItem.inj_SortCmpOp x => some x
   240	    | _ => none
   241	
   242	instance : Inj SortEntries SortKItem where
   243	  inj := SortKItem.inj_SortEntries
   244	  retr
   245	    | SortKItem.inj_SortEntries x => some x
   246	    | _ => none
   247	
   248	instance : Inj SortEntry SortKItem where
   249	  inj := SortKItem.inj_SortEntry
   250	  retr
   251	    | SortKItem.inj_SortEntry x => some x
   252	    | _ => none
   253	
   254	instance : Inj SortEnvCell SortKItem where
   255	  inj := SortKItem.inj_SortEnvCell
   256	  retr
   257	    | SortKItem.inj_SortEnvCell x => some x
   258	    | _ => none
   259	
   260	instance : Inj SortExc SortKItem where
   261	  inj := SortKItem.inj_SortExc
   262	  retr
   263	    | SortKItem.inj_SortExc x => some x
   264	    | _ => none
   265	
   266	instance : Inj SortExcCell SortKItem where
   267	  inj := SortKItem.inj_SortExcCell
   268	  retr
   269	    | SortKItem.inj_SortExcCell x => some x
   270	    | _ => none
   271	
   272	instance : Inj SortExitCodeCell SortKItem where
   273	  inj := SortKItem.inj_SortExitCodeCell
   274	  retr
   275	    | SortKItem.inj_SortExitCodeCell x => some x
   276	    | _ => none
   277	
   278	instance : Inj SortExpr SortKItem where
   279	  inj
   280	    | SortExpr.inj_SortBool x => SortKItem.inj_SortBool x
   281	    | SortExpr.inj_SortFloat x => SortKItem.inj_SortFloat x
   282	    | SortExpr.inj_SortInt x => SortKItem.inj_SortInt x
   283	    | SortExpr.inj_SortIterable x => SortKItem.inj_SortIterable x
   284	    | SortExpr.inj_SortStr x => SortKItem.inj_SortStr x
   285	    | SortExpr.inj_SortVal x => SortKItem.inj_SortVal x
   286	    | x => SortKItem.inj_SortExpr x
   287	  retr
   288	    | SortKItem.inj_SortBool x => some (SortExpr.inj_SortBool x)
   289	    | SortKItem.inj_SortFloat x => some (SortExpr.inj_SortFloat x)
   290	    | SortKItem.inj_SortInt x => some (SortExpr.inj_SortInt x)
   291	    | SortKItem.inj_SortIterable x => some (SortExpr.inj_SortIterable x)
   292	    | SortKItem.inj_SortStr x => some (SortExpr.inj_SortStr x)
   293	    | SortKItem.inj_SortVal x => some (SortExpr.inj_SortVal x)
   294	    | SortKItem.inj_SortExpr x => some x
   295	    | _ => none
   296	
   297	instance : Inj SortExprs SortKItem where
   298	  inj := SortKItem.inj_SortExprs
   299	  retr
   300	    | SortKItem.inj_SortExprs x => some x
   301	    | _ => none
   302	
   303	instance : Inj SortFloat SortKItem where
   304	  inj := SortKItem.inj_SortFloat
   305	  retr
   306	    | SortKItem.inj_SortFloat x => some x
   307	    | _ => none
   308	
   309	instance : Inj SortFreeVars SortKItem where
   310	  inj := SortKItem.inj_SortFreeVars
   311	  retr
   312	    | SortKItem.inj_SortFreeVars x => some x
   313	    | _ => none
   314	
   315	instance : Inj SortGeneratedCounterCell SortKItem where
   316	  inj := SortKItem.inj_SortGeneratedCounterCell
   317	  retr
   318	    | SortKItem.inj_SortGeneratedCounterCell x => some x
   319	    | _ => none
   320	
   321	instance : Inj SortGeneratedTopCell SortKItem where
   322	  inj := SortKItem.inj_SortGeneratedTopCell
   323	  retr
   324	    | SortKItem.inj_SortGeneratedTopCell x => some x
   325	    | _ => none
   326	
   327	instance : Inj SortHeapCell SortKItem where
   328	  inj := SortKItem.inj_SortHeapCell
   329	  retr
   330	    | SortKItem.inj_SortHeapCell x => some x
   331	    | _ => none
   332	
   333	instance : Inj SortHeapLocCell SortKItem where
   334	  inj := SortKItem.inj_SortHeapLocCell
   335	  retr
   336	    | SortKItem.inj_SortHeapLocCell x => some x
   337	    | _ => none
   338	
   339	instance : Inj SortIndex SortKItem where
   340	  inj
   341	    | SortIndex.inj_SortBool x => SortKItem.inj_SortBool x
   342	    | SortIndex.inj_SortExpr x => SortKItem.inj_SortExpr x
   343	    | SortIndex.inj_SortFloat x => SortKItem.inj_SortFloat x
   344	    | SortIndex.inj_SortInt x => SortKItem.inj_SortInt x
   345	    | SortIndex.inj_SortIterable x => SortKItem.inj_SortIterable x
   346	    | SortIndex.inj_SortStr x => SortKItem.inj_SortStr x
   347	    | SortIndex.inj_SortVal x => SortKItem.inj_SortVal x
   348	    | x => SortKItem.inj_SortIndex x
   349	  retr
   350	    | SortKItem.inj_SortBool x => some (SortIndex.inj_SortBool x)
   351	    | SortKItem.inj_SortExpr x => some (SortIndex.inj_SortExpr x)
   352	    | SortKItem.inj_SortFloat x => some (SortIndex.inj_SortFloat x)
   353	    | SortKItem.inj_SortInt x => some (SortIndex.inj_SortInt x)
   354	    | SortKItem.inj_SortIterable x => some (SortIndex.inj_SortIterable x)
   355	    | SortKItem.inj_SortStr x => some (SortIndex.inj_SortStr x)
   356	    | SortKItem.inj_SortVal x => some (SortIndex.inj_SortVal x)
   357	    | SortKItem.inj_SortIndex x => some x
   358	    | _ => none
   359	
   360	instance : Inj SortInt SortKItem where
   361	  inj := SortKItem.inj_SortInt
   362	  retr
   363	    | SortKItem.inj_SortInt x => some x
   364	    | _ => none
   365	
   366	instance : Inj SortIntSeq SortKItem where
   367	  inj := SortKItem.inj_SortIntSeq
   368	  retr
   369	    | SortKItem.inj_SortIntSeq x => some x
   370	    | _ => none
   371	
   372	instance : Inj SortIterable SortKItem where
   373	  inj
   374	    | SortIterable.inj_SortStr x => SortKItem.inj_SortStr x
   375	    | x => SortKItem.inj_SortIterable x
   376	  retr
   377	    | SortKItem.inj_SortStr x => some (SortIterable.inj_SortStr x)
   378	    | SortKItem.inj_SortIterable x => some x
   379	    | _ => none
   380	
   381	instance : Inj SortKCell SortKItem where
   382	  inj := SortKItem.inj_SortKCell
   383	  retr
   384	    | SortKItem.inj_SortKCell x => some x
   385	    | _ => none
   386	
   387	instance : Inj SortList SortKItem where
   388	  inj := SortKItem.inj_SortList
   389	  retr
   390	    | SortKItem.inj_SortList x => some x
   391	    | _ => none
   392	
   393	instance : Inj SortMap SortKItem where
   394	  inj := SortKItem.inj_SortMap
   395	  retr
   396	    | SortKItem.inj_SortMap x => some x
   397	    | _ => none
   398	
   399	instance : Inj SortModule SortKItem where
   400	  inj := SortKItem.inj_SortModule
   401	  retr
   402	    | SortKItem.inj_SortModule x => some x
   403	    | _ => none
   404	
   405	instance : Inj SortOptInt SortKItem where
   406	  inj := SortKItem.inj_SortOptInt
   407	  retr
   408	    | SortKItem.inj_SortOptInt x => some x
   409	    | _ => none
   410	
   411	instance : Inj SortParamNames SortKItem where
   412	  inj := SortKItem.inj_SortParamNames
   413	  retr
   414	    | SortKItem.inj_SortParamNames x => some x
   415	    | _ => none
   416	
   417	instance : Inj SortParams SortKItem where
   418	  inj := SortKItem.inj_SortParams
   419	  retr
   420	    | SortKItem.inj_SortParams x => some x
   421	    | _ => none
   422	
   423	instance : Inj SortRetCell SortKItem where
   424	  inj := SortKItem.inj_SortRetCell
   425	  retr
   426	    | SortKItem.inj_SortRetCell x => some x
   427	    | _ => none
   428	
   429	instance : Inj SortRetState SortKItem where
   430	  inj := SortKItem.inj_SortRetState
   431	  retr
   432	    | SortKItem.inj_SortRetState x => some x
   433	    | _ => none
   434	
   435	instance : Inj SortScanState SortKItem where
   436	  inj := SortKItem.inj_SortScanState
   437	  retr
   438	    | SortKItem.inj_SortScanState x => some x
   439	    | _ => none
   440	
   441	instance : Inj SortScopeLocCell SortKItem where
   442	  inj := SortKItem.inj_SortScopeLocCell
   443	  retr
   444	    | SortKItem.inj_SortScopeLocCell x => some x
   445	    | _ => none
   446	
   447	instance : Inj SortScopesCell SortKItem where
   448	  inj := SortKItem.inj_SortScopesCell
   449	  retr
   450	    | SortKItem.inj_SortScopesCell x => some x
   451	    | _ => none
   452	
   453	instance : Inj SortStackCell SortKItem where
   454	  inj := SortKItem.inj_SortStackCell
   455	  retr
   456	    | SortKItem.inj_SortStackCell x => some x
   457	    | _ => none
   458	
   459	instance : Inj SortStmt SortKItem where
   460	  inj := SortKItem.inj_SortStmt
   461	  retr
   462	    | SortKItem.inj_SortStmt x => some x
   463	    | _ => none
   464	
   465	instance : Inj SortStmts SortKItem where
   466	  inj := SortKItem.inj_SortStmts
   467	  retr
   468	    | SortKItem.inj_SortStmts x => some x
   469	    | _ => none
   470	
   471	instance : Inj SortStr SortKItem where
   472	  inj := SortKItem.inj_SortStr
   473	  retr
   474	    | SortKItem.inj_SortStr x => some x
   475	    | _ => none
   476	
   477	instance : Inj SortString SortKItem where
   478	  inj := SortKItem.inj_SortString
   479	  retr
   480	    | SortKItem.inj_SortString x => some x
   481	    | _ => none
   482	
   483	instance : Inj SortVal SortKItem where
   484	  inj
   485	    | SortVal.inj_SortBool x => SortKItem.inj_SortBool x
   486	    | SortVal.inj_SortFloat x => SortKItem.inj_SortFloat x
   487	    | SortVal.inj_SortInt x => SortKItem.inj_SortInt x
   488	    | SortVal.inj_SortIterable x => SortKItem.inj_SortIterable x
   489	    | SortVal.inj_SortStr x => SortKItem.inj_SortStr x
   490	    | x => SortKItem.inj_SortVal x
   491	  retr
   492	    | SortKItem.inj_SortBool x => some (SortVal.inj_SortBool x)
   493	    | SortKItem.inj_SortFloat x => some (SortVal.inj_SortFloat x)
   494	    | SortKItem.inj_SortInt x => some (SortVal.inj_SortInt x)
   495	    | SortKItem.inj_SortIterable x => some (SortVal.inj_SortIterable x)
   496	    | SortKItem.inj_SortStr x => some (SortVal.inj_SortStr x)
   497	    | SortKItem.inj_SortVal x => some x
   498	    | _ => none
   499	
   500	instance : Inj SortValSeq SortKItem where
   501	  inj := SortKItem.inj_SortValSeq
   502	  retr
   503	    | SortKItem.inj_SortValSeq x => some x
   504	    | _ => none
   505	
   506	instance : Inj SortVals SortKItem where
   507	  inj := SortKItem.inj_SortVals
   508	  retr
   509	    | SortKItem.inj_SortVals x => some x
   510	    | _ => none
   511	
   512	instance : Inj SortBool SortVal where
   513	  inj := SortVal.inj_SortBool
   514	  retr
   515	    | SortVal.inj_SortBool x => some x
   516	    | _ => none
   517	
   518	instance : Inj SortFloat SortVal where
   519	  inj := SortVal.inj_SortFloat
   520	  retr
   521	    | SortVal.inj_SortFloat x => some x
   522	    | _ => none
   523	
   524	instance : Inj SortInt SortVal where
   525	  inj := SortVal.inj_SortInt
   526	  retr
   527	    | SortVal.inj_SortInt x => some x
   528	    | _ => none
   529	
   530	instance : Inj SortIterable SortVal where
   531	  inj
   532	    | SortIterable.inj_SortStr x => SortVal.inj_SortStr x
   533	    | x => SortVal.inj_SortIterable x
   534	  retr
   535	    | SortVal.inj_SortStr x => some (SortIterable.inj_SortStr x)
   536	    | SortVal.inj_SortIterable x => some x
   537	    | _ => none
   538	
   539	instance : Inj SortStr SortVal where
   540	  inj := SortVal.inj_SortStr
   541	  retr
   542	    | SortVal.inj_SortStr x => some x
   543	    | _ => none
     1	import Klean90NextSmallest.Inj
     2	
     3	def _105572a : SortK → Option SortBool
     4	  | K => some false
     5	
     6	def _5b9db8d : SortBool → SortBool → Option SortBool
     7	  | true, B => some B
     8	  | _, _ => none
     9	
    10	def _61fbef3 : SortBool → SortBool → Option SortBool
    11	  | false, _Gen0 => some false
    12	  | _, _ => none
    13	
    14	def _92664aa : SortK → Option SortBool
    15	  | SortK.kseq (SortKItem.inj_SortInt Int) SortK.dotk => some true
    16	  | _ => none
    17	
    18	def _d0a8392 : SortValSeq → Option SortBool
    19	  | SortValSeq.«.ValSeq_MPY-CORE_ValSeq» => some true
    20	  | _ => none
    21	
    22	noncomputable local instance : DecidableEq SortKItem :=
    23	  Classical.typeDecidableEq SortKItem
    24	
    25	private noncomputable def kleanMapLookupModel
    26	    (entries : List (SortKItem × SortKItem))
    27	    (key : SortKItem) : Option SortKItem :=
    28	  match entries with
    29	  | [] => none
    30	  | (candidate, value) :: rest =>
    31	      if candidate = key then some value
    32	      else kleanMapLookupModel rest key
    33	
    34	private noncomputable def kleanMapContainsModel
    35	    (entries : List (SortKItem × SortKItem))
    36	    (key : SortKItem) : Bool :=
    37	  match entries with
    38	  | [] => false
    39	  | (candidate, _) :: rest =>
    40	      if candidate = key then true
    41	      else kleanMapContainsModel rest key
    42	
    43	private noncomputable def kleanMapDisjointModel
    44	    (left right : List (SortKItem × SortKItem)) : Bool :=
    45	  match right with
    46	  | [] => true
    47	  | (key, _) :: rest =>
    48	      if kleanMapContainsModel left key then false
    49	      else kleanMapDisjointModel left rest
    50	
    51	private noncomputable def kleanMapDeleteModel
    52	    (entries : List (SortKItem × SortKItem))
    53	    (key : SortKItem) : List (SortKItem × SortKItem) :=
    54	  match entries with
    55	  | [] => []
    56	  | (candidate, value) :: rest =>
    57	      if candidate = key then kleanMapDeleteModel rest key
    58	      else (candidate, value) :: kleanMapDeleteModel rest key
    59	
    60	private noncomputable def kleanMapUpdateModel
    61	    (entries : List (SortKItem × SortKItem))
    62	    (key value : SortKItem) : List (SortKItem × SortKItem) :=
    63	  match entries with
    64	  | [] => [(key, value)]
    65	  | (candidate, oldValue) :: rest =>
    66	      if candidate = key then (key, value) :: rest
    67	      else (candidate, oldValue) :: kleanMapUpdateModel rest key value
    68	
    69	noncomputable def «.List» : Option SortList := some ⟨[]⟩
    70	
    71	noncomputable def «.Map» : Option SortMap := some ⟨[]⟩
    72	
    73	noncomputable def _List_ (x0 : SortList) (x1 : SortList) : Option SortList := some ⟨x0.coll ++ x1.coll⟩
    74	
    75	noncomputable def _Map_ (x0 : SortMap) (x1 : SortMap) : Option SortMap :=
    76	  if kleanMapDisjointModel x0.coll x1.coll then
    77	    some ⟨x0.coll ++ x1.coll⟩
    78	  else none
    79	
    80	noncomputable def «_|->_» (x0 : SortKItem) (x1 : SortKItem) : Option SortMap :=
    81	  some ⟨[(x0, x1)]⟩
    82	
    83	noncomputable def ListItem (x0 : SortKItem) : Option SortList :=
    84	  some ⟨[x0]⟩
    85	
    86	axiom «lastInt(_,_)_VERIFICATION_Int_ValSeq_Int» (x0 : SortValSeq) (x1 : SortInt) : Option SortInt
    87	
    88	axiom «nextSmallestSpec(_)_VERIFICATION_Val_ValSeq» (x0 : SortValSeq) : Option SortVal
    89	
    90	axiom projectIntTotal (x0 : SortVal) : Option SortInt
    91	
    92	axiom «scanAfter(_,_)_VERIFICATION_ScanState_ValSeq_ScanState» (x0 : SortValSeq) (x1 : SortScanState) : Option SortScanState
    93	
    94	axiom «scanFoundSecond(_)_VERIFICATION_Bool_ScanState» (x0 : SortScanState) : Option SortBool
    95	
    96	axiom «scanFoundSmallest(_)_VERIFICATION_Bool_ScanState» (x0 : SortScanState) : Option SortBool
    97	
    98	axiom «scanSecond(_)_VERIFICATION_Int_ScanState» (x0 : SortScanState) : Option SortInt
    99	
   100	axiom «scanSmallest(_)_VERIFICATION_Int_ScanState» (x0 : SortScanState) : Option SortInt
   101	
   102	axiom «scanStep(_,_,_,_,_)_VERIFICATION_ScanState_Int_Int_Bool_Int_Bool» (x0 : SortInt) (x1 : SortInt) (x2 : SortBool) (x3 : SortInt) (x4 : SortBool) : Option SortScanState
   103	
   104	axiom «scanVS(_,_,_,_,_)_VERIFICATION_ScanState_ValSeq_Int_Bool_Int_Bool» (x0 : SortValSeq) (x1 : SortInt) (x2 : SortBool) (x3 : SortInt) (x4 : SortBool) : Option SortScanState
   105	
   106	def _andBool_ (x0 : SortBool) (x1 : SortBool) : Option SortBool := (_5b9db8d x0 x1) <|> (_61fbef3 x0 x1)
   107	
   108	def isInt (x0 : SortK) : Option SortBool := (_92664aa x0) <|> (_105572a x0)
   109	
   110	mutual
   111	  def _01539d8 : SortValSeq → Option SortBool
   112	    | SortValSeq.«vCons(_,_)_MPY-CORE_ValSeq_Val_ValSeq» V REST => do
   113	      let _Val0 <- isInt (SortK.kseq ((@inj SortVal SortKItem) V) SortK.dotk)
   114	      let _Val1 <- «allInts(_)_VERIFICATION_Bool_ValSeq» REST
   115	      let _Val2 <- _andBool_ _Val0 _Val1
   116	      return _Val2
   117	    | _ => none
   118	
   119	  def «allInts(_)_VERIFICATION_Bool_ValSeq» (x0 : SortValSeq) : Option SortBool := (_01539d8 x0) <|> (_d0a8392 x0)
   120	end
   121	
   122	def _21add3b : SortVal → Option SortBool
   123	  | V => do
   124	    let _Val0 <- isInt (SortK.kseq ((@inj SortVal SortKItem) V) SortK.dotk)
   125	    return _Val0
   126	
   127	def «definedProjectInt(_)_VERIFICATION_Bool_Val» (x0 : SortVal) : Option SortBool := _21add3b x0
     1	/-
     2	K Prelude in Lean 4
     3	
     4	Functions with the `hook` attribute need to have a manual implementation in the backends.
     5	This file contains the Lean 4 definitions of the hooked functions in `domains.md`.
     6	
     7	Currently we translate hooked functions as uninterpreted functions together with axioms asserting their behavior.
     8	The current definition can be put into three levels:
     9	
    10	1. Signature Level:
    11	The signature of the hooks, this includes aliases for Sorts and function symbols for hooked functions.
    12	
    13	2. Rule Level:
    14	The behavior of the uninterpreted symbols can be asserted through axioms or theorems.
    15	Inconsistencies can arise from them, so it falls under the user to make sure axioms are consistent and/or theorems provable.
    16	
    17	3. Simplification Level:
    18	With the theory defined through function rules, simplifications can be stated as theorems.
    19	These theorems should be provable directly from the function rules and the semantics of the Sorts.
    20	 -/
    21	
    22	-- Basic K types
    23	abbrev SortBool         : Type := Bool
    24	abbrev SortBytes        : Type := ByteArray
    25	abbrev SortId           : Type := String
    26	abbrev SortFloat        : Type := Float
    27	abbrev SortInt          : Type := Int
    28	abbrev SortString       : Type := String
    29	abbrev SortStringBuffer : Type := String
    30	
    31	/-
    32	The `Map` sort represents a generalized associative array.
    33	Each key can be paired with an arbitrary value, and can be used to reference its associated value.
    34	Multiple bindings for the same key are not allowed.
    35	Note that both keys and values will always be KItems.
    36	 -/
    37	
    38	-- Signature to be instantiated by map implementations
    39	structure MapHookSig (K V : Type) where
    40	  unit       : List (K × V)
    41	  cons       : K → V → List (K × V) → List (K × V)
    42	  lookup     : List (K × V) → K → Option V
    43	  lookup?    : List (K × V) → K → V -- lookup with default
    44	  update     : K → V → List (K × V) → List (K × V)
    45	  delete     : List (K × V) → K → List (K × V)
    46	  concat     : List (K × V) → List (K × V) → Option (List (K × V))
    47	  difference : List (K × V) → List (K × V) → List (K × V)
    48	  updateMap  : List (K × V) → List (K × V) → List (K × V)
    49	  removeAll  : List (K × V) → List K → List (K × V)
    50	  keys       : List (K × V) → List K
    51	  in_keys    : List (K × V) → K → Bool
    52	  values     : List (K × V) → List V
    53	  size       : List (K × V) → Nat
    54	  includes   : List (K × V) → List (K × V) → Bool -- List (K × V) inclusion
    55	  choice     : List (K × V) → K -- arbitrary key from a List (K × V)
    56	  -- nodup is not satisfiable in the current implementation with `List (K × V)`
    57	  -- nodup      : forall al : List (K × V), List.Nodup (keys al)
    58	  split      : List (K × V) → List K → Option (List V × List (K × V))
    59	
    60	-- We use axioms to have uninterpreted functions
    61	namespace MapHookDef
    62	  variable (K V : Type)
    63	  axiom unitAx       : List (K × V)
    64	  axiom consAx       : K → V → List (K × V) → List (K × V)
    65	  axiom lookupAx     : List (K × V) → K → Option V
    66	  axiom lookupAx?    : List (K × V) → K → V -- lookup with default
    67	  axiom updateAx     : K → V → List (K × V) → List (K × V)
    68	  axiom deleteAx     : List (K × V) → K → List (K × V)
    69	  axiom concatAx     : List (K × V) → List (K × V) → Option (List (K × V))
    70	  axiom differenceAx : List (K × V) → List (K × V) → List (K × V)
    71	  axiom updateMapAx  : List (K × V) → List (K × V) → List (K × V)
    72	  axiom removeAllAx  : List (K × V) → List K → List (K × V)
    73	  axiom keysAx       : List (K × V) → List K
    74	  axiom in_keysAx    : List (K × V) → K → Bool
    75	  axiom valuesAx     : List (K × V) → List V
    76	  axiom sizeAx       : List (K × V) → Nat
    77	  axiom includesAx   : List (K × V) → List (K × V) → Bool -- map inclusion
    78	  axiom choiceAx     : List (K × V) → K -- arbitrary key from a map
    79	  -- axiom nodupAx      : forall m, List.Nodup (keysAx K V m)
    80	  axiom splitAx      : List (K × V) → List K → Option (List V × List (K × V))
    81	end MapHookDef
    82	
    83	-- Uninterpreted Map implementation
    84	noncomputable def MapHook (K V : Type) : MapHookSig K V :=
    85	  { unit       := MapHookDef.unitAx K V,
    86	    cons       := MapHookDef.consAx K V,
    87	    lookup     := MapHookDef.lookupAx K V,
    88	    lookup?    := MapHookDef.lookupAx? K V,
    89	    update     := MapHookDef.updateAx K V,
    90	    delete     := MapHookDef.deleteAx K V,
    91	    concat     := MapHookDef.concatAx K V,
    92	    difference := MapHookDef.differenceAx K V,
    93	    updateMap  := MapHookDef.updateMapAx K V,
    94	    removeAll  := MapHookDef.removeAllAx K V,
    95	    keys       := MapHookDef.keysAx K V,
    96	    in_keys    := MapHookDef.in_keysAx K V,
    97	    values     := MapHookDef.valuesAx K V,
    98	    size       := MapHookDef.sizeAx K V,
    99	    includes   := MapHookDef.includesAx K V,
   100	    choice     := MapHookDef.choiceAx K V,
   101	    -- nodup      := MapHookDef.nodupAx K V,
   102	    split      := MapHookDef.splitAx K V }
   103	
   104	/-
   105	Implementation of immutable, associative, commutative sets of `KItem`.
   106	The sets are nilpotent, i.e., the concatenation of two sets containing elements in common is `#False` (note however, this may be silently allowed during concrete execution).
   107	If you intend to add an element to a set that might already be present in the set, use the `|Set` operator instead.
   108	 -/
   109	
   110	structure SetHookSig (T : Type) where
   111	  unit         : List T
   112	  concat       : List T → List T → Option (List T)
   113	  element      : T → List T
   114	  union        : List T → List T → List T
   115	  intersection : List T → List T → List T
   116	  difference   : List T → List T → List T
   117	  inSet        : T → List T → Bool
   118	  inclusion    : List T → List T → Bool
   119	  size         : List T → Int
   120	  choice       : List T → T
   121	  split        : List T → List T → Option (List T)
   122	
   123	namespace SetHookDef
   124	  variable (T : Type)
   125	  axiom unitAx         : List T
   126	  axiom concatAx       : List T → List T → Option (List T)
   127	  axiom elementAx      : T → List T
   128	  axiom unionAx        : List T → List T → List T
   129	  axiom intersectionAx : List T → List T → List T
   130	  axiom differenceAx   : List T → List T → List T
   131	  axiom inSetAx        : T → List T → Bool
   132	  axiom inclusionAx    : List T → List T → Bool
   133	  axiom sizeAx         : List T → Int
   134	  axiom choiceAx       : List T → T
   135	  axiom splitAx        : List T → List T → Option (List T)
   136	end SetHookDef
   137	
   138	noncomputable def SetHook (T : Type) : SetHookSig T :=
   139	  { unit         := SetHookDef.unitAx T,
   140	    concat       := SetHookDef.concatAx T,
   141	    element      := SetHookDef.elementAx T,
   142	    union        := SetHookDef.unionAx T,
   143	    intersection := SetHookDef.intersectionAx T,
   144	    difference   := SetHookDef.differenceAx T,
   145	    inSet        := SetHookDef.inSetAx T,
   146	    inclusion    := SetHookDef.inclusionAx T,
   147	    size         := SetHookDef.sizeAx T,
   148	    choice       := SetHookDef.choiceAx T,
   149	    split        := SetHookDef.splitAx T }
   150	
   151	/-
   152	The `List` sort is an ordered collection that may contain duplicate elements.
   153	 -/
   154	
   155	structure listHookSig (T : Type) where
   156	  unit      : List T
   157	  concat    : List T → List T → Option (List T)
   158	  element   : T → List T
   159	  push      : T → List T → List T
   160	  get       : Int → List T → Option T
   161	  updte     : Int → T → List T → Option (List T)
   162	  -- create a List T with `length` elements, each containing  `value`. `Option` return type from `Int` parameter
   163	  make      : Int → T → Option (List T)
   164	  -- create a new `List T` which is equal to `dest` except the  `N` elements starting at `index` are replaced with the   contents of `src`
   165	  -- Having `index + size(src) > size(dest)` is undefined
   166	  -- updateList(dest: List T, index: Int, src: List T)
   167	  updateAll : List T → Int → List T → Option (List T)
   168	  -- create a new `List T` where the `length` elements starting   at `index` are replaced with `value`
   169	  fill      : List T → Int → T → Option (List T)
   170	  -- compute a new `List T` by removing `fromFront` elements from   the front of the list and `fromBack` elements from the back   of the List T
   171	  -- range(List T, fromFront: Int, fromBack: Int)
   172	  range     : List T → Int → Int → Option (List T)
   173	  -- compute whether an element is in a List T
   174	  -- the hook is `in`, but clashes with Lean syntax
   175	  inList    : T → List T → Bool
   176	  size      : List T → Int
   177	  -- split list into prefix, middle and postfix, given prefix and postfix length
   178	  split     : List T → Nat → Nat → Option (List T × List T × List T)
   179	
   180	namespace ListHookDef
   181	  variable (T : Type)
   182	  axiom unitAx      : List T
   183	  axiom concatAx    : List T → List T → Option (List T)
   184	  axiom elementAx   : T → List T
   185	  axiom pushAx      : T → List T → List T
   186	  axiom getAx       : Int → List T → Option T
   187	  axiom updteAx     : Int → T → List T → Option (List T)
   188	  axiom makeAx      : Int → T → Option (List T)
   189	  axiom updateAllAx : List T → Int → List T → Option (List T)
   190	  axiom fillAx      : List T → Int → T → Option (List T)
   191	  axiom rangeAx     : List T → Int → Int → Option (List T)
   192	  axiom inListAx    : T → List T → Bool
   193	  axiom sizeAx      : List T → Int
   194	  axiom splitAx     : List T → Nat → Nat → Option (List T × List T × List T)
   195	end ListHookDef
   196	
   197	noncomputable def ListHook (T : Type) : listHookSig T :=
   198	  { unit      := ListHookDef.unitAx T,
   199	    concat    := ListHookDef.concatAx T,
   200	    element   := ListHookDef.elementAx T,
   201	    push      := ListHookDef.pushAx T,
   202	    get       := ListHookDef.getAx T,
   203	    updte     := ListHookDef.updteAx T,
   204	    make      := ListHookDef.makeAx T,
   205	    updateAll := ListHookDef.updateAllAx T,
   206	    fill      := ListHookDef.fillAx T,
   207	    range     := ListHookDef.rangeAx T,
   208	    inList    := ListHookDef.inListAx T,
   209	    size      := ListHookDef.sizeAx T,
   210	    split     := ListHookDef.splitAx T }
   211	
   212	class Inj (From To : Type) : Type where
   213	  inj (x : From) : To
   214	  retr (x : To) : Option From
   215	
   216	def inj {From To : Type} [inst : Inj From To] := inst.inj
   217	def retr {From To : Type} [inst : Inj From To] := inst.retr
   218	
   219	-- Instances
   220	
   221	instance: BEq UInt8 where
   222	  beq a b := decide (Eq a b)
   223	
   224	instance: BEq SortBytes where
   225	  beq a b := (ByteArray.toList a) == (ByteArray.toList b)
   226	
   227	def ByteArray.decEq (a b : ByteArray) : Decidable (Eq a b) :=
   228	  match a, b with
   229	  | ⟨⟨al⟩⟩, ⟨⟨bl⟩⟩ => match List.hasDecEq al bl with
   230	    | isTrue t => isTrue (by rw [t])
   231	    | isFalse f => isFalse (by simp [f])
   232	
   233	instance: DecidableEq SortBytes := ByteArray.decEq
   234	
   235	/-! ### Function Implementations -/
   236	
   237	-- `SortInt`
   238	
   239	-- Operations
   240	def «_+Int_» (x0 x1 : SortInt) : Option SortInt := some (x0 + x1)
   241	def «_-Int_» (x0 x1 : SortInt) : Option SortInt := some (x0 - x1)
   242	def «_*Int_» (x0 x1 : SortInt) : Option SortInt := some (x0 * x1)
   243	def «_/Int_» (x0 x1 : SortInt) : Option SortInt :=
   244	  ite (x1 == 0) none (Int.tdiv x0 x1)
   245	def _modInt_ (x0 x1 : SortInt) : Option SortInt :=
   246	  ite (x1 == 0) none (Int.emod x0 x1)
   247	def «_^%Int__» (x0 x1 x2 : SortInt) : Option SortInt :=
   248	   if x2 == 0 then none else
   249	   match x1 with -- TODO: Revisit this implementation
   250	   | .ofNat n => some (Int.emod (Int.pow x0 n) x2)
   251	   | _ => none
   252	def «maxInt(_,_)_INT-COMMON_Int_Int_Int» (x0 x1 : SortInt) :=
   253	  some (ite (x0 < x1) x1 x0)
   254	def «log2Int(_)_INT-COMMON_Int_Int» (x0 : SortInt) : Option SortInt :=
   255	  ite (0 < x0) ((Nat.log2 x0.toNat) : Int) none
   256	def «~Int_» (x0 : SortInt) : Option SortInt := some (.not x0)
   257	
   258	-- Comparisons
   259	def «_<=Int_» (x0 x1 : SortInt) : Option SortBool := some (x0 <= x1)
   260	def «_>=Int_» (x0 x1 : SortInt) : Option SortBool := some (x0 >= x1)
   261	def «_<Int_» (x0 x1 : SortInt) : Option SortBool := some (x0 < x1)
   262	def «_>Int_» (x0 x1 : SortInt) : Option SortBool := some (x0 > x1)
   263	def «_==Int_» (x0 x1 : SortInt) : Option SortBool := some (x0 == x1)
   264	
   265	-- `SortBytes`
   266	
   267	inductive SortEndianness : Type where
   268	  | bigEndianBytes : SortEndianness
   269	  | littleEndianBytes : SortEndianness
   270	  deriving BEq, DecidableEq
   271	
   272	inductive SortSignedness : Type where
   273	  | signedBytes : SortSignedness
   274	  | unsignedBytes : SortSignedness
   275	  deriving BEq, DecidableEq
   276	
   277	def «.Bytes_BYTES-HOOKED_Bytes» : Option SortBytes := some .empty
   278	
   279	-- Adapted from https://github.com/runtimeverification/haskell-backend/blob/362dab30d6435ec117862fea722be67373572034/kore/src/Kore/Builtin/InternalBytes.hs#L496-L511
   280	def «Int2Bytes(_,_,_)_BYTES-HOOKED_Bytes_Int_Int_Endianness» (x0 x1 : SortInt) (x2 : SortEndianness) : Option SortBytes :=
   281	  match x2 with
   282	  | .littleEndianBytes => some littleEndian.toByteArray
   283	  | .bigEndianBytes => some littleEndian.reverse.toByteArray
   284	  where
   285	  littleEndian : List UInt8 :=
   286	    let pad := ite (x1 < 0) 0xFF 0x00
   287	    let rec bytes (len : Nat) (n : Int) : List UInt8 :=
   288	      match len, n with
   289	      | 0, _ => []
   290	      | .succ l, 0 => pad :: bytes l 0
   291	      | .succ l, n => ⟨(n % 256).toNat⟩ :: bytes l (n / 256)
   292	    bytes x0.toNat x1
   293	
   294	-- Adapted from
   295	-- https://github.com/runtimeverification/haskell-backend/blob/362dab30d6435ec117862fea722be67373572034/kore/src/Kore/Builtin/InternalBytes.hs#L527-L543
   296	-- Note that we use `List.foldl` and not `ByteArray.foldl` for ease of reasoning
   297	def «Bytes2Int(_,_,_)_BYTES-HOOKED_Int_Bytes_Endianness_Signedness» (bytes : SortBytes) (endian : SortEndianness) (sign : SortSignedness) : Option SortInt :=
   298	  match sign with
   299	  | .unsignedBytes => Int.ofNat unsigned
   300	  | .signedBytes => if 2 * unsigned >= modulus then (Int.ofNat unsigned) - (Int.ofNat modulus)
   301	                    else Int.ofNat unsigned
   302	  where
   303	  modulus : Nat := res.1
   304	  unsigned : Nat := res.2
   305	  res : Nat×Nat :=
   306	    let littleEndian := match endian with
   307	                        | .littleEndianBytes => bytes.toList
   308	                            --match bytes with |⟨⟨l⟩⟩ => l
   309	                        | .bigEndianBytes => bytes.toList.reverse
   310	                            --match bytes with |⟨⟨l⟩⟩ => l.reverse
   311	    let go (res : Nat×Nat) (b : UInt8) : Nat×Nat :=
   312	      -- `place` is `res.1`
   313	      -- `acc` is `res.2`
   314	      let place := res.1 * 0x100
   315	      let acc := res.2 + res.1 * b.toNat
   316	      ⟨place, acc⟩
   317	    List.foldl go (1, 0) littleEndian
   318	
   319	/--
   320	Pads to the right `len - b.length` bytes with specified `val` value
   321	-/
   322	def «padRightBytes(_,_,_)_BYTES-HOOKED_Bytes_Bytes_Int_Int» (b : SortBytes) (len val : SortInt) : Option SortBytes :=
   323	  if val < 0 ∨ 255 < val then none else
   324	  some { data := (Array.rightpad len.toNat (⟨val.toNat⟩ : UInt8) b.data)}
   325	
   326	/--
   327	Pads to the left `len - b.length` bytes with specified `val` value
   328	-/
   329	def «padLeftBytes(_,_,_)_BYTES-HOOKED_Bytes_Bytes_Int_Int» (b : SortBytes) (len val : SortInt) : Option SortBytes :=
   330	  if val < 0 ∨ 255 < val then none else
   331	  some { data := (Array.leftpad len.toNat (⟨val.toNat⟩ : UInt8) b.data)}
   332	
   333	def «lengthBytes(_)_BYTES-HOOKED_Int_Bytes» (x0 : SortBytes) : Option SortInt :=
   334	  Int.ofNat x0.size
   335	
   336	/--
   337	Replaces the contents of `dest` from index `index` with the contents of `src`
   338	If `dest.size < index + src.size` the result is `none`
   339	-/
   340	def «replaceAtBytes(_,_,_)_BYTES-HOOKED_Bytes_Bytes_Int_Bytes» (dest : SortBytes) (index : SortInt) (src : SortBytes) : Option SortBytes :=
   341	  if index < 0 then none else
   342	  if dest.size < index + src.size then none else
   343	  let init := dest.data.extract 0 index.toNat
   344	  let rem := dest.data.extract (index.toNat + src.size) dest.size
   345	  some { data := init ++ src.data ++ rem }
   346	
   347	/--
   348	Get a new `Bytes` object containing a range of bytes from the input `Bytes`
   349	-/
   350	def «substrBytes(_,_,_)_BYTES-HOOKED_Bytes_Bytes_Int_Int» (b : SortBytes) (startIndex : SortInt) (endIndex : SortInt) : Option SortBytes :=
   351	  if startIndex < 0 then none else
   352	  if endIndex < startIndex then none else
   353	  if b.size < endIndex then none else
   354	  b.extract startIndex.toNat endIndex.toNat

Script done on 2026-07-31 12:03:41-05:00 [COMMAND_EXIT_CODE="0"]
