Script started on 2026-07-31 11:56:12-05:00 [<not executed on terminal>]
Module(
  FuncDef("next_smallest", Params("lst"),
    Expr(
      Str(
        "\n    Return the second-smallest distinct integer in lst, or None when it\n    does not exist.\n    "))
    Assign(Name("found_smallest"), Bool(false))
    Assign(Name("found_second"), Bool(false))
    Assign(Name("smallest"), Int(0))
    Assign(Name("second"), Int(0))
    Assign(Name("x"), Int(0))
    For(Name("x"), Name("lst"),
      Assign(Name("x"), BinOp("+", Name("x"), Int(0)))
      If(UnaryOp("not", Name("found_smallest")),
        Assign(Name("smallest"), Name("x"))
        Assign(Name("found_smallest"), Bool(true)),
        If(Compare(Name("x"), CmpOp("<", Name("smallest"))),
          Assign(Name("second"), Name("smallest"))
          Assign(Name("found_second"), Bool(true))
          Assign(Name("smallest"), Name("x")),
          If(BoolOp(
            "and",
            Compare(Name("x"), CmpOp("!=", Name("smallest"))),
            BoolOp(
              "or",
              UnaryOp("not", Name("found_second")),
              Compare(Name("x"), CmpOp("<", Name("second"))))),
            Assign(Name("second"), Name("x"))
            Assign(Name("found_second"), Bool(true)),
            ))))
    If(Name("found_second"),
      Return(Name("second")),
      )
    Return(NoneVal)))

Script done on 2026-07-31 11:56:12-05:00 [COMMAND_EXIT_CODE="0"]
