Script started on 2026-07-28 00:59:29-05:00 [<not executed on terminal>]
+ PYTHONPATH=/reference python3 /audit-output/evidence/reconstruct_inventory.py
DISCOVERY_SHA256 d529a4c1e08a7455591481e774b5eda00b9e800038dd70d1d0d204f98fac84ed
RECONSTRUCTED_INVENTORY
{
  "inventory_sha256": "e8b2af5d56d43143bcb41185878698b73f7fef8d96887a96fd2fbafe09431f9e",
  "rules": [
    {
      "attributes": [],
      "end_line": 10,
      "module": "VERIFICATION",
      "normalized_sha256": "08e473cc777c3fe3dfbffc47a89f7ed00a323ab5af8be120c20538dd19dbc3e1",
      "source_rule_id": "rule-08e473cc777c3fe3dfbffc47a89f7ed00a323ab5af8be120c20538dd19dbc3e1",
      "start_line": 9,
      "text": "  rule expectedSumProduct(IS)\n       => PyTuple(PyInt(sumInts(IS)), PyInt(productInts(IS)))"
    }
  ],
  "schema_version": 2,
  "verification_file": "verification.k",
  "verification_module": "VERIFICATION",
  "verification_modules": [
    "VERIFICATION"
  ],
  "verification_sha256": "f862f6f645a2bf62a530087f0ced39b85a998b8be1be82566b5e86cc73e95d44"
}
DISCOVERY_IDENTITIES
[
  "rule-08e473cc777c3fe3dfbffc47a89f7ed00a323ab5af8be120c20538dd19dbc3e1"
]
CHECKS
{
  "counts_exact": true,
  "discovery_ids_unique": true,
  "discovery_inventory_sha256_matches": true,
  "identity_order_exact": true,
  "identity_sets_exact": true,
  "inventory_ids_unique": true,
  "inventory_sha256_matches_recomputed": true,
  "validated_contract_inventory_exact": true,
  "verification_sha256_matches_recomputed": true
}
RESULT PASS: exact ordered bijection and hashes confirmed

Script done on 2026-07-28 00:59:29-05:00 [COMMAND_EXIT_CODE="0"]
