Script started on 2026-07-28 01:00:10-05:00 [<not executed on terminal>]
+ sed -n 350,490p /reference/tools/klean_audit_contract.py
            task, "04-klean-generation", "generations"
        )
        generation_status = generation_selection.get("status")
        if generation_status not in {
            "PASS",
            "KLEAN_NO_OBLIGATIONS",
        }:
            raise KleanAuditContractError(
                "Stage 4 must have a selected passing Klean generation"
            )
        preflight = pipeline_contract._read_regular_json(
            generation / "preflight.json", "Stage 4 preflight"
        )
        if preflight.get("status") != generation_status:
            raise KleanAuditContractError(
                "Stage 4 selection status differs from its preflight"
            )
        generator_manifest = pipeline_contract._read_regular_json(
            generation / "generator-manifest.json", "generator manifest"
        )
        generation_producer_sources, producer_sources_hash = (
            _generation_producer_sources(repo, generator_manifest)
        )
        generated = pipeline_contract.require_real_directory(
            generation / "generated", "generated Klean project"
        )
        generated_hash = klean_export.tree_digest(generated)
        if generator_manifest.get("generated_tree_sha256") != generated_hash:
            raise KleanAuditContractError(
                "selected Stage 4 generation changed after preflight"
            )
        provenance = generator_manifest.get("provenance")
        if (
            not isinstance(provenance, dict)
            or provenance.get("stage1_workspace_sha256")
            != stage1_export_hash
            or provenance.get("stage3_discovery_manifest_sha256")
            != discovery.sha256
        ):
            raise KleanAuditContractError(
                "selected Stage 4 generation provenance is invalid"
            )
        target = generator_manifest.get("target")
        if generation_status == "PASS" and not isinstance(target, dict):
            raise KleanAuditContractError(
                "Stage 4 target manifest is malformed"
            )
        if (
            generation_status == "KLEAN_NO_OBLIGATIONS"
            and target is not None
        ):
            raise KleanAuditContractError(
                "no-obligation Stage 4 generation has an unexpected target"
            )

        lean_workspace: Path | None = None
        lean_invocation: Path | None = None
        lean_result: dict[str, Any] | None = None
        if generation_status == "PASS":
            mode = "CLASSIFICATION_AND_PROOF"
            lean_workspace, lean_invocation, lean_result = (
                _require_stage5(task)
            )
        else:
            mode = "CLASSIFICATION_ONLY"
            stage5_result = task / "05-lean-proof/result.json"
            if stage5_result.exists() or stage5_result.is_symlink():
                raise KleanAuditContractError(
                    "KLEAN_NO_OBLIGATIONS must not have a Stage 5 result"
                )
        condition = run.get("condition")
        if not isinstance(condition, dict):
            raise KleanAuditContractError("run condition is malformed")
        resolved = {
            "schema_version": stage6_resolution_contract.SCHEMA_VERSION,
            "run_id": run_id,
            "problem_id": problem,
            "condition": condition.get("name"),
            "mode": mode,
            "semantics_mode": (
                "SUPPLIED_SEMANTICS"
                if condition.get("semantics") is True
                else "GENERATED_SEMANTICS"
            ),
            "k_workspace": str(k_workspace),
            "k_audit": str(k_audit),
            "discovery_manifest": str(discovery.path),
            "klean_generation": str(generation),
            "generation_producer_sources": str(
                generation_producer_sources
            ),
            "lean_workspace": (
                str(lean_workspace)
                if lean_workspace is not None
                else None
            ),
            "lean_invocation": (
                str(lean_invocation)
                if lean_invocation is not None
                else None
            ),
            "target": target,
            "stage1_source_hashes": stage1_source_hashes,
            "trust_inventory": str(
                pipeline_contract.require_regular_file(
                    generation / "trust-inventory.json",
                    "Stage 4 trust inventory",
                )
            ),
            "hashes": {
                "k_workspace_sha256": k_hash,
                "stage1_export_sha256": stage1_export_hash,
                "discovery_manifest_sha256": discovery.sha256,
                "k_audit_sha256": pipeline_contract.sha256_tree(k_audit),
                "klean_generation_sha256": pipeline_contract.sha256_tree(
                    generation
                ),
                "generation_producer_sources_sha256": (
                    producer_sources_hash
                ),
                "generated_tree_sha256": generated_hash,
                "lean_workspace_sha256": (
                    pipeline_contract.sha256_tree(lean_workspace)
                    if lean_workspace is not None
                    else None
                ),
                "lean_invocation_sha256": (
                    pipeline_contract.sha256_tree(lean_invocation)
                    if lean_invocation is not None
                    else None
                ),
            },
            "selections": {
                "k_audit": k_audit_selection,
                "klean_generation": generation_selection,
            },
            "stage4_preflight": preflight,
            "stage5_result": lean_result,
        }
        return _stage6_audit_input(resolved)
    except klean_export.KleanExportError as error:
+ rg -n resolved_input_sha256|canonical_json /reference/tools/klean_audit_contract.py /reference/tools/audit_contract.py /reference/tools/check_audit_campaign.py /reference/tools/check_kit_bundle.py /reference/tools/create_run.py /reference/tools/import_humaneval_prompts.py /reference/tools/k_rule_inventory.py /reference/tools/klean.py /reference/tools/klean_audit_contract.py /reference/tools/klean_export.py /reference/tools/klean_final_gate.py /reference/tools/klean_preflight.py /reference/tools/legacy_migration.py /reference/tools/lemma_discovery_contract.py /reference/tools/migrate_legacy_runs.py /reference/tools/migrate_six_stage_layout.py /reference/tools/pipeline_contract.py /reference/tools/populate_runs.py /reference/tools/py2mpy.py /reference/tools/run_pipeline.py /reference/tools/stage1_runner.py /reference/tools/stage3_runner.py /reference/tools/stage4_runner.py /reference/tools/stage5_runner.py /reference/tools/stage6_resolution_contract.py /reference/tools/usage_accounting.py
/reference/tools/stage6_resolution_contract.py
43:def canonical_json_sha256(document: Any) -> str:
67:        "resolved_input_sha256": canonical_json_sha256(resolution),
77:        "resolved_input_sha256",
102:        document.get("resolved_input_sha256"),
105:    if canonical_json_sha256(resolution) != digest:

/reference/tools/klean_audit_contract.py
35:def _canonical_json_sha256(document: Any) -> str:
36:    return stage6_resolution_contract.canonical_json_sha256(document)
526:    expected_resolved_input_sha256: str,
530:        expected_resolved_input_sha256,
539:    if resolution["resolved_input_sha256"] != expected_digest:
603:    if mechanical.get("resolved_input_sha256") != expected_digest:
672:    expected_resolved_input_sha256: str,
677:        expected_resolved_input_sha256,
813:                    expected_resolved_input_sha256=(
814:                        arguments.expected_resolved_input_sha256
827:                        expected_resolved_input_sha256=(
828:                            arguments.expected_resolved_input_sha256

/reference/tools/klean_final_gate.py
174:        "resolved_input_sha256": digest,
233:        "resolved_input_sha256": document[
234:            "resolved_input_sha256"
333:            "resolved_input_sha256": audit_binding[
334:                "resolved_input_sha256"
437:        "resolved_input_sha256": audit_binding[
438:            "resolved_input_sha256"

/reference/tools/klean_audit_contract.py
35:def _canonical_json_sha256(document: Any) -> str:
36:    return stage6_resolution_contract.canonical_json_sha256(document)
526:    expected_resolved_input_sha256: str,
530:        expected_resolved_input_sha256,
539:    if resolution["resolved_input_sha256"] != expected_digest:
603:    if mechanical.get("resolved_input_sha256") != expected_digest:
672:    expected_resolved_input_sha256: str,
677:        expected_resolved_input_sha256,
813:                    expected_resolved_input_sha256=(
814:                        arguments.expected_resolved_input_sha256
827:                        expected_resolved_input_sha256=(
828:                            arguments.expected_resolved_input_sha256

/reference/tools/k_rule_inventory.py
77:def canonical_json_sha256(document: Any) -> str:
790:        "inventory_sha256": canonical_json_sha256(rule_documents),

Script done on 2026-07-28 01:00:10-05:00 [COMMAND_EXIT_CODE="0"]
