Script started on 2026-07-28 01:02:31-05:00 [<not executed on terminal>]
+ rg -n could not detect the configuration|failed to locate application /opt/elan/toolchains/leanprover--lean4---v4.22.0/src /opt/elan/toolchains/leanprover--lean4---v4.22.0/lib/lean
+ head -80
/opt/elan/toolchains/leanprover--lean4---v4.22.0/src/lean/lake/Lake/CLI/Error.lean:86:| unknownLakeInstall      => "could not detect the configuration of the Lake installation"
+ find /opt/elan/toolchains/leanprover--lean4---v4.22.0/src -maxdepth 4 -type f -printf %p\n
+ rg /Lake|lake
+ head -80
/opt/elan/toolchains/leanprover--lean4---v4.22.0/src/lean/Lean/Util/LakePath.lean
/opt/elan/toolchains/leanprover--lean4---v4.22.0/src/lean/lake/LakeMain.lean
/opt/elan/toolchains/leanprover--lean4---v4.22.0/src/lean/lake/Lake.lean
/opt/elan/toolchains/leanprover--lean4---v4.22.0/src/lean/lake/Lake/Config.lean
/opt/elan/toolchains/leanprover--lean4---v4.22.0/src/lean/lake/Lake/Build.lean
/opt/elan/toolchains/leanprover--lean4---v4.22.0/src/lean/lake/Lake/Version.lean
/opt/elan/toolchains/leanprover--lean4---v4.22.0/src/lean/lake/Lake/DSL.lean
/opt/elan/toolchains/leanprover--lean4---v4.22.0/src/lean/lake/Lake/Load.lean
/opt/elan/toolchains/leanprover--lean4---v4.22.0/src/lean/lake/Lake/Reservoir.lean
/opt/elan/toolchains/leanprover--lean4---v4.22.0/src/lean/lake/Lake/Toml.lean
/opt/elan/toolchains/leanprover--lean4---v4.22.0/src/lean/lake/Lake/CLI.lean
/opt/elan/toolchains/leanprover--lean4---v4.22.0/src/lean/lake/README.md

Script done on 2026-07-28 01:02:31-05:00 [COMMAND_EXIT_CODE="0"]
