Script started on 2026-07-26 23:35:43-05:00 [<not executed on terminal>]
kore-exec: [2726272] Warning (WarnStuckClaimState):
    The configuration's term doesn't unify with the destination's term and the configuration cannot be rewritten further. Location: /audit-output/evidence/spec-vacuity.k:8:5-36:31
Context:
    (InfoReachability) while checking the implication
<generatedTop>
  <k>
    ref ( 0 ) ~> .K
  </k>
  <env>
    0
  </env>
  <scopes>
    -1 |-> scope ( "abs" |-> builtinV ( "abs" )
    "all" |-> builtinV ( "all" )
    "any" |-> builtinV ( "any" )
    "bin" |-> builtinV ( "bin" )
    "chr" |-> builtinV ( "chr" )
    "enumerate" |-> builtinV ( "enumerate" )
    "eval" |-> builtinV ( "eval" )
    "float" |-> typeV ( "float" )
    "int" |-> typeV ( "int" )
    "isinstance" |-> builtinV ( "isinstance" )
    "len" |-> builtinV ( "len" )
    "list" |-> builtinV ( "list" )
    "map" |-> builtinV ( "map" )
    "max" |-> builtinV ( "max" )
    "min" |-> builtinV ( "min" )
    "ord" |-> builtinV ( "ord" )
    "range" |-> builtinV ( "range" )
    "round" |-> builtinV ( "round" )
    "set" |-> builtinV ( "set" )
    "sorted" |-> builtinV ( "sorted" )
    "str" |-> typeV ( "str" )
    "sum" |-> builtinV ( "sum" )
    "zip" |-> builtinV ( "zip" ) , root )
    0 |-> scope ( "generate_integers" |-> closureVal ( "a" , "b" , .ParamNames , Assign ( Name ( "result" ) , ListExpr ( .Exprs ) )  If ( BoolOp ( "or" , BoolOp ( "and" , Compare ( Name ( "a" ) , CmpOp ( "<=" , Int ( 2 ) ) ) , Compare ( Int ( 2 ) , CmpOp ( "<=" , Name ( "b" ) ) ) , .Exprs ) , BoolOp ( "and" , Compare ( Name ( "b" ) , CmpOp ( "<=" , Int ( 2 ) ) ) , Compare ( Int ( 2 ) , CmpOp ( "<=" , Name ( "a" ) ) ) , .Exprs ) , .Exprs ) , Expr ( Call ( Attribute ( Name ( "result" ) , "append" ) , Int ( 2 ) , .Exprs ) )  .Stmts , .Stmts )  If ( BoolOp ( "or" , BoolOp ( "and" , Compare ( Name ( "a" ) , CmpOp ( "<=" , Int ( 4 ) ) ) , Compare ( Int ( 4 ) , CmpOp ( "<=" , Name ( "b" ) ) ) , .Exprs ) , BoolOp ( "and" , Compare ( Name ( "b" ) , CmpOp ( "<=" , Int ( 4 ) ) ) , Compare ( Int ( 4 ) , CmpOp ( "<=" , Name ( "a" ) ) ) , .Exprs ) , .Exprs ) , Expr ( Call ( Attribute ( Name ( "result" ) , "append" ) , Int ( 4 ) , .Exprs ) )  .Stmts , .Stmts )  If ( BoolOp ( "or" , BoolOp ( "and" , Compare ( Name ( "a" ) , CmpOp ( "<=" , Int ( 6 ) ) ) , Compare ( Int ( 6 ) , CmpOp ( "<=" , Name ( "b" ) ) ) , .Exprs ) , BoolOp ( "and" , Compare ( Name ( "b" ) , CmpOp ( "<=" , Int ( 6 ) ) ) , Compare ( Int ( 6 ) , CmpOp ( "<=" , Name ( "a" ) ) ) , .Exprs ) , .Exprs ) , Expr ( Call ( Attribute ( Name ( "result" ) , "append" ) , Int ( 6 ) , .Exprs ) )  .Stmts , .Stmts )  If ( BoolOp ( "or" , BoolOp ( "and" , Compare ( Name ( "a" ) , CmpOp ( "<=" , Int ( 8 ) ) ) , Compare ( Int ( 8 ) , CmpOp ( "<=" , Name ( "b" ) ) ) , .Exprs ) , BoolOp ( "and" , Compare ( Name ( "b" ) , CmpOp ( "<=" , Int ( 8 ) ) ) , Compare ( Int ( 8 ) , CmpOp ( "<=" , Name ( "a" ) ) ) , .Exprs ) , .Exprs ) , Expr ( Call ( Attribute ( Name ( "result" ) , "append" ) , Int ( 8 ) , .Exprs ) )  .Stmts , .Stmts )  Return ( Name ( "result" ) )  .Stmts , 0 ) , parent ( -1 ) )
  </scopes>
  <scopeLoc>
    1
  </scopeLoc>
  <heap>
    0 |-> list ( vCons ( 2 , vCons ( 4 , vCons ( 6 , vCons ( 8 , .ValSeq ) ) ) ) )
  </heap>
  <heapLoc>
    1
  </heapLoc>
  <stack>
    .List
  </stack>
  <ret>
    noRet
  </ret>
  <exc>
    NoExc
  </exc>
  <exit-code>
    0
  </exit-code>
</generatedTop>
[Warning] Compiler: Variable 'As' defined but not used. Prefix variable name
with underscore if this is intentional.
	Source(/tmp/audit-work/reference-semantics/semantics/str.k)
	Location(52,27,52,29)
	52 |	  rule strLt(iCons(A:Int, As:IntSeq), iCons(B:Int, Bs:IntSeq)) => true   
      requires A  <Int B
	   .	                          ^~
[Warning] Compiler: Variable 'Bs' defined but not used. Prefix variable name
with underscore if this is intentional.
	Source(/tmp/audit-work/reference-semantics/semantics/str.k)
	Location(52,52,52,54)
	52 |	  rule strLt(iCons(A:Int, As:IntSeq), iCons(B:Int, Bs:IntSeq)) => true   
      requires A  <Int B
	   .	                                                   ^~
[Warning] Compiler: Variable 'As' defined but not used. Prefix variable name
with underscore if this is intentional.
	Source(/tmp/audit-work/reference-semantics/semantics/str.k)
	Location(53,27,53,29)
	53 |	  rule strLt(iCons(A:Int, As:IntSeq), iCons(B:Int, Bs:IntSeq)) => false  
      requires A  >Int B
	   .	                          ^~
[Warning] Compiler: Variable 'Bs' defined but not used. Prefix variable name
with underscore if this is intentional.
	Source(/tmp/audit-work/reference-semantics/semantics/str.k)
	Location(53,52,53,54)
	53 |	  rule strLt(iCons(A:Int, As:IntSeq), iCons(B:Int, Bs:IntSeq)) => false  
      requires A  >Int B
	   .	                                                   ^~
[Error] Prover: backend terminated because the configuration cannot be
rewritten further. See output for more details.
[0m[0m
Script done on 2026-07-26 23:35:48-05:00 [COMMAND_EXIT_CODE="1"]
