Script started on 2026-07-26 14:54:54-05:00 [<not executed on terminal>]
case[0]='Hello'
case[1]=''
case[2]='@AZ['
case[3]='`az{'
case[4]='AaZz09 !\t\n'
case[5]='\x00\x7f'
case[6]='éÉ'
case[7]='ß'
case[8]='İı'
case[9]='Σσς'
case[10]='Жж'
case[11]='你好🙂'
case[12]='\ud800\udfff'
case[13]='\U0010ffff'
case[14]=''
case[15]='zZ@ςMİ\x00ж9ж\ud800{ςж@🙂🙂@['
case[16]='9{é\ud800a{mжé你mZZaa\U0010ffffMς`{[aß你Éж9AıA'
case[17]='09ßéİİ\x00{mİé0\ud800M[🙂z@9Z\ud800é \ud800ΣΣ'
case[18]='ß\x00ЖΣ'
case[19]='ßжÉz İ[ςς\U0010ffff [ß`Ж{É{İ ßZA\x00Ma@Жıς🙂z'
case[20]='ı\x00{Z0z@\x00@İ'
case[21]='M 你İ你aж`@ж\ud800mm9az9[`🙂9`é\ud800éMЖ ж'
case[22]='你 @ZΣ0 `9[ 9É@É ς'
case[23]='жς9你Z🙂[ßé 🙂zaΣßΣ\ud800\ud800`ı'
case[24]='Σ你ж你'
case[25]=' {ßßmΣZz9你жςézЖ@你00{İ00ÉΣ'
case[26]='ΣÉ[Жж\x00[ß[你Éz0 Z🙂a{m\U0010ffffZ{A[ß[z\x00'
case[27]='İ你\x00`\x00@ΣZİÉaİMΣ 0É'
case[28]='MéΣß90İé9`9Zςm0'
case[29]='ЖЖÉ{Mİ\U0010ffffZ9AЖM\ud800İ\ud800@İZZA\x000ß'
case[30]='0ς\x00İ'
case[31]='İ0aÉ`\ud800amß`ma🙂Σımı[é\U0010ffff0@İ9\x00É🙂🙂z0'
case[32]='mςz你\x00\ud800\U0010ffff`09🙂\ud800 { \x00[m\U0010ffff Ééİ'
case[33]='ς[MM\U0010ffff\U0010ffffЖİzßm9 ı000ÉЖ'
case[34]='A9ıZж[\U0010ffff'
case[35]='0ZıÉΣΣ\ud8000Σ{ı[M\ud800你mΣz\x00🙂Σ{ß'
case[36]='zжé\U0010ffffÉжm9ΣıЖİ \ud800\ud800ßz你{AЖıazς0Z🙂'
case[37]='ж🙂M🙂Méé[🙂z9Z 🙂Z你'
case[38]='ж{\U0010ffff'
case[39]='@é[éßİ\ud800Ж\U0010ffffß9méİ'
case[40]='ßİςém\ud800MЖςß`[\x00mΣA'
case[41]='`ß\x00{🙂你0\U0010ffff\U0010ffffжΣİ@ß你A\U0010ffffAж\x009ıς'
case[42]='é{É['
case[43]='Σ\x00a{é é@{9m@İAa9ß\U0010ffffM0éς🙂É0Mé'
case[44]='\ud800İ0ZAİ\ud800ΣıİzÉÉıÉ[ Σ0Ж\x009ςςж`aß`éı'
case[45]=''
case[46]='Mж9ÉM[é[Ж@AÉςa'
case[47]='{ İ🙂{zςıé0'
case[48]=' ßÉЖM{ßAmMA9\U0010ffffж{Σm@'
case[49]='éΣЖMémÉÉZ9\ud800ж0ж'
case[50]='ß{Éς\U0010ffffM\ud800你0`ς\U0010ffff 🙂É\ud800`é9ßZ'
case[51]='\x00aж\x00ıΣİİZMÉı[É🙂\ud800Σ[9\x00ж{{ı'
case[52]=' Жı9你\U0010ffff'
case[53]='İmAж\U0010ffffжAm0Жı你[你[M🙂M\U0010ffffm'
case[54]='ςZ{ÉaZж🙂ςA\x00ßς'
case[55]='жaİİaßA9Z\ud800İ@A'
case[56]='ß{ızMÉz[[`A``Aİ@'
case[57]='[ß `0 0ς你` Ж9Z9[ςııÉ`[É\x00ςA[жZz0@'
case[58]='Ж0Ж🙂É\U0010ffff`ém\x00'
case[59]='é\ud800ж\ud800[M`@ıM\ud800@'
case[60]='Ж[@Σ\ud800ςZ9ız\U0010ffff\x00\ud800\U0010ffffЖMßZı A\x00ж\ud800Zж'
case[61]='9ς`\U0010ffffAM\x00你@{ς `你ς9ς🙂你你Жı🙂Ж`9m你İß'
case[62]='9ς0🙂İM9'
case[63]='ж\ud800ς{aİ\U0010ffffΣ9 🙂`🙂['
case[64]='Σé\U0010ffff🙂@{{ÉM\x00\ud8009\x00İaé00`ßz\ud800` {\ud800AÉ@@'
case[65]='9ж[ 9\x00m[Σ{\ud8000zÉZßéz[\U0010ffffжßm'
case[66]='{éM[İ{Ж`0ıжΣı0`Aı{'
case[67]='éaAßMémςж'
case[68]='ßMİÉZ你İ0M{m{'
case[69]='A你ςı\U0010ffff🙂'
case[70]='Σa@{[ж{\U0010ffff[ \ud800{İ你\U0010ffffİ@ \U0010ffff  '
case[71]='Σ\U0010ffff\U0010ffffж жz'
case[72]='ΣΣ M[\x00zM[éM🙂 [[9ЖΣ\ud800你ς'
case[73]='[éж0`你'
case[74]='🙂İ'
case[75]='Жıa@`ЖİıaAAΣz \U0010ffff你`MA你\ud800aß@@@`Ж你'
case[76]='z\U0010ffffß aıİ你你ςж0你[ЖЖÉжİİ\x00ım你İ'
case[77]='AЖı0жςaA{'
case[78]='é🙂Éİ@\ud800\ud8000жA\ud8000a🙂M{é'
case[79]='İ🙂@É`İ{你İzΣa{Z你`{жAİ'
case[80]='éЖZж@9é0a你M9{0İé'
case[81]='a zж[ς{ m🙂9 жжÉaı'
case[82]='ЖÉΣЖΣжzßé'
case[83]='\x00ςςZ`9aMΣЖЖ\ud800 Ж@ZΣ🙂ZЖ@ж🙂0aA`ς'
case[84]='é \U0010ffffııςΣжЖ🙂90\U0010ffff9ж\x009ı@Σé\U0010ffffж\ud800ı'
case[85]='@你a`İ{你É{MmΣİж你m`A'
case[86]='你жж\ud800AM你Жж\U0010ffff@\U0010ffffΣ'
case[87]='ı@Za你'
case[88]='\ud800İz你0é[\ud8000ς🙂A9zA\x00ΣAZé你你'
case[89]='ßÉ0\ud800[İ@\x00`mΣMß@\x00a🙂Ж@[你ςı9ı\U0010ffffıM\x00m\ud800ß'
case[90]='ı\ud800ıa0`ZZ0A'
case[91]='[ΣaЖ 你Жzİ🙂É'
case[92]='0ßßAςa9ß\x00[A你zAzЖİ'
case[93]='İ0A9ı0@É🙂{\U0010ffffÉÉ你z你@'
case[94]='ЖÉ\ud800İ`\ud800\x00ß\ud800@\x00M\U0010ffffßMmß\ud800\U0010ffffß\U0010ffffé你你İııı'
case[95]='mM 🙂ςİ{\x00🙂`@m你@Ж\ud800{ıMz\ud800Éaж0@ı'
case[96]='\U0010ffff A'
case[97]='ßЖ[zЖςé[éΣ'
case[98]='mЖΣßςΣςA9@你m99m`你AЖ0🙂A@\ud800ZÉ\ud800Σ'
case[99]='Z z[Z9ЖßЖ\U0010ffffßZ\ud8000İЖ你ı{жÉ '
case[100]='🙂A\x00zς[Жß\U0010ffff\ud800zж你Mm9\U0010ffff{ЖM`你é{{'
case[101]='🙂你ж\U0010ffffı İ`a a@m\ud800🙂İ🙂a\ud800🙂É `ß9\U0010ffffßa0['
case[102]='ß9m🙂\U0010ffffЖ ÉЖZ\ud800\x00ΣΣ🙂Ж0İЖı🙂{9@\ud800İ\x00éZ'
case[103]='9Ж\x00你жÉ99MaΣ'
case[104]='M[\x00\x00@[Zé\x00İa[ς ß9`ß你你éA[Σ🙂你жMZ'
case[105]='mM你aZЖa9ж[\ud800['
case[106]='[{aЖAЖZM\U0010ffffmßz9``ßM你Zé\U0010ffffı\ud800Zİaz\U0010ffff0ß\x00M'
case[107]='🙂{'
case[108]='[MZ@'
case[109]='🙂@\U0010ffff🙂Σ'
case[110]='M\x00ÉZ\U0010ffffßж'
case[111]='`'
case[112]='ßßZé@é你É你你\x00\x00你你ı0 ıİ'
case[113]='é\ud800z M\x00[\U0010fffféİЖA  MA z a\ud800ςZA[ı\ud800ςZıé'
case[114]='0 éЖZ'
case[115]='[İ ж{🙂🙂``A你Σ\x00'
case[116]='ı[Ж0Ж@жжı0Ж\U0010ffff`9İ0Ж\U0010ffff'
case[117]='[`0Σ@`\x009z你ΣÉ`m\x00🙂İé@a{9'
case[118]='M é🙂É ß9{жßЖ'
case[119]='90a{09`mZ[m9\ud8009\U0010ffffςıж9\U0010ffff@AжÉ\x00A{'
case[120]=''
case[121]='éςı你Ж\U0010ffffж`a\U0010ffff@\ud800ς'
case[122]='ΣΣ0ßZaЖ@9ZςЖ{\x00Жς{@ЖZЖÉİM你'
case[123]='z`Z{\ud800aAΣжZ \x00{ЖaςЖAaZ🙂 a{A\ud800ZßЖς9'
case[124]='ızİΣЖ`9ЖaMé'
case[125]='mςZжж'
case[126]='zZzM'
case[127]='\U0010ffff[`你éAZЖ\x00ızς{[Жß{`Ж0🙂 \x009İ'
case[128]='É{\U0010ffffzÉ@`mÉ\U0010ffffß ΣAЖZa`ςж你ı Éz ЖM'
case[129]='{'
case[130]='\ud800AÉé\x00`É '
case[131]='[\U0010ffff\U0010ffff@'
case[132]='AAЖa你é['
case[133]='ı\x00你你9[m{ς [[ıςm`Σ@mmÉ'
case[134]='ς🙂zaς'
case[135]='ςßzß[É\x00\ud800\ud800mΣm\ud8009ım0🙂ΣЖ你ßı'
case[136]=' zÉжé0é é\x009你🙂0ıZA éς9{a`a\ud800\ud800\x00zz'
case[137]='Mß0@ßİÉMßΣm\x00Σ'
case[138]='ZΣжzı\U0010ffff\x00az[Zß'
case[139]='İmaé@ \U0010ffffß@\ud800 a'
case[140]='`ςéΣı你🙂zςıÉ @'
case[141]='{0ж'
case[142]='İ\ud800é你@ж{AZжıςéİ@🙂éıЖzméж你a🙂'
case[143]='\ud800Z🙂\ud800\x00ςж 🙂éız你9zΣ@'
case[144]='ZЖ0`İmς9\x00a🙂z\x00éß\U0010ffff'
case[145]='Z@ΣA0ςz\x00aςéa\ud800Z0🙂Zßİ0'
case[146]='ς🙂\x00ßßA ß9é\U0010ffff0ÉжßıßaéİM`ΣM'
case[147]='m[aAzΣ@é\ud800Σ🙂\x000@M\U0010ffffmςMİ'
case[148]='a\ud8000ж\ud800ς\U0010ffffİı@`你{{ς É\U0010ffffΣ'
case[149]='你@Mm@`m\ud8009Mς🙂ÉMzÉİım[İ\ud800'
case[150]='9z9\U0010ffffßmA\U0010ffffı🙂ım 0Σ\U0010ffffЖA`Z\ud800ςЖa[\ud800{A'
case[151]='жZ`ZaςÉ '
case[152]='[aЖaA{{ЖmMı 0 İ[🙂🙂9你你[ımı`Mß'
case[153]='你Z A`M\ud800ızéİЖΣßςßaßς\ud8000你9Z'
case[154]='Σß'
case[155]='é\ud800你é`'
case[156]='`0[жжÉAmÉ\x00[`Éς\U0010ffff`ж你你\x00'
case[157]='\ud800{zé'
case[158]='0ß你z9[\x00\x00'
case[159]='@ 🙂Ж'
case[160]='\U0010ffffж zΣ@ZmzMmM@AЖıς\ud800zzz@z'
case[161]='\x00Σ M\U0010ffffİßé[Ж\x00éİA@[\ud8000{@0\ud800\x00ıa'
case[162]='ß \ud800`Ж@Σ@ı\ud800ß\ud8009@0{A{İΣmж🙂Éa'
case[163]='@ßΣA[É\ud800MmÉm['
case[164]='ßЖa[Σ`\ud800{@İı9MÉжaÉ0é m`9É'
case[165]=' `É\U0010ffffжM`mé🙂Ж9Zß[ı A\x00m\U0010ffffa[İA'
case[166]='ıéa你ı`Σ\x00ıΣÉς`你'
case[167]='[0\U0010ffff'
case[168]='@\U0010ffff\x00AЖ\ud800Жéa🙂A\x00🙂İa ÉÉİ@'
case[169]='éıΣ{ΣİÉ\ud800ÉΣz\U0010ffff@9ж\x00\U0010ffff0Z'
case[170]='ßééßİ0[éı0zmß'
case[171]='émİΣ🙂[mı \ud800ς'
case[172]='é`ßß`z0ς`ıİ\x00ΣÉ[жM{ς9Ж[\ud800É'
case[173]='\ud800[z'
case[174]='[Mİжé`\ud800aß\ud800'
case[175]='@Σ ς\x00@'
case[176]='ı'
case[177]='MMЖé\U0010ffff你Σ{\x0099ÉaAAaж\U0010ffff你'
case[178]='a9ςжÉm0AßaMm[ςΣMmΣ\x00你0ıÉß'
case[179]='a@MaM9@éé🙂Ж'
case[180]=''
case[181]='`ßςmς`Z 🙂[你🙂@@Σ{AİéA\x00\U0010ffff aA'
case[182]='z🙂{жAİΣÉς🙂a9{`@'
case[183]='你ςß你{Z 你ı你ΣA'
case[184]='🙂Z0Ж[aж[9[Σaİ9Zİıéßéı\ud800M M`🙂9m90Ж'
case[185]='ς\U0010ffffЖΣЖ\x00İzß[éZ ı[Mzİ  жΣ0\ud800ım🙂ß'
case[186]='ςM你zAMς{Ж9\x00 🙂aaa[\ud800z'
case[187]='ı`\ud800[ı'
case[188]='İaa'
case[189]=''
case[190]='z@Σ🙂[\U0010ffff`\x00жmm\U0010ffff\x00a'
case[191]='@Éz'
case[192]='ÉA[Σ'
case[193]='🙂{Ж\U0010ffff\x00éΣ你0ЖAß[aZİ@Жz@é9\ud800ςΣ@ßßİ'
case[194]='ß'
case[195]='éM[ 9\x00İ你🙂\ud8000жZaж0Жa`Ж \ud800Жz9é\x00{a\U0010ffff🙂\U0010ffff'
case[196]='\U0010ffffz@\U0010ffffmж{İ[ıız你Éж@z9'
case[197]='[MaéжmA🙂'
case[198]='жЖЖЖZ9[ЖжMжa\ud8000ÉÉ'
case[199]='aΣ`жz[A🙂A0éıé0ЖΣ @9émΣ'
case[200]='@ma [ É@Z`É'
case[201]='{Ж'
case[202]='\U0010ffffßß🙂ß '
case[203]=''
case[204]='éé`aЖЖ\ud800\U0010ffffΣ['
case[205]='``zßzς\U0010ffffé [İ\x00a`\U0010ffffZmz9{`'
case[206]='9A`éÉz🙂ßéaı\x00 éß9  @aé'
case[207]='🙂[`[  ÉmΣZam[ı'
case[208]='``\x00'
case[209]='a你\x00mİ ΣZ🙂İzı9{'
case[210]='é9É\ud800` {\ud800🙂\ud800É`A🙂\ud800ßaΣaßÉ\ud800z00'
case[211]='\U0010ffffz AςİaAM\x00Az m'
case[212]='{\x00ıßZжÉAA你İΣЖ Σςzıİж0Z0\ud800ςm你🙂你'
case[213]='\U0010ffff0zÉé\U0010ffff\x009{0\U0010ffffςM[@ZA\ud800ß'
case[214]='a@mmMÉaßÉÉ \ud800ßΣAς\U0010ffff'
case[215]='{z[\x00İΣZM9`é9Z你aж`🙂ééa\x00🙂İ你'
case[216]='🙂ZЖZa[İMémßa0 \x00'
case[217]='ςжİz`ж\U0010ffff你ς\ud800éZ\x00ς`'
case[218]='{[zж你É ß\x00ς\x00@@\x00\ud800ß@9mΣ0É9éa0É\ud800'
case[219]='ж9[`{`[ßжΣım ı\x009za你A'
case[220]='\U0010ffffς`z\x009\U0010ffff[MжA éA你ΣİAzж\U0010ffffé\ud800🙂🙂aİ0ΣZ[ж'
case[221]='ß\x00ς[🙂{mİzßÉ9你MM🙂你İZςa9ı 🙂0ς你@ßAß'
case[222]='🙂aZ\ud800@ß`[\x00你ı9İ İ'
case[223]='9`@ςÉİΣ9ZÉж\ud800 Σ'
case[224]='Σжéı@Жa9🙂@ÉÉςÉ'
case[225]='Aж@ЖжЖ`İß你\ud800aaΣZé'
case[226]='ж\ud800жé🙂9Σ[ß\ud800Σ`Σé É99z[99\U0010ffff\x00`ΣzAA[M'
case[227]='m你\x00M0ςZßÉ[ '
case[228]='0Σжmİz{'
case[229]='ж\x009Ж\U0010ffff 00ς@Z🙂\U0010ffffaς'
case[230]='@ \x00É[🙂0@Жé[\x00Ж'
case[231]='ςßςжЖß🙂🙂`{@ЖΣMamı`aß000жж@🙂ς@🙂M\U0010ffff'
case[232]='`{\x00ςmém🙂\ud800\ud800aı'
case[233]='你İM[\U0010ffff0[ÉM\x00Жa9жİM0你İ ı\ud800ß`ZςÉİz'
case[234]='aςm\ud800Σ\x00ßA[ZA`[@ıZM0你`Mém🙂AÉ'
case[235]='🙂@{İ909É'
case[236]='\U0010ffffİ[90@'
case[237]='ZéΣς`z'
case[238]='Σ`ς你@ım\U0010ffffAM ß@ı\U0010ffff\x00@99İß9A'
case[239]='жжßΣ[Mım你é🙂İ{\U0010ffffЖA@[\x00ЖZ\ud800ZЖ[Σς'
case[240]='жéé\x00жA\x00é\U0010ffffAΣ\ud800[ß9\x00你É🙂ΣÉς`éé'
case[241]='{z`0ςÉ`ııς[Ж'
case[242]='\U0010ffffÉςßжémA[Aжİ9@\ud800éß ж ı@\ud800é0\ud800A`m\ud800ı'
case[243]=''
case[244]='{\x00Mam[ÉıжΣéı'
case[245]='\ud800@a\x00É\ud800İéΣ@Z@你{ΣZ`Ж z[\ud800{Ж\U0010ffff0[ı🙂É'
case[246]='\ud800Σ9A0AЖ@🙂zİ🙂ß\U0010ffffZ{ß你\ud800你A\x00'
case[247]=''
case[248]='9\x00ς\ud800A0m9`Zİz'
case[249]='zß`Жm'
case[250]='İÉZıAΣ MAZz[ΣammazıazMaÉÉİ你zZa'
case[251]='ßZ`你ß m🙂M ÉM🙂Mé{@🙂9жςıZ0'
case[252]='z Ж\x00É'
case[253]='🙂zMÉ你ıZßmé'
case[254]='zz@ééıZéΣ'
case[255]='0ßm@ '
case[256]='MÉ🙂Ж9ıé@'
case[257]='\x00é AéAA'
case[258]='9ÉΣméZaςM🙂\U0010ffff[Za9жΣ\ud800'
case[259]='zς\U0010ffff\U0010ffff`9🙂ß9жa0[[\x00Méé🙂M{\U0010ffff9zİMςéıЖÉ'
case[260]='İßz ς [0M0[éİZςΣ0İmé{'
case[261]='ZЖ\x00\U0010fffféЖAжMİ\x00m9\U0010ffffz'
case[262]='ı[[ıı🙂mz\ud800é'
case[263]='ßςÉİaßÉZΣ0ZΣ'
case[264]='@M '
case[265]='ЖA@Z9ßİ\U0010ffffm9ÉÉzΣ9жßß@'
case[266]='你ς@\ud800🙂İ@\x00`ςZ@ıİ[你\U0010ffffı0ж\U0010ffff[`zςa'
case[267]='İ9ıΣAÉ🙂`Жжm\U0010ffff0[\U0010ffffß{\U0010ffff'
case[268]='\U0010ffffé🙂ß9zİıж9Aım'
case[269]='ß你m'
case[270]='\ud800 ЖΣ{你ıM`ıİßıa🙂ß[@\ud800你\U0010ffffz{`zЖς你'
case[271]='É\U0010ffffaÉ {a ß0`@`9'
case[272]=' Жmzıж{жİ🙂aam[\U0010ffff\U0010ffff'
case[273]='\x00zİÉ9ızжA[жZéΣÉ'
case[274]='🙂Σς@éÉ\U0010ffff[[ Z🙂@🙂@a🙂É['
case[275]='[{\x00ςı[Σ9@\x00mzzzémZZΣa0İ`'
case[276]='жa\ud800ıЖ\U0010ffff\U0010ffffAém你\x00ς\U0010ffff@'
case[277]='[ '
case[278]='A0MZézmı{{🙂AéÉ\U0010ffff🙂你Mm'
case[279]='0ςaa{9éÉßmzaжZς`İMaж'
case[280]='\x009Éж\ud8009ZA你ÉzZA[ı你 Az`ßmÉ🙂'
case[281]='9ßZa你Ж `Σ0ж\ud800ım9É你'
case[282]='[9aıςé@'
case[283]='ıA'
case[284]='\ud800İaMmA'
case[285]='{ςz\x00Σa\ud800İÉ'
case[286]='9Z0Σжé`İ\ud80099Maς\x00\ud800ςMZAÉ'
case[287]='z@ı{ıЖM🙂[0'
case[288]='Σİ\ud800ZMßж🙂mßςZ\ud800Жß'
case[289]='MA@你É[é0{Zz9ıa'
case[290]='Σ9ж{a@İ[🙂\x00\x00'
case[291]='ßé'
case[292]='@Σ0İ9\ud800Ж\x000Σ9\x00жéÉZ你\U0010ffff'
case[293]='ςı'
case[294]='ı[你ςıZM\ud800amß🙂aςЖ\ud800{0Σ`@@ß{'
case[295]='AжZÉΣ`ж@ZЖ你ΣЖZЖM@[ж'
case[296]=' @m'
case[297]='`AZ9ßς你É[ςÉzmMжmz0Mz{[\U0010ffff0'
case[298]=''
case[299]='é`[A`A9\x00m'
case[300]='\U0010ffff🙂[Mmz'
case[301]='z[ß\ud800ßς`'
case[302]='你\U0010ffffM{MA{'
case[303]='9ß'
case[304]='Σ'
case[305]='ЖA🙂{жZßЖЖ\ud800é你za0M🙂mΣa🙂жM[Z`{z{'
case[306]='A99 aж99жßM\U0010ffff`ÉéıA@`éЖςımİ🙂MЖÉςς'
case[307]='ж'
case[308]='Σ\x00Z[Ж'
case[309]='éЖ\U0010ffffZ\ud800🙂`éA İAßςMςΣΣÉςzÉ\ud800m\ud800🙂'
case[310]='`\x00@Ж🙂ıΣİ\ud800ж9[m9az@mİİAß{AıZ\x00zZ你[ı'
case[311]='İ9\x009\U0010ffffmA你9\x00[ςM@İaé你\x00{'
case[312]='a🙂\U0010ffff`\ud800é🙂\x00Σ你Z[A🙂Aςz'
case[313]='ıЖ🙂\x00\ud800@ж\ud800Zıİ09'
case[314]='жZ{жı{ж9你 🙂ımM\x009`🙂Zı`'
case[315]='éİA '
case[316]='İΣж0 mı[É\x00\ud800mıZaÉ9éé\ud800ςé{\U0010ffff'
case[317]='ςİa0Éé0éAZÉMıς'
case[318]='aßAaé['
case[319]='ııÉa\ud800\ud800ς[İİ Aı`\x00'
case[320]='` [0🙂a ΣaéÉ'
case[321]='ЖzςЖ\ud800[ß🙂ßЖı你'
case[322]='[İ你你az`\ud800Ж0z\ud800\U0010ffffMZÉЖé\ud800`ıжAΣ \x00\U0010ffffς9'
case[323]='\x00ıÉ\U0010ffffZ🙂ZÉ你 ЖıZm🙂ΣςZßЖM\U0010fffféA\U0010ffff`\ud800\U0010ffff'
case[324]='{\U0010ffffa你[🙂ЖЖ\ud800\U0010ffffΣ[ı`aZz{你m@İzZ[\U0010ffffa`[90\x00'
case[325]='Σ\ud800é@@``azжmAZ`zİ mZж@É\x00 é'
case[326]='\U0010ffffmZ`'
case[327]='жam{\U0010ffff{{[{Z你mςÉAz0{ı\U0010ffffжİßß\x00É 0İAm'
case[328]='İAЖzςЖ🙂Ж'
case[329]='[🙂🙂\ud800É{İΣ\x00\U0010ffff\U0010ffffA@İMΣ  éЖßm[你ΣéZı'
case[330]='[ς\ud800Ж`жς'
case[331]='ж{9`жİ你9\x000жΣ@ßAΣMéZ`{0\x00ς\ud800жZ\ud800'
case[332]='\ud800é🙂ΣЖ9\x00'
case[333]='Σ你ς0Σİ \x00zmжéжıΣM'
case[334]='9ж` ЖЖ9'
case[335]=' méж@mßΣı`É\x00A[\x00ß\x00Z0'
case[336]='Σς[ßÉ09{0aЖém0İéAıςZ\U0010ffffß@🙂éÉ'
case[337]='9你9`ız@@\x00'
case[338]='@жΣİ`ZΣmж[你éé@жßı'
case[339]='ς\U0010ffffz'
case[340]=' \U0010ffff\U0010ffffς🙂你é@\x00\ud800'
case[341]='ς@z\U0010ffff\U0010ffffM\ud8009éςAßa0ÉAİM\x00ıİ\U0010ffff'
case[342]='\ud800é9ж`🙂m'
case[343]='ÉızZΣЖΣΣςA9ßЖ9ж{\U0010ffffı🙂a你жm{\x00'
case[344]='Жzıı你9Z\U0010ffffİÉaЖAİA你\ud800z'
case[345]='Σ@`aıM[\U0010ffff Σж@@\U0010ffff09İ'
case[346]='é\U0010ffff\x00@ıßMz\x00Z你\ud800aAж你a9'
case[347]='éZ{'
case[348]='{жЖZZ\ud800Σ0{ı[MЖ'
case[349]='mA[🙂ΣЖ0ß🙂`{[[@mÉ\U0010ffffA你'
case[350]='İ你İa9ıİm\x00{9{你Ж🙂aéM`İ{` '
case[351]=''
case[352]='Z@é'
case[353]='M\ud800\U0010ffff\U0010ffff`\x00Σ0İ[Éa🙂你İ\U0010ffff[AÉ0z\ud800z@Σ'
case[354]='Zςж`09[Mж0ßaЖ`🙂Z0éM[ Z🙂0 Σ'
case[355]='\ud800[@ς\U0010ffffÉ'
case[356]='é{ς9ς`{🙂AaΣ{\x00ım你\x00'
case[357]='Σ{`zA\U0010ffff0'
case[358]=' '
case[359]='`ZzЖ'
case[360]='[m\U0010ffff\U0010ffffÉa'
case[361]='\x009'
case[362]='@@\ud8000\ud800AMß9[\x00'
case[363]='9ß你éÉ\ud800z你m'
case[364]='éж@\x00ж@aA[É\x00🙂'
case[365]='@🙂🙂ßжÉ\U0010ffffİ@'
case[366]='ςİ[9{AMm`Ж é'
case[367]='ЖΣ\x00🙂0{@你M\ud800aςaı🙂ς\x00\ud800ı['
case[368]='\ud800mm\x00zΣ{ß@🙂[ßıA🙂ßıaж你[ßς9ıZÉÉ0ж'
case[369]='İ`ß[zΣÉ🙂ıß\U0010ffff[am@éA`你\U0010ffff🙂`жİ[İ'
case[370]='🙂[AΣ'
case[371]='9zÉ你🙂ж{z aA` M你你Zız9@'
case[372]='\ud800`你'
case[373]='{ıж@你A жİß'
case[374]='`z\ud800ıéÉa0z你\U0010ffff[\U0010ffffΣςςı9你'
case[375]='\ud800'
case[376]='ßm\U0010ffff🙂9ımm🙂mıı'
case[377]='ς[ımİ9a'
case[378]='[İЖςж9ЖΣ\U0010ffff'
case[379]='你M[ ςıςı\x00\ud800a0A{你ς🙂你mж🙂AİMaM \U0010ffff'
case[380]='\U0010ffff🙂'
case[381]='zΣm\U0010ffffЖİ🙂éÉA 9ΣA[099\ud800{你{[İ'
case[382]='Zß éİ9\U0010ffff`mİ你ım9\ud800A你M🙂İÉé '
case[383]='m\ud800A`\ud800🙂mß0\x000zÉMzm'
case[384]='909É[ßzı{M@9\x00Aж\U0010ffffM\x00@`\ud800{é\x00\U0010ffff'
case[385]='Ézm` 9\ud800ııΣÉ🙂A ς0 éa🙂AÉm\ud800z🙂'
case[386]=' `ßı\ud800@ßÉ'
case[387]='zé\U0010ffff\x00İßaж É9É\U0010ffff[É\U0010ffffÉ9@ 🙂'
case[388]='🙂\x00жz {aéA🙂\U0010ffff\U0010ffffaж\ud800Ж9'
case[389]='\ud800你ß`你Жı你@{你🙂É'
case[390]='🙂Σ9`éжM[[ß\ud800ΣMA@Mİ[ı{ÉЖAßzam'
case[391]='M🙂M[ Zжz09İ🙂9ΣmMßжÉmaé'
case[392]='m\x00\ud800ЖM`ıİ0ΣΣ@A[9жß'
case[393]='[AAm\U0010ffff9aZm'
case[394]='AızΣ{@ééİéßßıéÉAı'
case[395]='Жı@жΣı\U0010ffffß'
case[396]='🙂Z{@0ж🙂Σİıß`жzÉ@你9MA你'
case[397]='Σ 你Z🙂İ你ı[``aAЖ0Mm0\U0010ffff@ς\ud800你`ı'
case[398]='É{0`ßς[\ud800AAİ9a你M\ud800ßzÉ'
case[399]='9@éMmßZ\x00a'
case[400]='É'
case[401]='[é MЖßA{\U0010ffffé\ud800'
case[402]='Ж 0@🙂9\U0010ffff'
case[403]='🙂a\ud800'
case[404]='ZZz🙂É{mz🙂@9A{你9\x00{\U0010ffffzÉ你Ж\U0010ffff'
case[405]='@{mz{\x00ß[ßéжz\U0010ffff \ud800a жÉ09z'
case[406]='{@Éß🙂mAmıé@M[[z`\ud800\ud8000{'
case[407]='\U0010ffffÉz0ΣЖ{0M'
case[408]='mς [éı0 '
case[409]='жΣAa[`🙂A0MaZÉ[É\x00m[ß🙂жé0[ΣZZİ你a9'
case[410]='{@你É\U0010ffffaß@ж你ςıжÉ\ud800a\U0010fffféz0éA你ı'
case[411]='zMé0\U0010ffffΣzı@A你🙂\ud800'
case[412]='ςmmÉ\U0010ffff {[@z`a{'
case[413]='🙂ß é0zzΣ你\ud800`Σé\U0010ffff ςéжaΣÉ Zжaé\ud800`'
case[414]='\x00m@ςςİ[ж'
case[415]=' \U0010ffffßZ9`ı\x00AЖ0mZıé'
case[416]='9İ🙂ıςA\ud800m\ud800🙂z[0Ééı'
case[417]='{\ud800 ßé\U0010ffffß0z🙂mz\U0010ffffA{Ж\ud800[🙂你 É{éς\x00Éж[A9{'
case[418]='ÉZЖÉ{ß z\ud800'
case[419]='{a@mЖ{{\U0010ffff9Mж0@\x00🙂\ud800aΣ9\x00İı\ud800{'
case[420]='`ΣMAM🙂你\x00ß '
case[421]='@9mZmm🙂9A\ud8000🙂ı[{Z'
case[422]='🙂Z你ßςZЖ'
case[423]='Жa\U0010ffff90Z9éaz0ßm'
case[424]='[9\U0010ffffM[\U0010ffffMΣßzé\U0010ffffzßz0zAéA{ 9AÉéж{ ЖaZ'
case[425]='Σ[ım\x00[@\x00 É你z\x00ı`'
case[426]='z\U0010ffff\U0010ffff{'
case[427]='你ж\x00{AΣЖ\x00ßı{9ЖЖ'
case[428]='0é `\U0010ffff`\x00é[Σ Aİжж[{ Az['
case[429]='Z[你ßς@🙂🙂909aж@ßaz A \ud800ς'
case[430]='A你Éж@z[🙂[zZİAM\x00Z{ΣςΣ\ud800 жжЖı\x00M🙂@жm'
case[431]='ς\x00\U0010ffff9`[你ıςZ`\ud800\ud800É🙂aÉmЖ你{'
case[432]='[你\ud800@0ςAßß{9Z`É@[@m'
case[433]='9Z`ÉЖж🙂ж00ßЖ\U0010ffff\x00a{'
case[434]='你\x00m`жς\ud800\x00\U0010ffffzZZı'
case[435]='Ж\U0010ffffжÉ\ud800ЖéЖ[9a \U0010ffffЖς你 \x00Z你0aÉ@A\U0010ffffжÉ\x00\U0010ffff@'
case[436]='MZÉ ς'
case[437]='Жa\ud800ЖZß@{ém{'
case[438]='@'
case[439]='MAÉıжÉıM🙂ςzzm'
case[440]='az 你`mé🙂éZжZ你aİΣZİİa[\x00ß'
case[441]='maς`[Ж 你ÉMm🙂İm9ıZЖЖςé9жς ZZA\x00'
case[442]='0Z[É'
case[443]='A\ud800你Σ\U0010ffffmЖ@🙂`\ud800\U0010ffff{\ud800zÉ`{0[\ud800aMς\ud8009'
case[444]='M0'
case[445]='mMЖЖ`M`é\x00`\U0010ffffM🙂zm'
case[446]='ßééß'
case[447]='{🙂Ж\ud800\ud800Σa'
case[448]='09ÉжÉaAaZ'
case[449]='жMς'
case[450]='\x00ς0\U0010ffffж{'
case[451]='ıß0\x00ıZ@\ud800é`Σ`🙂[\U0010ffffmMm🙂É'
case[452]='\ud800Éa`🙂9\x00 \U0010ffff你[@ς[@mςı'
case[453]='éς`é'
case[454]='[9É@aß你Σ @amςЖ\U0010ffffa'
case[455]='é@ÉAmz\U0010ffffé\U0010ffff`mm@ΣzİÉaé{Ж\x00@aЖ'
case[456]='@{mÉжéıΣAAmA0ж`'
case[457]='`zMzAZ🙂{0A@mMa🙂ß @'
case[458]='жA0Zς  [[0ıς0mЖ9 \U0010ffffm{M🙂0{9 0{ßı'
case[459]='[{ZZmaİ Жmé🙂你zÉ\U0010ffffжΣЖÉ9你你Σς9zé`M'
case[460]='ßM9\x00ж{a🙂Z你Z'
case[461]='@09m`aa\U0010ffffς`9zςZ\U0010ffff\U0010ffffς0{ςı`9'
case[462]='[🙂你9éж\U0010ffffmM{A\x00\U0010ffff@{Σж{{ı\U0010ffffı 9m'
case[463]=''
case[464]='\U0010ffffı'
case[465]='ı [éZ0ßM\ud800ж`ς🙂`ß@z@ZЖ\ud800Σ9жéß\x00aß\U0010ffff9 '
case[466]=' \U0010ffffς`Жz你\ud800你09{\x00Aςİ🙂🙂@[aЖMЖ[0'
case[467]='Mςİéİ\U0010ffffM90\x00zM ΣςЖmΣ'
case[468]='ÉZAz\x00aΣж🙂MΣZZıΣ\ud800ЖmmM `\ud800ı\U0010ffffж`'
case[469]='ıZ0aZ9'
case[470]='жé🙂ςızß '
case[471]='ς0`ςMaÉ{mжZ'
case[472]='ЖßßAßςM{0你\ud800\U0010ffffAßM\x00ÉΣ'
case[473]='ΣÉЖA@ςİΣßz`zA{ж`É@Σ@z\U0010ffffM`'
case[474]='`ézß0жA\U0010ffffß'
case[475]='Ж你9 É[🙂`ÉΣİ@mM[\U0010ffff0aж0`🙂\x00ς \ud800{@ß'
case[476]='M[ж \U0010ffffΣ\x000`ÉΣİı`\ud800Σж`Mé{m🙂'
case[477]='Σımz\ud800\x00AMς@ßıİ9A\x00` 🙂9@0`z@`\ud800éZmmm'
case[478]='m\U0010ffff@Z你İ`@é🙂a00é你\x00ж0你ZςmΣm\U0010ffffM0ς'
case[479]='Σé9\x00a你'
case[480]='éA\U0010ffffİΣ[\ud800\ud800éz\ud800é@ς@{ß'
case[481]='İ\x00\U0010ffffİς ς[ж ςı\x00Ж0éz {éa0İ'
case[482]='\U0010ffff\U0010ffff[ı ЖA0ς`A🙂ς@ж'
case[483]='İé \x00a9é\ud800Жİ\ud800a\x00жéAİ0🙂ZA\U0010ffffЖ'
case[484]=' Zİ@Σ@İA`ıж\U0010ffffßA`\x00Éß'
case[485]='AЖж🙂Z@你A0🙂É🙂aza\U0010ffffİz'
case[486]='0AAa\ud800@M9\x00 你你'
case[487]='a\U0010ffff你\U0010ffffı你Ézı🙂你mß\U0010ffffжςжz'
case[488]='99@m🙂🙂ж你\x00Σ Σ\ud800\U0010ffff你Σςı['
case[489]='`@AééZßЖ[жm'
case[490]='`aM@m[ıZ`ZİЖİ\x00é0İA``Σ'
case[491]='你[ÉaİжzΣa{Zж\ud800ΣmaΣı{0`'
case[492]='Ж你\ud800[Σa``É9ÉςZ9你z9ZΣ@\ud800你'
case[493]='你ςЖ@Σ\x00` \x00ZAAİж{Zжς\ud800жmZa[жAİa0ßß '
case[494]='m`ıı\U0010ffffm\x00🙂\U0010ffffİЖ\x00ςm\x00🙂`ß0Aé🙂amÉZς@'
case[495]='M[[0\x00ZςM`ız[`@\U0010ffffé🙂M'
case[496]='İa9\U0010ffff9éжЖ\U0010ffff {['
case[497]='\ud800ıA\ud800ß9Zß\x00ΣZж\ud800Ж@aΣ[ςßA9M{émΣİZ'
case[498]='ж9ı'
case[499]='🙂MmÉ🙂Z'
case[500]='999m0`İ🙂\ud800жaZM{🙂9@@🙂@'
case[501]='0@ıZ[`aςΣΣ@ς🙂`ZZa\ud800🙂\ud800ı🙂你ςİ'
case[502]='Éa9'
case[503]='ß\x000жM zéA\x00é90AéΣ你你 🙂ς'
case[504]='ß\ud800🙂ςÉЖıß'
case[505]='Жé你@éßςİı\ud800é  ßςé🙂9'
case[506]='{9ı'
case[507]='你{z\U0010ffffжÉ`ς\U0010ffff你['
case[508]='\x00`\ud800🙂你\U0010ffff\ud800'
case[509]='{ '
case[510]='İж🙂Éß'
case[511]='ßMé0M{你{ız[ZMжİ9{é0A{@\U0010ffff@A\ud8000A'
case[512]='@ß'
case[513]='Σ`你`жςİ'
fixed_cases=14
generated_cases=500 seed=270027 max_length=32
total_cases=514
mismatches=0

Script done on 2026-07-26 14:54:54-05:00 [COMMAND_EXIT_CODE="0"]
