Script started on 2026-07-31 07:58:46-05:00 [<not executed on terminal>]
verification_module=VERIFICATION
local_module_closure=['VERIFICATION']
verification_sha256=466c7679d2f2c6cd7a3d3b9a04c583d518d0920cc9d070b4e41226adb9d26748
rule_count=1
rule[0].module=VERIFICATION
rule[0].span=10-228
rule[0].attributes=[]
rule[0].normalized_sha256=85e70a4588ebd4cc7fa9900b762e8c8d4075fa1ebbdfda530c9ea390b0a2029a
rule[0].source_rule_id=rule-85e70a4588ebd4cc7fa9900b762e8c8d4075fa1ebbdfda530c9ea390b0a2029a
rule[0].exact_span_match=True
whole_inventory_sha256=bd6baa11540644d109e6d3516ace2adf5c7c318407fb921dfed4acc5a6ffaf79
trusted_inventory_sha256=bd6baa11540644d109e6d3516ace2adf5c7c318407fb921dfed4acc5a6ffaf79
discovery_inventory_sha256=bd6baa11540644d109e6d3516ace2adf5c7c318407fb921dfed4acc5a6ffaf79
inventory_ids=['rule-85e70a4588ebd4cc7fa9900b762e8c8d4075fa1ebbdfda530c9ea390b0a2029a']
discovery_ids=['rule-85e70a4588ebd4cc7fa9900b762e8c8d4075fa1ebbdfda530c9ea390b0a2029a']
classifications=['DEFINITION']
SPAN_HASH_RECOMPUTATION=PASS
SOURCE_RULE_ID_RECOMPUTATION=PASS
WHOLE_INVENTORY_HASH_RECOMPUTATION=PASS
ORDERED_CLASSIFICATION_BIJECTION=PASS

Script done on 2026-07-31 07:58:46-05:00 [COMMAND_EXIT_CODE="0"]
