Script started on 2026-07-26 02:40:17-05:00 [<not executed on terminal>]
++ rg -c '^  rule ' /tmp/audit-work/candidate-src/semantic.k
+ test 14 -eq 14
++ rg -c '^  rule ' /tmp/audit-work/candidate-src/solution-program.k
+ test 1 -eq 1
++ rg -c '^  rule ' /tmp/audit-work/candidate-src/verification.k
+ test 1 -eq 1
+ rg -n '^\s*(syntax|configuration|rule|claim|context|alias)' /tmp/audit-work/candidate-src/semantic.k /tmp/audit-work/candidate-src/solution-program.k /tmp/audit-work/candidate-src/verification.k /tmp/audit-work/candidate-src/spec.k
/tmp/audit-work/candidate-src/spec.k
6:  claim
12:  claim
18:  claim
24:  claim
30:  claim
36:  claim
42:  claim
48:  claim
54:  claim
60:  claim
66:  claim
72:  claim
78:  claim
84:  claim
90:  claim
96:  claim
102:  claim
108:  claim
114:  claim
120:  claim
126:  claim
132:  claim
138:  claim
144:  claim
150:  claim
156:  claim
162:  claim
168:  claim
174:  claim
180:  claim
186:  claim
192:  claim
198:  claim
204:  claim
210:  claim
216:  claim
222:  claim
228:  claim
234:  claim
240:  claim
246:  claim
252:  claim
258:  claim
264:  claim
270:  claim
276:  claim
282:  claim
288:  claim
294:  claim
300:  claim
306:  claim
312:  claim
318:  claim
324:  claim
330:  claim
336:  claim
342:  claim
348:  claim
354:  claim
360:  claim
366:  claim
372:  claim
378:  claim
384:  claim
390:  claim
397:  claim
404:  claim
411:  claim
418:  claim
425:  claim
432:  claim
439:  claim
446:  claim

/tmp/audit-work/candidate-src/verification.k
8:  syntax KItem ::= "verifyBF" "(" String "," String ")"
10:  rule <k> verifyBF(P1, P2)

/tmp/audit-work/candidate-src/solution-program.k
6:  syntax Program ::= "solutionProgram"
7:  rule solutionProgram =>

/tmp/audit-work/candidate-src/semantic.k
4:  syntax Program ::= "Module" "(" Stmts ")"
6:  syntax Stmts ::= List{Stmt, ""}
7:  syntax Stmt ::= "FuncDef" "(" String "," Params "," Stmts ")"
11:  syntax Params ::= "Params" "(" Names ")"
12:  syntax Names ::= List{String, ","}
14:  syntax Expr ::= "Name" "(" String ")"
18:  syntax CmpOp ::= "CmpOp" "(" String "," Expr ")"
19:  syntax Exprs ::= List{Expr, ","}
25:  syntax KItem ::= "invokeBF" "(" String "," String ")"
27:  syntax Result ::= "noResult"
29:  syntax StringValues ::= List{String, ","}
31:  configuration
39:  rule <k> Module(FuncDef("bf", Params("planet1", "planet2"), BODY))
46:  rule <k> (S:Stmt REST:Stmts) => execStmt(S) ~> REST ... </k>
47:  rule <k> .Stmts => .K ... </k>
49:  rule <k> execStmt(
56:  rule <k> execStmt(
63:  rule <k> execStmt(
70:  rule <k> execStmt(
77:  rule <k> execStmt(Return(TupleExpr(.Exprs))) ~> _REST => .K </k>
80:  rule <k> execStmt(Return(TupleExpr(Str(S1)))) ~> _REST => .K </k>
83:  rule <k> execStmt(Return(TupleExpr(Str(S1), Str(S2)))) ~> _REST => .K </k>
86:  rule <k> execStmt(Return(TupleExpr(Str(S1), Str(S2), Str(S3))))
92:  rule <k> execStmt(
99:  rule <k> execStmt(
107:  rule <k> execStmt(
+ rg -n '\[(function|total|functional|simplification|macro|anywhere|priority|opaque)' /tmp/audit-work/candidate-src/semantic.k /tmp/audit-work/candidate-src/solution-program.k /tmp/audit-work/candidate-src/verification.k
+ echo 'no local special K rule/function attributes found'
no local special K rule/function attributes found
+ rg --pcre2 -o '[A-Z][A-Za-z]+(?=\()' /tmp/audit-work/candidate-src/solution.mpy
+ sort
+ uniq -c
     50 CmpOp
     50 Compare
      1 FuncDef
     50 If
      1 Module
     50 Name
      1 Params
     51 Return
    162 Str
     51 TupleExpr
++ rg -c '^  claim$' /tmp/audit-work/candidate-src/spec.k
+ test 73 -eq 73
+ echo 'static source count checks passed'
static source count checks passed

Script done on 2026-07-26 02:40:17-05:00 [COMMAND_EXIT_CODE="0"]
