COMMAND: kompile --version
K version:    v7.1.337
Build date:   Thu Jun 18 07:59:56 CDT 2026
EXIT STATUS: 0
COMMAND: kompile /tmp/audit-work/source/reference-semantics/semantics.k --backend llvm --main-module MPY-KRUN --syntax-module MPY-SYNTAX --output-definition /tmp/audit-work/source/runtime-kompiled --warnings none
EXIT STATUS: 0
COMMAND: python3 /tmp/audit-work/source/py2mpy.py /audit-output/evidence/stage3_concrete_probe.py > /tmp/audit-work/source/stage3_concrete_probe.mpy
EXIT STATUS: 0
COMMAND: krun /tmp/audit-work/source/stage3_concrete_probe.mpy --definition /tmp/audit-work/source/runtime-kompiled
<generatedTop>
  <k>
    .K
  </k>
  <env>
    0
  </env>
  <scopes>
    -1 |-> scope ( "abs" |-> builtinV ( "abs" )
    "all" |-> builtinV ( "all" )
    "any" |-> builtinV ( "any" )
    "bin" |-> builtinV ( "bin" )
    "chr" |-> builtinV ( "chr" )
    "enumerate" |-> builtinV ( "enumerate" )
    "eval" |-> builtinV ( "eval" )
    "float" |-> typeV ( "float" )
    "int" |-> typeV ( "int" )
    "isinstance" |-> builtinV ( "isinstance" )
    "len" |-> builtinV ( "len" )
    "list" |-> builtinV ( "list" )
    "map" |-> builtinV ( "map" )
    "max" |-> builtinV ( "max" )
    "min" |-> builtinV ( "min" )
    "ord" |-> builtinV ( "ord" )
    "range" |-> builtinV ( "range" )
    "round" |-> builtinV ( "round" )
    "set" |-> builtinV ( "set" )
    "sorted" |-> builtinV ( "sorted" )
    "str" |-> typeV ( "str" )
    "sum" |-> builtinV ( "sum" )
    "zip" |-> builtinV ( "zip" ) , root )
    0 |-> scope ( "greatest_common_divisor" |-> closureVal ( "a" , "b" , .ParamNames , Assign ( Name ( "a" ) , Call ( Name ( "abs" ) , Name ( "a" ) , .Exprs ) )  Assign ( Name ( "b" ) , Call ( Name ( "abs" ) , Name ( "b" ) , .Exprs ) )  While ( Compare ( Name ( "b" ) , CmpOp ( "!=" , Int ( 0 ) ) ) , Assign ( TupleExpr ( Name ( "a" ) , Name ( "b" ) , .Exprs ) , TupleExpr ( Name ( "b" ) , BinOp ( "%" , Name ( "a" ) , Name ( "b" ) ) , .Exprs ) )  .Stmts )  Return ( Name ( "a" ) )  .Stmts , 0 ) , parent ( -1 ) )
  </scopes>
  <scopeLoc>
    1
  </scopeLoc>
  <heap>
    .Map
  </heap>
  <heapLoc>
    0
  </heapLoc>
  <stack>
    .List
  </stack>
  <ret>
    noRet
  </ret>
  <exc>
    NoExc
  </exc>
  <exit-code>
    0
  </exit-code>
</generatedTop>
EXIT STATUS: 0
COMMAND: kompile /tmp/audit-work/source/verification.k --backend haskell --main-module GCD-VERIFICATION --syntax-module MPY-SYNTAX --output-definition /tmp/audit-work/source/verification-kompiled --warnings none
EXIT STATUS: 0
COMMAND: kprove /tmp/audit-work/source/spec.k --definition /tmp/audit-work/source/verification-kompiled --spec-module GCD-SPEC --claims euclid-step --warnings none
#Top
EXIT STATUS: 0
COMMAND: kprove /tmp/audit-work/source/spec.k --definition /tmp/audit-work/source/verification-kompiled --spec-module GCD-SPEC --claims program-correct --warnings none
#Top
EXIT STATUS: 0
COMMAND: kprove /tmp/audit-work/source/spec.k --definition /tmp/audit-work/source/verification-kompiled --spec-module GCD-SPEC --claims example-3-5 --warnings none
#Top
EXIT STATUS: 0
COMMAND: kprove /tmp/audit-work/source/spec.k --definition /tmp/audit-work/source/verification-kompiled --spec-module GCD-SPEC --claims example-25-15 --warnings none
#Top
EXIT STATUS: 0
STAGE 3 OVERALL EXIT STATUS: 0
