COMMAND: nl -ba /reference/k-proof/solution.py
     1	def bf(planet1, planet2):
     2	    planets = (
     3	        "Mercury",
     4	        "Venus",
     5	        "Earth",
     6	        "Mars",
     7	        "Jupiter",
     8	        "Saturn",
     9	        "Uranus",
    10	        "Neptune",
    11	    )
    12	    if planet1 not in planets or planet2 not in planets:
    13	        return ()
    14	    index1 = planets.index(planet1)
    15	    index2 = planets.index(planet2)
    16	    if index1 < index2:
    17	        return planets[index1 + 1:index2]
    18	    return planets[index2 + 1:index1]

EXIT_STATUS: 0
