COMMAND: rg -n strToCodes\|TupleExpr\|not\ in\|idxOfVS\|doSlice\|buildVS\|#memberAcc /reference/k-proof/reference-semantics/semantics/str.k /reference/k-proof/reference-semantics/semantics/tuple.k /reference/k-proof/reference-semantics/semantics/list.k /reference/k-proof/reference-semantics/semantics/subscript.k
/reference/k-proof/reference-semantics/semantics/subscript.k:59:        => #alloc(doSlice(list(VS), LO, HI, ST)) ... </k>
/reference/k-proof/reference-semantics/semantics/subscript.k:61:  rule <k> ST:OptInt ~> #slStep(OBJ:Val, LO:OptInt, HI:OptInt) => doSlice(OBJ, LO, HI, ST) ... </k>
/reference/k-proof/reference-semantics/semantics/subscript.k:63:  syntax Val ::= doSlice(Val, OptInt, OptInt, OptInt) [function]
/reference/k-proof/reference-semantics/semantics/subscript.k:64:  rule doSlice(list(VS:ValSeq), LO:OptInt, HI:OptInt, ST:OptInt)
/reference/k-proof/reference-semantics/semantics/subscript.k:65:    => list(buildVS(VS, slStart(LO, ST, vsLen(VS)), slStop(HI, ST, vsLen(VS)), slStep(ST)))
/reference/k-proof/reference-semantics/semantics/subscript.k:66:  rule doSlice(tuple(VS:ValSeq), LO:OptInt, HI:OptInt, ST:OptInt)
/reference/k-proof/reference-semantics/semantics/subscript.k:67:    => tuple(buildVS(VS, slStart(LO, ST, vsLen(VS)), slStop(HI, ST, vsLen(VS)), slStep(ST)))
/reference/k-proof/reference-semantics/semantics/subscript.k:68:  rule doSlice(str(IS:IntSeq), LO:OptInt, HI:OptInt, ST:OptInt)
/reference/k-proof/reference-semantics/semantics/subscript.k:109:  syntax ValSeq ::= buildVS(ValSeq, Int, Int, Int) [function]
/reference/k-proof/reference-semantics/semantics/subscript.k:110:  rule buildVS(VS:ValSeq, I:Int, STOP:Int, STEP:Int)
/reference/k-proof/reference-semantics/semantics/subscript.k:111:    => vCons(valSeqAt(VS, I), buildVS(VS, I +Int STEP, STOP, STEP))
/reference/k-proof/reference-semantics/semantics/subscript.k:113:  rule buildVS(_:ValSeq, I:Int, STOP:Int, STEP:Int) => .ValSeq
/reference/k-proof/reference-semantics/semantics/list.k:58:  syntax KItem ::= #memberAcc(Val, Iterable) | #memberCont(Val) | "#notB"
/reference/k-proof/reference-semantics/semantics/list.k:59:  rule <k> Compare(LV:Val, CmpOp("in",     list(VS:ValSeq))) => #memberAcc(LV, list(VS)) ... </k>
/reference/k-proof/reference-semantics/semantics/list.k:60:  rule <k> Compare(LV:Val, CmpOp("not in", list(VS:ValSeq))) => #memberAcc(LV, list(VS)) ~> #notB ... </k>
/reference/k-proof/reference-semantics/semantics/list.k:61:  rule <k> #memberAcc(V:Val, IT:Iterable) => #iterNext(IT) ~> #memberCont(V) ... </k>
/reference/k-proof/reference-semantics/semantics/list.k:65:  rule <k> #iterYield(E:Val, R:Iterable) ~> #memberCont(V:Val) => #memberAcc(V, R) ... </k>
/reference/k-proof/reference-semantics/semantics/tuple.k:13:  // ==== TupleExpr: tuple(ValSeq) literal + == != ===========================
/reference/k-proof/reference-semantics/semantics/tuple.k:15:  rule <k> TupleExpr(ES:Exprs) => #evalArgs(ES, .Vals, toTuple) ... </k>
/reference/k-proof/reference-semantics/semantics/tuple.k:20:  rule <k> Compare(LV:Val, CmpOp("in",     tuple(VS:ValSeq))) => #memberAcc(LV, tuple(VS)) ... </k>
/reference/k-proof/reference-semantics/semantics/tuple.k:21:  rule <k> Compare(LV:Val, CmpOp("not in", tuple(VS:ValSeq))) => #memberAcc(LV, tuple(VS)) ~> #notB ... </k>
/reference/k-proof/reference-semantics/semantics/tuple.k:23:  rule applyMethod(tuple(VS:ValSeq), "index", V:Val, .Vals) => idxOfVS(VS, V, 0)
/reference/k-proof/reference-semantics/semantics/tuple.k:24:  syntax Int ::= idxOfVS(ValSeq, Val, Int) [function]
/reference/k-proof/reference-semantics/semantics/tuple.k:25:  rule idxOfVS(vCons(A:Val, _:ValSeq), V:Val, I:Int) => I requires A ==K V
/reference/k-proof/reference-semantics/semantics/tuple.k:26:  rule idxOfVS(vCons(A:Val, R:ValSeq), V:Val, I:Int) => idxOfVS(R, V, I +Int 1)
/reference/k-proof/reference-semantics/semantics/tuple.k:30:  // ==== target binding: bind a Name or a TupleExpr target to a value ========
/reference/k-proof/reference-semantics/semantics/tuple.k:42:  rule <k> #bindTgt(TupleExpr(TS:Exprs), tuple(VS:ValSeq)) => #unpackSeq(TS, VS) ... </k>
/reference/k-proof/reference-semantics/semantics/tuple.k:43:  rule <k> #bindTgt(TupleExpr(TS:Exprs), list(VS:ValSeq))  => #unpackSeq(TS, VS) ... </k>
/reference/k-proof/reference-semantics/semantics/tuple.k:44:  rule <k> #bindTgt(TupleExpr(TS:Exprs), ref(H:Int)) => #bindTgt(TupleExpr(TS), V) ... </k>
/reference/k-proof/reference-semantics/semantics/tuple.k:50:  rule <k> Assign(TupleExpr(TS:Exprs), tuple(VS:ValSeq)) => #unpackSeq(TS, VS) ... </k>
/reference/k-proof/reference-semantics/semantics/tuple.k:51:  rule <k> Assign(TupleExpr(TS:Exprs), list(VS:ValSeq))  => #unpackSeq(TS, VS) ... </k>
/reference/k-proof/reference-semantics/semantics/tuple.k:52:  rule <k> Assign(TupleExpr(TS:Exprs), ref(H:Int)) => Assign(TupleExpr(TS), V) ... </k>
/reference/k-proof/reference-semantics/semantics/str.k:13:  syntax IntSeq ::= strToCodes(String) [function]
/reference/k-proof/reference-semantics/semantics/str.k:14:  rule <k> Str(S:String) => str(strToCodes(S)) ... </k>
/reference/k-proof/reference-semantics/semantics/str.k:15:  rule strToCodes("") => .IntSeq
/reference/k-proof/reference-semantics/semantics/str.k:16:  rule strToCodes(S:String) => iCons(ordChar(substrString(S, 0, 1)), strToCodes(substrString(S, 1, lengthString(S))))
/reference/k-proof/reference-semantics/semantics/str.k:30:  rule applyCmp("not in", str(P:IntSeq), str(X:IntSeq)) => notBool strContains(P, X)

EXIT_STATUS: 0
