Script started on 2026-07-31 02:46:32-05:00 [<not executed on terminal>]
COMMAND: generated project file inventory and line counts
/reference/klean-generation/generated/.gitignore
/reference/klean-generation/generated/Klean146Specialfilter.lean
/reference/klean-generation/generated/Klean146Specialfilter/Func.lean
/reference/klean-generation/generated/Klean146Specialfilter/Inj.lean
/reference/klean-generation/generated/Klean146Specialfilter/Lemmas.lean
/reference/klean-generation/generated/Klean146Specialfilter/Prelude.lean
/reference/klean-generation/generated/Klean146Specialfilter/Rewrite.lean
/reference/klean-generation/generated/Klean146Specialfilter/Sorts.lean
/reference/klean-generation/generated/lake-manifest.json
/reference/klean-generation/generated/lakefile.toml
/reference/klean-generation/generated/lean-toolchain
/reference/klean-generation/generated/obligation-map.json
    2 /reference/klean-generation/generated/Klean146Specialfilter.lean
  240 /reference/klean-generation/generated/Klean146Specialfilter/Func.lean
  536 /reference/klean-generation/generated/Klean146Specialfilter/Inj.lean
   25 /reference/klean-generation/generated/Klean146Specialfilter/Lemmas.lean
  354 /reference/klean-generation/generated/Klean146Specialfilter/Prelude.lean
   12 /reference/klean-generation/generated/Klean146Specialfilter/Rewrite.lean
  356 /reference/klean-generation/generated/Klean146Specialfilter/Sorts.lean
  165 /candidate/Proof.lean
    6 /candidate/lakefile.lean
wc: '/candidate/Base/*.lean': No such file or directory
wc: '/candidate/Base/Klean146Specialfilter/*.lean': No such file or directory
 1696 total
COMMAND: obligation map
{
    "obligations": [
        {
            "discovery_manifest_sha256": "f9e267ead4719425d16a655655ad1236b3feba5baf3dacaf5af3905c86e740b8",
            "inventory_sha256": "12d01103d80c6a489390efcbe9d1f159bccf941a293215593306572eb7a48336",
            "lean_conjunct": "\u2200 (V : SortVal), ((\u00abproject:Int?\u00bb (SortK.kseq ((@inj SortVal SortKItem) V) SortK.dotk)).isSome = true) \u2194 (((\u00abdefinedProjectInt(_)_VERIFICATION_Bool_Val\u00bb V : SortBool) = (true : SortBool)) \u2227 (True))",
            "lean_conjunct_sha256": "d1cfd6b9d7057ddedb9964bf7559dcf177af7d4a5b97d78a1b7d0875c8bed30d",
            "normalized_sha256": "0312858a8718cb93d212cdb7b679a2875534dc14191dff8edf7bccf9a96d8b43",
            "source_rule_id": "rule-0312858a8718cb93d212cdb7b679a2875534dc14191dff8edf7bccf9a96d8b43",
            "source_span": {
                "end_line": 58,
                "start_line": 56
            }
        },
        {
            "discovery_manifest_sha256": "f9e267ead4719425d16a655655ad1236b3feba5baf3dacaf5af3905c86e740b8",
            "inventory_sha256": "12d01103d80c6a489390efcbe9d1f159bccf941a293215593306572eb7a48336",
            "lean_conjunct": "\u2200 (V : SortVal) (h : (\u00abdefinedProjectInt(_)_VERIFICATION_Bool_Val\u00bb V) = true), (\u00abproject:Int\u00bb (SortK.kseq ((@inj SortVal SortKItem) V) SortK.dotk) : SortInt) = (projectIntTotal V : SortInt)",
            "lean_conjunct_sha256": "c96fac27a74fce29f06ffa4196acea8b31fb40c07296bf421df64c3ba68efb74",
            "normalized_sha256": "22fa1e67d4a05b75b5a578312159b0a4e049b756806628df2540b007f43bcb5d",
            "source_rule_id": "rule-22fa1e67d4a05b75b5a578312159b0a4e049b756806628df2540b007f43bcb5d",
            "source_span": {
                "end_line": 65,
                "start_line": 63
            }
        },
        {
            "discovery_manifest_sha256": "f9e267ead4719425d16a655655ad1236b3feba5baf3dacaf5af3905c86e740b8",
            "inventory_sha256": "12d01103d80c6a489390efcbe9d1f159bccf941a293215593306572eb7a48336",
            "lean_conjunct": "\u2200 (I : SortInt) (V : SortVal) (h : (\u00abdefinedProjectInt(_)_VERIFICATION_Bool_Val\u00bb V) = true), (\u00abapplyCmp(_,_,_)_MPY-CORE_Bool_String_Val_Val\u00bb \">\" V (SortVal.inj_SortInt I) : SortBool) = (\u00ab_>Int_\u00bb (projectIntTotal V) I : SortBool)",
            "lean_conjunct_sha256": "46c19afb4e6ec37eaba8ab714b499869eddb1947aa4af57f3bf8bcadd0ff5cfd",
            "normalized_sha256": "b16fd6610afeba9b173c4b9ae74c4766789b5284e03220a93a65bb86fd2ce505",
            "source_rule_id": "rule-b16fd6610afeba9b173c4b9ae74c4766789b5284e03220a93a65bb86fd2ce505",
            "source_span": {
                "end_line": 77,
                "start_line": 74
            }
        },
        {
            "discovery_manifest_sha256": "f9e267ead4719425d16a655655ad1236b3feba5baf3dacaf5af3905c86e740b8",
            "inventory_sha256": "12d01103d80c6a489390efcbe9d1f159bccf941a293215593306572eb7a48336",
            "lean_conjunct": "\u2200 (V : SortVal) (h : (\u00abdefinedProjectInt(_)_VERIFICATION_Bool_Val\u00bb V) = true), (\u00abapplyBuiltin(_,_)_MPY-BUILTINS_Val_String_Vals\u00bb \"str\" (SortVals.\u00ab_,__MPY-CORE_Vals_Val_Vals\u00bb V SortVals.\u00ab.List{\"_,__MPY-CORE_Vals_Val_Vals\"}_Vals\u00bb) : SortVal) = (SortVal.inj_SortStr (SortStr.\u00abstr(_)_MPY-CORE_Str_IntSeq\u00bb (\u00abstrToCodes(_)_MPY-STR_IntSeq_String\u00bb (\u00abInt2String(_)_STRING-COMMON_String_Int\u00bb (projectIntTotal V)))) : SortVal)",
            "lean_conjunct_sha256": "6c4b3ea6fe8eed44f095ef4890a8a2e88aa8c714f27eebeb65448fd6e933402b",
            "normalized_sha256": "532e0f2fb29f7ffe39ef42a75e9b8dc647afc9a5bea5118d59efc91aa6fb0c2d",
            "source_rule_id": "rule-532e0f2fb29f7ffe39ef42a75e9b8dc647afc9a5bea5118d59efc91aa6fb0c2d",
            "source_span": {
                "end_line": 82,
                "start_line": 79
            }
        }
    ],
    "schema_version": 3,
    "source_rules": [
        {
            "attributes": [
                "simplification"
            ],
            "classification": "DOMAIN_LEMMA",
            "discovery_manifest_sha256": "f9e267ead4719425d16a655655ad1236b3feba5baf3dacaf5af3905c86e740b8",
            "end_line": 58,
            "inventory_sha256": "12d01103d80c6a489390efcbe9d1f159bccf941a293215593306572eb7a48336",
            "module": "VERIFICATION",
            "normalized_sha256": "0312858a8718cb93d212cdb7b679a2875534dc14191dff8edf7bccf9a96d8b43",
            "rationale": "Trusted simplification characterizing the definedness of the pre-existing partial Val-to-Int cast; Stage 1 does not first prove this exact #Ceil equation in a module that omits it.",
            "source_rule_id": "rule-0312858a8718cb93d212cdb7b679a2875534dc14191dff8edf7bccf9a96d8b43",
            "start_line": 56,
            "text": "  rule #Ceil({@V:Val}:>Int)\n    => ({ definedProjectInt(@V) #Equals true } #And #Ceil(@V))\n    [simplification]"
        },
        {
            "attributes": [
                "symbolic(V)",
                "simplification",
                "preserves-definedness"
            ],
            "classification": "DOMAIN_LEMMA",
            "discovery_manifest_sha256": "f9e267ead4719425d16a655655ad1236b3feba5baf3dacaf5af3905c86e740b8",
            "end_line": 65,
            "inventory_sha256": "12d01103d80c6a489390efcbe9d1f159bccf941a293215593306572eb7a48336",
            "module": "VERIFICATION",
            "normalized_sha256": "22fa1e67d4a05b75b5a578312159b0a4e049b756806628df2540b007f43bcb5d",
            "rationale": "Trusted reverse-orientation simplification from the pre-existing partial cast to projectIntTotal; its exact statement is not separately proved before the rule is compiled.",
            "source_rule_id": "rule-22fa1e67d4a05b75b5a578312159b0a4e049b756806628df2540b007f43bcb5d",
            "start_line": 63,
            "text": "  rule {V:Val}:>Int => projectIntTotal(V)\n    requires definedProjectInt(V)\n    [symbolic(V), simplification, preserves-definedness]"
        },
        {
            "attributes": [
                "simplification"
            ],
            "classification": "DOMAIN_LEMMA",
            "discovery_manifest_sha256": "f9e267ead4719425d16a655655ad1236b3feba5baf3dacaf5af3905c86e740b8",
            "end_line": 77,
            "inventory_sha256": "12d01103d80c6a489390efcbe9d1f159bccf941a293215593306572eb7a48336",
            "module": "VERIFICATION",
            "normalized_sha256": "b16fd6610afeba9b173c4b9ae74c4766789b5284e03220a93a65bb86fd2ce505",
            "rationale": "Trusted simplification extending the pre-existing applyCmp symbol from a dynamically sorted Val to projected Int comparison; no rule-free Stage 1 proof establishes this exact twin first.",
            "source_rule_id": "rule-b16fd6610afeba9b173c4b9ae74c4766789b5284e03220a93a65bb86fd2ce505",
            "start_line": 74,
            "text": "  rule applyCmp(\">\", V:Val, I:Int)\n    => projectIntTotal(V) >Int I\n    requires definedProjectInt(V)\n    [simplification]"
        },
        {
            "attributes": [
                "simplification"
            ],
            "classification": "DOMAIN_LEMMA",
            "discovery_manifest_sha256": "f9e267ead4719425d16a655655ad1236b3feba5baf3dacaf5af3905c86e740b8",
            "end_line": 82,
            "inventory_sha256": "12d01103d80c6a489390efcbe9d1f159bccf941a293215593306572eb7a48336",
            "module": "VERIFICATION",
            "normalized_sha256": "532e0f2fb29f7ffe39ef42a75e9b8dc647afc9a5bea5118d59efc91aa6fb0c2d",
            "rationale": "Trusted simplification extending the pre-existing applyBuiltin str operation to a dynamically sorted projected Int; Stage 1 compiles this rule before all proofs and supplies no exact prior derivation.",
            "source_rule_id": "rule-532e0f2fb29f7ffe39ef42a75e9b8dc647afc9a5bea5118d59efc91aa6fb0c2d",
            "start_line": 79,
            "text": "  rule applyBuiltin(\"str\", V:Val, .Vals)\n    => str(strToCodes(Int2String(projectIntTotal(V))))\n    requires definedProjectInt(V)\n    [simplification]"
        }
    ],
    "trust_parameters": [
        {
            "binding_sha256": "e96ac99857c7d56a05667a6f464e45590d63e7c541afbe0d14a5b0c9265a469f",
            "kore_symbol": "Lbl'Unds-GT-'Int'Unds'",
            "name": "\u00ab_>Int_\u00bb",
            "source_rule_ids": [
                "rule-b16fd6610afeba9b173c4b9ae74c4766789b5284e03220a93a65bb86fd2ce505"
            ],
            "type": "SortInt \u2192 SortInt \u2192 SortBool"
        },
        {
            "binding_sha256": "e8df0ee2edef082aeb118e5d3510979a8875f38415d2e66b88d60e6d04822a86",
            "kore_symbol": "LblInt2String'LParUndsRParUnds'STRING-COMMON'Unds'String'Unds'Int",
            "name": "\u00abInt2String(_)_STRING-COMMON_String_Int\u00bb",
            "source_rule_ids": [
                "rule-532e0f2fb29f7ffe39ef42a75e9b8dc647afc9a5bea5118d59efc91aa6fb0c2d"
            ],
            "type": "SortInt \u2192 SortString"
        },
        {
            "binding_sha256": "d81c9be5e22215afbaa5f85bf9a16ac614469dd739aaf7f1d9c962d9ffbdeb70",
            "kore_symbol": "LblapplyBuiltin'LParUndsCommUndsRParUnds'MPY-BUILTINS'Unds'Val'Unds'String'Unds'Vals",
            "name": "\u00abapplyBuiltin(_,_)_MPY-BUILTINS_Val_String_Vals\u00bb",
            "source_rule_ids": [
                "rule-532e0f2fb29f7ffe39ef42a75e9b8dc647afc9a5bea5118d59efc91aa6fb0c2d"
            ],
            "type": "SortString \u2192 SortVals \u2192 SortVal"
        },
        {
            "binding_sha256": "4e3825a643e09cc61479244fd09f28d81337cf3140f6d0aefb81185ea918fd9f",
            "kore_symbol": "LblapplyCmp'LParUndsCommUndsCommUndsRParUnds'MPY-CORE'Unds'Bool'Unds'String'Unds'Val'Unds'Val",
            "name": "\u00abapplyCmp(_,_,_)_MPY-CORE_Bool_String_Val_Val\u00bb",
            "source_rule_ids": [
                "rule-b16fd6610afeba9b173c4b9ae74c4766789b5284e03220a93a65bb86fd2ce505"
            ],
            "type": "SortString \u2192 SortVal \u2192 SortVal \u2192 SortBool"
        },
        {
            "binding_sha256": "9da2cdf0aa8d2c6a29c536281b103687ce57fa2d0f9ed3e3151ae04356177f9b",
            "kore_symbol": "LbldefinedProjectInt'LParUndsRParUnds'VERIFICATION'Unds'Bool'Unds'Val",
            "name": "\u00abdefinedProjectInt(_)_VERIFICATION_Bool_Val\u00bb",
            "source_rule_ids": [
                "rule-0312858a8718cb93d212cdb7b679a2875534dc14191dff8edf7bccf9a96d8b43",
                "rule-22fa1e67d4a05b75b5a578312159b0a4e049b756806628df2540b007f43bcb5d",
                "rule-b16fd6610afeba9b173c4b9ae74c4766789b5284e03220a93a65bb86fd2ce505",
                "rule-532e0f2fb29f7ffe39ef42a75e9b8dc647afc9a5bea5118d59efc91aa6fb0c2d"
            ],
            "type": "SortVal \u2192 SortBool"
        },
        {
            "binding_sha256": "1dc5a89bcdc58170c6dc9aa6402fddf854064d58003905cd03f8328f3924fd88",
            "kore_symbol": "Lblproject'Coln'Int",
            "name": "\u00abproject:Int\u00bb",
            "source_rule_ids": [
                "rule-22fa1e67d4a05b75b5a578312159b0a4e049b756806628df2540b007f43bcb5d"
            ],
            "type": "SortK \u2192 SortInt"
        },
        {
            "binding_sha256": "3ff0a5daa2d6190cb3ac5f63106801993295229b2728c567a2d2cb4d187c29d5",
            "kore_symbol": "LblprojectIntTotal",
            "name": "projectIntTotal",
            "source_rule_ids": [
                "rule-22fa1e67d4a05b75b5a578312159b0a4e049b756806628df2540b007f43bcb5d",
                "rule-b16fd6610afeba9b173c4b9ae74c4766789b5284e03220a93a65bb86fd2ce505",
                "rule-532e0f2fb29f7ffe39ef42a75e9b8dc647afc9a5bea5118d59efc91aa6fb0c2d"
            ],
            "type": "SortVal \u2192 SortInt"
        },
        {
            "binding_sha256": "f87a18bd19e9b21b624790cb1cea8f92b4ae995d0b8c397e329664b0650dbf2f",
            "kore_symbol": "LblstrToCodes'LParUndsRParUnds'MPY-STR'Unds'IntSeq'Unds'String",
            "name": "\u00abstrToCodes(_)_MPY-STR_IntSeq_String\u00bb",
            "source_rule_ids": [
                "rule-532e0f2fb29f7ffe39ef42a75e9b8dc647afc9a5bea5118d59efc91aa6fb0c2d"
            ],
            "type": "SortString \u2192 SortIntSeq"
        },
        {
            "binding_sha256": "c33c361b9b4a117c2db45615d1783153bf557f665db41c17fa864d52f12dcc99",
            "kore_symbol": "Lblproject'Coln'Int",
            "name": "\u00abproject:Int?\u00bb",
            "source_rule_ids": [
                "rule-0312858a8718cb93d212cdb7b679a2875534dc14191dff8edf7bccf9a96d8b43"
            ],
            "type": "SortK \u2192 Option SortInt"
        }
    ]
}
COMMAND: generated target module
     1	import Klean146Specialfilter.Inj
     2	
     3	/- K trust-boundary goals. The second-pass agent must replace every
     4	   writable opaque stub with an honest definition and prove this
     5	   immutable proposition in the separate Proof.lean workspace. -/
     6	
     7	namespace Klean146Specialfilter.Lemmas
     8	
     9	def targetStatement
    10	    («_>Int_» : SortInt → SortInt → SortBool)
    11	    («Int2String(_)_STRING-COMMON_String_Int» : SortInt → SortString)
    12	    («applyBuiltin(_,_)_MPY-BUILTINS_Val_String_Vals» : SortString → SortVals → SortVal)
    13	    («applyCmp(_,_,_)_MPY-CORE_Bool_String_Val_Val» : SortString → SortVal → SortVal → SortBool)
    14	    («definedProjectInt(_)_VERIFICATION_Bool_Val» : SortVal → SortBool)
    15	    («project:Int» : SortK → SortInt)
    16	    (projectIntTotal : SortVal → SortInt)
    17	    («strToCodes(_)_MPY-STR_IntSeq_String» : SortString → SortIntSeq)
    18	    («project:Int?» : SortK → Option SortInt)
    19	    : Prop :=
    20	    (∀ (V : SortVal), ((«project:Int?» (SortK.kseq ((@inj SortVal SortKItem) V) SortK.dotk)).isSome = true) ↔ (((«definedProjectInt(_)_VERIFICATION_Bool_Val» V : SortBool) = (true : SortBool)) ∧ (True)))
    21	    ∧ (∀ (V : SortVal) (h : («definedProjectInt(_)_VERIFICATION_Bool_Val» V) = true), («project:Int» (SortK.kseq ((@inj SortVal SortKItem) V) SortK.dotk) : SortInt) = (projectIntTotal V : SortInt))
    22	    ∧ (∀ (I : SortInt) (V : SortVal) (h : («definedProjectInt(_)_VERIFICATION_Bool_Val» V) = true), («applyCmp(_,_,_)_MPY-CORE_Bool_String_Val_Val» ">" V (SortVal.inj_SortInt I) : SortBool) = («_>Int_» (projectIntTotal V) I : SortBool))
    23	    ∧ (∀ (V : SortVal) (h : («definedProjectInt(_)_VERIFICATION_Bool_Val» V) = true), («applyBuiltin(_,_)_MPY-BUILTINS_Val_String_Vals» "str" (SortVals.«_,__MPY-CORE_Vals_Val_Vals» V SortVals.«.List{"_,__MPY-CORE_Vals_Val_Vals"}_Vals») : SortVal) = (SortVal.inj_SortStr (SortStr.«str(_)_MPY-CORE_Str_IntSeq» («strToCodes(_)_MPY-STR_IntSeq_String» («Int2String(_)_STRING-COMMON_String_Int» (projectIntTotal V)))) : SortVal))
    24	
    25	end Klean146Specialfilter.Lemmas
COMMAND: generated relevant declarations
/reference/klean-generation/generated/Klean146Specialfilter/Rewrite.lean
1-import Klean146Specialfilter.Func
2-
3-inductive Rewrites : SortGeneratedTopCell → SortGeneratedTopCell → Prop where
4-  | tran {s1 s2 s3 : SortGeneratedTopCell} (t1 : Rewrites s1 s2) (t2 : Rewrites s2 s3) : Rewrites s1 s3
5-  | VERIFICATION_KLEAN_EXPORT_kxExport0 {V0 : SortValSeq} {_DotVar1 : SortK} {_Gen0 : SortEnvCell} {_Gen1 : SortScopesCell} {_Gen2 : SortScopeLocCell} {_Gen3 : SortHeapCell} {_Gen4 : SortHeapLocCell} {_Gen5 : SortStackCell} {_Gen6 : SortRetCell} {_Gen7 : SortExcCell} {_Gen8 : SortExitCodeCell} {_Gen9 : SortGeneratedCounterCell} {_Val0 : SortBool} (defn_Val0 : «allInts(_)_VERIFICATION_Bool_ValSeq» V0 = some _Val0) : Rewrites { k := { val := SortK.kseq (SortKItem.«#kxExport0(_)_VERIFICATION-KLEAN-EXPORT_KItem_ValSeq» V0) _DotVar1 }, env := _Gen0, scopes := _Gen1, scopeLoc := _Gen2, heap := _Gen3, heapLoc := _Gen4, stack := _Gen5, ret := _Gen6, exc := _Gen7, exitCode := _Gen8, generatedCounter := _Gen9 } { k := { val := SortK.kseq ((@inj SortBool SortKItem) _Val0) _DotVar1 }, env := _Gen0, scopes := _Gen1, scopeLoc := _Gen2, heap := _Gen3, heapLoc := _Gen4, stack := _Gen5, ret := _Gen6, exc := _Gen7, exitCode := _Gen8, generatedCounter := _Gen9 }
6:  | VERIFICATION_KLEAN_EXPORT_kxExport1 {V0 : SortVal} {_DotVar1 : SortK} {_Gen0 : SortEnvCell} {_Gen1 : SortScopesCell} {_Gen2 : SortScopeLocCell} {_Gen3 : SortHeapCell} {_Gen4 : SortHeapLocCell} {_Gen5 : SortStackCell} {_Gen6 : SortRetCell} {_Gen7 : SortExcCell} {_Gen8 : SortExitCodeCell} {_Gen9 : SortGeneratedCounterCell} {_Val0 : SortBool} (defn_Val0 : «definedProjectInt(_)_VERIFICATION_Bool_Val» V0 = some _Val0) : Rewrites { k := { val := SortK.kseq (SortKItem.«#kxExport1(_)_VERIFICATION-KLEAN-EXPORT_KItem_Val» V0) _DotVar1 }, env := _Gen0, scopes := _Gen1, scopeLoc := _Gen2, heap := _Gen3, heapLoc := _Gen4, stack := _Gen5, ret := _Gen6, exc := _Gen7, exitCode := _Gen8, generatedCounter := _Gen9 } { k := { val := SortK.kseq ((@inj SortBool SortKItem) _Val0) _DotVar1 }, env := _Gen0, scopes := _Gen1, scopeLoc := _Gen2, heap := _Gen3, heapLoc := _Gen4, stack := _Gen5, ret := _Gen6, exc := _Gen7, exitCode := _Gen8, generatedCounter := _Gen9 }
7:  | VERIFICATION_KLEAN_EXPORT_kxExport2 {V0 : SortVal} {_DotVar1 : SortK} {_Gen0 : SortEnvCell} {_Gen1 : SortScopesCell} {_Gen2 : SortScopeLocCell} {_Gen3 : SortHeapCell} {_Gen4 : SortHeapLocCell} {_Gen5 : SortStackCell} {_Gen6 : SortRetCell} {_Gen7 : SortExcCell} {_Gen8 : SortExitCodeCell} {_Gen9 : SortGeneratedCounterCell} {_Val0 : SortInt} (defn_Val0 : projectIntTotal V0 = some _Val0) : Rewrites { k := { val := SortK.kseq (SortKItem.«#kxExport2(_)_VERIFICATION-KLEAN-EXPORT_KItem_Val» V0) _DotVar1 }, env := _Gen0, scopes := _Gen1, scopeLoc := _Gen2, heap := _Gen3, heapLoc := _Gen4, stack := _Gen5, ret := _Gen6, exc := _Gen7, exitCode := _Gen8, generatedCounter := _Gen9 } { k := { val := SortK.kseq ((@inj SortInt SortKItem) _Val0) _DotVar1 }, env := _Gen0, scopes := _Gen1, scopeLoc := _Gen2, heap := _Gen3, heapLoc := _Gen4, stack := _Gen5, ret := _Gen6, exc := _Gen7, exitCode := _Gen8, generatedCounter := _Gen9 }
8-  | VERIFICATION_KLEAN_EXPORT_kxExport3 {V0 _Val0 : SortInt} {_DotVar1 : SortK} {_Gen0 : SortEnvCell} {_Gen1 : SortScopesCell} {_Gen2 : SortScopeLocCell} {_Gen3 : SortHeapCell} {_Gen4 : SortHeapLocCell} {_Gen5 : SortStackCell} {_Gen6 : SortRetCell} {_Gen7 : SortExcCell} {_Gen8 : SortExitCodeCell} {_Gen9 : SortGeneratedCounterCell} (defn_Val0 : «firstDecimalCode(_)_VERIFICATION_Int_Int» V0 = some _Val0) : Rewrites { k := { val := SortK.kseq (SortKItem.«#kxExport3(_)_VERIFICATION-KLEAN-EXPORT_KItem_Int» V0) _DotVar1 }, env := _Gen0, scopes := _Gen1, scopeLoc := _Gen2, heap := _Gen3, heapLoc := _Gen4, stack := _Gen5, ret := _Gen6, exc := _Gen7, exitCode := _Gen8, generatedCounter := _Gen9 } { k := { val := SortK.kseq ((@inj SortInt SortKItem) _Val0) _DotVar1 }, env := _Gen0, scopes := _Gen1, scopeLoc := _Gen2, heap := _Gen3, heapLoc := _Gen4, stack := _Gen5, ret := _Gen6, exc := _Gen7, exitCode := _Gen8, generatedCounter := _Gen9 }
9-  | VERIFICATION_KLEAN_EXPORT_kxExport4 {V0 _Val0 : SortInt} {_DotVar1 : SortK} {_Gen0 : SortEnvCell} {_Gen1 : SortScopesCell} {_Gen2 : SortScopeLocCell} {_Gen3 : SortHeapCell} {_Gen4 : SortHeapLocCell} {_Gen5 : SortStackCell} {_Gen6 : SortRetCell} {_Gen7 : SortExcCell} {_Gen8 : SortExitCodeCell} {_Gen9 : SortGeneratedCounterCell} (defn_Val0 : «lastDecimalCode(_)_VERIFICATION_Int_Int» V0 = some _Val0) : Rewrites { k := { val := SortK.kseq (SortKItem.«#kxExport4(_)_VERIFICATION-KLEAN-EXPORT_KItem_Int» V0) _DotVar1 }, env := _Gen0, scopes := _Gen1, scopeLoc := _Gen2, heap := _Gen3, heapLoc := _Gen4, stack := _Gen5, ret := _Gen6, exc := _Gen7, exitCode := _Gen8, generatedCounter := _Gen9 } { k := { val := SortK.kseq ((@inj SortInt SortKItem) _Val0) _DotVar1 }, env := _Gen0, scopes := _Gen1, scopeLoc := _Gen2, heap := _Gen3, heapLoc := _Gen4, stack := _Gen5, ret := _Gen6, exc := _Gen7, exitCode := _Gen8, generatedCounter := _Gen9 }
10-  | VERIFICATION_KLEAN_EXPORT_kxExport5 {V0 : SortInt} {_DotVar1 : SortK} {_Gen0 : SortEnvCell} {_Gen1 : SortScopesCell} {_Gen2 : SortScopeLocCell} {_Gen3 : SortHeapCell} {_Gen4 : SortHeapLocCell} {_Gen5 : SortStackCell} {_Gen6 : SortRetCell} {_Gen7 : SortExcCell} {_Gen8 : SortExitCodeCell} {_Gen9 : SortGeneratedCounterCell} {_Val0 : SortBool} (defn_Val0 : «isSpecial(_)_VERIFICATION_Bool_Int» V0 = some _Val0) : Rewrites { k := { val := SortK.kseq (SortKItem.«#kxExport5(_)_VERIFICATION-KLEAN-EXPORT_KItem_Int» V0) _DotVar1 }, env := _Gen0, scopes := _Gen1, scopeLoc := _Gen2, heap := _Gen3, heapLoc := _Gen4, stack := _Gen5, ret := _Gen6, exc := _Gen7, exitCode := _Gen8, generatedCounter := _Gen9 } { k := { val := SortK.kseq ((@inj SortBool SortKItem) _Val0) _DotVar1 }, env := _Gen0, scopes := _Gen1, scopeLoc := _Gen2, heap := _Gen3, heapLoc := _Gen4, stack := _Gen5, ret := _Gen6, exc := _Gen7, exitCode := _Gen8, generatedCounter := _Gen9 }
11-  | VERIFICATION_KLEAN_EXPORT_kxExport6 {V0 : SortInt} {_DotVar1 : SortK} {_Gen0 : SortEnvCell} {_Gen1 : SortScopesCell} {_Gen2 : SortScopeLocCell} {_Gen3 : SortHeapCell} {_Gen4 : SortHeapLocCell} {_Gen5 : SortStackCell} {_Gen6 : SortRetCell} {_Gen7 : SortExcCell} {_Gen8 : SortExitCodeCell} {_Gen9 : SortGeneratedCounterCell} {_Val0 : SortBool} (defn_Val0 : «firstDigitOdd(_)_VERIFICATION_Bool_Int» V0 = some _Val0) : Rewrites { k := { val := SortK.kseq (SortKItem.«#kxExport6(_)_VERIFICATION-KLEAN-EXPORT_KItem_Int» V0) _DotVar1 }, env := _Gen0, scopes := _Gen1, scopeLoc := _Gen2, heap := _Gen3, heapLoc := _Gen4, stack := _Gen5, ret := _Gen6, exc := _Gen7, exitCode := _Gen8, generatedCounter := _Gen9 } { k := { val := SortK.kseq ((@inj SortBool SortKItem) _Val0) _DotVar1 }, env := _Gen0, scopes := _Gen1, scopeLoc := _Gen2, heap := _Gen3, heapLoc := _Gen4, stack := _Gen5, ret := _Gen6, exc := _Gen7, exitCode := _Gen8, generatedCounter := _Gen9 }
12-  | VERIFICATION_KLEAN_EXPORT_kxExport7 {V0 : SortInt} {_DotVar1 : SortK} {_Gen0 : SortEnvCell} {_Gen1 : SortScopesCell} {_Gen2 : SortScopeLocCell} {_Gen3 : SortHeapCell} {_Gen4 : SortHeapLocCell} {_Gen5 : SortStackCell} {_Gen6 : SortRetCell} {_Gen7 : SortExcCell} {_Gen8 : SortExitCodeCell} {_Gen9 : SortGeneratedCounterCell} {_Val0 : SortBool} (defn_Val0 : «lastDigitOdd(_)_VERIFICATION_Bool_Int» V0 = some _Val0) : Rewrites { k := { val := SortK.kseq (SortKItem.«#kxExport7(_)_VERIFICATION-KLEAN-EXPORT_KItem_Int» V0) _DotVar1 }, env := _Gen0, scopes := _Gen1, scopeLoc := _Gen2, heap := _Gen3, heapLoc := _Gen4, stack := _Gen5, ret := _Gen6, exc := _Gen7, exitCode := _Gen8, generatedCounter := _Gen9 } { k := { val := SortK.kseq ((@inj SortBool SortKItem) _Val0) _DotVar1 }, env := _Gen0, scopes := _Gen1, scopeLoc := _Gen2, heap := _Gen3, heapLoc := _Gen4, stack := _Gen5, ret := _Gen6, exc := _Gen7, exitCode := _Gen8, generatedCounter := _Gen9 }

/reference/klean-generation/generated/Klean146Specialfilter/Lemmas.lean
4-   writable opaque stub with an honest definition and prove this
5-   immutable proposition in the separate Proof.lean workspace. -/
6-
7-namespace Klean146Specialfilter.Lemmas
8-
9:def targetStatement
10-    («_>Int_» : SortInt → SortInt → SortBool)
11:    («Int2String(_)_STRING-COMMON_String_Int» : SortInt → SortString)
12:    («applyBuiltin(_,_)_MPY-BUILTINS_Val_String_Vals» : SortString → SortVals → SortVal)
13:    («applyCmp(_,_,_)_MPY-CORE_Bool_String_Val_Val» : SortString → SortVal → SortVal → SortBool)
14:    («definedProjectInt(_)_VERIFICATION_Bool_Val» : SortVal → SortBool)
15:    («project:Int» : SortK → SortInt)
16:    (projectIntTotal : SortVal → SortInt)
17:    («strToCodes(_)_MPY-STR_IntSeq_String» : SortString → SortIntSeq)
18:    («project:Int?» : SortK → Option SortInt)
19-    : Prop :=
20:    (∀ (V : SortVal), ((«project:Int?» (SortK.kseq ((@inj SortVal SortKItem) V) SortK.dotk)).isSome = true) ↔ (((«definedProjectInt(_)_VERIFICATION_Bool_Val» V : SortBool) = (true : SortBool)) ∧ (True)))
21:    ∧ (∀ (V : SortVal) (h : («definedProjectInt(_)_VERIFICATION_Bool_Val» V) = true), («project:Int» (SortK.kseq ((@inj SortVal SortKItem) V) SortK.dotk) : SortInt) = (projectIntTotal V : SortInt))
22:    ∧ (∀ (I : SortInt) (V : SortVal) (h : («definedProjectInt(_)_VERIFICATION_Bool_Val» V) = true), («applyCmp(_,_,_)_MPY-CORE_Bool_String_Val_Val» ">" V (SortVal.inj_SortInt I) : SortBool) = («_>Int_» (projectIntTotal V) I : SortBool))
23:    ∧ (∀ (V : SortVal) (h : («definedProjectInt(_)_VERIFICATION_Bool_Val» V) = true), («applyBuiltin(_,_)_MPY-BUILTINS_Val_String_Vals» "str" (SortVals.«_,__MPY-CORE_Vals_Val_Vals» V SortVals.«.List{"_,__MPY-CORE_Vals_Val_Vals"}_Vals») : SortVal) = (SortVal.inj_SortStr (SortStr.«str(_)_MPY-CORE_Str_IntSeq» («strToCodes(_)_MPY-STR_IntSeq_String» («Int2String(_)_STRING-COMMON_String_Int» (projectIntTotal V)))) : SortVal))
24-
25-end Klean146Specialfilter.Lemmas

/reference/klean-generation/generated/Klean146Specialfilter/Func.lean
35-  | true => some false
36-  | _ => none
37-
38-axiom «_==String__STRING-COMMON_Bool_String_String» (x0 : SortString) (x1 : SortString) : Option SortBool
39-
40:axiom «Int2String(_)_STRING-COMMON_String_Int» (x0 : SortInt) : Option SortString
41-
42-axiom «lengthString(_)_STRING-COMMON_Int_String» (x0 : SortString) : Option SortInt
43-
44-axiom «ordChar(_)_STRING-COMMON_Int_String» (x0 : SortString) : Option SortInt
45-
--
114-  some ⟨[(x0, x1)]⟩
115-
116-noncomputable def ListItem (x0 : SortKItem) : Option SortList :=
117-  some ⟨[x0]⟩
118-
119:axiom projectIntTotal (x0 : SortVal) : Option SortInt
120-
121-axiom «specialCount(_)_VERIFICATION_Int_ValSeq» (x0 : SortValSeq) : Option SortInt
122-
123-def _andBool_ (x0 : SortBool) (x1 : SortBool) : Option SortBool := (_5b9db8d x0 x1) <|> (_61fbef3 x0 x1)
124-
--
180-    let _Val1 <- notBool_ _Val0
181-    return _Val1
182-
183-noncomputable def «pyMod(_,_)_MPY-INT_Int_Int_Int» (x0 : SortInt) (x1 : SortInt) : Option SortInt := _2d78aae x0 x1
184-
185:def «definedProjectInt(_)_VERIFICATION_Bool_Val» (x0 : SortVal) : Option SortBool := _21add3b x0
186-
187-noncomputable def «_=/=String__STRING-COMMON_Bool_String_String» (x0 : SortString) (x1 : SortString) : Option SortBool := _f390a9b x0 x1
188-
189-axiom _5711fdc : SortString → Option SortIntSeq
190:axiom «strToCodes(_)_MPY-STR_IntSeq_String» (x0 : SortString) : Option SortIntSeq
191-
192-noncomputable def _13e18b7 : SortInt → Option SortInt
193-  | N => do
194:    let _Val0 <- «Int2String(_)_STRING-COMMON_String_Int» N
195:    let _Val1 <- «strToCodes(_)_MPY-STR_IntSeq_String» _Val0
196:    let _Val2 <- «Int2String(_)_STRING-COMMON_String_Int» N
197:    let _Val3 <- «strToCodes(_)_MPY-STR_IntSeq_String» _Val2
198-    let _Val4 <- «isLen(_)_MPY-CORE_Int_IntSeq» _Val3
199-    let _Val5 <- «_+Int_» (-1) _Val4
200-    let _Val6 <- «intSeqAt(_,_)_MPY-SUBSCRIPT_Int_IntSeq_Int» _Val1 _Val5
201-    return _Val6
202-
203-noncomputable def _3da6552 : SortInt → Option SortInt
204-  | N => do
205:    let _Val0 <- «Int2String(_)_STRING-COMMON_String_Int» N
206:    let _Val1 <- «strToCodes(_)_MPY-STR_IntSeq_String» _Val0
207-    let _Val2 <- «intSeqAt(_,_)_MPY-SUBSCRIPT_Int_IntSeq_Int» _Val1 0
208-    return _Val2
209-
210-noncomputable def «lastDecimalCode(_)_VERIFICATION_Int_Int» (x0 : SortInt) : Option SortInt := _13e18b7 x0
211-

Script done on 2026-07-31 02:46:32-05:00 [COMMAND_EXIT_CODE="0"]
