Script started on 2026-07-31 02:49:18-05:00 [<not executed on terminal>]
COMMAND: LD_PRELOAD=app_path_shim PYTHONPATH=/reference tools.klean_final_gate.evaluate_gate(...)
{
  "candidate_sha256": "1c0a76d699f2156a62ad8f71e7e39e50f07ea0052f836f9ae7e68829fd220598",
  "diagnostics": [
    {
      "command": [
        "lake",
        "clean"
      ],
      "exit_code": 0,
      "output_sha256": "50d8c8444510180b9f4cfc722b8f0d4f7ce21e1962f4373cc13b171720584ee7",
      "output_tail": "info: proof: no previous manifest, creating one from scratch\ninfo: toolchain not updated; already up-to-date\n"
    },
    {
      "command": [
        "lake",
        "build"
      ],
      "exit_code": 0,
      "output_sha256": "861d7d638c8a2ab0f32522090c8c0a25dadfc7d82408ede6f3928e797a2596fd",
      "output_tail": "✔ [3/8] Built Klean146Specialfilter.Prelude\n✔ [4/8] Built Klean146Specialfilter.Sorts\n✔ [5/8] Built Klean146Specialfilter.Inj\n⚠ [6/8] Built Klean146Specialfilter.Lemmas\nwarning: Klean146Specialfilter/Lemmas.lean:21:24: unused variable `h`\n\nNote: This linter can be disabled with `set_option linter.unusedVariables false`\nwarning: Klean146Specialfilter/Lemmas.lean:22:38: unused variable `h`\n\nNote: This linter can be disabled with `set_option linter.unusedVariables false`\nwarning: Klean146Specialfilter/Lemmas.lean:23:24: unused variable `h`\n\nNote: This linter can be disabled with `set_option linter.unusedVariables false`\n✔ [7/8] Built Proof\nBuild completed successfully.\n"
    },
    {
      "command": [
        "lake",
        "env",
        "lean",
        "AxiomAudit.lean"
      ],
      "exit_code": 0,
      "output_sha256": "da25a19ed2a41bd51011689de100114a09baa3ee7de9bb203dff8a1db5f7cc6c",
      "output_tail": "final : Klean146Specialfilter.Lemmas.targetStatement «_>Int_» «Int2String(_)_STRING-COMMON_String_Int»\n  «applyBuiltin(_,_)_MPY-BUILTINS_Val_String_Vals» «applyCmp(_,_,_)_MPY-CORE_Bool_String_Val_Val»\n  «definedProjectInt(_)_VERIFICATION_Bool_Val» «project:Int» projectIntTotal «strToCodes(_)_MPY-STR_IntSeq_String»\n  «project:Int?»\n'Proof.final' does not depend on any axioms\n"
    }
  ],
  "generation_sha256": "4f951d0407b442e192cd89f3b5b1446b77c294caf37aaf1d60bd63963624acb1",
  "input_hashes": {
    "discovery_manifest_sha256": "f9e267ead4719425d16a655655ad1236b3feba5baf3dacaf5af3905c86e740b8",
    "generated_tree_sha256": "bff3038eaeead46822f8d71c55649adc5f8a1426a6851d19a688334e3dbb7e80",
    "generation_producer_sources_sha256": "bf8ab7d57561461dce9bffa6786f6cf2f7158cc274f2c4c8b26f79a20154b35e",
    "k_audit_sha256": "019d4e990714d92d8838ae50e0e5e060e64a92030651c830dead59b874a466d2",
    "k_workspace_sha256": "ad42536a51b9be7f81e3255cb483f748549043d676adc4258a837836013d7e67",
    "klean_generation_sha256": "ce1b068aeaca7f9d1ab13755aa472247d273041fdbaba386df07530da5d0dbb1",
    "lean_invocation_sha256": "bb7f2230d1a44847f80e8b948f7fe4f43a601cc42ea20942686283f7c0a5de8d",
    "lean_workspace_sha256": "11bf88e60e61a55a1bbe5af11d8eb0e9c49f069914edc92ec09e07830bc6bef8",
    "stage1_export_sha256": "45217f43f894542f2c5938a0f53421570a2f164faeb1d46d52376055b687a11c"
  },
  "klean_preflight": {
    "designated_sorry_count": 0,
    "diagnostics": [
      {
        "command": [
          "lake",
          "clean"
        ],
        "exit_code": 0,
        "output_sha256": "e3b0c44298fc1c149afbf4c8996fb92427ae41e4649b934ca495991b7852b855",
        "output_tail": ""
      },
      {
        "command": [
          "lake",
          "build"
        ],
        "exit_code": 0,
        "output_sha256": "9de93948627339e8b6aa4b45c1fa4c8bfa1c1b84210d80238673f0980ccc0fc7",
        "output_tail": "✔ [2/9] Built Klean146Specialfilter.Prelude\n✔ [3/9] Built Klean146Specialfilter.Sorts\n✔ [4/9] Built Klean146Specialfilter.Inj\n⚠ [5/9] Built Klean146Specialfilter.Lemmas\nwarning: Klean146Specialfilter/Lemmas.lean:21:24: unused variable `h`\n\nNote: This linter can be disabled with `set_option linter.unusedVariables false`\nwarning: Klean146Specialfilter/Lemmas.lean:22:38: unused variable `h`\n\nNote: This linter can be disabled with `set_option linter.unusedVariables false`\nwarning: Klean146Specialfilter/Lemmas.lean:23:24: unused variable `h`\n\nNote: This linter can be disabled with `set_option linter.unusedVariables false`\n⚠ [6/9] Built Klean146Specialfilter.Func\nwarning: Klean146Specialfilter/Func.lean:4:4: unused variable `K`\n\nNote: This linter can be disabled with `set_option linter.unusedVariables false`\nwarning: Klean146Specialfilter/Func.lean:15:38: unused variable `Int`\n\nNote: This linter can be disabled with `set_option linter.unusedVariables false`\n✔ [7/9] Built Klean146Specialfilter.Rewrite\n✔ [8/9] Built Klean146Specialfilter\nBuild completed successfully.\n"
      }
    ],
    "frozen_input_sha256": "45217f43f894542f2c5938a0f53421570a2f164faeb1d46d52376055b687a11c",
    "generated_tree_sha256": "bff3038eaeead46822f8d71c55649adc5f8a1426a6851d19a688334e3dbb7e80",
    "obligation_count": 4,
    "schema_version": 3,
    "stage1_workspace_sha256": "45217f43f894542f2c5938a0f53421570a2f164faeb1d46d52376055b687a11c",
    "stage3_discovery_manifest_sha256": "f9e267ead4719425d16a655655ad1236b3feba5baf3dacaf5af3905c86e740b8",
    "status": "PASS",
    "target": {
      "declaration": "Klean146Specialfilter.Lemmas.targetStatement",
      "definition_sha256": "07cd0a74b5f49bcd9bacbaa3914a1fd08a2f75c52af70bdc2772bb5ddcaa53ef",
      "file": "Klean146Specialfilter/Lemmas.lean",
      "parameters": [
        {
          "binding_sha256": "e96ac99857c7d56a05667a6f464e45590d63e7c541afbe0d14a5b0c9265a469f",
          "kore_symbol": "Lbl'Unds-GT-'Int'Unds'",
          "name": "«_>Int_»",
          "source_rule_ids": [
            "rule-b16fd6610afeba9b173c4b9ae74c4766789b5284e03220a93a65bb86fd2ce505"
          ],
          "type": "SortInt → SortInt → SortBool"
        },
        {
          "binding_sha256": "e8df0ee2edef082aeb118e5d3510979a8875f38415d2e66b88d60e6d04822a86",
          "kore_symbol": "LblInt2String'LParUndsRParUnds'STRING-COMMON'Unds'String'Unds'Int",
          "name": "«Int2String(_)_STRING-COMMON_String_Int»",
          "source_rule_ids": [
            "rule-532e0f2fb29f7ffe39ef42a75e9b8dc647afc9a5bea5118d59efc91aa6fb0c2d"
          ],
          "type": "SortInt → SortString"
        },
        {
          "binding_sha256": "d81c9be5e22215afbaa5f85bf9a16ac614469dd739aaf7f1d9c962d9ffbdeb70",
          "kore_symbol": "LblapplyBuiltin'LParUndsCommUndsRParUnds'MPY-BUILTINS'Unds'Val'Unds'String'Unds'Vals",
          "name": "«applyBuiltin(_,_)_MPY-BUILTINS_Val_String_Vals»",
          "source_rule_ids": [
            "rule-532e0f2fb29f7ffe39ef42a75e9b8dc647afc9a5bea5118d59efc91aa6fb0c2d"
          ],
          "type": "SortString → SortVals → SortVal"
        },
        {
          "binding_sha256": "4e3825a643e09cc61479244fd09f28d81337cf3140f6d0aefb81185ea918fd9f",
          "kore_symbol": "LblapplyCmp'LParUndsCommUndsCommUndsRParUnds'MPY-CORE'Unds'Bool'Unds'String'Unds'Val'Unds'Val",
          "name": "«applyCmp(_,_,_)_MPY-CORE_Bool_String_Val_Val»",
          "source_rule_ids": [
            "rule-b16fd6610afeba9b173c4b9ae74c4766789b5284e03220a93a65bb86fd2ce505"
          ],
          "type": "SortString → SortVal → SortVal → SortBool"
        },
        {
          "binding_sha256": "9da2cdf0aa8d2c6a29c536281b103687ce57fa2d0f9ed3e3151ae04356177f9b",
          "kore_symbol": "LbldefinedProjectInt'LParUndsRParUnds'VERIFICATION'Unds'Bool'Unds'Val",
          "name": "«definedProjectInt(_)_VERIFICATION_Bool_Val»",
          "source_rule_ids": [
            "rule-0312858a8718cb93d212cdb7b679a2875534dc14191dff8edf7bccf9a96d8b43",
            "rule-22fa1e67d4a05b75b5a578312159b0a4e049b756806628df2540b007f43bcb5d",
            "rule-b16fd6610afeba9b173c4b9ae74c4766789b5284e03220a93a65bb86fd2ce505",
            "rule-532e0f2fb29f7ffe39ef42a75e9b8dc647afc9a5bea5118d59efc91aa6fb0c2d"
          ],
          "type": "SortVal → SortBool"
        },
        {
          "binding_sha256": "1dc5a89bcdc58170c6dc9aa6402fddf854064d58003905cd03f8328f3924fd88",
          "kore_symbol": "Lblproject'Coln'Int",
          "name": "«project:Int»",
          "source_rule_ids": [
            "rule-22fa1e67d4a05b75b5a578312159b0a4e049b756806628df2540b007f43bcb5d"
          ],
          "type": "SortK → SortInt"
        },
        {
          "binding_sha256": "3ff0a5daa2d6190cb3ac5f63106801993295229b2728c567a2d2cb4d187c29d5",
          "kore_symbol": "LblprojectIntTotal",
          "name": "projectIntTotal",
          "source_rule_ids": [
            "rule-22fa1e67d4a05b75b5a578312159b0a4e049b756806628df2540b007f43bcb5d",
            "rule-b16fd6610afeba9b173c4b9ae74c4766789b5284e03220a93a65bb86fd2ce505",
            "rule-532e0f2fb29f7ffe39ef42a75e9b8dc647afc9a5bea5118d59efc91aa6fb0c2d"
          ],
          "type": "SortVal → SortInt"
        },
        {
          "binding_sha256": "f87a18bd19e9b21b624790cb1cea8f92b4ae995d0b8c397e329664b0650dbf2f",
          "kore_symbol": "LblstrToCodes'LParUndsRParUnds'MPY-STR'Unds'IntSeq'Unds'String",
          "name": "«strToCodes(_)_MPY-STR_IntSeq_String»",
          "source_rule_ids": [
            "rule-532e0f2fb29f7ffe39ef42a75e9b8dc647afc9a5bea5118d59efc91aa6fb0c2d"
          ],
          "type": "SortString → SortIntSeq"
        },
        {
          "binding_sha256": "c33c361b9b4a117c2db45615d1783153bf557f665db41c17fa864d52f12dcc99",
          "kore_symbol": "Lblproject'Coln'Int",
          "name": "«project:Int?»",
          "source_rule_ids": [
            "rule-0312858a8718cb93d212cdb7b679a2875534dc14191dff8edf7bccf9a96d8b43"
          ],
          "type": "SortK → Option SortInt"
        }
      ],
      "statement": "Klean146Specialfilter.Lemmas.targetStatement «_>Int_» «Int2String(_)_STRING-COMMON_String_Int» «applyBuiltin(_,_)_MPY-BUILTINS_Val_String_Vals» «applyCmp(_,_,_)_MPY-CORE_Bool_String_Val_Val» «definedProjectInt(_)_VERIFICATION_Bool_Val» «project:Int» projectIntTotal «strToCodes(_)_MPY-STR_IntSeq_String» «project:Int?»",
      "statement_sha256": "370d889c97e5bf8cfa7b7c2a7ff4afb6ccaaf5a6f99202b1e1e581ecf92cfbb3"
    },
    "trust_declaration_count": 50
  },
  "mode": "CLASSIFICATION_AND_PROOF",
  "resolved_input_sha256": "9d9214768295bf4908b93e0fe00bb308be4c268df7952b6a6b12b24274f2ef39",
  "semantic_classification": "NOT_EVALUATED",
  "status": "PASS",
  "target": {
    "declaration": "Klean146Specialfilter.Lemmas.targetStatement",
    "definition_sha256": "07cd0a74b5f49bcd9bacbaa3914a1fd08a2f75c52af70bdc2772bb5ddcaa53ef",
    "file": "Klean146Specialfilter/Lemmas.lean",
    "parameters": [
      {
        "binding_sha256": "e96ac99857c7d56a05667a6f464e45590d63e7c541afbe0d14a5b0c9265a469f",
        "kore_symbol": "Lbl'Unds-GT-'Int'Unds'",
        "name": "«_>Int_»",
        "source_rule_ids": [
          "rule-b16fd6610afeba9b173c4b9ae74c4766789b5284e03220a93a65bb86fd2ce505"
        ],
        "type": "SortInt → SortInt → SortBool"
      },
      {
        "binding_sha256": "e8df0ee2edef082aeb118e5d3510979a8875f38415d2e66b88d60e6d04822a86",
        "kore_symbol": "LblInt2String'LParUndsRParUnds'STRING-COMMON'Unds'String'Unds'Int",
        "name": "«Int2String(_)_STRING-COMMON_String_Int»",
        "source_rule_ids": [
          "rule-532e0f2fb29f7ffe39ef42a75e9b8dc647afc9a5bea5118d59efc91aa6fb0c2d"
        ],
        "type": "SortInt → SortString"
      },
      {
        "binding_sha256": "d81c9be5e22215afbaa5f85bf9a16ac614469dd739aaf7f1d9c962d9ffbdeb70",
        "kore_symbol": "LblapplyBuiltin'LParUndsCommUndsRParUnds'MPY-BUILTINS'Unds'Val'Unds'String'Unds'Vals",
        "name": "«applyBuiltin(_,_)_MPY-BUILTINS_Val_String_Vals»",
        "source_rule_ids": [
          "rule-532e0f2fb29f7ffe39ef42a75e9b8dc647afc9a5bea5118d59efc91aa6fb0c2d"
        ],
        "type": "SortString → SortVals → SortVal"
      },
      {
        "binding_sha256": "4e3825a643e09cc61479244fd09f28d81337cf3140f6d0aefb81185ea918fd9f",
        "kore_symbol": "LblapplyCmp'LParUndsCommUndsCommUndsRParUnds'MPY-CORE'Unds'Bool'Unds'String'Unds'Val'Unds'Val",
        "name": "«applyCmp(_,_,_)_MPY-CORE_Bool_String_Val_Val»",
        "source_rule_ids": [
          "rule-b16fd6610afeba9b173c4b9ae74c4766789b5284e03220a93a65bb86fd2ce505"
        ],
        "type": "SortString → SortVal → SortVal → SortBool"
      },
      {
        "binding_sha256": "9da2cdf0aa8d2c6a29c536281b103687ce57fa2d0f9ed3e3151ae04356177f9b",
        "kore_symbol": "LbldefinedProjectInt'LParUndsRParUnds'VERIFICATION'Unds'Bool'Unds'Val",
        "name": "«definedProjectInt(_)_VERIFICATION_Bool_Val»",
        "source_rule_ids": [
          "rule-0312858a8718cb93d212cdb7b679a2875534dc14191dff8edf7bccf9a96d8b43",
          "rule-22fa1e67d4a05b75b5a578312159b0a4e049b756806628df2540b007f43bcb5d",
          "rule-b16fd6610afeba9b173c4b9ae74c4766789b5284e03220a93a65bb86fd2ce505",
          "rule-532e0f2fb29f7ffe39ef42a75e9b8dc647afc9a5bea5118d59efc91aa6fb0c2d"
        ],
        "type": "SortVal → SortBool"
      },
      {
        "binding_sha256": "1dc5a89bcdc58170c6dc9aa6402fddf854064d58003905cd03f8328f3924fd88",
        "kore_symbol": "Lblproject'Coln'Int",
        "name": "«project:Int»",
        "source_rule_ids": [
          "rule-22fa1e67d4a05b75b5a578312159b0a4e049b756806628df2540b007f43bcb5d"
        ],
        "type": "SortK → SortInt"
      },
      {
        "binding_sha256": "3ff0a5daa2d6190cb3ac5f63106801993295229b2728c567a2d2cb4d187c29d5",
        "kore_symbol": "LblprojectIntTotal",
        "name": "projectIntTotal",
        "source_rule_ids": [
          "rule-22fa1e67d4a05b75b5a578312159b0a4e049b756806628df2540b007f43bcb5d",
          "rule-b16fd6610afeba9b173c4b9ae74c4766789b5284e03220a93a65bb86fd2ce505",
          "rule-532e0f2fb29f7ffe39ef42a75e9b8dc647afc9a5bea5118d59efc91aa6fb0c2d"
        ],
        "type": "SortVal → SortInt"
      },
      {
        "binding_sha256": "f87a18bd19e9b21b624790cb1cea8f92b4ae995d0b8c397e329664b0650dbf2f",
        "kore_symbol": "LblstrToCodes'LParUndsRParUnds'MPY-STR'Unds'IntSeq'Unds'String",
        "name": "«strToCodes(_)_MPY-STR_IntSeq_String»",
        "source_rule_ids": [
          "rule-532e0f2fb29f7ffe39ef42a75e9b8dc647afc9a5bea5118d59efc91aa6fb0c2d"
        ],
        "type": "SortString → SortIntSeq"
      },
      {
        "binding_sha256": "c33c361b9b4a117c2db45615d1783153bf557f665db41c17fa864d52f12dcc99",
        "kore_symbol": "Lblproject'Coln'Int",
        "name": "«project:Int?»",
        "source_rule_ids": [
          "rule-0312858a8718cb93d212cdb7b679a2875534dc14191dff8edf7bccf9a96d8b43"
        ],
        "type": "SortK → Option SortInt"
      }
    ],
    "statement": "Klean146Specialfilter.Lemmas.targetStatement «_>Int_» «Int2String(_)_STRING-COMMON_String_Int» «applyBuiltin(_,_)_MPY-BUILTINS_Val_String_Vals» «applyCmp(_,_,_)_MPY-CORE_Bool_String_Val_Val» «definedProjectInt(_)_VERIFICATION_Bool_Val» «project:Int» projectIntTotal «strToCodes(_)_MPY-STR_IntSeq_String» «project:Int?»",
    "statement_sha256": "370d889c97e5bf8cfa7b7c2a7ff4afb6ccaaf5a6f99202b1e1e581ecf92cfbb3"
  },
  "used_axioms": []
}

Script done on 2026-07-31 02:50:21-05:00 [COMMAND_EXIT_CODE="0"]
