WORKDIR: /audit-output
COMMAND: python3 /audit-output/evidence/semantics_compare.py
--- OUTPUT BEGIN ---
COMMAND: krun /tmp/audit-work/review-59/src/solution.mpy --definition /tmp/audit-work/review-59/build/semantic-llvm-kompiled -cN=4 --output pretty
KRUN EXIT: 0
n=4 K=2 generated_python=2 canonical_python=2
COMMAND: krun /tmp/audit-work/review-59/src/solution.mpy --definition /tmp/audit-work/review-59/build/semantic-llvm-kompiled -cN=8 --output pretty
KRUN EXIT: 0
n=8 K=2 generated_python=2 canonical_python=2
COMMAND: krun /tmp/audit-work/review-59/src/solution.mpy --definition /tmp/audit-work/review-59/build/semantic-llvm-kompiled -cN=15 --output pretty
KRUN EXIT: 0
n=15 K=5 generated_python=5 canonical_python=5
COMMAND: krun /tmp/audit-work/review-59/src/solution.mpy --definition /tmp/audit-work/review-59/build/semantic-llvm-kompiled -cN=25 --output pretty
KRUN EXIT: 0
n=25 K=5 generated_python=5 canonical_python=5
COMMAND: krun /tmp/audit-work/review-59/src/solution.mpy --definition /tmp/audit-work/review-59/build/semantic-llvm-kompiled -cN=2048 --output pretty
KRUN EXIT: 0
n=2048 K=2 generated_python=2 canonical_python=2
COMMAND: krun /tmp/audit-work/review-59/src/solution.mpy --definition /tmp/audit-work/review-59/build/semantic-llvm-kompiled -cN=13195 --output pretty
KRUN EXIT: 0
n=13195 K=29 generated_python=29 canonical_python=29
COMMAND: krun /tmp/audit-work/review-59/src/solution.mpy --definition /tmp/audit-work/review-59/build/semantic-llvm-kompiled -cN=2 --output pretty
KRUN EXIT: 0
n=2 K=2 generated_python=2 canonical_python=2
semantic mismatches: 0
--- OUTPUT END ---
EXIT STATUS: 0
