kore-exec: [1592934] Error (ErrorException):
    Unexpected empty set of claims.
    Possible explanation: the frontend and the backend don't agree on the representation of claims.
    CallStack (from HasCallStack):
      error, called at src/Kore/Exec.hs:989:26 in kore-0.1.135-3ZELFdwpMgyGGelTbbE1ER:Kore.Exec
Unexpected empty set of claims.
Possible explanation: the frontend and the backend don't agree on the representation of claims.
CallStack (from HasCallStack):
  error, called at src/Kore/Exec.hs:989:26 in kore-0.1.135-3ZELFdwpMgyGGelTbbE1ER:Kore.Exec
Created bug report: kore-exec.tar.gz
[Warning] Compiler: Functional claims not yet supported.
https://github.com/runtimeverification/haskell-backend/issues/3010
	Source(/tmp/audit-work/reconstruction/audit-witness-spec.k)
	Location(7,9,7,36)
	7 |	  claim positiveDigitSum(109) => 10
	  .	        ^~~~~~~~~~~~~~~~~~~~~~~~~~~
[Warning] Compiler: Functional claims not yet supported.
https://github.com/runtimeverification/haskell-backend/issues/3010
	Source(/tmp/audit-work/reconstruction/audit-witness-spec.k)
	Location(8,9,8,35)
	8 |	  claim negativeDigitSum(109) => 8
	  .	        ^~~~~~~~~~~~~~~~~~~~~~~~~~
[Warning] Compiler: Functional claims not yet supported.
https://github.com/runtimeverification/haskell-backend/issues/3010
	Source(/tmp/audit-work/reconstruction/audit-witness-spec.k)
	Location(9,9,9,34)
	9 |	  claim signedDigitSum(-109) => 8
	  .	        ^~~~~~~~~~~~~~~~~~~~~~~~~
[Warning] Compiler: Functional claims not yet supported.
https://github.com/runtimeverification/haskell-backend/issues/3010
	Source(/tmp/audit-work/reconstruction/audit-witness-spec.k)
	Location(10,9,10,34)
	10 |	  claim signedDigitSum(-123) => 4
	   .	        ^~~~~~~~~~~~~~~~~~~~~~~~~
[Warning] Compiler: Functional claims not yet supported.
https://github.com/runtimeverification/haskell-backend/issues/3010
	Source(/tmp/audit-work/reconstruction/audit-witness-spec.k)
	Location(11,9,11,67)
	11 |	  claim allInts(vCons(-1, vCons(11, vCons(-11, .ValSeq)))) => true
	   .	        ^~~~~~~~~~~~~~~~~~~~~~~~~~~~~~~~~~~~~~~~~~~~~~~~~~~~~~~~~~
[Warning] Compiler: Functional claims not yet supported.
https://github.com/runtimeverification/haskell-backend/issues/3010
	Source(/tmp/audit-work/reconstruction/audit-witness-spec.k)
	Location(12,9,12,70)
	12 |	  claim countPositive(vCons(-1, vCons(11, vCons(-11, .ValSeq)))) => 1
	   .	        ^~~~~~~~~~~~~~~~~~~~~~~~~~~~~~~~~~~~~~~~~~~~~~~~~~~~~~~~~~~~~
[Warning] Compiler: Variable 'As' defined but not used. Prefix variable name
with underscore if this is intentional.
	Source(/tmp/audit-work/reconstruction/reference-semantics/semantics/str.k)
	Location(52,27,52,29)
	52 |	  rule strLt(iCons(A:Int, As:IntSeq), iCons(B:Int, Bs:IntSeq)) => true   
      requires A  <Int B
	   .	                          ^~
[Warning] Compiler: Variable 'Bs' defined but not used. Prefix variable name
with underscore if this is intentional.
	Source(/tmp/audit-work/reconstruction/reference-semantics/semantics/str.k)
	Location(52,52,52,54)
	52 |	  rule strLt(iCons(A:Int, As:IntSeq), iCons(B:Int, Bs:IntSeq)) => true   
      requires A  <Int B
	   .	                                                   ^~
[Warning] Compiler: Variable 'As' defined but not used. Prefix variable name
with underscore if this is intentional.
	Source(/tmp/audit-work/reconstruction/reference-semantics/semantics/str.k)
	Location(53,27,53,29)
	53 |	  rule strLt(iCons(A:Int, As:IntSeq), iCons(B:Int, Bs:IntSeq)) => false  
      requires A  >Int B
	   .	                          ^~
[Warning] Compiler: Variable 'Bs' defined but not used. Prefix variable name
with underscore if this is intentional.
	Source(/tmp/audit-work/reconstruction/reference-semantics/semantics/str.k)
	Location(53,52,53,54)
	53 |	  rule strLt(iCons(A:Int, As:IntSeq), iCons(B:Int, Bs:IntSeq)) => false  
      requires A  >Int B
	   .	                                                   ^~
[Error] Critical: Haskell Backend execution failed with code 1 and produced no
output.
EXIT_STATUS=113
