$ kprove ground-instances.k --definition verification-kompiled --spec-module GROUND-INSTANCES
kore-exec: [1100616] Warning (WarnTrivialClaim):
    Claim proven without rewriting at: /tmp/audit-work/review-59/candidate-src/ground-instances.k:8:5-8:33
kore-exec: [1101678] Warning (WarnTrivialClaim):
    Claim proven without rewriting at: /tmp/audit-work/review-59/candidate-src/ground-instances.k:11:5-11:35
kore-exec: [1102575] Warning (WarnTrivialClaim):
    Claim proven without rewriting at: /tmp/audit-work/review-59/candidate-src/ground-instances.k:14:5-14:37
#Top
[Warning] Compiler: Variable 'As' defined but not used. Prefix variable name
with underscore if this is intentional.
	Source(/tmp/audit-work/review-59/candidate-src/reference-semantics/semantics/str.k)
	Location(52,27,52,29)
	52 |	  rule strLt(iCons(A:Int, As:IntSeq), iCons(B:Int, Bs:IntSeq)) => true   
      requires A  <Int B
	   .	                          ^~
[Warning] Compiler: Variable 'Bs' defined but not used. Prefix variable name
with underscore if this is intentional.
	Source(/tmp/audit-work/review-59/candidate-src/reference-semantics/semantics/str.k)
	Location(52,52,52,54)
	52 |	  rule strLt(iCons(A:Int, As:IntSeq), iCons(B:Int, Bs:IntSeq)) => true   
      requires A  <Int B
	   .	                                                   ^~
[Warning] Compiler: Variable 'As' defined but not used. Prefix variable name
with underscore if this is intentional.
	Source(/tmp/audit-work/review-59/candidate-src/reference-semantics/semantics/str.k)
	Location(53,27,53,29)
	53 |	  rule strLt(iCons(A:Int, As:IntSeq), iCons(B:Int, Bs:IntSeq)) => false  
      requires A  >Int B
	   .	                          ^~
[Warning] Compiler: Variable 'Bs' defined but not used. Prefix variable name
with underscore if this is intentional.
	Source(/tmp/audit-work/review-59/candidate-src/reference-semantics/semantics/str.k)
	Location(53,52,53,54)
	53 |	  rule strLt(iCons(A:Int, As:IntSeq), iCons(B:Int, Bs:IntSeq)) => false  
      requires A  >Int B
	   .	                                                   ^~
exit=0
$ python3 /audit-output/evidence/ground_comparison.py
[{"canonical": 3, "factor": 2, "lpfSpec": 3, "n": 12, "solution": 3}, {"canonical": 2, "factor": 2, "lpfSpec": 2, "n": 2048, "solution": 2}, {"canonical": 29, "factor": 2, "lpfSpec": 29, "n": 13195, "solution": 29}]
mismatch_count=0
exit=0
command=bash /audit-output/evidence/stage4_ground_instances.sh
exit=0
