Script started on 2026-07-29 10:28:25-05:00 [<not executed on terminal>]
+ python3 /audit-output/evidence/rule_inventory.py
+ inventory_exit=0
+ printf 'inventory_exit=%s\n' 0
inventory_exit=0
+ wc -l /audit-output/evidence/rule_inventory.md
994 /audit-output/evidence/rule_inventory.md
+ sed -n 1,45p /audit-output/evidence/rule_inventory.md
# Exhaustive K declaration and rule inventory

Generated from the fresh source-only scratch tree.

## Counts

| Kind | Count |
|---|---:|
| configuration | 1 |
| syntax | 234 |
| context | 5 |
| rule | 718 |
| claim | 3 |

| Attribute/tag | Entries |
|---|---:|
| function | 155 |
| total | 114 |
| functional | 0 |
| opaque/no-evaluators | 23 |
| priority | 45 |
| simplification | 9 |
| concrete | 37 |
| owise | 27 |
| macro | 4 |
| strict | 2 |
| symbol | 26 |
| preserves-definedness | 2 |

## Entries

| Source | Line | Kind | Attributes | Assessment class | Complete source block |
|---|---:|---|---|---|---|
| `reference-semantics/semantics/assert.k` | 6 | rule | - | trusted supplied baseline; no construct from solution.mpy reaches this entry | rule <k> Assert(V:Val) => .K ... </k> requires truthy(V) |
| `reference-semantics/semantics/assert.k` | 8 | rule | - | trusted supplied baseline; no construct from solution.mpy reaches this entry | rule <k> Assert(V:Val) ~> _ => .K </k> <exc> NoExc => AssertionError </exc> <exit-code> _ => 1 </exit-code> requires notBool truthy(V) |
| `reference-semantics/semantics/assert.k` | 13 | rule | priority | trusted supplied baseline; no construct from solution.mpy reaches this entry | rule <k> Assert(ref(H:Int)) => Assert(V) ... </k> <heap> ... H &#124;-> V:Val ... </heap> [priority(40)] |
| `reference-semantics/semantics/bool.k` | 8 | rule | - | trusted supplied baseline; no construct from solution.mpy reaches this entry | rule applyUn("not", V:Val) => notBool truthy(V) |
| `reference-semantics/semantics/bool.k` | 10 | rule | - | trusted supplied baseline; no construct from solution.mpy reaches this entry | rule applyCmp("==", B1:Bool, B2:Bool) => B1 ==Bool B2 |
| `reference-semantics/semantics/bool.k` | 11 | rule | - | trusted supplied baseline; no construct from solution.mpy reaches this entry | rule applyCmp("!=", B1:Bool, B2:Bool) => B1 =/=Bool B2 |
| `reference-semantics/semantics/bool.k` | 16 | context | - | trusted supplied baseline; no construct from solution.mpy reaches this entry | context BoolOp(_, (HOLE:Expr, _:Exprs)) |
| `reference-semantics/semantics/bool.k` | 17 | rule | - | trusted supplied baseline; no construct from solution.mpy reaches this entry | rule <k> BoolOp(_:String, (V:Val, .Exprs)) => V ... </k> |
| `reference-semantics/semantics/bool.k` | 18 | rule | - | trusted supplied baseline; no construct from solution.mpy reaches this entry | rule <k> BoolOp("and", (V:Val, A:Expr, REST:Exprs)) => BoolOp("and", (A, REST)) ... </k> requires truthy(V) |
| `reference-semantics/semantics/bool.k` | 20 | rule | - | trusted supplied baseline; no construct from solution.mpy reaches this entry | rule <k> BoolOp("and", (V:Val, _:Expr, _:Exprs)) => V ... </k> requires notBool truthy(V) |
| `reference-semantics/semantics/bool.k` | 22 | rule | - | trusted supplied baseline; no construct from solution.mpy reaches this entry | rule <k> BoolOp("or",  (V:Val, _:Expr, _:Exprs)) => V ... </k> requires truthy(V) |
| `reference-semantics/semantics/bool.k` | 24 | rule | - | trusted supplied baseline; no construct from solution.mpy reaches this entry | rule <k> BoolOp("or",  (V:Val, A:Expr, REST:Exprs)) => BoolOp("or", (A, REST)) ... </k> requires notBool truthy(V) |
+ printf '%s\n' proof_local_attributes
proof_local_attributes
+ rg -n '^\s*(syntax|configuration|context|rule|claim)\b|function|total|functional|no-evaluators|priority|simplification|concrete|owise|macro' /tmp/audit-work/reconstruction/verification.k /tmp/audit-work/reconstruction/spec.k
/tmp/audit-work/reconstruction/spec.k
7:  // REM to the running frequency. It otherwise preserves the function state.
8:  claim [inner-loop]:
40:  claim [outer-loop]:
84:  claim [search-program]:

/tmp/audit-work/reconstruction/verification.k
10:  syntax Bool ::= isIntVal(Val) [function, total]
11:  rule isIntVal(_:Int) => true
12:  rule isIntVal(_:Val) => false [owise]
14:  syntax Bool ::= definedProjectInt(Val) [function, total]
15:  rule definedProjectInt(V:Val) => isIntVal(V)
17:  syntax Int ::= projectIntTotal(Val)
18:    [function, total, symbol(projectIntTotal), no-evaluators]
20:  rule #Ceil({@V:Val}:>Int)
22:    [simplification]
24:  rule projectIntTotal(V:Val) => {V}:>Int
26:    [concrete, simplification(10), preserves-definedness]
28:  rule {V:Val}:>Int => projectIntTotal(V)
30:    [symbolic(V), simplification, preserves-definedness]
32:  rule projectIntTotal(I:Int) => I [simplification]
33:  rule projectIntTotal(projectIntTotal(V:Val)) => projectIntTotal(V)
34:    [simplification]
39:  rule applyCmp("==", V:Val, W:Val)
42:    [simplification]
44:  rule applyCmp(">=", V:Val, W:Val)
47:    [simplification]
49:  rule applyCmp(">", V:Val, W:Val)
52:    [simplification]
54:  rule applyBin("+", V:Val, W:Val)
57:    [simplification]
60:  syntax Bool ::= allPositive(ValSeq) [function, total]
61:  rule allPositive(.ValSeq) => true
62:  rule allPositive(vCons(V:Val, VS:ValSeq))
68:  syntax Int ::= frequencyOf(Int, ValSeq) [function, total]
69:  rule frequencyOf(_:Int, .ValSeq) => 0
70:  rule frequencyOf(X:Int, vCons(V:Val, VS:ValSeq))
74:  rule frequencyOf(X:Int, vCons(V:Val, VS:ValSeq))
79:  syntax Int ::= updateAnswer(Int, Int, Int) [function, total]
80:  rule updateAnswer(A:Int, X:Int, N:Int) => X
82:  rule updateAnswer(A:Int, X:Int, N:Int) => A
84:  rule updateAnswer(A:Int, X:Int, N:Int) => A
88:  syntax Int ::= searchSummary(ValSeq, ValSeq, Int) [function, total]
89:  rule searchSummary(.ValSeq, _:ValSeq, A:Int) => A
90:  rule searchSummary(
102:  rule searchSummary(
+ attribute_scan_exit=0
+ printf 'proof_local_attribute_scan_exit=%s\n' 0
proof_local_attribute_scan_exit=0
+ [[ 0 != 0 ]]
+ [[ 0 != 0 ]]
+ exit 0

Script done on 2026-07-29 10:28:25-05:00 [COMMAND_EXIT_CODE="0"]
