COMMAND: kprove spec-vacuity.k --definition audit-vacuity-kompiled --spec-module SPEC-VACUITY
WORKDIR: /tmp/audit-work/case107
--- OUTPUT ---
kore-exec: [231445] Warning (WarnStuckClaimState):
    The configuration's term doesn't unify with the destination's term and the configuration cannot be rewritten further. Location: /tmp/audit-work/case107/spec-vacuity.k:7:5-12:11
Context:
    (InfoReachability) while checking the implication
<mpy>
  <k>
    VTuple ( VInt ( 0 ) , VInt ( 1 ) ) ~> expect ( 1 , 1 ) ~> verifyRange ( Module ( FuncDef ( "even_odd_palindrome" , Params ( "n" ) , If ( Compare ( Name ( "n" ) , CmpOp ( "<" , Int ( 10 ) ) ) , Assign ( Name ( "even" ) , BinOp ( "//" , Name ( "n" ) , Int ( 2 ) ) )  Assign ( Name ( "odd" ) , BinOp ( "-" , Name ( "n" ) , Name ( "even" ) ) )  Return ( TupleExpr ( Name ( "even" ) , Name ( "odd" ) ) )  .Stmts , .Stmts )  Assign ( Name ( "even" ) , Int ( 4 ) )  Assign ( Name ( "odd" ) , Int ( 5 ) )  Assign ( Name ( "pairs" ) , BinOp ( "//" , Name ( "n" ) , Int ( 11 ) ) )  If ( Compare ( Name ( "pairs" ) , CmpOp ( ">" , Int ( 9 ) ) ) , Assign ( Name ( "pairs" ) , Int ( 9 ) )  .Stmts , .Stmts )  Assign ( Name ( "even" ) , BinOp ( "+" , Name ( "even" ) , BinOp ( "//" , Name ( "pairs" ) , Int ( 2 ) ) ) )  Assign ( Name ( "odd" ) , BinOp ( "-" , BinOp ( "+" , Name ( "odd" ) , Name ( "pairs" ) ) , BinOp ( "//" , Name ( "pairs" ) , Int ( 2 ) ) ) )  If ( Compare ( Name ( "n" ) , CmpOp ( ">=" , Int ( 101 ) ) ) , Assign ( Name ( "lead" ) , BinOp ( "//" , Name ( "n" ) , Int ( 100 ) ) )  If ( Compare ( Name ( "lead" ) , CmpOp ( ">" , Int ( 9 ) ) ) , Assign ( Name ( "lead" ) , Int ( 9 ) )  Assign ( Name ( "extra" ) , Int ( 10 ) )  .Stmts , Assign ( Name ( "middle" ) , BinOp ( "%" , BinOp ( "//" , Name ( "n" ) , Int ( 10 ) ) , Int ( 10 ) ) )  Assign ( Name ( "candidate" ) , BinOp ( "+" , BinOp ( "*" , Name ( "lead" ) , Int ( 101 ) ) , BinOp ( "*" , Name ( "middle" ) , Int ( 10 ) ) ) )  Assign ( Name ( "extra" ) , Name ( "middle" ) )  If ( Compare ( Name ( "candidate" ) , CmpOp ( "<=" , Name ( "n" ) ) ) , Assign ( Name ( "extra" ) , BinOp ( "+" , Name ( "extra" ) , Int ( 1 ) ) )  .Stmts , .Stmts )  .Stmts )  Assign ( Name ( "previous" ) , BinOp ( "-" , Name ( "lead" ) , Int ( 1 ) ) )  Assign ( Name ( "even_leads" ) , BinOp ( "//" , Name ( "previous" ) , Int ( 2 ) ) )  Assign ( Name ( "odd_leads" ) , BinOp ( "-" , Name ( "previous" ) , Name ( "even_leads" ) ) )  Assign ( Name ( "even" ) , BinOp ( "+" , Name ( "even" ) , BinOp ( "*" , Name ( "even_leads" ) , Int ( 10 ) ) ) )  Assign ( Name ( "odd" ) , BinOp ( "+" , Name ( "odd" ) , BinOp ( "*" , Name ( "odd_leads" ) , Int ( 10 ) ) ) )  If ( Compare ( BinOp ( "%" , Name ( "lead" ) , Int ( 2 ) ) , CmpOp ( "==" , Int ( 0 ) ) ) , Assign ( Name ( "even" ) , BinOp ( "+" , Name ( "even" ) , Name ( "extra" ) ) )  .Stmts , Assign ( Name ( "odd" ) , BinOp ( "+" , Name ( "odd" ) , Name ( "extra" ) ) )  .Stmts )  .Stmts , .Stmts )  Return ( TupleExpr ( Name ( "even" ) , Name ( "odd" ) ) )  .Stmts )  .Stmts ) , 2 , 1000 , 0 , 1 ) ~> .K
  </k>
  <env>
    "even" |-> VInt ( 0 )
    "n" |-> VInt ( 1 )
    "odd" |-> VInt ( 1 )
  </env>
  <return>
    noReturn
  </return>
</mpy>
[Warning] Compiler: Zero-argument `symbol` attribute used without a
corresponding `klabel(_)`. Either remove `symbol`, or supply an argument.
	Source(/tmp/audit-work/case107/semantic.k)
	Location(7,18,7,49)
	7 |	  syntax Pgm ::= "Module" "(" Stmts ")" [symbol]
	  .	                 ^~~~~~~~~~~~~~~~~~~~~~~~~~~~~~~
[Warning] Compiler: Zero-argument `symbol` attribute used without a
corresponding `klabel(_)`. Either remove `symbol`, or supply an argument.
	Source(/tmp/audit-work/case107/semantic.k)
	Location(9,21,9,53)
	9 |	  syntax Params ::= "Params" "(" String ")" [symbol]
	  .	                    ^~~~~~~~~~~~~~~~~~~~~~~~~~~~~~~~
[Warning] Compiler: Zero-argument `symbol` attribute used without a
corresponding `klabel(_)`. Either remove `symbol`, or supply an argument.
	Source(/tmp/audit-work/case107/semantic.k)
	Location(11,19,11,45)
	11 |	  syntax Expr ::= "Int" "(" Int ")" [symbol]
	   .	                  ^~~~~~~~~~~~~~~~~~~~~~~~~~
[Warning] Compiler: Zero-argument `symbol` attribute used without a
corresponding `klabel(_)`. Either remove `symbol`, or supply an argument.
	Source(/tmp/audit-work/case107/semantic.k)
	Location(12,19,12,49)
	12 |	                | "Name" "(" String ")" [symbol]
	   .	                  ^~~~~~~~~~~~~~~~~~~~~~~~~~~~~~
[Warning] Compiler: Zero-argument `symbol` attribute used without a
corresponding `klabel(_)`. Either remove `symbol`, or supply an argument.
	Source(/tmp/audit-work/case107/semantic.k)
	Location(13,19,13,68)
	13 |	                | "BinOp" "(" String "," Expr "," Expr ")" [symbol]
	   .	                  ^~~~~~~~~~~~~~~~~~~~~~~~~~~~~~~~~~~~~~~~~~~~~~~~~
[Warning] Compiler: Zero-argument `symbol` attribute used without a
corresponding `klabel(_)`. Either remove `symbol`, or supply an argument.
	Source(/tmp/audit-work/case107/semantic.k)
	Location(14,19,14,60)
	14 |	                | "Compare" "(" Expr "," CmpOp ")" [symbol]
	   .	                  ^~~~~~~~~~~~~~~~~~~~~~~~~~~~~~~~~~~~~~~~~
[Warning] Compiler: Zero-argument `symbol` attribute used without a
corresponding `klabel(_)`. Either remove `symbol`, or supply an argument.
	Source(/tmp/audit-work/case107/semantic.k)
	Location(15,19,15,61)
	15 |	                | "TupleExpr" "(" Expr "," Expr ")" [symbol]
	   .	                  ^~~~~~~~~~~~~~~~~~~~~~~~~~~~~~~~~~~~~~~~~~
[Warning] Compiler: Zero-argument `symbol` attribute used without a
corresponding `klabel(_)`. Either remove `symbol`, or supply an argument.
	Source(/tmp/audit-work/case107/semantic.k)
	Location(16,20,16,60)
	16 |	  syntax CmpOp ::= "CmpOp" "(" String "," Expr ")" [symbol]
	   .	                   ^~~~~~~~~~~~~~~~~~~~~~~~~~~~~~~~~~~~~~~~
[Warning] Compiler: Zero-argument `symbol` attribute used without a
corresponding `klabel(_)`. Either remove `symbol`, or supply an argument.
	Source(/tmp/audit-work/case107/semantic.k)
	Location(18,19,18,73)
	18 |	  syntax Stmt ::= "FuncDef" "(" String "," Params "," Stmts ")" [symbol]
	   .	                  ^~~~~~~~~~~~~~~~~~~~~~~~~~~~~~~~~~~~~~~~~~~~~~~~~~~~~~
[Warning] Compiler: Zero-argument `symbol` attribute used without a
corresponding `klabel(_)`. Either remove `symbol`, or supply an argument.
	Source(/tmp/audit-work/case107/semantic.k)
	Location(19,19,19,58)
	19 |	                | "Assign" "(" Expr "," Expr ")" [symbol]
	   .	                  ^~~~~~~~~~~~~~~~~~~~~~~~~~~~~~~~~~~~~~~
[Warning] Compiler: Zero-argument `symbol` attribute used without a
corresponding `klabel(_)`. Either remove `symbol`, or supply an argument.
	Source(/tmp/audit-work/case107/semantic.k)
	Location(20,19,20,65)
	20 |	                | "If" "(" Expr "," Stmts "," Stmts ")" [symbol]
	   .	                  ^~~~~~~~~~~~~~~~~~~~~~~~~~~~~~~~~~~~~~~~~~~~~~
[Warning] Compiler: Zero-argument `symbol` attribute used without a
corresponding `klabel(_)`. Either remove `symbol`, or supply an argument.
	Source(/tmp/audit-work/case107/semantic.k)
	Location(21,19,21,49)
	21 |	                | "Return" "(" Expr ")" [symbol]
	   .	                  ^~~~~~~~~~~~~~~~~~~~~~~~~~~~~~
[Warning] Compiler: Zero-argument `symbol` attribute used without a
corresponding `klabel(_)`. Either remove `symbol`, or supply an argument.
	Source(/tmp/audit-work/case107/semantic.k)
	Location(31,20,31,47)
	31 |	  syntax Value ::= "VInt" "(" Int ")" [symbol]
	   .	                   ^~~~~~~~~~~~~~~~~~~~~~~~~~~
[Warning] Compiler: Zero-argument `symbol` attribute used without a
corresponding `klabel(_)`. Either remove `symbol`, or supply an argument.
	Source(/tmp/audit-work/case107/semantic.k)
	Location(32,20,32,49)
	32 |	                 | "VBool" "(" Bool ")" [symbol]
	   .	                   ^~~~~~~~~~~~~~~~~~~~~~~~~~~~~
[Warning] Compiler: Zero-argument `symbol` attribute used without a
corresponding `klabel(_)`. Either remove `symbol`, or supply an argument.
	Source(/tmp/audit-work/case107/semantic.k)
	Location(33,20,33,61)
	33 |	                 | "VTuple" "(" Value "," Value ")" [symbol]
	   .	                   ^~~~~~~~~~~~~~~~~~~~~~~~~~~~~~~~~~~~~~~~~
[Warning] Compiler: Zero-argument `symbol` attribute used without a
corresponding `klabel(_)`. Either remove `symbol`, or supply an argument.
	Source(/tmp/audit-work/case107/semantic.k)
	Location(35,26,35,45)
	35 |	  syntax ReturnState ::= "noReturn" [symbol]
	   .	                         ^~~~~~~~~~~~~~~~~~~
[Warning] Compiler: Zero-argument `symbol` attribute used without a
corresponding `klabel(_)`. Either remove `symbol`, or supply an argument.
	Source(/tmp/audit-work/case107/semantic.k)
	Location(36,26,36,59)
	36 |	                       | "returned" "(" Value ")" [symbol]
	   .	                         ^~~~~~~~~~~~~~~~~~~~~~~~~~~~~~~~~
[Warning] Compiler: Zero-argument `symbol` attribute used without a
corresponding `klabel(_)`. Either remove `symbol`, or supply an argument.
	Source(/tmp/audit-work/case107/semantic.k)
	Location(38,20,38,54)
	38 |	  syntax KItem ::= "run" "(" Pgm "," Int ")" [symbol]
	   .	                   ^~~~~~~~~~~~~~~~~~~~~~~~~~~~~~~~~~
[Warning] Compiler: Zero-argument `symbol` attribute used without a
corresponding `klabel(_)`. Either remove `symbol`, or supply an argument.
	Source(/tmp/audit-work/case107/semantic.k)
	Location(39,20,39,49)
	39 |	                 | "exec" "(" Stmts ")" [symbol]
	   .	                   ^~~~~~~~~~~~~~~~~~~~~~~~~~~~~
[Warning] Compiler: Zero-argument `symbol` attribute used without a
corresponding `klabel(_)`. Either remove `symbol`, or supply an argument.
	Source(/tmp/audit-work/case107/semantic.k)
	Location(40,20,40,37)
	40 |	                 | "finish" [symbol]
	   .	                   ^~~~~~~~~~~~~~~~~
[Warning] Compiler: Variable 'REST' defined but not used. Prefix variable name
with underscore if this is intentional.
	Source(/tmp/audit-work/case107/semantic.k)
	Location(58,36,58,40)
	58 |	  rule lookupValue((X |-> V:Value) REST, X) => V
	   .	                                   ^~~~
[Warning] Compiler: Use of deprecated production found; this syntax may be
removed in the future.
	Source(/tmp/audit-work/case107/semantic.k)
	Location(90,24,90,25)
	90 |	  rule exec(.Stmts) => .
	   .	                       ^
[Warning] Compiler: Use of deprecated production found; this syntax may be
removed in the future.
	Source(/tmp/audit-work/case107/semantic.k)
	Location(91,29,91,30)
	91 |	  rule <k> exec(_:Stmts) => . ... </k>
	   .	                            ^
[Warning] Compiler: Variable 'ELSE' defined but not used. Prefix variable name
with underscore if this is intentional.
	Source(/tmp/audit-work/case107/semantic.k)
	Location(98,32,98,36)
	98 |	  rule <k> exec(If(COND, THEN, ELSE) REST)
	   .	                               ^~~~
[Warning] Compiler: Variable 'THEN' defined but not used. Prefix variable name
with underscore if this is intentional.
	Source(/tmp/audit-work/case107/semantic.k)
	Location(103,26,103,30)
	103 |	  rule <k> exec(If(COND, THEN, ELSE) REST)
	    .	                         ^~~~
[Warning] Compiler: Use of deprecated production found; this syntax may be
removed in the future.
	Source(/tmp/audit-work/case107/semantic.k)
	Location(109,37,109,38)
	109 |	  rule <k> exec(Return(E) _REST) => . ... </k>
	    .	                                    ^
[Warning] Compiler: Zero-argument `symbol` attribute used without a
corresponding `klabel(_)`. Either remove `symbol`, or supply an argument.
	Source(/tmp/audit-work/case107/verification-vacuity.k)
	Location(94,20,94,86)
	94 |	  syntax KItem ::= "verifyRange" "(" Pgm "," Int "," Int "," Int "," Int
")" [symbol]
	   .	                  
^~~~~~~~~~~~~~~~~~~~~~~~~~~~~~~~~~~~~~~~~~~~~~~~~~~~~~~~~~~~~~~~~~
[Warning] Compiler: Zero-argument `symbol` attribute used without a
corresponding `klabel(_)`. Either remove `symbol`, or supply an argument.
	Source(/tmp/audit-work/case107/verification-vacuity.k)
	Location(95,20,95,57)
	95 |	                 | "expect" "(" Int "," Int ")" [symbol]
	   .	                   ^~~~~~~~~~~~~~~~~~~~~~~~~~~~~~~~~~~~~
[Warning] Compiler: Zero-argument `symbol` attribute used without a
corresponding `klabel(_)`. Either remove `symbol`, or supply an argument.
	Source(/tmp/audit-work/case107/verification-vacuity.k)
	Location(96,20,96,39)
	96 |	                 | "verified" [symbol]
	   .	                   ^~~~~~~~~~~~~~~~~~~
[Warning] Compiler: Use of deprecated production found; this syntax may be
removed in the future.
	Source(/tmp/audit-work/case107/verification-vacuity.k)
	Location(113,56,113,57)
	113 |	  rule <k> VTuple(VInt(E), VInt(O)) ~> expect(E, O) => . ... </k>
	    .	                                                       ^
[Error] Prover: backend terminated because the configuration cannot be
rewritten further. See output for more details.
--- END OUTPUT ---
EXIT_STATUS: 1
