Script started on 2026-07-26 11:20:58-05:00 [<not executed on terminal>]
dada817c1420c9b027437a806afbfbe2d9d0fec5b257cd43aa77a74bdc1fc82b  /audit-output/evidence/COMMANDS.md
b9df446e9bf33f7dc7ce628af2ced42e15da0edf862d33fd823894090d721679  /audit-output/evidence/body_mutation_dry_run.log
4b73447fc9900c471cb988611dfc0951f49f7ed2de291539682dfbb78c8a6ea1  /audit-output/evidence/body_mutation_proof.log
10241465370415cdf44efa536cc26b79c9209eba967d10191c8dbd7544cf73f1  /audit-output/evidence/boundary1000.mpy
5afef8a7a31546a9b5757705173c840c54b3eeafb93985a790c61c74f34fb5b8  /audit-output/evidence/claim_witness.log
e9c5117f8acf42e833c6b00741d3a25db35b58317522115198709fa22f6f2d61  /audit-output/evidence/claim_witness.py
3390b03d3587ba150deb726cb5b50acc26de57f9c83737237297ff43b0185e1a  /audit-output/evidence/differential_test.log
1526bebc3a8681a641a094f3eb9ec69efd359c6531e285386557d75575f34eed  /audit-output/evidence/differential_test.py
13b9f983495e16b1c3ed4a889501d7718d5ef0b670638e1f4d1c86ec3270dea9  /audit-output/evidence/generation_trace_summary.log
4f1fdd3d75cdbe1b819f243f0be67bf5d691b11aacc1c9f84a6a3a88aa307934  /audit-output/evidence/generation_trace_summary.py
4ed38b181d25b4a66dab1393a97b0ece07587f5bcb26b291baeedafdb460f156  /audit-output/evidence/kompile_concrete.log
750d31b6ff43c9d1aa1fa61b0516c0477c3d56d78d4c7fe8e4976e0ba48baa24  /audit-output/evidence/kompile_length_boundary.log
77943f825fd4729a86af07544bb436040a74e5d3f8837f60dc4edc5d29ac4098  /audit-output/evidence/kompile_length_boundary_attempt1.log
e96cc960b99d9b497f4800fb08e27b5f0bbe0d5e13f6ac9e03494205fc38278b  /audit-output/evidence/kompile_proof.log
607fa4005fd2912d7e66305d7af8e54d449f13b81858338ab67e8b4ea042d8d2  /audit-output/evidence/kprove_positive.log
f040dfd987affc04f94ebd0774bb5f3e0c38e91759b4b0123c075e0c9cb5c1c0  /audit-output/evidence/length_boundary_harness.k
a2185f824bd2a8bf515437d94219acf8a9ccc93125110ac9e0f310585438135e  /audit-output/evidence/pipeline_tree_hash.log
11e70a8bad67e823464b1d4439da2acbfeafc559418be91d7ab948fe7ac54a45  /audit-output/evidence/pipeline_tree_hash.py
d762f4131166c87e6c48215230bac7cf8d1135d87a0cad1d86f5d78c9ba25561  /audit-output/evidence/program_pinning.log
111a9bb002ea081b13514404f3bfe23ce2c3cc5f08eb3cce4fe48a7be8c74149  /audit-output/evidence/program_pinning.py
c2bf4cb03e9d8b022c013384a38ccf8b3188e35a6b738dcb257f341a18ba7f25  /audit-output/evidence/run_length_boundary.log
cd76b39c80c66ea3545fe0bd9c438ee0ebe862b0708bfdefe180afd116cab584  /audit-output/evidence/run_length_boundary.py
cfd1b9f2af71dddaa6f0b51343550bd7c96660465d6fb294d3f6e8281118f9e1  /audit-output/evidence/run_length_boundary_attempt1.log
21db55bf5733a86d6be7c755eb20f5b339d6d994d1c2be7e432f5f16e3ff375d  /audit-output/evidence/scratch_copy.log
37582f5c8ac980c93f264abd9ced31588010ed604a1b20fbd320c4d5e0ade9b2  /audit-output/evidence/semantic_differential.log
0f07f993ff03d1ea9af5ff614e1f66f95aca10a8d732579763be251ef251c0ef  /audit-output/evidence/semantic_differential.py
a9a9a9943327e40dafac6647dcf35596401d82909d3177109a7c8fbb14ca0da2  /audit-output/evidence/semantic_differential_attempt1.log
9aa0f218854b081a7a9e9e936308b6f46b6de882b0c7b6b6d7591f922e1f87a0  /audit-output/evidence/semantic_differential_attempt1.py
c591e56cbccd1007e445a92c4ce0a63f93e7b4f8e2339c39e6fe13f238bb454f  /audit-output/evidence/source_inventory.log
58ff8aa439a7e2637eb2aecc4fcecd3eb45bc213cb29cf6f84c103c749d75e12  /audit-output/evidence/spec-body-mutation.k
333ff12cbd512c6ceb512e87f36dc2c24a0ffb142307e8d5a95e483c3188dc0a  /audit-output/evidence/spec-vacuity-fresh.k
e9bcb2eca7cf0e1bfa88fb4904ce3702d5ffad6586a81a5a7a9f62bbee4ebf73  /audit-output/evidence/stage1_integrity.log
cda72cbf3a61e8dc6e64d00f3f9f72cf606ac47550125e83407b5366c58742bf  /audit-output/evidence/stage1_integrity.py
65d00e05572d90fa0803302d9b430728a589f726d2d3827cab7ed78f6d0d0315  /audit-output/evidence/stage1_integrity_attempt1.log
a23534386e84954dbba3e24a602c723ad4ba09e271f3687310ae95c87cdf3a53  /audit-output/evidence/tool_versions.log
c99484d12c50eab03507e71cff73a5b821ed6bad7f438706afeb80c58e880cbc  /audit-output/evidence/translator_regeneration.log
6074c7ebb6f818b34c72a952a1f14b9af3cadc21fc9be25f97f513f23c7803f1  /audit-output/evidence/vacuity_dry_run.log
1b650feab0fef12d141a85fb6a2f98648b988129401db7393b9f45883f443b95  /audit-output/evidence/vacuity_proof.log

Script done on 2026-07-26 11:20:58-05:00 [COMMAND_EXIT_CODE="0"]
