Script started on 2026-07-26 12:27:55-05:00 [<not executed on terminal>]
FILE semantic.k
MODULE-01 lines=1-1 attributes=- :: module MPY-SYNTAX
IMPORTS-01 lines=2-2 attributes=- :: imports BOOL-SYNTAX
IMPORTS-02 lines=3-3 attributes=- :: imports INT-SYNTAX
IMPORTS-03 lines=4-4 attributes=- :: imports STRING-SYNTAX
IMPORTS-04 lines=5-8 attributes=- :: imports MAP // The constructor grammar emitted by py2mpy.py.  This task uses a deliberately // small, explicit subset; unsupported Python constructs cannot silently run.
SYNTAX-01 lines=9-9 attributes=symbol :: syntax Program ::= "Module" "(" Stmts ")" [symbol]
SYNTAX-02 lines=11-11 attributes=- :: syntax Stmts ::= List{Stmt, ""}
SYNTAX-03 lines=12-14 attributes=symbol;symbol;symbol :: syntax Stmt ::= "FuncDef" "(" String "," Params "," Stmts ")" [symbol] | "Return" "(" Expr ")"                         [symbol] | "If" "(" Expr "," Stmts "," Stmts ")"       [symbol]
SYNTAX-04 lines=16-16 attributes=symbol :: syntax Params ::= "Params" "(" Strings ")" [symbol]
SYNTAX-05 lines=17-17 attributes=- :: syntax Strings ::= List{String, ","}
SYNTAX-06 lines=19-19 attributes=- :: syntax Exprs ::= List{Expr, ","}
SYNTAX-07 lines=20-33 attributes=symbol;symbol;symbol;symbol;symbol;symbol;symbol;symbol;symbol;symbol;symbol;symbol;symbol;symbol :: syntax Expr ::= "Name" "(" String ")"                         [symbol] | "Int" "(" Int ")"                             [symbol] | "Str" "(" String ")"                          [symbol] | "ListExpr" "(" Exprs ")"                      [symbol] | "BinOp" "(" String "," Expr "," Expr ")"    [symbol] | "BoolOp" "(" String "," Exprs ")"            [symbol] | "Compare" "(" Expr "," CmpOps ")"            [symbol] | "Call" "(" Expr "," Exprs ")"                [symbol] | "Subscript" "(" Expr "," Index ")"           [symbol] | "ValueExpr" "(" Value ")"                     [symbol] | "ListComp" "(" Expr "," CompFors ")"          [symbol] | "Lambda" "(" Params "," CellVars "," FreeVars "," Expr ")" [symbol] | "TupleExpr" "(" Exprs ")"                     [symbol] | "KwArg" "(" String "," Expr ")"              [symbol]
SYNTAX-08 lines=34-34 attributes=- :: syntax CmpOps ::= List{CmpOp, ","}
SYNTAX-09 lines=35-35 attributes=symbol :: syntax CmpOp ::= "CmpOp" "(" String "," Expr ")"             [symbol]
SYNTAX-10 lines=36-37 attributes=symbol :: syntax Index ::= Expr | "Slice" "(" Bound "," Bound "," Bound ")"  [symbol]
SYNTAX-11 lines=38-38 attributes=symbol :: syntax Bound ::= Expr | "NoBound" [symbol]
SYNTAX-12 lines=39-39 attributes=- :: syntax CompFors ::= List{CompFor, ""}
SYNTAX-13 lines=40-40 attributes=symbol :: syntax CompFor ::= "CompFor" "(" Expr "," Expr "," Exprs ")" [symbol]
SYNTAX-14 lines=41-41 attributes=symbol :: syntax CellVars ::= "CellVars" "(" Strings ")" [symbol]
SYNTAX-15 lines=42-42 attributes=symbol :: syntax FreeVars ::= "FreeVars" "(" Strings ")" [symbol]
SYNTAX-16 lines=44-44 attributes=- :: syntax Words ::= List{String, ","}
SYNTAX-17 lines=45-49 attributes=symbol;symbol;symbol;symbol;symbol :: syntax Value ::= "VInt" "(" Int ")"       [symbol] | "VStr" "(" String ")"    [symbol] | "VBool" "(" Bool ")"     [symbol] | "VList" "(" Words ")"    [symbol] | "VNone"                    [symbol]
SYNTAX-18 lines=50-50 attributes=- :: syntax Values ::= List{Value, ","}
SYNTAX-19 lines=52-52 attributes=symbol :: syntax Run ::= "Run" "(" Program "," Expr ")" [symbol]
SYNTAX-20 lines=53-53 attributes=symbol :: syntax Result ::= "Result" "(" Value ")" [symbol]
ENDMODULE-01 lines=54-54 attributes=- :: endmodule
MODULE-02 lines=56-56 attributes=- :: module MPY-SEMANTIC
IMPORTS-05 lines=57-57 attributes=- :: imports MPY-SYNTAX
IMPORTS-06 lines=58-58 attributes=- :: imports BOOL
IMPORTS-07 lines=59-59 attributes=- :: imports INT
IMPORTS-08 lines=60-60 attributes=- :: imports STRING
IMPORTS-09 lines=61-61 attributes=- :: imports MAP
CONFIGURATION-01 lines=63-63 attributes=- :: configuration <k> $PGM:Run </k>
SYNTAX-21 lines=65-65 attributes=function :: syntax Value ::= evalExpr ( Expr , Map , Program ) [function]
SYNTAX-22 lines=66-66 attributes=function :: syntax Values ::= evalExprs ( Exprs , Map , Program ) [function]
SYNTAX-23 lines=67-73 attributes=function;function;function;function;function;function;function :: syntax Value ::= evalBinOp ( String , Value , Value ) [function] | evalCompare ( String , Value , Value ) [function] | evalBoolOp ( String , Values ) [function] | evalSubscript ( Value , Index , Map , Program ) [function] | callFunction ( Function , Values , Program ) [function] | returnedValue ( ExecResult ) [function] | makeList ( Values ) [function]
SYNTAX-24 lines=74-74 attributes=function :: syntax Int ::= valueLength ( Value ) [function]
SYNTAX-25 lines=75-80 attributes=function;function;function;function;function;function :: syntax Words ::= valueWords ( Value ) [function] | filterEven ( Words ) [function] | filterEvenDecision ( Bool , String , Words ) [function] | sortByKey ( Words ) [function] | insertBySemanticKey ( String , Words ) [function] | insertBySemanticDecision ( Bool , String , String , Words ) [function]
SYNTAX-26 lines=81-81 attributes=function :: syntax Bool ::= semanticKeyLess ( String , String ) [function]
SYNTAX-27 lines=83-84 attributes=symbol;function :: syntax Function ::= "Function" "(" Params "," Stmts ")" [symbol] | findFunction ( String , Stmts ) [function]
SYNTAX-28 lines=85-85 attributes=function :: syntax Stmts ::= programStmts ( Program ) [function]
SYNTAX-29 lines=86-86 attributes=function :: syntax Map ::= bindParams ( Params , Values ) [function]
SYNTAX-30 lines=88-92 attributes=symbol;symbol;function;function;function :: syntax ExecResult ::= "Normal" [symbol] | "Returned" "(" Value ")" [symbol] | execStmts ( Stmts , Map , Program ) [function] | continueWith ( ExecResult , Stmts , Map , Program ) [function] | chooseBranch ( Value , Stmts , Stmts , Stmts , Map , Program ) [function]
RULE-01 lines=94-94 attributes=- :: rule <k> Run(P, E) => Result(evalExpr(E, .Map, P)) </k>
RULE-02 lines=96-96 attributes=- :: rule programStmts(Module(SS)) => SS
RULE-03 lines=98-99 attributes=- :: rule findFunction(F, FuncDef(F, PS, BODY) REST) => Function(PS, BODY)
RULE-04 lines=100-101 attributes=- :: rule findFunction(F, FuncDef(G, PS, BODY) REST) => findFunction(F, REST)
REQUIRES-01 lines=102-102 attributes=- :: requires F =/=String G
RULE-05 lines=104-104 attributes=- :: rule bindParams(Params(.Strings), .Values) => .Map
RULE-06 lines=105-106 attributes=- :: rule bindParams(Params(X, XS), V, VS) => (X |-> V) bindParams(Params(XS), VS)
RULE-07 lines=108-108 attributes=- :: rule evalExpr(ValueExpr(V), ENV, P) => V
RULE-08 lines=109-109 attributes=- :: rule evalExpr(Int(I), ENV, P) => VInt(I)
RULE-09 lines=110-110 attributes=- :: rule evalExpr(Str(S), ENV, P) => VStr(S)
RULE-10 lines=111-111 attributes=X :: rule evalExpr(Name(X), ENV, P) => {ENV[X]}:>Value
RULE-11 lines=113-113 attributes=- :: rule evalExprs(.Exprs, ENV, P) => .Values
RULE-12 lines=114-114 attributes=- :: rule evalExprs(E, ENV, P) => evalExpr(E, ENV, P)
RULE-13 lines=115-116 attributes=- :: rule evalExprs(E, ES, ENV, P) => evalExpr(E, ENV, P), evalExprs(ES, ENV, P)
RULE-14 lines=118-119 attributes=- :: rule evalExpr(ListExpr(ES), ENV, P) => makeList(evalExprs(ES, ENV, P))
RULE-15 lines=120-120 attributes=- :: rule makeList(.Values) => VList(.Words)
RULE-16 lines=121-121 attributes=- :: rule makeList(VStr(S)) => VList(S)
RULE-17 lines=122-123 attributes=- :: rule makeList(VStr(S), VS) => prependWord(S, makeList(VS))
SYNTAX-31 lines=125-125 attributes=function :: syntax Value ::= prependWord ( String , Value ) [function]
RULE-18 lines=126-126 attributes=- :: rule prependWord(S, VList(WS)) => VList(S, WS)
RULE-19 lines=128-129 attributes=- :: rule evalExpr(BinOp(OP, L, R), ENV, P) => evalBinOp(OP, evalExpr(L, ENV, P), evalExpr(R, ENV, P))
RULE-20 lines=130-130 attributes=- :: rule evalBinOp("%", VInt(I), VInt(J)) => VInt(I %Int J)
RULE-21 lines=131-131 attributes=- :: rule evalBinOp("+", VList(LS), VList(RS)) => VList(LS, RS)
RULE-22 lines=133-134 attributes=- :: rule evalExpr(Compare(L, CmpOp(OP, R)), ENV, P) => evalCompare(OP, evalExpr(L, ENV, P), evalExpr(R, ENV, P))
RULE-23 lines=135-135 attributes=- :: rule evalCompare("==", VInt(I), VInt(J)) => VBool(I ==Int J)
RULE-24 lines=136-136 attributes=- :: rule evalCompare("<", VInt(I), VInt(J)) => VBool(I <Int J)
RULE-25 lines=137-137 attributes=- :: rule evalCompare("<", VStr(S), VStr(T)) => VBool(S <String T)
RULE-26 lines=139-140 attributes=- :: rule evalExpr(BoolOp(OP, ES), ENV, P) => evalBoolOp(OP, evalExprs(ES, ENV, P))
RULE-27 lines=141-142 attributes=- :: rule evalBoolOp("and", VBool(B1), VBool(B2)) => VBool(B1 andBool B2)
RULE-28 lines=144-149 attributes=word for word in lst if len(word) % 2 == 0 :: rule evalExpr(Call(Name("len"), E), ENV, P) => VInt(valueLength(evalExpr(E, ENV, P))) // Denotation of the exact comprehension emitted for //   [word for word in lst if len(word) % 2 == 0] // The binder names are matched, not hard-coded.
RULE-29 lines=150-160 attributes=L :: rule evalExpr( ListComp(Name(X), CompFor(Name(X), Name(L), Compare( BinOp("%", Call(Name("len"), Name(X)), Int(2)), CmpOp("==", Int(0))))), ENV, P) => VList(filterEven(valueWords({ENV[L]}:>Value))) // Denotation of sorted(..., key=lambda word: (len(word), word)).
RULE-30 lines=161-168 attributes=- :: rule evalExpr( Call(Name("sorted"), E, KwArg("key", Lambda(Params(X), CellVars(.Strings), FreeVars(.Strings), TupleExpr(Call(Name("len"), Name(X)), Name(X))))), ENV, P) => VList(sortByKey(valueWords(evalExpr(E, ENV, P))))
RULE-31 lines=170-174 attributes=- :: rule evalExpr(Call(Name(F), ES), ENV, P) => callFunction( findFunction(F, programStmts(P)), evalExprs(ES, ENV, P), P)
REQUIRES-02 lines=175-175 attributes=- :: requires F =/=String "len" andBool F =/=String "sorted"
RULE-32 lines=176-177 attributes=- :: rule callFunction(Function(PS, BODY), VS, P) => returnedValue(execStmts(BODY, bindParams(PS, VS), P))
RULE-33 lines=178-178 attributes=- :: rule returnedValue(Returned(V)) => V
RULE-34 lines=180-180 attributes=- :: rule valueLength(VStr(S)) => lengthString(S)
RULE-35 lines=181-181 attributes=- :: rule valueLength(VList(.Words)) => 0
RULE-36 lines=182-182 attributes=- :: rule valueLength(VList(S, SS)) => 1 +Int valueLength(VList(SS))
RULE-37 lines=184-184 attributes=- :: rule valueWords(VList(WS)) => WS
RULE-38 lines=186-186 attributes=- :: rule filterEven(.Words) => .Words
RULE-39 lines=187-188 attributes=- :: rule filterEven(S, SS) => filterEvenDecision(lengthString(S) %Int 2 ==Int 0, S, filterEven(SS))
RULE-40 lines=189-189 attributes=- :: rule filterEvenDecision(B, S, SS) => S, SS
REQUIRES-03 lines=190-190 attributes=- :: requires B
RULE-41 lines=191-191 attributes=- :: rule filterEvenDecision(B, S, SS) => SS
REQUIRES-04 lines=192-192 attributes=- :: requires notBool B
RULE-42 lines=194-194 attributes=- :: rule sortByKey(.Words) => .Words
RULE-43 lines=195-195 attributes=- :: rule sortByKey(S, SS) => insertBySemanticKey(S, sortByKey(SS))
RULE-44 lines=196-196 attributes=- :: rule insertBySemanticKey(S, .Words) => S
RULE-45 lines=197-198 attributes=- :: rule insertBySemanticKey(S, T, TS) => insertBySemanticDecision(semanticKeyLess(S, T), S, T, TS)
RULE-46 lines=199-201 attributes=- :: rule semanticKeyLess(S, T) => (lengthString(S) <Int lengthString(T)) orBool ((lengthString(S) ==Int lengthString(T)) andBool (S <String T))
RULE-47 lines=202-202 attributes=- :: rule insertBySemanticDecision(B, S, T, TS) => S, T, TS
REQUIRES-05 lines=203-203 attributes=- :: requires B
RULE-48 lines=204-205 attributes=- :: rule insertBySemanticDecision(B, S, T, TS) => T, insertBySemanticKey(S, TS)
REQUIRES-06 lines=206-206 attributes=- :: requires notBool B
RULE-49 lines=208-209 attributes=- :: rule evalExpr(Subscript(E, IX), ENV, P) => evalSubscript(evalExpr(E, ENV, P), IX, ENV, P)
RULE-50 lines=210-210 attributes=- :: rule evalSubscript(VList(S, SS), Int(0), ENV, P) => VStr(S)
RULE-51 lines=211-212 attributes=- :: rule evalSubscript(VList(S, SS), Slice(Int(1), NoBound, NoBound), ENV, P) => VList(SS)
RULE-52 lines=214-214 attributes=- :: rule execStmts(.Stmts, ENV, P) => Normal
RULE-53 lines=215-216 attributes=- :: rule execStmts(Return(E) REST, ENV, P) => Returned(evalExpr(E, ENV, P))
RULE-54 lines=217-218 attributes=- :: rule execStmts(If(COND, THEN, ELSE) REST, ENV, P) => chooseBranch(evalExpr(COND, ENV, P), THEN, ELSE, REST, ENV, P)
RULE-55 lines=220-221 attributes=- :: rule chooseBranch(VBool(B), THEN, ELSE, REST, ENV, P) => continueWith(execStmts(THEN, ENV, P), REST, ENV, P)
REQUIRES-07 lines=222-222 attributes=- :: requires B
RULE-56 lines=223-224 attributes=- :: rule chooseBranch(VBool(B), THEN, ELSE, REST, ENV, P) => continueWith(execStmts(ELSE, ENV, P), REST, ENV, P)
REQUIRES-08 lines=225-225 attributes=- :: requires notBool B
RULE-57 lines=226-226 attributes=- :: rule continueWith(Returned(V), REST, ENV, P) => Returned(V)
RULE-58 lines=227-227 attributes=- :: rule continueWith(Normal, REST, ENV, P) => execStmts(REST, ENV, P)
ENDMODULE-02 lines=228-228 attributes=- :: endmodule
COUNTS {'configuration': 1, 'endmodule': 2, 'imports': 9, 'module': 2, 'requires': 8, 'rule': 58, 'syntax': 31}
FILE solution-program.k
REQUIRES-01 lines=1-1 attributes=- :: requires "semantic.k"
MODULE-01 lines=3-3 attributes=- :: module SOLUTION-PROGRAM
IMPORTS-01 lines=4-4 attributes=- :: imports MPY-SEMANTIC
SYNTAX-01 lines=5-5 attributes=function :: syntax Program ::= "solutionProgram" [function]
RULE-01 lines=6-25 attributes=- :: rule solutionProgram => Module( FuncDef("sorted_list_sum", Params("lst"), Return( Call( Name("sorted"), ListComp(Name("word"), CompFor( Name("word"), Name("lst"), Compare( BinOp("%", Call(Name("len"), Name("word")), Int(2)), CmpOp("==", Int(0))))), KwArg( "key", Lambda( Params("word"), CellVars(.Strings), FreeVars(.Strings), TupleExpr(Call(Name("len"), Name("word")), Name("word"))))))))
ENDMODULE-01 lines=26-26 attributes=- :: endmodule
COUNTS {'endmodule': 1, 'imports': 1, 'module': 1, 'requires': 1, 'rule': 1, 'syntax': 1}
FILE verification.k
REQUIRES-01 lines=1-1 attributes=- :: requires "semantic.k"
REQUIRES-02 lines=2-2 attributes=- :: requires "solution-program.k"
MODULE-01 lines=4-4 attributes=- :: module SORTED-LIST-VERIFICATION
IMPORTS-01 lines=5-5 attributes=- :: imports SOLUTION-PROGRAM
IMPORTS-02 lines=6-6 attributes=- :: imports BOOL
IMPORTS-03 lines=7-7 attributes=- :: imports INT
IMPORTS-04 lines=8-11 attributes=- :: imports STRING // Independent mathematical specification: remove odd-length strings and // insert every remaining string by the (length, lexicographic) key.
SYNTAX-01 lines=12-16 attributes=function;function;function;function;function :: syntax Words ::= evenSorted ( Words ) [function] | insertByKey ( String , Words ) [function] | insertAfterDecision ( Bool , String , String , Words ) [function] | keepAfterDecision ( Bool , String , Words ) [function] | sortedListSumSpec ( Words ) [function]
SYNTAX-02 lines=17-17 attributes=function :: syntax Bool ::= keyLess ( String , String ) [function]
RULE-01 lines=19-21 attributes=- :: rule keyLess(S, T) => (lengthString(S) <Int lengthString(T)) orBool ((lengthString(S) ==Int lengthString(T)) andBool (S <String T))
RULE-02 lines=23-23 attributes=- :: rule sortedListSumSpec(WS) => sortByKey(filterEven(WS))
RULE-03 lines=25-25 attributes=- :: rule evenSorted(.Words) => .Words
RULE-04 lines=26-30 attributes=- :: rule evenSorted(S, SS) => keepAfterDecision( lengthString(S) %Int 2 ==Int 0, S, evenSorted(SS))
RULE-05 lines=31-31 attributes=- :: rule keepAfterDecision(B, S, SS) => insertByKey(S, SS)
REQUIRES-03 lines=32-32 attributes=- :: requires B
RULE-06 lines=33-33 attributes=- :: rule keepAfterDecision(B, S, SS) => SS
REQUIRES-04 lines=34-34 attributes=- :: requires notBool B
RULE-07 lines=36-36 attributes=- :: rule insertByKey(S, .Words) => S
RULE-08 lines=37-38 attributes=- :: rule insertByKey(S, T, TS) => insertAfterDecision(keyLess(S, T), S, T, TS)
RULE-09 lines=39-39 attributes=- :: rule insertAfterDecision(B, S, T, TS) => S, T, TS
REQUIRES-05 lines=40-40 attributes=- :: requires B
RULE-10 lines=41-41 attributes=- :: rule insertAfterDecision(B, S, T, TS) => T, insertByKey(S, TS)
REQUIRES-06 lines=42-42 attributes=- :: requires notBool B
ENDMODULE-01 lines=44-44 attributes=- :: endmodule
COUNTS {'endmodule': 1, 'imports': 4, 'module': 1, 'requires': 6, 'rule': 10, 'syntax': 2}
FILE spec.k
REQUIRES-01 lines=1-1 attributes=- :: requires "verification.k"
MODULE-01 lines=3-3 attributes=- :: module SPEC
IMPORTS-01 lines=4-4 attributes=- :: imports MPY-SEMANTIC
IMPORTS-02 lines=5-9 attributes=- :: imports SORTED-LIST-VERIFICATION // Universal functional-correctness theorem for every finite Words value. // The specification is filter-even followed by ascending (length, text) // sorting, with duplicates retained.
CLAIM-01 lines=10-17 attributes=label(universal-correctness) :: claim <k> Run(solutionProgram, Call(Name("sorted_list_sum"), ValueExpr(VList(INPUT:Words)))) => Result(VList(sortedListSumSpec(INPUT))) </k> [label(universal-correctness)] // The empty-list base case.
CLAIM-02 lines=18-25 attributes=label(base) :: claim <k> Run(solutionProgram, Call(Name("sorted_list_sum"), ValueExpr(VList(.Words)))) => Result(VList(evenSorted(.Words))) </k> [label(base)] // Symbolic strings exercise both parity filtering and both ordering keys.
CLAIM-03 lines=26-31 attributes=- :: claim <k> Run(solutionProgram, Call(Name("sorted_list_sum"), ValueExpr(VList(A:String, B:String)))) => Result(VList(evenSorted(A, B))) </k>
REQUIRES-02 lines=32-35 attributes=label(symbolic-two) :: requires lengthString(A) ==Int 2 andBool lengthString(B) ==Int 2 andBool A <String B [label(symbolic-two)]
CLAIM-04 lines=37-42 attributes=- :: claim <k> Run(solutionProgram, Call(Name("sorted_list_sum"), ValueExpr(VList(A:String, B:String)))) => Result(VList(evenSorted(A, B))) </k>
REQUIRES-03 lines=43-46 attributes=label(symbolic-two-reverse) :: requires lengthString(A) ==Int 2 andBool lengthString(B) ==Int 2 andBool notBool (A <String B) [label(symbolic-two-reverse)]
CLAIM-05 lines=48-53 attributes=- :: claim <k> Run(solutionProgram, Call(Name("sorted_list_sum"), ValueExpr(VList(A:String, B:String, C:String)))) => Result(VList(evenSorted(A, B, C))) </k>
REQUIRES-04 lines=54-59 attributes=label(symbolic-three) :: requires lengthString(A) ==Int 4 andBool lengthString(B) ==Int 2 andBool lengthString(C) ==Int 3 [label(symbolic-three)] // Both examples stated in prompt.py.
CLAIM-06 lines=60-66 attributes=label(prompt-example-one) :: claim <k> Run(solutionProgram, Call(Name("sorted_list_sum"), ListExpr(Str("aa"), Str("a"), Str("aaa")))) => Result(VList("aa")) </k> [label(prompt-example-one)]
CLAIM-07 lines=68-74 attributes=label(prompt-example-two) :: claim <k> Run(solutionProgram, Call(Name("sorted_list_sum"), ListExpr(Str("ab"), Str("a"), Str("aaa"), Str("cd")))) => Result(VList("ab", "cd")) </k> [label(prompt-example-two)]
ENDMODULE-01 lines=75-75 attributes=- :: endmodule
COUNTS {'claim': 7, 'endmodule': 1, 'imports': 2, 'module': 1, 'requires': 4}
GLOBAL_COUNTS {'claim': 7, 'configuration': 1, 'endmodule': 5, 'imports': 16, 'module': 5, 'requires': 19, 'rule': 69, 'syntax': 34}

Script done on 2026-07-26 12:27:55-05:00 [COMMAND_EXIT_CODE="0"]
