COMMAND: /audit-output/evidence/untrusted_claims_summary.sh
CWD: /audit-output
RUN_INPUT
/audit-output/evidence/untrusted_claims_summary.sh: line 7: jq: command not found
METRICS
/audit-output/evidence/untrusted_claims_summary.sh: line 9: jq: command not found
CODEX_LAST
Implemented all required artifacts:

- [solution.py](/work/solution.py) and generated [solution.mpy](/work/solution.mpy)
- [semantic.k](/work/semantic.k)
- [verification.k](/work/verification.k)
- [spec.k](/work/spec.k)
- Executable [prove.sh](/work/prove.sh)

All six prompt examples passed under `krun`. The universal proof and four loop invariants passed with `#Top`. An exhaustive Python cross-check also passed for 8,191 bracket strings.

RESULT: KPROVE_PASSED — Every required positive proof command printed #Top and exited 0.TRACE_VALIDATION_AND_TYPE_COUNTS
/audit-output/evidence/untrusted_claims_summary.sh: line 13: jq: command not found
TRACE_FINAL_MESSAGES
/audit-output/evidence/untrusted_claims_summary.sh: line 15: jq: command not found
CODEX_OUTPUT_RELEVANT_FINAL_CLAIMS
57:   intended to close the task's proof claims) printed `#Top` and exited 0.
15538:#Top
15833:The universal proof now closes with `#Top`. The key proof-engineering adjustment was to split iteration into explicit left-bracket and right-bracket semantic rules, letting symbolic execution cover both constructors without leaving an undecidable symbolic character comparison. I’m doing the final reproducibility pass now: rebuilding both backends, checking all prompt examples through `krun`, and running the exact `prove.sh` from a clean generated-definition state.
16416:+# end-to-end theorem).  A successful run prints #Top and exits zero.
16743:+# end-to-end theorem).  A successful run prints #Top and exits zero.
17062:+# end-to-end theorem).  A successful run prints #Top and exits zero.
17379:+# end-to-end theorem).  A successful run prints #Top and exits zero.
17681:#Top
17684:The full reproducibility script completed successfully: all six `krun` checks matched their expected booleans, and the single positive `kprove` target printed `#Top` and exited 0. The final theorem covers every finite bracket-only input, supported by four mutually inductive loop-invariant claims.
17706:print(f'exhaustive Python cross-check: {checked} inputs')
17710:exhaustive Python cross-check: 8191 inputs
17735:+# end-to-end theorem).  A successful run prints #Top and exits zero.
18039:All six prompt examples passed under `krun`. The universal proof and four loop invariants passed with `#Top`. An exhaustive Python cross-check also passed for 8,191 bracket strings.
18041:RESULT: KPROVE_PASSED — Every required positive proof command printed #Top and exited 0.
18064:+# end-to-end theorem).  A successful run prints #Top and exits zero.
18369:All six prompt examples passed under `krun`. The universal proof and four loop invariants passed with `#Top`. An exhaustive Python cross-check also passed for 8,191 bracket strings.
18371:RESULT: KPROVE_PASSED — Every required positive proof command printed #Top and exited 0.
EXIT_STATUS: 0
