COMMAND: kprove spec-vacuity.k --definition verification-kompiled --spec-module SPEC-VACUITY
CWD: /tmp/audit-work/source
kore-exec: [417472] Warning (WarnStuckClaimState):
    The configuration's term doesn't unify with the destination's term and the configuration cannot be rewritten further. Location: /tmp/audit-work/source/spec-vacuity.k:8:5-13:50
Context:
    (InfoReachability) while checking the implication
<py>
  <k>
    .K
  </k>
  <functions>
    .Map
  </functions>
  <env>
    .Map
  </env>
  <result>
    boolVal ( true )
  </result>
</py>
[Error] Prover: backend terminated because the configuration cannot be
rewritten further. See output for more details.
EXIT_STATUS: 1
