COMMAND: bash /audit-output/evidence/03_reconstruct_clean.sh
COMMAND: kompile semantic.k --main-module MPY --syntax-module MPY-SYNTAX --backend llvm -o semantic-audit-kompiled
EXIT_STATUS: 0
COMMAND: python3 /audit-output/evidence/03_semantics_differential.py /tmp/audit-work/reconstruction-62/semantic-audit-kompiled
COMMAND: krun solution.mpy --definition /tmp/audit-work/reconstruction-62/semantic-audit-kompiled '-cARGS=ListV()'
<mpy>
  <k>
    ListV ( .Values ) ~> .K
  </k>
</mpy>
EXIT_STATUS: 0
INPUT: []
PYTHON_EXPECTED: []
K_PARSED_RESULT: []
MATCH: True
COMMAND: krun solution.mpy --definition /tmp/audit-work/reconstruction-62/semantic-audit-kompiled '-cARGS=ListV(IntV(7))'
<mpy>
  <k>
    ListV ( .Values ) ~> .K
  </k>
</mpy>
EXIT_STATUS: 0
INPUT: [7]
PYTHON_EXPECTED: []
K_PARSED_RESULT: []
MATCH: True
COMMAND: krun solution.mpy --definition /tmp/audit-work/reconstruction-62/semantic-audit-kompiled '-cARGS=ListV(IntV(0), IntV(9))'
<mpy>
  <k>
    ListV ( IntV ( 9 ) , .Values ) ~> .K
  </k>
</mpy>
EXIT_STATUS: 0
INPUT: [0, 9]
PYTHON_EXPECTED: [9]
K_PARSED_RESULT: [9]
MATCH: True
COMMAND: krun solution.mpy --definition /tmp/audit-work/reconstruction-62/semantic-audit-kompiled '-cARGS=ListV(IntV(1), IntV(2), IntV(3))'
<mpy>
  <k>
    ListV ( IntV ( 2 ) , IntV ( 6 ) , .Values ) ~> .K
  </k>
</mpy>
EXIT_STATUS: 0
INPUT: [1, 2, 3]
PYTHON_EXPECTED: [2, 6]
K_PARSED_RESULT: [2, 6]
MATCH: True
COMMAND: krun solution.mpy --definition /tmp/audit-work/reconstruction-62/semantic-audit-kompiled '-cARGS=ListV(IntV(3), IntV(1), IntV(2), IntV(4), IntV(5))'
<mpy>
  <k>
    ListV ( IntV ( 1 ) , IntV ( 4 ) , IntV ( 12 ) , IntV ( 20 ) , .Values ) ~> .K
  </k>
</mpy>
EXIT_STATUS: 0
INPUT: [3, 1, 2, 4, 5]
PYTHON_EXPECTED: [1, 4, 12, 20]
K_PARSED_RESULT: [1, 4, 12, 20]
MATCH: True
COMMAND: krun solution.mpy --definition /tmp/audit-work/reconstruction-62/semantic-audit-kompiled '-cARGS=ListV(IntV(0), IntV(-2), IntV(3), IntV(-4))'
<mpy>
  <k>
    ListV ( IntV ( -2 ) , IntV ( 6 ) , IntV ( -12 ) , .Values ) ~> .K
  </k>
</mpy>
EXIT_STATUS: 0
INPUT: [0, -2, 3, -4]
PYTHON_EXPECTED: [-2, 6, -12]
K_PARSED_RESULT: [-2, 6, -12]
MATCH: True
COMMAND: krun solution.mpy --definition /tmp/audit-work/reconstruction-62/semantic-audit-kompiled '-cARGS=ListV(IntV(1000000000000000000000000000000), IntV(-10000000000000000000000000), IntV(0), IntV(100000000000000000000))'
<mpy>
  <k>
    ListV ( IntV ( -10000000000000000000000000 ) , IntV ( 0 ) , IntV ( 300000000000000000000 ) , .Values ) ~> .K
  </k>
</mpy>
EXIT_STATUS: 0
INPUT: [1000000000000000000000000000000, -10000000000000000000000000, 0, 100000000000000000000]
PYTHON_EXPECTED: [-10000000000000000000000000, 0, 300000000000000000000]
K_PARSED_RESULT: [-10000000000000000000000000, 0, 300000000000000000000]
MATCH: True
SEMANTICS_DIFFERENTIAL_FAILURES: 0
EXIT_STATUS: 0
COMMAND: kompile verification.k --main-module VERIFICATION --syntax-module VERIFICATION --backend haskell -o verification-audit-kompiled
EXIT_STATUS: 0
COMMAND: cmp <(kast solution.mpy --definition verification-audit-kompiled --module VERIFICATION --sort Pgm --expand-macros --output kore) <(kast --expression solutionProgram --definition verification-audit-kompiled --module VERIFICATION --sort Pgm --expand-macros --output kore)
EXIT_STATUS: 0
COMMAND: kprove spec.k --definition verification-audit-kompiled --spec-module SPEC
#Top
EXIT_STATUS: 0
COMMAND: kprove spec.k --definition verification-audit-kompiled --spec-module SPEC --claims helper-correct
#Top
EXIT_STATUS: 0
COMMAND: kprove spec.k --definition verification-audit-kompiled --spec-module SPEC --claims derivative-empty
#Top
EXIT_STATUS: 0
COMMAND: kprove spec.k --definition verification-audit-kompiled --spec-module SPEC --claims helper-correct\,derivative-nonempty
#Top
EXIT_STATUS: 0
EXIT_STATUS: 0
