WORKDIR: /tmp/audit-work/149-sorted-list-sum
COMMAND: kprove /audit-output/evidence/spec-vacuity-audit.k -I /tmp/audit-work/149-sorted-list-sum --definition verification-audit-kompiled --spec-module SPEC-VACUITY-AUDIT
kore-exec: [2010044] Warning (WarnStuckClaimState):
    The configuration's term unifies with the destination's term, but the implication check between the conditions has failed. Location: /audit-output/evidence/spec-vacuity-audit.k:10:5-37:31
Context:
    (InfoReachability) while checking the implication
  #Not ( {
    .ValSeq
  #Equals
    sortKeyVS ( sortVS ( evenAppend ( .ValSeq , INPUT ) ) , builtinV ( "len" ) )
  } )
#And
  <generatedTop>
    <k>
      ref ( 2 ) ~> .K
    </k>
    <env>
      0
    </env>
    <scopes>
      -1 |-> scope ( "abs" |-> builtinV ( "abs" )
      "all" |-> builtinV ( "all" )
      "any" |-> builtinV ( "any" )
      "bin" |-> builtinV ( "bin" )
      "chr" |-> builtinV ( "chr" )
      "enumerate" |-> builtinV ( "enumerate" )
      "eval" |-> builtinV ( "eval" )
      "float" |-> typeV ( "float" )
      "int" |-> typeV ( "int" )
      "isinstance" |-> builtinV ( "isinstance" )
      "len" |-> builtinV ( "len" )
      "list" |-> builtinV ( "list" )
      "map" |-> builtinV ( "map" )
      "max" |-> builtinV ( "max" )
      "min" |-> builtinV ( "min" )
      "ord" |-> builtinV ( "ord" )
      "range" |-> builtinV ( "range" )
      "round" |-> builtinV ( "round" )
      "set" |-> builtinV ( "set" )
      "sorted" |-> builtinV ( "sorted" )
      "str" |-> typeV ( "str" )
      "sum" |-> builtinV ( "sum" )
      "zip" |-> builtinV ( "zip" ) , root )
      0 |-> scope ( "sorted_list_sum" |-> closureVal ( "lst" , .ParamNames , Assign ( Name ( "even_words" ) , ListExpr ( .Exprs ) )  For ( Name ( "word" ) , Name ( "lst" ) , If ( Compare ( BinOp ( "%" , Call ( Name ( "len" ) , Name ( "word" ) , .Exprs ) , Int ( 2 ) ) , CmpOp ( "==" , Int ( 0 ) ) ) , Expr ( Call ( Attribute ( Name ( "even_words" ) , "append" ) , Name ( "word" ) , .Exprs ) )  .Stmts , .Stmts )  .Stmts )  Return ( Call ( Name ( "sorted" ) , Call ( Name ( "sorted" ) , Name ( "even_words" ) , .Exprs ) , KwArg ( "key" , Name ( "len" ) ) , .Exprs ) )  .Stmts , 0 ) , parent ( -1 ) )
    </scopes>
    <scopeLoc>
      1
    </scopeLoc>
    <heap>
      0 |-> list ( evenAppend ( .ValSeq , INPUT ) )
      1 |-> list ( sortVS ( evenAppend ( .ValSeq , INPUT ) ) )
      2 |-> list ( sortKeyVS ( sortVS ( evenAppend ( .ValSeq , INPUT ) ) , builtinV ( "len" ) ) )
    </heap>
    <heapLoc>
      3
    </heapLoc>
    <stack>
      .List
    </stack>
    <ret>
      noRet
    </ret>
    <exc>
      NoExc
    </exc>
    <exit-code>
      0
    </exit-code>
  </generatedTop>
[Warning] Compiler: Variable 'As' defined but not used. Prefix variable name
with underscore if this is intentional.
	Source(/tmp/audit-work/149-sorted-list-sum/reference-semantics/semantics/str.k)
	Location(52,27,52,29)
	52 |	  rule strLt(iCons(A:Int, As:IntSeq), iCons(B:Int, Bs:IntSeq)) => true   
      requires A  <Int B
	   .	                          ^~
[Warning] Compiler: Variable 'Bs' defined but not used. Prefix variable name
with underscore if this is intentional.
	Source(/tmp/audit-work/149-sorted-list-sum/reference-semantics/semantics/str.k)
	Location(52,52,52,54)
	52 |	  rule strLt(iCons(A:Int, As:IntSeq), iCons(B:Int, Bs:IntSeq)) => true   
      requires A  <Int B
	   .	                                                   ^~
[Warning] Compiler: Variable 'As' defined but not used. Prefix variable name
with underscore if this is intentional.
	Source(/tmp/audit-work/149-sorted-list-sum/reference-semantics/semantics/str.k)
	Location(53,27,53,29)
	53 |	  rule strLt(iCons(A:Int, As:IntSeq), iCons(B:Int, Bs:IntSeq)) => false  
      requires A  >Int B
	   .	                          ^~
[Warning] Compiler: Variable 'Bs' defined but not used. Prefix variable name
with underscore if this is intentional.
	Source(/tmp/audit-work/149-sorted-list-sum/reference-semantics/semantics/str.k)
	Location(53,52,53,54)
	53 |	  rule strLt(iCons(A:Int, As:IntSeq), iCons(B:Int, Bs:IntSeq)) => false  
      requires A  >Int B
	   .	                                                   ^~
[Error] Prover: backend terminated because the configuration cannot be
rewritten further. See output for more details.
EXIT_STATUS: 1
