WORKDIR: /tmp/audit-work/149-sorted-list-sum
COMMAND: kprove /audit-output/evidence/spec-vacuity-audit.k -I /tmp/audit-work/149-sorted-list-sum --definition verification-audit-kompiled --spec-module SPEC-VACUITY-AUDIT --dry-run
kore-exec /tmp/audit-work/149-sorted-list-sum/./verification-audit-kompiled/definition.kore --module HUMANEVAL-VERIFICATION --prove /tmp/.kprove-2026-07-26-23-17-57-191-3ba5c705-2c08-434c-9e30-606cd83bf2a1/spec.kore --spec-module SPEC-VACUITY-AUDIT --output /tmp/.kprove-2026-07-26-23-17-57-191-3ba5c705-2c08-434c-9e30-606cd83bf2a1/result.kore
[Warning] Compiler: Variable 'As' defined but not used. Prefix variable name
with underscore if this is intentional.
	Source(/tmp/audit-work/149-sorted-list-sum/reference-semantics/semantics/str.k)
	Location(52,27,52,29)
	52 |	  rule strLt(iCons(A:Int, As:IntSeq), iCons(B:Int, Bs:IntSeq)) => true   
      requires A  <Int B
	   .	                          ^~
[Warning] Compiler: Variable 'Bs' defined but not used. Prefix variable name
with underscore if this is intentional.
	Source(/tmp/audit-work/149-sorted-list-sum/reference-semantics/semantics/str.k)
	Location(52,52,52,54)
	52 |	  rule strLt(iCons(A:Int, As:IntSeq), iCons(B:Int, Bs:IntSeq)) => true   
      requires A  <Int B
	   .	                                                   ^~
[Warning] Compiler: Variable 'As' defined but not used. Prefix variable name
with underscore if this is intentional.
	Source(/tmp/audit-work/149-sorted-list-sum/reference-semantics/semantics/str.k)
	Location(53,27,53,29)
	53 |	  rule strLt(iCons(A:Int, As:IntSeq), iCons(B:Int, Bs:IntSeq)) => false  
      requires A  >Int B
	   .	                          ^~
[Warning] Compiler: Variable 'Bs' defined but not used. Prefix variable name
with underscore if this is intentional.
	Source(/tmp/audit-work/149-sorted-list-sum/reference-semantics/semantics/str.k)
	Location(53,52,53,54)
	53 |	  rule strLt(iCons(A:Int, As:IntSeq), iCons(B:Int, Bs:IntSeq)) => false  
      requires A  >Int B
	   .	                                                   ^~
EXIT_STATUS: 0
