WORKDIR: /tmp/audit-work/149-sorted-list-sum
COMMAND: kprove /audit-output/evidence/spec-no-bridge.k -I /tmp/audit-work/149-sorted-list-sum --definition verification-no-bridge-kompiled --spec-module HUMANEVAL-SPEC-NO-BRIDGE --dry-run --emit-json-spec /tmp/audit-work/149-sorted-list-sum/spec-no-bridge.json
kore-exec /tmp/audit-work/149-sorted-list-sum/./verification-no-bridge-kompiled/definition.kore --module HUMANEVAL-VERIFICATION --prove /tmp/.kprove-2026-07-26-23-16-31-223-31c03810-a13a-46c3-b0ab-7f62bd31dc75/spec.kore --spec-module HUMANEVAL-SPEC-NO-BRIDGE --output /tmp/.kprove-2026-07-26-23-16-31-223-31c03810-a13a-46c3-b0ab-7f62bd31dc75/result.kore
[Warning] Compiler: Variable 'As' defined but not used. Prefix variable name
with underscore if this is intentional.
	Source(/tmp/audit-work/149-sorted-list-sum/reference-semantics/semantics/str.k)
	Location(52,27,52,29)
	52 |	  rule strLt(iCons(A:Int, As:IntSeq), iCons(B:Int, Bs:IntSeq)) => true   
      requires A  <Int B
	   .	                          ^~
[Warning] Compiler: Variable 'Bs' defined but not used. Prefix variable name
with underscore if this is intentional.
	Source(/tmp/audit-work/149-sorted-list-sum/reference-semantics/semantics/str.k)
	Location(52,52,52,54)
	52 |	  rule strLt(iCons(A:Int, As:IntSeq), iCons(B:Int, Bs:IntSeq)) => true   
      requires A  <Int B
	   .	                                                   ^~
[Warning] Compiler: Variable 'As' defined but not used. Prefix variable name
with underscore if this is intentional.
	Source(/tmp/audit-work/149-sorted-list-sum/reference-semantics/semantics/str.k)
	Location(53,27,53,29)
	53 |	  rule strLt(iCons(A:Int, As:IntSeq), iCons(B:Int, Bs:IntSeq)) => false  
      requires A  >Int B
	   .	                          ^~
[Warning] Compiler: Variable 'Bs' defined but not used. Prefix variable name
with underscore if this is intentional.
	Source(/tmp/audit-work/149-sorted-list-sum/reference-semantics/semantics/str.k)
	Location(53,52,53,54)
	53 |	  rule strLt(iCons(A:Int, As:IntSeq), iCons(B:Int, Bs:IntSeq)) => false  
      requires A  >Int B
	   .	                                                   ^~
EXIT_STATUS: 0
