Script started on 2026-07-30 23:26:03-05:00 [<not executed on terminal>]
        for name, expected in expected_files.items():
            digest = _validate_sha256(
                expected, f"Stage 4 producer source {name} SHA-256"
            )
            source = pipeline_contract.require_regular_file(
                bundle / name, f"Stage 4 producer source {name}"
            )
            if pipeline_contract.sha256_file(source) != digest:
                raise KleanAuditContractError(
                    f"Stage 4 producer source {name} SHA-256 differs "
                    "from generator provenance"
                )
        return bundle, pipeline_contract.sha256_tree(bundle)
    except pipeline_contract.PipelineContractError as error:
        raise _translate(error) from error


def resolve_stage6_audit(
    repo: Path, run_id: str, problem: str
) -> dict[str, Any]:
    """Resolve and re-hash every frozen input to the Stage 6 audit."""

    try:
        task, _state, run = pipeline_contract._resolve_task_state(
            repo, run_id, problem
        )
        pipeline_contract.require_task_unblocked(task, "Stage 6")
        k_stage = pipeline_contract.require_real_directory(
            task / "01-k-proof", "Stage 1"
        )
        k_workspace = pipeline_contract.require_real_directory(
            k_stage / "workspace", "Stage 1 K workspace"
        )
        k_result = pipeline_contract._read_regular_json(
            k_stage / "result.json", "Stage 1 result"
        )
        if k_result.get("status") != "SUCCEEDED":
            raise KleanAuditContractError("Stage 1 is not successful")
        k_hash = pipeline_contract.sha256_tree(k_workspace)
        if (
            not isinstance(k_result.get("outputs"), dict)
            or k_result["outputs"].get("workspace_sha256") != k_hash
        ):
            raise KleanAuditContractError(
                "Stage 1 K workspace changed after success"
            )
        stage1_export_hash = klean_export.tree_digest(k_workspace)
        stage1_source_hashes = _stage1_source_hashes(k_workspace)

        k_audit, k_audit_selection = _selected(
            task, "02-k-audit", "executions"
    except OSError as error:
        raise PipelineContractError(f"{label} cannot be resolved: {path}") from error


def sha256_file(path: Path) -> str:
    digest = hashlib.sha256()
    try:
        with path.open("rb") as stream:
            for chunk in iter(lambda: stream.read(_HASH_CHUNK_SIZE), b""):
                digest.update(chunk)
    except OSError as error:
        raise PipelineContractError(f"cannot hash file {path}: {error}") from error
    return digest.hexdigest()


def sha256_tree(root: Path) -> str:
    root = require_real_directory(root, "tree root")
    digest = hashlib.sha256()
    pending = [root]
    entries: list[tuple[str, str, Path]] = []
    while pending:
        directory = pending.pop()
        try:
            children = list(os.scandir(directory))
        except OSError as error:
            raise PipelineContractError(f"cannot scan tree {directory}: {error}") from error
        for child in children:
            path = Path(child.path)
            try:
                mode = child.stat(follow_symlinks=False).st_mode
            except OSError as error:
                raise PipelineContractError(
                    f"cannot inspect tree entry {path}: {error}"
                ) from error
            relative = path.relative_to(root).as_posix()
            if stat.S_ISDIR(mode):
                entries.append((relative, "directory", path))
                pending.append(path)
            elif stat.S_ISREG(mode):
                entries.append((relative, "file", path))
            else:
                raise PipelineContractError(
                    f"tree contains linked or unsupported entry: {path}"
                )
    for relative, kind, path in sorted(entries):
        encoded = relative.encode()
        digest.update(len(encoded).to_bytes(4, "big"))
        digest.update(encoded)
        digest.update(kind.encode() + b"\0")
        if kind == "file":
            try:
    )
    if build_setting in text and stack_setting in text:
        return
    setting = ""
    if build_setting not in text:
        setting += build_setting
    if stack_setting not in text:
        setting += stack_setting
    marker = "[[lean_lib]]"
    if marker in text:
        text = text.replace(marker, setting + "\n" + marker, 1)
    else:
        text = text.rstrip() + "\n" + setting
    lakefile.write_text(text)


def _tree_entries(root: Path) -> list[tuple[str, str, Path]]:
    if not root.is_dir() or root.is_symlink():
        raise KleanExportError(f"tree root must be a real directory: {root}")
    entries: list[tuple[str, str, Path]] = []
    pending = [root]
    while pending:
        directory = pending.pop()
        for child in os.scandir(directory):
            path = Path(child.path)
            mode = child.stat(follow_symlinks=False).st_mode
            relative = path.relative_to(root).as_posix()
            if stat.S_ISDIR(mode):
                entries.append((relative, "directory", path))
                pending.append(path)
            elif stat.S_ISREG(mode):
                entries.append((relative, "file", path))
            else:
                raise KleanExportError(
                    f"tree contains linked or unsupported entry: {path}"
                )
    return sorted(entries)


def tree_digest(root: Path) -> str:
    digest = hashlib.sha256()
    for relative, kind, path in _tree_entries(Path(root)):
        digest.update(relative.encode() + b"\0" + kind.encode() + b"\0")
        if kind == "file":
            digest.update(path.read_bytes())
    return digest.hexdigest()


def _regular_json(path: Path) -> dict[str, Any]:
    if not path.is_file() or path.is_symlink():
        raise KleanExportError(f"required JSON is not a regular file: {path}")
    try:
        document = json.loads(path.read_text())
    except (OSError, ValueError) as error:
        raise KleanExportError(f"malformed JSON: {path}") from error
    if not isinstance(document, dict):
        raise KleanExportError(f"JSON must be an object: {path}")
    return document


def _run_command(
    command: list[str] | str,
    *,
    cwd: Path | None,
    timeout: int,
    env: dict[str, str],

Script done on 2026-07-30 23:26:03-05:00 [COMMAND_EXIT_CODE="0"]
