Script started on 2026-07-30 23:28:26-05:00 [<not executed on terminal>]
-r-xr-xr-x 1 nobody nogroup 13270264 Jul 24 22:05 /opt/elan/bin/lean
-r-xr-xr-x 1 nobody nogroup    12064 Aug 13  2025 /opt/elan/toolchains/leanprover--lean4---v4.22.0/bin/lake
-r-xr-xr-x 1 nobody nogroup     8992 Aug 13  2025 /opt/elan/toolchains/leanprover--lean4---v4.22.0/bin/lean
cbf5fd536e142ef1beaccf33f788fd8a7f3f29fb214e75c11319a8d8677b4b2b  /opt/elan/toolchains/leanprover--lean4---v4.22.0/bin/lean
c980394070ec38a0ab3bc6d8e2dda478fd33860b0e3663c9eaac8de75ceb4215  /opt/elan/toolchains/leanprover--lean4---v4.22.0/bin/lake
df25409ddea390271687e3296ffae15d2efbae339b58f78f7aca023917ee354f  /opt/elan/bin/lean
/lib64/ld-linux-x86-64.so.2
__libc_csu_fini
_start
__libc_csu_init
data_start
_IO_stdin_used
__libc_start_main
__data_start
__gmon_start__
_init
_fini
__register_frame_info
__cxa_finalize
__deregister_frame_info
lean_main
libc.so.6
GLIBC_2.2.5
$ORIGIN/../lib:$ORIGIN/../lib/lean
libInit_shared.so
libleanshared_1.so
libleanshared.so
libpthread.so.0
libdl.so.2
libm.so.6
AWAVA
AUATL
[]A\A]A^A_
GCC: (GNU) 5.3.0
Ubuntu clang version 19.1.7 (++20250114103238+cd708029e0b2-1~exp1~20250114103342.77)
Linker: LLD 19.1.2 (https://github.com/llvm/llvm-project 7ba7d8e2f7b6445b60679da826210cdde29eaf8b)

Script done on 2026-07-30 23:28:26-05:00 [COMMAND_EXIT_CODE="0"]
