Script started on 2026-07-30 23:34:09-05:00 [<not executed on terminal>]
SortVal/SortValSeq/primitive aliases
rg: /reference/klean-generation/generated/Klean20FindClosestElements/{Prelude,Sorts,Inj}.lean: IO error for operation on /reference/klean-generation/generated/Klean20FindClosestElements/{Prelude,Sorts,Inj}.lean: No such file or directory (os error 2)

complete relevant Inj blocks
14:    | SortExpr.inj_SortIterable x => SortBound.inj_SortIterable x
15:    | SortExpr.inj_SortVal x => SortBound.inj_SortVal x
21:    | SortBound.inj_SortIterable x => some (SortExpr.inj_SortIterable x)
22:    | SortBound.inj_SortVal x => some (SortExpr.inj_SortVal x)
38:instance : Inj SortIterable SortBound where
39:  inj := SortBound.inj_SortIterable
41:    | SortBound.inj_SortIterable x => some x
44:instance : Inj SortVal SortBound where
46:    | SortVal.inj_SortBool x => SortBound.inj_SortBool x
47:    | SortVal.inj_SortFloat x => SortBound.inj_SortFloat x
48:    | SortVal.inj_SortInt x => SortBound.inj_SortInt x
49:    | SortVal.inj_SortIterable x => SortBound.inj_SortIterable x
50:    | x => SortBound.inj_SortVal x
52:    | SortBound.inj_SortBool x => some (SortVal.inj_SortBool x)
53:    | SortBound.inj_SortFloat x => some (SortVal.inj_SortFloat x)
54:    | SortBound.inj_SortInt x => some (SortVal.inj_SortInt x)
55:    | SortBound.inj_SortIterable x => some (SortVal.inj_SortIterable x)
56:    | SortBound.inj_SortVal x => some x
77:instance : Inj SortIterable SortExpr where
78:  inj := SortExpr.inj_SortIterable
80:    | SortExpr.inj_SortIterable x => some x
83:instance : Inj SortVal SortExpr where
85:    | SortVal.inj_SortBool x => SortExpr.inj_SortBool x
86:    | SortVal.inj_SortFloat x => SortExpr.inj_SortFloat x
87:    | SortVal.inj_SortInt x => SortExpr.inj_SortInt x
88:    | SortVal.inj_SortIterable x => SortExpr.inj_SortIterable x
89:    | x => SortExpr.inj_SortVal x
91:    | SortExpr.inj_SortBool x => some (SortVal.inj_SortBool x)
92:    | SortExpr.inj_SortFloat x => some (SortVal.inj_SortFloat x)
93:    | SortExpr.inj_SortInt x => some (SortVal.inj_SortInt x)
94:    | SortExpr.inj_SortIterable x => some (SortVal.inj_SortIterable x)
95:    | SortExpr.inj_SortVal x => some x
109:    | SortExpr.inj_SortIterable x => SortIndex.inj_SortIterable x
110:    | SortExpr.inj_SortVal x => SortIndex.inj_SortVal x
116:    | SortIndex.inj_SortIterable x => some (SortExpr.inj_SortIterable x)
117:    | SortIndex.inj_SortVal x => some (SortExpr.inj_SortVal x)
133:instance : Inj SortIterable SortIndex where
134:  inj := SortIndex.inj_SortIterable
136:    | SortIndex.inj_SortIterable x => some x
139:instance : Inj SortVal SortIndex where
141:    | SortVal.inj_SortBool x => SortIndex.inj_SortBool x
142:    | SortVal.inj_SortFloat x => SortIndex.inj_SortFloat x
143:    | SortVal.inj_SortInt x => SortIndex.inj_SortInt x
144:    | SortVal.inj_SortIterable x => SortIndex.inj_SortIterable x
145:    | x => SortIndex.inj_SortVal x
147:    | SortIndex.inj_SortBool x => some (SortVal.inj_SortBool x)
148:    | SortIndex.inj_SortFloat x => some (SortVal.inj_SortFloat x)
149:    | SortIndex.inj_SortInt x => some (SortVal.inj_SortInt x)
150:    | SortIndex.inj_SortIterable x => some (SortVal.inj_SortIterable x)
151:    | SortIndex.inj_SortVal x => some x
154:instance : Inj SortApplyK SortKItem where
155:  inj := SortKItem.inj_SortApplyK
157:    | SortKItem.inj_SortApplyK x => some x
160:instance : Inj SortBool SortKItem where
161:  inj := SortKItem.inj_SortBool
163:    | SortKItem.inj_SortBool x => some x
166:instance : Inj SortBound SortKItem where
168:    | SortBound.inj_SortBool x => SortKItem.inj_SortBool x
169:    | SortBound.inj_SortExpr x => SortKItem.inj_SortExpr x
170:    | SortBound.inj_SortFloat x => SortKItem.inj_SortFloat x
171:    | SortBound.inj_SortInt x => SortKItem.inj_SortInt x
172:    | SortBound.inj_SortIterable x => SortKItem.inj_SortIterable x
173:    | SortBound.inj_SortVal x => SortKItem.inj_SortVal x
174:    | x => SortKItem.inj_SortBound x
176:    | SortKItem.inj_SortBool x => some (SortBound.inj_SortBool x)
177:    | SortKItem.inj_SortExpr x => some (SortBound.inj_SortExpr x)
178:    | SortKItem.inj_SortFloat x => some (SortBound.inj_SortFloat x)
179:    | SortKItem.inj_SortInt x => some (SortBound.inj_SortInt x)
180:    | SortKItem.inj_SortIterable x => some (SortBound.inj_SortIterable x)
181:    | SortKItem.inj_SortVal x => some (SortBound.inj_SortVal x)
182:    | SortKItem.inj_SortBound x => some x
185:instance : Inj SortCellVars SortKItem where
186:  inj := SortKItem.inj_SortCellVars
188:    | SortKItem.inj_SortCellVars x => some x
191:instance : Inj SortCmpOp SortKItem where
192:  inj := SortKItem.inj_SortCmpOp
194:    | SortKItem.inj_SortCmpOp x => some x
197:instance : Inj SortEntries SortKItem where
198:  inj := SortKItem.inj_SortEntries
200:    | SortKItem.inj_SortEntries x => some x
203:instance : Inj SortEntry SortKItem where
204:  inj := SortKItem.inj_SortEntry
206:    | SortKItem.inj_SortEntry x => some x
209:instance : Inj SortEnvCell SortKItem where
210:  inj := SortKItem.inj_SortEnvCell
212:    | SortKItem.inj_SortEnvCell x => some x
215:instance : Inj SortExc SortKItem where
216:  inj := SortKItem.inj_SortExc
218:    | SortKItem.inj_SortExc x => some x
221:instance : Inj SortExcCell SortKItem where
222:  inj := SortKItem.inj_SortExcCell
224:    | SortKItem.inj_SortExcCell x => some x
227:instance : Inj SortExitCodeCell SortKItem where
228:  inj := SortKItem.inj_SortExitCodeCell
230:    | SortKItem.inj_SortExitCodeCell x => some x
233:instance : Inj SortExpr SortKItem where
235:    | SortExpr.inj_SortBool x => SortKItem.inj_SortBool x
236:    | SortExpr.inj_SortFloat x => SortKItem.inj_SortFloat x
237:    | SortExpr.inj_SortInt x => SortKItem.inj_SortInt x
238:    | SortExpr.inj_SortIterable x => SortKItem.inj_SortIterable x
239:    | SortExpr.inj_SortVal x => SortKItem.inj_SortVal x
240:    | x => SortKItem.inj_SortExpr x
242:    | SortKItem.inj_SortBool x => some (SortExpr.inj_SortBool x)
243:    | SortKItem.inj_SortFloat x => some (SortExpr.inj_SortFloat x)
244:    | SortKItem.inj_SortInt x => some (SortExpr.inj_SortInt x)
245:    | SortKItem.inj_SortIterable x => some (SortExpr.inj_SortIterable x)
246:    | SortKItem.inj_SortVal x => some (SortExpr.inj_SortVal x)
247:    | SortKItem.inj_SortExpr x => some x
250:instance : Inj SortExprs SortKItem where
251:  inj := SortKItem.inj_SortExprs
253:    | SortKItem.inj_SortExprs x => some x
256:instance : Inj SortFloat SortKItem where
257:  inj := SortKItem.inj_SortFloat
259:    | SortKItem.inj_SortFloat x => some x
262:instance : Inj SortFreeVars SortKItem where
263:  inj := SortKItem.inj_SortFreeVars
265:    | SortKItem.inj_SortFreeVars x => some x
268:instance : Inj SortGeneratedCounterCell SortKItem where
269:  inj := SortKItem.inj_SortGeneratedCounterCell
271:    | SortKItem.inj_SortGeneratedCounterCell x => some x
274:instance : Inj SortGeneratedTopCell SortKItem where
275:  inj := SortKItem.inj_SortGeneratedTopCell
277:    | SortKItem.inj_SortGeneratedTopCell x => some x
280:instance : Inj SortHeapCell SortKItem where
281:  inj := SortKItem.inj_SortHeapCell
283:    | SortKItem.inj_SortHeapCell x => some x
286:instance : Inj SortHeapLocCell SortKItem where
287:  inj := SortKItem.inj_SortHeapLocCell
289:    | SortKItem.inj_SortHeapLocCell x => some x
292:instance : Inj SortIndex SortKItem where
294:    | SortIndex.inj_SortBool x => SortKItem.inj_SortBool x
295:    | SortIndex.inj_SortExpr x => SortKItem.inj_SortExpr x
296:    | SortIndex.inj_SortFloat x => SortKItem.inj_SortFloat x
297:    | SortIndex.inj_SortInt x => SortKItem.inj_SortInt x
298:    | SortIndex.inj_SortIterable x => SortKItem.inj_SortIterable x
299:    | SortIndex.inj_SortVal x => SortKItem.inj_SortVal x
300:    | x => SortKItem.inj_SortIndex x
302:    | SortKItem.inj_SortBool x => some (SortIndex.inj_SortBool x)
303:    | SortKItem.inj_SortExpr x => some (SortIndex.inj_SortExpr x)
304:    | SortKItem.inj_SortFloat x => some (SortIndex.inj_SortFloat x)
305:    | SortKItem.inj_SortInt x => some (SortIndex.inj_SortInt x)
306:    | SortKItem.inj_SortIterable x => some (SortIndex.inj_SortIterable x)
307:    | SortKItem.inj_SortVal x => some (SortIndex.inj_SortVal x)
308:    | SortKItem.inj_SortIndex x => some x
311:instance : Inj SortInt SortKItem where
312:  inj := SortKItem.inj_SortInt
314:    | SortKItem.inj_SortInt x => some x
317:instance : Inj SortIntSeq SortKItem where
318:  inj := SortKItem.inj_SortIntSeq
320:    | SortKItem.inj_SortIntSeq x => some x
323:instance : Inj SortIterable SortKItem where
324:  inj := SortKItem.inj_SortIterable
326:    | SortKItem.inj_SortIterable x => some x
329:instance : Inj SortKCell SortKItem where
330:  inj := SortKItem.inj_SortKCell
332:    | SortKItem.inj_SortKCell x => some x
335:instance : Inj SortList SortKItem where
336:  inj := SortKItem.inj_SortList
338:    | SortKItem.inj_SortList x => some x
341:instance : Inj SortMap SortKItem where
342:  inj := SortKItem.inj_SortMap
344:    | SortKItem.inj_SortMap x => some x
347:instance : Inj SortModule SortKItem where
348:  inj := SortKItem.inj_SortModule
350:    | SortKItem.inj_SortModule x => some x
353:instance : Inj SortOptInt SortKItem where
354:  inj := SortKItem.inj_SortOptInt
356:    | SortKItem.inj_SortOptInt x => some x
359:instance : Inj SortParamNames SortKItem where
360:  inj := SortKItem.inj_SortParamNames
362:    | SortKItem.inj_SortParamNames x => some x
365:instance : Inj SortParams SortKItem where
366:  inj := SortKItem.inj_SortParams
368:    | SortKItem.inj_SortParams x => some x
371:instance : Inj SortRetCell SortKItem where
372:  inj := SortKItem.inj_SortRetCell
374:    | SortKItem.inj_SortRetCell x => some x
377:instance : Inj SortRetState SortKItem where
378:  inj := SortKItem.inj_SortRetState
380:    | SortKItem.inj_SortRetState x => some x
383:instance : Inj SortScopeLocCell SortKItem where
384:  inj := SortKItem.inj_SortScopeLocCell
386:    | SortKItem.inj_SortScopeLocCell x => some x
389:instance : Inj SortScopesCell SortKItem where
390:  inj := SortKItem.inj_SortScopesCell
392:    | SortKItem.inj_SortScopesCell x => some x
395:instance : Inj SortStackCell SortKItem where
396:  inj := SortKItem.inj_SortStackCell
398:    | SortKItem.inj_SortStackCell x => some x
401:instance : Inj SortStmt SortKItem where
402:  inj := SortKItem.inj_SortStmt
404:    | SortKItem.inj_SortStmt x => some x
407:instance : Inj SortStmts SortKItem where
408:  inj := SortKItem.inj_SortStmts
410:    | SortKItem.inj_SortStmts x => some x
413:instance : Inj SortString SortKItem where
414:  inj := SortKItem.inj_SortString
416:    | SortKItem.inj_SortString x => some x
419:instance : Inj SortVal SortKItem where
421:    | SortVal.inj_SortBool x => SortKItem.inj_SortBool x
422:    | SortVal.inj_SortFloat x => SortKItem.inj_SortFloat x
423:    | SortVal.inj_SortInt x => SortKItem.inj_SortInt x
424:    | SortVal.inj_SortIterable x => SortKItem.inj_SortIterable x
425:    | x => SortKItem.inj_SortVal x
427:    | SortKItem.inj_SortBool x => some (SortVal.inj_SortBool x)
428:    | SortKItem.inj_SortFloat x => some (SortVal.inj_SortFloat x)
429:    | SortKItem.inj_SortInt x => some (SortVal.inj_SortInt x)
430:    | SortKItem.inj_SortIterable x => some (SortVal.inj_SortIterable x)
431:    | SortKItem.inj_SortVal x => some x
434:instance : Inj SortValSeq SortKItem where
435:  inj := SortKItem.inj_SortValSeq
437:    | SortKItem.inj_SortValSeq x => some x
440:instance : Inj SortVals SortKItem where
441:  inj := SortKItem.inj_SortVals
443:    | SortKItem.inj_SortVals x => some x
446:instance : Inj SortBool SortVal where
447:  inj := SortVal.inj_SortBool
449:    | SortVal.inj_SortBool x => some x
452:instance : Inj SortFloat SortVal where
453:  inj := SortVal.inj_SortFloat
455:    | SortVal.inj_SortFloat x => some x
458:instance : Inj SortInt SortVal where
459:  inj := SortVal.inj_SortInt
461:    | SortVal.inj_SortInt x => some x
464:instance : Inj SortIterable SortVal where
465:  inj := SortVal.inj_SortIterable
467:    | SortVal.inj_SortIterable x => some x

Func first 230 lines
     1	import Klean20FindClosestElements.Inj
     2	
     3	axiom «absFloat(_)_FLOAT_Float_Float» (x0 : SortFloat) : Option SortFloat
     4	
     5	axiom «_<Float__FLOAT_Bool_Float_Float» (x0 : SortFloat) (x1 : SortFloat) : Option SortBool
     6	
     7	def _17ebc68 : SortBool → Option SortBool
     8	  | false => some true
     9	  | _ => none
    10	
    11	def _1bb203a : SortValSeq → SortVal → Option SortVal
    12	  | SortValSeq.«.ValSeq_MPY-CORE_ValSeq», OLD => some OLD
    13	  | _, _ => none
    14	
    15	def _53fc758 : SortBool → Option SortBool
    16	  | true => some false
    17	  | _ => none
    18	
    19	def _5b9db8d : SortBool → SortBool → Option SortBool
    20	  | true, B => some B
    21	  | _, _ => none
    22	
    23	def _61fbef3 : SortBool → SortBool → Option SortBool
    24	  | false, _Gen0 => some false
    25	  | _, _ => none
    26	
    27	def _86a8148 : SortVal → Option SortFloat
    28	  | SortVal.inj_SortIterable (SortIterable.«tuple(_)_MPY-CORE_Iterable_ValSeq» (SortValSeq.«vCons(_,_)_MPY-CORE_ValSeq_Val_ValSeq» (SortVal.inj_SortInt _Gen0) (SortValSeq.«vCons(_,_)_MPY-CORE_ValSeq_Val_ValSeq» (SortVal.inj_SortFloat F) SortValSeq.«.ValSeq_MPY-CORE_ValSeq»))) => some F
    29	  | _ => none
    30	
    31	def _9c4c9c8 : SortVal → Option SortInt
    32	  | SortVal.inj_SortIterable (SortIterable.«tuple(_)_MPY-CORE_Iterable_ValSeq» (SortValSeq.«vCons(_,_)_MPY-CORE_ValSeq_Val_ValSeq» (SortVal.inj_SortInt I) (SortValSeq.«vCons(_,_)_MPY-CORE_ValSeq_Val_ValSeq» (SortVal.inj_SortFloat _Gen0) SortValSeq.«.ValSeq_MPY-CORE_ValSeq»))) => some I
    33	  | _ => none
    34	
    35	axiom «_-Float__FLOAT_Float_Float_Float» (x0 : SortFloat) (x1 : SortFloat) : Option SortFloat
    36	
    37	def _f08cce2 : SortVal → SortValSeq → SortFloat → SortFloat → Option SortFloat
    38	  | _ITEM1, SortValSeq.«.ValSeq_MPY-CORE_ValSeq», _A, B => some B
    39	  | _, _, _, _ => none
    40	
    41	def _919f7a3 : SortValSeq → SortValSeq → SortFloat → SortFloat → Option SortFloat
    42	  | SortValSeq.«.ValSeq_MPY-CORE_ValSeq», _ALL, _A, B => some B
    43	  | _, _, _, _ => none
    44	
    45	def _c4cee72 : SortVal → SortValSeq → SortFloat → SortFloat → Option SortFloat
    46	  | _ITEM1, SortValSeq.«.ValSeq_MPY-CORE_ValSeq», A, _B => some A
    47	  | _, _, _, _ => none
    48	
    49	def _8789ec4 : SortValSeq → Option SortBool
    50	  | SortValSeq.«.ValSeq_MPY-CORE_ValSeq» => some true
    51	  | _ => none
    52	
    53	axiom «_==K_» (x0 : SortK) (x1 : SortK) : Option SortBool
    54	
    55	def _e25fa3e : SortVal → Option SortFloat
    56	  | SortVal.inj_SortFloat F => some F
    57	  | _ => none
    58	
    59	def _bb8678e : SortValSeq → SortValSeq → SortFloat → SortFloat → Option SortFloat
    60	  | SortValSeq.«.ValSeq_MPY-CORE_ValSeq», _ALL, A, _B => some A
    61	  | _, _, _, _ => none
    62	
    63	noncomputable local instance : DecidableEq SortKItem :=
    64	  Classical.typeDecidableEq SortKItem
    65	
    66	private noncomputable def kleanMapLookupModel
    67	    (entries : List (SortKItem × SortKItem))
    68	    (key : SortKItem) : Option SortKItem :=
    69	  match entries with
    70	  | [] => none
    71	  | (candidate, value) :: rest =>
    72	      if candidate = key then some value
    73	      else kleanMapLookupModel rest key
    74	
    75	private noncomputable def kleanMapContainsModel
    76	    (entries : List (SortKItem × SortKItem))
    77	    (key : SortKItem) : Bool :=
    78	  match entries with
    79	  | [] => false
    80	  | (candidate, _) :: rest =>
    81	      if candidate = key then true
    82	      else kleanMapContainsModel rest key
    83	
    84	private noncomputable def kleanMapDisjointModel
    85	    (left right : List (SortKItem × SortKItem)) : Bool :=
    86	  match right with
    87	  | [] => true
    88	  | (key, _) :: rest =>
    89	      if kleanMapContainsModel left key then false
    90	      else kleanMapDisjointModel left rest
    91	
    92	private noncomputable def kleanMapDeleteModel
    93	    (entries : List (SortKItem × SortKItem))
    94	    (key : SortKItem) : List (SortKItem × SortKItem) :=
    95	  match entries with
    96	  | [] => []
    97	  | (candidate, value) :: rest =>
    98	      if candidate = key then kleanMapDeleteModel rest key
    99	      else (candidate, value) :: kleanMapDeleteModel rest key
   100	
   101	private noncomputable def kleanMapUpdateModel
   102	    (entries : List (SortKItem × SortKItem))
   103	    (key value : SortKItem) : List (SortKItem × SortKItem) :=
   104	  match entries with
   105	  | [] => [(key, value)]
   106	  | (candidate, oldValue) :: rest =>
   107	      if candidate = key then (key, value) :: rest
   108	      else (candidate, oldValue) :: kleanMapUpdateModel rest key value
   109	
   110	noncomputable def «.List» : Option SortList := some ⟨[]⟩
   111	
   112	noncomputable def «.Map» : Option SortMap := some ⟨[]⟩
   113	
   114	noncomputable def _List_ (x0 : SortList) (x1 : SortList) : Option SortList := some ⟨x0.coll ++ x1.coll⟩
   115	
   116	noncomputable def _Map_ (x0 : SortMap) (x1 : SortMap) : Option SortMap :=
   117	  if kleanMapDisjointModel x0.coll x1.coll then
   118	    some ⟨x0.coll ++ x1.coll⟩
   119	  else none
   120	
   121	noncomputable def «_|->_» (x0 : SortKItem) (x1 : SortKItem) : Option SortMap :=
   122	  some ⟨[(x0, x1)]⟩
   123	
   124	noncomputable def ListItem (x0 : SortKItem) : Option SortList :=
   125	  some ⟨[x0]⟩
   126	
   127	def _fb25714 : SortValSeq → Option SortBool
   128	  | SortValSeq.«.ValSeq_MPY-CORE_ValSeq» => some true
   129	  | _ => none
   130	
   131	noncomputable def _00d63fc : SortFloat → Option SortFloat
   132	  | F => do
   133	    let _Val0 <- «absFloat(_)_FLOAT_Float_Float» F
   134	    return _Val0
   135	
   136	noncomputable def _5667141 : SortFloat → SortFloat → Option SortBool
   137	  | F1, F2 => do
   138	    let _Val0 <- «_<Float__FLOAT_Bool_Float_Float» F1 F2
   139	    return _Val0
   140	
   141	mutual
   142	  def _2d3e7af : SortValSeq → SortVal → Option SortVal
   143	    | SortValSeq.«vCons(_,_)_MPY-CORE_ValSeq_Val_ValSeq» V REST, _OLD => do
   144	      let _Val0 <- «lastItem(_,_)_VERIFICATION-BASE_Val_ValSeq_Val» REST V
   145	      return _Val0
   146	    | _, _ => none
   147	
   148	  def «lastItem(_,_)_VERIFICATION-BASE_Val_ValSeq_Val» (x0 : SortValSeq) (x1 : SortVal) : Option SortVal := (_1bb203a x0 x1) <|> (_2d3e7af x0 x1)
   149	end
   150	
   151	def notBool_ (x0 : SortBool) : Option SortBool := (_17ebc68 x0) <|> (_53fc758 x0)
   152	
   153	def _andBool_ (x0 : SortBool) (x1 : SortBool) : Option SortBool := (_5b9db8d x0 x1) <|> (_61fbef3 x0 x1)
   154	
   155	def «itemFloat(_)_VERIFICATION-BASE_Float_Val» (x0 : SortVal) : Option SortFloat := _86a8148 x0
   156	
   157	def «itemIndex(_)_VERIFICATION-BASE_Int_Val» (x0 : SortVal) : Option SortInt := _9c4c9c8 x0
   158	
   159	noncomputable def _fabe8f9 : SortFloat → SortFloat → Option SortFloat
   160	  | F1, F2 => do
   161	    let _Val0 <- «_-Float__FLOAT_Float_Float_Float» F1 F2
   162	    return _Val0
   163	
   164	def «floatProjection(_)_VERIFICATION-BASE_Float_Val» (x0 : SortVal) : Option SortFloat := _e25fa3e x0
   165	
   166	noncomputable def absF (x0 : SortFloat) : Option SortFloat := _00d63fc x0
   167	
   168	noncomputable def floatLt (x0 : SortFloat) (x1 : SortFloat) : Option SortBool := _5667141 x0 x1
   169	
   170	mutual
   171	  noncomputable def «allFloatItems(_)_VERIFICATION-BASE_Bool_ValSeq» (x0 : SortValSeq) : Option SortBool := (_ef4938d x0) <|> (_fb25714 x0)
   172	
   173	  noncomputable def _ef4938d : SortValSeq → Option SortBool
   174	    | SortValSeq.«vCons(_,_)_MPY-CORE_ValSeq_Val_ValSeq» V REST => do
   175	      let _Val0 <- «itemIndex(_)_VERIFICATION-BASE_Int_Val» V
   176	      let _Val1 <- «itemFloat(_)_VERIFICATION-BASE_Float_Val» V
   177	      let _Val2 <- «_==K_» (SortK.kseq ((@inj SortVal SortKItem) V) SortK.dotk) (SortK.kseq ((@inj SortIterable SortKItem) (SortIterable.«tuple(_)_MPY-CORE_Iterable_ValSeq» (SortValSeq.«vCons(_,_)_MPY-CORE_ValSeq_Val_ValSeq» ((@inj SortInt SortVal) _Val0) (SortValSeq.«vCons(_,_)_MPY-CORE_ValSeq_Val_ValSeq» ((@inj SortFloat SortVal) _Val1) SortValSeq.«.ValSeq_MPY-CORE_ValSeq»)))) SortK.dotk)
   178	      let _Val3 <- «allFloatItems(_)_VERIFICATION-BASE_Bool_ValSeq» REST
   179	      let _Val4 <- _andBool_ _Val2 _Val3
   180	      return _Val4
   181	    | _ => none
   182	end
   183	
   184	noncomputable def subF (x0 : SortFloat) (x1 : SortFloat) : Option SortFloat := _fabe8f9 x0 x1
   185	
   186	mutual
   187	  noncomputable def _8213c9d : SortValSeq → Option SortBool
   188	    | SortValSeq.«vCons(_,_)_MPY-CORE_ValSeq_Val_ValSeq» V REST => do
   189	      let _Val0 <- «floatProjection(_)_VERIFICATION-BASE_Float_Val» V
   190	      let _Val1 <- «_==K_» (SortK.kseq ((@inj SortVal SortKItem) V) SortK.dotk) (SortK.kseq ((@inj SortFloat SortKItem) _Val0) SortK.dotk)
   191	      let _Val2 <- «allFloatVS(_)_VERIFICATION-BASE_Bool_ValSeq» REST
   192	      let _Val3 <- _andBool_ _Val1 _Val2
   193	      return _Val3
   194	    | _ => none
   195	
   196	  noncomputable def «allFloatVS(_)_VERIFICATION-BASE_Bool_ValSeq» (x0 : SortValSeq) : Option SortBool := (_8213c9d x0) <|> (_8789ec4 x0)
   197	end
   198	
   199	noncomputable def _0e6f622 : SortFloat → SortFloat → Option SortFloat
   200	  | X, Y => do
   201	    let _Val0 <- floatLt X Y
   202	    guard _Val0
   203	    return X
   204	
   205	noncomputable def _1b33d3a : SortFloat → SortFloat → Option SortFloat
   206	  | X, Y => do
   207	    let _Val0 <- floatLt X Y
   208	    guard _Val0
   209	    return Y
   210	
   211	noncomputable def _32c5755 : SortFloat → SortFloat → Option SortFloat
   212	  | X, Y => do
   213	    let _Val0 <- floatLt X Y
   214	    let _Val1 <- notBool_ _Val0
   215	    guard _Val1
   216	    return X
   217	
   218	noncomputable def _b06eae6 : SortFloat → SortFloat → Option SortFloat
   219	  | X, Y => do
   220	    let _Val0 <- floatLt X Y
   221	    let _Val1 <- notBool_ _Val0
   222	    guard _Val1
   223	    return Y
   224	
   225	noncomputable def _4db727f : SortVal → SortVal → SortFloat → SortFloat → Option SortBool
   226	  | ITEM1, ITEM2, A, B => do
   227	    let _Val0 <- «itemIndex(_)_VERIFICATION-BASE_Int_Val» ITEM1
   228	    let _Val1 <- «itemIndex(_)_VERIFICATION-BASE_Int_Val» ITEM2
   229	    let _Val2 <- «_<Int_» _Val0 _Val1
   230	    let _Val3 <- «itemFloat(_)_VERIFICATION-BASE_Float_Val» ITEM2

Script done on 2026-07-30 23:34:09-05:00 [COMMAND_EXIT_CODE="0"]
