Script started on 2026-07-30 23:40:38-05:00 [<not executed on terminal>]
/usr/bin/kompile
/usr/bin/kprove
K version:    v7.1.293
Build date:   Fri Oct 03 13:32:35 CDT 2025
K version:    v7.1.293
Build date:   Fri Oct 03 13:32:35 CDT 2025

compiled module identity
VERIFICATION-BASEVERIFICATION
connection proof rerun
#Top
[Warning] Compiler: Variable 'As' defined but not used. Prefix variable name
with underscore if this is intentional.
	Source(/workspace/reference-semantics/semantics/str.k)
	Location(52,27,52,29)
[Warning] Compiler: Variable 'Bs' defined but not used. Prefix variable name
with underscore if this is intentional.
	Source(/workspace/reference-semantics/semantics/str.k)
	Location(52,52,52,54)
[Warning] Compiler: Variable 'As' defined but not used. Prefix variable name
with underscore if this is intentional.
	Source(/workspace/reference-semantics/semantics/str.k)
	Location(53,27,53,29)
[Warning] Compiler: Variable 'Bs' defined but not used. Prefix variable name
with underscore if this is intentional.
	Source(/workspace/reference-semantics/semantics/str.k)
	Location(53,52,53,54)
[0m[0mconnection_kprove_exit=0

Script done on 2026-07-30 23:41:13-05:00 [COMMAND_EXIT_CODE="0"]
