COMMAND: python3 /audit-output/evidence/differential_test.py
{
  "branch_sensitive_inputs": [
    2,
    3,
    4,
    6,
    8,
    9,
    10,
    12,
    16,
    21,
    25,
    49,
    97,
    101,
    127,
    997,
    1024,
    4096,
    4999
  ],
  "candidate": "/tmp/audit-work/24-largest-divisor/solution.py",
  "documented_inputs": [
    15
  ],
  "exhaustive_small_range": [
    2,
    500
  ],
  "generated_draws": 200,
  "generated_seed": 240024,
  "in_domain_mismatch_count": 0,
  "in_domain_mismatches": [],
  "oracle": "/tmp/audit-work/24-largest-divisor/trusted-canonical.py",
  "outside_formal_domain": [
    {
      "candidate": {
        "kind": "return",
        "value": -1
      },
      "canonical": {
        "kind": "return",
        "value": null
      },
      "input": 0
    },
    {
      "candidate": {
        "kind": "exception",
        "type": "ZeroDivisionError"
      },
      "canonical": {
        "kind": "exception",
        "type": "ZeroDivisionError"
      },
      "input": 1
    }
  ],
  "unique_in_domain_inputs": 680
}
EXIT_STATUS: 0
