kore-exec: [115712] Warning (WarnStuckClaimState):
    The configuration's term doesn't unify with the destination's term and the configuration cannot be rewritten further. Location: /home/yuqing/Documents/Code/klever/verification/humaneval/reference/notes/iter-probe/spec-fn.k:8:9-8:47
Context:
    (InfoReachability) while checking the implication
kore-exec: [117932] Warning (WarnUnexploredBranches):
    1 branches were still unexplored when the action failed.
  #Not ( #Exists _X . #Exists REST . {
    iYield ( _X , REST )
  #Equals
    iterNext ( list ( VS ) )
  } )
#And
  #Not ( {
    iDone
  #Equals
    iterNext ( list ( VS ) )
  } )
#And
  <k>
    #step ( iterNext ( list ( VS ) ) ) ~> .K
  </k>
[Warning] Compiler: Variable 'VS' defined but not used. Prefix variable name
with underscore if this is intentional.
	Source(/home/yuqing/Documents/Code/klever/verification/humaneval/reference/notes/iter-probe/spec-fn.k)
	Location(8,25,8,27)
	8 |	  claim <k> #drive(list(VS:ValSeq)) => .K </k> [all-path]
	  .	                        ^~
[Error] Prover: backend terminated because the configuration cannot be
rewritten further. See output for more details.
