WORKDIR: /tmp/audit-work/55-fib-audit/candidate-src
COMMAND: set -euo pipefail; export PATH="$HOME/.nix-profile/bin:$PATH"; krun ../concrete-audit.mpy --definition runtime-kompiled
EXIT_STATUS: 0
OUTPUT_LINES: 55
OUTPUT_BEGIN
<generatedTop>
  <k>
    .K
  </k>
  <env>
    0
  </env>
  <scopes>
    -1 |-> scope ( "abs" |-> builtinV ( "abs" )
    "all" |-> builtinV ( "all" )
    "any" |-> builtinV ( "any" )
    "bin" |-> builtinV ( "bin" )
    "chr" |-> builtinV ( "chr" )
    "enumerate" |-> builtinV ( "enumerate" )
    "eval" |-> builtinV ( "eval" )
    "float" |-> typeV ( "float" )
    "int" |-> typeV ( "int" )
    "isinstance" |-> builtinV ( "isinstance" )
    "len" |-> builtinV ( "len" )
    "list" |-> builtinV ( "list" )
    "map" |-> builtinV ( "map" )
    "max" |-> builtinV ( "max" )
    "min" |-> builtinV ( "min" )
    "ord" |-> builtinV ( "ord" )
    "range" |-> builtinV ( "range" )
    "round" |-> builtinV ( "round" )
    "set" |-> builtinV ( "set" )
    "sorted" |-> builtinV ( "sorted" )
    "str" |-> typeV ( "str" )
    "sum" |-> builtinV ( "sum" )
    "zip" |-> builtinV ( "zip" ) , root )
    0 |-> scope ( "fib" |-> closureVal ( "n" , .ParamNames , Expr ( Str ( "Return n-th Fibonacci number.\n    >>> fib(10)\n    55\n    >>> fib(1)\n    1\n    >>> fib(8)\n    21\n    " ) )  Assign ( Name ( "a" ) , Int ( 0 ) )  Assign ( Name ( "b" ) , Int ( 1 ) )  Assign ( Name ( "_" ) , Int ( 0 ) )  For ( Name ( "_" ) , Call ( Name ( "range" ) , Name ( "n" ) , .Exprs ) , Assign ( TupleExpr ( Name ( "a" ) , Name ( "b" ) , .Exprs ) , TupleExpr ( Name ( "b" ) , BinOp ( "+" , Name ( "a" ) , Name ( "b" ) ) , .Exprs ) )  .Stmts )  Return ( Name ( "a" ) )  .Stmts , 0 ) , parent ( -1 ) )
  </scopes>
  <scopeLoc>
    1
  </scopeLoc>
  <heap>
    .Map
  </heap>
  <heapLoc>
    0
  </heapLoc>
  <stack>
    .List
  </stack>
  <ret>
    noRet
  </ret>
  <exc>
    NoExc
  </exc>
  <exit-code>
    0
  </exit-code>
</generatedTop>
OUTPUT_END
