WORKDIR: /tmp/audit-work/55-fib-audit/candidate-src
COMMAND: set -euo pipefail; echo "PER_FILE_RULE_COUNTS"; for f in reference-semantics/semantics.k reference-semantics/semantics/*.k verification.k spec.k; do count=$(awk "/^[[:space:]]*rule[[:space:]]/ {n++} END {print n+0}" "$f"); printf "%s rules=%s\n" "$f" "$count"; done; echo "OPAQUE_OR_SYMBOL_DECLARATIONS"; rg -n "^[[:space:]]*syntax.*(no-evaluators|symbol\\()" reference-semantics verification.k spec.k || true; echo "SIMPLIFICATION_OR_FUNCTIONAL_DECLARATIONS"; rg -n "^[[:space:]]*(syntax|rule|claim).*(simplification|functional)" reference-semantics verification.k spec.k || true; echo "TARGET_LOCAL_DECLARATIONS_AND_RULES"; rg -n "^[[:space:]]*(syntax|rule|claim|configuration|context)\\b" verification.k spec.k
EXIT_STATUS: 0
OUTPUT_LINES: 68
OUTPUT_BEGIN
PER_FILE_RULE_COUNTS
reference-semantics/semantics.k rules=0
reference-semantics/semantics/assert.k rules=3
reference-semantics/semantics/bool.k rules=13
reference-semantics/semantics/builtins.k rules=137
reference-semantics/semantics/call.k rules=21
reference-semantics/semantics/comprehension.k rules=7
reference-semantics/semantics/concrete.k rules=16
reference-semantics/semantics/controls.k rules=34
reference-semantics/semantics/core.k rules=46
reference-semantics/semantics/dict.k rules=28
reference-semantics/semantics/float.k rules=121
reference-semantics/semantics/functions.k rules=15
reference-semantics/semantics/int.k rules=16
reference-semantics/semantics/iter.k rules=0
reference-semantics/semantics/list.k rules=27
reference-semantics/semantics/methods.k rules=75
reference-semantics/semantics/operators.k rules=10
reference-semantics/semantics/range.k rules=6
reference-semantics/semantics/set.k rules=12
reference-semantics/semantics/sort.k rules=19
reference-semantics/semantics/str.k rules=28
reference-semantics/semantics/subscript.k rules=40
reference-semantics/semantics/syntax.k rules=0
reference-semantics/semantics/tuple.k rules=21
verification.k rules=6
spec.k rules=0
OPAQUE_OR_SYMBOL_DECLARATIONS
reference-semantics/semantics/sort.k:18:  syntax ValSeq ::= sortVS(ValSeq) [function, total, symbol(sortVS), no-evaluators]
reference-semantics/semantics/sort.k:49:  syntax ValSeq ::= sortKeyVS(ValSeq, Val) [function, total, symbol(sortKeyVS), no-evaluators]
reference-semantics/semantics/float.k:24:  syntax Float ::= intFloatDiv(Int, Float) [function, total, symbol(intFloatDiv), no-evaluators]
reference-semantics/semantics/float.k:30:  syntax Float ::= divII(Int, Int) [function, total, symbol(divII), no-evaluators]
reference-semantics/semantics/float.k:37:  syntax Float ::= floatMod(Float, Float) [function, total, symbol(floatMod), no-evaluators]
reference-semantics/semantics/float.k:50:  syntax Bool ::= floatLt(Float, Float) [function, total, symbol(floatLt), no-evaluators]
reference-semantics/semantics/float.k:54:  syntax Float ::= absF(Float) [function, total, symbol(absF), no-evaluators]
reference-semantics/semantics/float.k:73:  syntax Int ::= floorFI(Val) [function, total, symbol(floorFI)]
reference-semantics/semantics/float.k:86:  syntax Float ::= toF(Val) [function, total, symbol(toF)]
reference-semantics/semantics/float.k:93:  syntax Int ::= ceilF(Val) [function, total, symbol(ceilF)]
reference-semantics/semantics/float.k:103:  syntax Float ::= subF(Float, Float) [function, total, symbol(subF), no-evaluators]
reference-semantics/semantics/float.k:107:  syntax Float ::= divF(Float, Float) [function, total, symbol(divF), no-evaluators]
reference-semantics/semantics/float.k:111:  syntax Float ::= addF(Float, Float) [function, total, symbol(addF), no-evaluators]
reference-semantics/semantics/float.k:115:  syntax Float ::= mulF(Float, Float) [function, total, symbol(mulF), no-evaluators]
reference-semantics/semantics/float.k:119:  syntax Float ::= powF(Float, Float) [function, total, symbol(powF), no-evaluators]
reference-semantics/semantics/float.k:125:  syntax Bool ::= gtF(Float, Float) [function, total, symbol(gtF), no-evaluators]
reference-semantics/semantics/float.k:142:  syntax Bool ::= eqF(Float, Float) [function, total, symbol(eqF), no-evaluators]
reference-semantics/semantics/float.k:160:  syntax Float ::= decStrToF(IntSeq) [function, total, symbol(decStrToF), no-evaluators]
reference-semantics/semantics/float.k:190:  syntax Float ::= divFloatIntV(Float, Int) [function, total, symbol(divFloatIntV), no-evaluators]
reference-semantics/semantics/float.k:195:  syntax Float ::= intToF(Int) [function, total, symbol(intToF), no-evaluators]
reference-semantics/semantics/float.k:209:  syntax Int ::= truncF(Float) [function, total, symbol(truncF), no-evaluators]
reference-semantics/semantics/float.k:217:  syntax Int ::= roundF(Float) [function, total, symbol(roundF), no-evaluators]
reference-semantics/semantics/float.k:223:  syntax Float ::= roundFN(Float, Int) [function, total, symbol(roundFN), no-evaluators]
reference-semantics/semantics/float.k:230:  syntax Float ::= sqrtF(Float) [function, total, symbol(sqrtF), no-evaluators]
reference-semantics/semantics/builtins.k:285:  syntax IntSeq ::= md5hexCodes(IntSeq) [function, total, symbol(md5hexCodes), no-evaluators]
SIMPLIFICATION_OR_FUNCTIONAL_DECLARATIONS
TARGET_LOCAL_DECLARATIONS_AND_RULES
spec.k:7:  claim [fib-loop]:
spec.k:48:  claim [fib-all-natural]:
verification.k:6:  syntax Stmts ::= "fibBody" [function]
verification.k:7:  syntax Val ::= "fibClosure" [function]
verification.k:8:  syntax Module ::= "fibProgram" [function]
verification.k:10:  rule fibBody =>
verification.k:23:  rule fibClosure =>
verification.k:26:  rule fibProgram =>
verification.k:31:  syntax Int ::= fibRun(Int, Int, Int, Int) [function, total]
verification.k:32:  syntax Int ::= fibSpec(Int) [function, total]
verification.k:34:  rule fibRun(A:Int, _:Int, I:Int, N:Int) => A
verification.k:37:  rule fibRun(A:Int, B:Int, I:Int, N:Int)
verification.k:41:  rule fibSpec(N:Int) => fibRun(0, 1, 0, N)
OUTPUT_END
