SATISFYING_WITNESS: A=0, B=1 satisfies A <Rat B; actual result is vlist(0, 1), not vlist(0, 2).
COMMAND: kprove spec-vacuity-audit.k --definition verification-kompiled --spec-module SPEC-VACUITY-AUDIT --claims SPEC-VACUITY-AUDIT.false-endpoint
kore-exec: [933029] Warning (WarnStuckClaimState):
    The configuration's term doesn't unify with the destination's term and the configuration cannot be rewritten further. Location: /tmp/audit-work/21-rescale-to-unit-audit/spec-vacuity-audit.k:8:5-16:22
Context:
    (InfoReachability) while checking the implication
  #Not ( {
    0
  #Equals
    B +Rat -1 *Rat A
  } )
#And
  #Not ( {
    B +Rat -1 *Rat A ~> .K
  #Equals
    0 ~> .K
  } )
#And
  <python>
    <k>
      done ( vlist ( 0 , 1 , .Rats ) ) ~> .K
    </k>
    <functions>
      .Map
    </functions>
    <env>
      .Map
    </env>
    <result>
      noResult
    </result>
  </python>
#And
  {
    true
  #Equals
    B >Rat A
  }
[Error] Prover: backend terminated because the configuration cannot be
rewritten further. See output for more details.
ACTUAL_EXIT_STATUS: 1
EXPECTED_NONZERO: prover reached done(vlist(0,1)) and rejected done(vlist(0,2))
