Command:
  python3 /audit-output/evidence/semantic_concrete_compare.py
Working directory:
  /tmp/audit-work/80-is-happy
Exit: 0
Output:
  input='' K=False canonical=False generated=False raw=<k> pyBool ( false ) ~> .K </k>
  input='a' K=False canonical=False generated=False raw=<k> pyBool ( false ) ~> .K </k>
  input='aa' K=False canonical=False generated=False raw=<k> pyBool ( false ) ~> .K </k>
  input='abc' K=True canonical=True generated=True raw=<k> pyBool ( true ) ~> .K </k>
  input='aab' K=False canonical=False generated=False raw=<k> pyBool ( false ) ~> .K </k>
  input='aba' K=False canonical=False generated=False raw=<k> pyBool ( false ) ~> .K </k>
  input='abb' K=False canonical=False generated=False raw=<k> pyBool ( false ) ~> .K </k>
  input='abcd' K=True canonical=True generated=True raw=<k> pyBool ( true ) ~> .K </k>
  input='abcb' K=False canonical=False generated=False raw=<k> pyBool ( false ) ~> .K </k>
  input='abcc' K=False canonical=False generated=False raw=<k> pyBool ( false ) ~> .K </k>
  input='😀éa' K=True canonical=True generated=True raw=<k> pyBool ( true ) ~> .K </k>
  input='😀a😀' K=False canonical=False generated=False raw=<k> pyBool ( false ) ~> .K </k>
  semantic_case_count=12
  semantic_mismatch_count=0
