Command:
  kompile --version
  kprove --version
  krun --version
Exit: 0
Output for each:
  K version:    v7.1.293
  Build date:   Fri Oct 03 13:32:35 CDT 2025

Command:
  cd /tmp/audit-work/80-is-happy
  kompile semantic.k --main-module MPY-SEMANTIC --syntax-module MPY-SYNTAX --backend llvm --output-definition semantic-audit-kompiled
Exit: 0
Output: empty

Command:
  cd /tmp/audit-work/80-is-happy
  kompile verification.k --main-module VERIFICATION --syntax-module VERIFICATION --backend haskell --output-definition verification-audit-kompiled
Exit: 0
Output: empty

Command:
  cd /tmp/audit-work/80-is-happy
  kprove spec.k --definition verification-audit-kompiled --spec-module SPEC
Exit: 0
Output:
  #Top
