WORKDIR: /tmp/audit-work/153-strongest-extension
COMMAND: krun concrete_reconstruction.mpy --definition reviewer-runtime-kompiled
<generatedTop>
  <k>
    .K
  </k>
  <env>
    0
  </env>
  <scopes>
    -1 |-> scope ( "abs" |-> builtinV ( "abs" )
    "all" |-> builtinV ( "all" )
    "any" |-> builtinV ( "any" )
    "bin" |-> builtinV ( "bin" )
    "chr" |-> builtinV ( "chr" )
    "enumerate" |-> builtinV ( "enumerate" )
    "eval" |-> builtinV ( "eval" )
    "float" |-> typeV ( "float" )
    "int" |-> typeV ( "int" )
    "isinstance" |-> builtinV ( "isinstance" )
    "len" |-> builtinV ( "len" )
    "list" |-> builtinV ( "list" )
    "map" |-> builtinV ( "map" )
    "max" |-> builtinV ( "max" )
    "min" |-> builtinV ( "min" )
    "ord" |-> builtinV ( "ord" )
    "range" |-> builtinV ( "range" )
    "round" |-> builtinV ( "round" )
    "set" |-> builtinV ( "set" )
    "sorted" |-> builtinV ( "sorted" )
    "str" |-> typeV ( "str" )
    "sum" |-> builtinV ( "sum" )
    "zip" |-> builtinV ( "zip" ) , root )
    0 |-> scope ( "Strongest_Extension" |-> closureVal ( "class_name" , "extensions" , .ParamNames , Assign ( Name ( "strongest" ) , Str ( "" ) )  Assign ( Name ( "best_strength" ) , NoneVal )  Assign ( Name ( "extension" ) , Str ( "" ) )  Assign ( Name ( "character" ) , Str ( "" ) )  For ( Name ( "extension" ) , Name ( "extensions" ) , Assign ( Name ( "strength" ) , Int ( 0 ) )  For ( Name ( "character" ) , Name ( "extension" ) , If ( Call ( Attribute ( Name ( "character" ) , "isupper" ) , .Exprs ) , AugAssign ( Name ( "strength" ) , "+" , Int ( 1 ) )  .Stmts , If ( Call ( Attribute ( Name ( "character" ) , "islower" ) , .Exprs ) , AugAssign ( Name ( "strength" ) , "-" , Int ( 1 ) )  .Stmts , .Stmts )  .Stmts )  .Stmts )  If ( BoolOp ( "or" , Compare ( Name ( "best_strength" ) , CmpOp ( "is" , NoneVal ) ) , Compare ( Name ( "strength" ) , CmpOp ( ">" , Name ( "best_strength" ) ) ) , .Exprs ) , Assign ( Name ( "strongest" ) , Name ( "extension" ) )  Assign ( Name ( "best_strength" ) , Name ( "strength" ) )  .Stmts , .Stmts )  .Stmts )  Return ( BinOp ( "+" , BinOp ( "+" , Name ( "class_name" ) , Str ( "." ) ) , Name ( "strongest" ) ) )  .Stmts , 0 ) , parent ( -1 ) )
  </scopes>
  <scopeLoc>
    1
  </scopeLoc>
  <heap>
    0 |-> list ( vCons ( str ( iCons ( 83 , iCons ( 69 , iCons ( 114 , iCons ( 118 , iCons ( 105 , iCons ( 78 , iCons ( 71 , iCons ( 83 , iCons ( 108 , iCons ( 105 , iCons ( 67 , iCons ( 101 , iCons ( 115 , .IntSeq ) ) ) ) ) ) ) ) ) ) ) ) ) ) , vCons ( str ( iCons ( 67 , iCons ( 104 , iCons ( 101 , iCons ( 101 , iCons ( 115 , iCons ( 101 , .IntSeq ) ) ) ) ) ) ) , vCons ( str ( iCons ( 83 , iCons ( 116 , iCons ( 117 , iCons ( 70 , iCons ( 102 , iCons ( 101 , iCons ( 100 , .IntSeq ) ) ) ) ) ) ) ) , .ValSeq ) ) ) )
    1 |-> list ( vCons ( str ( iCons ( 65 , iCons ( 65 , .IntSeq ) ) ) , vCons ( str ( iCons ( 66 , iCons ( 101 , .IntSeq ) ) ) , vCons ( str ( iCons ( 67 , iCons ( 67 , .IntSeq ) ) ) , .ValSeq ) ) ) )
    2 |-> list ( vCons ( str ( .IntSeq ) , vCons ( str ( iCons ( 90 , .IntSeq ) ) , .ValSeq ) ) )
    3 |-> list ( vCons ( str ( .IntSeq ) , vCons ( str ( iCons ( 122 , .IntSeq ) ) , .ValSeq ) ) )
    4 |-> list ( vCons ( str ( iCons ( 57 , iCons ( 45 , iCons ( 95 , .IntSeq ) ) ) ) , vCons ( str ( .IntSeq ) , .ValSeq ) ) )
    5 |-> list ( vCons ( str ( iCons ( 65 , iCons ( 98 , .IntSeq ) ) ) , vCons ( str ( iCons ( 67 , iCons ( 100 , .IntSeq ) ) ) , vCons ( str ( iCons ( 88 , iCons ( 89 , iCons ( 122 , iCons ( 122 , .IntSeq ) ) ) ) ) , .ValSeq ) ) ) )
    6 |-> list ( .ValSeq )
  </heap>
  <heapLoc>
    7
  </heapLoc>
  <stack>
    .List
  </stack>
  <ret>
    noRet
  </ret>
  <exc>
    NoExc
  </exc>
  <exit-code>
    0
  </exit-code>
</generatedTop>
EXIT_STATUS: 0
