WORKDIR: /tmp/audit-work/153-strongest-extension
COMMAND: kprove connection-spec.k --definition reviewer-connection-kompiled --spec-module CONNECTION-SPEC --claims CONNECTION-SPEC.yield-connection
#Top
[Warning] Compiler: Variable 'CLASS' defined but not used. Prefix variable name
with underscore if this is intentional.
	Source(/tmp/audit-work/153-strongest-extension/connection-spec.k)
	Location(40,30,40,35)
	40 |	        "class_name" |-> str(CLASS)
	   .	                             ^~~~~
[Warning] Compiler: Variable 'ALLEXTS' defined but not used. Prefix variable
name with underscore if this is intentional.
	Source(/tmp/audit-work/153-strongest-extension/connection-spec.k)
	Location(41,31,41,38)
	41 |	        "extensions" |-> list(ALLEXTS)
	   .	                              ^~~~~~~
[Warning] Compiler: Variable 'BEST' defined but not used. Prefix variable name
with underscore if this is intentional.
	Source(/tmp/audit-work/153-strongest-extension/connection-spec.k)
	Location(42,29,42,33)
	42 |	        "strongest" |-> str(BEST)
	   .	                            ^~~~
[Warning] Compiler: Variable 'BESTVAL' defined but not used. Prefix variable
name with underscore if this is intentional.
	Source(/tmp/audit-work/153-strongest-extension/connection-spec.k)
	Location(43,29,43,36)
	43 |	        "best_strength" |-> BESTVAL:Val
	   .	                            ^~~~~~~
[Warning] Compiler: Variable 'EXT' defined but not used. Prefix variable name
with underscore if this is intentional.
	Source(/tmp/audit-work/153-strongest-extension/connection-spec.k)
	Location(44,29,44,32)
	44 |	        "extension" |-> str(EXT)
	   .	                            ^~~
[Warning] Compiler: Variable 'As' defined but not used. Prefix variable name
with underscore if this is intentional.
	Source(/tmp/audit-work/153-strongest-extension/reference-semantics/semantics/str.k)
	Location(52,27,52,29)
	52 |	  rule strLt(iCons(A:Int, As:IntSeq), iCons(B:Int, Bs:IntSeq)) => true   
      requires A  <Int B
	   .	                          ^~
[Warning] Compiler: Variable 'Bs' defined but not used. Prefix variable name
with underscore if this is intentional.
	Source(/tmp/audit-work/153-strongest-extension/reference-semantics/semantics/str.k)
	Location(52,52,52,54)
	52 |	  rule strLt(iCons(A:Int, As:IntSeq), iCons(B:Int, Bs:IntSeq)) => true   
      requires A  <Int B
	   .	                                                   ^~
[Warning] Compiler: Variable 'As' defined but not used. Prefix variable name
with underscore if this is intentional.
	Source(/tmp/audit-work/153-strongest-extension/reference-semantics/semantics/str.k)
	Location(53,27,53,29)
	53 |	  rule strLt(iCons(A:Int, As:IntSeq), iCons(B:Int, Bs:IntSeq)) => false  
      requires A  >Int B
	   .	                          ^~
[Warning] Compiler: Variable 'Bs' defined but not used. Prefix variable name
with underscore if this is intentional.
	Source(/tmp/audit-work/153-strongest-extension/reference-semantics/semantics/str.k)
	Location(53,52,53,54)
	53 |	  rule strLt(iCons(A:Int, As:IntSeq), iCons(B:Int, Bs:IntSeq)) => false  
      requires A  >Int B
	   .	                                                   ^~
[Warning] Compiler: Variable 'OLD' defined but not used. Prefix variable name
with underscore if this is intentional.
	Source(/tmp/audit-work/153-strongest-extension/verification.k)
	Location(76,36,76,39)
	76 |	  rule lastCharacter(iCons(C, CS), OLD)
	   .	                                   ^~~
EXIT_STATUS: 0
