WORKDIR: /tmp/audit-work/153-strongest-extension
COMMAND: kprove reviewer-vacuity.k --definition reviewer-target-kompiled --spec-module REVIEWER-VACUITY --claims REVIEWER-VACUITY.wrong-winner --dry-run
kore-exec /tmp/audit-work/153-strongest-extension/./reviewer-target-kompiled/definition.kore --module TARGET-VERIFICATION --prove /tmp/.kprove-2026-07-30-06-50-44-206-68cbf57b-e4ab-4b48-ab8f-885c40f36722/spec.kore --spec-module REVIEWER-VACUITY --output /tmp/.kprove-2026-07-30-06-50-44-206-68cbf57b-e4ab-4b48-ab8f-885c40f36722/result.kore
[Warning] Compiler: Variable 'As' defined but not used. Prefix variable name
with underscore if this is intentional.
	Source(/tmp/audit-work/153-strongest-extension/reference-semantics/semantics/str.k)
	Location(52,27,52,29)
	52 |	  rule strLt(iCons(A:Int, As:IntSeq), iCons(B:Int, Bs:IntSeq)) => true   
      requires A  <Int B
	   .	                          ^~
[Warning] Compiler: Variable 'Bs' defined but not used. Prefix variable name
with underscore if this is intentional.
	Source(/tmp/audit-work/153-strongest-extension/reference-semantics/semantics/str.k)
	Location(52,52,52,54)
	52 |	  rule strLt(iCons(A:Int, As:IntSeq), iCons(B:Int, Bs:IntSeq)) => true   
      requires A  <Int B
	   .	                                                   ^~
[Warning] Compiler: Variable 'As' defined but not used. Prefix variable name
with underscore if this is intentional.
	Source(/tmp/audit-work/153-strongest-extension/reference-semantics/semantics/str.k)
	Location(53,27,53,29)
	53 |	  rule strLt(iCons(A:Int, As:IntSeq), iCons(B:Int, Bs:IntSeq)) => false  
      requires A  >Int B
	   .	                          ^~
[Warning] Compiler: Variable 'Bs' defined but not used. Prefix variable name
with underscore if this is intentional.
	Source(/tmp/audit-work/153-strongest-extension/reference-semantics/semantics/str.k)
	Location(53,52,53,54)
	53 |	  rule strLt(iCons(A:Int, As:IntSeq), iCons(B:Int, Bs:IntSeq)) => false  
      requires A  >Int B
	   .	                                                   ^~
[Warning] Compiler: Variable 'OLD' defined but not used. Prefix variable name
with underscore if this is intentional.
	Source(/tmp/audit-work/153-strongest-extension/verification.k)
	Location(76,36,76,39)
	76 |	  rule lastCharacter(iCons(C, CS), OLD)
	   .	                                   ^~~
[Warning] Compiler: Variable 'CLASS' defined but not used. Prefix variable name
with underscore if this is intentional.
	Source(/tmp/audit-work/153-strongest-extension/verification.k)
	Location(255,33,255,38)
	255 |	           "class_name" |-> str(CLASS)
	    .	                                ^~~~~
[Warning] Compiler: Variable 'ALLEXTS' defined but not used. Prefix variable
name with underscore if this is intentional.
	Source(/tmp/audit-work/153-strongest-extension/verification.k)
	Location(256,34,256,41)
	256 |	           "extensions" |-> list(ALLEXTS)
	    .	                                 ^~~~~~~
[Warning] Compiler: Variable 'BEST' defined but not used. Prefix variable name
with underscore if this is intentional.
	Source(/tmp/audit-work/153-strongest-extension/verification.k)
	Location(257,32,257,36)
	257 |	           "strongest" |-> str(BEST)
	    .	                               ^~~~
[Warning] Compiler: Variable 'BESTVAL' defined but not used. Prefix variable
name with underscore if this is intentional.
	Source(/tmp/audit-work/153-strongest-extension/verification.k)
	Location(258,32,258,39)
	258 |	           "best_strength" |-> BESTVAL:Val
	    .	                               ^~~~~~~
[Warning] Compiler: Variable 'EXT' defined but not used. Prefix variable name
with underscore if this is intentional.
	Source(/tmp/audit-work/153-strongest-extension/verification.k)
	Location(259,32,259,35)
	259 |	           "extension" |-> str(EXT)
	    .	                               ^~~
[Warning] Compiler: Variable 'CLASS' defined but not used. Prefix variable name
with underscore if this is intentional.
	Source(/tmp/audit-work/153-strongest-extension/verification.k)
	Location(289,33,289,38)
	289 |	           "class_name" |-> str(CLASS)
	    .	                                ^~~~~
[Warning] Compiler: Variable 'ALLEXTS' defined but not used. Prefix variable
name with underscore if this is intentional.
	Source(/tmp/audit-work/153-strongest-extension/verification.k)
	Location(290,34,290,41)
	290 |	           "extensions" |-> list(ALLEXTS)
	    .	                                 ^~~~~~~
EXIT_STATUS: 0
