Mutation: prepend delimiter D to the required returned list
Concrete falsifying satisfying input: NUMBERS=.ValSeq, D=4
Actual/claimed original output: .ValSeq; mutated obligation: vCons(4,.ValSeq)
COMMAND kprove /tmp/audit-work/5-intersperse/06_spec_vacuity.k --definition /tmp/audit-work/5-intersperse/verification-kompiled --spec-module AUDIT-SPEC-VACUITY
EXIT 1
OUTPUT_BEGIN
kore-exec: [2778011] Warning (WarnStuckClaimState):
    The configuration's term unifies with the destination's term, but the implication check between the conditions has failed. Location: /tmp/audit-work/5-intersperse/06_spec_vacuity.k:107:5-146:31
Context:
    (InfoReachability) while checking the implication
kore-exec: [2781726] Warning (WarnUnexploredBranches):
    1 branches were still unexplored when the action failed.
  #Not ( {
    intersperseAcc ( vCons ( V , .ValSeq ) , REST , D )
  #Equals
    vCons ( D:Int , intersperseAcc ( vCons ( V , .ValSeq ) , REST , D ) )
  } )
#And
  <generatedTop>
    <k>
      ref ( 0 ) ~> .K
    </k>
    <env>
      0
    </env>
    <scopes>
      -1 |-> scope ( "abs" |-> builtinV ( "abs" )
      "all" |-> builtinV ( "all" )
      "any" |-> builtinV ( "any" )
      "bin" |-> builtinV ( "bin" )
      "chr" |-> builtinV ( "chr" )
      "enumerate" |-> builtinV ( "enumerate" )
      "eval" |-> builtinV ( "eval" )
      "float" |-> typeV ( "float" )
      "int" |-> typeV ( "int" )
      "isinstance" |-> builtinV ( "isinstance" )
      "len" |-> builtinV ( "len" )
      "list" |-> builtinV ( "list" )
      "map" |-> builtinV ( "map" )
      "max" |-> builtinV ( "max" )
      "min" |-> builtinV ( "min" )
      "ord" |-> builtinV ( "ord" )
      "range" |-> builtinV ( "range" )
      "round" |-> builtinV ( "round" )
      "set" |-> builtinV ( "set" )
      "sorted" |-> builtinV ( "sorted" )
      "str" |-> typeV ( "str" )
      "sum" |-> builtinV ( "sum" )
      "zip" |-> builtinV ( "zip" ) , root )
      0 |-> scope ( "intersperse" |-> closureVal ( "numbers" , "delimeter" , .ParamNames , Assign ( Name ( "result" ) , ListExpr ( .Exprs ) )  For ( Name ( "number" ) , Name ( "numbers" ) , If ( Name ( "result" ) , Expr ( Call ( Attribute ( Name ( "result" ) , "append" ) , Name ( "delimeter" ) , .Exprs ) )  .Stmts , .Stmts )  Expr ( Call ( Attribute ( Name ( "result" ) , "append" ) , Name ( "number" ) , .Exprs ) )  .Stmts )  Return ( Name ( "result" ) )  .Stmts , 0 ) , parent ( -1 ) )
    </scopes>
    <scopeLoc>
      1
    </scopeLoc>
    <heap>
      0 |-> list ( intersperseAcc ( vCons ( V , .ValSeq ) , REST , D ) )
    </heap>
    <heapLoc>
      1
    </heapLoc>
    <stack>
      .List
    </stack>
    <ret>
      noRet
    </ret>
    <exc>
      NoExc
    </exc>
    <exit-code>
      0
    </exit-code>
  </generatedTop>
#And
  {
    NUMBERS
  #Equals
    vCons ( V , REST )
  }
[Warning] Compiler: Variable 'NUMBERS' defined but not used. Prefix variable
name with underscore if this is intentional.
	Source(/tmp/audit-work/5-intersperse/06_spec_vacuity.k)
	Location(22,28,22,35)
	22 |	        "numbers" |-> list(NUMBERS)
	   .	                           ^~~~~~~
[Warning] Compiler: Variable 'D' defined but not used. Prefix variable name
with underscore if this is intentional.
	Source(/tmp/audit-work/5-intersperse/06_spec_vacuity.k)
	Location(24,25,24,26)
	24 |	        "delimeter" |-> D,
	   .	                        ^
[Warning] Compiler: Variable 'PARENT' defined but not used. Prefix variable
name with underscore if this is intentional.
	Source(/tmp/audit-work/5-intersperse/06_spec_vacuity.k)
	Location(25,9,25,15)
	25 |	        PARENT)
	   .	        ^~~~~~
[Warning] Compiler: Variable 'As' defined but not used. Prefix variable name
with underscore if this is intentional.
	Source(/tmp/audit-work/5-intersperse/reference-semantics/semantics/str.k)
	Location(52,27,52,29)
	52 |	  rule strLt(iCons(A:Int, As:IntSeq), iCons(B:Int, Bs:IntSeq)) => true   
      requires A  <Int B
	   .	                          ^~
[Warning] Compiler: Variable 'Bs' defined but not used. Prefix variable name
with underscore if this is intentional.
	Source(/tmp/audit-work/5-intersperse/reference-semantics/semantics/str.k)
	Location(52,52,52,54)
	52 |	  rule strLt(iCons(A:Int, As:IntSeq), iCons(B:Int, Bs:IntSeq)) => true   
      requires A  <Int B
	   .	                                                   ^~
[Warning] Compiler: Variable 'As' defined but not used. Prefix variable name
with underscore if this is intentional.
	Source(/tmp/audit-work/5-intersperse/reference-semantics/semantics/str.k)
	Location(53,27,53,29)
	53 |	  rule strLt(iCons(A:Int, As:IntSeq), iCons(B:Int, Bs:IntSeq)) => false  
      requires A  >Int B
	   .	                          ^~
[Warning] Compiler: Variable 'Bs' defined but not used. Prefix variable name
with underscore if this is intentional.
	Source(/tmp/audit-work/5-intersperse/reference-semantics/semantics/str.k)
	Location(53,52,53,54)
	53 |	  rule strLt(iCons(A:Int, As:IntSeq), iCons(B:Int, Bs:IntSeq)) => false  
      requires A  >Int B
	   .	                                                   ^~
[Error] Prover: backend terminated because the configuration cannot be
rewritten further. See output for more details.
OUTPUT_END
OK no exact #Top
OK reached stuck claim residual
OK residual mentions the changed delimiter-bearing obligation
OK expected proof failure diagnostic
NONVACUITY_SCRIPT_STATUS=0
