Script started on 2026-07-28 00:20:40-05:00 [<not executed on terminal>]
{
  "fresh_diagnostics": [
    {
      "command": [
        "lake",
        "clean"
      ],
      "exit_code": 0,
      "output_sha256": "e3b0c44298fc1c149afbf4c8996fb92427ae41e4649b934ca495991b7852b855",
      "output_tail": ""
    },
    {
      "command": [
        "lake",
        "build"
      ],
      "exit_code": 0,
      "output_sha256": "830e27a137e8df217daf93ff10a991550ab4383fe6af8473b11dcc81c0846668",
      "output_tail": "\u2714 [2/9] Built Klean136LargestSmallestIntegers.Prelude\n\u2714 [3/9] Built Klean136LargestSmallestIntegers.Sorts\n\u2714 [4/9] Built Klean136LargestSmallestIntegers.Inj\n\u2714 [5/9] Built Klean136LargestSmallestIntegers.Func\n\u2714 [6/9] Built Klean136LargestSmallestIntegers.Lemmas\n\u2714 [7/9] Built Klean136LargestSmallestIntegers.Rewrite\n\u2714 [8/9] Built Klean136LargestSmallestIntegers\nBuild completed successfully.\n"
    }
  ],
  "fresh_equals_signed": true,
  "fresh_equals_stored": true,
  "fresh_obligation_count": 0,
  "fresh_status": "KLEAN_NO_OBLIGATIONS",
  "fresh_target": null,
  "stored_equals_signed": true
}

Script done on 2026-07-28 00:20:40-05:00 [COMMAND_EXIT_CODE="0"]
