COMMAND: kprove spec-body-mutation.k --definition verification-audit-kompiled --spec-module SPEC-BODY-MUTATION
kore-exec: [1267000] Warning (WarnStuckClaimState):
    The configuration's term doesn't unify with the destination's term and the configuration cannot be rewritten further. Location: /tmp/audit-work/reconstruct/spec-body-mutation.k:9:5-101:31
Context:
    (InfoReachability) while checking the implication
<generatedTop>
  <k>
    1.0 ~> .K
  </k>
  <env>
    0
  </env>
  <scopes>
    -1 |-> scope ( "abs" |-> builtinV ( "abs" )
    "all" |-> builtinV ( "all" )
    "any" |-> builtinV ( "any" )
    "bin" |-> builtinV ( "bin" )
    "chr" |-> builtinV ( "chr" )
    "enumerate" |-> builtinV ( "enumerate" )
    "eval" |-> builtinV ( "eval" )
    "float" |-> typeV ( "float" )
    "int" |-> typeV ( "int" )
    "isinstance" |-> builtinV ( "isinstance" )
    "len" |-> builtinV ( "len" )
    "list" |-> builtinV ( "list" )
    "map" |-> builtinV ( "map" )
    "max" |-> builtinV ( "max" )
    "min" |-> builtinV ( "min" )
    "ord" |-> builtinV ( "ord" )
    "range" |-> builtinV ( "range" )
    "round" |-> builtinV ( "round" )
    "set" |-> builtinV ( "set" )
    "sorted" |-> builtinV ( "sorted" )
    "str" |-> typeV ( "str" )
    "sum" |-> builtinV ( "sum" )
    "zip" |-> builtinV ( "zip" ) , root )
    0 |-> scope ( "mean_absolute_deviation" |-> closureVal ( "numbers" , .ParamNames , Assign ( Name ( "count" ) , Call ( Name ( "len" ) , Name ( "numbers" ) , .Exprs ) )  If ( Compare ( Name ( "count" ) , CmpOp ( "==" , Int ( 0 ) ) ) , Return ( Float ( 1.0 ) )  .Stmts , .Stmts )  Assign ( Name ( "total" ) , Float ( 0.0 ) )  Assign ( Name ( "number" ) , Float ( 0.0 ) )  For ( Name ( "number" ) , Name ( "numbers" ) , Assign ( Name ( "total" ) , BinOp ( "+" , Name ( "total" ) , Name ( "number" ) ) )  .Stmts )  Assign ( Name ( "mean" ) , BinOp ( "/" , Name ( "total" ) , Name ( "count" ) ) )  Assign ( Name ( "deviation" ) , Float ( 0.0 ) )  For ( Name ( "number" ) , Name ( "numbers" ) , Assign ( Name ( "deviation" ) , BinOp ( "+" , Name ( "deviation" ) , Call ( Name ( "abs" ) , BinOp ( "-" , Name ( "number" ) , Name ( "mean" ) ) , .Exprs ) ) )  .Stmts )  Return ( BinOp ( "/" , Name ( "deviation" ) , Name ( "count" ) ) )  .Stmts , 0 ) , parent ( -1 ) )
  </scopes>
  <scopeLoc>
    1
  </scopeLoc>
  <heap>
    .Map
  </heap>
  <heapLoc>
    0
  </heapLoc>
  <stack>
    .List
  </stack>
  <ret>
    noRet
  </ret>
  <exc>
    NoExc
  </exc>
  <exit-code>
    0
  </exit-code>
</generatedTop>
[Warning] Compiler: Variable 'As' defined but not used. Prefix variable name
with underscore if this is intentional.
	Source(/tmp/audit-work/reconstruct/reference-semantics/semantics/str.k)
	Location(52,27,52,29)
	52 |	  rule strLt(iCons(A:Int, As:IntSeq), iCons(B:Int, Bs:IntSeq)) => true   
      requires A  <Int B
	   .	                          ^~
[Warning] Compiler: Variable 'Bs' defined but not used. Prefix variable name
with underscore if this is intentional.
	Source(/tmp/audit-work/reconstruct/reference-semantics/semantics/str.k)
	Location(52,52,52,54)
	52 |	  rule strLt(iCons(A:Int, As:IntSeq), iCons(B:Int, Bs:IntSeq)) => true   
      requires A  <Int B
	   .	                                                   ^~
[Warning] Compiler: Variable 'As' defined but not used. Prefix variable name
with underscore if this is intentional.
	Source(/tmp/audit-work/reconstruct/reference-semantics/semantics/str.k)
	Location(53,27,53,29)
	53 |	  rule strLt(iCons(A:Int, As:IntSeq), iCons(B:Int, Bs:IntSeq)) => false  
      requires A  >Int B
	   .	                          ^~
[Warning] Compiler: Variable 'Bs' defined but not used. Prefix variable name
with underscore if this is intentional.
	Source(/tmp/audit-work/reconstruct/reference-semantics/semantics/str.k)
	Location(53,52,53,54)
	53 |	  rule strLt(iCons(A:Int, As:IntSeq), iCons(B:Int, Bs:IntSeq)) => false  
      requires A  >Int B
	   .	                                                   ^~
[Error] Prover: backend terminated because the configuration cannot be
rewritten further. See output for more details.
KPROVE_EXIT_STATUS: 1
EXPECTED_WRAPPER_EXIT_STATUS: 0
