COMMAND: bash -c printf\ \"SOURCE\ FILE\ HASHES\\n\"\;\ sha256sum\ semantic.k\ verification.k\ spec.k\ solution.mpy\;\ printf\ \"\\nIMPORTS\ /\ MODULES\ /\ CONFIGURATION\ /\ SYNTAX\ /\ RULES\ /\ CLAIMS\\n\"\;\ rg\ -n\ \"\^\[\[:space:\]\]\*\(requires\|module\|imports\|configuration\|syntax\|rule\|claim\|endmodule\)\"\ semantic.k\ verification.k\ spec.k\;\ printf\ \"\\nSPECIAL\ ATTRIBUTES\ AND\ MARKERS\\n\"\;\ rg\ -n\ \"\\\[\(function\|functional\|total\|simplification\|priority\|owise\|anywhere\|macro\|alias\|opaque\)\(\[\^\]\]\*\)\\\]\|\\b\(opaque\|priority\|simplification\|total\|functional\)\\b\"\ semantic.k\ verification.k\ spec.k\ \|\|\ true\;\ printf\ \"\\nCOUNTS\\n\"\;\ printf\ \"semantic\ syntax\ declarations:\ \"\;\ rg\ -c\ \"\^\[\[:space:\]\]\*syntax\ \"\ semantic.k\;\ printf\ \"semantic\ operational\ rules:\ \"\;\ rg\ -c\ \"\^\[\[:space:\]\]\*rule\ \"\ semantic.k\;\ printf\ \"verification\ syntax\ declarations:\ \"\;\ rg\ -c\ \"\^\[\[:space:\]\]\*syntax\ \"\ verification.k\;\ printf\ \"verification\ rules:\ \"\;\ rg\ -c\ \"\^\[\[:space:\]\]\*rule\ \"\ verification.k\;\ printf\ \"entry\ claims:\ \"\;\ rg\ -c\ \"\^\[\[:space:\]\]\*claim\ \"\ spec.k
WORKDIR: /tmp/audit-work/how-many-times
--- OUTPUT ---
SOURCE FILE HASHES
e273d64af04e328ae659fac3b0b6c6083ef20b6e4f1e5eb6c651cd9a94a83666  semantic.k
9b0e67d54adf00041a9ab1c32cb88015687b25a6d71382db6fada9eef72b8276  verification.k
8654419fcfe1b28ba5bf33d5c0f3d93c63d2d8db1e752bfe09ba693789314be4  spec.k
f0a019c02b875920d0a9f35a504e27897d27548f3d0586189b0d64513b361fb5  solution.mpy

IMPORTS / MODULES / CONFIGURATION / SYNTAX / RULES / CLAIMS
spec.k:1:requires "verification.k"
spec.k:3:module SPEC
spec.k:4:  imports VERIFICATION
spec.k:8:  claim [how-many-times-correct]:
spec.k:38:endmodule
verification.k:1:requires "semantic.k"
verification.k:3:module VERIFICATION
verification.k:4:  imports SEMANTIC
verification.k:7:  syntax Int ::= overlapCount(String, String) [function]
verification.k:9:  rule overlapCount(S, T) => lengthString(S) +Int 1
verification.k:10:    requires T ==String ""
verification.k:12:  rule overlapCount(S, T) => 0
verification.k:13:    requires notBool (T ==String "")
verification.k:16:  rule overlapCount(S, T)
verification.k:19:    requires notBool (T ==String "")
verification.k:23:  rule overlapCount(S, T)
verification.k:25:    requires notBool (T ==String "")
verification.k:28:endmodule
semantic.k:1:requires "domains.md"
semantic.k:3:module MPY-SYNTAX
semantic.k:4:  imports DOMAINS
semantic.k:6:  syntax Program ::= "Module" "(" Stmts ")"
semantic.k:8:  syntax Stmts ::= List{Stmt, ""}
semantic.k:9:  syntax Stmt ::= "FuncDef" "(" String "," Params "," Stmts ")"
semantic.k:14:  syntax Strings ::= List{String, ","}
semantic.k:15:  syntax Params ::= "Params" "(" Strings ")"
semantic.k:16:  syntax Exprs  ::= List{Expr, ","}
semantic.k:17:  syntax CmpOps ::= List{CmpOp, ","}
semantic.k:19:  syntax Expr ::= "Int" "(" Int ")"
semantic.k:27:  syntax CmpOp ::= "CmpOp" "(" String "," Expr ")"
semantic.k:28:  syntax Slice ::= "Slice" "(" Bound "," Bound "," Bound ")"
semantic.k:29:  syntax Bound ::= Expr | "NoBound"
semantic.k:30:endmodule
semantic.k:32:module SEMANTIC
semantic.k:33:  imports MPY-SYNTAX
semantic.k:34:  imports MAP
semantic.k:36:  syntax Value ::= intVal(Int) | strVal(String) | boolVal(Bool)
semantic.k:37:  syntax Function ::= function(Params, Stmts)
semantic.k:38:  syntax Returned ::= returned(Value)
semantic.k:40:  syntax KItem ::= eval(Expr)
semantic.k:51:  configuration
semantic.k:59:  rule <k> Module(SS) => SS ... </k>
semantic.k:60:  rule <k> .Stmts => .K ... </k>
semantic.k:61:  rule <k> (S:Stmt SS:Stmts) => S ~> SS ... </k>
semantic.k:62:  rule <k> V:Value ~> .Stmts => V ... </k>
semantic.k:64:  rule <k> FuncDef(N, P, B) => .K ... </k>
semantic.k:67:  rule <k> Expr(E) => eval(E) ... </k>
semantic.k:70:  rule <k> eval(Int(I)) => intVal(I) ... </k>
semantic.k:71:  rule <k> eval(Str(S)) => strVal(S) ... </k>
semantic.k:72:  rule <k> eval(Name(N)) => V ... </k>
semantic.k:75:  rule <k> eval(BinOp("+", L, R)) => eval(L) ~> addLeft(R) ... </k>
semantic.k:76:  rule <k> V:Value ~> addLeft(R) => eval(R) ~> addRight(V) ... </k>
semantic.k:77:  rule <k> intVal(J) ~> addRight(intVal(I)) => intVal(I +Int J) ... </k>
semantic.k:79:  rule <k> eval(Compare(L, CmpOp(OP, R)))
semantic.k:81:  rule <k> V:Value ~> cmpLeft(OP, R)
semantic.k:83:  rule <k> strVal(S2) ~> cmpRight("==", strVal(S1))
semantic.k:85:  rule <k> intVal(I2) ~> cmpRight("<", intVal(I1))
semantic.k:89:  rule <k> If(C, T, E) => eval(C) ~> ifFrame(T, E) ... </k>
semantic.k:90:  rule <k> boolVal(B) ~> ifFrame(T, _E) => T ... </k> requires B
semantic.k:91:  rule <k> boolVal(B) ~> ifFrame(_T, E) => E ... </k> requires notBool B
semantic.k:94:  rule <k> eval(Call(Name("len"), E)) => eval(E) ~> lenFrame() ... </k>
semantic.k:95:  rule <k> strVal(S) ~> lenFrame() => intVal(lengthString(S)) ... </k>
semantic.k:97:  rule <k> eval(Subscript(E, Slice(NoBound, Call(Name("len"), H), NoBound)))
semantic.k:99:  rule <k> strVal(S) ~> prefixBase(H)
semantic.k:101:  rule <k> intVal(I) ~> prefixEnd(strVal(S))
semantic.k:104:  rule <k> eval(Subscript(E, Slice(Int(1), NoBound, NoBound)))
semantic.k:106:  rule <k> strVal(S) ~> tailFrame()
semantic.k:109:  rule <k> eval(Call(Name("how_many_times"), E1, E2))
semantic.k:111:  rule <k> V1:Value ~> callArgOne(E2)
semantic.k:113:  rule <k> V2:Value ~> callArgTwo(V1) => invoke(V1, V2) ... </k>
semantic.k:116:  rule <k> invoke(V1, V2) => B ~> returnFrame(OLD) ... </k>
semantic.k:124:  rule <k> Return(E) => eval(E) ~> makeReturn() ... </k>
semantic.k:125:  rule <k> V:Value ~> makeReturn() => returned(V) ... </k>
semantic.k:128:  rule <k> returned(V) ~> (_S:Stmt) => returned(V) ... </k>
semantic.k:129:  rule <k> returned(V) ~> (_SS:Stmts) => returned(V) ... </k>
semantic.k:130:  rule <k> returned(V) ~> returnFrame(OLD) => V ... </k>
semantic.k:132:endmodule

SPECIAL ATTRIBUTES AND MARKERS
spec.k:6:  // Universal functional-correctness claim.  CONT makes the claim usable as
verification.k:7:  syntax Int ::= overlapCount(String, String) [function]

COUNTS
semantic syntax declarations: 15
semantic operational rules: 35
verification syntax declarations: 1
verification rules: 4
entry claims: 1
--- END OUTPUT ---
EXIT STATUS: 0
