d 755 4096 /tmp/audit-work/reconstruction -> 
d 755 4096 /tmp/audit-work/reconstruction/reference-semantics -> 
d 755 4096 /tmp/audit-work/reconstruction/reference-semantics/semantics -> 
d 755 4096 /tmp/audit-work/trusted -> 
f 644 1067 /tmp/audit-work/reconstruction/concrete-test.mpy -> 
f 644 1103 /tmp/audit-work/reconstruction/reference-semantics/semantics/comprehension.k -> 
f 644 1163 /tmp/audit-work/reconstruction/reference-semantics/semantics/range.k -> 
f 644 11706 /tmp/audit-work/reconstruction/reference-semantics/semantics/core.k -> 
f 644 1206 /tmp/audit-work/reconstruction/reference-semantics/semantics/int.k -> 
f 644 1479 /tmp/audit-work/reconstruction/spec.k -> 
f 644 16196 /tmp/audit-work/reconstruction/reference-semantics/semantics/float.k -> 
f 644 16681 /tmp/audit-work/reconstruction/reference-semantics/semantics/builtins.k -> 
f 644 17189 /tmp/audit-work/reconstruction/py2mpy.py -> 
f 644 17189 /tmp/audit-work/trusted/py2mpy.py -> 
f 644 1942 /tmp/audit-work/reconstruction/reference-semantics/semantics/set.k -> 
f 644 2123 /tmp/audit-work/reconstruction/reference-semantics/semantics/bool.k -> 
f 644 2162 /tmp/audit-work/reconstruction/reference-semantics/semantics/operators.k -> 
f 644 2865 /tmp/audit-work/reconstruction/reference-semantics/semantics/syntax.k -> 
f 644 3044 /tmp/audit-work/reconstruction/reference-semantics/semantics/tuple.k -> 
f 644 308 /tmp/audit-work/reconstruction/solution.py -> 
f 644 3139 /tmp/audit-work/reconstruction/reference-semantics/semantics/concrete.k -> 
f 644 3384 /tmp/audit-work/reconstruction/reference-semantics/semantics/str.k -> 
f 644 3664 /tmp/audit-work/reconstruction/reference-semantics/semantics/list.k -> 
f 644 4132 /tmp/audit-work/reconstruction/verification.k -> 
f 644 4159 /tmp/audit-work/reconstruction/reference-semantics/semantics.k -> 
f 644 435 /tmp/audit-work/reconstruction/reference-semantics/semantics/iter.k -> 
f 644 441 /tmp/audit-work/reconstruction/reference-semantics/semantics/assert.k -> 
f 644 4441 /tmp/audit-work/reconstruction/reference-semantics/semantics/sort.k -> 
f 644 4786 /tmp/audit-work/reconstruction/reference-semantics/semantics/functions.k -> 
f 644 533 /tmp/audit-work/trusted/prompt.py -> 
f 644 5351 /tmp/audit-work/reconstruction/reference-semantics/semantics/call.k -> 
f 644 5576 /tmp/audit-work/reconstruction/reference-semantics/semantics/controls.k -> 
f 644 571 /tmp/audit-work/reconstruction/solution.mpy -> 
f 644 6133 /tmp/audit-work/reconstruction/reference-semantics/semantics/subscript.k -> 
f 644 6415 /tmp/audit-work/reconstruction/reference-semantics/semantics/dict.k -> 
f 644 861 /tmp/audit-work/trusted/canonical.py -> 
f 644 9159 /tmp/audit-work/reconstruction/reference-semantics/semantics/methods.k -> 
f 755 1216 /tmp/audit-work/reconstruction/prove.sh -> 
EXIT_STATUS=0
