COMMAND: krun concrete-audit.mpy --definition reviewer-runtime-kompiled
<generatedTop>
  <k>
    .K
  </k>
  <env>
    0
  </env>
  <scopes>
    -1 |-> scope ( "abs" |-> builtinV ( "abs" )
    "all" |-> builtinV ( "all" )
    "any" |-> builtinV ( "any" )
    "bin" |-> builtinV ( "bin" )
    "chr" |-> builtinV ( "chr" )
    "enumerate" |-> builtinV ( "enumerate" )
    "eval" |-> builtinV ( "eval" )
    "float" |-> typeV ( "float" )
    "int" |-> typeV ( "int" )
    "isinstance" |-> builtinV ( "isinstance" )
    "len" |-> builtinV ( "len" )
    "list" |-> builtinV ( "list" )
    "map" |-> builtinV ( "map" )
    "max" |-> builtinV ( "max" )
    "min" |-> builtinV ( "min" )
    "ord" |-> builtinV ( "ord" )
    "range" |-> builtinV ( "range" )
    "round" |-> builtinV ( "round" )
    "set" |-> builtinV ( "set" )
    "sorted" |-> builtinV ( "sorted" )
    "str" |-> typeV ( "str" )
    "sum" |-> builtinV ( "sum" )
    "zip" |-> builtinV ( "zip" ) , root )
    0 |-> scope ( "decode_shift" |-> closureVal ( "s" , .ParamNames , Expr ( Str ( "\n    takes as input string encoded with encode_shift function. Returns decoded string.\n    " ) )  Assign ( Name ( "result" ) , Str ( "" ) )  Assign ( Name ( "ch" ) , Str ( "" ) )  For ( Name ( "ch" ) , Name ( "s" ) , Assign ( Name ( "result" ) , BinOp ( "+" , Name ( "result" ) , Call ( Name ( "chr" ) , BinOp ( "+" , BinOp ( "%" , BinOp ( "-" , BinOp ( "-" , Call ( Name ( "ord" ) , Name ( "ch" ) , .Exprs ) , Int ( 5 ) ) , Call ( Name ( "ord" ) , Str ( "a" ) , .Exprs ) ) , Int ( 26 ) ) , Call ( Name ( "ord" ) , Str ( "a" ) , .Exprs ) ) , .Exprs ) ) )  .Stmts )  Return ( Name ( "result" ) )  .Stmts , 0 ) , parent ( -1 ) )
  </scopes>
  <scopeLoc>
    1
  </scopeLoc>
  <heap>
    .Map
  </heap>
  <heapLoc>
    0
  </heapLoc>
  <stack>
    .List
  </stack>
  <ret>
    noRet
  </ret>
  <exc>
    NoExc
  </exc>
  <exit-code>
    0
  </exit-code>
</generatedTop>
EXIT_STATUS: 0
