Script started on 2026-07-28 01:07:54-05:00 [<not executed on terminal>]
{
  "designated_sorry_count": 0,
  "diagnostics": [
    {
      "command": [
        "lake",
        "clean"
      ],
      "exit_code": 0,
      "output_sha256": "e3b0c44298fc1c149afbf4c8996fb92427ae41e4649b934ca495991b7852b855",
      "output_tail": ""
    },
    {
      "command": [
        "lake",
        "build"
      ],
      "exit_code": 0,
      "output_sha256": "669037f0d20098cd4e0488a046a50dee67e38e9994f982b51afd0bd6f01a0ee7",
      "output_tail": "\u2714 [2/9] Built Klean1SeparateParenGroups.Prelude\n\u2714 [3/9] Built Klean1SeparateParenGroups.Sorts\n\u2714 [4/9] Built Klean1SeparateParenGroups.Inj\n\u2714 [5/9] Built Klean1SeparateParenGroups.Func\n\u2714 [6/9] Built Klean1SeparateParenGroups.Lemmas\n\u2714 [7/9] Built Klean1SeparateParenGroups.Rewrite\n\u2714 [8/9] Built Klean1SeparateParenGroups\nBuild completed successfully.\n"
    }
  ],
  "frozen_input_sha256": "f7198173f419636cacf3c009694d458c1c8113750de230e115a8bdfd24289f83",
  "generated_tree_sha256": "ec2cabdd88613df091a482f8974a0b9be67d75d3d97827da8ff6ac78ae163e7a",
  "obligation_count": 0,
  "schema_version": 3,
  "stage1_workspace_sha256": "f7198173f419636cacf3c009694d458c1c8113750de230e115a8bdfd24289f83",
  "stage3_discovery_manifest_sha256": "1d658f9f3f836cd96386a95bf89aa4d0ae7883a6c174f3fd3bb21487b68e0357",
  "status": "KLEAN_NO_OBLIGATIONS",
  "target": null,
  "trust_declaration_count": 44
}

Script done on 2026-07-28 01:07:55-05:00 [COMMAND_EXIT_CODE="0"]
