WORKDIR: /tmp/audit-work/candidate-src
COMMAND: kprove spec.k --definition verification-audit-kompiled --spec-module SPEC --claims SPEC.outer-loop
kore-exec: [98463202] Warning (WarnStuckClaimState):
    The configuration's term doesn't unify with the destination's term and the configuration cannot be rewritten further. Location: /tmp/audit-work/candidate-src/spec.k:38:5-129:29
Context:
    (InfoReachability) while checking the implication
kore-exec: [98468456] Warning (WarnUnexploredBranches):
    2 branches were still unexplored when the action failed.
  #Ceil ( intOf ( V0 ) )
#And
  #Not ( {
    false
  #Equals
    intOf ( V0 ) >Int 0
  } )
#And
  #Not ( {
    true
  #Equals
    intOf ( V0 ) >Int 0
  } )
#And
  <generatedTop>
    <k>
      intOf ( V0 ) >Int 0 ~> #whileCond ( Compare ( Name ( "number" ) , CmpOp ( ">" , Int ( 0 ) ) ) , AugAssign ( Name ( "bad" ) , "+" , Compare ( BinOp ( "%" , Name ( "number" ) , Int ( 2 ) ) , CmpOp ( "==" , Int ( 0 ) ) ) )  AugAssign ( Name ( "number" ) , "//" , Int ( 10 ) )  .Stmts ) ~> If ( Compare ( Name ( "bad" ) , CmpOp ( "==" , Int ( 0 ) ) ) , Expr ( Call ( Attribute ( Name ( "result" ) , "append" ) , Name ( "value" ) , .Exprs ) )  .Stmts , .Stmts )  .Stmts ~> #loopLbl ( #loop ( list ( R ) , Name ( "value" ) , Assign ( Name ( "number" ) , Call ( Name ( "sum" ) , TupleExpr ( Name ( "value" ) , .Exprs ) , .Exprs ) )  Assign ( Name ( "bad" ) , Int ( 0 ) )  While ( Compare ( Name ( "number" ) , CmpOp ( ">" , Int ( 0 ) ) ) , AugAssign ( Name ( "bad" ) , "+" , Compare ( BinOp ( "%" , Name ( "number" ) , Int ( 2 ) ) , CmpOp ( "==" , Int ( 0 ) ) ) )  AugAssign ( Name ( "number" ) , "//" , Int ( 10 ) )  .Stmts )  If ( Compare ( Name ( "bad" ) , CmpOp ( "==" , Int ( 0 ) ) ) , Expr ( Call ( Attribute ( Name ( "result" ) , "append" ) , Name ( "value" ) , .Exprs ) )  .Stmts , .Stmts )  .Stmts ) ~> .K ) ~> _DotVar1 ~> .K
    </k>
    <env>
      1
    </env>
    <scopes>
      -1 |-> scope ( "abs" |-> builtinV ( "abs" )
      "all" |-> builtinV ( "all" )
      "any" |-> builtinV ( "any" )
      "bin" |-> builtinV ( "bin" )
      "chr" |-> builtinV ( "chr" )
      "enumerate" |-> builtinV ( "enumerate" )
      "eval" |-> builtinV ( "eval" )
      "float" |-> typeV ( "float" )
      "int" |-> typeV ( "int" )
      "isinstance" |-> builtinV ( "isinstance" )
      "len" |-> builtinV ( "len" )
      "list" |-> builtinV ( "list" )
      "map" |-> builtinV ( "map" )
      "max" |-> builtinV ( "max" )
      "min" |-> builtinV ( "min" )
      "ord" |-> builtinV ( "ord" )
      "range" |-> builtinV ( "range" )
      "round" |-> builtinV ( "round" )
      "set" |-> builtinV ( "set" )
      "sorted" |-> builtinV ( "sorted" )
      "str" |-> typeV ( "str" )
      "sum" |-> builtinV ( "sum" )
      "zip" |-> builtinV ( "zip" ) , root )
      0 |-> scope ( "unique_digits" |-> closureVal ( "x" , .ParamNames , Assign ( Name ( "result" ) , ListExpr ( .Exprs ) )  Assign ( Name ( "value" ) , Int ( 0 ) )  Assign ( Name ( "number" ) , Int ( 0 ) )  Assign ( Name ( "bad" ) , Int ( 0 ) )  For ( Name ( "value" ) , Name ( "x" ) , Assign ( Name ( "number" ) , Call ( Name ( "sum" ) , TupleExpr ( Name ( "value" ) , .Exprs ) , .Exprs ) )  Assign ( Name ( "bad" ) , Int ( 0 ) )  While ( Compare ( Name ( "number" ) , CmpOp ( ">" , Int ( 0 ) ) ) , AugAssign ( Name ( "bad" ) , "+" , Compare ( BinOp ( "%" , Name ( "number" ) , Int ( 2 ) ) , CmpOp ( "==" , Int ( 0 ) ) ) )  AugAssign ( Name ( "number" ) , "//" , Int ( 10 ) )  .Stmts )  If ( Compare ( Name ( "bad" ) , CmpOp ( "==" , Int ( 0 ) ) ) , Expr ( Call ( Attribute ( Name ( "result" ) , "append" ) , Name ( "value" ) , .Exprs ) )  .Stmts , .Stmts )  .Stmts )  Return ( Call ( Name ( "sorted" ) , Name ( "result" ) , .Exprs ) )  .Stmts , 0 ) , parent ( -1 ) )
      1 |-> scope ( "bad" |-> 0
      "number" |-> intOf ( V0 )
      "result" |-> ref ( 0 )
      "value" |-> V0:Val
      "x" |-> list ( ALL ) , parent ( 0 ) )
    </scopes>
    <scopeLoc>
      2
    </scopeLoc>
    <heap>
      0 |-> list ( ACC )
    </heap>
    <heapLoc>
      1
    </heapLoc>
    <stack>
      ListItem ( frame (... continuation: CALLER , callerEnv: 0 , savedLoc: 1 ) )
    </stack>
    <ret>
      noRet
    </ret>
    <exc>
      NoExc
    </exc>
    <exit-code>
      0
    </exit-code>
  </generatedTop>
#And
  {
    XS
  #Equals
    vCons ( V0 , R )
  }
#And
  {
    true
  #Equals
    integerVals ( R )
  }
#And
  {
    true
  #Equals
    isInt ( V0:Val ~> .K )
  }
[Warning] Compiler: Variable 'As' defined but not used. Prefix variable name
with underscore if this is intentional.
	Source(/tmp/audit-work/candidate-src/reference-semantics/semantics/str.k)
	Location(52,27,52,29)
	52 |	  rule strLt(iCons(A:Int, As:IntSeq), iCons(B:Int, Bs:IntSeq)) => true   
      requires A  <Int B
	   .	                          ^~
[Warning] Compiler: Variable 'Bs' defined but not used. Prefix variable name
with underscore if this is intentional.
	Source(/tmp/audit-work/candidate-src/reference-semantics/semantics/str.k)
	Location(52,52,52,54)
	52 |	  rule strLt(iCons(A:Int, As:IntSeq), iCons(B:Int, Bs:IntSeq)) => true   
      requires A  <Int B
	   .	                                                   ^~
[Warning] Compiler: Variable 'As' defined but not used. Prefix variable name
with underscore if this is intentional.
	Source(/tmp/audit-work/candidate-src/reference-semantics/semantics/str.k)
	Location(53,27,53,29)
	53 |	  rule strLt(iCons(A:Int, As:IntSeq), iCons(B:Int, Bs:IntSeq)) => false  
      requires A  >Int B
	   .	                          ^~
[Warning] Compiler: Variable 'Bs' defined but not used. Prefix variable name
with underscore if this is intentional.
	Source(/tmp/audit-work/candidate-src/reference-semantics/semantics/str.k)
	Location(53,52,53,54)
	53 |	  rule strLt(iCons(A:Int, As:IntSeq), iCons(B:Int, Bs:IntSeq)) => false  
      requires A  >Int B
	   .	                                                   ^~
[Warning] Compiler: Variable 'X' defined but not used. Prefix variable name
with underscore if this is intentional.
	Source(/tmp/audit-work/candidate-src/spec.k)
	Location(26,22,26,23)
	26 |	        "x"      |-> X:Val
	   .	                     ^
[Warning] Compiler: Variable 'R' defined but not used. Prefix variable name
with underscore if this is intentional.
	Source(/tmp/audit-work/candidate-src/spec.k)
	Location(27,22,27,23)
	27 |	        "result" |-> R:Val
	   .	                     ^
[Warning] Compiler: Variable 'V' defined but not used. Prefix variable name
with underscore if this is intentional.
	Source(/tmp/audit-work/candidate-src/spec.k)
	Location(28,22,28,23)
	28 |	        "value"  |-> V:Val
	   .	                     ^
[Warning] Compiler: Variable 'ALL' defined but not used. Prefix variable name
with underscore if this is intentional.
	Source(/tmp/audit-work/candidate-src/spec.k)
	Location(112,27,112,30)
	112 |	        "x"      |-> list(ALL:ValSeq)
	    .	                          ^~~
[Warning] Compiler: Variable 'CALLER' defined but not used. Prefix variable
name with underscore if this is intentional.
	Source(/tmp/audit-work/candidate-src/spec.k)
	Location(125,28,125,34)
	125 |	    <stack> ListItem(frame(CALLER:K, 0, 1)) </stack>
	    .	                           ^~~~~~
[Error] Prover: backend terminated because the configuration cannot be
rewritten further. See output for more details.
EXIT_STATUS: 1
