WORKDIR: /tmp/audit-work/candidate-src
COMMAND: krun solution.mpy --definition runtime-audit-kompiled
<generatedTop>
  <k>
    .K
  </k>
  <env>
    0
  </env>
  <scopes>
    -1 |-> scope ( "abs" |-> builtinV ( "abs" )
    "all" |-> builtinV ( "all" )
    "any" |-> builtinV ( "any" )
    "bin" |-> builtinV ( "bin" )
    "chr" |-> builtinV ( "chr" )
    "enumerate" |-> builtinV ( "enumerate" )
    "eval" |-> builtinV ( "eval" )
    "float" |-> typeV ( "float" )
    "int" |-> typeV ( "int" )
    "isinstance" |-> builtinV ( "isinstance" )
    "len" |-> builtinV ( "len" )
    "list" |-> builtinV ( "list" )
    "map" |-> builtinV ( "map" )
    "max" |-> builtinV ( "max" )
    "min" |-> builtinV ( "min" )
    "ord" |-> builtinV ( "ord" )
    "range" |-> builtinV ( "range" )
    "round" |-> builtinV ( "round" )
    "set" |-> builtinV ( "set" )
    "sorted" |-> builtinV ( "sorted" )
    "str" |-> typeV ( "str" )
    "sum" |-> builtinV ( "sum" )
    "zip" |-> builtinV ( "zip" ) , root )
    0 |-> scope ( "unique_digits" |-> closureVal ( "x" , .ParamNames , Assign ( Name ( "result" ) , ListExpr ( .Exprs ) )  Assign ( Name ( "value" ) , Int ( 0 ) )  Assign ( Name ( "number" ) , Int ( 0 ) )  Assign ( Name ( "bad" ) , Int ( 0 ) )  For ( Name ( "value" ) , Name ( "x" ) , Assign ( Name ( "number" ) , Call ( Name ( "sum" ) , TupleExpr ( Name ( "value" ) , .Exprs ) , .Exprs ) )  Assign ( Name ( "bad" ) , Int ( 0 ) )  While ( Compare ( Name ( "number" ) , CmpOp ( ">" , Int ( 0 ) ) ) , AugAssign ( Name ( "bad" ) , "+" , Compare ( BinOp ( "%" , Name ( "number" ) , Int ( 2 ) ) , CmpOp ( "==" , Int ( 0 ) ) ) )  AugAssign ( Name ( "number" ) , "//" , Int ( 10 ) )  .Stmts )  If ( Compare ( Name ( "bad" ) , CmpOp ( "==" , Int ( 0 ) ) ) , Expr ( Call ( Attribute ( Name ( "result" ) , "append" ) , Name ( "value" ) , .Exprs ) )  .Stmts , .Stmts )  .Stmts )  Return ( Call ( Name ( "sorted" ) , Name ( "result" ) , .Exprs ) )  .Stmts , 0 ) , parent ( -1 ) )
  </scopes>
  <scopeLoc>
    1
  </scopeLoc>
  <heap>
    .Map
  </heap>
  <heapLoc>
    0
  </heapLoc>
  <stack>
    .List
  </stack>
  <ret>
    noRet
  </ret>
  <exc>
    NoExc
  </exc>
  <exit-code>
    0
  </exit-code>
</generatedTop>
EXIT_STATUS: 0
