WORKDIR: /tmp/audit-work/candidate-src
COMMAND: kprove spec-audit-false.k --definition verification-audit-kompiled --spec-module SPEC-AUDIT-FALSE --dry-run
kore-exec /tmp/audit-work/candidate-src/./verification-audit-kompiled/definition.kore --module VERIFICATION --prove /tmp/.kprove-2026-07-29-09-03-14-817-20331dde-8cce-4cde-bf6f-677c2b2ff2c5/spec.kore --spec-module SPEC-AUDIT-FALSE --output /tmp/.kprove-2026-07-29-09-03-14-817-20331dde-8cce-4cde-bf6f-677c2b2ff2c5/result.kore
[Warning] Compiler: Variable 'As' defined but not used. Prefix variable name
with underscore if this is intentional.
	Source(/tmp/audit-work/candidate-src/reference-semantics/semantics/str.k)
	Location(52,27,52,29)
	52 |	  rule strLt(iCons(A:Int, As:IntSeq), iCons(B:Int, Bs:IntSeq)) => true   
      requires A  <Int B
	   .	                          ^~
[Warning] Compiler: Variable 'Bs' defined but not used. Prefix variable name
with underscore if this is intentional.
	Source(/tmp/audit-work/candidate-src/reference-semantics/semantics/str.k)
	Location(52,52,52,54)
	52 |	  rule strLt(iCons(A:Int, As:IntSeq), iCons(B:Int, Bs:IntSeq)) => true   
      requires A  <Int B
	   .	                                                   ^~
[Warning] Compiler: Variable 'As' defined but not used. Prefix variable name
with underscore if this is intentional.
	Source(/tmp/audit-work/candidate-src/reference-semantics/semantics/str.k)
	Location(53,27,53,29)
	53 |	  rule strLt(iCons(A:Int, As:IntSeq), iCons(B:Int, Bs:IntSeq)) => false  
      requires A  >Int B
	   .	                          ^~
[Warning] Compiler: Variable 'Bs' defined but not used. Prefix variable name
with underscore if this is intentional.
	Source(/tmp/audit-work/candidate-src/reference-semantics/semantics/str.k)
	Location(53,52,53,54)
	53 |	  rule strLt(iCons(A:Int, As:IntSeq), iCons(B:Int, Bs:IntSeq)) => false  
      requires A  >Int B
	   .	                                                   ^~
[Warning] Compiler: Variable 'X' defined but not used. Prefix variable name
with underscore if this is intentional.
	Source(/tmp/audit-work/candidate-src/spec-audit-false.k)
	Location(26,22,26,23)
	26 |	        "x"      |-> X:Val
	   .	                     ^
[Warning] Compiler: Variable 'R' defined but not used. Prefix variable name
with underscore if this is intentional.
	Source(/tmp/audit-work/candidate-src/spec-audit-false.k)
	Location(27,22,27,23)
	27 |	        "result" |-> R:Val
	   .	                     ^
[Warning] Compiler: Variable 'V' defined but not used. Prefix variable name
with underscore if this is intentional.
	Source(/tmp/audit-work/candidate-src/spec-audit-false.k)
	Location(28,22,28,23)
	28 |	        "value"  |-> V:Val
	   .	                     ^
[Warning] Compiler: Variable 'ALL' defined but not used. Prefix variable name
with underscore if this is intentional.
	Source(/tmp/audit-work/candidate-src/spec-audit-false.k)
	Location(112,27,112,30)
	112 |	        "x"      |-> list(ALL:ValSeq)
	    .	                          ^~~
[Warning] Compiler: Variable 'CALLER' defined but not used. Prefix variable
name with underscore if this is intentional.
	Source(/tmp/audit-work/candidate-src/spec-audit-false.k)
	Location(125,28,125,34)
	125 |	    <stack> ListItem(frame(CALLER:K, 0, 1)) </stack>
	    .	                           ^~~~~~
EXIT_STATUS: 0
