COMMAND: python3 /audit-output/evidence/05_inventory.py --root /tmp/audit-work/candidate-src/reference-semantics --verification /tmp/audit-work/candidate-src/verification.k > /audit-output/evidence/05_rule_inventory.md
EXIT_STATUS=0
1166 /audit-output/evidence/05_rule_inventory.md
# Exhaustive local K declaration and rule inventory

Scope: the complete supplied `reference-semantics` source tree, plus candidate `verification.k` and `spec.k`. Continuation lines, guards, cells, and attributes are folded into the record that starts at the displayed source line.

## Totals

- claim: 2
- configuration: 1
- context: 5
- endmodule: 27
- function-declaration: 123
- imports: 88
- module: 27
- opaque-symbol-declaration: 25
- ordinary-rule: 658
- priority-rule: 48
- requires: 25
- syntax-declaration: 85

No source item carrying `simplification`/`simplifier` is omitted; count=0.

## Per-file counts

- `reference-semantics/semantics.k`: endmodule=2, imports=23, module=2, requires=23
- `reference-semantics/semantics/assert.k`: endmodule=1, imports=1, module=1, ordinary-rule=2, priority-rule=1
- `reference-semantics/semantics/bool.k`: context=1, endmodule=1, imports=1, module=1, ordinary-rule=8, priority-rule=5
- `reference-semantics/semantics/builtins.k`: endmodule=1, function-declaration=28, imports=7, module=1, opaque-symbol-declaration=1, ordinary-rule=136, priority-rule=1, syntax-declaration=9
- `reference-semantics/semantics/call.k`: endmodule=1, function-declaration=1, imports=3, module=1, ordinary-rule=16, priority-rule=5, syntax-declaration=2
- `reference-semantics/semantics/comprehension.k`: endmodule=1, imports=5, module=1, ordinary-rule=7, syntax-declaration=3
- `reference-semantics/semantics/concrete.k`: endmodule=1, function-declaration=3, imports=1, module=1, ordinary-rule=14, priority-rule=2, syntax-declaration=2
- `reference-semantics/semantics/controls.k`: endmodule=1, imports=3, module=1, ordinary-rule=28, priority-rule=6, syntax-declaration=3
- `reference-semantics/semantics/core.k`: configuration=1, endmodule=1, function-declaration=16, imports=7, module=1, ordinary-rule=44, priority-rule=2, syntax-declaration=21
- `reference-semantics/semantics/dict.k`: endmodule=1, function-declaration=8, imports=4, module=1, ordinary-rule=26, priority-rule=2, syntax-declaration=4
- `reference-semantics/semantics/float.k`: endmodule=1, function-declaration=4, imports=3, module=1, opaque-symbol-declaration=22, ordinary-rule=117, priority-rule=4, syntax-declaration=8
- `reference-semantics/semantics/functions.k`: endmodule=1, imports=1, module=1, ordinary-rule=14, priority-rule=1, syntax-declaration=4
- `reference-semantics/semantics/int.k`: endmodule=1, function-declaration=1, imports=1, module=1, ordinary-rule=16
- `reference-semantics/semantics/iter.k`: endmodule=1, imports=1, module=1, syntax-declaration=1
- `reference-semantics/semantics/list.k`: endmodule=1, function-declaration=3, imports=3, module=1, ordinary-rule=25, priority-rule=2, syntax-declaration=2
- `reference-semantics/semantics/methods.k`: endmodule=1, function-declaration=27, imports=4, module=1, ordinary-rule=72, priority-rule=3
- `reference-semantics/semantics/operators.k`: context=2, endmodule=1, imports=2, module=1, ordinary-rule=5, priority-rule=5
- `reference-semantics/semantics/range.k`: endmodule=1, function-declaration=2, imports=2, module=1, ordinary-rule=6
- `reference-semantics/semantics/set.k`: endmodule=1, function-declaration=5, imports=1, module=1, ordinary-rule=12, syntax-declaration=1
- `reference-semantics/semantics/sort.k`: endmodule=1, function-declaration=4, imports=2, module=1, opaque-symbol-declaration=2, ordinary-rule=18, priority-rule=1
- `reference-semantics/semantics/str.k`: endmodule=1, function-declaration=5, imports=2, module=1, ordinary-rule=28
- `reference-semantics/semantics/subscript.k`: context=2, endmodule=1, function-declaration=13, imports=1, module=1, ordinary-rule=38, priority-rule=2, syntax-declaration=2
- `reference-semantics/semantics/syntax.k`: endmodule=1, imports=4, module=1, syntax-declaration=16
- `reference-semantics/semantics/tuple.k`: endmodule=1, function-declaration=1, imports=4, module=1, ordinary-rule=18, priority-rule=3, syntax-declaration=3
- `verification.k`: endmodule=1, function-declaration=2, imports=1, module=1, ordinary-rule=8, priority-rule=3, requires=1, syntax-declaration=4
- `spec.k`: claim=2, endmodule=1, imports=1, module=1, requires=1

## Records

- `reference-semantics/semantics.k:34` — **requires** — `requires "semantics/syntax.k"`
- `reference-semantics/semantics.k:35` — **requires** — `requires "semantics/core.k"`
- `reference-semantics/semantics.k:36` — **requires** — `requires "semantics/iter.k"`
