kore-exec: [4817746] Warning (WarnStuckClaimState):
    The configuration's term unifies with the destination's term, but the implication check between the conditions has failed. Location: /tmp/audit-work/candidate-src/body-sensitivity.k:9:5-30:45
Context:
    (InfoReachability) while checking the implication
kore-exec: [4822467] Warning (WarnUnexploredBranches):
    1 branches were still unexplored when the action failed.
  #Ceil ( addAccSpecMut ( REST , false , ACC ) )
#And
  #Not ( #Ceil ( addAccSpecMut ( REST , false , ACC +Int I ) )
  #And
    {
      addAccSpecMut ( REST , false , ACC +Int I )
    #Equals
      addAccSpecMut ( REST , false , ACC )
    } )
#And
  #Not ( {
    1
  #Equals
    ( I %Int 2 +Int 2 ) %Int 2
  } )
#And
  <generatedTop>
    <k>
      .K
    </k>
    <env>
      L
    </env>
    <scopes>
      L:Int |-> scope ( "total" |-> addAccSpecMut ( REST , false , ACC )
      ?FINALBINDINGS , PARENT )
      RESTSCOPES
    </scopes>
    <scopeLoc>
      _Gen8
    </scopeLoc>
    <heap>
      _Gen9
    </heap>
    <heapLoc>
      _Gen10
    </heapLoc>
    <stack>
      _Gen11
    </stack>
    <ret>
      _Gen12
    </ret>
    <exc>
      _Gen13
    </exc>
    <exit-code>
      _Gen14
    </exit-code>
  </generatedTop>
#And
  {
    INPUT
  #Equals
    iCons ( I , REST )
  }
#And
  {
    ODD
  #Equals
    true
  }
#And
  {
    false
  #Equals
    "total" in_keys ( ?FINALBINDINGS )
  }
#And
  {
    false
  #Equals
    L:Int in_keys ( RESTSCOPES )
  }
[Warning] Compiler: Variable 'LST' defined but not used. Prefix variable name
with underscore if this is intentional.
	Source(/tmp/audit-work/candidate-src/body-sensitivity.k)
	Location(17,20,17,23)
	17 |	        ("lst" |-> LST:Val)
	   .	                   ^~~
[Warning] Compiler: Variable 'OLDVALUE' defined but not used. Prefix variable
name with underscore if this is intentional.
	Source(/tmp/audit-work/candidate-src/body-sensitivity.k)
	Location(20,22,20,30)
	20 |	        ("value" |-> OLDVALUE:Int),
	   .	                     ^~~~~~~~
[Warning] Compiler: Variable '?FINALBINDINGS' defined but not used. Prefix
variable name with underscore if this is intentional.
	Source(/tmp/audit-work/candidate-src/body-sensitivity.k)
	Location(26,9,26,23)
	26 |	        ?FINALBINDINGS:Map,
	   .	        ^~~~~~~~~~~~~~
[Warning] Compiler: Variable 'As' defined but not used. Prefix variable name
with underscore if this is intentional.
	Source(/tmp/audit-work/candidate-src/reference-semantics/semantics/str.k)
	Location(52,27,52,29)
	52 |	  rule strLt(iCons(A:Int, As:IntSeq), iCons(B:Int, Bs:IntSeq)) => true   
      requires A  <Int B
	   .	                          ^~
[Warning] Compiler: Variable 'Bs' defined but not used. Prefix variable name
with underscore if this is intentional.
	Source(/tmp/audit-work/candidate-src/reference-semantics/semantics/str.k)
	Location(52,52,52,54)
	52 |	  rule strLt(iCons(A:Int, As:IntSeq), iCons(B:Int, Bs:IntSeq)) => true   
      requires A  <Int B
	   .	                                                   ^~
[Warning] Compiler: Variable 'As' defined but not used. Prefix variable name
with underscore if this is intentional.
	Source(/tmp/audit-work/candidate-src/reference-semantics/semantics/str.k)
	Location(53,27,53,29)
	53 |	  rule strLt(iCons(A:Int, As:IntSeq), iCons(B:Int, Bs:IntSeq)) => false  
      requires A  >Int B
	   .	                          ^~
[Warning] Compiler: Variable 'Bs' defined but not used. Prefix variable name
with underscore if this is intentional.
	Source(/tmp/audit-work/candidate-src/reference-semantics/semantics/str.k)
	Location(53,52,53,54)
	53 |	  rule strLt(iCons(A:Int, As:IntSeq), iCons(B:Int, Bs:IntSeq)) => false  
      requires A  >Int B
	   .	                                                   ^~
[Error] Prover: backend terminated because the configuration cannot be
rewritten further. See output for more details.
EXIT_STATUS=1
