COMMAND: /audit-output/evidence/verify_provenance.py
record_layout: pipeline-v3
semantics_mode: SUPPLIED_SEMANTICS
campaign_block_equal: True
campaign_lock_hash: ad5dfcc006af70c4d0d2c6641f0878a6c54a266e9ad2b54cd225b2381a78d745 ad5dfcc006af70c4d0d2c6641f0878a6c54a266e9ad2b54cd225b2381a78d745 True
hash audit_campaign_lock_sha256: actual=ad5dfcc006af70c4d0d2c6641f0878a6c54a266e9ad2b54cd225b2381a78d745 expected=ad5dfcc006af70c4d0d2c6641f0878a6c54a266e9ad2b54cd225b2381a78d745 match=True
hash canonical_sha256: actual=8e291a373a7d4a71ecbdbab985852631ae67b0d0fae2292f2dfdcbb5cbb45fd7 expected=8e291a373a7d4a71ecbdbab985852631ae67b0d0fae2292f2dfdcbb5cbb45fd7 match=True
hash candidate_prompt_sha256: actual=b9449a0c09f62a6c759895e7539a750fab0bbf8c41f40c6ce7b077d4786e989f expected=b9449a0c09f62a6c759895e7539a750fab0bbf8c41f40c6ce7b077d4786e989f match=True
hash trusted_prompt_sha256: actual=b9449a0c09f62a6c759895e7539a750fab0bbf8c41f40c6ce7b077d4786e989f expected=b9449a0c09f62a6c759895e7539a750fab0bbf8c41f40c6ce7b077d4786e989f match=True
hash candidate_translator_sha256: actual=406485eac118431c08ef59f30f79dfa6aa9d5825408917fc5ce7c806e664db16 expected=406485eac118431c08ef59f30f79dfa6aa9d5825408917fc5ce7c806e664db16 match=True
hash trusted_translator_sha256: actual=406485eac118431c08ef59f30f79dfa6aa9d5825408917fc5ce7c806e664db16 expected=406485eac118431c08ef59f30f79dfa6aa9d5825408917fc5ce7c806e664db16 match=True
hash run_manifest_sha256: actual=3b99df09203880c9a59a6dcfed87c41b60e6057ebf8720421e156f1e7517bd73 expected=3b99df09203880c9a59a6dcfed87c41b60e6057ebf8720421e156f1e7517bd73 match=True
hash task_manifest_sha256: actual=d0a59b73cc0188d53563bcb8defb586449a0eade40c6ef58598de6600f3e258f expected=d0a59b73cc0188d53563bcb8defb586449a0eade40c6ef58598de6600f3e258f match=True
hash stage1_result_sha256: actual=f319840adbf578bf0daa1a687fd214b5675143c4c263815b63788f23e9fdcbbb expected=f319840adbf578bf0daa1a687fd214b5675143c4c263815b63788f23e9fdcbbb match=True
hash stage1_invocation_sha256: actual=099a709eeec7bd2055042624a0735d9dd3f11e98fc3c55f4bfb087d2edc2602e expected=099a709eeec7bd2055042624a0735d9dd3f11e98fc3c55f4bfb087d2edc2602e match=True
hash generation_metrics_sha256: actual=6d0b29efe1e38236ce9f52b2e351cee915e9b1c476e9f31de6bfee65f3d04b20 expected=6d0b29efe1e38236ce9f52b2e351cee915e9b1c476e9f31de6bfee65f3d04b20 match=True
hash generation_runtime_metrics_sha256: actual=93cde09257807035b136c4da1d8fb37f86a030904912145c276aa1ae4a56b6e5 expected=93cde09257807035b136c4da1d8fb37f86a030904912145c276aa1ae4a56b6e5 match=True
hash generation_usage_sha256: actual=c67d8295dd7167d0c3ad7dcb850e8a285cc5634c67951e6b31e4c02ffb6537ec expected=c67d8295dd7167d0c3ad7dcb850e8a285cc5634c67951e6b31e4c02ffb6537ec match=True
hash generation_codex_last_sha256: actual=d29a5129b5fa73581a4b7379e74813af1620699ad79e0c4b0a765d1172e8b43b expected=d29a5129b5fa73581a4b7379e74813af1620699ad79e0c4b0a765d1172e8b43b match=True
hash generation_codex_output_sha256: actual=260cbd4e9a0f8eb75bf10e66bdeb0493e2dd17d6f06df352a07130b18efbefb3 expected=260cbd4e9a0f8eb75bf10e66bdeb0493e2dd17d6f06df352a07130b18efbefb3 match=True
hash generation_prompt_sha256: actual=c5f7af5f994f1d98d2cb3ab967f88f74a437a6548277cceaf24481aba1cf31e5 expected=c5f7af5f994f1d98d2cb3ab967f88f74a437a6548277cceaf24481aba1cf31e5 match=True
json /run.json: readable=yes top_type=dict keys=['condition', 'config', 'created_at', 'effort', 'kit', 'merged_from', 'model', 'run_id', 'runtime', 'schema_version', 'tasks', 'timeouts']
json /task.json: readable=yes top_type=dict keys=['condition', 'current_stage', 'inputs', 'problem_id', 'schema_version']
json /generation-result.json: readable=yes top_type=dict keys=['cumulative_duration_s', 'invocation', 'outputs', 'resumable', 'schema_version', 'session_id', 'stage', 'status']
json /generation-evidence/invocation.json: readable=yes top_type=dict keys=['allocation_s', 'cumulative_duration_s', 'duration_s', 'exit_code', 'image_id', 'inputs', 'kind', 'name', 'outputs', 'prompt_sha256', 'resumable', 'schema_version', 'session_id', 'stage', 'status']
json /generation-evidence/metrics.json: readable=yes top_type=dict keys=['allocation_s', 'cumulative_duration_s', 'duration_s', 'exit_code', 'image_id', 'oom_killed', 'status', 'timeout_marker']
json /generation-evidence/runtime-metrics.json: readable=yes top_type=dict keys=['agent', 'duration_s', 'effort', 'end_epoch', 'final_exit_code', 'harness_exit_code', 'mem_peak_bytes', 'model', 'model_exit_code', 'oom_killed', 'start_epoch', 'timeout_marker', 'timeout_s']
json /generation-evidence/usage.json: readable=yes top_type=dict keys=['cumulative', 'invocation_delta', 'monetary_cost', 'previous_cumulative', 'schema_version', 'selected_event', 'source_trace_sha256', 'status']
prompt_byte_identity: True b9449a0c09f62a6c759895e7539a750fab0bbf8c41f40c6ce7b077d4786e989f b9449a0c09f62a6c759895e7539a750fab0bbf8c41f40c6ce7b077d4786e989f
translator_byte_identity: True 406485eac118431c08ef59f30f79dfa6aa9d5825408917fc5ce7c806e664db16 406485eac118431c08ef59f30f79dfa6aa9d5825408917fc5ce7c806e664db16
candidate_semantics_entries: 25
trusted_semantics_entries: 25
semantics_inventory_equal: True
symlinks /candidate: []
symlinks /reference: []
symlinks /generation-evidence: []
trace_files: ['2026/07/25/rollout-2026-07-25T03-32-11-019f9867-4234-7c81-a6ed-740de63d1c3d.jsonl']
trace_line_count: 542
trace_type_counts: {'event_msg': 170, 'response_item': 369, 'session_meta': 1, 'turn_context': 1, 'world_state': 1}
trace_parse_errors: []
EXIT_STATUS: 0
