COMMAND: kprove spec.k --definition audit-verification-kompiled --spec-module SPEC --claims SPEC.compare-loop-step
#Top
[Warning] Compiler: Variable 'As' defined but not used. Prefix variable name
with underscore if this is intentional.
	Source(/tmp/audit-work/candidate/reference-semantics/semantics/str.k)
	Location(52,27,52,29)
	52 |	  rule strLt(iCons(A:Int, As:IntSeq), iCons(B:Int, Bs:IntSeq)) => true   
      requires A  <Int B
	   .	                          ^~
[Warning] Compiler: Variable 'Bs' defined but not used. Prefix variable name
with underscore if this is intentional.
	Source(/tmp/audit-work/candidate/reference-semantics/semantics/str.k)
	Location(52,52,52,54)
	52 |	  rule strLt(iCons(A:Int, As:IntSeq), iCons(B:Int, Bs:IntSeq)) => true   
      requires A  <Int B
	   .	                                                   ^~
[Warning] Compiler: Variable 'As' defined but not used. Prefix variable name
with underscore if this is intentional.
	Source(/tmp/audit-work/candidate/reference-semantics/semantics/str.k)
	Location(53,27,53,29)
	53 |	  rule strLt(iCons(A:Int, As:IntSeq), iCons(B:Int, Bs:IntSeq)) => false  
      requires A  >Int B
	   .	                          ^~
[Warning] Compiler: Variable 'Bs' defined but not used. Prefix variable name
with underscore if this is intentional.
	Source(/tmp/audit-work/candidate/reference-semantics/semantics/str.k)
	Location(53,52,53,54)
	53 |	  rule strLt(iCons(A:Int, As:IntSeq), iCons(B:Int, Bs:IntSeq)) => false  
      requires A  >Int B
	   .	                                                   ^~
[Warning] Compiler: Variable 'OLDSCORE' defined but not used. Prefix variable
name with underscore if this is intentional.
	Source(/tmp/audit-work/candidate/spec.k)
	Location(29,28,29,36)
	29 |	               "score" |-> OLDSCORE:Val
	   .	                           ^~~~~~~~
[Warning] Compiler: Variable 'OLDPREDICTED' defined but not used. Prefix
variable name with underscore if this is intentional.
	Source(/tmp/audit-work/candidate/spec.k)
	Location(30,32,30,44)
	30 |	               "predicted" |-> OLDPREDICTED:Val),
	   .	                               ^~~~~~~~~~~~
[Warning] Compiler: Variable '?FINALSCORE' defined but not used. Prefix
variable name with underscore if this is intentional.
	Source(/tmp/audit-work/candidate/spec.k)
	Location(39,28,39,39)
	39 |	               "score" |-> ?FINALSCORE:Val
	   .	                           ^~~~~~~~~~~
[Warning] Compiler: Variable '?FINALPREDICTED' defined but not used. Prefix
variable name with underscore if this is intentional.
	Source(/tmp/audit-work/candidate/spec.k)
	Location(40,32,40,47)
	40 |	               "predicted" |-> ?FINALPREDICTED:Val),
	   .	                               ^~~~~~~~~~~~~~~
[Warning] Compiler: Variable '?FINALSCOPES' defined but not used. Prefix
variable name with underscore if this is intentional.
	Source(/tmp/audit-work/candidate/spec.k)
	Location(90,7,90,19)
	90 |	      ?FINALSCOPES:Map
	   .	      ^~~~~~~~~~~~
[Warning] Compiler: Variable '?FINALSCOPES' defined but not used. Prefix
variable name with underscore if this is intentional.
	Source(/tmp/audit-work/candidate/spec.k)
	Location(132,7,132,19)
	132 |	      ?FINALSCOPES:Map
	    .	      ^~~~~~~~~~~~
EXIT_STATUS: 0
