mutation: loop update compares candidate gap with best_high-best_high
59a3d4706ffd8e40a82b8def242fdc1a5d113a8d5daf4e6e25738142dae54185  /tmp/audit-work/reconstruction/verification.k.audit-original
9d514ec6e72b21aaf141a2f3bf135607a2347005a4f7dcf322c647739784590e  /tmp/audit-work/reconstruction/verification.k
9d514ec6e72b21aaf141a2f3bf135607a2347005a4f7dcf322c647739784590e  /audit-output/evidence/verification-operational-mutation.k
command: kompile verification.k --backend haskell --main-module VERIFICATION --syntax-module MPY-SYNTAX --output-definition verification-opmut-kompiled
[Warning] Compiler: Variable 'As' defined but not used. Prefix variable name
with underscore if this is intentional.
	Source(/tmp/audit-work/reconstruction/reference-semantics/semantics/str.k)
	Location(52,27,52,29)
	52 |	  rule strLt(iCons(A:Int, As:IntSeq), iCons(B:Int, Bs:IntSeq)) => true   
      requires A  <Int B
	   .	                          ^~
[Warning] Compiler: Variable 'Bs' defined but not used. Prefix variable name
with underscore if this is intentional.
	Source(/tmp/audit-work/reconstruction/reference-semantics/semantics/str.k)
	Location(52,52,52,54)
	52 |	  rule strLt(iCons(A:Int, As:IntSeq), iCons(B:Int, Bs:IntSeq)) => true   
      requires A  <Int B
	   .	                                                   ^~
[Warning] Compiler: Variable 'As' defined but not used. Prefix variable name
with underscore if this is intentional.
	Source(/tmp/audit-work/reconstruction/reference-semantics/semantics/str.k)
	Location(53,27,53,29)
	53 |	  rule strLt(iCons(A:Int, As:IntSeq), iCons(B:Int, Bs:IntSeq)) => false  
      requires A  >Int B
	   .	                          ^~
[Warning] Compiler: Variable 'Bs' defined but not used. Prefix variable name
with underscore if this is intentional.
	Source(/tmp/audit-work/reconstruction/reference-semantics/semantics/str.k)
	Location(53,52,53,54)
	53 |	  rule strLt(iCons(A:Int, As:IntSeq), iCons(B:Int, Bs:IntSeq)) => false  
      requires A  >Int B
	   .	                                                   ^~
haskell_build_exit_status=0
command: kprove spec.k --definition verification-opmut-kompiled --spec-module SPEC
#Top
[Warning] Compiler: Variable 'As' defined but not used. Prefix variable name
with underscore if this is intentional.
	Source(/tmp/audit-work/reconstruction/reference-semantics/semantics/str.k)
	Location(52,27,52,29)
	52 |	  rule strLt(iCons(A:Int, As:IntSeq), iCons(B:Int, Bs:IntSeq)) => true   
      requires A  <Int B
	   .	                          ^~
[Warning] Compiler: Variable 'Bs' defined but not used. Prefix variable name
with underscore if this is intentional.
	Source(/tmp/audit-work/reconstruction/reference-semantics/semantics/str.k)
	Location(52,52,52,54)
	52 |	  rule strLt(iCons(A:Int, As:IntSeq), iCons(B:Int, Bs:IntSeq)) => true   
      requires A  <Int B
	   .	                                                   ^~
[Warning] Compiler: Variable 'As' defined but not used. Prefix variable name
with underscore if this is intentional.
	Source(/tmp/audit-work/reconstruction/reference-semantics/semantics/str.k)
	Location(53,27,53,29)
	53 |	  rule strLt(iCons(A:Int, As:IntSeq), iCons(B:Int, Bs:IntSeq)) => false  
      requires A  >Int B
	   .	                          ^~
[Warning] Compiler: Variable 'Bs' defined but not used. Prefix variable name
with underscore if this is intentional.
	Source(/tmp/audit-work/reconstruction/reference-semantics/semantics/str.k)
	Location(53,52,53,54)
	53 |	  rule strLt(iCons(A:Int, As:IntSeq), iCons(B:Int, Bs:IntSeq)) => false  
      requires A  >Int B
	   .	                                                   ^~
mutated_body_proof_exit_status=0
command: kompile verification.k --backend llvm --main-module VERIFICATION --syntax-module MPY-SYNTAX --output-definition verification-opmut-llvm-kompiled
[Warning] Compiler: Non exhaustive match detected:
`mapStrVS(_)_MPY-BUILTINS_ValSeq_ValSeq`(`vCons(_,_)_MPY-CORE_ValSeq_Val_ValSeq`(`cellsMark(_)_MPY-CORE_Val_ParamNames`(_),_))
	Source(/tmp/audit-work/reconstruction/reference-semantics/semantics/builtins.k)
	Location(134,21,134,55)
	134 |	  syntax ValSeq ::= mapStrVS(ValSeq) [function, total]
	    .	                    ^~~~~~~~~~~~~~~~~~~~~~~~~~~~~~~~~~
[Warning] Compiler: Non exhaustive match detected:
floorFI(`cellsMark(_)_MPY-CORE_Val_ParamNames`(_))
	Source(/tmp/audit-work/reconstruction/reference-semantics/semantics/float.k)
	Location(73,18,73,65)
	73 |	  syntax Int ::= floorFI(Val) [function, total, symbol(floorFI)]
	   .	                 ^~~~~~~~~~~~~~~~~~~~~~~~~~~~~~~~~~~~~~~~~~~~~~~
[Warning] Compiler: Non exhaustive match detected:
toF(`cellsMark(_)_MPY-CORE_Val_ParamNames`(_))
	Source(/tmp/audit-work/reconstruction/reference-semantics/semantics/float.k)
	Location(86,20,86,59)
	86 |	  syntax Float ::= toF(Val) [function, total, symbol(toF)]
	   .	                   ^~~~~~~~~~~~~~~~~~~~~~~~~~~~~~~~~~~~~~~
[Warning] Compiler: Non exhaustive match detected:
ceilF(`cellsMark(_)_MPY-CORE_Val_ParamNames`(_))
	Source(/tmp/audit-work/reconstruction/reference-semantics/semantics/float.k)
	Location(93,18,93,61)
	93 |	  syntax Int ::= ceilF(Val) [function, total, symbol(ceilF)]
	   .	                 ^~~~~~~~~~~~~~~~~~~~~~~~~~~~~~~~~~~~~~~~~~~
[Warning] Compiler: Non exhaustive match detected:
`joinCodes(_,_)_MPY-METHODS_IntSeq_IntSeq_ValSeq`(_,`vCons(_,_)_MPY-CORE_ValSeq_Val_ValSeq`(`cellsMark(_)_MPY-CORE_Val_ParamNames`(_),_))
	Source(/tmp/audit-work/reconstruction/reference-semantics/semantics/methods.k)
	Location(27,21,27,64)
	27 |	  syntax IntSeq ::= joinCodes(IntSeq, ValSeq) [function, total]
	   .	                    ^~~~~~~~~~~~~~~~~~~~~~~~~~~~~~~~~~~~~~~~~~~
[Warning] Compiler: Variable 'As' defined but not used. Prefix variable name
with underscore if this is intentional.
	Source(/tmp/audit-work/reconstruction/reference-semantics/semantics/str.k)
	Location(52,27,52,29)
	52 |	  rule strLt(iCons(A:Int, As:IntSeq), iCons(B:Int, Bs:IntSeq)) => true   
      requires A  <Int B
	   .	                          ^~
[Warning] Compiler: Variable 'Bs' defined but not used. Prefix variable name
with underscore if this is intentional.
	Source(/tmp/audit-work/reconstruction/reference-semantics/semantics/str.k)
	Location(52,52,52,54)
	52 |	  rule strLt(iCons(A:Int, As:IntSeq), iCons(B:Int, Bs:IntSeq)) => true   
      requires A  <Int B
	   .	                                                   ^~
[Warning] Compiler: Variable 'As' defined but not used. Prefix variable name
with underscore if this is intentional.
	Source(/tmp/audit-work/reconstruction/reference-semantics/semantics/str.k)
	Location(53,27,53,29)
	53 |	  rule strLt(iCons(A:Int, As:IntSeq), iCons(B:Int, Bs:IntSeq)) => false  
      requires A  >Int B
	   .	                          ^~
[Warning] Compiler: Variable 'Bs' defined but not used. Prefix variable name
with underscore if this is intentional.
	Source(/tmp/audit-work/reconstruction/reference-semantics/semantics/str.k)
	Location(53,52,53,54)
	53 |	  rule strLt(iCons(A:Int, As:IntSeq), iCons(B:Int, Bs:IntSeq)) => false  
      requires A  >Int B
	   .	                                                   ^~
[Warning] Compiler: Non exhaustive match detected:
`valSeqAt(_,_)_MPY-SUBSCRIPT_Val_ValSeq_Int`(`.ValSeq_MPY-CORE_ValSeq`(.KList),_)
	Source(/tmp/audit-work/reconstruction/reference-semantics/semantics/subscript.k)
	Location(11,18,11,57)
	11 |	  syntax Val ::= valSeqAt(ValSeq, Int) [function, total]
	   .	                 ^~~~~~~~~~~~~~~~~~~~~~~~~~~~~~~~~~~~~~~
[Warning] Compiler: Non exhaustive match detected:
`floatAt(_,_)_VERIFICATION_Float_FloatSeq_Int`(`.FloatSeq_VERIFICATION_FloatSeq`(.KList),_)
	Source(/tmp/audit-work/reconstruction/verification.k)
	Location(72,20,72,60)
	72 |	  syntax Float ::= floatAt(FloatSeq, Int) [function, total]
	   .	                   ^~~~~~~~~~~~~~~~~~~~~~~~~~~~~~~~~~~~~~~~
[Warning] Compiler: Non exhaustive match detected:
`floatValAt(_,_)_VERIFICATION_Float_ValSeq_Int`(`.ValSeq_MPY-CORE_ValSeq`(.KList),_)
	Source(/tmp/audit-work/reconstruction/verification.k)
	Location(154,20,154,61)
	154 |	  syntax Float ::= floatValAt(ValSeq, Int) [function, total]
	    .	                   ^~~~~~~~~~~~~~~~~~~~~~~~~~~~~~~~~~~~~~~~~
llvm_build_exit_status=0
command: krun operational_mutation_witness.mpy --definition verification-opmut-llvm-kompiled --output pretty
<generatedTop>
  <k>
    .K
  </k>
  <env>
    0
  </env>
  <scopes>
    -1 |-> scope ( "abs" |-> builtinV ( "abs" )
    "all" |-> builtinV ( "all" )
    "any" |-> builtinV ( "any" )
    "bin" |-> builtinV ( "bin" )
    "chr" |-> builtinV ( "chr" )
    "enumerate" |-> builtinV ( "enumerate" )
    "eval" |-> builtinV ( "eval" )
    "float" |-> typeV ( "float" )
    "int" |-> typeV ( "int" )
    "isinstance" |-> builtinV ( "isinstance" )
    "len" |-> builtinV ( "len" )
    "list" |-> builtinV ( "list" )
    "map" |-> builtinV ( "map" )
    "max" |-> builtinV ( "max" )
    "min" |-> builtinV ( "min" )
    "ord" |-> builtinV ( "ord" )
    "range" |-> builtinV ( "range" )
    "round" |-> builtinV ( "round" )
    "set" |-> builtinV ( "set" )
    "sorted" |-> builtinV ( "sorted" )
    "str" |-> typeV ( "str" )
    "sum" |-> builtinV ( "sum" )
    "zip" |-> builtinV ( "zip" ) , root )
    0 |-> scope ( "find_closest_elements" |-> closureVal ( "numbers" , .ParamNames , Expr ( Str ( "Loop-body sensitivity witness: compare every gap with zero." ) )  Assign ( Name ( "best_low" ) , Subscript ( Name ( "numbers" ) , Int ( 0 ) ) )  Assign ( Name ( "best_high" ) , Subscript ( Name ( "numbers" ) , Int ( 1 ) ) )  If ( Compare ( Name ( "best_low" ) , CmpOp ( ">" , Name ( "best_high" ) ) ) , Assign ( TupleExpr ( Name ( "best_low" ) , Name ( "best_high" ) , .Exprs ) , TupleExpr ( Name ( "best_high" ) , Name ( "best_low" ) , .Exprs ) )  .Stmts , .Stmts )  Assign ( Name ( "low" ) , Name ( "best_low" ) )  Assign ( Name ( "high" ) , Name ( "best_high" ) )  Assign ( Name ( "i" ) , Int ( 0 ) )  Assign ( Name ( "j" ) , Int ( 1 ) )  While ( Compare ( Name ( "i" ) , CmpOp ( "<" , BinOp ( "-" , Call ( Name ( "len" ) , Name ( "numbers" ) , .Exprs ) , Int ( 1 ) ) ) ) , Assign ( Name ( "low" ) , Subscript ( Name ( "numbers" ) , Name ( "i" ) ) )  Assign ( Name ( "high" ) , Subscript ( Name ( "numbers" ) , Name ( "j" ) ) )  If ( Compare ( Name ( "low" ) , CmpOp ( ">" , Name ( "high" ) ) ) , Assign ( TupleExpr ( Name ( "low" ) , Name ( "high" ) , .Exprs ) , TupleExpr ( Name ( "high" ) , Name ( "low" ) , .Exprs ) )  .Stmts , .Stmts )  If ( Compare ( BinOp ( "-" , Name ( "high" ) , Name ( "low" ) ) , CmpOp ( "<" , BinOp ( "-" , Name ( "best_high" ) , Name ( "best_high" ) ) ) ) , Assign ( Name ( "best_low" ) , Name ( "low" ) )  Assign ( Name ( "best_high" ) , Name ( "high" ) )  .Stmts , .Stmts )  AugAssign ( Name ( "j" ) , "+" , Int ( 1 ) )  If ( Compare ( Name ( "j" ) , CmpOp ( "==" , Call ( Name ( "len" ) , Name ( "numbers" ) , .Exprs ) ) ) , AugAssign ( Name ( "i" ) , "+" , Int ( 1 ) )  Assign ( Name ( "j" ) , BinOp ( "+" , Name ( "i" ) , Int ( 1 ) ) )  .Stmts , .Stmts )  Assign ( Name ( "low" ) , Name ( "best_low" ) )  Assign ( Name ( "high" ) , Name ( "best_high" ) )  .Stmts )  Return ( TupleExpr ( Name ( "best_low" ) , Name ( "best_high" ) , .Exprs ) )  .Stmts , 0 ) , parent ( -1 ) )
  </scopes>
  <scopeLoc>
    1
  </scopeLoc>
  <heap>
    0 |-> list ( vCons ( 0.10000000000000000e1 , vCons ( 0.10000000000000000e2 , vCons ( 0.20000000000000000e1 , .ValSeq ) ) ) )
  </heap>
  <heapLoc>
    1
  </heapLoc>
  <stack>
    .List
  </stack>
  <ret>
    noRet
  </ret>
  <exc>
    NoExc
  </exc>
  <exit-code>
    0
  </exit-code>
</generatedTop>
bridge_enabled_witness_exit_status=0
heap-ref literal call remains on fixed semantics: the bridge only matches the spec's unboxed-list boundary
sensitivity result: the unboxed-list positive proof stayed #Top after the displaced loop computation changed
