WORKDIR: /tmp/audit-work/6-parse-nested-parens/candidate-src
COMMAND: bash -c echo\ SEMANTIC_DECLARATIONS\;\ rg\ -n\ \"\^\[\[:space:\]\]\*\(syntax\|configuration\|rule\|claim\)\|\\\[\(function\|functional\|total\|simplification\|macro\|priority\|owise\|concrete\)\"\ semantic.k\;\ echo\ VERIFICATION_DECLARATIONS\;\ rg\ -n\ \"\^\[\[:space:\]\]\*\(syntax\|configuration\|rule\|claim\)\|\\\[\(function\|functional\|total\|simplification\|macro\|priority\|owise\|concrete\)\"\ verification.k\;\ echo\ SPEC_CLAIMS\;\ rg\ -n\ \"\^\[\[:space:\]\]\*claim\|\^\[\[:space:\]\]\*\(requires\|ensures\)\|\<k\>\|\<input\>\|\<result\>\"\ spec.k\;\ echo\ SPECIAL_ATTRIBUTE_NEGATIVE_SEARCH\;\ rg\ -n\ \"\\b\(total\|functional\|simplification\|macro\|priority\|owise\|concrete\|opaque\)\\b\"\ semantic.k\ verification.k\ \|\|\ true\;\ echo\ COUNTS\;\ printf\ \"semantic_rules=\"\;\ rg\ -c\ \"\^\[\[:space:\]\]\*rule\\b\"\ semantic.k\;\ printf\ \"verification_rules=\"\;\ rg\ -c\ \"\^\[\[:space:\]\]\*rule\\b\"\ verification.k\;\ printf\ \"spec_claims=\"\;\ rg\ -c\ \"\^\[\[:space:\]\]\*claim\\b\"\ spec.k
SEMANTIC_DECLARATIONS
6:  syntax Program ::= "Module" "(" Stmts ")"
8:  syntax Stmts ::= List{Stmt, ""}
9:  syntax Strs ::= List{String, ","}
10:  syntax Exprs ::= List{Expr, ","}
11:  syntax CmpOps ::= List{CmpOp, ","}
13:  syntax Params ::= "Params" "(" Strs ")"
15:  syntax Stmt ::= "ImportFrom" "(" String "," Strs ")"
24:  syntax Expr ::= "Name" "(" String ")"
32:  syntax CmpOp ::= "CmpOp" "(" String "," Expr ")"
44:  syntax PyVal ::= "pyInt" "(" Int ")"
48:  syntax PyVals ::= ".PyVals" | PyVal "::" PyVals
50:  syntax Result ::= "noResult" | "result" "(" PyVal ")"
51:  syntax Function ::= "function" "(" Params "," Stmts ")"
53:  syntax KItem ::= "start"
58:  configuration
68:  rule <k> Module(SS) => SS ~> start ... </k>
69:  rule <k> (S:Stmt SS:Stmts) => S ~> SS ... </k>
70:  rule <k> .Stmts => .K ... </k>
72:  rule <k> ImportFrom(_, _) => .K ... </k>
73:  rule <k> FuncDef(F, PS, BODY) => .K ... </k>
76:  rule <k> start => invoke("parse_nested_parens", pyStr(S)) ... </k>
79:  rule <k> invoke(F, ARG) => BODY ... </k>
84:  rule <k> Assign(Name(X), E) => .K ... </k>
87:  rule <k> AugAssign(Name(X), "+", E) => .K ... </k>
90:  rule <k> AugAssign(Name(X), "-", E) => .K ... </k>
93:  rule <k> If(E, THEN, ELSE) => choose(eval(E, ENV), THEN, ELSE) ... </k>
95:  rule <k> choose(pyBool(true), THEN, _) => THEN ... </k>
96:  rule <k> choose(pyBool(false), _, ELSE) => ELSE ... </k>
98:  rule <k> For(Name(X), E, BODY) => forValues(X, iterable(eval(E, ENV)), BODY) ... </k>
100:  rule <k> forValues(_, .PyVals, _) => .K ... </k>
101:  rule <k> forValues(X, V :: VS, BODY) => BODY ~> forValues(X, VS, BODY) ... </k>
104:  rule <k> Expr(Call(Attribute(Name(X), "append"), E)) => .K ... </k>
107:  rule <k> Return(E) ~> _ => .K </k>
113:  syntax PyVal ::= "eval" "(" Expr "," Map ")" [function]
114:  syntax PyVal ::= "lookupPy" "(" String "," Map ")" [function]
115:  rule lookupPy(X, (X |-> V:PyVal) _REST) => V
117:  rule eval(Int(I), _) => pyInt(I)
118:  rule eval(Str(S), _) => pyStr(S)
119:  rule eval(Name(X), ENV) => lookupPy(X, ENV)
120:  rule eval(ListExpr(.Exprs), _) => pyList(.PyVals)
121:  rule eval(Call(Attribute(E, "split"), Str(" ")), ENV)
123:  rule eval(Compare(E1, CmpOp("==", E2)), ENV)
125:  rule eval(Compare(E1, CmpOp(">", E2)), ENV)
128:  syntax String ::= "stringOf" "(" PyVal ")" [function]
129:  rule stringOf(pyStr(S)) => S
131:  syntax Bool ::= "truth" "(" PyVal ")" [function]
132:  rule truth(pyBool(B)) => B
134:  syntax Bool ::= "eqPy" "(" PyVal "," PyVal ")" [function]
135:  rule eqPy(pyStr(A), pyStr(B)) => A ==String B
136:  rule eqPy(pyInt(A), pyInt(B)) => A ==Int B
138:  syntax Bool ::= "gtPy" "(" PyVal "," PyVal ")" [function]
139:  rule gtPy(pyInt(A), pyInt(B)) => A >Int B
141:  syntax PyVal ::= "addPy" "(" PyVal "," PyVal ")" [function]
142:  rule addPy(pyInt(A), pyInt(B)) => pyInt(A +Int B)
144:  syntax PyVal ::= "subPy" "(" PyVal "," PyVal ")" [function]
145:  rule subPy(pyInt(A), pyInt(B)) => pyInt(A -Int B)
147:  syntax PyVal ::= "appendPy" "(" PyVal "," PyVal ")" [function]
148:  rule appendPy(pyList(VS), V) => pyList(appendVals(VS, V))
150:  syntax PyVals ::= "appendVals" "(" PyVals "," PyVal ")" [function]
151:  rule appendVals(.PyVals, V) => V :: .PyVals
152:  rule appendVals(H :: T, V) => H :: appendVals(T, V)
154:  syntax PyVals ::= "iterable" "(" PyVal ")" [function]
155:  rule iterable(pyList(VS)) => VS
156:  rule iterable(pyStr(S)) => chars(S)
158:  syntax PyVals ::= "chars" "(" String ")" [function]
159:  rule chars("") => .PyVals
160:  rule chars(S) => pyStr(substrString(S, 0, 1))
165:  syntax PyVals ::= "splitSpaces" "(" String ")" [function]
166:  rule splitSpaces(S) => pyStr(S) :: .PyVals
168:  rule splitSpaces(S) => pyStr(substrString(S, 0, findString(S, " ", 0)))
VERIFICATION_DECLARATIONS
9:  syntax Program ::= "solutionProgram" [function]
10:  rule solutionProgram =>
SPEC_CLAIMS
1:requires "verification.k"
7:  claim
8:      <k> solutionProgram => .K </k>
9:      <input> "(()()) ((())) () ((())()())" </input>
12:      <result>
18:  claim
19:      <k> solutionProgram => .K </k>
20:      <input> "() (()) ((())) (((())))" </input>
23:      <result>
29:  claim
30:      <k> solutionProgram => .K </k>
31:      <input> "(()(())((())))" </input>
34:      <result> noResult => result(pyList(pyInt(4) :: .PyVals)) </result>
SPECIAL_ATTRIBUTE_NEGATIVE_SEARCH
verification.k:7:  // is a macro, not an implementation shortcut: after parsing, every claim
COUNTS
semantic_rules=42
verification_rules=1
spec_claims=3
EXIT_STATUS: 0
