WORKDIR: /tmp/audit-work/6-parse-nested-parens/candidate-src
COMMAND: kprove audit-vacuity.k --definition audit-verification-kompiled --spec-module AUDIT-VACUITY
kore-exec: [1889783] Warning (WarnStuckClaimState):
    The configuration's term doesn't unify with the destination's term and the configuration cannot be rewritten further. Location: /tmp/audit-work/6-parse-nested-parens/candidate-src/audit-vacuity.k:9:7-16:16
Context:
    (InfoReachability) while checking the implication
<mpy>
  <k>
    .K
  </k>
  <input>
    "() (()) ((())) (((())))"
  </input>
  <env>
    .Map
  </env>
  <functions>
    .Map
  </functions>
  <result>
    result ( pyList ( pyInt ( 1 ) :: pyInt ( 2 ) :: pyInt ( 3 ) :: pyInt ( 4 ) :: .PyVals ) )
  </result>
</mpy>
[Error] Prover: backend terminated because the configuration cannot be
rewritten further. See output for more details.
EXIT_STATUS: 1
