started_utc: 2026-07-23T20:28:54.169448+00:00
cwd: /tmp/audit-work/146-specialFilter/candidate
command: krun /tmp/audit-work/146-specialFilter/claim-witnesses/claim-08.mpy --definition /tmp/audit-work/146-specialFilter/candidate/fresh-verification-kompiled
exit_status: 0
finished_utc: 2026-07-23T20:28:55.379714+00:00
input: [11]
precondition_witness: N=11 satisfies two-digit positive guard
precondition_satisfied: yes
claimed_result: 1
canonical_python: 1
candidate_python: 1
k_result: 1
all_equal: yes
--- output ---
<py>
  <k>
    intVal ( 1 ) ~> .K
  </k>
  <functions>
    .Map
  </functions>
  <env>
    .Map
  </env>
</py>
