/reference/k-proof/verification.k-2-
/reference/k-proof/verification.k-3-module VERIFICATION
/reference/k-proof/verification.k-4-  imports MPY
/reference/k-proof/verification.k-5-
/reference/k-proof/verification.k:6:  // Guarded total projection from the dynamic Val sort to Int.  This is the
/reference/k-proof/verification.k-7-  // standard total twin of K's partial subsort cast; it is used only under
/reference/k-proof/verification.k-8-  // definedProjectInt and collapses on every statically known Int.
/reference/k-proof/verification.k:9:  syntax Bool ::= definedProjectInt(Val) [function, total]
/reference/k-proof/verification.k:10:  rule definedProjectInt(V:Val) => isInt(V)
/reference/k-proof/verification.k-11-
/reference/k-proof/verification.k:12:  syntax Int ::= projectIntTotal(Val)
/reference/k-proof/verification.k-13-    [function, total, symbol(projectIntTotal), no-evaluators]
/reference/k-proof/verification.k-14-
/reference/k-proof/verification.k:15:  rule #Ceil({@V:Val}:>Int)
/reference/k-proof/verification.k-16-    => ({ definedProjectInt(@V) #Equals true } #And #Ceil(@V))
/reference/k-proof/verification.k-17-    [simplification]
/reference/k-proof/verification.k-18-
/reference/k-proof/verification.k:19:  rule projectIntTotal(V:Val) => {V}:>Int
/reference/k-proof/verification.k-20-    requires definedProjectInt(V)
/reference/k-proof/verification.k-21-    [concrete, simplification(10), preserves-definedness]
/reference/k-proof/verification.k-22-
/reference/k-proof/verification.k:23:  rule {V:Val}:>Int => projectIntTotal(V)
/reference/k-proof/verification.k-24-    requires definedProjectInt(V)
/reference/k-proof/verification.k-25-    [symbolic(V), simplification, preserves-definedness]
/reference/k-proof/verification.k-26-
/reference/k-proof/verification.k-27-  rule projectIntTotal(I:Int) => I [simplification]
/reference/k-proof/verification.k:28:  rule projectIntTotal(projectIntTotal(V:Val))
/reference/k-proof/verification.k-29-    => projectIntTotal(V)
/reference/k-proof/verification.k-30-    [simplification]
/reference/k-proof/verification.k-31-
/reference/k-proof/verification.k-32-  // Guarded dispatch twin for the exact fixed rule
/reference/k-proof/verification.k:33:  // applyBin("+", I1:Int, I2:Int) => I1 +Int I2.  It lets the source's
/reference/k-proof/verification.k-34-  // value + 0 normalization refine a dynamically sorted list head.
/reference/k-proof/verification.k:35:  rule applyBin("+", V:Val, I:Int)
/reference/k-proof/verification.k-36-    => projectIntTotal(V) +Int I
/reference/k-proof/verification.k-37-    requires definedProjectInt(V)
/reference/k-proof/verification.k-38-    [simplification]
/reference/k-proof/verification.k-39-
--
/reference/k-proof/verification.k-50-  // current best is the source sentinel; otherwise only a strictly smaller
/reference/k-proof/verification.k-51-  // even value replaces it.
/reference/k-proof/verification.k-52-  syntax Bool ::= shouldTake(Int, Int) [function, total]
/reference/k-proof/verification.k-53-  rule shouldTake(B:Int, V:Int)
/reference/k-proof/verification.k:54:    => pyMod(V, 2) ==Int 0
/reference/k-proof/verification.k-55-       andBool (B <Int 0 orBool V <Int B)
/reference/k-proof/verification.k-56-
/reference/k-proof/verification.k-57-  syntax Int ::= nextBest(Int, Int) [function, total]
/reference/k-proof/verification.k-58-  rule nextBest(B:Int, V:Int) => V
--
/reference/k-proof/verification.k-65-    requires shouldTake(B, V)
/reference/k-proof/verification.k-66-  rule nextBestIndex(B:Int, J:Int, V:Int, _I:Int) => J
/reference/k-proof/verification.k-67-    requires notBool shouldTake(B, V)
/reference/k-proof/verification.k-68-
/reference/k-proof/verification.k:69:  syntax Int ::= scanBest(ValSeq, Int, Int) [function, total]
/reference/k-proof/verification.k:70:  rule scanBest(.ValSeq, _I:Int, B:Int) => B
/reference/k-proof/verification.k:71:  rule scanBest(vCons(V:Val, R:ValSeq), I:Int, B:Int)
/reference/k-proof/verification.k-72-    => scanBest(R, I +Int 1, nextBest(B, projectIntTotal(V)))
/reference/k-proof/verification.k-73-
/reference/k-proof/verification.k:74:  syntax Int ::= scanBestIndex(ValSeq, Int, Int, Int)
/reference/k-proof/verification.k-75-    [function, total]
/reference/k-proof/verification.k:76:  rule scanBestIndex(.ValSeq, _I:Int, _B:Int, J:Int) => J
/reference/k-proof/verification.k-77-  rule scanBestIndex(
/reference/k-proof/verification.k:78:         vCons(V:Val, R:ValSeq), I:Int, B:Int, J:Int)
/reference/k-proof/verification.k-79-    => scanBestIndex(
/reference/k-proof/verification.k-80-         R,
/reference/k-proof/verification.k-81-         I +Int 1,
/reference/k-proof/verification.k-82-         nextBest(B, projectIntTotal(V)),
/reference/k-proof/verification.k-83-         nextBestIndex(B, J, projectIntTotal(V), I))
/reference/k-proof/verification.k-84-
/reference/k-proof/verification.k:85:  syntax Int ::= afterIndex(ValSeq, Int) [function, total]
/reference/k-proof/verification.k:86:  rule afterIndex(.ValSeq, I:Int) => I
/reference/k-proof/verification.k:87:  rule afterIndex(vCons(_V:Val, R:ValSeq), I:Int)
/reference/k-proof/verification.k-88-    => afterIndex(R, I +Int 1)
/reference/k-proof/verification.k-89-
/reference/k-proof/verification.k:90:  syntax Val ::= resultList(Int, Int) [function, total]
/reference/k-proof/verification.k:91:  rule resultList(B:Int, _J:Int) => list(.ValSeq)
/reference/k-proof/verification.k-92-    requires B <Int 0
/reference/k-proof/verification.k-93-  rule resultList(B:Int, J:Int)
/reference/k-proof/verification.k-94-    => list(vCons(B, vCons(J, .ValSeq)))
/reference/k-proof/verification.k-95-    requires B >=Int 0
--
/reference/k-proof/reference-semantics/semantics.k-12-//   semantics/core.k           MPY-CORE         values, config, load, lookup, shared helpers   [required]
/reference/k-proof/reference-semantics/semantics.k-13-//   semantics/iter.k           MPY-ITER         the iterator protocol (#iterNext/#iterYield/#iterDone) decl
/reference/k-proof/reference-semantics/semantics.k-14-//   semantics/range.k          MPY-RANGE        rangeObj: inRange / rangeLen / its #iterNext
/reference/k-proof/reference-semantics/semantics.k-15-//   semantics/operators.k      MPY-OPERATORS    operator DISPATCH (UnaryOp/BinOp/Compare/BoolOp) — domain files own the cases
/reference/k-proof/reference-semantics/semantics.k:16://   semantics/int.k            MPY-INT          Int operator cases; floored // and % (pyMod)
/reference/k-proof/reference-semantics/semantics.k-17-//   semantics/bool.k           MPY-BOOL         Bool operator cases + truthy not/and/or (BoolOp)
/reference/k-proof/reference-semantics/semantics.k-18-//   semantics/float.k          MPY-FLOAT        Float Val: literal + opaque float ops ([concrete] for krun)
/reference/k-proof/reference-semantics/semantics.k-19-//   semantics/str.k            MPY-STR          str(IntSeq): literal, +, ==, in
/reference/k-proof/reference-semantics/semantics.k-20-//   semantics/set.k            MPY-SET          set(str): distinct char codes (len / membership)
--
/reference/k-proof/reference-semantics/semantics/subscript.k-7-  // valSeqAt is [total]: in-bounds vCons access reduces as usual; on an OPAQUE sequence (e.g.
/reference/k-proof/reference-semantics/semantics/subscript.k-8-  // a trusted sort's sortVS(VS)) or OOB it stays an abstract total value — so indexing the
/reference/k-proof/reference-semantics/semantics/subscript.k-9-  // opaque sorted list is DEFINED (no undischarged #Ceil), matching the old semantics' total
/reference/k-proof/reference-semantics/semantics/subscript.k-10-  // atK. K trusts the [total] annotation; valid programs index in-bounds.
/reference/k-proof/reference-semantics/semantics/subscript.k:11:  syntax Val ::= valSeqAt(ValSeq, Int) [function, total]
/reference/k-proof/reference-semantics/semantics/subscript.k-12-  rule valSeqAt(vCons(V:Val, _:ValSeq), 0)     => V
/reference/k-proof/reference-semantics/semantics/subscript.k:13:  rule valSeqAt(vCons(_:Val, S:ValSeq), I:Int) => valSeqAt(S, I -Int 1)
/reference/k-proof/reference-semantics/semantics/subscript.k-14-       requires I >Int 0
/reference/k-proof/reference-semantics/semantics/subscript.k-15-
/reference/k-proof/reference-semantics/semantics/subscript.k-16-  syntax Int ::= intSeqAt(IntSeq, Int) [function]
/reference/k-proof/reference-semantics/semantics/subscript.k-17-  rule intSeqAt(iCons(C:Int, _:IntSeq), 0)     => C
--
/reference/k-proof/reference-semantics/semantics/subscript.k-31-  rule <k> Subscript(ref(H:Int), IX:Index) => Subscript(V, IX) ... </k>
/reference/k-proof/reference-semantics/semantics/subscript.k-32-       <heap> ... H |-> V:Val ... </heap>
/reference/k-proof/reference-semantics/semantics/subscript.k-33-       [priority(40)]
/reference/k-proof/reference-semantics/semantics/subscript.k-34-
/reference/k-proof/reference-semantics/semantics/subscript.k:35:  rule <k> Subscript(OBJ:Val, I:Int) => applyIndex(OBJ, I) ... </k>
/reference/k-proof/reference-semantics/semantics/subscript.k-36-
/reference/k-proof/reference-semantics/semantics/subscript.k:37:  syntax Val ::= applyIndex(Val, Int) [function]
/reference/k-proof/reference-semantics/semantics/subscript.k:38:  rule applyIndex(list(VS:ValSeq),  I:Int) => valSeqAt(VS, normIdx(I, vsLen(VS)))
/reference/k-proof/reference-semantics/semantics/subscript.k:39:  rule applyIndex(tuple(VS:ValSeq), I:Int) => valSeqAt(VS, normIdx(I, vsLen(VS)))
/reference/k-proof/reference-semantics/semantics/subscript.k-40-  rule applyIndex(str(IS:IntSeq),   I:Int)
/reference/k-proof/reference-semantics/semantics/subscript.k-41-    => str(iCons(intSeqAt(IS, normIdx(I, isLen(IS))), .IntSeq))
/reference/k-proof/reference-semantics/semantics/subscript.k-42-
/reference/k-proof/reference-semantics/semantics/subscript.k-43-  // ==== Slice: obj[lo:hi:step] (list / str) — CPython slice.indices ==========
/reference/k-proof/reference-semantics/semantics/subscript.k-44-  syntax KItem ::= #evalB(Bound) | "#toSome"
/reference/k-proof/reference-semantics/semantics/subscript.k-45-                 | #slLo(Val, Bound, Bound)
/reference/k-proof/reference-semantics/semantics/subscript.k:46:                 | #slHi(Val, OptInt, Bound)
/reference/k-proof/reference-semantics/semantics/subscript.k:47:                 | #slStep(Val, OptInt, OptInt)
/reference/k-proof/reference-semantics/semantics/subscript.k-48-
/reference/k-proof/reference-semantics/semantics/subscript.k-49-  syntax OptInt ::= "noB" | someB(Int)
/reference/k-proof/reference-semantics/semantics/subscript.k-50-  rule <k> #evalB(NoBound)  => noB ... </k>
/reference/k-proof/reference-semantics/semantics/subscript.k-51-  rule <k> #evalB(E:Expr)   => E ~> #toSome ... </k>
/reference/k-proof/reference-semantics/semantics/subscript.k-52-  rule <k> I:Int ~> #toSome => someB(I) ... </k>
/reference/k-proof/reference-semantics/semantics/subscript.k-53-
/reference/k-proof/reference-semantics/semantics/subscript.k-54-  rule <k> Subscript(OBJ:Val, Slice(LO:Bound, HI:Bound, ST:Bound)) => #evalB(LO) ~> #slLo(OBJ, HI, ST) ... </k>
/reference/k-proof/reference-semantics/semantics/subscript.k:55:  rule <k> LO:OptInt ~> #slLo(OBJ:Val, HI:Bound, ST:Bound)   => #evalB(HI) ~> #slHi(OBJ, LO, ST) ... </k>
/reference/k-proof/reference-semantics/semantics/subscript.k:56:  rule <k> HI:OptInt ~> #slHi(OBJ:Val, LO:OptInt, ST:Bound)  => #evalB(ST) ~> #slStep(OBJ, LO, HI) ... </k>
/reference/k-proof/reference-semantics/semantics/subscript.k-57-  // a list slice constructs a NEW object; a str slice stays a value
/reference/k-proof/reference-semantics/semantics/subscript.k:58:  rule <k> ST:OptInt ~> #slStep(list(VS:ValSeq), LO:OptInt, HI:OptInt)
/reference/k-proof/reference-semantics/semantics/subscript.k-59-        => #alloc(doSlice(list(VS), LO, HI, ST)) ... </k>
/reference/k-proof/reference-semantics/semantics/subscript.k-60-       [priority(45)]
/reference/k-proof/reference-semantics/semantics/subscript.k:61:  rule <k> ST:OptInt ~> #slStep(OBJ:Val, LO:OptInt, HI:OptInt) => doSlice(OBJ, LO, HI, ST) ... </k>
/reference/k-proof/reference-semantics/semantics/subscript.k-62-
/reference/k-proof/reference-semantics/semantics/subscript.k:63:  syntax Val ::= doSlice(Val, OptInt, OptInt, OptInt) [function]
/reference/k-proof/reference-semantics/semantics/subscript.k:64:  rule doSlice(list(VS:ValSeq), LO:OptInt, HI:OptInt, ST:OptInt)
/reference/k-proof/reference-semantics/semantics/subscript.k-65-    => list(buildVS(VS, slStart(LO, ST, vsLen(VS)), slStop(HI, ST, vsLen(VS)), slStep(ST)))
/reference/k-proof/reference-semantics/semantics/subscript.k:66:  rule doSlice(tuple(VS:ValSeq), LO:OptInt, HI:OptInt, ST:OptInt)
/reference/k-proof/reference-semantics/semantics/subscript.k-67-    => tuple(buildVS(VS, slStart(LO, ST, vsLen(VS)), slStop(HI, ST, vsLen(VS)), slStep(ST)))
/reference/k-proof/reference-semantics/semantics/subscript.k-68-  rule doSlice(str(IS:IntSeq), LO:OptInt, HI:OptInt, ST:OptInt)
/reference/k-proof/reference-semantics/semantics/subscript.k-69-    => str(buildIS(IS, slStart(LO, ST, isLen(IS)), slStop(HI, ST, isLen(IS)), slStep(ST)))
/reference/k-proof/reference-semantics/semantics/subscript.k-70-
--
/reference/k-proof/reference-semantics/semantics/subscript.k-105-  rule clampHi(I:Int, LEN:Int, STEP:Int)  => #if STEP <Int 0 #then LEN -Int 1 #else LEN #fi
/reference/k-proof/reference-semantics/semantics/subscript.k-106-       requires I >=Int LEN
/reference/k-proof/reference-semantics/semantics/subscript.k-107-
/reference/k-proof/reference-semantics/semantics/subscript.k-108-  // ==== build the strided sub-sequence (indices in range by construction) ====
/reference/k-proof/reference-semantics/semantics/subscript.k:109:  syntax ValSeq ::= buildVS(ValSeq, Int, Int, Int) [function]
/reference/k-proof/reference-semantics/semantics/subscript.k:110:  rule buildVS(VS:ValSeq, I:Int, STOP:Int, STEP:Int)
/reference/k-proof/reference-semantics/semantics/subscript.k-111-    => vCons(valSeqAt(VS, I), buildVS(VS, I +Int STEP, STOP, STEP))
/reference/k-proof/reference-semantics/semantics/subscript.k-112-       requires (STEP >Int 0 andBool I <Int STOP) orBool (STEP <Int 0 andBool I >Int STOP)
/reference/k-proof/reference-semantics/semantics/subscript.k:113:  rule buildVS(_:ValSeq, I:Int, STOP:Int, STEP:Int) => .ValSeq
/reference/k-proof/reference-semantics/semantics/subscript.k-114-       requires notBool ((STEP >Int 0 andBool I <Int STOP) orBool (STEP <Int 0 andBool I >Int STOP))
/reference/k-proof/reference-semantics/semantics/subscript.k-115-
/reference/k-proof/reference-semantics/semantics/subscript.k-116-  syntax IntSeq ::= buildIS(IntSeq, Int, Int, Int) [function]
/reference/k-proof/reference-semantics/semantics/subscript.k-117-  rule buildIS(IS:IntSeq, I:Int, STOP:Int, STEP:Int)
--
/reference/k-proof/reference-semantics/semantics/core.k-21-                    | rangeObj(Int, Int, Int)
/reference/k-proof/reference-semantics/semantics/core.k-22-                    | zipObj(ValSeq, ValSeq)
/reference/k-proof/reference-semantics/semantics/core.k-23-                    | zipObjS(IntSeq, IntSeq)
/reference/k-proof/reference-semantics/semantics/core.k-24-
/reference/k-proof/reference-semantics/semantics/core.k:25:  syntax Val      ::= Int
/reference/k-proof/reference-semantics/semantics/core.k-26-                    | Bool
/reference/k-proof/reference-semantics/semantics/core.k-27-                    | "noneV"
/reference/k-proof/reference-semantics/semantics/core.k-28-                    | Iterable
/reference/k-proof/reference-semantics/semantics/core.k-29-                    | ref(Int)          // a heap object: <heap> holds its list(VS)
/reference/k-proof/reference-semantics/semantics/core.k-30-                    | cellRef(Int)      // a closure cell: <heap> holds cellV(V)
/reference/k-proof/reference-semantics/semantics/core.k:31:                    | closureVal(ParamNames, Stmts, Int)
/reference/k-proof/reference-semantics/semantics/core.k-32-                    | typeV(String)     // a type object (int/str), resolved from the builtins frame
/reference/k-proof/reference-semantics/semantics/core.k-33-                    | builtinV(String)  // a builtin function, resolved like any name (LEGB fallthrough)
/reference/k-proof/reference-semantics/semantics/core.k-34-                    | boundMethodV(Val, String)   // a cooled Attribute: obj.method
/reference/k-proof/reference-semantics/semantics/core.k-35-
--
/reference/k-proof/reference-semantics/semantics/core.k-110-  rule pnMember(_:String, .ParamNames) => false
/reference/k-proof/reference-semantics/semantics/core.k-111-  rule pnMember(X:String, (P:String, R:ParamNames)) => X ==String P orBool pnMember(X, R)
/reference/k-proof/reference-semantics/semantics/core.k-112-
/reference/k-proof/reference-semantics/semantics/core.k-113-  syntax KItem ::= #cellW(Val, Val)
/reference/k-proof/reference-semantics/semantics/core.k:114:  rule <k> #cellW(cellRef(H:Int), V:Val) => .K ... </k>
/reference/k-proof/reference-semantics/semantics/core.k-115-       <heap> ... H |-> cellV(_:Val => V) ... </heap>
/reference/k-proof/reference-semantics/semantics/core.k-116-
/reference/k-proof/reference-semantics/semantics/core.k-117-  syntax KItem ::= #alloc(Val)
/reference/k-proof/reference-semantics/semantics/core.k-118-  rule <k> #alloc(V:Val) => ref(N) ... </k>
--
/reference/k-proof/reference-semantics/semantics/core.k-128-
/reference/k-proof/reference-semantics/semantics/core.k-129-  // ==== Name lookup (walk the scope chain; builtins live in the -1 scope) ====
/reference/k-proof/reference-semantics/semantics/core.k-130-  syntax KItem ::= #look(String, Int)
/reference/k-proof/reference-semantics/semantics/core.k-131-  rule <k> Name(X:String) => #look(X, L) ... </k> <env> L:Int </env>
/reference/k-proof/reference-semantics/semantics/core.k:132:  rule <k> #look(X:String, L:Int) => {M[X]}:>Val ... </k>
/reference/k-proof/reference-semantics/semantics/core.k-133-       <scopes> ... L |-> scope(M:Map, _:Parent) ... </scopes>
/reference/k-proof/reference-semantics/semantics/core.k-134-       requires X in_keys(M)
/reference/k-proof/reference-semantics/semantics/core.k-135-  // a SYNTACTICALLY cell-bound name reads through the heap cell AT THE
/reference/k-proof/reference-semantics/semantics/core.k-136-  // LOOKUP (higher priority beats the plain return above on concrete cell
--
/reference/k-proof/reference-semantics/semantics/core.k-205-  rule truthy(tuple(V:ValSeq)) => notBool (V ==K .ValSeq)
/reference/k-proof/reference-semantics/semantics/core.k-206-
/reference/k-proof/reference-semantics/semantics/core.k-207-  // ==== extensible operator dispatch (cases added by the construct modules) ==
/reference/k-proof/reference-semantics/semantics/core.k-208-  syntax Val  ::= applyUn(String, Val) [function]
/reference/k-proof/reference-semantics/semantics/core.k:209:  syntax Val  ::= applyBin(String, Val, Val) [function]
/reference/k-proof/reference-semantics/semantics/core.k-210-  syntax Bool ::= applyCmp(String, Val, Val) [function]
/reference/k-proof/reference-semantics/semantics/core.k-211-
/reference/k-proof/reference-semantics/semantics/core.k-212-  // ==== shared list helpers =================================================
/reference/k-proof/reference-semantics/semantics/core.k-213-  syntax Vals ::= appendVal(Vals, Val) [function, total]
--
/reference/k-proof/reference-semantics/semantics/core.k-219-  rule vals2valSeq((V:Val, VS:Vals)) => vCons(V, vals2valSeq(VS))
/reference/k-proof/reference-semantics/semantics/core.k-220-
/reference/k-proof/reference-semantics/semantics/core.k-221-  // ==== shared sequence length (len / summaries across many modules) ========
/reference/k-proof/reference-semantics/semantics/core.k-222-  // (positional access valSeqAt/intSeqAt + normIdx live in subscript.k)
/reference/k-proof/reference-semantics/semantics/core.k:223:  syntax Int ::= vsLen(ValSeq) [function, total]
/reference/k-proof/reference-semantics/semantics/core.k-224-  rule vsLen(.ValSeq)                => 0
/reference/k-proof/reference-semantics/semantics/core.k:225:  rule vsLen(vCons(_:Val, S:ValSeq)) => 1 +Int vsLen(S)
/reference/k-proof/reference-semantics/semantics/core.k-226-
/reference/k-proof/reference-semantics/semantics/core.k-227-  syntax Int ::= isLen(IntSeq) [function, total]
/reference/k-proof/reference-semantics/semantics/core.k-228-  rule isLen(.IntSeq)                => 0
/reference/k-proof/reference-semantics/semantics/core.k-229-  rule isLen(iCons(_:Int, S:IntSeq)) => 1 +Int isLen(S)
/reference/k-proof/reference-semantics/semantics/core.k-230-
/reference/k-proof/reference-semantics/semantics/core.k-231-  // in-bounds positional write (list subscript-assign); OOB leaves the seq unchanged
/reference/k-proof/reference-semantics/semantics/core.k-232-  // (valid programs write in-bounds — mirrors valSeqAt's total-but-underspecified stance)
/reference/k-proof/reference-semantics/semantics/core.k:233:  syntax ValSeq ::= setVSAt(ValSeq, Int, Val) [function, total]
/reference/k-proof/reference-semantics/semantics/core.k:234:  rule setVSAt(.ValSeq, _:Int, _:Val)               => .ValSeq
/reference/k-proof/reference-semantics/semantics/core.k-235-  rule setVSAt(vCons(_:Val, S:ValSeq), 0, V:Val)    => vCons(V, S)
/reference/k-proof/reference-semantics/semantics/core.k:236:  rule setVSAt(vCons(W:Val, S:ValSeq), I:Int, V:Val) => vCons(W, setVSAt(S, I -Int 1, V))
/reference/k-proof/reference-semantics/semantics/core.k-237-       requires I >Int 0
/reference/k-proof/reference-semantics/semantics/core.k:238:  rule setVSAt(VS:ValSeq, I:Int, _:Val)             => VS
/reference/k-proof/reference-semantics/semantics/core.k-239-       requires I <Int 0
/reference/k-proof/reference-semantics/semantics/core.k-240-endmodule
--
/reference/k-proof/reference-semantics/semantics/sort.k-12-  imports MPY-SUBSCRIPT
/reference/k-proof/reference-semantics/semantics/sort.k-13-
/reference/k-proof/reference-semantics/semantics/sort.k-14-  // sortVS(VS): the ascending sort of the Val list VS. Opaque for symbolic VS (no-evaluators);
/reference/k-proof/reference-semantics/semantics/sort.k-15-  // concrete insertion sort for krun.
/reference/k-proof/reference-semantics/semantics/sort.k:16:  // Concrete sort matches Int-sorted elements directly (an int Val IS an Int); projectIntTotal
/reference/k-proof/reference-semantics/semantics/sort.k-17-  // (lemmas-only) is not available in the semantics. Int and str lists.
/reference/k-proof/reference-semantics/semantics/sort.k-18-  syntax ValSeq ::= sortVS(ValSeq) [function, total, symbol(sortVS), no-evaluators]
/reference/k-proof/reference-semantics/semantics/sort.k:19:  syntax ValSeq ::= insVS(Int, ValSeq) [function]
/reference/k-proof/reference-semantics/semantics/sort.k-20-  rule sortVS(.ValSeq)                => .ValSeq          [concrete]
/reference/k-proof/reference-semantics/semantics/sort.k:21:  rule sortVS(vCons(X:Int, R:ValSeq)) => insVS(X, sortVS(R)) [concrete]
/reference/k-proof/reference-semantics/semantics/sort.k:22:  rule insVS(X:Int, .ValSeq)                => vCons(X, .ValSeq) [concrete]
/reference/k-proof/reference-semantics/semantics/sort.k:23:  rule insVS(X:Int, vCons(Y:Int, R:ValSeq)) => vCons(X, vCons(Y, R)) requires X <=Int Y [concrete]
/reference/k-proof/reference-semantics/semantics/sort.k:24:  rule insVS(X:Int, vCons(Y:Int, R:ValSeq)) => vCons(Y, insVS(X, R)) requires X  >Int Y [concrete]
/reference/k-proof/reference-semantics/semantics/sort.k-25-  // str elements insert by the shared lexicographic strLt (methods.k)
/reference/k-proof/reference-semantics/semantics/sort.k:26:  syntax ValSeq ::= insVSs(IntSeq, ValSeq) [function]
/reference/k-proof/reference-semantics/semantics/sort.k:27:  rule sortVS(vCons(str(CS:IntSeq), R:ValSeq)) => insVSs(CS, sortVS(R)) [concrete]
/reference/k-proof/reference-semantics/semantics/sort.k:28:  rule insVSs(A:IntSeq, .ValSeq) => vCons(str(A), .ValSeq) [concrete]
/reference/k-proof/reference-semantics/semantics/sort.k:29:  rule insVSs(A:IntSeq, vCons(str(B:IntSeq), R:ValSeq)) => vCons(str(A), vCons(str(B), R))
/reference/k-proof/reference-semantics/semantics/sort.k-30-       requires strLt(A, B) orBool A ==K B [concrete]
/reference/k-proof/reference-semantics/semantics/sort.k:31:  rule insVSs(A:IntSeq, vCons(str(B:IntSeq), R:ValSeq)) => vCons(str(B), insVSs(A, R))
/reference/k-proof/reference-semantics/semantics/sort.k-32-       requires notBool (strLt(A, B) orBool A ==K B) [concrete]
/reference/k-proof/reference-semantics/semantics/sort.k-33-
/reference/k-proof/reference-semantics/semantics/sort.k-34-  // sorted(list) constructs a NEW object: k-cell pre-dispatch (beats the [owise]
/reference/k-proof/reference-semantics/semantics/sort.k-35-  // applyBuiltin routing in call.k) so the result allocates.
/reference/k-proof/reference-semantics/semantics/sort.k-36-  rule <k> #applyK(toCall(builtinV("sorted")), (list(VS:ValSeq), .Vals))
/reference/k-proof/reference-semantics/semantics/sort.k-37-        => #alloc(list(sortVS(VS))) ... </k>
/reference/k-proof/reference-semantics/semantics/sort.k-38-
/reference/k-proof/reference-semantics/semantics/sort.k-39-  // mutator: xs.sort() — the in-place heap write over the same trusted sortVS
/reference/k-proof/reference-semantics/semantics/sort.k:40:  rule <k> #applyK(toCall(boundMethodV(ref(H:Int), "sort")), .Vals) => noneV ... </k>
/reference/k-proof/reference-semantics/semantics/sort.k-41-       <heap> ... H |-> list(VS:ValSeq => sortVS(VS)) ... </heap>
/reference/k-proof/reference-semantics/semantics/sort.k-42-       [priority(40)]
/reference/k-proof/reference-semantics/semantics/sort.k-43-
/reference/k-proof/reference-semantics/semantics/sort.k-44-  // ==== keyed / reversed sorted() (WP2) =====================================
--
/reference/k-proof/reference-semantics/semantics/list.k-41-  rule deepEqVS(vCons(_:Val, _:ValSeq), .ValSeq, _:Map)    => false
/reference/k-proof/reference-semantics/semantics/list.k-42-  rule deepEqVS(vCons(A:Val, As:ValSeq), vCons(B:Val, Bs:ValSeq), HP:Map)
/reference/k-proof/reference-semantics/semantics/list.k-43-    => deepEqV(A, B, HP) andBool deepEqVS(As, Bs, HP)
/reference/k-proof/reference-semantics/semantics/list.k-44-
/reference/k-proof/reference-semantics/semantics/list.k:45:  rule deepEqV(ref(H:Int), B:Val, HP:Map) => deepEqV({HP[H]}:>Val, B, HP)
/reference/k-proof/reference-semantics/semantics/list.k-46-       requires H in_keys(HP)
/reference/k-proof/reference-semantics/semantics/list.k:47:  rule deepEqV(A:Val, ref(H:Int), HP:Map) => deepEqV(A, {HP[H]}:>Val, HP)
/reference/k-proof/reference-semantics/semantics/list.k-48-       requires notBool isRefV(A) andBool H in_keys(HP)
/reference/k-proof/reference-semantics/semantics/list.k-49-  rule deepEqV(list(A:ValSeq), list(B:ValSeq), HP:Map) => deepEqVS(A, B, HP)
/reference/k-proof/reference-semantics/semantics/list.k-50-  rule deepEqV(A:Val, B:Val, _:Map) => A ==K B [owise]
/reference/k-proof/reference-semantics/semantics/list.k-51-
/reference/k-proof/reference-semantics/semantics/list.k-52-  // ==== mutator: xs.append(v) — an in-place heap write ======================
/reference/k-proof/reference-semantics/semantics/list.k:53:  rule <k> #applyK(toCall(boundMethodV(ref(H:Int), "append")), (V:Val, .Vals)) => noneV ... </k>
/reference/k-proof/reference-semantics/semantics/list.k-54-       <heap> ... H |-> list(VS:ValSeq => valSeqConcat(VS, vCons(V, .ValSeq))) ... </heap>
/reference/k-proof/reference-semantics/semantics/list.k-55-       [priority(40)]
/reference/k-proof/reference-semantics/semantics/list.k-56-
/reference/k-proof/reference-semantics/semantics/list.k-57-  // ==== `x in list` — a <k>-cell fold over #iterNext ========================
--
/reference/k-proof/reference-semantics/semantics/call.k-34-  // ==== heap-object arguments/receivers =====================================
/reference/k-proof/reference-semantics/semantics/call.k-35-  // Builtins and type calls READ structure — deref the first two arg positions
/reference/k-proof/reference-semantics/semantics/call.k-36-  // (covers len/sum/all/any/max/min/sorted/list/set + zip's pair). Mutating list
/reference/k-proof/reference-semantics/semantics/call.k-37-  // methods take the ref itself; every other method receiver is deref'd.
/reference/k-proof/reference-semantics/semantics/call.k:38:  rule <k> #applyK(toCall(builtinV(BN:String)), (ref(H:Int), REST:Vals))
/reference/k-proof/reference-semantics/semantics/call.k-39-        => #applyK(toCall(builtinV(BN)), (V, REST)) ... </k>
/reference/k-proof/reference-semantics/semantics/call.k-40-       <heap> ... H |-> V:Val ... </heap>
/reference/k-proof/reference-semantics/semantics/call.k-41-       [priority(40)]
/reference/k-proof/reference-semantics/semantics/call.k:42:  rule <k> #applyK(toCall(builtinV(BN:String)), (A:Val, ref(H:Int), REST:Vals))
/reference/k-proof/reference-semantics/semantics/call.k-43-        => #applyK(toCall(builtinV(BN)), (A, V, REST)) ... </k>
/reference/k-proof/reference-semantics/semantics/call.k-44-       <heap> ... H |-> V:Val ... </heap>
/reference/k-proof/reference-semantics/semantics/call.k-45-       requires notBool isRefV(A)
/reference/k-proof/reference-semantics/semantics/call.k-46-       [priority(40)]
/reference/k-proof/reference-semantics/semantics/call.k:47:  rule <k> #applyK(toCall(typeV(T:String)), (ref(H:Int), REST:Vals))
/reference/k-proof/reference-semantics/semantics/call.k-48-        => #applyK(toCall(typeV(T)), (V, REST)) ... </k>
/reference/k-proof/reference-semantics/semantics/call.k-49-       <heap> ... H |-> V:Val ... </heap>
/reference/k-proof/reference-semantics/semantics/call.k-50-       [priority(40)]
/reference/k-proof/reference-semantics/semantics/call.k-51-
/reference/k-proof/reference-semantics/semantics/call.k-52-  syntax Bool ::= isMutMethod(String) [function, total]
/reference/k-proof/reference-semantics/semantics/call.k-53-  rule isMutMethod(M:String)
/reference/k-proof/reference-semantics/semantics/call.k-54-    => M ==String "append" orBool M ==String "sort" orBool M ==String "extend"
/reference/k-proof/reference-semantics/semantics/call.k-55-       orBool M ==String "insert" orBool M ==String "pop" orBool M ==String "remove"
/reference/k-proof/reference-semantics/semantics/call.k:56:  rule <k> #applyK(toCall(boundMethodV(ref(H:Int), M:String)), ACC:Vals)
/reference/k-proof/reference-semantics/semantics/call.k-57-        => #applyK(toCall(boundMethodV(V, M)), ACC) ... </k>
/reference/k-proof/reference-semantics/semantics/call.k-58-       <heap> ... H |-> V:Val ... </heap>
/reference/k-proof/reference-semantics/semantics/call.k-59-       requires notBool isMutMethod(M)
/reference/k-proof/reference-semantics/semantics/call.k-60-       [priority(40)]
/reference/k-proof/reference-semantics/semantics/call.k-61-  // non-mutating methods READ their heap-object arguments too (join's list);
/reference/k-proof/reference-semantics/semantics/call.k-62-  // mutators keep refs (append of a list into a list-of-lists stays aliased)
/reference/k-proof/reference-semantics/semantics/call.k:63:  rule <k> #applyK(toCall(boundMethodV(OBJ:Val, M:String)), (ref(H:Int), REST:Vals))
/reference/k-proof/reference-semantics/semantics/call.k-64-        => #applyK(toCall(boundMethodV(OBJ, M)), (V, REST)) ... </k>
/reference/k-proof/reference-semantics/semantics/call.k-65-       <heap> ... H |-> V:Val ... </heap>
/reference/k-proof/reference-semantics/semantics/call.k-66-       requires notBool isMutMethod(M) andBool notBool isRefV(OBJ)
/reference/k-proof/reference-semantics/semantics/call.k-67-       [priority(40)]
/reference/k-proof/reference-semantics/semantics/call.k-68-
/reference/k-proof/reference-semantics/semantics/call.k:69:  rule <k> #applyK(toCall(closureVal(PNS:ParamNames, BODY:Stmts, DEFL:Int)), ACC:Vals) ~> CONT
/reference/k-proof/reference-semantics/semantics/call.k-70-        => #bindP(PNS, ACC) ~> BODY ~> #endcall </k>
/reference/k-proof/reference-semantics/semantics/call.k-71-       <env>     CALLERL:Int => NEWL </env>
/reference/k-proof/reference-semantics/semantics/call.k-72-       <scopes>   STORE:Map => STORE [ NEWL <- scope(.Map, parent(DEFL)) ] </scopes>
/reference/k-proof/reference-semantics/semantics/call.k-73-       <scopeLoc> NEWL:Int => NEWL +Int 1 </scopeLoc>
--
/reference/k-proof/reference-semantics/semantics/float.k-6-// input, and the proof verifies only the STRUCTURE (the result is the exact term the program
/reference/k-proof/reference-semantics/semantics/float.k-7-// builds). The `[concrete]` rule evaluates it for krun (llvm HAS the Int2Float / /Float hooks), so
/reference/k-proof/reference-semantics/semantics/float.k-8-// smoke tests run the real float value.
/reference/k-proof/reference-semantics/semantics/float.k-9-//
/reference/k-proof/reference-semantics/semantics/float.k:10:// Only the pieces needed so far: Float as a Val, the float literal, and Int / float true division
/reference/k-proof/reference-semantics/semantics/float.k-11-// (the `a * h / 2.0` idiom). More float ops (float +/-/*, comparison) are added as float problems
/reference/k-proof/reference-semantics/semantics/float.k-12-// need them — kept minimal + sound.
/reference/k-proof/reference-semantics/semantics/float.k-13-
/reference/k-proof/reference-semantics/semantics/float.k-14-module MPY-FLOAT
--
/reference/k-proof/reference-semantics/semantics/float.k-23-  // Int / float true division. OPAQUE for kprove (no-evaluators); concrete for krun.
/reference/k-proof/reference-semantics/semantics/float.k-24-  syntax Float ::= intFloatDiv(Int, Float) [function, total, symbol(intFloatDiv), no-evaluators]
/reference/k-proof/reference-semantics/semantics/float.k-25-  rule intFloatDiv(I:Int, F:Float) => Int2Float(I, 53, 11) /Float F [concrete]
/reference/k-proof/reference-semantics/semantics/float.k-26-
/reference/k-proof/reference-semantics/semantics/float.k:27:  rule applyBin("/", I:Int, F:Float) => intFloatDiv(I, F)
/reference/k-proof/reference-semantics/semantics/float.k-28-
/reference/k-proof/reference-semantics/semantics/float.k-29-  // Int / Int true division (Python: always a float). OPAQUE for kprove; concrete for krun.
/reference/k-proof/reference-semantics/semantics/float.k-30-  syntax Float ::= divII(Int, Int) [function, total, symbol(divII), no-evaluators]
/reference/k-proof/reference-semantics/semantics/float.k-31-  rule divII(I1:Int, I2:Int) => Int2Float(I1, 53, 11) /Float Int2Float(I2, 53, 11) [concrete]
/reference/k-proof/reference-semantics/semantics/float.k:32:  rule applyBin("/", I1:Int, I2:Int) => divII(I1, I2)
/reference/k-proof/reference-semantics/semantics/float.k-33-
/reference/k-proof/reference-semantics/semantics/float.k-34-  // float % float (e.g. `number % 1.0` = the fractional part). OPAQUE for kprove, concrete for
/reference/k-proof/reference-semantics/semantics/float.k-35-  // krun. Python's float `%` is floor-based: a % b = a - floor(a/b)*b (K's %Float is IEEE
/reference/k-proof/reference-semantics/semantics/float.k-36-  // remainder, which differs — 3.5 %Float 1.0 = -0.5 vs Python 0.5 — so it is NOT used).
/reference/k-proof/reference-semantics/semantics/float.k-37-  syntax Float ::= floatMod(Float, Float) [function, total, symbol(floatMod), no-evaluators]
/reference/k-proof/reference-semantics/semantics/float.k-38-  rule floatMod(F1:Float, F2:Float) => F1 -Float (floorFloat(F1 /Float F2) *Float F2) [concrete]
/reference/k-proof/reference-semantics/semantics/float.k:39:  rule applyBin("%", F1:Float, F2:Float) => floatMod(F1, F2)
/reference/k-proof/reference-semantics/semantics/float.k-40-
/reference/k-proof/reference-semantics/semantics/float.k-41-  // float equality — for concrete krun asserts (e.g. `area == 7.5`); the FLOAT.eq hook is fine on
/reference/k-proof/reference-semantics/semantics/float.k-42-  // concrete floats. kprove proofs return floats structurally and do not compare them.
/reference/k-proof/reference-semantics/semantics/float.k-43-  rule applyCmp("==", F1:Float, F2:Float) => F1 ==Float F2
--
/reference/k-proof/reference-semantics/semantics/float.k-69-  // math.floor(x) — same interception shape as math.ceil
/reference/k-proof/reference-semantics/semantics/float.k-70-  syntax KItem ::= "#mathFloor"
/reference/k-proof/reference-semantics/semantics/float.k-71-  rule <k> Call(Attribute(Name("math"), "floor"), (E:Expr, .Exprs)) => E ~> #mathFloor ... </k> [priority(40)]
/reference/k-proof/reference-semantics/semantics/float.k-72-  rule <k> V:Val ~> #mathFloor => floorFI(V) ... </k>
/reference/k-proof/reference-semantics/semantics/float.k:73:  syntax Int ::= floorFI(Val) [function, total, symbol(floorFI)]
/reference/k-proof/reference-semantics/semantics/float.k-74-  rule floorFI(I:Int)   => I                        [concrete]
/reference/k-proof/reference-semantics/semantics/float.k-75-  rule floorFI(F:Float) => Float2Int(floorFloat(F)) [concrete]
/reference/k-proof/reference-semantics/semantics/float.k-76-
/reference/k-proof/reference-semantics/semantics/float.k-77-  // bare floor/ceil (bound by `from math import floor, ceil`)
--
/reference/k-proof/reference-semantics/semantics/float.k-89-
/reference/k-proof/reference-semantics/semantics/float.k-90-  // ceilF: math.ceil as an Int. TOTAL (K trusts it; a symbolic list element stays opaque for
/reference/k-proof/reference-semantics/semantics/float.k-91-  // kprove — structural). [concrete] so the Int2Float/ceilFloat hooks only run for krun (llvm).
/reference/k-proof/reference-semantics/semantics/float.k-92-  // Matches Python incl. negatives: ceil(-2.4) = -2 = Float2Int(ceilFloat(-2.4)).
/reference/k-proof/reference-semantics/semantics/float.k:93:  syntax Int ::= ceilF(Val) [function, total, symbol(ceilF)]
/reference/k-proof/reference-semantics/semantics/float.k-94-  rule ceilF(I:Int)   => I                       [concrete]
/reference/k-proof/reference-semantics/semantics/float.k-95-  rule ceilF(F:Float) => Float2Int(ceilFloat(F)) [concrete]
/reference/k-proof/reference-semantics/semantics/float.k-96-
/reference/k-proof/reference-semantics/semantics/float.k-97-  // unary minus on a float (e.g. the literal -2.4 = UnaryOp("-", Float(2.4))). Concrete for krun;
--
/reference/k-proof/reference-semantics/semantics/float.k-101-  // ---- float - / / / + (OPAQUE for kprove [no-evaluators], concrete for krun) — for float-list
/reference/k-proof/reference-semantics/semantics/float.k-102-  // element maps (x - lo) / (hi - lo). Mirror intFloatDiv: additive, sort-disjoint from the Int rules.
/reference/k-proof/reference-semantics/semantics/float.k-103-  syntax Float ::= subF(Float, Float) [function, total, symbol(subF), no-evaluators]
/reference/k-proof/reference-semantics/semantics/float.k-104-  rule subF(F1:Float, F2:Float) => F1 -Float F2 [concrete]
/reference/k-proof/reference-semantics/semantics/float.k:105:  rule applyBin("-", F1:Float, F2:Float) => subF(F1, F2)
/reference/k-proof/reference-semantics/semantics/float.k-106-
/reference/k-proof/reference-semantics/semantics/float.k-107-  syntax Float ::= divF(Float, Float) [function, total, symbol(divF), no-evaluators]
/reference/k-proof/reference-semantics/semantics/float.k-108-  rule divF(F1:Float, F2:Float) => F1 /Float F2 [concrete]
/reference/k-proof/reference-semantics/semantics/float.k:109:  rule applyBin("/", F1:Float, F2:Float) => divF(F1, F2)
/reference/k-proof/reference-semantics/semantics/float.k-110-
/reference/k-proof/reference-semantics/semantics/float.k-111-  syntax Float ::= addF(Float, Float) [function, total, symbol(addF), no-evaluators]
/reference/k-proof/reference-semantics/semantics/float.k-112-  rule addF(F1:Float, F2:Float) => F1 +Float F2 [concrete]
/reference/k-proof/reference-semantics/semantics/float.k:113:  rule applyBin("+", F1:Float, F2:Float) => addF(F1, F2)
/reference/k-proof/reference-semantics/semantics/float.k-114-
/reference/k-proof/reference-semantics/semantics/float.k-115-  syntax Float ::= mulF(Float, Float) [function, total, symbol(mulF), no-evaluators]
/reference/k-proof/reference-semantics/semantics/float.k-116-  rule mulF(F1:Float, F2:Float) => F1 *Float F2 [concrete]
/reference/k-proof/reference-semantics/semantics/float.k:117:  rule applyBin("*", F1:Float, F2:Float) => mulF(F1, F2)
/reference/k-proof/reference-semantics/semantics/float.k-118-
/reference/k-proof/reference-semantics/semantics/float.k-119-  syntax Float ::= powF(Float, Float) [function, total, symbol(powF), no-evaluators]
/reference/k-proof/reference-semantics/semantics/float.k-120-  rule powF(F1:Float, F2:Float) => F1 ^Float F2 [concrete]
/reference/k-proof/reference-semantics/semantics/float.k:121:  rule applyBin("**", F1:Float, F2:Float) => powF(F1, F2)
/reference/k-proof/reference-semantics/semantics/float.k-122-
/reference/k-proof/reference-semantics/semantics/float.k-123-  // ---- the remaining comparisons (gtF promoted from find_zero — its summaries
/reference/k-proof/reference-semantics/semantics/float.k-124-  //      case-split on the atom; >= / <= derive from the two opaque compares) ----
/reference/k-proof/reference-semantics/semantics/float.k-125-  syntax Bool ::= gtF(Float, Float) [function, total, symbol(gtF), no-evaluators]
--
/reference/k-proof/reference-semantics/semantics/float.k-128-  rule applyCmp(">=", F1:Float, F2:Float) => notBool floatLt(F1, F2)
/reference/k-proof/reference-semantics/semantics/float.k-129-  rule applyCmp("<=", F1:Float, F2:Float) => notBool gtF(F1, F2)
/reference/k-proof/reference-semantics/semantics/float.k-130-
/reference/k-proof/reference-semantics/semantics/float.k-131-  // ---- mixed Int/Float operators promote the Int side (n ** 0.5 etc.) ----
/reference/k-proof/reference-semantics/semantics/float.k:132:  rule applyBin("**", I:Int, F:Float) => powF(intToF(I), F)
/reference/k-proof/reference-semantics/semantics/float.k:133:  rule applyBin("**", F:Float, I:Int) => powF(F, intToF(I))
/reference/k-proof/reference-semantics/semantics/float.k:134:  rule applyBin("-",  I:Int, F:Float) => subF(intToF(I), F)
/reference/k-proof/reference-semantics/semantics/float.k:135:  rule applyBin("-",  F:Float, I:Int) => subF(F, intToF(I))
/reference/k-proof/reference-semantics/semantics/float.k:136:  rule applyBin("+",  I:Int, F:Float) => addF(intToF(I), F)
/reference/k-proof/reference-semantics/semantics/float.k:137:  rule applyBin("+",  F:Float, I:Int) => addF(F, intToF(I))
/reference/k-proof/reference-semantics/semantics/float.k:138:  rule applyBin("*",  I:Int, F:Float) => mulF(intToF(I), F)
/reference/k-proof/reference-semantics/semantics/float.k:139:  rule applyBin("*",  F:Float, I:Int) => mulF(F, intToF(I))
/reference/k-proof/reference-semantics/semantics/float.k-140-
/reference/k-proof/reference-semantics/semantics/float.k-141-  // ---- mixed Int == Float (shared eqF; opaque symbolic / concrete twin) ----
/reference/k-proof/reference-semantics/semantics/float.k-142-  syntax Bool ::= eqF(Float, Float) [function, total, symbol(eqF), no-evaluators]
/reference/k-proof/reference-semantics/semantics/float.k-143-  rule eqF(F1:Float, F2:Float) => F1 ==Float F2 [concrete]
--
/reference/k-proof/reference-semantics/semantics/float.k-181-  rule fracScale(iCons(46, R:IntSeq)) => fscAcc(R, 1)
/reference/k-proof/reference-semantics/semantics/float.k-182-  rule fracScale(iCons(C:Int, R:IntSeq)) => fracScale(R) requires C =/=Int 46
/reference/k-proof/reference-semantics/semantics/float.k-183-  rule fscAcc(.IntSeq, A:Int) => A
/reference/k-proof/reference-semantics/semantics/float.k-184-  rule fscAcc(iCons(_:Int, R:IntSeq), A:Int) => fscAcc(R, A *Int 10)
/reference/k-proof/reference-semantics/semantics/float.k:185:  rule applyBuiltin("float", str(CS:IntSeq), .Vals) => decStrToF(CS)
/reference/k-proof/reference-semantics/semantics/float.k:186:  rule applyBuiltin("float", I:Int, .Vals)          => intToF(I)
/reference/k-proof/reference-semantics/semantics/float.k-187-  rule applyBuiltin("float", F:Float, .Vals)        => F
/reference/k-proof/reference-semantics/semantics/float.k-188-
/reference/k-proof/reference-semantics/semantics/float.k-189-  // ---- float / int division (promoted from mean_absolute_deviation) ----
/reference/k-proof/reference-semantics/semantics/float.k-190-  syntax Float ::= divFloatIntV(Float, Int) [function, total, symbol(divFloatIntV), no-evaluators]
/reference/k-proof/reference-semantics/semantics/float.k-191-  rule divFloatIntV(F:Float, I:Int) => F /Float Int2Float(I, 53, 11) [concrete]
/reference/k-proof/reference-semantics/semantics/float.k:192:  rule applyBin("/", F:Float, I:Int) => divFloatIntV(F, I)
/reference/k-proof/reference-semantics/semantics/float.k-193-
/reference/k-proof/reference-semantics/semantics/float.k-194-  // ---- int -> float promotion for the remaining mixed arithmetic/compares ----
/reference/k-proof/reference-semantics/semantics/float.k-195-  syntax Float ::= intToF(Int) [function, total, symbol(intToF), no-evaluators]
/reference/k-proof/reference-semantics/semantics/float.k-196-  rule intToF(I:Int) => Int2Float(I, 53, 11) [concrete]
/reference/k-proof/reference-semantics/semantics/float.k:197:  rule applyBin("+", I:Int, F:Float) => addF(intToF(I), F)
/reference/k-proof/reference-semantics/semantics/float.k:198:  rule applyBin("+", F:Float, I:Int) => addF(F, intToF(I))
/reference/k-proof/reference-semantics/semantics/float.k:199:  rule applyBin("-", I:Int, F:Float) => subF(intToF(I), F)
/reference/k-proof/reference-semantics/semantics/float.k:200:  rule applyBin("-", F:Float, I:Int) => subF(F, intToF(I))
/reference/k-proof/reference-semantics/semantics/float.k:201:  rule applyBin("*", I:Int, F:Float) => mulF(intToF(I), F)
/reference/k-proof/reference-semantics/semantics/float.k:202:  rule applyBin("*", F:Float, I:Int) => mulF(F, intToF(I))
/reference/k-proof/reference-semantics/semantics/float.k-203-  rule applyCmp("<", I:Int, F:Float) => floatLt(intToF(I), F)
/reference/k-proof/reference-semantics/semantics/float.k-204-  rule applyCmp("<", F:Float, I:Int) => floatLt(F, intToF(I))
/reference/k-proof/reference-semantics/semantics/float.k-205-  rule applyCmp(">", I:Int, F:Float) => gtF(intToF(I), F)
/reference/k-proof/reference-semantics/semantics/float.k-206-  rule applyCmp(">", F:Float, I:Int) => gtF(F, intToF(I))
--
/reference/k-proof/reference-semantics/semantics/float.k-209-  syntax Int ::= truncF(Float) [function, total, symbol(truncF), no-evaluators]
/reference/k-proof/reference-semantics/semantics/float.k-210-  rule truncF(F:Float) => #if F >=Float 0.0 #then Float2Int(floorFloat(F)) #else Float2Int(ceilFloat(F)) #fi [concrete]
/reference/k-proof/reference-semantics/semantics/float.k-211-  rule applyBuiltin("int", F:Float, .Vals) => truncF(F)
/reference/k-proof/reference-semantics/semantics/float.k-212-
/reference/k-proof/reference-semantics/semantics/float.k:213:  rule applyBuiltin("float", I:Int, .Vals)   => intToF(I)
/reference/k-proof/reference-semantics/semantics/float.k-214-  rule applyBuiltin("float", F:Float, .Vals) => F
/reference/k-proof/reference-semantics/semantics/float.k-215-
/reference/k-proof/reference-semantics/semantics/float.k-216-  // round: Python half-even (banker's); round(F, N) scales by 10^N
/reference/k-proof/reference-semantics/semantics/float.k-217-  syntax Int ::= roundF(Float) [function, total, symbol(roundF), no-evaluators]
--
/reference/k-proof/reference-semantics/semantics/float.k-224-  rule roundFN(F:Float, N:Int)
/reference/k-proof/reference-semantics/semantics/float.k-225-    => Int2Float(roundF(F *Float Int2Float(10 ^Int N, 53, 11)), 53, 11)
/reference/k-proof/reference-semantics/semantics/float.k-226-       /Float Int2Float(10 ^Int N, 53, 11) [concrete]
/reference/k-proof/reference-semantics/semantics/float.k-227-  rule applyBuiltin("round", F:Float, .Vals)        => roundF(F)
/reference/k-proof/reference-semantics/semantics/float.k:228:  rule applyBuiltin("round", F:Float, N:Int, .Vals) => roundFN(F, N)
/reference/k-proof/reference-semantics/semantics/float.k-229-
/reference/k-proof/reference-semantics/semantics/float.k-230-  syntax Float ::= sqrtF(Float) [function, total, symbol(sqrtF), no-evaluators]
/reference/k-proof/reference-semantics/semantics/float.k-231-  rule sqrtF(F:Float) => sqrtFloat(F) [concrete]
/reference/k-proof/reference-semantics/semantics/float.k-232-  syntax KItem ::= "#mathSqrt"
--
/reference/k-proof/reference-semantics/semantics/float.k-234-  rule <k> F:Float ~> #mathSqrt => sqrtF(F) ... </k>
/reference/k-proof/reference-semantics/semantics/float.k-235-  rule <k> I:Int ~> #mathSqrt => sqrtF(intToF(I)) ... </k>
/reference/k-proof/reference-semantics/semantics/float.k-236-
/reference/k-proof/reference-semantics/semantics/float.k-237-  // ---- min / max over a FLOAT list — FLOAT branch of the shared #minCont0/#maxCont0 folds (which
/reference/k-proof/reference-semantics/semantics/float.k:238:  // seed/step with `requires isInt(V)`, so they are STUCK on floats). These add the `requires
/reference/k-proof/reference-semantics/semantics/float.k-239-  // isFloat(V)` seed + a Float-accumulator fold via K's minFloat/maxFloat — concrete for krun. A proof
/reference/k-proof/reference-semantics/semantics/float.k-240-  // over a SYMBOLIC float list intercepts min/max problem-locally to an opaque minVF/maxVF (at
/reference/k-proof/reference-semantics/semantics/float.k-241-  // #applyK, priority 40, in its verification.k) BEFORE #minAcc0, so this fold is krun-only. Additive:
/reference/k-proof/reference-semantics/semantics/float.k:242:  // the isFloat guard is disjoint from the existing isInt one.
/reference/k-proof/reference-semantics/semantics/float.k-243-  syntax KItem ::= #maxAccF(Iterable, Float) | #maxContF(Float)
/reference/k-proof/reference-semantics/semantics/float.k-244-  rule <k> #iterYield(V:Val, R:Iterable) ~> #maxCont0 => #maxAccF(R, {V}:>Float) ... </k> requires isFloat(V)
/reference/k-proof/reference-semantics/semantics/float.k-245-  rule <k> #maxAccF(IT:Iterable, M:Float) => #iterNext(IT) ~> #maxContF(M) ... </k>
/reference/k-proof/reference-semantics/semantics/float.k-246-  rule <k> #iterDone ~> #maxContF(M:Float) => M ... </k>
--
/reference/k-proof/reference-semantics/semantics/float.k-256-
/reference/k-proof/reference-semantics/semantics/float.k-257-  // ---- sum over a float list (krun; mirrors the min/max float paths). The Int-only shared
/reference/k-proof/reference-semantics/semantics/float.k-258-  // #sumCont sticks on a Float yield; switch to a Float-headed fold via addF (concrete twin).
/reference/k-proof/reference-semantics/semantics/float.k-259-  // The switch guard carries the SYNTACTIC negation of the Int rule's guard so a symbolic proof
/reference/k-proof/reference-semantics/semantics/float.k:260:  // with isInt(V) in its path condition refutes this branch without sort reasoning.
/reference/k-proof/reference-semantics/semantics/float.k-261-  syntax KItem ::= #sumAccF(Iterable, Float) | #sumContF(Float)
/reference/k-proof/reference-semantics/semantics/float.k:262:  rule <k> #iterYield(V:Val, R:Iterable) ~> #sumCont(ACC:Int)
/reference/k-proof/reference-semantics/semantics/float.k-263-        => #sumAccF(R, addF(intToF(ACC), {V}:>Float)) ... </k>
/reference/k-proof/reference-semantics/semantics/float.k:264:       requires isFloat(V) andBool notBool (isInt(V) orBool isBool(V))
/reference/k-proof/reference-semantics/semantics/float.k-265-  rule <k> #sumAccF(IT:Iterable, ACC:Float) => #iterNext(IT) ~> #sumContF(ACC) ... </k>
/reference/k-proof/reference-semantics/semantics/float.k-266-  rule <k> #iterDone ~> #sumContF(ACC:Float) => ACC ... </k>
/reference/k-proof/reference-semantics/semantics/float.k-267-  rule <k> #iterYield(V:Val, R:Iterable) ~> #sumContF(ACC:Float)
/reference/k-proof/reference-semantics/semantics/float.k-268-        => #sumAccF(R, addF(ACC, {V}:>Float)) ... </k>
/reference/k-proof/reference-semantics/semantics/float.k-269-       requires isFloat(V)
/reference/k-proof/reference-semantics/semantics/float.k-270-  rule <k> #iterYield(V:Val, R:Iterable) ~> #sumContF(ACC:Float)
/reference/k-proof/reference-semantics/semantics/float.k-271-        => #sumAccF(R, addF(ACC, intToF(intOf(V)))) ... </k>
/reference/k-proof/reference-semantics/semantics/float.k:272:       requires isInt(V) orBool isBool(V)
/reference/k-proof/reference-semantics/semantics/float.k-273-endmodule
--
/reference/k-proof/reference-semantics/semantics/builtins.k-16-  // applyBuiltin. This module owns applyBuiltin + the fold implementations.
/reference/k-proof/reference-semantics/semantics/builtins.k-17-  syntax Val ::= applyBuiltin(String, Vals) [function]
/reference/k-proof/reference-semantics/semantics/builtins.k-18-
/reference/k-proof/reference-semantics/semantics/builtins.k-19-  // ==== len(obj) — O(1) per kind ============================================
/reference/k-proof/reference-semantics/semantics/builtins.k:20:  syntax Int ::= seqLen(Val) [function]
/reference/k-proof/reference-semantics/semantics/builtins.k-21-  rule applyBuiltin("len", OBJ:Val, .Vals) => seqLen(OBJ)
/reference/k-proof/reference-semantics/semantics/builtins.k-22-  rule seqLen(list(VS:ValSeq))                  => vsLen(VS)
/reference/k-proof/reference-semantics/semantics/builtins.k-23-  rule seqLen(tuple(VS:ValSeq))                 => vsLen(VS)
/reference/k-proof/reference-semantics/semantics/builtins.k-24-  rule seqLen(str(IS:IntSeq))                   => isLen(IS)
--
/reference/k-proof/reference-semantics/semantics/builtins.k-31-  // (k-cell — list() constructs a NEW object)
/reference/k-proof/reference-semantics/semantics/builtins.k-32-  rule <k> #applyK(toCall(builtinV("list")), (list(VS:ValSeq),  .Vals)) => #alloc(list(VS)) ... </k>
/reference/k-proof/reference-semantics/semantics/builtins.k-33-  rule <k> #applyK(toCall(builtinV("list")), (tuple(VS:ValSeq), .Vals)) => #alloc(list(VS)) ... </k>
/reference/k-proof/reference-semantics/semantics/builtins.k-34-  rule <k> #applyK(toCall(builtinV("list")), .Vals)                     => #alloc(list(.ValSeq)) ... </k>
/reference/k-proof/reference-semantics/semantics/builtins.k:35:  rule <k> #applyK(toCall(builtinV("list")), (str(CS:IntSeq), .Vals))   => #alloc(list(charsOf(CS))) ... </k>
/reference/k-proof/reference-semantics/semantics/builtins.k:36:  syntax ValSeq ::= charsOf(IntSeq) [function, total]
/reference/k-proof/reference-semantics/semantics/builtins.k:37:  rule charsOf(.IntSeq)                => .ValSeq
/reference/k-proof/reference-semantics/semantics/builtins.k-38-  rule charsOf(iCons(C:Int, R:IntSeq)) => vCons(str(iCons(C, .IntSeq)), charsOf(R))
/reference/k-proof/reference-semantics/semantics/builtins.k-39-
/reference/k-proof/reference-semantics/semantics/builtins.k-40-  // ==== set(str) — distinct character codes =================================
/reference/k-proof/reference-semantics/semantics/builtins.k:41:  rule applyBuiltin("set", str(CS:IntSeq), .Vals) => setV(dedupCodes(CS))
/reference/k-proof/reference-semantics/semantics/builtins.k-42-
/reference/k-proof/reference-semantics/semantics/builtins.k-43-  // ==== abs(int) ============================================================
/reference/k-proof/reference-semantics/semantics/builtins.k:44:  rule applyBuiltin("abs", I:Int, .Vals) => absInt(I)
/reference/k-proof/reference-semantics/semantics/builtins.k-45-
/reference/k-proof/reference-semantics/semantics/builtins.k-46-  // ==== sum(iterable) — one #iterNext fold; intOf = int value of an int/bool ==
/reference/k-proof/reference-semantics/semantics/builtins.k-47-  syntax KItem ::= #sumAcc(Iterable, Int) | #sumCont(Int)
/reference/k-proof/reference-semantics/semantics/builtins.k-48-  rule <k> #sumAcc(IT:Iterable, ACC:Int) => #iterNext(IT) ~> #sumCont(ACC) ... </k>
/reference/k-proof/reference-semantics/semantics/builtins.k-49-  rule <k> #iterDone ~> #sumCont(ACC:Int) => ACC ... </k>
/reference/k-proof/reference-semantics/semantics/builtins.k:50:  rule <k> #iterYield(V:Val, R:Iterable) ~> #sumCont(ACC:Int)
/reference/k-proof/reference-semantics/semantics/builtins.k-51-        => #sumAcc(R, ACC +Int intOf(V)) ... </k>
/reference/k-proof/reference-semantics/semantics/builtins.k:52:       requires isInt(V) orBool isBool(V)
/reference/k-proof/reference-semantics/semantics/builtins.k-53-
/reference/k-proof/reference-semantics/semantics/builtins.k:54:  syntax Int ::= intOf(Val) [function]
/reference/k-proof/reference-semantics/semantics/builtins.k-55-  rule intOf(I:Int)  => I
/reference/k-proof/reference-semantics/semantics/builtins.k-56-  rule intOf(B:Bool) => #if B #then 1 #else 0 #fi
/reference/k-proof/reference-semantics/semantics/builtins.k-57-
/reference/k-proof/reference-semantics/semantics/builtins.k-58-  // ==== all / any (short-circuiting #iterNext folds) ========================
--
/reference/k-proof/reference-semantics/semantics/builtins.k-74-
/reference/k-proof/reference-semantics/semantics/builtins.k-75-  // ==== max / min over an iterable (#iterNext folds; first element seeds) ====
/reference/k-proof/reference-semantics/semantics/builtins.k-76-  syntax KItem ::= #maxAcc0(Iterable) | "#maxCont0" | #maxAcc(Iterable, Int) | #maxCont(Int)
/reference/k-proof/reference-semantics/semantics/builtins.k-77-  rule <k> #maxAcc0(IT:Iterable) => #iterNext(IT) ~> #maxCont0 ... </k>
/reference/k-proof/reference-semantics/semantics/builtins.k:78:  rule <k> #iterYield(V:Val, R:Iterable) ~> #maxCont0 => #maxAcc(R, {V}:>Int) ... </k>
/reference/k-proof/reference-semantics/semantics/builtins.k:79:       requires isInt(V)
/reference/k-proof/reference-semantics/semantics/builtins.k-80-  rule <k> #maxAcc(IT:Iterable, M:Int) => #iterNext(IT) ~> #maxCont(M) ... </k>
/reference/k-proof/reference-semantics/semantics/builtins.k-81-  rule <k> #iterDone ~> #maxCont(M:Int) => M ... </k>
/reference/k-proof/reference-semantics/semantics/builtins.k:82:  rule <k> #iterYield(V:Val, R:Iterable) ~> #maxCont(M:Int)
/reference/k-proof/reference-semantics/semantics/builtins.k-83-        => #maxAcc(R, maxInt(M, {V}:>Int)) ... </k>
/reference/k-proof/reference-semantics/semantics/builtins.k:84:       requires isInt(V)
/reference/k-proof/reference-semantics/semantics/builtins.k-85-
/reference/k-proof/reference-semantics/semantics/builtins.k-86-  syntax KItem ::= #minAcc0(Iterable) | "#minCont0" | #minAcc(Iterable, Int) | #minCont(Int)
/reference/k-proof/reference-semantics/semantics/builtins.k-87-  rule <k> #minAcc0(IT:Iterable) => #iterNext(IT) ~> #minCont0 ... </k>
/reference/k-proof/reference-semantics/semantics/builtins.k:88:  rule <k> #iterYield(V:Val, R:Iterable) ~> #minCont0 => #minAcc(R, {V}:>Int) ... </k>
/reference/k-proof/reference-semantics/semantics/builtins.k:89:       requires isInt(V)
/reference/k-proof/reference-semantics/semantics/builtins.k-90-  rule <k> #minAcc(IT:Iterable, M:Int) => #iterNext(IT) ~> #minCont(M) ... </k>
/reference/k-proof/reference-semantics/semantics/builtins.k-91-  rule <k> #iterDone ~> #minCont(M:Int) => M ... </k>
/reference/k-proof/reference-semantics/semantics/builtins.k:92:  rule <k> #iterYield(V:Val, R:Iterable) ~> #minCont(M:Int)
/reference/k-proof/reference-semantics/semantics/builtins.k-93-        => #minAcc(R, minInt(M, {V}:>Int)) ... </k>
/reference/k-proof/reference-semantics/semantics/builtins.k:94:       requires isInt(V)
/reference/k-proof/reference-semantics/semantics/builtins.k-95-
/reference/k-proof/reference-semantics/semantics/builtins.k-96-  // ==== variadic max / min (a Vals fold) ====================================
/reference/k-proof/reference-semantics/semantics/builtins.k:97:  syntax Int ::= maxVals(Int, Vals) [function]
/reference/k-proof/reference-semantics/semantics/builtins.k:98:  rule applyBuiltin("max", I:Int, REST:Vals) => maxVals(I, REST)
/reference/k-proof/reference-semantics/semantics/builtins.k:99:  rule maxVals(M:Int, .Vals)           => M
/reference/k-proof/reference-semantics/semantics/builtins.k:100:  rule maxVals(M:Int, (I:Int, R:Vals)) => maxVals(maxInt(M, I), R)
/reference/k-proof/reference-semantics/semantics/builtins.k-101-
/reference/k-proof/reference-semantics/semantics/builtins.k:102:  syntax Int ::= minVals(Int, Vals) [function]
/reference/k-proof/reference-semantics/semantics/builtins.k:103:  rule applyBuiltin("min", I:Int, REST:Vals) => minVals(I, REST)
/reference/k-proof/reference-semantics/semantics/builtins.k:104:  rule minVals(M:Int, .Vals)           => M
/reference/k-proof/reference-semantics/semantics/builtins.k:105:  rule minVals(M:Int, (I:Int, R:Vals)) => minVals(minInt(M, I), R)
/reference/k-proof/reference-semantics/semantics/builtins.k-106-
/reference/k-proof/reference-semantics/semantics/builtins.k-107-  // ==== bin(n) — "0b" + binary digit codes (promoted from 103's defined fold) ==
/reference/k-proof/reference-semantics/semantics/builtins.k:108:  rule applyBuiltin("bin", N:Int, .Vals) => str(iCons(48, iCons(98, binCodes(N))))
/reference/k-proof/reference-semantics/semantics/builtins.k-109-       requires N >=Int 0
/reference/k-proof/reference-semantics/semantics/builtins.k-110-  // negative operand: the '-' sign prefixes the magnitude's digits
/reference/k-proof/reference-semantics/semantics/builtins.k:111:  rule applyBuiltin("bin", N:Int, .Vals)
/reference/k-proof/reference-semantics/semantics/builtins.k-112-    => str(iCons(45, iCons(48, iCons(98, binCodes(0 -Int N)))))
/reference/k-proof/reference-semantics/semantics/builtins.k-113-       requires N <Int 0
/reference/k-proof/reference-semantics/semantics/builtins.k-114-  syntax IntSeq ::= binCodes(Int) [function, total]
/reference/k-proof/reference-semantics/semantics/builtins.k-115-  rule binCodes(0) => iCons(48, .IntSeq)
/reference/k-proof/reference-semantics/semantics/builtins.k-116-  rule binCodes(N:Int) => binAcc(N, .IntSeq) requires N >Int 0
/reference/k-proof/reference-semantics/semantics/builtins.k-117-  syntax IntSeq ::= binAcc(Int, IntSeq) [function, total]
/reference/k-proof/reference-semantics/semantics/builtins.k-118-  rule binAcc(0, ACC:IntSeq) => ACC
/reference/k-proof/reference-semantics/semantics/builtins.k-119-  rule binAcc(N:Int, ACC:IntSeq)
/reference/k-proof/reference-semantics/semantics/builtins.k:120:    => binAcc((N -Int pyMod(N, 2)) /Int 2, iCons(48 +Int pyMod(N, 2), ACC))
/reference/k-proof/reference-semantics/semantics/builtins.k-121-       requires N >Int 0
/reference/k-proof/reference-semantics/semantics/builtins.k-122-
/reference/k-proof/reference-semantics/semantics/builtins.k-123-  // ==== enumerate(xs) — pairs (i, v); materialized eagerly over a list =========
/reference/k-proof/reference-semantics/semantics/builtins.k-124-  rule <k> #applyK(toCall(builtinV("enumerate")), (list(VS:ValSeq), .Vals))
/reference/k-proof/reference-semantics/semantics/builtins.k-125-        => #alloc(list(enumVS(VS, 0))) ... </k>
/reference/k-proof/reference-semantics/semantics/builtins.k:126:  syntax ValSeq ::= enumVS(ValSeq, Int) [function, total]
/reference/k-proof/reference-semantics/semantics/builtins.k:127:  rule enumVS(.ValSeq, _:Int) => .ValSeq
/reference/k-proof/reference-semantics/semantics/builtins.k:128:  rule enumVS(vCons(V:Val, R:ValSeq), I:Int)
/reference/k-proof/reference-semantics/semantics/builtins.k:129:    => vCons(tuple(vCons(I, vCons(V, .ValSeq))), enumVS(R, I +Int 1))
/reference/k-proof/reference-semantics/semantics/builtins.k-130-
/reference/k-proof/reference-semantics/semantics/builtins.k-131-  // ==== map(str, xs) — eager (only the str case is in the subset) =============
/reference/k-proof/reference-semantics/semantics/builtins.k-132-  rule <k> #applyK(toCall(builtinV("map")), (typeV("str"), list(VS:ValSeq), .Vals))
/reference/k-proof/reference-semantics/semantics/builtins.k-133-        => #alloc(list(mapStrVS(VS))) ... </k>
/reference/k-proof/reference-semantics/semantics/builtins.k-134-  syntax ValSeq ::= mapStrVS(ValSeq) [function, total]
/reference/k-proof/reference-semantics/semantics/builtins.k-135-  rule mapStrVS(.ValSeq) => .ValSeq
/reference/k-proof/reference-semantics/semantics/builtins.k:136:  rule mapStrVS(vCons(I:Int, R:ValSeq)) => vCons(str(strToCodes(Int2String(I))), mapStrVS(R))
/reference/k-proof/reference-semantics/semantics/builtins.k:137:  rule mapStrVS(vCons(str(CS:IntSeq), R:ValSeq)) => vCons(str(CS), mapStrVS(R))
/reference/k-proof/reference-semantics/semantics/builtins.k-138-
/reference/k-proof/reference-semantics/semantics/builtins.k-139-  // ==== int(x) identities (int(round(x)) composes through) ====================
/reference/k-proof/reference-semantics/semantics/builtins.k:140:  rule applyBuiltin("int", I:Int, .Vals) => I
/reference/k-proof/reference-semantics/semantics/builtins.k-141-
/reference/k-proof/reference-semantics/semantics/builtins.k-142-  // ==== ord / chr ===========================================================
/reference/k-proof/reference-semantics/semantics/builtins.k:143:  rule applyBuiltin("ord", str(iCons(C:Int, .IntSeq)), .Vals) => C
/reference/k-proof/reference-semantics/semantics/builtins.k:144:  rule applyBuiltin("chr", I:Int, .Vals) => str(iCons(I, .IntSeq))
/reference/k-proof/reference-semantics/semantics/builtins.k-145-       requires 0 <=Int I andBool I <Int 128
/reference/k-proof/reference-semantics/semantics/builtins.k-146-
/reference/k-proof/reference-semantics/semantics/builtins.k-147-  // ==== str(int) / str(str) =================================================
/reference/k-proof/reference-semantics/semantics/builtins.k:148:  rule applyBuiltin("str", I:Int, .Vals)       => str(strToCodes(Int2String(I)))
/reference/k-proof/reference-semantics/semantics/builtins.k:149:  rule applyBuiltin("str", str(CS:IntSeq), .Vals) => str(CS)
/reference/k-proof/reference-semantics/semantics/builtins.k-150-
/reference/k-proof/reference-semantics/semantics/builtins.k-151-  // ==== int(str) — a single digit char ('0'..'9', code 48..57) to its value =====
/reference/k-proof/reference-semantics/semantics/builtins.k:152:  rule applyBuiltin("int", str(iCons(C:Int, .IntSeq)), .Vals) => C -Int 48
/reference/k-proof/reference-semantics/semantics/builtins.k-153-       requires 48 <=Int C andBool C <=Int 57
/reference/k-proof/reference-semantics/semantics/builtins.k-154-
/reference/k-proof/reference-semantics/semantics/builtins.k-155-  // ==== int(str) — a multi-digit non-negative numeral (Horner fold; the single-char rule covers len 1)
/reference/k-proof/reference-semantics/semantics/builtins.k:156:  rule applyBuiltin("int", str(CS:IntSeq), .Vals) => intDigAcc(CS, 0)
/reference/k-proof/reference-semantics/semantics/builtins.k-157-       requires isLen(CS) >=Int 2
/reference/k-proof/reference-semantics/semantics/builtins.k-158-  syntax Int ::= intDigAcc(IntSeq, Int) [function, total]
/reference/k-proof/reference-semantics/semantics/builtins.k-159-  rule intDigAcc(.IntSeq, ACC:Int)             => ACC
/reference/k-proof/reference-semantics/semantics/builtins.k-160-  rule intDigAcc(iCons(C:Int, R:IntSeq), ACC:Int) => intDigAcc(R, (ACC *Int 10) +Int (C -Int 48))
/reference/k-proof/reference-semantics/semantics/builtins.k-161-
/reference/k-proof/reference-semantics/semantics/builtins.k-162-  // ==== zip(a, b) — parallel iterable of pairs, truncating to the shorter =====
/reference/k-proof/reference-semantics/semantics/builtins.k-163-  rule applyBuiltin("zip", list(A:ValSeq), list(B:ValSeq), .Vals) => zipObj(A, B)
/reference/k-proof/reference-semantics/semantics/builtins.k:164:  rule applyBuiltin("zip", str(A:IntSeq), str(B:IntSeq), .Vals)   => zipObjS(A, B)
/reference/k-proof/reference-semantics/semantics/builtins.k-165-
/reference/k-proof/reference-semantics/semantics/builtins.k-166-  // zip's iterator-protocol cases (zip is created here, so its #iterNext lives here)
/reference/k-proof/reference-semantics/semantics/builtins.k-167-  rule <k> #iterNext(zipObj(vCons(A:Val, As:ValSeq), vCons(B:Val, Bs:ValSeq)))
/reference/k-proof/reference-semantics/semantics/builtins.k-168-        => #iterYield(tuple(vCons(A, vCons(B, .ValSeq))), zipObj(As, Bs)) ... </k>
/reference/k-proof/reference-semantics/semantics/builtins.k-169-  rule <k> #iterNext(zipObj(.ValSeq, _:ValSeq))               => #iterDone ... </k>
/reference/k-proof/reference-semantics/semantics/builtins.k-170-  rule <k> #iterNext(zipObj(vCons(_:Val, _:ValSeq), .ValSeq)) => #iterDone ... </k>
/reference/k-proof/reference-semantics/semantics/builtins.k-171-  rule <k> #iterNext(zipObjS(iCons(A:Int, As:IntSeq), iCons(B:Int, Bs:IntSeq)))
/reference/k-proof/reference-semantics/semantics/builtins.k:172:        => #iterYield(tuple(vCons(str(iCons(A, .IntSeq)), vCons(str(iCons(B, .IntSeq)), .ValSeq))), zipObjS(As, Bs)) ... </k>
/reference/k-proof/reference-semantics/semantics/builtins.k-173-  rule <k> #iterNext(zipObjS(.IntSeq, _:IntSeq))              => #iterDone ... </k>
/reference/k-proof/reference-semantics/semantics/builtins.k-174-  rule <k> #iterNext(zipObjS(iCons(_:Int, _:IntSeq), .IntSeq)) => #iterDone ... </k>
/reference/k-proof/reference-semantics/semantics/builtins.k-175-
/reference/k-proof/reference-semantics/semantics/builtins.k-176-  // ==== range(stop) / range(start, stop) / range(start, stop, step) =========
/reference/k-proof/reference-semantics/semantics/builtins.k:177:  rule applyBuiltin("range", I:Int, .Vals)               => rangeObj(0, I, 1)
/reference/k-proof/reference-semantics/semantics/builtins.k:178:  rule applyBuiltin("range", A:Int, B:Int, .Vals)        => rangeObj(A, B, 1)
/reference/k-proof/reference-semantics/semantics/builtins.k:179:  rule applyBuiltin("range", A:Int, B:Int, S:Int, .Vals) => rangeObj(A, B, S)
/reference/k-proof/reference-semantics/semantics/builtins.k-180-       requires S =/=Int 0
/reference/k-proof/reference-semantics/semantics/builtins.k-181-
/reference/k-proof/reference-semantics/semantics/builtins.k-182-  // ==== eval(str) — arithmetic expressions (ints, + - * // **, spaces) ========
/reference/k-proof/reference-semantics/semantics/builtins.k-183-  // Python precedence: ** right-assoc, then * //, then + -. Promoted from 160's
/reference/k-proof/reference-semantics/semantics/builtins.k-184-  // trusted pass evaluator, now DEFINED in the reference and driven by a
/reference/k-proof/reference-semantics/semantics/builtins.k-185-  // code-level tokenizer. Reduces on concrete strings (krun); a symbolic
/reference/k-proof/reference-semantics/semantics/builtins.k-186-  // argument leaves the call unevaluated for problem-level folds.
/reference/k-proof/reference-semantics/semantics/builtins.k:187:  rule applyBuiltin("eval", str(CS:IntSeq), .Vals) => evalArith(CS)
/reference/k-proof/reference-semantics/semantics/builtins.k-188-  syntax Int ::= evalArith(IntSeq) [function]
/reference/k-proof/reference-semantics/semantics/builtins.k-189-  rule evalArith(CS:IntSeq)
/reference/k-proof/reference-semantics/semantics/builtins.k-190-    => firstNdE(passAddE(passMulE(passPowE(tokOps(CS), tokNds(CS)))))
/reference/k-proof/reference-semantics/semantics/builtins.k-191-
--
/reference/k-proof/reference-semantics/semantics/builtins.k-279-  syntax KItem ::= "#md5"
/reference/k-proof/reference-semantics/semantics/builtins.k-280-  rule <k> Call(Attribute(Name("hashlib"), "md5"), (E:Expr, .Exprs)) => E ~> #md5 ... </k>
/reference/k-proof/reference-semantics/semantics/builtins.k-281-       [priority(40)]
/reference/k-proof/reference-semantics/semantics/builtins.k-282-  rule <k> str(CS:IntSeq) ~> #md5 => md5Obj(CS) ... </k>
/reference/k-proof/reference-semantics/semantics/builtins.k:283:  syntax Val ::= md5Obj(IntSeq)
/reference/k-proof/reference-semantics/semantics/builtins.k:284:  rule applyMethod(md5Obj(CS:IntSeq), "hexdigest", .Vals) => str(md5hexCodes(CS))
/reference/k-proof/reference-semantics/semantics/builtins.k-285-  syntax IntSeq ::= md5hexCodes(IntSeq) [function, total, symbol(md5hexCodes), no-evaluators]
/reference/k-proof/reference-semantics/semantics/builtins.k-286-
/reference/k-proof/reference-semantics/semantics/builtins.k-287-  // ==== isinstance(V, int|str) — an ordinary 2-arg builtin ===================
/reference/k-proof/reference-semantics/semantics/builtins.k-288-  // The type argument (int/str) is an ordinary name that resolves via the builtins frame to
/reference/k-proof/reference-semantics/semantics/builtins.k:289:  // typeV (see core.k's config); no Call-level special case. isIntV/isStrV mirror the old
/reference/k-proof/reference-semantics/semantics/builtins.k-290-  // owise-on-Val test (concrete-sort args decide; a symbolic Val stays owise, as before).
/reference/k-proof/reference-semantics/semantics/builtins.k:291:  rule applyBuiltin("isinstance", V:Val, typeV("int"), .Vals) => isIntV(V)
/reference/k-proof/reference-semantics/semantics/builtins.k-292-  rule applyBuiltin("isinstance", V:Val, typeV("str"), .Vals) => isStrV(V)
/reference/k-proof/reference-semantics/semantics/builtins.k:293:  syntax Bool ::= isIntV(Val) [function] | isStrV(Val) [function]
/reference/k-proof/reference-semantics/semantics/builtins.k:294:  rule isIntV(_:Int)         => true
/reference/k-proof/reference-semantics/semantics/builtins.k:295:  rule isIntV(_:Val)         => false [owise]
/reference/k-proof/reference-semantics/semantics/builtins.k-296-  rule isStrV(str(_:IntSeq)) => true
/reference/k-proof/reference-semantics/semantics/builtins.k-297-  rule isStrV(_:Val)         => false [owise]
/reference/k-proof/reference-semantics/semantics/builtins.k-298-endmodule
--
/reference/k-proof/reference-semantics/semantics/str.k-20-  syntax IntSeq ::= seqConcat(IntSeq, IntSeq) [function, total]
/reference/k-proof/reference-semantics/semantics/str.k-21-  rule seqConcat(.IntSeq, T:IntSeq)                => T
/reference/k-proof/reference-semantics/semantics/str.k-22-  rule seqConcat(iCons(I:Int, S:IntSeq), T:IntSeq) => iCons(I, seqConcat(S, T))
/reference/k-proof/reference-semantics/semantics/str.k-23-
/reference/k-proof/reference-semantics/semantics/str.k:24:  rule applyBin("+",  str(A:IntSeq), str(B:IntSeq)) => str(seqConcat(A, B))
/reference/k-proof/reference-semantics/semantics/str.k-25-  rule applyCmp("==", str(A:IntSeq), str(B:IntSeq)) => A ==K B
/reference/k-proof/reference-semantics/semantics/str.k-26-  rule applyCmp("!=", str(A:IntSeq), str(B:IntSeq)) => notBool (A ==K B)
/reference/k-proof/reference-semantics/semantics/str.k-27-
/reference/k-proof/reference-semantics/semantics/str.k-28-  // substring membership: `P in X` iff the code-seq P occurs contiguously in X
--
/reference/k-proof/reference-semantics/semantics/set.k-4-  imports MPY-CORE
/reference/k-proof/reference-semantics/semantics/set.k-5-
/reference/k-proof/reference-semantics/semantics/set.k-6-  // a set value, carried as its distinct codes in first-seen order (order is irrelevant
/reference/k-proof/reference-semantics/semantics/set.k-7-  // to membership/cardinality — the two observations sets support here).
/reference/k-proof/reference-semantics/semantics/set.k:8:  syntax Val ::= setV(IntSeq)
/reference/k-proof/reference-semantics/semantics/set.k-9-
/reference/k-proof/reference-semantics/semantics/set.k-10-  // membership of a code in the accumulated distinct-code sequence
/reference/k-proof/reference-semantics/semantics/set.k-11-  syntax Bool ::= codeIn(Int, IntSeq) [function, total]
/reference/k-proof/reference-semantics/semantics/set.k-12-  rule codeIn(_:Int, .IntSeq)                => false
--
/reference/k-proof/reference-semantics/semantics/dict.k-83-       <env> L:Int </env>
/reference/k-proof/reference-semantics/semantics/dict.k-84-       <scopes> ... L |-> scope(M:Map, _) ... </scopes>
/reference/k-proof/reference-semantics/semantics/dict.k-85-       requires X in_keys(M) andBool isRefV({M[X]}:>Val)
/reference/k-proof/reference-semantics/semantics/dict.k-86-  syntax KItem ::= #dsetV(Val, Val, Val)
/reference/k-proof/reference-semantics/semantics/dict.k:87:  rule <k> #dsetV(ref(H:Int), I:Int, VV:Val) => .K ... </k>
/reference/k-proof/reference-semantics/semantics/dict.k-88-       <heap> ... H |-> list(VS:ValSeq => setVSAt(VS, normIdxD(I, vsLen(VS)), VV)) ... </heap>
/reference/k-proof/reference-semantics/semantics/dict.k-89-  // negative-index normalization local to the write (subscript.k's is not imported here)
/reference/k-proof/reference-semantics/semantics/dict.k-90-  syntax Int ::= normIdxD(Int, Int) [function, total]
/reference/k-proof/reference-semantics/semantics/dict.k-91-  rule normIdxD(I:Int, LEN:Int) => I +Int LEN requires I  <Int 0
--
/reference/k-proof/reference-semantics/semantics/operators.k-1-// reference/src/semantics/operators.k — MPY-OPERATORS
/reference/k-proof/reference-semantics/semantics/operators.k-2-// The operator DISPATCH layer: operands evaluate by strictness (heat/cool over KResult=Val),
/reference/k-proof/reference-semantics/semantics/operators.k:3:// the cooled node hands to applyUn/applyBin/applyCmp (declared in core.k; each domain file
/reference/k-proof/reference-semantics/semantics/operators.k-4-// owns its cases — bool.k, int.k, float.k, str.k, list.k, tuple.k, set.k, dict.k).
/reference/k-proof/reference-semantics/semantics/operators.k-5-
/reference/k-proof/reference-semantics/semantics/operators.k-6-module MPY-OPERATORS
/reference/k-proof/reference-semantics/semantics/operators.k-7-  imports MPY-CORE
/reference/k-proof/reference-semantics/semantics/operators.k-8-  imports MPY-ITER
/reference/k-proof/reference-semantics/semantics/operators.k-9-
/reference/k-proof/reference-semantics/semantics/operators.k-10-  rule <k> UnaryOp(OP:String, V:Val) => applyUn(OP, V) ... </k>
/reference/k-proof/reference-semantics/semantics/operators.k-11-
/reference/k-proof/reference-semantics/semantics/operators.k:12:  rule <k> BinOp(OP:String, L:Val, R:Val) => applyBin(OP, L, R) ... </k>
/reference/k-proof/reference-semantics/semantics/operators.k-13-
/reference/k-proof/reference-semantics/semantics/operators.k-14-  // Compare's right operand sits under the CmpOp wrapper — contexts instead of attributes
/reference/k-proof/reference-semantics/semantics/operators.k-15-  context Compare(HOLE, _)
/reference/k-proof/reference-semantics/semantics/operators.k-16-  context Compare(_:Val, CmpOp(_, HOLE))
--
/reference/k-proof/reference-semantics/semantics/operators.k-20-  rule applyCmp("is not", V:Val, noneV) => notBool (V ==K noneV)
/reference/k-proof/reference-semantics/semantics/operators.k-21-
/reference/k-proof/reference-semantics/semantics/operators.k-22-  // ==== operand deref: heap objects combine/compare by STRUCTURE ============
/reference/k-proof/reference-semantics/semantics/operators.k-23-  // (Python: list == is structural; identity only via `is`.) priority(40)
/reference/k-proof/reference-semantics/semantics/operators.k:24:  // preempts the generic dispatch so applyUn/applyBin/applyCmp never see a ref.
/reference/k-proof/reference-semantics/semantics/operators.k-25-  rule <k> BinOp(OP:String, ref(H:Int), R:Expr) => BinOp(OP, V, R) ... </k>
/reference/k-proof/reference-semantics/semantics/operators.k-26-       <heap> ... H |-> V:Val ... </heap>
/reference/k-proof/reference-semantics/semantics/operators.k-27-       [priority(40)]
/reference/k-proof/reference-semantics/semantics/operators.k:28:  rule <k> BinOp(OP:String, L:Val, ref(H:Int)) => BinOp(OP, L, V) ... </k>
/reference/k-proof/reference-semantics/semantics/operators.k-29-       <heap> ... H |-> V:Val ... </heap>
/reference/k-proof/reference-semantics/semantics/operators.k-30-       requires notBool isRefV(L)
/reference/k-proof/reference-semantics/semantics/operators.k-31-       [priority(40)]
/reference/k-proof/reference-semantics/semantics/operators.k-32-
--
/reference/k-proof/reference-semantics/semantics/operators.k-34-  rule <k> Compare(ref(H:Int), CmpOp(OP:String, R:Expr)) => Compare(V, CmpOp(OP, R)) ... </k>
/reference/k-proof/reference-semantics/semantics/operators.k-35-       <heap> ... H |-> V:Val ... </heap>
/reference/k-proof/reference-semantics/semantics/operators.k-36-       requires OP =/=String "in" andBool OP =/=String "not in"
/reference/k-proof/reference-semantics/semantics/operators.k-37-       [priority(40)]
/reference/k-proof/reference-semantics/semantics/operators.k:38:  rule <k> Compare(L:Val, CmpOp(OP:String, ref(H:Int))) => Compare(L, CmpOp(OP, V)) ... </k>
/reference/k-proof/reference-semantics/semantics/operators.k-39-       <heap> ... H |-> V:Val ... </heap>
/reference/k-proof/reference-semantics/semantics/operators.k-40-       requires notBool isRefV(L)
/reference/k-proof/reference-semantics/semantics/operators.k-41-        orBool OP ==String "in" orBool OP ==String "not in"
/reference/k-proof/reference-semantics/semantics/operators.k-42-       [priority(40)]
--
/reference/k-proof/reference-semantics/semantics/int.k-1-// reference/src/semantics/int.k — MPY-INT
/reference/k-proof/reference-semantics/semantics/int.k:2:// Int cases of the operator dispatch; Python // and % are floored (pyMod).
/reference/k-proof/reference-semantics/semantics/int.k-3-
/reference/k-proof/reference-semantics/semantics/int.k-4-module MPY-INT
/reference/k-proof/reference-semantics/semantics/int.k-5-  imports MPY-CORE
/reference/k-proof/reference-semantics/semantics/int.k-6-
/reference/k-proof/reference-semantics/semantics/int.k-7-  rule applyUn("-", I:Int) => 0 -Int I
/reference/k-proof/reference-semantics/semantics/int.k-8-
/reference/k-proof/reference-semantics/semantics/int.k:9:  rule applyBin("+",  I1:Int, I2:Int) => I1 +Int I2
/reference/k-proof/reference-semantics/semantics/int.k-10-  // Bool participates in int arithmetic (x += (a == b))
/reference/k-proof/reference-semantics/semantics/int.k:11:  rule applyBin("+",  I:Int, B:Bool) => I +Int #if B #then 1 #else 0 #fi
/reference/k-proof/reference-semantics/semantics/int.k:12:  rule applyBin("+",  B:Bool, I:Int) => #if B #then 1 #else 0 #fi +Int I
/reference/k-proof/reference-semantics/semantics/int.k:13:  rule applyBin("-",  I1:Int, I2:Int) => I1 -Int I2
/reference/k-proof/reference-semantics/semantics/int.k:14:  rule applyBin("*",  I1:Int, I2:Int) => I1 *Int I2
/reference/k-proof/reference-semantics/semantics/int.k:15:  rule applyBin("%",  I1:Int, I2:Int) => pyMod(I1, I2)
/reference/k-proof/reference-semantics/semantics/int.k:16:  rule applyBin("//", I1:Int, I2:Int) => (I1 -Int pyMod(I1, I2)) /Int I2
/reference/k-proof/reference-semantics/semantics/int.k:17:  rule applyBin("**", I1:Int, I2:Int) => I1 ^Int I2 requires I2 >=Int 0
/reference/k-proof/reference-semantics/semantics/int.k-18-
/reference/k-proof/reference-semantics/semantics/int.k:19:  syntax Int ::= pyMod(Int, Int) [function]
/reference/k-proof/reference-semantics/semantics/int.k:20:  rule pyMod(I1:Int, I2:Int) => ((I1 %Int I2) +Int I2) %Int I2
/reference/k-proof/reference-semantics/semantics/int.k-21-
/reference/k-proof/reference-semantics/semantics/int.k-22-  rule applyCmp("<",  I1:Int, I2:Int)   => I1 <Int  I2
/reference/k-proof/reference-semantics/semantics/int.k-23-  rule applyCmp("<=", I1:Int, I2:Int)   => I1 <=Int I2
/reference/k-proof/reference-semantics/semantics/int.k-24-  rule applyCmp(">",  I1:Int, I2:Int)   => I1 >Int  I2
--
/reference/k-proof/reference-semantics/semantics/controls.k-18-       [priority(40)]
/reference/k-proof/reference-semantics/semantics/controls.k-19-
/reference/k-proof/reference-semantics/semantics/controls.k-20-  rule <k> AugAssign(Name(X:String), OP:String, V:Val) => .K ... </k>
/reference/k-proof/reference-semantics/semantics/controls.k-21-       <env> L:Int </env>
/reference/k-proof/reference-semantics/semantics/controls.k:22:       <scopes> ... L |-> scope(M:Map => M [ X <- applyBin(OP, {M[X]}:>Val, V) ], _) ... </scopes>
/reference/k-proof/reference-semantics/semantics/controls.k-23-       requires X in_keys(M)
/reference/k-proof/reference-semantics/semantics/controls.k:24:  // `lst += [..]` where lst is a heap ref: the generic rule leaves applyBin(OP, ref, V) — but the
/reference/k-proof/reference-semantics/semantics/controls.k:25:  // ref-deref preemption is BinOp-level (operators.k), so applyBin never derefs and it sticks. Route
/reference/k-proof/reference-semantics/semantics/controls.k-26-  // the ref case through BinOp so the deref + list-concat + #alloc path fires (result is a fresh ref).
/reference/k-proof/reference-semantics/semantics/controls.k-27-  rule <k> AugAssign(Name(X:String), OP:String, V:Val) => Assign(Name(X), BinOp(OP, Name(X), V)) ... </k>
/reference/k-proof/reference-semantics/semantics/controls.k-28-       <env> L:Int </env>
/reference/k-proof/reference-semantics/semantics/controls.k-29-       <scopes> ... L |-> scope(M:Map, _) ... </scopes>
--
/reference/k-proof/reference-semantics/semantics/tuple.k-20-  rule <k> Compare(LV:Val, CmpOp("in",     tuple(VS:ValSeq))) => #memberAcc(LV, tuple(VS)) ... </k>
/reference/k-proof/reference-semantics/semantics/tuple.k-21-  rule <k> Compare(LV:Val, CmpOp("not in", tuple(VS:ValSeq))) => #memberAcc(LV, tuple(VS)) ~> #notB ... </k>
/reference/k-proof/reference-semantics/semantics/tuple.k-22-  // t.index(v): first index of v (ValueError out of subset)
/reference/k-proof/reference-semantics/semantics/tuple.k-23-  rule applyMethod(tuple(VS:ValSeq), "index", V:Val, .Vals) => idxOfVS(VS, V, 0)
/reference/k-proof/reference-semantics/semantics/tuple.k:24:  syntax Int ::= idxOfVS(ValSeq, Val, Int) [function]
/reference/k-proof/reference-semantics/semantics/tuple.k:25:  rule idxOfVS(vCons(A:Val, _:ValSeq), V:Val, I:Int) => I requires A ==K V
/reference/k-proof/reference-semantics/semantics/tuple.k:26:  rule idxOfVS(vCons(A:Val, R:ValSeq), V:Val, I:Int) => idxOfVS(R, V, I +Int 1)
/reference/k-proof/reference-semantics/semantics/tuple.k-27-       requires notBool (A ==K V)
/reference/k-proof/reference-semantics/semantics/tuple.k-28-  rule applyCmp("!=", tuple(A:ValSeq), tuple(B:ValSeq)) => notBool (A ==K B)
/reference/k-proof/reference-semantics/semantics/tuple.k-29-
/reference/k-proof/reference-semantics/semantics/tuple.k-30-  // ==== target binding: bind a Name or a TupleExpr target to a value ========
--
/reference/k-proof/reference-semantics/semantics/methods.k-9-  // method-call routing + arg-eval live in call.k; this module owns applyMethod.
/reference/k-proof/reference-semantics/semantics/methods.k-10-  syntax Val ::= applyMethod(Val, String, Vals) [function]
/reference/k-proof/reference-semantics/semantics/methods.k-11-
/reference/k-proof/reference-semantics/semantics/methods.k-12-  // ==== string predicates (Python semantics) =================================
/reference/k-proof/reference-semantics/semantics/methods.k:13:  rule applyMethod(str(CS:IntSeq), "isupper", .Vals) => hasUpper(CS) andBool notBool hasLower(CS)
/reference/k-proof/reference-semantics/semantics/methods.k:14:  rule applyMethod(str(CS:IntSeq), "islower", .Vals) => hasLower(CS) andBool notBool hasUpper(CS)
/reference/k-proof/reference-semantics/semantics/methods.k:15:  rule applyMethod(str(CS:IntSeq), "isalpha", .Vals) => notBool (CS ==K .IntSeq) andBool allAlpha(CS)
/reference/k-proof/reference-semantics/semantics/methods.k:16:  rule applyMethod(str(CS:IntSeq), "isdigit", .Vals) => notBool (CS ==K .IntSeq) andBool allDigit(CS)
/reference/k-proof/reference-semantics/semantics/methods.k-17-
/reference/k-proof/reference-semantics/semantics/methods.k-18-  // ==== case maps ============================================================
/reference/k-proof/reference-semantics/semantics/methods.k:19:  rule applyMethod(str(CS:IntSeq), "lower",    .Vals) => str(mapLower(CS))
/reference/k-proof/reference-semantics/semantics/methods.k:20:  rule applyMethod(str(CS:IntSeq), "upper",    .Vals) => str(mapUpper(CS))
/reference/k-proof/reference-semantics/semantics/methods.k:21:  rule applyMethod(str(CS:IntSeq), "swapcase", .Vals) => str(mapSwap(CS))
/reference/k-proof/reference-semantics/semantics/methods.k-22-
/reference/k-proof/reference-semantics/semantics/methods.k-23-  // ==== join / count / strip / encode ========================================
/reference/k-proof/reference-semantics/semantics/methods.k-24-  // S.join(list-of-str): fold with separator codes (receiver + arg deref'd by
/reference/k-proof/reference-semantics/semantics/methods.k-25-  // the call layer; the result str is a value)
/reference/k-proof/reference-semantics/semantics/methods.k:26:  rule applyMethod(str(SEP:IntSeq), "join", list(VS:ValSeq), .Vals) => str(joinCodes(SEP, VS))
/reference/k-proof/reference-semantics/semantics/methods.k:27:  syntax IntSeq ::= joinCodes(IntSeq, ValSeq) [function, total]
/reference/k-proof/reference-semantics/semantics/methods.k:28:  rule joinCodes(_:IntSeq, .ValSeq) => .IntSeq
/reference/k-proof/reference-semantics/semantics/methods.k:29:  rule joinCodes(_:IntSeq, vCons(str(CS:IntSeq), .ValSeq)) => CS
/reference/k-proof/reference-semantics/semantics/methods.k:30:  rule joinCodes(SEP:IntSeq, vCons(str(CS:IntSeq), vCons(V:Val, R:ValSeq)))
/reference/k-proof/reference-semantics/semantics/methods.k-31-    => seqConcat(CS, seqConcat(SEP, joinCodes(SEP, vCons(V, R))))
/reference/k-proof/reference-semantics/semantics/methods.k-32-
/reference/k-proof/reference-semantics/semantics/methods.k-33-  // S.count(sub): non-overlapping window scan (Python str.count)
/reference/k-proof/reference-semantics/semantics/methods.k:34:  rule applyMethod(str(CS:IntSeq), "count", str(PC:IntSeq), .Vals) => cntSub(CS, PC)
/reference/k-proof/reference-semantics/semantics/methods.k-35-  syntax Int ::= cntSub(IntSeq, IntSeq) [function]
/reference/k-proof/reference-semantics/semantics/methods.k-36-  rule cntSub(.IntSeq, _:IntSeq) => 0
/reference/k-proof/reference-semantics/semantics/methods.k-37-  rule cntSub(iCons(C:Int, R:IntSeq), PC:IntSeq) => 1 +Int cntSub(dropIS(iCons(C, R), isLen(PC)), PC)
/reference/k-proof/reference-semantics/semantics/methods.k-38-       requires strPrefix(PC, iCons(C, R)) andBool isLen(PC) >Int 0
--
/reference/k-proof/reference-semantics/semantics/methods.k-43-  rule dropIS(.IntSeq, _:Int) => .IntSeq [owise]
/reference/k-proof/reference-semantics/semantics/methods.k-44-  rule dropIS(iCons(_:Int, R:IntSeq), N:Int) => dropIS(R, N -Int 1) requires N >Int 0
/reference/k-proof/reference-semantics/semantics/methods.k-45-
/reference/k-proof/reference-semantics/semantics/methods.k-46-  // S.strip(): trim whitespace runs from both ends
/reference/k-proof/reference-semantics/semantics/methods.k:47:  rule applyMethod(str(CS:IntSeq), "strip", .Vals) => str(revIS(trimWS(revIS(trimWS(CS)))))
/reference/k-proof/reference-semantics/semantics/methods.k-48-  syntax IntSeq ::= trimWS(IntSeq) [function, total]
/reference/k-proof/reference-semantics/semantics/methods.k-49-  rule trimWS(.IntSeq) => .IntSeq
/reference/k-proof/reference-semantics/semantics/methods.k-50-  rule trimWS(iCons(C:Int, R:IntSeq)) => trimWS(R) requires isWSC(C)
/reference/k-proof/reference-semantics/semantics/methods.k-51-  rule trimWS(iCons(C:Int, R:IntSeq)) => iCons(C, R) requires notBool isWSC(C)
--
/reference/k-proof/reference-semantics/semantics/methods.k-54-  rule revISAcc(.IntSeq, A:IntSeq) => A
/reference/k-proof/reference-semantics/semantics/methods.k-55-  rule revISAcc(iCons(C:Int, R:IntSeq), A:IntSeq) => revISAcc(R, iCons(C, A))
/reference/k-proof/reference-semantics/semantics/methods.k-56-
/reference/k-proof/reference-semantics/semantics/methods.k-57-  // S.encode('ascii'): identity on the code-sequence model (bytes == codes)
/reference/k-proof/reference-semantics/semantics/methods.k:58:  rule applyMethod(str(CS:IntSeq), "encode", str(_:IntSeq), .Vals) => str(CS)
/reference/k-proof/reference-semantics/semantics/methods.k-59-
/reference/k-proof/reference-semantics/semantics/methods.k-60-  // ==== prefix ===============================================================
/reference/k-proof/reference-semantics/semantics/methods.k:61:  rule applyMethod(str(XC:IntSeq), "startswith", str(PC:IntSeq), .Vals) => startsWith(PC, XC)
/reference/k-proof/reference-semantics/semantics/methods.k-62-
/reference/k-proof/reference-semantics/semantics/methods.k-63-  // ==== list.count(v) — number of occurrences of v in the list (concrete for krun) ==========
/reference/k-proof/reference-semantics/semantics/methods.k-64-  rule applyMethod(list(VS:ValSeq), "count", V:Val, .Vals) => cntOccVS(VS, V)
/reference/k-proof/reference-semantics/semantics/methods.k:65:  syntax Int ::= cntOccVS(ValSeq, Val) [function, total]
/reference/k-proof/reference-semantics/semantics/methods.k-66-  rule cntOccVS(.ValSeq, _:Val)                => 0
/reference/k-proof/reference-semantics/semantics/methods.k:67:  rule cntOccVS(vCons(A:Val, R:ValSeq), V:Val) => 1 +Int cntOccVS(R, V) requires A ==K V
/reference/k-proof/reference-semantics/semantics/methods.k-68-  rule cntOccVS(vCons(A:Val, R:ValSeq), V:Val) => cntOccVS(R, V)        requires notBool (A ==K V)
/reference/k-proof/reference-semantics/semantics/methods.k-69-
/reference/k-proof/reference-semantics/semantics/methods.k-70-  // ==== split (no-arg: on whitespace runs, dropping empty tokens) + replace (single char) ==========
/reference/k-proof/reference-semantics/semantics/methods.k-71-  // Concrete string ops for krun. A proof over a symbolic string intercepts the split problem-locally.
/reference/k-proof/reference-semantics/semantics/methods.k:72:  rule <k> #applyK(toCall(boundMethodV(str(CS:IntSeq), "split")), .Vals)
/reference/k-proof/reference-semantics/semantics/methods.k:73:        => #alloc(list(splitWS(CS, .IntSeq, .ValSeq))) ... </k>
/reference/k-proof/reference-semantics/semantics/methods.k-74-       [priority(40)]
/reference/k-proof/reference-semantics/semantics/methods.k:75:  syntax ValSeq ::= splitWS(IntSeq, IntSeq, ValSeq) [function]  // remaining, current token, result
/reference/k-proof/reference-semantics/semantics/methods.k:76:  rule splitWS(.IntSeq, CUR:IntSeq, ACC:ValSeq) => flushTok(ACC, CUR)
/reference/k-proof/reference-semantics/semantics/methods.k:77:  rule splitWS(iCons(C:Int, R:IntSeq), CUR:IntSeq, ACC:ValSeq) => splitWS(R, .IntSeq, flushTok(ACC, CUR))
/reference/k-proof/reference-semantics/semantics/methods.k-78-       requires isWSC(C)
/reference/k-proof/reference-semantics/semantics/methods.k:79:  rule splitWS(iCons(C:Int, R:IntSeq), CUR:IntSeq, ACC:ValSeq) => splitWS(R, seqConcat(CUR, iCons(C, .IntSeq)), ACC)
/reference/k-proof/reference-semantics/semantics/methods.k-80-       requires notBool isWSC(C)
/reference/k-proof/reference-semantics/semantics/methods.k-81-  // flush the current token to the result list iff non-empty.
/reference/k-proof/reference-semantics/semantics/methods.k:82:  syntax ValSeq ::= flushTok(ValSeq, IntSeq) [function]
/reference/k-proof/reference-semantics/semantics/methods.k:83:  rule flushTok(ACC:ValSeq, .IntSeq)            => ACC
/reference/k-proof/reference-semantics/semantics/methods.k:84:  rule flushTok(ACC:ValSeq, iCons(C:Int, T:IntSeq)) => valSeqConcat(ACC, vCons(str(iCons(C, T)), .ValSeq))
/reference/k-proof/reference-semantics/semantics/methods.k-85-  syntax Bool ::= isWSC(Int) [function, total]
/reference/k-proof/reference-semantics/semantics/methods.k-86-  rule isWSC(C:Int) => C ==Int 32 orBool C ==Int 9 orBool C ==Int 10 orBool C ==Int 13
/reference/k-proof/reference-semantics/semantics/methods.k-87-
/reference/k-proof/reference-semantics/semantics/methods.k-88-  // split(sep='x') keyword form delegates to the positional k-cell rule
/reference/k-proof/reference-semantics/semantics/methods.k:89:  rule <k> #applyK(toCall(boundMethodV(str(CS:IntSeq), "split")), (kwV("sep", str(S:IntSeq)), .Vals))
/reference/k-proof/reference-semantics/semantics/methods.k-90-        => #applyK(toCall(boundMethodV(str(CS), "split")), (str(S), .Vals)) ... </k>
/reference/k-proof/reference-semantics/semantics/methods.k-91-       [priority(39)]
/reference/k-proof/reference-semantics/semantics/methods.k-92-
/reference/k-proof/reference-semantics/semantics/methods.k-93-  // str.split(sep) — single-char separator, KEEPING empty parts (Python's sep-split; len == #sep + 1).
/reference/k-proof/reference-semantics/semantics/methods.k:94:  rule <k> #applyK(toCall(boundMethodV(str(CS:IntSeq), "split")), (str(iCons(SEP:Int, .IntSeq)), .Vals))
/reference/k-proof/reference-semantics/semantics/methods.k-95-        => #alloc(list(splitSep(CS, SEP, .IntSeq))) ... </k>
/reference/k-proof/reference-semantics/semantics/methods.k-96-       [priority(40)]
/reference/k-proof/reference-semantics/semantics/methods.k:97:  syntax ValSeq ::= splitSep(IntSeq, Int, IntSeq) [function]  // remaining, sep code, current token
/reference/k-proof/reference-semantics/semantics/methods.k:98:  rule splitSep(.IntSeq, _SEP:Int, CUR:IntSeq)              => vCons(str(CUR), .ValSeq)
/reference/k-proof/reference-semantics/semantics/methods.k-99-  rule splitSep(iCons(C:Int, R:IntSeq), SEP:Int, CUR:IntSeq) => vCons(str(CUR), splitSep(R, SEP, .IntSeq))
/reference/k-proof/reference-semantics/semantics/methods.k-100-       requires C ==Int SEP
/reference/k-proof/reference-semantics/semantics/methods.k-101-  rule splitSep(iCons(C:Int, R:IntSeq), SEP:Int, CUR:IntSeq) => splitSep(R, SEP, seqConcat(CUR, iCons(C, .IntSeq)))
/reference/k-proof/reference-semantics/semantics/methods.k-102-       requires notBool (C ==Int SEP)
/reference/k-proof/reference-semantics/semantics/methods.k-103-
/reference/k-proof/reference-semantics/semantics/methods.k:104:  rule applyMethod(str(CS:IntSeq), "replace", str(iCons(A:Int, .IntSeq)), str(iCons(B:Int, .IntSeq)), .Vals)
/reference/k-proof/reference-semantics/semantics/methods.k-105-    => str(replaceC(CS, A, B))
/reference/k-proof/reference-semantics/semantics/methods.k-106-  syntax IntSeq ::= replaceC(IntSeq, Int, Int) [function, total]
/reference/k-proof/reference-semantics/semantics/methods.k-107-  rule replaceC(.IntSeq, _:Int, _:Int)             => .IntSeq
/reference/k-proof/reference-semantics/semantics/methods.k-108-  rule replaceC(iCons(C:Int, R:IntSeq), A:Int, B:Int) => iCons(B, replaceC(R, A, B)) requires C ==Int A
