$ LD_PRELOAD=proc_self_exe_fix.so LEAN_SYSROOT=<pinned> LAKE_HOME=<pinned> lake lean AuditQuery.lean
⚠ [6/8] Replayed Klean68Pluck.Lemmas
warning: Klean68Pluck/Lemmas.lean:17:38: unused variable `h`

Note: This linter can be disabled with `set_option linter.unusedVariables false`
Proof.final :
  Klean68Pluck.Lemmas.targetStatement Proof.«_+Int_» Proof.«applyBin(_,_,_)_MPY-CORE_Val_String_Val_Val»
    Proof.«definedProjectInt(_)_VERIFICATION_Bool_Val» Proof.projectIntTotal Proof.«project:Int?»
theorem Proof.final : Klean68Pluck.Lemmas.targetStatement Proof.«_+Int_»
  Proof.«applyBin(_,_,_)_MPY-CORE_Val_String_Val_Val» Proof.«definedProjectInt(_)_VERIFICATION_Bool_Val»
  Proof.projectIntTotal Proof.«project:Int?» :=
⟨fun value =>
  SortVal.casesOn value
    (fun x h => Eq.symm h ▸ { mp := fun isSome => ⟨isSome, True.intro⟩, mpr := fun isDefined => isDefined.left })
    (fun x h => Eq.symm h ▸ { mp := fun isSome => ⟨isSome, True.intro⟩, mpr := fun isDefined => isDefined.left })
    (fun x h => Eq.symm h ▸ { mp := fun isSome => ⟨isSome, True.intro⟩, mpr := fun isDefined => isDefined.left })
    (fun x h => Eq.symm h ▸ { mp := fun isSome => ⟨isSome, True.intro⟩, mpr := fun isDefined => isDefined.left })
    (fun x0 x1 h => Eq.symm h ▸ { mp := fun isSome => ⟨isSome, True.intro⟩, mpr := fun isDefined => isDefined.left })
    (fun x0 h => Eq.symm h ▸ { mp := fun isSome => ⟨isSome, True.intro⟩, mpr := fun isDefined => isDefined.left })
    (fun x0 h => Eq.symm h ▸ { mp := fun isSome => ⟨isSome, True.intro⟩, mpr := fun isDefined => isDefined.left })
    (fun x0 h => Eq.symm h ▸ { mp := fun isSome => ⟨isSome, True.intro⟩, mpr := fun isDefined => isDefined.left })
    (fun x0 x1 x2 h => Eq.symm h ▸ { mp := fun isSome => ⟨isSome, True.intro⟩, mpr := fun isDefined => isDefined.left })
    (fun x0 x1 x2 x3 h =>
      Eq.symm h ▸ { mp := fun isSome => ⟨isSome, True.intro⟩, mpr := fun isDefined => isDefined.left })
    (fun x0 x1 h => Eq.symm h ▸ { mp := fun isSome => ⟨isSome, True.intro⟩, mpr := fun isDefined => isDefined.left })
    (fun x0 x1 h => Eq.symm h ▸ { mp := fun isSome => ⟨isSome, True.intro⟩, mpr := fun isDefined => isDefined.left })
    (fun x0 h => Eq.symm h ▸ { mp := fun isSome => ⟨isSome, True.intro⟩, mpr := fun isDefined => isDefined.left })
    (fun h => Eq.symm h ▸ { mp := fun isSome => ⟨isSome, True.intro⟩, mpr := fun isDefined => isDefined.left })
    (fun x0 h => Eq.symm h ▸ { mp := fun isSome => ⟨isSome, True.intro⟩, mpr := fun isDefined => isDefined.left })
    (fun x0 h => Eq.symm h ▸ { mp := fun isSome => ⟨isSome, True.intro⟩, mpr := fun isDefined => isDefined.left })
    (fun x0 h => Eq.symm h ▸ { mp := fun isSome => ⟨isSome, True.intro⟩, mpr := fun isDefined => isDefined.left })
    (Eq.refl value),
  fun integer value isDefined =>
  SortVal.casesOn value
    (fun x h =>
      Eq.ndrec (motive := fun value =>
        Proof.«definedProjectInt(_)_VERIFICATION_Bool_Val» value = true →
          Proof.«applyBin(_,_,_)_MPY-CORE_Val_String_Val_Val» "+" value (SortVal.inj_SortInt integer) =
            SortVal.inj_SortInt (Proof.«_+Int_» (Proof.projectIntTotal value) integer))
        (fun isDefined =>
          Eq.casesOn (motive := fun a t =>
            true = a →
              isDefined ≍ t →
                Proof.«applyBin(_,_,_)_MPY-CORE_Val_String_Val_Val» "+" (SortVal.inj_SortBool x)
                    (SortVal.inj_SortInt integer) =
                  SortVal.inj_SortInt (Proof.«_+Int_» (Proof.projectIntTotal (SortVal.inj_SortBool x)) integer))
            isDefined (fun h => Bool.noConfusion h) (Eq.refl true) (HEq.refl isDefined))
        (Eq.symm h) isDefined)
    (fun x h =>
      Eq.ndrec (motive := fun value =>
        Proof.«definedProjectInt(_)_VERIFICATION_Bool_Val» value = true →
          Proof.«applyBin(_,_,_)_MPY-CORE_Val_String_Val_Val» "+" value (SortVal.inj_SortInt integer) =
            SortVal.inj_SortInt (Proof.«_+Int_» (Proof.projectIntTotal value) integer))
        (fun isDefined =>
          Eq.casesOn (motive := fun a t =>
            true = a →
              isDefined ≍ t →
                Proof.«applyBin(_,_,_)_MPY-CORE_Val_String_Val_Val» "+" (SortVal.inj_SortFloat x)
                    (SortVal.inj_SortInt integer) =
                  SortVal.inj_SortInt (Proof.«_+Int_» (Proof.projectIntTotal (SortVal.inj_SortFloat x)) integer))
            isDefined (fun h => Bool.noConfusion h) (Eq.refl true) (HEq.refl isDefined))
        (Eq.symm h) isDefined)
    (fun x h =>
      Eq.ndrec (motive := fun value =>
        Proof.«definedProjectInt(_)_VERIFICATION_Bool_Val» value = true →
          Proof.«applyBin(_,_,_)_MPY-CORE_Val_String_Val_Val» "+" value (SortVal.inj_SortInt integer) =
            SortVal.inj_SortInt (Proof.«_+Int_» (Proof.projectIntTotal value) integer))
        (fun isDefined =>
          Eq.casesOn (motive := fun a t =>
            true = a →
              isDefined ≍ t →
                Proof.«applyBin(_,_,_)_MPY-CORE_Val_String_Val_Val» "+" (SortVal.inj_SortInt x)
                    (SortVal.inj_SortInt integer) =
                  SortVal.inj_SortInt (Proof.«_+Int_» (Proof.projectIntTotal (SortVal.inj_SortInt x)) integer))
            isDefined
            (fun h h =>
              Eq.refl
                (Proof.«applyBin(_,_,_)_MPY-CORE_Val_String_Val_Val» "+" (SortVal.inj_SortInt x)
                  (SortVal.inj_SortInt integer)))
            (Eq.refl true) (HEq.refl isDefined))
        (Eq.symm h) isDefined)
    (fun x h =>
      Eq.ndrec (motive := fun value =>
        Proof.«definedProjectInt(_)_VERIFICATION_Bool_Val» value = true →
          Proof.«applyBin(_,_,_)_MPY-CORE_Val_String_Val_Val» "+" value (SortVal.inj_SortInt integer) =
            SortVal.inj_SortInt (Proof.«_+Int_» (Proof.projectIntTotal value) integer))
        (fun isDefined =>
          Eq.casesOn (motive := fun a t =>
            true = a →
              isDefined ≍ t →
                Proof.«applyBin(_,_,_)_MPY-CORE_Val_String_Val_Val» "+" (SortVal.inj_SortIterable x)
                    (SortVal.inj_SortInt integer) =
                  SortVal.inj_SortInt (Proof.«_+Int_» (Proof.projectIntTotal (SortVal.inj_SortIterable x)) integer))
            isDefined (fun h => Bool.noConfusion h) (Eq.refl true) (HEq.refl isDefined))
        (Eq.symm h) isDefined)
    (fun x0 x1 h =>
      Eq.ndrec (motive := fun value =>
        Proof.«definedProjectInt(_)_VERIFICATION_Bool_Val» value = true →
          Proof.«applyBin(_,_,_)_MPY-CORE_Val_String_Val_Val» "+" value (SortVal.inj_SortInt integer) =
            SortVal.inj_SortInt (Proof.«_+Int_» (Proof.projectIntTotal value) integer))
        (fun isDefined =>
          Eq.casesOn (motive := fun a t =>
            true = a →
              isDefined ≍ t →
                Proof.«applyBin(_,_,_)_MPY-CORE_Val_String_Val_Val» "+"
                    (x0.«boundMethodV(_,_)_MPY-CORE_Val_Val_String» x1) (SortVal.inj_SortInt integer) =
                  SortVal.inj_SortInt
                    (Proof.«_+Int_» (Proof.projectIntTotal (x0.«boundMethodV(_,_)_MPY-CORE_Val_Val_String» x1))
                      integer))
            isDefined (fun h => Bool.noConfusion h) (Eq.refl true) (HEq.refl isDefined))
        (Eq.symm h) isDefined)
    (fun x0 h =>
      Eq.ndrec (motive := fun value =>
        Proof.«definedProjectInt(_)_VERIFICATION_Bool_Val» value = true →
          Proof.«applyBin(_,_,_)_MPY-CORE_Val_String_Val_Val» "+" value (SortVal.inj_SortInt integer) =
            SortVal.inj_SortInt (Proof.«_+Int_» (Proof.projectIntTotal value) integer))
        (fun isDefined =>
          Eq.casesOn (motive := fun a t =>
            true = a →
              isDefined ≍ t →
                Proof.«applyBin(_,_,_)_MPY-CORE_Val_String_Val_Val» "+" (SortVal.«builtinV(_)_MPY-CORE_Val_String» x0)
                    (SortVal.inj_SortInt integer) =
                  SortVal.inj_SortInt
                    (Proof.«_+Int_» (Proof.projectIntTotal (SortVal.«builtinV(_)_MPY-CORE_Val_String» x0)) integer))
            isDefined (fun h => Bool.noConfusion h) (Eq.refl true) (HEq.refl isDefined))
        (Eq.symm h) isDefined)
    (fun x0 h =>
      Eq.ndrec (motive := fun value =>
        Proof.«definedProjectInt(_)_VERIFICATION_Bool_Val» value = true →
          Proof.«applyBin(_,_,_)_MPY-CORE_Val_String_Val_Val» "+" value (SortVal.inj_SortInt integer) =
            SortVal.inj_SortInt (Proof.«_+Int_» (Proof.projectIntTotal value) integer))
        (fun isDefined =>
          Eq.casesOn (motive := fun a t =>
            true = a →
              isDefined ≍ t →
                Proof.«applyBin(_,_,_)_MPY-CORE_Val_String_Val_Val» "+" (SortVal.«cellRef(_)_MPY-CORE_Val_Int» x0)
                    (SortVal.inj_SortInt integer) =
                  SortVal.inj_SortInt
                    (Proof.«_+Int_» (Proof.projectIntTotal (SortVal.«cellRef(_)_MPY-CORE_Val_Int» x0)) integer))
            isDefined (fun h => Bool.noConfusion h) (Eq.refl true) (HEq.refl isDefined))
        (Eq.symm h) isDefined)
    (fun x0 h =>
      Eq.ndrec (motive := fun value =>
        Proof.«definedProjectInt(_)_VERIFICATION_Bool_Val» value = true →
          Proof.«applyBin(_,_,_)_MPY-CORE_Val_String_Val_Val» "+" value (SortVal.inj_SortInt integer) =
            SortVal.inj_SortInt (Proof.«_+Int_» (Proof.projectIntTotal value) integer))
        (fun isDefined =>
          Eq.casesOn (motive := fun a t =>
            true = a →
              isDefined ≍ t →
                Proof.«applyBin(_,_,_)_MPY-CORE_Val_String_Val_Val» "+"
                    (SortVal.«cellsMark(_)_MPY-CORE_Val_ParamNames» x0) (SortVal.inj_SortInt integer) =
                  SortVal.inj_SortInt
                    (Proof.«_+Int_» (Proof.projectIntTotal (SortVal.«cellsMark(_)_MPY-CORE_Val_ParamNames» x0))
                      integer))
            isDefined (fun h => Bool.noConfusion h) (Eq.refl true) (HEq.refl isDefined))
        (Eq.symm h) isDefined)
    (fun x0 x1 x2 h =>
      Eq.ndrec (motive := fun value =>
        Proof.«definedProjectInt(_)_VERIFICATION_Bool_Val» value = true →
          Proof.«applyBin(_,_,_)_MPY-CORE_Val_String_Val_Val» "+" value (SortVal.inj_SortInt integer) =
            SortVal.inj_SortInt (Proof.«_+Int_» (Proof.projectIntTotal value) integer))
        (fun isDefined =>
          Eq.casesOn (motive := fun a t =>
            true = a →
              isDefined ≍ t →
                Proof.«applyBin(_,_,_)_MPY-CORE_Val_String_Val_Val» "+"
                    (SortVal.«closureVal(_,_,_)_MPY-CORE_Val_ParamNames_Stmts_Int» x0 x1 x2)
                    (SortVal.inj_SortInt integer) =
                  SortVal.inj_SortInt
                    (Proof.«_+Int_»
                      (Proof.projectIntTotal (SortVal.«closureVal(_,_,_)_MPY-CORE_Val_ParamNames_Stmts_Int» x0 x1 x2))
                      integer))
            isDefined (fun h => Bool.noConfusion h) (Eq.refl true) (HEq.refl isDefined))
        (Eq.symm h) isDefined)
    (fun x0 x1 x2 x3 h =>
      Eq.ndrec (motive := fun value =>
        Proof.«definedProjectInt(_)_VERIFICATION_Bool_Val» value = true →
          Proof.«applyBin(_,_,_)_MPY-CORE_Val_String_Val_Val» "+" value (SortVal.inj_SortInt integer) =
            SortVal.inj_SortInt (Proof.«_+Int_» (Proof.projectIntTotal value) integer))
        (fun isDefined =>
          Eq.casesOn (motive := fun a t =>
            true = a →
              isDefined ≍ t →
                Proof.«applyBin(_,_,_)_MPY-CORE_Val_String_Val_Val» "+"
                    (SortVal.«closureValC(_,_,_,_)_MPY-FUNCTIONS_Val_ParamNames_ParamNames_Stmts_Map» x0 x1 x2 x3)
                    (SortVal.inj_SortInt integer) =
                  SortVal.inj_SortInt
                    (Proof.«_+Int_»
                      (Proof.projectIntTotal
                        (SortVal.«closureValC(_,_,_,_)_MPY-FUNCTIONS_Val_ParamNames_ParamNames_Stmts_Map» x0 x1 x2 x3))
                      integer))
            isDefined (fun h => Bool.noConfusion h) (Eq.refl true) (HEq.refl isDefined))
        (Eq.symm h) isDefined)
    (fun x0 x1 h =>
      Eq.ndrec (motive := fun value =>
        Proof.«definedProjectInt(_)_VERIFICATION_Bool_Val» value = true →
          Proof.«applyBin(_,_,_)_MPY-CORE_Val_String_Val_Val» "+" value (SortVal.inj_SortInt integer) =
            SortVal.inj_SortInt (Proof.«_+Int_» (Proof.projectIntTotal value) integer))
        (fun isDefined =>
          Eq.casesOn (motive := fun a t =>
            true = a →
              isDefined ≍ t →
                Proof.«applyBin(_,_,_)_MPY-CORE_Val_String_Val_Val» "+"
                    (SortVal.«dictV(_,_)_MPY-DICT_Val_ValSeq_ValSeq» x0 x1) (SortVal.inj_SortInt integer) =
                  SortVal.inj_SortInt
                    (Proof.«_+Int_» (Proof.projectIntTotal (SortVal.«dictV(_,_)_MPY-DICT_Val_ValSeq_ValSeq» x0 x1))
                      integer))
            isDefined (fun h => Bool.noConfusion h) (Eq.refl true) (HEq.refl isDefined))
        (Eq.symm h) isDefined)
    (fun x0 x1 h =>
      Eq.ndrec (motive := fun value =>
        Proof.«definedProjectInt(_)_VERIFICATION_Bool_Val» value = true →
          Proof.«applyBin(_,_,_)_MPY-CORE_Val_String_Val_Val» "+" value (SortVal.inj_SortInt integer) =
            SortVal.inj_SortInt (Proof.«_+Int_» (Proof.projectIntTotal value) integer))
        (fun isDefined =>
          Eq.casesOn (motive := fun a t =>
            true = a →
              isDefined ≍ t →
                Proof.«applyBin(_,_,_)_MPY-CORE_Val_String_Val_Val» "+"
                    (SortVal.«kwV(_,_)_MPY-CORE_Val_String_Val» x0 x1) (SortVal.inj_SortInt integer) =
                  SortVal.inj_SortInt
                    (Proof.«_+Int_» (Proof.projectIntTotal (SortVal.«kwV(_,_)_MPY-CORE_Val_String_Val» x0 x1)) integer))
            isDefined (fun h => Bool.noConfusion h) (Eq.refl true) (HEq.refl isDefined))
        (Eq.symm h) isDefined)
    (fun x0 h =>
      Eq.ndrec (motive := fun value =>
        Proof.«definedProjectInt(_)_VERIFICATION_Bool_Val» value = true →
          Proof.«applyBin(_,_,_)_MPY-CORE_Val_String_Val_Val» "+" value (SortVal.inj_SortInt integer) =
            SortVal.inj_SortInt (Proof.«_+Int_» (Proof.projectIntTotal value) integer))
        (fun isDefined =>
          Eq.casesOn (motive := fun a t =>
            true = a →
              isDefined ≍ t →
                Proof.«applyBin(_,_,_)_MPY-CORE_Val_String_Val_Val» "+" (SortVal.«md5Obj(_)_MPY-BUILTINS_Val_IntSeq» x0)
                    (SortVal.inj_SortInt integer) =
                  SortVal.inj_SortInt
                    (Proof.«_+Int_» (Proof.projectIntTotal (SortVal.«md5Obj(_)_MPY-BUILTINS_Val_IntSeq» x0)) integer))
            isDefined (fun h => Bool.noConfusion h) (Eq.refl true) (HEq.refl isDefined))
        (Eq.symm h) isDefined)
    (fun h =>
      Eq.ndrec (motive := fun value =>
        Proof.«definedProjectInt(_)_VERIFICATION_Bool_Val» value = true →
          Proof.«applyBin(_,_,_)_MPY-CORE_Val_String_Val_Val» "+" value (SortVal.inj_SortInt integer) =
            SortVal.inj_SortInt (Proof.«_+Int_» (Proof.projectIntTotal value) integer))
        (fun isDefined =>
          Eq.casesOn (motive := fun a t =>
            true = a →
              isDefined ≍ t →
                Proof.«applyBin(_,_,_)_MPY-CORE_Val_String_Val_Val» "+" SortVal.«noneV_MPY-CORE_Val»
                    (SortVal.inj_SortInt integer) =
                  SortVal.inj_SortInt (Proof.«_+Int_» (Proof.projectIntTotal SortVal.«noneV_MPY-CORE_Val») integer))
            isDefined (fun h => Bool.noConfusion h) (Eq.refl true) (HEq.refl isDefined))
        (Eq.symm h) isDefined)
    (fun x0 h =>
      Eq.ndrec (motive := fun value =>
        Proof.«definedProjectInt(_)_VERIFICATION_Bool_Val» value = true →
          Proof.«applyBin(_,_,_)_MPY-CORE_Val_String_Val_Val» "+" value (SortVal.inj_SortInt integer) =
            SortVal.inj_SortInt (Proof.«_+Int_» (Proof.projectIntTotal value) integer))
        (fun isDefined =>
          Eq.casesOn (motive := fun a t =>
            true = a →
              isDefined ≍ t →
                Proof.«applyBin(_,_,_)_MPY-CORE_Val_String_Val_Val» "+" (SortVal.«ref(_)_MPY-CORE_Val_Int» x0)
                    (SortVal.inj_SortInt integer) =
                  SortVal.inj_SortInt
                    (Proof.«_+Int_» (Proof.projectIntTotal (SortVal.«ref(_)_MPY-CORE_Val_Int» x0)) integer))
            isDefined (fun h => Bool.noConfusion h) (Eq.refl true) (HEq.refl isDefined))
        (Eq.symm h) isDefined)
    (fun x0 h =>
      Eq.ndrec (motive := fun value =>
        Proof.«definedProjectInt(_)_VERIFICATION_Bool_Val» value = true →
          Proof.«applyBin(_,_,_)_MPY-CORE_Val_String_Val_Val» "+" value (SortVal.inj_SortInt integer) =
            SortVal.inj_SortInt (Proof.«_+Int_» (Proof.projectIntTotal value) integer))
        (fun isDefined =>
          Eq.casesOn (motive := fun a t =>
            true = a →
              isDefined ≍ t →
                Proof.«applyBin(_,_,_)_MPY-CORE_Val_String_Val_Val» "+" (SortVal.«setV(_)_MPY-SET_Val_IntSeq» x0)
                    (SortVal.inj_SortInt integer) =
                  SortVal.inj_SortInt
                    (Proof.«_+Int_» (Proof.projectIntTotal (SortVal.«setV(_)_MPY-SET_Val_IntSeq» x0)) integer))
            isDefined (fun h => Bool.noConfusion h) (Eq.refl true) (HEq.refl isDefined))
        (Eq.symm h) isDefined)
    (fun x0 h =>
      Eq.ndrec (motive := fun value =>
        Proof.«definedProjectInt(_)_VERIFICATION_Bool_Val» value = true →
          Proof.«applyBin(_,_,_)_MPY-CORE_Val_String_Val_Val» "+" value (SortVal.inj_SortInt integer) =
            SortVal.inj_SortInt (Proof.«_+Int_» (Proof.projectIntTotal value) integer))
        (fun isDefined =>
          Eq.casesOn (motive := fun a t =>
            true = a →
              isDefined ≍ t →
                Proof.«applyBin(_,_,_)_MPY-CORE_Val_String_Val_Val» "+" (SortVal.«typeV(_)_MPY-CORE_Val_String» x0)
                    (SortVal.inj_SortInt integer) =
                  SortVal.inj_SortInt
                    (Proof.«_+Int_» (Proof.projectIntTotal (SortVal.«typeV(_)_MPY-CORE_Val_String» x0)) integer))
            isDefined (fun h => Bool.noConfusion h) (Eq.refl true) (HEq.refl isDefined))
        (Eq.symm h) isDefined)
    (Eq.refl value)⟩
'Proof.final' does not depend on any axioms
EXIT: 0
