$ rg -n rule applyBin frozen supplied semantics
/reference/k-proof/reference-semantics/semantics/str.k:24:  rule applyBin("+",  str(A:IntSeq), str(B:IntSeq)) => str(seqConcat(A, B))
/reference/k-proof/reference-semantics/semantics/float.k:27:  rule applyBin("/", I:Int, F:Float) => intFloatDiv(I, F)
/reference/k-proof/reference-semantics/semantics/float.k:32:  rule applyBin("/", I1:Int, I2:Int) => divII(I1, I2)
/reference/k-proof/reference-semantics/semantics/float.k:39:  rule applyBin("%", F1:Float, F2:Float) => floatMod(F1, F2)
/reference/k-proof/reference-semantics/semantics/float.k:105:  rule applyBin("-", F1:Float, F2:Float) => subF(F1, F2)
/reference/k-proof/reference-semantics/semantics/float.k:109:  rule applyBin("/", F1:Float, F2:Float) => divF(F1, F2)
/reference/k-proof/reference-semantics/semantics/float.k:113:  rule applyBin("+", F1:Float, F2:Float) => addF(F1, F2)
/reference/k-proof/reference-semantics/semantics/float.k:117:  rule applyBin("*", F1:Float, F2:Float) => mulF(F1, F2)
/reference/k-proof/reference-semantics/semantics/float.k:121:  rule applyBin("**", F1:Float, F2:Float) => powF(F1, F2)
/reference/k-proof/reference-semantics/semantics/float.k:132:  rule applyBin("**", I:Int, F:Float) => powF(intToF(I), F)
/reference/k-proof/reference-semantics/semantics/float.k:133:  rule applyBin("**", F:Float, I:Int) => powF(F, intToF(I))
/reference/k-proof/reference-semantics/semantics/float.k:134:  rule applyBin("-",  I:Int, F:Float) => subF(intToF(I), F)
/reference/k-proof/reference-semantics/semantics/float.k:135:  rule applyBin("-",  F:Float, I:Int) => subF(F, intToF(I))
/reference/k-proof/reference-semantics/semantics/float.k:136:  rule applyBin("+",  I:Int, F:Float) => addF(intToF(I), F)
/reference/k-proof/reference-semantics/semantics/float.k:137:  rule applyBin("+",  F:Float, I:Int) => addF(F, intToF(I))
/reference/k-proof/reference-semantics/semantics/float.k:138:  rule applyBin("*",  I:Int, F:Float) => mulF(intToF(I), F)
/reference/k-proof/reference-semantics/semantics/float.k:139:  rule applyBin("*",  F:Float, I:Int) => mulF(F, intToF(I))
/reference/k-proof/reference-semantics/semantics/float.k:192:  rule applyBin("/", F:Float, I:Int) => divFloatIntV(F, I)
/reference/k-proof/reference-semantics/semantics/float.k:197:  rule applyBin("+", I:Int, F:Float) => addF(intToF(I), F)
/reference/k-proof/reference-semantics/semantics/float.k:198:  rule applyBin("+", F:Float, I:Int) => addF(F, intToF(I))
/reference/k-proof/reference-semantics/semantics/float.k:199:  rule applyBin("-", I:Int, F:Float) => subF(intToF(I), F)
/reference/k-proof/reference-semantics/semantics/float.k:200:  rule applyBin("-", F:Float, I:Int) => subF(F, intToF(I))
/reference/k-proof/reference-semantics/semantics/float.k:201:  rule applyBin("*", I:Int, F:Float) => mulF(intToF(I), F)
/reference/k-proof/reference-semantics/semantics/float.k:202:  rule applyBin("*", F:Float, I:Int) => mulF(F, intToF(I))
/reference/k-proof/reference-semantics/semantics/int.k:9:  rule applyBin("+",  I1:Int, I2:Int) => I1 +Int I2
/reference/k-proof/reference-semantics/semantics/int.k:11:  rule applyBin("+",  I:Int, B:Bool) => I +Int #if B #then 1 #else 0 #fi
/reference/k-proof/reference-semantics/semantics/int.k:12:  rule applyBin("+",  B:Bool, I:Int) => #if B #then 1 #else 0 #fi +Int I
/reference/k-proof/reference-semantics/semantics/int.k:13:  rule applyBin("-",  I1:Int, I2:Int) => I1 -Int I2
/reference/k-proof/reference-semantics/semantics/int.k:14:  rule applyBin("*",  I1:Int, I2:Int) => I1 *Int I2
/reference/k-proof/reference-semantics/semantics/int.k:15:  rule applyBin("%",  I1:Int, I2:Int) => pyMod(I1, I2)
/reference/k-proof/reference-semantics/semantics/int.k:16:  rule applyBin("//", I1:Int, I2:Int) => (I1 -Int pyMod(I1, I2)) /Int I2
/reference/k-proof/reference-semantics/semantics/int.k:17:  rule applyBin("**", I1:Int, I2:Int) => I1 ^Int I2 requires I2 >=Int 0
$ selected exact supplied rules used for adversarial checks
     1	// reference/src/semantics/int.k — MPY-INT
     2	// Int cases of the operator dispatch; Python // and % are floored (pyMod).
     3	
     4	module MPY-INT
     5	  imports MPY-CORE
     6	
     7	  rule applyUn("-", I:Int) => 0 -Int I
     8	
     9	  rule applyBin("+",  I1:Int, I2:Int) => I1 +Int I2
    10	  // Bool participates in int arithmetic (x += (a == b))
    11	  rule applyBin("+",  I:Int, B:Bool) => I +Int #if B #then 1 #else 0 #fi
    12	  rule applyBin("+",  B:Bool, I:Int) => #if B #then 1 #else 0 #fi +Int I
    13	  rule applyBin("-",  I1:Int, I2:Int) => I1 -Int I2
    14	  rule applyBin("*",  I1:Int, I2:Int) => I1 *Int I2
    15	  rule applyBin("%",  I1:Int, I2:Int) => pyMod(I1, I2)
    16	  rule applyBin("//", I1:Int, I2:Int) => (I1 -Int pyMod(I1, I2)) /Int I2
    17	  rule applyBin("**", I1:Int, I2:Int) => I1 ^Int I2 requires I2 >=Int 0
    18	
    19	  syntax Int ::= pyMod(Int, Int) [function]
    20	  rule pyMod(I1:Int, I2:Int) => ((I1 %Int I2) +Int I2) %Int I2
    21	
    22	  rule applyCmp("<",  I1:Int, I2:Int)   => I1 <Int  I2
    23	  rule applyCmp("<=", I1:Int, I2:Int)   => I1 <=Int I2
    24	  rule applyCmp(">",  I1:Int, I2:Int)   => I1 >Int  I2
    25	  rule applyCmp(">=", I1:Int, I2:Int)   => I1 >=Int I2
    26	  rule applyCmp("==", I1:Int, I2:Int)   => I1 ==Int I2
    27	  rule applyCmp("!=", I1:Int, I2:Int)   => I1 =/=Int I2
    28	endmodule
     1	// reference/src/semantics/bool.k — MPY-BOOL
     2	// Bool operator cases + the truthy boolean operations (not / and / or; and-or are
     3	// value-returning short-circuit over any Vals, per Python).
     4	
     5	module MPY-BOOL
     6	  imports MPY-CORE
     7	
     8	  rule applyUn("not", V:Val) => notBool truthy(V)
     9	
    10	  rule applyCmp("==", B1:Bool, B2:Bool) => B1 ==Bool B2
    11	  rule applyCmp("!=", B1:Bool, B2:Bool) => B1 =/=Bool B2
    12	
    13	  // ==== BoolOp: short-circuit, value-returning and / or =====================
    14	  // the node is its own accumulator: heat the HEAD element only, then either return it
    15	  // (short-circuit) or drop it and continue
    16	  context BoolOp(_, (HOLE:Expr, _:Exprs))
    17	  rule <k> BoolOp(_:String, (V:Val, .Exprs)) => V ... </k>
    18	  rule <k> BoolOp("and", (V:Val, A:Expr, REST:Exprs)) => BoolOp("and", (A, REST)) ... </k>
    19	       requires truthy(V)
    20	  rule <k> BoolOp("and", (V:Val, _:Expr, _:Exprs)) => V ... </k>
    21	       requires notBool truthy(V)
    22	  rule <k> BoolOp("or",  (V:Val, _:Expr, _:Exprs)) => V ... </k>
    23	       requires truthy(V)
    24	  rule <k> BoolOp("or",  (V:Val, A:Expr, REST:Exprs)) => BoolOp("or", (A, REST)) ... </k>
    25	       requires notBool truthy(V)
    26	
    27	  // ==== heap-object head: decide truthiness THROUGH the heap, never rewrite the
    28	  // operand — and/or return the OBJECT itself (Python identity), not its structure
    29	  rule <k> BoolOp(_:String, (ref(H:Int), .Exprs)) => ref(H) ... </k>
    30	       [priority(40)]
    31	  rule <k> BoolOp("and", (ref(H:Int), A:Expr, REST:Exprs)) => BoolOp("and", (A, REST)) ... </k>
    32	       <heap> ... H |-> V:Val ... </heap>
    33	       requires truthy(V)
    34	       [priority(40)]
    35	  rule <k> BoolOp("and", (ref(H:Int), _:Expr, _:Exprs)) => ref(H) ... </k>
    36	       <heap> ... H |-> V:Val ... </heap>
    37	       requires notBool truthy(V)
    38	       [priority(40)]
    39	  rule <k> BoolOp("or", (ref(H:Int), _:Expr, _:Exprs)) => ref(H) ... </k>
    40	       <heap> ... H |-> V:Val ... </heap>
    41	       requires truthy(V)
    42	       [priority(40)]
    43	  rule <k> BoolOp("or", (ref(H:Int), A:Expr, REST:Exprs)) => BoolOp("or", (A, REST)) ... </k>
    44	       <heap> ... H |-> V:Val ... </heap>
    45	       requires notBool truthy(V)
     1	// reference/src/semantics/str.k — MPY-STR
     2	
     3	module MPY-STR
     4	  imports MPY-CORE
     5	  imports MPY-ITER
     6	
     7	  // ==== iteration (the iterator protocol's str case; yields 1-char strings) ==
     8	  rule <k> #iterNext(str(.IntSeq))                 => #iterDone ... </k>
     9	  rule <k> #iterNext(str(iCons(C:Int, R:IntSeq)))
    10	        => #iterYield(str(iCons(C, .IntSeq)), str(R)) ... </k>
    11	
    12	  // ==== str literal (ASCII-only) ============================================
    13	  syntax IntSeq ::= strToCodes(String) [function]
    14	  rule <k> Str(S:String) => str(strToCodes(S)) ... </k>
    15	  rule strToCodes("") => .IntSeq
    16	  rule strToCodes(S:String) => iCons(ordChar(substrString(S, 0, 1)), strToCodes(substrString(S, 1, lengthString(S))))
    17	    requires S =/=String "" andBool ordChar(substrString(S, 0, 1)) <Int 128
    18	
    19	  // ==== operators: + / == / != / in =========================================
    20	  syntax IntSeq ::= seqConcat(IntSeq, IntSeq) [function, total]
    21	  rule seqConcat(.IntSeq, T:IntSeq)                => T
    22	  rule seqConcat(iCons(I:Int, S:IntSeq), T:IntSeq) => iCons(I, seqConcat(S, T))
    23	
    24	  rule applyBin("+",  str(A:IntSeq), str(B:IntSeq)) => str(seqConcat(A, B))
    25	  rule applyCmp("==", str(A:IntSeq), str(B:IntSeq)) => A ==K B
    26	  rule applyCmp("!=", str(A:IntSeq), str(B:IntSeq)) => notBool (A ==K B)
    27	
    28	  // substring membership: `P in X` iff the code-seq P occurs contiguously in X
    29	  rule applyCmp("in",     str(P:IntSeq), str(X:IntSeq)) => strContains(P, X)
    30	  rule applyCmp("not in", str(P:IntSeq), str(X:IntSeq)) => notBool strContains(P, X)
    31	
    32	  syntax Bool ::= strPrefix(IntSeq, IntSeq) [function, total]
    33	  rule strPrefix(.IntSeq, _:IntSeq)               => true
    34	  rule strPrefix(iCons(_:Int, _:IntSeq), .IntSeq) => false
    35	  rule strPrefix(iCons(A:Int, As:IntSeq), iCons(B:Int, Bs:IntSeq)) => A ==Int B andBool strPrefix(As, Bs)
    36	
    37	  syntax Bool ::= strContains(IntSeq, IntSeq) [function, total]
    38	  rule strContains(P:IntSeq, X:IntSeq) => true  requires strPrefix(P, X)
    39	  rule strContains(P:IntSeq, .IntSeq)  => false requires notBool strPrefix(P, .IntSeq)
    40	  rule strContains(P:IntSeq, iCons(C:Int, Xs:IntSeq)) => strContains(P, Xs)
    41	       requires notBool strPrefix(P, iCons(C, Xs))
    42	
    43	  // ==== lexicographic order: < / <= / > / >= by code point (= Python str order on the code
    44	  // model). strLt reduces on GROUND code-seqs (krun) but is inert/OPAQUE on symbolic ones
    45	  // (a proof's codesProj(V) is an abstract IntSeq — no constructor rule matches), so a symbolic
    46	  // str `<` stays a trusted opaque term the way sortVS / intFloatDiv do. Additive: fires only on
    47	  // str </<=/>/>= comparisons.
    48	  syntax Bool ::= strLt(IntSeq, IntSeq) [function, total]
    49	  rule strLt(.IntSeq, .IntSeq)                => false
    50	  rule strLt(.IntSeq, iCons(_:Int, _:IntSeq)) => true
    51	  rule strLt(iCons(_:Int, _:IntSeq), .IntSeq) => false
    52	  rule strLt(iCons(A:Int, As:IntSeq), iCons(B:Int, Bs:IntSeq)) => true          requires A  <Int B
    53	  rule strLt(iCons(A:Int, As:IntSeq), iCons(B:Int, Bs:IntSeq)) => false         requires A  >Int B
    54	  rule strLt(iCons(A:Int, As:IntSeq), iCons(B:Int, Bs:IntSeq)) => strLt(As, Bs) requires A ==Int B
    55	
     1	// reference/src/semantics/list.k — MPY-LIST
     2	
     3	module MPY-LIST
     4	  imports MPY-CORE
     5	  imports MPY-ITER
     6	  imports MPY-OPERATORS
     7	
     8	  // ==== iteration (the iterator protocol's list case) =======================
     9	  rule <k> #iterNext(list(.ValSeq))                => #iterDone ... </k>
    10	  rule <k> #iterNext(list(vCons(V:Val, R:ValSeq))) => #iterYield(V, list(R)) ... </k>
    11	
    12	  // ==== ListExpr: [...] literal -> a fresh heap object =======================
    13	  syntax ApplyK ::= "toList"
    14	  rule <k> ListExpr(ES:Exprs) => #evalArgs(ES, .Vals, toList) ... </k>
    15	  rule <k> #applyK(toList, ACC:Vals) => #alloc(list(vals2valSeq(ACC))) ... </k>
    16	
    17	  // ==== list ops: + / == / != ===============================================
    18	  syntax ValSeq ::= valSeqConcat(ValSeq, ValSeq) [function, total]
    19	  rule valSeqConcat(.ValSeq, T:ValSeq)                => T
    20	  rule valSeqConcat(vCons(V:Val, S:ValSeq), T:ValSeq) => vCons(V, valSeqConcat(S, T))
    21	
    22	  // list + list constructs a NEW object (k-cell — it allocates; operands land here
    23	  // already deref'd). priority(45) beats the generic BinOp dispatch.
    24	  rule <k> BinOp("+", list(A:ValSeq), list(B:ValSeq)) => #alloc(list(valSeqConcat(A, B))) ... </k>
    25	       [priority(45)]
    26	
    27	  rule applyCmp("==", list(A:ValSeq), list(B:ValSeq)) => A ==K B
    28	  rule applyCmp("!=", list(A:ValSeq), list(B:ValSeq)) => notBool (A ==K B)
    29	
    30	  // ==== deep equality when elements are heap objects (list-of-lists) ========
    31	  // Python == is structural at every depth. Fires ONLY when a ref is present
    32	  // (the guard decides on concrete seqs); the plain ==K path above is unchanged.
    33	  syntax Bool ::= hasRefVS(ValSeq) [function, total]
    34	  rule hasRefVS(.ValSeq)                => false
    35	  rule hasRefVS(vCons(V:Val, R:ValSeq)) => isRefV(V) orBool hasRefVS(R)
    36	
    37	  syntax Bool ::= deepEqVS(ValSeq, ValSeq, Map) [function]
    38	                | deepEqV(Val, Val, Map)        [function]
    39	  rule deepEqVS(.ValSeq, .ValSeq, _:Map)                   => true
    40	  rule deepEqVS(.ValSeq, vCons(_:Val, _:ValSeq), _:Map)    => false
    41	  rule deepEqVS(vCons(_:Val, _:ValSeq), .ValSeq, _:Map)    => false
    42	  rule deepEqVS(vCons(A:Val, As:ValSeq), vCons(B:Val, Bs:ValSeq), HP:Map)
    43	    => deepEqV(A, B, HP) andBool deepEqVS(As, Bs, HP)
    44	
    45	  rule deepEqV(ref(H:Int), B:Val, HP:Map) => deepEqV({HP[H]}:>Val, B, HP)
    46	       requires H in_keys(HP)
    47	  rule deepEqV(A:Val, ref(H:Int), HP:Map) => deepEqV(A, {HP[H]}:>Val, HP)
    48	       requires notBool isRefV(A) andBool H in_keys(HP)
    49	  rule deepEqV(list(A:ValSeq), list(B:ValSeq), HP:Map) => deepEqVS(A, B, HP)
    50	  rule deepEqV(A:Val, B:Val, _:Map) => A ==K B [owise]
    51	
    52	  // ==== mutator: xs.append(v) — an in-place heap write ======================
    53	  rule <k> #applyK(toCall(boundMethodV(ref(H:Int), "append")), (V:Val, .Vals)) => noneV ... </k>
    54	       <heap> ... H |-> list(VS:ValSeq => valSeqConcat(VS, vCons(V, .ValSeq))) ... </heap>
    55	       [priority(40)]
