Script started on 2026-07-26 15:47:55-05:00 [<not executed on terminal>]
TREE root=/candidate reviewer_manifest_sha256=c53fba48999b211627077cc51257bbd691db05b9c3b468921003ae515e4fad5e entries=37
dir	-	__pycache__
file	bd1d2993b3455797a201d866ed3696d0750d8418ea4dfedd9aa462883aabdb8f	__pycache__/py2mpy.cpython-310.pyc
file	e1a06c30ceb171dfefe4147593db299d0b33e50d02eaebaf99c47659e7aba969	__pycache__/solution.cpython-310.pyc
file	e13b6c37f387c90e853258f82ffc27b6164c7134e3b1fd6b02d0961c25387325	concrete-tests.mpy
file	96e26625e9d731f1fea4d5f87089c184ef579180d536f358509ce635fff242b7	prompt.py
file	6b0d7d8e9e4f7113ebfef1d6baf9f1b458eb068ac1f46dc7a7abc7cb24428f2d	prove.sh
file	406485eac118431c08ef59f30f79dfa6aa9d5825408917fc5ce7c806e664db16	py2mpy.py
dir	-	reference-semantics
dir	-	reference-semantics/semantics
file	57e8f9f3178639bbb87f95e5cc596bbaa91a6463f965b1965911eff9a0269f97	reference-semantics/semantics.k
file	4258987a261d24b02ab3abfa52b3b2e013ea6323f9d5eb9a59c8f42cbcba030b	reference-semantics/semantics/assert.k
file	8d6cfa9cd1ed776e51d776e4d358c418960c57715a6f9654ef9af41aea29f4fd	reference-semantics/semantics/bool.k
file	fa43a855b8a4548f305f3dd210c8f6c6e7aa15b8d1cb0b8296977f061310c2dd	reference-semantics/semantics/builtins.k
file	7e4d6c7cabe7bb4ccff52f21c5d5f30920ccb48d42864146ce53146509f736e4	reference-semantics/semantics/call.k
file	cf7c38aad5cff698ebb05ecbadf00cbf210ddb2f54ae86f22b328311c027c6a7	reference-semantics/semantics/comprehension.k
file	1ffea42a32610e9116506d709e9163413aeb5f6deb7824ea554aca8341f2d305	reference-semantics/semantics/concrete.k
file	325c73757d5a7ccf541b93240accd590a2cee90d84470efa3a4a0a14165aafae	reference-semantics/semantics/controls.k
file	e0fdc11dc2b9cd0acb18fe7c832c1ea1ac0c9e79cadf40c63f34276aca513d7e	reference-semantics/semantics/core.k
file	779b06e18162464c8422bbd6ac35fa0b9e34ef82807d5c707c6f4552d63c0580	reference-semantics/semantics/dict.k
file	5dfeee8700c90c3aa6dc515b15b74283882845fb6cdcc3627d97ef650124b70f	reference-semantics/semantics/float.k
file	e4c8f67741117b29703c3c61d48a5b0f92cf7bd531e78e25c03e794a910ac193	reference-semantics/semantics/functions.k
file	dc2da7d81578370651ecb6905b69cb44443cdd8db3869441242b81420382abe5	reference-semantics/semantics/int.k
file	5085db2fed67b7bbd39f6289ec275905aaee742690895d7b3f843f73bd62f77f	reference-semantics/semantics/iter.k
file	870c72341c25e2c16283726191a71bf5b571ed2995c8ae12e3e2923cdce5a9aa	reference-semantics/semantics/list.k
file	ff9acc6dab2d1cc99ec4f2d234f27ae4526d752aae62bcfd7f9fd2a0399f7743	reference-semantics/semantics/methods.k
file	f3d1fd85734f5e1757307e606cbfb8d6d4bf0893ee85ce20ec99606ade910e8b	reference-semantics/semantics/operators.k
file	810e4c04b757445c03592aef25c97d6b2cc7c6fffa646288bc6cd15a3cae643d	reference-semantics/semantics/range.k
file	b822c3c6944f9940a4477fa6b7a42490c407663f2a314394e9c146e8951f1ac7	reference-semantics/semantics/set.k
file	df79670e4794a92e96ffc824857fbc34d3a65b6b6a3026d1dcf322128fbaba5a	reference-semantics/semantics/sort.k
file	1bf0abf61d7c5df6301433a89c79d2ef4259d47a68d98385ff74618c4c310e0f	reference-semantics/semantics/str.k
file	dba04c0acf213bef4f9f7b11243ca00a2b3ca5fa8666c544ede7d382d27d36a7	reference-semantics/semantics/subscript.k
file	1e9e629e5e6e14bdd7f4d530375e8655a89366b5ecd0c24a3c57ad3b5708f2a6	reference-semantics/semantics/syntax.k
file	41395a1ec6a58129c78facb15b44206907c54d79e86ea363ae68cb37bfc64abb	reference-semantics/semantics/tuple.k
file	3fd876f2abd77d05fc6fd0e4a185520584d51f12b0f3efd4136daba1b561c47d	solution.mpy
file	376c440be473a1e49be18e1e41f27fd7677c77793c3117257c160cce51a84ef2	solution.py
file	a809c9923bfd8c3a12e9da97deb38fcb4a56ca7ff5ea1ce70d948179b3ae4694	spec.k
file	36dc31a29779b05e1a5a4e6c5786d61caa179c5b824646f5811dffb2af85b58f	verification.k
TREE root=/reference/reference-semantics reviewer_manifest_sha256=b7abdfcb700ea6de1e5e857448cfc2d6fa815a2b718cfe7b5f5c1fe0b5423209 entries=25
dir	-	semantics
file	57e8f9f3178639bbb87f95e5cc596bbaa91a6463f965b1965911eff9a0269f97	semantics.k
file	4258987a261d24b02ab3abfa52b3b2e013ea6323f9d5eb9a59c8f42cbcba030b	semantics/assert.k
file	8d6cfa9cd1ed776e51d776e4d358c418960c57715a6f9654ef9af41aea29f4fd	semantics/bool.k
file	fa43a855b8a4548f305f3dd210c8f6c6e7aa15b8d1cb0b8296977f061310c2dd	semantics/builtins.k
file	7e4d6c7cabe7bb4ccff52f21c5d5f30920ccb48d42864146ce53146509f736e4	semantics/call.k
file	cf7c38aad5cff698ebb05ecbadf00cbf210ddb2f54ae86f22b328311c027c6a7	semantics/comprehension.k
file	1ffea42a32610e9116506d709e9163413aeb5f6deb7824ea554aca8341f2d305	semantics/concrete.k
file	325c73757d5a7ccf541b93240accd590a2cee90d84470efa3a4a0a14165aafae	semantics/controls.k
file	e0fdc11dc2b9cd0acb18fe7c832c1ea1ac0c9e79cadf40c63f34276aca513d7e	semantics/core.k
file	779b06e18162464c8422bbd6ac35fa0b9e34ef82807d5c707c6f4552d63c0580	semantics/dict.k
file	5dfeee8700c90c3aa6dc515b15b74283882845fb6cdcc3627d97ef650124b70f	semantics/float.k
file	e4c8f67741117b29703c3c61d48a5b0f92cf7bd531e78e25c03e794a910ac193	semantics/functions.k
file	dc2da7d81578370651ecb6905b69cb44443cdd8db3869441242b81420382abe5	semantics/int.k
file	5085db2fed67b7bbd39f6289ec275905aaee742690895d7b3f843f73bd62f77f	semantics/iter.k
file	870c72341c25e2c16283726191a71bf5b571ed2995c8ae12e3e2923cdce5a9aa	semantics/list.k
file	ff9acc6dab2d1cc99ec4f2d234f27ae4526d752aae62bcfd7f9fd2a0399f7743	semantics/methods.k
file	f3d1fd85734f5e1757307e606cbfb8d6d4bf0893ee85ce20ec99606ade910e8b	semantics/operators.k
file	810e4c04b757445c03592aef25c97d6b2cc7c6fffa646288bc6cd15a3cae643d	semantics/range.k
file	b822c3c6944f9940a4477fa6b7a42490c407663f2a314394e9c146e8951f1ac7	semantics/set.k
file	df79670e4794a92e96ffc824857fbc34d3a65b6b6a3026d1dcf322128fbaba5a	semantics/sort.k
file	1bf0abf61d7c5df6301433a89c79d2ef4259d47a68d98385ff74618c4c310e0f	semantics/str.k
file	dba04c0acf213bef4f9f7b11243ca00a2b3ca5fa8666c544ede7d382d27d36a7	semantics/subscript.k
file	1e9e629e5e6e14bdd7f4d530375e8655a89366b5ecd0c24a3c57ad3b5708f2a6	semantics/syntax.k
file	41395a1ec6a58129c78facb15b44206907c54d79e86ea363ae68cb37bfc64abb	semantics/tuple.k
TREE root=/candidate/reference-semantics reviewer_manifest_sha256=b7abdfcb700ea6de1e5e857448cfc2d6fa815a2b718cfe7b5f5c1fe0b5423209 entries=25
dir	-	semantics
file	57e8f9f3178639bbb87f95e5cc596bbaa91a6463f965b1965911eff9a0269f97	semantics.k
file	4258987a261d24b02ab3abfa52b3b2e013ea6323f9d5eb9a59c8f42cbcba030b	semantics/assert.k
file	8d6cfa9cd1ed776e51d776e4d358c418960c57715a6f9654ef9af41aea29f4fd	semantics/bool.k
file	fa43a855b8a4548f305f3dd210c8f6c6e7aa15b8d1cb0b8296977f061310c2dd	semantics/builtins.k
file	7e4d6c7cabe7bb4ccff52f21c5d5f30920ccb48d42864146ce53146509f736e4	semantics/call.k
file	cf7c38aad5cff698ebb05ecbadf00cbf210ddb2f54ae86f22b328311c027c6a7	semantics/comprehension.k
file	1ffea42a32610e9116506d709e9163413aeb5f6deb7824ea554aca8341f2d305	semantics/concrete.k
file	325c73757d5a7ccf541b93240accd590a2cee90d84470efa3a4a0a14165aafae	semantics/controls.k
file	e0fdc11dc2b9cd0acb18fe7c832c1ea1ac0c9e79cadf40c63f34276aca513d7e	semantics/core.k
file	779b06e18162464c8422bbd6ac35fa0b9e34ef82807d5c707c6f4552d63c0580	semantics/dict.k
file	5dfeee8700c90c3aa6dc515b15b74283882845fb6cdcc3627d97ef650124b70f	semantics/float.k
file	e4c8f67741117b29703c3c61d48a5b0f92cf7bd531e78e25c03e794a910ac193	semantics/functions.k
file	dc2da7d81578370651ecb6905b69cb44443cdd8db3869441242b81420382abe5	semantics/int.k
file	5085db2fed67b7bbd39f6289ec275905aaee742690895d7b3f843f73bd62f77f	semantics/iter.k
file	870c72341c25e2c16283726191a71bf5b571ed2995c8ae12e3e2923cdce5a9aa	semantics/list.k
file	ff9acc6dab2d1cc99ec4f2d234f27ae4526d752aae62bcfd7f9fd2a0399f7743	semantics/methods.k
file	f3d1fd85734f5e1757307e606cbfb8d6d4bf0893ee85ce20ec99606ade910e8b	semantics/operators.k
file	810e4c04b757445c03592aef25c97d6b2cc7c6fffa646288bc6cd15a3cae643d	semantics/range.k
file	b822c3c6944f9940a4477fa6b7a42490c407663f2a314394e9c146e8951f1ac7	semantics/set.k
file	df79670e4794a92e96ffc824857fbc34d3a65b6b6a3026d1dcf322128fbaba5a	semantics/sort.k
file	1bf0abf61d7c5df6301433a89c79d2ef4259d47a68d98385ff74618c4c310e0f	semantics/str.k
file	dba04c0acf213bef4f9f7b11243ca00a2b3ca5fa8666c544ede7d382d27d36a7	semantics/subscript.k
file	1e9e629e5e6e14bdd7f4d530375e8655a89366b5ecd0c24a3c57ad3b5708f2a6	semantics/syntax.k
file	41395a1ec6a58129c78facb15b44206907c54d79e86ea363ae68cb37bfc64abb	semantics/tuple.k

Script done on 2026-07-26 15:47:55-05:00 [COMMAND_EXIT_CODE="0"]
