Script started on 2026-07-26 15:43:40-05:00 [<not executed on terminal>]
output=/audit-output/evidence/rule-inventory.md
records=930
counts={'claim': 2, 'configuration': 1, 'context': 5, 'rule': 695, 'syntax': 227}
reference-semantics/semantics/assert.k {'rule': 3}
reference-semantics/semantics/bool.k {'context': 1, 'rule': 13}
reference-semantics/semantics/builtins.k {'rule': 137, 'syntax': 38}
reference-semantics/semantics/call.k {'rule': 21, 'syntax': 3}
reference-semantics/semantics/comprehension.k {'rule': 7, 'syntax': 3}
reference-semantics/semantics/concrete.k {'rule': 16, 'syntax': 5}
reference-semantics/semantics/controls.k {'rule': 34, 'syntax': 3}
reference-semantics/semantics/core.k {'configuration': 1, 'rule': 46, 'syntax': 37}
reference-semantics/semantics/dict.k {'rule': 28, 'syntax': 12}
reference-semantics/semantics/float.k {'rule': 121, 'syntax': 34}
reference-semantics/semantics/functions.k {'rule': 15, 'syntax': 4}
reference-semantics/semantics/int.k {'rule': 16, 'syntax': 1}
reference-semantics/semantics/iter.k {'syntax': 1}
reference-semantics/semantics/list.k {'rule': 27, 'syntax': 5}
reference-semantics/semantics/methods.k {'rule': 75, 'syntax': 27}
reference-semantics/semantics/operators.k {'context': 2, 'rule': 10}
reference-semantics/semantics/range.k {'rule': 6, 'syntax': 2}
reference-semantics/semantics/set.k {'rule': 12, 'syntax': 6}
reference-semantics/semantics/sort.k {'rule': 19, 'syntax': 6}
reference-semantics/semantics/str.k {'rule': 28, 'syntax': 5}
reference-semantics/semantics/subscript.k {'context': 2, 'rule': 40, 'syntax': 15}
reference-semantics/semantics/syntax.k {'syntax': 16}
reference-semantics/semantics/tuple.k {'rule': 21, 'syntax': 4}
spec.k {'claim': 2}

Script done on 2026-07-26 15:43:40-05:00 [COMMAND_EXIT_CODE="0"]
