Stage 4 bounded command log

COMMAND:
kprove pinning-spec.k --definition verification-kompiled --spec-module PINNING-SPEC

EXIT: 0
OUTPUT:
WarnTrivialClaim: Claim proven without rewriting
#Top
pinning_claim_exit=0

Interpretation: both sides normalize to the same constructor term. The RHS is
the trusted-regenerated solution.mpy tree with the parser's explicit .Ids,
.Exprs, and .Stmts empty-list normalizations.

COMMAND:
krun solution.mpy --definition verification-kompiled --depth 0 -cARG='"pin-witness"'

EXIT: 0
RELEVANT OUTPUT:
initGeneratedTopCell (
  $ARG |-> "pin-witness"
  $PGM |-> Module(FuncDef("sort_numbers",Params("numbers",.Ids),
    Return(Call(Attribute(BinOp("+", ...), "strip"), .Exprs)), .Stmts), .Stmts))

COMMAND:
kprove body-sensitivity.k --definition verification-kompiled --spec-module BODY-SENSITIVITY --claims BODY-SENSITIVITY.mutated-body

EXIT: 1 (expected)
RELEVANT OUTPUT:
WarnStuckClaimState
<k>
  VStr ( "WRONG" ) ~> .K
</k>
body_sensitivity_exit=1

The mutation is in the actual constructor term executed by the claim: the zero
block's emitted literal changes from "zero " to "WRONG ".

