Script started on 2026-07-30 06:46:01-05:00 [<not executed on terminal>]
[0m<generatedTop>[0m
  <k>[0m
    .K
  </k>[0m
  <env>[0m
    0
  </env>[0m
  <scopes>[0m
    -1 |->[0m scope[0m ([0m "abs" |->[0m builtinV[0m ([0m "abs" )[0m
    "all" |->[0m builtinV[0m ([0m "all" )[0m
    "any" |->[0m builtinV[0m ([0m "any" )[0m
    "bin" |->[0m builtinV[0m ([0m "bin" )[0m
    "chr" |->[0m builtinV[0m ([0m "chr" )[0m
    "enumerate" |->[0m builtinV[0m ([0m "enumerate" )[0m
    "eval" |->[0m builtinV[0m ([0m "eval" )[0m
    "float" |->[0m typeV[0m ([0m "float" )[0m
    "int" |->[0m typeV[0m ([0m "int" )[0m
    "isinstance" |->[0m builtinV[0m ([0m "isinstance" )[0m
    "len" |->[0m builtinV[0m ([0m "len" )[0m
    "list" |->[0m builtinV[0m ([0m "list" )[0m
    "map" |->[0m builtinV[0m ([0m "map" )[0m
    "max" |->[0m builtinV[0m ([0m "max" )[0m
    "min" |->[0m builtinV[0m ([0m "min" )[0m
    "ord" |->[0m builtinV[0m ([0m "ord" )[0m
    "range" |->[0m builtinV[0m ([0m "range" )[0m
    "round" |->[0m builtinV[0m ([0m "round" )[0m
    "set" |->[0m builtinV[0m ([0m "set" )[0m
    "sorted" |->[0m builtinV[0m ([0m "sorted" )[0m
    "str" |->[0m typeV[0m ([0m "str" )[0m
    "sum" |->[0m builtinV[0m ([0m "sum" )[0m
    "zip" |->[0m builtinV[0m ([0m "zip" )[0m ,[0m root[0m )[0m
    0 |->[0m scope[0m ([0m "result" |->[0m noneV[0m
    "string_to_md5" |->[0m closureVal[0m ([0m "text" ,[0m .ParamNames[0m ,[0m If[0m ([0m Compare[0m ([0m Name[0m ([0m "text" )[0m ,[0m CmpOp[0m ([0m "==" ,[0m Str[0m ([0m "" )[0m )[0m )[0m ,[0m Return[0m ([0m NoneVal[0m )[0m [0m .Stmts[0m ,[0m .Stmts[0m )[0m [0m Return[0m ([0m Call[0m ([0m Attribute[0m ([0m Call[0m ([0m Attribute[0m ([0m Name[0m ([0m "hashlib" )[0m ,[0m "md5" )[0m ,[0m Call[0m ([0m Attribute[0m ([0m Name[0m ([0m "text" )[0m ,[0m "encode" )[0m ,[0m Str[0m ([0m "utf-8" )[0m ,[0m .Exprs[0m )[0m ,[0m .Exprs[0m )[0m ,[0m "hexdigest" )[0m ,[0m .Exprs[0m )[0m )[0m [0m .Stmts[0m ,[0m 0 )[0m ,[0m parent[0m ([0m -1 )[0m )[0m
  </scopes>[0m
  <scopeLoc>[0m
    1
  </scopeLoc>[0m
  <heap>[0m
    .Map[0m
  </heap>[0m
  <heapLoc>[0m
    0
  </heapLoc>[0m
  <stack>[0m
    .List[0m
  </stack>[0m
  <ret>[0m
    noRet[0m
  </ret>[0m
  <exc>[0m
    NoExc[0m
  </exc>[0m
  <exit-code>[0m
    0
  </exit-code>[0m
</generatedTop>[0m

Script done on 2026-07-30 06:46:02-05:00 [COMMAND_EXIT_CODE="0"]
