WORKDIR: /tmp/audit-work/133-sum-squares-audit
COMMAND: kprove spec-vacuity-loop-ground.k --definition loop-verification-kompiled --spec-module SUM-SQUARES-LOOP-SPEC-VACUITY-GROUND --claims SUM-SQUARES-LOOP-SPEC-VACUITY-GROUND.empty-loop-off-by-one --output pretty
--- OUTPUT ---
kore-exec: [7199956] Error (ErrorException):
    Error: missing hook
    Symbol
        LblminFloat'LParUndsCommUndsRParUnds'FLOAT'Unds'Float'Unds'Float'Unds'Float{}
    declared with attribute
        hook{}("FLOAT.min")
    We don't recognize that hook and it was not given any rules.
    Please open a feature request at
        https://github.com/runtimeverification/haskell-backend/issues
    and include the text of this message.
    Workaround: Give rules for LblminFloat'LParUndsCommUndsRParUnds'FLOAT'Unds'Float'Unds'Float'Unds'Float{}
    CallStack (from HasCallStack):
      error, called at src/Kore/Rewrite/Function/Evaluator.hs:377:6 in kore-0.1.155-4JBi7ASQvFVEaCqpWzFsxO:Kore.Rewrite.Function.Evaluator
Error: missing hook
Symbol
    LblminFloat'LParUndsCommUndsRParUnds'FLOAT'Unds'Float'Unds'Float'Unds'Float{}
declared with attribute
    hook{}("FLOAT.min")
We don't recognize that hook and it was not given any rules.
Please open a feature request at
    https://github.com/runtimeverification/haskell-backend/issues
and include the text of this message.
Workaround: Give rules for LblminFloat'LParUndsCommUndsRParUnds'FLOAT'Unds'Float'Unds'Float'Unds'Float{}
CallStack (from HasCallStack):
  error, called at src/Kore/Rewrite/Function/Evaluator.hs:377:6 in kore-0.1.155-4JBi7ASQvFVEaCqpWzFsxO:Kore.Rewrite.Function.Evaluator
Created bug report: kore-exec.tar.gz
  <generatedTop>
    <k>
      #minAccF ( R , minFloat ( M , project:Float ( V:Val ~> .K ) ) ) ~> _DotVar1 ~> .K
    </k>
    <env>
      1
    </env>
    <scopes>
      -1 |-> scope ( "abs" |-> builtinV ( "abs" )
      "all" |-> builtinV ( "all" )
      "any" |-> builtinV ( "any" )
      "bin" |-> builtinV ( "bin" )
      "chr" |-> builtinV ( "chr" )
      "enumerate" |-> builtinV ( "enumerate" )
      "eval" |-> builtinV ( "eval" )
      "float" |-> typeV ( "float" )
      "int" |-> typeV ( "int" )
      "isinstance" |-> builtinV ( "isinstance" )
      "len" |-> builtinV ( "len" )
      "list" |-> builtinV ( "list" )
      "map" |-> builtinV ( "map" )
      "max" |-> builtinV ( "max" )
      "min" |-> builtinV ( "min" )
      "ord" |-> builtinV ( "ord" )
      "range" |-> builtinV ( "range" )
      "round" |-> builtinV ( "round" )
      "set" |-> builtinV ( "set" )
      "sorted" |-> builtinV ( "sorted" )
      "str" |-> typeV ( "str" )
      "sum" |-> builtinV ( "sum" )
      "zip" |-> builtinV ( "zip" ) , root )
      0 |-> scope ( .Map , parent ( -1 ) )
      1 |-> scope ( "lst" |-> list ( .ValSeq )
      "number" |-> 0
      "result" |-> 0 , parent ( 0 ) )
    </scopes>
    <scopeLoc>
      _Gen8
    </scopeLoc>
    <heap>
      _Gen9
    </heap>
    <heapLoc>
      _Gen10
    </heapLoc>
    <stack>
      _Gen11
    </stack>
    <ret>
      _Gen12
    </ret>
    <exc>
      _Gen13
    </exc>
    <exit-code>
      _Gen14
    </exit-code>
  </generatedTop>
#And
  {
    CONT
  #Equals
    #iterYield ( V , R ) ~> #minContF ( M ) ~> _DotVar1 ~> .K
  }
#And
  {
    true
  #Equals
    isFloat ( V:Val ~> .K )
  }
[Warning] Compiler: Variable 'As' defined but not used. Prefix variable name
with underscore if this is intentional.
	Source(/tmp/audit-work/133-sum-squares-audit/reference-semantics/semantics/str.k)
	Location(52,27,52,29)
	52 |	  rule strLt(iCons(A:Int, As:IntSeq), iCons(B:Int, Bs:IntSeq)) => true   
      requires A  <Int B
	   .	                          ^~
[Warning] Compiler: Variable 'Bs' defined but not used. Prefix variable name
with underscore if this is intentional.
	Source(/tmp/audit-work/133-sum-squares-audit/reference-semantics/semantics/str.k)
	Location(52,52,52,54)
	52 |	  rule strLt(iCons(A:Int, As:IntSeq), iCons(B:Int, Bs:IntSeq)) => true   
      requires A  <Int B
	   .	                                                   ^~
[Warning] Compiler: Variable 'As' defined but not used. Prefix variable name
with underscore if this is intentional.
	Source(/tmp/audit-work/133-sum-squares-audit/reference-semantics/semantics/str.k)
	Location(53,27,53,29)
	53 |	  rule strLt(iCons(A:Int, As:IntSeq), iCons(B:Int, Bs:IntSeq)) => false  
      requires A  >Int B
	   .	                          ^~
[Warning] Compiler: Variable 'Bs' defined but not used. Prefix variable name
with underscore if this is intentional.
	Source(/tmp/audit-work/133-sum-squares-audit/reference-semantics/semantics/str.k)
	Location(53,52,53,54)
	53 |	  rule strLt(iCons(A:Int, As:IntSeq), iCons(B:Int, Bs:IntSeq)) => false  
      requires A  >Int B
	   .	                                                   ^~
[Error] Prover: backend terminated because the configuration cannot be
rewritten further. See output for more details.
--- END OUTPUT ---
EXIT_STATUS: 1
