{
  "all_checks_pass": true,
  "canonical_ids_unique": true,
  "canonical_rule_count": 6,
  "inventory_hash_in_manifest": "080f92c29f904570f666abf93dd802a1044388939b36ecd9797a9376820299d0",
  "inventory_hash_recomputed": "080f92c29f904570f666abf93dd802a1044388939b36ecd9797a9376820299d0",
  "inventory_hash_recorded_by_tool": "080f92c29f904570f666abf93dd802a1044388939b36ecd9797a9376820299d0",
  "manifest_ids_unique": true,
  "manifest_rule_count": 6,
  "ordered_identity_match": true,
  "rules": [
    {
      "end_line": 17,
      "id_is_hash_derived": true,
      "normalized_sha256_recomputed": "06e1ae240693f799ce5130532e40e2196313cdc7ac6b6067bac3cd310e9cfd53",
      "normalized_sha256_recorded": "06e1ae240693f799ce5130532e40e2196313cdc7ac6b6067bac3cd310e9cfd53",
      "source_rule_id": "rule-06e1ae240693f799ce5130532e40e2196313cdc7ac6b6067bac3cd310e9cfd53",
      "span_exact": true,
      "start_line": 17
    },
    {
      "end_line": 18,
      "id_is_hash_derived": true,
      "normalized_sha256_recomputed": "f91d06a620555e1485c35fdc8d70bba92bebc55eb1fadee46446005d2421e7f5",
      "normalized_sha256_recorded": "f91d06a620555e1485c35fdc8d70bba92bebc55eb1fadee46446005d2421e7f5",
      "source_rule_id": "rule-f91d06a620555e1485c35fdc8d70bba92bebc55eb1fadee46446005d2421e7f5",
      "span_exact": true,
      "start_line": 18
    },
    {
      "end_line": 19,
      "id_is_hash_derived": true,
      "normalized_sha256_recomputed": "007e98cae0e9af21de6bac31ce4a143f86fee76972413486a57af84eb56fa95b",
      "normalized_sha256_recorded": "007e98cae0e9af21de6bac31ce4a143f86fee76972413486a57af84eb56fa95b",
      "source_rule_id": "rule-007e98cae0e9af21de6bac31ce4a143f86fee76972413486a57af84eb56fa95b",
      "span_exact": true,
      "start_line": 19
    },
    {
      "end_line": 23,
      "id_is_hash_derived": true,
      "normalized_sha256_recomputed": "333596937108b8fb4ac5df990a0688da5577451e2655490b18f74c0ac3b1f091",
      "normalized_sha256_recorded": "333596937108b8fb4ac5df990a0688da5577451e2655490b18f74c0ac3b1f091",
      "source_rule_id": "rule-333596937108b8fb4ac5df990a0688da5577451e2655490b18f74c0ac3b1f091",
      "span_exact": true,
      "start_line": 20
    },
    {
      "end_line": 26,
      "id_is_hash_derived": true,
      "normalized_sha256_recomputed": "abff69f2453cb9b7d3c8463704b5988785face92a498d2d0c64f5716c9b01a2f",
      "normalized_sha256_recorded": "abff69f2453cb9b7d3c8463704b5988785face92a498d2d0c64f5716c9b01a2f",
      "source_rule_id": "rule-abff69f2453cb9b7d3c8463704b5988785face92a498d2d0c64f5716c9b01a2f",
      "span_exact": true,
      "start_line": 24
    },
    {
      "end_line": 34,
      "id_is_hash_derived": true,
      "normalized_sha256_recomputed": "2c1e06471f4016481e42f60cdb6c9983f09da5b801cc9dc90ba306594047c7a8",
      "normalized_sha256_recorded": "2c1e06471f4016481e42f60cdb6c9983f09da5b801cc9dc90ba306594047c7a8",
      "source_rule_id": "rule-2c1e06471f4016481e42f60cdb6c9983f09da5b801cc9dc90ba306594047c7a8",
      "span_exact": true,
      "start_line": 30
    }
  ],
  "set_identity_match": true,
  "verification_module": "VERIFICATION",
  "verification_module_closure": [
    "VERIFICATION-SYNTAX",
    "VERIFICATION"
  ],
  "verification_sha256_recomputed": "0ba6e76046e41525071a3b16fa409cd680b26b165b60bb78452d51a8128fe2e4",
  "verification_sha256_recorded_by_tool": "0ba6e76046e41525071a3b16fa409cd680b26b165b60bb78452d51a8128fe2e4"
}
