$ kprove audit-spec-body-sensitivity.k --definition /tmp/audit-work/rebuilt-verification-kompiled --spec-module AUDIT-SPEC-BODY-SENSITIVITY --dry-run
kore-exec /tmp/audit-work/rebuilt-verification-kompiled/definition.kore --module VERIFICATION --prove /tmp/.kprove-2026-07-29-10-22-03-451-c61e9be9-111d-4fe0-b795-cea61100ca86/spec.kore --spec-module AUDIT-SPEC-BODY-SENSITIVITY --output /tmp/.kprove-2026-07-29-10-22-03-451-c61e9be9-111d-4fe0-b795-cea61100ca86/result.kore
[Warning] Compiler: Variable '?GLOBALS' defined but not used. Prefix variable
name with underscore if this is intentional.
	Source(/tmp/audit-work/source/audit-spec-body-sensitivity.k)
	Location(41,28,41,36)
	41 |	      0  |-> scope(.Map => ?GLOBALS:Map, parent(-1))
	   .	                           ^~~~~~~~
[Warning] Compiler: Variable 'As' defined but not used. Prefix variable name
with underscore if this is intentional.
	Source(/tmp/audit-work/source/reference-semantics/semantics/str.k)
	Location(52,27,52,29)
	52 |	  rule strLt(iCons(A:Int, As:IntSeq), iCons(B:Int, Bs:IntSeq)) => true   
      requires A  <Int B
	   .	                          ^~
[Warning] Compiler: Variable 'Bs' defined but not used. Prefix variable name
with underscore if this is intentional.
	Source(/tmp/audit-work/source/reference-semantics/semantics/str.k)
	Location(52,52,52,54)
	52 |	  rule strLt(iCons(A:Int, As:IntSeq), iCons(B:Int, Bs:IntSeq)) => true   
      requires A  <Int B
	   .	                                                   ^~
[Warning] Compiler: Variable 'As' defined but not used. Prefix variable name
with underscore if this is intentional.
	Source(/tmp/audit-work/source/reference-semantics/semantics/str.k)
	Location(53,27,53,29)
	53 |	  rule strLt(iCons(A:Int, As:IntSeq), iCons(B:Int, Bs:IntSeq)) => false  
      requires A  >Int B
	   .	                          ^~
[Warning] Compiler: Variable 'Bs' defined but not used. Prefix variable name
with underscore if this is intentional.
	Source(/tmp/audit-work/source/reference-semantics/semantics/str.k)
	Location(53,52,53,54)
	53 |	  rule strLt(iCons(A:Int, As:IntSeq), iCons(B:Int, Bs:IntSeq)) => false  
      requires A  >Int B
	   .	                                                   ^~
EXIT_STATUS=0
