CASE=empty
COMMAND: krun solution.mpy -cINPUT=pyList(.List) --definition semantic-kompiled
<mpy>
  <k>
    pyList ( .List ) ~> .K
  </k>
  <program>
    Module ( FuncDef ( "insert_sorted" , Params ( "x" , "xs" , .Strings ) , If ( Compare ( Name ( "xs" ) , CmpOp ( "==" , ListExpr ( .Exprs ) ) , .CmpOps ) , Return ( ListExpr ( Name ( "x" ) , .Exprs ) )  .Stmts , If ( Compare ( Name ( "x" ) , CmpOp ( "<=" , Subscript ( Name ( "xs" ) , Int ( 0 ) ) ) , .CmpOps ) , Return ( BinOp ( "+" , ListExpr ( Name ( "x" ) , .Exprs ) , Name ( "xs" ) ) )  .Stmts , Return ( BinOp ( "+" , ListExpr ( Subscript ( Name ( "xs" ) , Int ( 0 ) ) , .Exprs ) , Call ( Name ( "insert_sorted" ) , Name ( "x" ) , Subscript ( Name ( "xs" ) , Slice ( Int ( 1 ) , NoBound , NoBound ) ) , .Exprs ) ) )  .Stmts )  .Stmts )  .Stmts )  FuncDef ( "sort_values" , Params ( "xs" , .Strings ) , If ( Compare ( Name ( "xs" ) , CmpOp ( "==" , ListExpr ( .Exprs ) ) , .CmpOps ) , Return ( ListExpr ( .Exprs ) )  .Stmts , Return ( Call ( Name ( "insert_sorted" ) , Subscript ( Name ( "xs" ) , Int ( 0 ) ) , Call ( Name ( "sort_values" ) , Subscript ( Name ( "xs" ) , Slice ( Int ( 1 ) , NoBound , NoBound ) ) , .Exprs ) , .Exprs ) )  .Stmts )  .Stmts )  FuncDef ( "even_values" , Params ( "l" , .Strings ) , If ( Compare ( Name ( "l" ) , CmpOp ( "==" , ListExpr ( .Exprs ) ) , .CmpOps ) , Return ( ListExpr ( .Exprs ) )  .Stmts , Return ( BinOp ( "+" , ListExpr ( Subscript ( Name ( "l" ) , Int ( 0 ) ) , .Exprs ) , Call ( Name ( "even_values" ) , Subscript ( Name ( "l" ) , Slice ( Int ( 2 ) , NoBound , NoBound ) ) , .Exprs ) ) )  .Stmts )  .Stmts )  FuncDef ( "rebuild" , Params ( "l" , "evens" , .Strings ) , If ( Compare ( Name ( "l" ) , CmpOp ( "==" , ListExpr ( .Exprs ) ) , .CmpOps ) , Return ( ListExpr ( .Exprs ) )  .Stmts , If ( Compare ( Subscript ( Name ( "l" ) , Slice ( Int ( 1 ) , NoBound , NoBound ) ) , CmpOp ( "==" , ListExpr ( .Exprs ) ) , .CmpOps ) , Return ( ListExpr ( Subscript ( Name ( "evens" ) , Int ( 0 ) ) , .Exprs ) )  .Stmts , Return ( BinOp ( "+" , ListExpr ( Subscript ( Name ( "evens" ) , Int ( 0 ) ) , Subscript ( Name ( "l" ) , Int ( 1 ) ) , .Exprs ) , Call ( Name ( "rebuild" ) , Subscript ( Name ( "l" ) , Slice ( Int ( 2 ) , NoBound , NoBound ) ) , Subscript ( Name ( "evens" ) , Slice ( Int ( 1 ) , NoBound , NoBound ) ) , .Exprs ) ) )  .Stmts )  .Stmts )  .Stmts )  FuncDef ( "sort_even" , Params ( "l" , .Strings ) , Return ( Call ( Name ( "rebuild" ) , Name ( "l" ) , Call ( Name ( "sort_values" ) , Call ( Name ( "even_values" ) , Name ( "l" ) , .Exprs ) , .Exprs ) , .Exprs ) )  .Stmts )  .Stmts )
  </program>
</mpy>
EXIT_STATUS=0 EXPECTED_PYTHON=[]
CASE=singleton
COMMAND: krun solution.mpy -cINPUT=pyList(ListItem(4)) --definition semantic-kompiled
<mpy>
  <k>
    pyList ( ListItem ( 4 ) ) ~> .K
  </k>
  <program>
    Module ( FuncDef ( "insert_sorted" , Params ( "x" , "xs" , .Strings ) , If ( Compare ( Name ( "xs" ) , CmpOp ( "==" , ListExpr ( .Exprs ) ) , .CmpOps ) , Return ( ListExpr ( Name ( "x" ) , .Exprs ) )  .Stmts , If ( Compare ( Name ( "x" ) , CmpOp ( "<=" , Subscript ( Name ( "xs" ) , Int ( 0 ) ) ) , .CmpOps ) , Return ( BinOp ( "+" , ListExpr ( Name ( "x" ) , .Exprs ) , Name ( "xs" ) ) )  .Stmts , Return ( BinOp ( "+" , ListExpr ( Subscript ( Name ( "xs" ) , Int ( 0 ) ) , .Exprs ) , Call ( Name ( "insert_sorted" ) , Name ( "x" ) , Subscript ( Name ( "xs" ) , Slice ( Int ( 1 ) , NoBound , NoBound ) ) , .Exprs ) ) )  .Stmts )  .Stmts )  .Stmts )  FuncDef ( "sort_values" , Params ( "xs" , .Strings ) , If ( Compare ( Name ( "xs" ) , CmpOp ( "==" , ListExpr ( .Exprs ) ) , .CmpOps ) , Return ( ListExpr ( .Exprs ) )  .Stmts , Return ( Call ( Name ( "insert_sorted" ) , Subscript ( Name ( "xs" ) , Int ( 0 ) ) , Call ( Name ( "sort_values" ) , Subscript ( Name ( "xs" ) , Slice ( Int ( 1 ) , NoBound , NoBound ) ) , .Exprs ) , .Exprs ) )  .Stmts )  .Stmts )  FuncDef ( "even_values" , Params ( "l" , .Strings ) , If ( Compare ( Name ( "l" ) , CmpOp ( "==" , ListExpr ( .Exprs ) ) , .CmpOps ) , Return ( ListExpr ( .Exprs ) )  .Stmts , Return ( BinOp ( "+" , ListExpr ( Subscript ( Name ( "l" ) , Int ( 0 ) ) , .Exprs ) , Call ( Name ( "even_values" ) , Subscript ( Name ( "l" ) , Slice ( Int ( 2 ) , NoBound , NoBound ) ) , .Exprs ) ) )  .Stmts )  .Stmts )  FuncDef ( "rebuild" , Params ( "l" , "evens" , .Strings ) , If ( Compare ( Name ( "l" ) , CmpOp ( "==" , ListExpr ( .Exprs ) ) , .CmpOps ) , Return ( ListExpr ( .Exprs ) )  .Stmts , If ( Compare ( Subscript ( Name ( "l" ) , Slice ( Int ( 1 ) , NoBound , NoBound ) ) , CmpOp ( "==" , ListExpr ( .Exprs ) ) , .CmpOps ) , Return ( ListExpr ( Subscript ( Name ( "evens" ) , Int ( 0 ) ) , .Exprs ) )  .Stmts , Return ( BinOp ( "+" , ListExpr ( Subscript ( Name ( "evens" ) , Int ( 0 ) ) , Subscript ( Name ( "l" ) , Int ( 1 ) ) , .Exprs ) , Call ( Name ( "rebuild" ) , Subscript ( Name ( "l" ) , Slice ( Int ( 2 ) , NoBound , NoBound ) ) , Subscript ( Name ( "evens" ) , Slice ( Int ( 1 ) , NoBound , NoBound ) ) , .Exprs ) ) )  .Stmts )  .Stmts )  .Stmts )  FuncDef ( "sort_even" , Params ( "l" , .Strings ) , Return ( Call ( Name ( "rebuild" ) , Name ( "l" ) , Call ( Name ( "sort_values" ) , Call ( Name ( "even_values" ) , Name ( "l" ) , .Exprs ) , .Exprs ) , .Exprs ) )  .Stmts )  .Stmts )
  </program>
</mpy>
EXIT_STATUS=0 EXPECTED_PYTHON=[4]
CASE=first-prompt
COMMAND: krun solution.mpy -cINPUT=pyList(ListItem(1) ListItem(2) ListItem(3)) --definition semantic-kompiled
<mpy>
  <k>
    pyList ( ListItem ( 1 )
    ListItem ( 2 )
    ListItem ( 3 ) ) ~> .K
  </k>
  <program>
    Module ( FuncDef ( "insert_sorted" , Params ( "x" , "xs" , .Strings ) , If ( Compare ( Name ( "xs" ) , CmpOp ( "==" , ListExpr ( .Exprs ) ) , .CmpOps ) , Return ( ListExpr ( Name ( "x" ) , .Exprs ) )  .Stmts , If ( Compare ( Name ( "x" ) , CmpOp ( "<=" , Subscript ( Name ( "xs" ) , Int ( 0 ) ) ) , .CmpOps ) , Return ( BinOp ( "+" , ListExpr ( Name ( "x" ) , .Exprs ) , Name ( "xs" ) ) )  .Stmts , Return ( BinOp ( "+" , ListExpr ( Subscript ( Name ( "xs" ) , Int ( 0 ) ) , .Exprs ) , Call ( Name ( "insert_sorted" ) , Name ( "x" ) , Subscript ( Name ( "xs" ) , Slice ( Int ( 1 ) , NoBound , NoBound ) ) , .Exprs ) ) )  .Stmts )  .Stmts )  .Stmts )  FuncDef ( "sort_values" , Params ( "xs" , .Strings ) , If ( Compare ( Name ( "xs" ) , CmpOp ( "==" , ListExpr ( .Exprs ) ) , .CmpOps ) , Return ( ListExpr ( .Exprs ) )  .Stmts , Return ( Call ( Name ( "insert_sorted" ) , Subscript ( Name ( "xs" ) , Int ( 0 ) ) , Call ( Name ( "sort_values" ) , Subscript ( Name ( "xs" ) , Slice ( Int ( 1 ) , NoBound , NoBound ) ) , .Exprs ) , .Exprs ) )  .Stmts )  .Stmts )  FuncDef ( "even_values" , Params ( "l" , .Strings ) , If ( Compare ( Name ( "l" ) , CmpOp ( "==" , ListExpr ( .Exprs ) ) , .CmpOps ) , Return ( ListExpr ( .Exprs ) )  .Stmts , Return ( BinOp ( "+" , ListExpr ( Subscript ( Name ( "l" ) , Int ( 0 ) ) , .Exprs ) , Call ( Name ( "even_values" ) , Subscript ( Name ( "l" ) , Slice ( Int ( 2 ) , NoBound , NoBound ) ) , .Exprs ) ) )  .Stmts )  .Stmts )  FuncDef ( "rebuild" , Params ( "l" , "evens" , .Strings ) , If ( Compare ( Name ( "l" ) , CmpOp ( "==" , ListExpr ( .Exprs ) ) , .CmpOps ) , Return ( ListExpr ( .Exprs ) )  .Stmts , If ( Compare ( Subscript ( Name ( "l" ) , Slice ( Int ( 1 ) , NoBound , NoBound ) ) , CmpOp ( "==" , ListExpr ( .Exprs ) ) , .CmpOps ) , Return ( ListExpr ( Subscript ( Name ( "evens" ) , Int ( 0 ) ) , .Exprs ) )  .Stmts , Return ( BinOp ( "+" , ListExpr ( Subscript ( Name ( "evens" ) , Int ( 0 ) ) , Subscript ( Name ( "l" ) , Int ( 1 ) ) , .Exprs ) , Call ( Name ( "rebuild" ) , Subscript ( Name ( "l" ) , Slice ( Int ( 2 ) , NoBound , NoBound ) ) , Subscript ( Name ( "evens" ) , Slice ( Int ( 1 ) , NoBound , NoBound ) ) , .Exprs ) ) )  .Stmts )  .Stmts )  .Stmts )  FuncDef ( "sort_even" , Params ( "l" , .Strings ) , Return ( Call ( Name ( "rebuild" ) , Name ( "l" ) , Call ( Name ( "sort_values" ) , Call ( Name ( "even_values" ) , Name ( "l" ) , .Exprs ) , .Exprs ) , .Exprs ) )  .Stmts )  .Stmts )
  </program>
</mpy>
EXIT_STATUS=0 EXPECTED_PYTHON=[1,2,3]
CASE=second-prompt
COMMAND: krun solution.mpy -cINPUT=pyList(ListItem(5) ListItem(6) ListItem(3) ListItem(4)) --definition semantic-kompiled
<mpy>
  <k>
    pyList ( ListItem ( 3 )
    ListItem ( 6 )
    ListItem ( 5 )
    ListItem ( 4 ) ) ~> .K
  </k>
  <program>
    Module ( FuncDef ( "insert_sorted" , Params ( "x" , "xs" , .Strings ) , If ( Compare ( Name ( "xs" ) , CmpOp ( "==" , ListExpr ( .Exprs ) ) , .CmpOps ) , Return ( ListExpr ( Name ( "x" ) , .Exprs ) )  .Stmts , If ( Compare ( Name ( "x" ) , CmpOp ( "<=" , Subscript ( Name ( "xs" ) , Int ( 0 ) ) ) , .CmpOps ) , Return ( BinOp ( "+" , ListExpr ( Name ( "x" ) , .Exprs ) , Name ( "xs" ) ) )  .Stmts , Return ( BinOp ( "+" , ListExpr ( Subscript ( Name ( "xs" ) , Int ( 0 ) ) , .Exprs ) , Call ( Name ( "insert_sorted" ) , Name ( "x" ) , Subscript ( Name ( "xs" ) , Slice ( Int ( 1 ) , NoBound , NoBound ) ) , .Exprs ) ) )  .Stmts )  .Stmts )  .Stmts )  FuncDef ( "sort_values" , Params ( "xs" , .Strings ) , If ( Compare ( Name ( "xs" ) , CmpOp ( "==" , ListExpr ( .Exprs ) ) , .CmpOps ) , Return ( ListExpr ( .Exprs ) )  .Stmts , Return ( Call ( Name ( "insert_sorted" ) , Subscript ( Name ( "xs" ) , Int ( 0 ) ) , Call ( Name ( "sort_values" ) , Subscript ( Name ( "xs" ) , Slice ( Int ( 1 ) , NoBound , NoBound ) ) , .Exprs ) , .Exprs ) )  .Stmts )  .Stmts )  FuncDef ( "even_values" , Params ( "l" , .Strings ) , If ( Compare ( Name ( "l" ) , CmpOp ( "==" , ListExpr ( .Exprs ) ) , .CmpOps ) , Return ( ListExpr ( .Exprs ) )  .Stmts , Return ( BinOp ( "+" , ListExpr ( Subscript ( Name ( "l" ) , Int ( 0 ) ) , .Exprs ) , Call ( Name ( "even_values" ) , Subscript ( Name ( "l" ) , Slice ( Int ( 2 ) , NoBound , NoBound ) ) , .Exprs ) ) )  .Stmts )  .Stmts )  FuncDef ( "rebuild" , Params ( "l" , "evens" , .Strings ) , If ( Compare ( Name ( "l" ) , CmpOp ( "==" , ListExpr ( .Exprs ) ) , .CmpOps ) , Return ( ListExpr ( .Exprs ) )  .Stmts , If ( Compare ( Subscript ( Name ( "l" ) , Slice ( Int ( 1 ) , NoBound , NoBound ) ) , CmpOp ( "==" , ListExpr ( .Exprs ) ) , .CmpOps ) , Return ( ListExpr ( Subscript ( Name ( "evens" ) , Int ( 0 ) ) , .Exprs ) )  .Stmts , Return ( BinOp ( "+" , ListExpr ( Subscript ( Name ( "evens" ) , Int ( 0 ) ) , Subscript ( Name ( "l" ) , Int ( 1 ) ) , .Exprs ) , Call ( Name ( "rebuild" ) , Subscript ( Name ( "l" ) , Slice ( Int ( 2 ) , NoBound , NoBound ) ) , Subscript ( Name ( "evens" ) , Slice ( Int ( 1 ) , NoBound , NoBound ) ) , .Exprs ) ) )  .Stmts )  .Stmts )  .Stmts )  FuncDef ( "sort_even" , Params ( "l" , .Strings ) , Return ( Call ( Name ( "rebuild" ) , Name ( "l" ) , Call ( Name ( "sort_values" ) , Call ( Name ( "even_values" ) , Name ( "l" ) , .Exprs ) , .Exprs ) , .Exprs ) )  .Stmts )  .Stmts )
  </program>
</mpy>
EXIT_STATUS=0 EXPECTED_PYTHON=[3,6,5,4]
CASE=equal-branch
COMMAND: krun solution.mpy -cINPUT=pyList(ListItem(2) ListItem(8) ListItem(2) ListItem(-4)) --definition semantic-kompiled
<mpy>
  <k>
    pyList ( ListItem ( 2 )
    ListItem ( 8 )
    ListItem ( 2 )
    ListItem ( -4 ) ) ~> .K
  </k>
  <program>
    Module ( FuncDef ( "insert_sorted" , Params ( "x" , "xs" , .Strings ) , If ( Compare ( Name ( "xs" ) , CmpOp ( "==" , ListExpr ( .Exprs ) ) , .CmpOps ) , Return ( ListExpr ( Name ( "x" ) , .Exprs ) )  .Stmts , If ( Compare ( Name ( "x" ) , CmpOp ( "<=" , Subscript ( Name ( "xs" ) , Int ( 0 ) ) ) , .CmpOps ) , Return ( BinOp ( "+" , ListExpr ( Name ( "x" ) , .Exprs ) , Name ( "xs" ) ) )  .Stmts , Return ( BinOp ( "+" , ListExpr ( Subscript ( Name ( "xs" ) , Int ( 0 ) ) , .Exprs ) , Call ( Name ( "insert_sorted" ) , Name ( "x" ) , Subscript ( Name ( "xs" ) , Slice ( Int ( 1 ) , NoBound , NoBound ) ) , .Exprs ) ) )  .Stmts )  .Stmts )  .Stmts )  FuncDef ( "sort_values" , Params ( "xs" , .Strings ) , If ( Compare ( Name ( "xs" ) , CmpOp ( "==" , ListExpr ( .Exprs ) ) , .CmpOps ) , Return ( ListExpr ( .Exprs ) )  .Stmts , Return ( Call ( Name ( "insert_sorted" ) , Subscript ( Name ( "xs" ) , Int ( 0 ) ) , Call ( Name ( "sort_values" ) , Subscript ( Name ( "xs" ) , Slice ( Int ( 1 ) , NoBound , NoBound ) ) , .Exprs ) , .Exprs ) )  .Stmts )  .Stmts )  FuncDef ( "even_values" , Params ( "l" , .Strings ) , If ( Compare ( Name ( "l" ) , CmpOp ( "==" , ListExpr ( .Exprs ) ) , .CmpOps ) , Return ( ListExpr ( .Exprs ) )  .Stmts , Return ( BinOp ( "+" , ListExpr ( Subscript ( Name ( "l" ) , Int ( 0 ) ) , .Exprs ) , Call ( Name ( "even_values" ) , Subscript ( Name ( "l" ) , Slice ( Int ( 2 ) , NoBound , NoBound ) ) , .Exprs ) ) )  .Stmts )  .Stmts )  FuncDef ( "rebuild" , Params ( "l" , "evens" , .Strings ) , If ( Compare ( Name ( "l" ) , CmpOp ( "==" , ListExpr ( .Exprs ) ) , .CmpOps ) , Return ( ListExpr ( .Exprs ) )  .Stmts , If ( Compare ( Subscript ( Name ( "l" ) , Slice ( Int ( 1 ) , NoBound , NoBound ) ) , CmpOp ( "==" , ListExpr ( .Exprs ) ) , .CmpOps ) , Return ( ListExpr ( Subscript ( Name ( "evens" ) , Int ( 0 ) ) , .Exprs ) )  .Stmts , Return ( BinOp ( "+" , ListExpr ( Subscript ( Name ( "evens" ) , Int ( 0 ) ) , Subscript ( Name ( "l" ) , Int ( 1 ) ) , .Exprs ) , Call ( Name ( "rebuild" ) , Subscript ( Name ( "l" ) , Slice ( Int ( 2 ) , NoBound , NoBound ) ) , Subscript ( Name ( "evens" ) , Slice ( Int ( 1 ) , NoBound , NoBound ) ) , .Exprs ) ) )  .Stmts )  .Stmts )  .Stmts )  FuncDef ( "sort_even" , Params ( "l" , .Strings ) , Return ( Call ( Name ( "rebuild" ) , Name ( "l" ) , Call ( Name ( "sort_values" ) , Call ( Name ( "even_values" ) , Name ( "l" ) , .Exprs ) , .Exprs ) , .Exprs ) )  .Stmts )  .Stmts )
  </program>
</mpy>
EXIT_STATUS=0 EXPECTED_PYTHON=[2,8,2,-4]
CASE=reversed-branch
COMMAND: krun solution.mpy -cINPUT=pyList(ListItem(4) ListItem(1) ListItem(0) ListItem(2) ListItem(-3)) --definition semantic-kompiled
<mpy>
  <k>
    pyList ( ListItem ( -3 )
    ListItem ( 1 )
    ListItem ( 0 )
    ListItem ( 2 )
    ListItem ( 4 ) ) ~> .K
  </k>
  <program>
    Module ( FuncDef ( "insert_sorted" , Params ( "x" , "xs" , .Strings ) , If ( Compare ( Name ( "xs" ) , CmpOp ( "==" , ListExpr ( .Exprs ) ) , .CmpOps ) , Return ( ListExpr ( Name ( "x" ) , .Exprs ) )  .Stmts , If ( Compare ( Name ( "x" ) , CmpOp ( "<=" , Subscript ( Name ( "xs" ) , Int ( 0 ) ) ) , .CmpOps ) , Return ( BinOp ( "+" , ListExpr ( Name ( "x" ) , .Exprs ) , Name ( "xs" ) ) )  .Stmts , Return ( BinOp ( "+" , ListExpr ( Subscript ( Name ( "xs" ) , Int ( 0 ) ) , .Exprs ) , Call ( Name ( "insert_sorted" ) , Name ( "x" ) , Subscript ( Name ( "xs" ) , Slice ( Int ( 1 ) , NoBound , NoBound ) ) , .Exprs ) ) )  .Stmts )  .Stmts )  .Stmts )  FuncDef ( "sort_values" , Params ( "xs" , .Strings ) , If ( Compare ( Name ( "xs" ) , CmpOp ( "==" , ListExpr ( .Exprs ) ) , .CmpOps ) , Return ( ListExpr ( .Exprs ) )  .Stmts , Return ( Call ( Name ( "insert_sorted" ) , Subscript ( Name ( "xs" ) , Int ( 0 ) ) , Call ( Name ( "sort_values" ) , Subscript ( Name ( "xs" ) , Slice ( Int ( 1 ) , NoBound , NoBound ) ) , .Exprs ) , .Exprs ) )  .Stmts )  .Stmts )  FuncDef ( "even_values" , Params ( "l" , .Strings ) , If ( Compare ( Name ( "l" ) , CmpOp ( "==" , ListExpr ( .Exprs ) ) , .CmpOps ) , Return ( ListExpr ( .Exprs ) )  .Stmts , Return ( BinOp ( "+" , ListExpr ( Subscript ( Name ( "l" ) , Int ( 0 ) ) , .Exprs ) , Call ( Name ( "even_values" ) , Subscript ( Name ( "l" ) , Slice ( Int ( 2 ) , NoBound , NoBound ) ) , .Exprs ) ) )  .Stmts )  .Stmts )  FuncDef ( "rebuild" , Params ( "l" , "evens" , .Strings ) , If ( Compare ( Name ( "l" ) , CmpOp ( "==" , ListExpr ( .Exprs ) ) , .CmpOps ) , Return ( ListExpr ( .Exprs ) )  .Stmts , If ( Compare ( Subscript ( Name ( "l" ) , Slice ( Int ( 1 ) , NoBound , NoBound ) ) , CmpOp ( "==" , ListExpr ( .Exprs ) ) , .CmpOps ) , Return ( ListExpr ( Subscript ( Name ( "evens" ) , Int ( 0 ) ) , .Exprs ) )  .Stmts , Return ( BinOp ( "+" , ListExpr ( Subscript ( Name ( "evens" ) , Int ( 0 ) ) , Subscript ( Name ( "l" ) , Int ( 1 ) ) , .Exprs ) , Call ( Name ( "rebuild" ) , Subscript ( Name ( "l" ) , Slice ( Int ( 2 ) , NoBound , NoBound ) ) , Subscript ( Name ( "evens" ) , Slice ( Int ( 1 ) , NoBound , NoBound ) ) , .Exprs ) ) )  .Stmts )  .Stmts )  .Stmts )  FuncDef ( "sort_even" , Params ( "l" , .Strings ) , Return ( Call ( Name ( "rebuild" ) , Name ( "l" ) , Call ( Name ( "sort_values" ) , Call ( Name ( "even_values" ) , Name ( "l" ) , .Exprs ) , .Exprs ) , .Exprs ) )  .Stmts )  .Stmts )
  </program>
</mpy>
EXIT_STATUS=0 EXPECTED_PYTHON=[-3,1,0,2,4]
CASE=negative-odd-length
COMMAND: krun solution.mpy -cINPUT=pyList(ListItem(-1) ListItem(7) ListItem(-3) ListItem(6) ListItem(0)) --definition semantic-kompiled
<mpy>
  <k>
    pyList ( ListItem ( -3 )
    ListItem ( 7 )
    ListItem ( -1 )
    ListItem ( 6 )
    ListItem ( 0 ) ) ~> .K
  </k>
  <program>
    Module ( FuncDef ( "insert_sorted" , Params ( "x" , "xs" , .Strings ) , If ( Compare ( Name ( "xs" ) , CmpOp ( "==" , ListExpr ( .Exprs ) ) , .CmpOps ) , Return ( ListExpr ( Name ( "x" ) , .Exprs ) )  .Stmts , If ( Compare ( Name ( "x" ) , CmpOp ( "<=" , Subscript ( Name ( "xs" ) , Int ( 0 ) ) ) , .CmpOps ) , Return ( BinOp ( "+" , ListExpr ( Name ( "x" ) , .Exprs ) , Name ( "xs" ) ) )  .Stmts , Return ( BinOp ( "+" , ListExpr ( Subscript ( Name ( "xs" ) , Int ( 0 ) ) , .Exprs ) , Call ( Name ( "insert_sorted" ) , Name ( "x" ) , Subscript ( Name ( "xs" ) , Slice ( Int ( 1 ) , NoBound , NoBound ) ) , .Exprs ) ) )  .Stmts )  .Stmts )  .Stmts )  FuncDef ( "sort_values" , Params ( "xs" , .Strings ) , If ( Compare ( Name ( "xs" ) , CmpOp ( "==" , ListExpr ( .Exprs ) ) , .CmpOps ) , Return ( ListExpr ( .Exprs ) )  .Stmts , Return ( Call ( Name ( "insert_sorted" ) , Subscript ( Name ( "xs" ) , Int ( 0 ) ) , Call ( Name ( "sort_values" ) , Subscript ( Name ( "xs" ) , Slice ( Int ( 1 ) , NoBound , NoBound ) ) , .Exprs ) , .Exprs ) )  .Stmts )  .Stmts )  FuncDef ( "even_values" , Params ( "l" , .Strings ) , If ( Compare ( Name ( "l" ) , CmpOp ( "==" , ListExpr ( .Exprs ) ) , .CmpOps ) , Return ( ListExpr ( .Exprs ) )  .Stmts , Return ( BinOp ( "+" , ListExpr ( Subscript ( Name ( "l" ) , Int ( 0 ) ) , .Exprs ) , Call ( Name ( "even_values" ) , Subscript ( Name ( "l" ) , Slice ( Int ( 2 ) , NoBound , NoBound ) ) , .Exprs ) ) )  .Stmts )  .Stmts )  FuncDef ( "rebuild" , Params ( "l" , "evens" , .Strings ) , If ( Compare ( Name ( "l" ) , CmpOp ( "==" , ListExpr ( .Exprs ) ) , .CmpOps ) , Return ( ListExpr ( .Exprs ) )  .Stmts , If ( Compare ( Subscript ( Name ( "l" ) , Slice ( Int ( 1 ) , NoBound , NoBound ) ) , CmpOp ( "==" , ListExpr ( .Exprs ) ) , .CmpOps ) , Return ( ListExpr ( Subscript ( Name ( "evens" ) , Int ( 0 ) ) , .Exprs ) )  .Stmts , Return ( BinOp ( "+" , ListExpr ( Subscript ( Name ( "evens" ) , Int ( 0 ) ) , Subscript ( Name ( "l" ) , Int ( 1 ) ) , .Exprs ) , Call ( Name ( "rebuild" ) , Subscript ( Name ( "l" ) , Slice ( Int ( 2 ) , NoBound , NoBound ) ) , Subscript ( Name ( "evens" ) , Slice ( Int ( 1 ) , NoBound , NoBound ) ) , .Exprs ) ) )  .Stmts )  .Stmts )  .Stmts )  FuncDef ( "sort_even" , Params ( "l" , .Strings ) , Return ( Call ( Name ( "rebuild" ) , Name ( "l" ) , Call ( Name ( "sort_values" ) , Call ( Name ( "even_values" ) , Name ( "l" ) , .Exprs ) , .Exprs ) , .Exprs ) )  .Stmts )  .Stmts )
  </program>
</mpy>
EXIT_STATUS=0 EXPECTED_PYTHON=[-3,7,-1,6,0]
