[Error] krun: fresh-runtime-kompiled/interpreter 
/tmp/.krun-2026-07-30-06-11-00-L5yT3ZDL5T/tmp.in.fZJ9XyDLdQ -1 
/tmp/.krun-2026-07-30-06-11-00-L5yT3ZDL5T/result.kore
<generatedTop>
  <k>
    .K
  </k>
  <env>
    0
  </env>
  <scopes>
    -1 |-> scope ( "abs" |-> builtinV ( "abs" )
    "all" |-> builtinV ( "all" )
    "any" |-> builtinV ( "any" )
    "bin" |-> builtinV ( "bin" )
    "chr" |-> builtinV ( "chr" )
    "enumerate" |-> builtinV ( "enumerate" )
    "eval" |-> builtinV ( "eval" )
    "float" |-> typeV ( "float" )
    "int" |-> typeV ( "int" )
    "isinstance" |-> builtinV ( "isinstance" )
    "len" |-> builtinV ( "len" )
    "list" |-> builtinV ( "list" )
    "map" |-> builtinV ( "map" )
    "max" |-> builtinV ( "max" )
    "min" |-> builtinV ( "min" )
    "ord" |-> builtinV ( "ord" )
    "range" |-> builtinV ( "range" )
    "round" |-> builtinV ( "round" )
    "set" |-> builtinV ( "set" )
    "sorted" |-> builtinV ( "sorted" )
    "str" |-> typeV ( "str" )
    "sum" |-> builtinV ( "sum" )
    "zip" |-> builtinV ( "zip" ) , root )
    0 |-> scope ( "below_threshold" |-> closureVal ( "l" , "t" , .ParamNames , Expr ( Str ( "Return True if all numbers in the list l are below threshold t." ) )  Assign ( Name ( "e" ) , Int ( 0 ) )  For ( Name ( "e" ) , Name ( "l" ) , If ( Compare ( Name ( "e" ) , CmpOp ( "<" , Name ( "t" ) ) ) , Continue  .Stmts , .Stmts )  Return ( Bool ( false ) )  .Stmts )  Return ( Bool ( true ) )  .Stmts , 0 ) , parent ( -1 ) )
  </scopes>
  <scopeLoc>
    1
  </scopeLoc>
  <heap>
    0 |-> list ( vCons ( 1 , vCons ( 2 , vCons ( 4 , vCons ( 10 , .ValSeq ) ) ) ) )
    1 |-> list ( vCons ( 1 , vCons ( 20 , vCons ( 4 , vCons ( 10 , .ValSeq ) ) ) ) )
    2 |-> list ( .ValSeq )
    3 |-> list ( vCons ( 4 , .ValSeq ) )
    4 |-> list ( vCons ( 5 , .ValSeq ) )
    5 |-> list ( vCons ( 6 , .ValSeq ) )
    6 |-> list ( vCons ( -4 , vCons ( -3 , vCons ( -2 , .ValSeq ) ) ) )
  </heap>
  <heapLoc>
    7
  </heapLoc>
  <stack>
    .List
  </stack>
  <ret>
    noRet
  </ret>
  <exc>
    AssertionError
  </exc>
  <exit-code>
    1
  </exit-code>
</generatedTop>
