$ /usr/bin/kprove original-spec-no-bridge.k --definition verification-no-bridge-kompiled --spec-module SEARCH-SPEC-NO-BRIDGE
kore-exec: [1743404] Warning (WarnStuckClaimState):
    The configuration's term doesn't unify with the destination's term and the configuration cannot be rewritten further. Location: /tmp/audit-work/69-search/original-spec-no-bridge.k:8:5-29:30
Context:
    (InfoReachability) while checking the implication
  <generatedTop>
    <k>
      #iterNext ( list ( ALL:IntValSeq ) ) ~> #loopStep ( Name ( "value" ) , Assign ( Name ( "count" ) , Int ( 0 ) )  For ( Name ( "item" ) , Name ( "lst" ) , If ( Compare ( Name ( "item" ) , CmpOp ( "==" , Name ( "value" ) ) ) , AugAssign ( Name ( "count" ) , "+" , Int ( 1 ) )  .Stmts , .Stmts )  .Stmts )  If ( Compare ( Name ( "count" ) , CmpOp ( ">=" , Name ( "value" ) ) ) , If ( Compare ( Name ( "value" ) , CmpOp ( ">" , Name ( "result" ) ) ) , Assign ( Name ( "result" ) , Name ( "value" ) )  .Stmts , .Stmts )  .Stmts , .Stmts )  .Stmts ) ~> Return ( Name ( "result" ) )  .Stmts ~> #endcall ~> .K
    </k>
    <env>
      1
    </env>
    <scopes>
      -1 |-> scope ( "abs" |-> builtinV ( "abs" )
      "all" |-> builtinV ( "all" )
      "any" |-> builtinV ( "any" )
      "bin" |-> builtinV ( "bin" )
      "chr" |-> builtinV ( "chr" )
      "enumerate" |-> builtinV ( "enumerate" )
      "eval" |-> builtinV ( "eval" )
      "float" |-> typeV ( "float" )
      "int" |-> typeV ( "int" )
      "isinstance" |-> builtinV ( "isinstance" )
      "len" |-> builtinV ( "len" )
      "list" |-> builtinV ( "list" )
      "map" |-> builtinV ( "map" )
      "max" |-> builtinV ( "max" )
      "min" |-> builtinV ( "min" )
      "ord" |-> builtinV ( "ord" )
      "range" |-> builtinV ( "range" )
      "round" |-> builtinV ( "round" )
      "set" |-> builtinV ( "set" )
      "sorted" |-> builtinV ( "sorted" )
      "str" |-> typeV ( "str" )
      "sum" |-> builtinV ( "sum" )
      "zip" |-> builtinV ( "zip" ) , root )
      0 |-> scope ( "search" |-> closureVal ( "lst" , .ParamNames , Assign ( Name ( "result" ) , UnaryOp ( "-" , Int ( 1 ) ) )  For ( Name ( "value" ) , Name ( "lst" ) , Assign ( Name ( "count" ) , Int ( 0 ) )  For ( Name ( "item" ) , Name ( "lst" ) , If ( Compare ( Name ( "item" ) , CmpOp ( "==" , Name ( "value" ) ) ) , AugAssign ( Name ( "count" ) , "+" , Int ( 1 ) )  .Stmts , .Stmts )  .Stmts )  If ( Compare ( Name ( "count" ) , CmpOp ( ">=" , Name ( "value" ) ) ) , If ( Compare ( Name ( "value" ) , CmpOp ( ">" , Name ( "result" ) ) ) , Assign ( Name ( "result" ) , Name ( "value" ) )  .Stmts , .Stmts )  .Stmts , .Stmts )  .Stmts )  Return ( Name ( "result" ) )  .Stmts , 0 ) , parent ( -1 ) )
      1 |-> scope ( "lst" |-> list ( ALL:IntValSeq )
      "result" |-> -1 , parent ( 0 ) )
    </scopes>
    <scopeLoc>
      2
    </scopeLoc>
    <heap>
      .Map
    </heap>
    <heapLoc>
      0
    </heapLoc>
    <stack>
      ListItem ( frame (... continuation: .K , callerEnv: 0 , savedLoc: 1 ) )
    </stack>
    <ret>
      noRet
    </ret>
    <exc>
      NoExc
    </exc>
    <exit-code>
      0
    </exit-code>
  </generatedTop>
#And
  {
    true
  #Equals
    allPositive ( ALL )
  }
#And
  {
    true
  #Equals
    nonEmpty ( ALL )
  }
[Warning] Compiler: Variable 'As' defined but not used. Prefix variable name
with underscore if this is intentional.
	Source(/tmp/audit-work/69-search/reference-semantics/semantics/str.k)
	Location(52,27,52,29)
	52 |	  rule strLt(iCons(A:Int, As:IntSeq), iCons(B:Int, Bs:IntSeq)) => true   
      requires A  <Int B
	   .	                          ^~
[Warning] Compiler: Variable 'Bs' defined but not used. Prefix variable name
with underscore if this is intentional.
	Source(/tmp/audit-work/69-search/reference-semantics/semantics/str.k)
	Location(52,52,52,54)
	52 |	  rule strLt(iCons(A:Int, As:IntSeq), iCons(B:Int, Bs:IntSeq)) => true   
      requires A  <Int B
	   .	                                                   ^~
[Warning] Compiler: Variable 'As' defined but not used. Prefix variable name
with underscore if this is intentional.
	Source(/tmp/audit-work/69-search/reference-semantics/semantics/str.k)
	Location(53,27,53,29)
	53 |	  rule strLt(iCons(A:Int, As:IntSeq), iCons(B:Int, Bs:IntSeq)) => false  
      requires A  >Int B
	   .	                          ^~
[Warning] Compiler: Variable 'Bs' defined but not used. Prefix variable name
with underscore if this is intentional.
	Source(/tmp/audit-work/69-search/reference-semantics/semantics/str.k)
	Location(53,52,53,54)
	53 |	  rule strLt(iCons(A:Int, As:IntSeq), iCons(B:Int, Bs:IntSeq)) => false  
      requires A  >Int B
	   .	                                                   ^~
[Error] Prover: backend terminated because the configuration cannot be
rewritten further. See output for more details.
[exit 1; nonzero expected]
