Script started on 2026-07-29 09:41:52-05:00 [<not executed on terminal>]
[Warning] Compiler: Variable 'R' defined but not used. Prefix variable name
with underscore if this is intentional.
	Source(/tmp/audit-work/reconstruction/foundation.k)
	Location(147,27,147,28)
	147 |	  rule closestScan(CS, I, R, false)
	    .	                          ^
[Warning] Compiler: Variable 'R' defined but not used. Prefix variable name
with underscore if this is intentional.
	Source(/tmp/audit-work/reconstruction/foundation.k)
	Location(188,33,188,34)
	188 |	  rule #Ceil(closestScan(CS, I, R, F)) => #Top
	    .	                                ^
[Warning] Compiler: Variable 'F' defined but not used. Prefix variable name
with underscore if this is intentional.
	Source(/tmp/audit-work/reconstruction/foundation.k)
	Location(188,36,188,37)
	188 |	  rule #Ceil(closestScan(CS, I, R, F)) => #Top
	    .	                                   ^
[Warning] Compiler: Variable 'As' defined but not used. Prefix variable name
with underscore if this is intentional.
	Source(/tmp/audit-work/reconstruction/reference-semantics/semantics/str.k)
	Location(52,27,52,29)
	52 |	  rule strLt(iCons(A:Int, As:IntSeq), iCons(B:Int, Bs:IntSeq)) => true   
      requires A  <Int B
	   .	                          ^~
[Warning] Compiler: Variable 'Bs' defined but not used. Prefix variable name
with underscore if this is intentional.
	Source(/tmp/audit-work/reconstruction/reference-semantics/semantics/str.k)
	Location(52,52,52,54)
	52 |	  rule strLt(iCons(A:Int, As:IntSeq), iCons(B:Int, Bs:IntSeq)) => true   
      requires A  <Int B
	   .	                                                   ^~
[Warning] Compiler: Variable 'As' defined but not used. Prefix variable name
with underscore if this is intentional.
	Source(/tmp/audit-work/reconstruction/reference-semantics/semantics/str.k)
	Location(53,27,53,29)
	53 |	  rule strLt(iCons(A:Int, As:IntSeq), iCons(B:Int, Bs:IntSeq)) => false  
      requires A  >Int B
	   .	                          ^~
[Warning] Compiler: Variable 'Bs' defined but not used. Prefix variable name
with underscore if this is intentional.
	Source(/tmp/audit-work/reconstruction/reference-semantics/semantics/str.k)
	Location(53,52,53,54)
	53 |	  rule strLt(iCons(A:Int, As:IntSeq), iCons(B:Int, Bs:IntSeq)) => false  
      requires A  >Int B
	   .	                                                   ^~
[0m[0m
Script done on 2026-07-29 09:42:01-05:00 [COMMAND_EXIT_CODE="0"]
