COMMAND: kprove stage5-clip-overlap.k --definition proof-kompiled --spec-module AUDIT-CLIP-OVERLAP
kore-exec: [432788] Warning (WarnTrivialClaim):
    Claim proven without rewriting at: /tmp/audit-work/65-circular-shift.DtaWTl/stage5-clip-overlap.k:8:9-13:15
kore-exec: [433847] Warning (WarnStuckClaimState):
    The configuration's term doesn't unify with the destination's term and the configuration cannot be rewritten further. Location: /tmp/audit-work/65-circular-shift.DtaWTl/stage5-clip-overlap.k:14:9-21:15
Context:
    (InfoReachability) while checking the implication
<mpy>
  <k>
    .K
  </k>
  <entry>
    ""
  </entry>
  <args>
    .Vals
  </args>
  <result>
    VInt ( 0 )
  </result>
</mpy>
[Error] Prover: backend terminated because the configuration cannot be
rewritten further. See output for more details.
EXIT_STATUS: 1
