+ PYTHONPATH=/reference
+ python3 /audit-output/evidence/check_inventory_bijection.py
PASS whole inventory hash recomputes from ordered full records
PASS protected inventory hash matches reconstruction
PASS protected classifications contain no duplicate identities
PASS protected identities are exact, complete, and in canonical source order
PASS no omitted or extra classified rules
PASS rule 0 normalized source hash
PASS rule 0 source_rule_id
PASS rule 0 exact source span 8-109
PASS rule 0 protected identity
PASS Stage 4 input inventory hash
PASS Stage 4 input verification.k hash
PASS Stage 4 input verification module
PASS Stage 4 definitions exact ordered classified records
PASS Stage 4 operational_rules exact ordered classified records
PASS Stage 4 proved_derived_lemmas exact ordered classified records
PASS Stage 4 source_rules exact ordered classified records
PASS trusted Stage 3 boundary returns exact canonical rule list
PASS trusted Stage 3 boundary inventory identity
RECONSTRUCTED_RULE_COUNT=1
INVENTORY_SHA256=67bc388005597d52da2f13062beca1be1a2b96c5b6ea5e137605db48107d5a61
STRICT_INVENTORY_BIJECTION_PASS
