+ LD_PRELOAD=/tmp/audit-work/libprocself-readlink.so
+ PYTHONPATH=/reference
+ python3 /audit-output/evidence/check_stage4_semantics.py
PASS protected DOMAIN_LEMMA set agrees with independent classification
PASS Stage 4 input source-rule set is exact
PASS obligation-map source-rule set is exact
PASS source-rule/obligation identities are exactly bijective and ordered
PASS no duplicate obligation identities
PASS zero obligations have zero trust parameters
PASS zero obligations imply no target definition
PASS generated project contains no target declaration
PASS generator manifest fixes the target as absent
PASS recorded preflight fixes the target as absent
PASS launcher audit input fixes the target as absent
PASS generator obligation count is zero
PASS export obligation count is zero
PASS preflight obligation count is zero
PASS export no-obligation status
PASS preflight no-obligation status
PASS selection no-obligation status
PASS no generated theorem or lemma declaration exists
PASS no generated or shadow target named Proof.final
PASS classification-only mode has no Stage 5 candidate
VACUOUS_CONJUNCT_COUNT=0 (there are no conjuncts)
FIXED_GENERATED_TARGET=ABSENT
STAGE4_SEMANTIC_AND_BIJECTION_CHECKS_PASS
