Script started on 2026-07-23 09:16:55-05:00 [<not executed on terminal>]
COMMAND: krun /tmp/audit-work/candidate-src/solution.mpy --definition /tmp/audit-work/semantic-fresh-kompiled '-cINPUT="abcde"' --output pretty
EXIT: 0
K-CELL:
<k>
    intVal ( 2 ) ~> .K
  </k>
COMPARE: {"input": "abcde", "k": 2, "candidate_python": ["value", 2], "canonical_python": ["value", 2]}
COMMAND: krun /tmp/audit-work/candidate-src/solution.mpy --definition /tmp/audit-work/semantic-fresh-kompiled '-cINPUT="ACEDY"' --output pretty
EXIT: 0
K-CELL:
<k>
    intVal ( 3 ) ~> .K
  </k>
COMPARE: {"input": "ACEDY", "k": 3, "candidate_python": ["value", 3], "canonical_python": ["value", 3]}
COMMAND: krun /tmp/audit-work/candidate-src/solution.mpy --definition /tmp/audit-work/semantic-fresh-kompiled '-cINPUT=""' --output pretty
EXIT: 0
K-CELL:
<k>
    intVal ( 0 ) ~> .K
  </k>
COMPARE: {"input": "", "k": 0, "candidate_python": ["value", 0], "canonical_python": ["exception", "IndexError", "string index out of range"]}
COMMAND: krun /tmp/audit-work/candidate-src/solution.mpy --definition /tmp/audit-work/semantic-fresh-kompiled '-cINPUT="a"' --output pretty
EXIT: 0
K-CELL:
<k>
    intVal ( 1 ) ~> .K
  </k>
COMPARE: {"input": "a", "k": 1, "candidate_python": ["value", 1], "canonical_python": ["value", 1]}
COMMAND: krun /tmp/audit-work/candidate-src/solution.mpy --definition /tmp/audit-work/semantic-fresh-kompiled '-cINPUT="y"' --output pretty
EXIT: 0
K-CELL:
<k>
    intVal ( 1 ) ~> .K
  </k>
COMPARE: {"input": "y", "k": 1, "candidate_python": ["value", 1], "canonical_python": ["value", 1]}
COMMAND: krun /tmp/audit-work/candidate-src/solution.mpy --definition /tmp/audit-work/semantic-fresh-kompiled '-cINPUT="Y"' --output pretty
EXIT: 0
K-CELL:
<k>
    intVal ( 1 ) ~> .K
  </k>
COMPARE: {"input": "Y", "k": 1, "candidate_python": ["value", 1], "canonical_python": ["value", 1]}
COMMAND: krun /tmp/audit-work/candidate-src/solution.mpy --definition /tmp/audit-work/semantic-fresh-kompiled '-cINPUT="b"' --output pretty
EXIT: 0
K-CELL:
<k>
    intVal ( 0 ) ~> .K
  </k>
COMPARE: {"input": "b", "k": 0, "candidate_python": ["value", 0], "canonical_python": ["value", 0]}
COMMAND: krun /tmp/audit-work/candidate-src/solution.mpy --definition /tmp/audit-work/semantic-fresh-kompiled '-cINPUT="ay"' --output pretty
EXIT: 0
K-CELL:
<k>
    intVal ( 2 ) ~> .K
  </k>
COMPARE: {"input": "ay", "k": 2, "candidate_python": ["value", 2], "canonical_python": ["value", 2]}
COMMAND: krun /tmp/audit-work/candidate-src/solution.mpy --definition /tmp/audit-work/semantic-fresh-kompiled '-cINPUT="ya"' --output pretty
EXIT: 0
K-CELL:
<k>
    intVal ( 1 ) ~> .K
  </k>
COMPARE: {"input": "ya", "k": 1, "candidate_python": ["value", 1], "canonical_python": ["value", 1]}
COMMAND: krun /tmp/audit-work/candidate-src/solution.mpy --definition /tmp/audit-work/semantic-fresh-kompiled '-cINPUT="yy"' --output pretty
EXIT: 0
K-CELL:
<k>
    intVal ( 1 ) ~> .K
  </k>
COMPARE: {"input": "yy", "k": 1, "candidate_python": ["value", 1], "canonical_python": ["value", 1]}
COMMAND: krun /tmp/audit-work/candidate-src/solution.mpy --definition /tmp/audit-work/semantic-fresh-kompiled '-cINPUT="rhythm"' --output pretty
EXIT: 0
K-CELL:
<k>
    intVal ( 0 ) ~> .K
  </k>
COMPARE: {"input": "rhythm", "k": 0, "candidate_python": ["value", 0], "canonical_python": ["value", 0]}
COMMAND: krun /tmp/audit-work/candidate-src/solution.mpy --definition /tmp/audit-work/semantic-fresh-kompiled '-cINPUT="rhythmy"' --output pretty
EXIT: 0
K-CELL:
<k>
    intVal ( 1 ) ~> .K
  </k>
COMPARE: {"input": "rhythmy", "k": 1, "candidate_python": ["value", 1], "canonical_python": ["value", 1]}
COMMAND: krun /tmp/audit-work/candidate-src/solution.mpy --definition /tmp/audit-work/semantic-fresh-kompiled '-cINPUT="é"' --output pretty
EXIT: 0
K-CELL:
<k>
    intVal ( 0 ) ~> .K
  </k>
COMPARE: {"input": "é", "k": 0, "candidate_python": ["value", 0], "canonical_python": ["value", 0]}
COMMAND: krun /tmp/audit-work/candidate-src/solution.mpy --definition /tmp/audit-work/semantic-fresh-kompiled '-cINPUT="😀"' --output pretty
EXIT: 0
K-CELL:
<k>
    intVal ( 0 ) ~> .K
  </k>
COMPARE: {"input": "😀", "k": 0, "candidate_python": ["value", 0], "canonical_python": ["value", 0]}
case_count=14
failure_count=0

Script done on 2026-07-23 09:17:15-05:00 [COMMAND_EXIT_CODE="0"]
