Stage 6 bounded command log

Fresh mutation: the end-to-end postcondition is changed from
  str(encodeCodes(INPUT))
to
  str(iCons(88, encodeCodes(INPUT)))
while the executed program term and both helper claims remain unchanged.

Satisfying false witness:
  INPUT = .IntSeq (Python input "")
  actual = str(.IntSeq)
  mutated target = str(iCons(88, .IntSeq)) (Python "X")

$ kprove spec-vacuity.k --definition verification-kompiled --spec-module ENCODE-VACUITY-SPEC
kore-exec: Warning (WarnStuckClaimState):
  The configuration's term unifies with the destination's term, but the
  implication check between the conditions has failed.
  encodeAcc(INPUT, .IntSeq)
  #Equals
  iCons(88, encodeAcc(INPUT, .IntSeq))
[Error] Prover: backend terminated because the configuration cannot be rewritten further.
EXIT: 1

The spec parsed and executed to the final result. Failure is the intended unmet
postcondition, not a parser error, timeout, missing import, or unrelated crash.
