COMMAND: trusted inventory_verification plus independent bijection checks and numbered frozen verification.k
{
  "bijection": true,
  "inventory_hash_matches": true,
  "normalized_hashes_unique": true,
  "ordered_rules_identical": true,
  "protected_stage3": {
    "inventory_sha256": "4f53cda18c2baa0c0354bb5f9a3ecbe5ed12ab4d8e11ba873c2f11161202b945",
    "rules": [],
    "schema_version": 2
  },
  "reconstructed": {
    "inventory_sha256": "4f53cda18c2baa0c0354bb5f9a3ecbe5ed12ab4d8e11ba873c2f11161202b945",
    "rules": [],
    "schema_version": 2,
    "verification_file": "verification.k",
    "verification_module": "VERIFICATION",
    "verification_modules": [
      "VERIFICATION"
    ],
    "verification_sha256": "ef48556fde781a8ca6e4e1986b701ccdf330897621c6658bd831ff4c17516ab4"
  },
  "schema_matches": true,
  "source_rule_ids_unique": true,
  "verification_sha256_recomputed": "ef48556fde781a8ca6e4e1986b701ccdf330897621c6658bd831ff4c17516ab4"
}
     1	requires "reference-semantics/semantics.k"
     2	
     3	module VERIFICATION
     4	  imports MPY
     5	endmodule
OUTER_RULE_TOKEN_COUNT: SIMPLIFICATION_TOKEN_COUNT: EXIT_CODE: 0
