COMMAND: LD_PRELOAD=pidns shim PYTHONPATH=/reference python3 calling unchanged tools.klean_preflight.check_generation with required immutable inputs and pinned lock
{
  "designated_sorry_count": 0,
  "diagnostics": [
    {
      "command": [
        "lake",
        "clean"
      ],
      "exit_code": 0,
      "output_sha256": "e3b0c44298fc1c149afbf4c8996fb92427ae41e4649b934ca495991b7852b855",
      "output_tail": ""
    },
    {
      "command": [
        "lake",
        "build"
      ],
      "exit_code": 0,
      "output_sha256": "93ede69da36a660966d81ef9e634eb0a44b21d0b2d1b26bfa4aebd0cbb453fe2",
      "output_tail": "\u2714 [2/9] Built Klean101WordsString.Prelude\n\u2714 [3/9] Built Klean101WordsString.Sorts\n\u2714 [4/9] Built Klean101WordsString.Inj\n\u2714 [5/9] Built Klean101WordsString.Func\n\u2714 [6/9] Built Klean101WordsString.Lemmas\n\u2714 [7/9] Built Klean101WordsString.Rewrite\n\u2714 [8/9] Built Klean101WordsString\nBuild completed successfully.\n"
    }
  ],
  "frozen_input_sha256": "5507aa9a85398bacfc4d0486561a31a5d25e16ccb514bcb3c8ca176bcf3f16fc",
  "generated_tree_sha256": "5c48dd393f77ec9ae9cd5d18518beb7f5572bc43d07a3177cc829f21e512fd6f",
  "obligation_count": 0,
  "schema_version": 3,
  "stage1_workspace_sha256": "5507aa9a85398bacfc4d0486561a31a5d25e16ccb514bcb3c8ca176bcf3f16fc",
  "stage3_discovery_manifest_sha256": "e13c01259eb807dd465c4db3e29a0727d9ce0eb8df88d145e8977e70f5b7fcf3",
  "status": "KLEAN_NO_OBLIGATIONS",
  "target": null,
  "trust_declaration_count": 41
}
EXIT_CODE: 0
