Script started on 2026-07-26 23:14:13-05:00 [<not executed on terminal>]
MUTATION
--- /tmp/audit-work/candidate/verification.k	2026-07-26 23:09:53.514329999 -0500
+++ verification.k	2026-07-26 23:13:51.415516705 -0500
@@ -85,7 +85,7 @@
     Assign(Name("score"), Name("strongest_strength"))
     For(Name("extension"), Name("extensions"), selectionLoopBody)
     Return(BinOp("+",
-      BinOp("+", Name("class_name"), Str(".")),
+      BinOp("+", Name("class_name"), Str("!")),
       Name("strongest")))
 
   syntax Scope ::= "solutionScope" [function]
EXIT mutation_diff 1
BEGIN build_body_mutation
COMMAND kompile verification.k --backend haskell --main-module STRONGEST-EXTENSION-WITH-LOOP-LEMMAS --syntax-module MPY-SYNTAX --output-definition audit-body-mutated-kompiled -I .
[Warning] Compiler: Variable 'As' defined but not used. Prefix variable name
with underscore if this is intentional.
	Source(/tmp/audit-work/body-mutation/reference-semantics/semantics/str.k)
	Location(52,27,52,29)
	52 |	  rule strLt(iCons(A:Int, As:IntSeq), iCons(B:Int, Bs:IntSeq)) => true   
      requires A  <Int B
	   .	                          ^~
[Warning] Compiler: Variable 'Bs' defined but not used. Prefix variable name
with underscore if this is intentional.
	Source(/tmp/audit-work/body-mutation/reference-semantics/semantics/str.k)
	Location(52,52,52,54)
	52 |	  rule strLt(iCons(A:Int, As:IntSeq), iCons(B:Int, Bs:IntSeq)) => true   
      requires A  <Int B
	   .	                                                   ^~
[Warning] Compiler: Variable 'As' defined but not used. Prefix variable name
with underscore if this is intentional.
	Source(/tmp/audit-work/body-mutation/reference-semantics/semantics/str.k)
	Location(53,27,53,29)
	53 |	  rule strLt(iCons(A:Int, As:IntSeq), iCons(B:Int, Bs:IntSeq)) => false  
      requires A  >Int B
	   .	                          ^~
[Warning] Compiler: Variable 'Bs' defined but not used. Prefix variable name
with underscore if this is intentional.
	Source(/tmp/audit-work/body-mutation/reference-semantics/semantics/str.k)
	Location(53,52,53,54)
	53 |	  rule strLt(iCons(A:Int, As:IntSeq), iCons(B:Int, Bs:IntSeq)) => false  
      requires A  >Int B
	   .	                                                   ^~
[0m[0mEXIT build_body_mutation 0
BEGIN prove_unchanged_entry_against_mutated_body
COMMAND kprove spec.k --definition audit-body-mutated-kompiled --spec-module STRONGEST-EXTENSION-SPEC --claims strongest-extension-correct --output pretty
kore-exec: [1585804] Warning (WarnStuckClaimState):
    The configuration's term unifies with the destination's term, but the implication check between the conditions has failed. Location: /tmp/audit-work/body-mutation/spec.k:138:5-165:31
Context:
    (InfoReachability) while checking the implication
  #Not ( {
    seqConcat ( seqConcat ( CLASS , iCons ( 33 , .IntSeq ) ) , bestExtension ( vCons ( str ( E2 ) , vCons ( str ( E3 ) , .ValSeq ) ) , E1 , strengthAcc ( E1 , 0 ) ) )
  #Equals
    seqConcat ( seqConcat ( CLASS , iCons ( 46 , .IntSeq ) ) , bestExtension ( vCons ( str ( E2 ) , vCons ( str ( E3 ) , .ValSeq ) ) , E1 , strengthAcc ( E1 , 0 ) ) )
  } )
#And
  <generatedTop>
    <k>
      str ( seqConcat ( seqConcat ( CLASS , iCons ( 33 , .IntSeq ) ) , bestExtension ( vCons ( str ( E2 ) , vCons ( str ( E3 ) , .ValSeq ) ) , E1 , strengthAcc ( E1 , 0 ) ) ) ) ~> .K
    </k>
    <env>
      0
    </env>
    <scopes>
      -1 |-> scope ( "abs" |-> builtinV ( "abs" )
      "all" |-> builtinV ( "all" )
      "any" |-> builtinV ( "any" )
      "bin" |-> builtinV ( "bin" )
      "chr" |-> builtinV ( "chr" )
      "enumerate" |-> builtinV ( "enumerate" )
      "eval" |-> builtinV ( "eval" )
      "float" |-> typeV ( "float" )
      "int" |-> typeV ( "int" )
      "isinstance" |-> builtinV ( "isinstance" )
      "len" |-> builtinV ( "len" )
      "list" |-> builtinV ( "list" )
      "map" |-> builtinV ( "map" )
      "max" |-> builtinV ( "max" )
      "min" |-> builtinV ( "min" )
      "ord" |-> builtinV ( "ord" )
      "range" |-> builtinV ( "range" )
      "round" |-> builtinV ( "round" )
      "set" |-> builtinV ( "set" )
      "sorted" |-> builtinV ( "sorted" )
      "str" |-> typeV ( "str" )
      "sum" |-> builtinV ( "sum" )
      "zip" |-> builtinV ( "zip" ) , root )
      0 |-> scope ( "Strongest_Extension" |-> closureVal ( "class_name" , "extensions" , .ParamNames , Assign ( Name ( "strongest" ) , Subscript ( Name ( "extensions" ) , Int ( 0 ) ) )  Assign ( Name ( "strongest_strength" ) , Call ( Name ( "_extension_strength" ) , Name ( "strongest" ) , .Exprs ) )  Assign ( Name ( "extension" ) , Name ( "strongest" ) )  Assign ( Name ( "score" ) , Name ( "strongest_strength" ) )  For ( Name ( "extension" ) , Name ( "extensions" ) , Assign ( Name ( "score" ) , Call ( Name ( "_extension_strength" ) , Name ( "extension" ) , .Exprs ) )  If ( Compare ( Name ( "score" ) , CmpOp ( ">" , Name ( "strongest_strength" ) ) ) , Assign ( Name ( "strongest" ) , Name ( "extension" ) )  Assign ( Name ( "strongest_strength" ) , Name ( "score" ) )  .Stmts , .Stmts )  .Stmts )  Return ( BinOp ( "+" , BinOp ( "+" , Name ( "class_name" ) , Str ( "!" ) ) , Name ( "strongest" ) ) )  .Stmts , 0 )
      "_extension_strength" |-> closureVal ( "extension" , .ParamNames , Assign ( Name ( "score" ) , Int ( 0 ) )  Assign ( Name ( "character" ) , Str ( "" ) )  For ( Name ( "character" ) , Name ( "extension" ) , If ( Call ( Attribute ( Name ( "character" ) , "isupper" ) , .Exprs ) , AugAssign ( Name ( "score" ) , "+" , Int ( 1 ) )  .Stmts , .Stmts )  If ( Call ( Attribute ( Name ( "character" ) , "islower" ) , .Exprs ) , AugAssign ( Name ( "score" ) , "-" , Int ( 1 ) )  .Stmts , .Stmts )  .Stmts )  Return ( Name ( "score" ) )  .Stmts , 0 ) , parent ( -1 ) )
    </scopes>
    <scopeLoc>
      1
    </scopeLoc>
    <heap>
      .Map
    </heap>
    <heapLoc>
      0
    </heapLoc>
    <stack>
      .List
    </stack>
    <ret>
      noRet
    </ret>
    <exc>
      NoExc
    </exc>
    <exit-code>
      0
    </exit-code>
  </generatedTop>
[Warning] Compiler: Variable 'As' defined but not used. Prefix variable name
with underscore if this is intentional.
	Source(/tmp/audit-work/body-mutation/reference-semantics/semantics/str.k)
	Location(52,27,52,29)
	52 |	  rule strLt(iCons(A:Int, As:IntSeq), iCons(B:Int, Bs:IntSeq)) => true   
      requires A  <Int B
	   .	                          ^~
[Warning] Compiler: Variable 'Bs' defined but not used. Prefix variable name
with underscore if this is intentional.
	Source(/tmp/audit-work/body-mutation/reference-semantics/semantics/str.k)
	Location(52,52,52,54)
	52 |	  rule strLt(iCons(A:Int, As:IntSeq), iCons(B:Int, Bs:IntSeq)) => true   
      requires A  <Int B
	   .	                                                   ^~
[Warning] Compiler: Variable 'As' defined but not used. Prefix variable name
with underscore if this is intentional.
	Source(/tmp/audit-work/body-mutation/reference-semantics/semantics/str.k)
	Location(53,27,53,29)
	53 |	  rule strLt(iCons(A:Int, As:IntSeq), iCons(B:Int, Bs:IntSeq)) => false  
      requires A  >Int B
	   .	                          ^~
[Warning] Compiler: Variable 'Bs' defined but not used. Prefix variable name
with underscore if this is intentional.
	Source(/tmp/audit-work/body-mutation/reference-semantics/semantics/str.k)
	Location(53,52,53,54)
	53 |	  rule strLt(iCons(A:Int, As:IntSeq), iCons(B:Int, Bs:IntSeq)) => false  
      requires A  >Int B
	   .	                                                   ^~
[Warning] Compiler: Variable 'HEAP' defined but not used. Prefix variable name
with underscore if this is intentional.
	Source(/tmp/audit-work/body-mutation/spec.k)
	Location(39,12,39,16)
	39 |	    <heap> HEAP:Map </heap>
	   .	           ^~~~
[Warning] Compiler: Variable 'HLOC' defined but not used. Prefix variable name
with underscore if this is intentional.
	Source(/tmp/audit-work/body-mutation/spec.k)
	Location(40,15,40,19)
	40 |	    <heapLoc> HLOC:Int </heapLoc>
	   .	              ^~~~
[Warning] Compiler: Variable 'STACK' defined but not used. Prefix variable name
with underscore if this is intentional.
	Source(/tmp/audit-work/body-mutation/spec.k)
	Location(41,13,41,18)
	41 |	    <stack> STACK:List </stack>
	   .	            ^~~~~
[Warning] Compiler: Variable 'HEAP' defined but not used. Prefix variable name
with underscore if this is intentional.
	Source(/tmp/audit-work/body-mutation/spec.k)
	Location(63,12,63,16)
	63 |	    <heap> HEAP:Map </heap>
	   .	           ^~~~
[Warning] Compiler: Variable 'HLOC' defined but not used. Prefix variable name
with underscore if this is intentional.
	Source(/tmp/audit-work/body-mutation/spec.k)
	Location(64,15,64,19)
	64 |	    <heapLoc> HLOC:Int </heapLoc>
	   .	              ^~~~
[Warning] Compiler: Variable 'STACK' defined but not used. Prefix variable name
with underscore if this is intentional.
	Source(/tmp/audit-work/body-mutation/spec.k)
	Location(65,13,65,18)
	65 |	    <stack> STACK:List </stack>
	   .	            ^~~~~
[Warning] Compiler: Variable 'HEAP' defined but not used. Prefix variable name
with underscore if this is intentional.
	Source(/tmp/audit-work/body-mutation/spec.k)
	Location(126,12,126,16)
	126 |	    <heap> HEAP:Map </heap>
	    .	           ^~~~
[Warning] Compiler: Variable 'HLOC' defined but not used. Prefix variable name
with underscore if this is intentional.
	Source(/tmp/audit-work/body-mutation/spec.k)
	Location(127,15,127,19)
	127 |	    <heapLoc> HLOC:Int </heapLoc>
	    .	              ^~~~
[Warning] Compiler: Variable 'STACK' defined but not used. Prefix variable name
with underscore if this is intentional.
	Source(/tmp/audit-work/body-mutation/spec.k)
	Location(128,13,128,18)
	128 |	    <stack> STACK:List </stack>
	    .	            ^~~~~
[Error] Prover: backend terminated because the configuration cannot be
rewritten further. See output for more details.
EXIT prove_unchanged_entry_against_mutated_body 1
rg: regex parse error:
    (?:iCons\\(33)
    ^
error: unclosed group
EXPECTED_MUTATED_EXCLAMATION_RESULT_NOT_VISIBLE

Script done on 2026-07-26 23:14:23-05:00 [COMMAND_EXIT_CODE="1"]
