Script started on 2026-07-28 01:50:44-05:00 [<not executed on terminal>]
{
  "adversarial_cases": [
    {
      "input": [],
      "prefix": "a",
      "purpose": "empty input",
      "result": []
    },
    {
      "input": [
        "",
        "a",
        "aa",
        "b"
      ],
      "prefix": "",
      "purpose": "empty prefix preserves every item",
      "result": [
        "",
        "a",
        "aa",
        "b"
      ]
    },
    {
      "input": [
        "a"
      ],
      "prefix": "aa",
      "purpose": "prefix longer than string",
      "result": []
    },
    {
      "input": [
        "aa",
        "x",
        "aa"
      ],
      "prefix": "a",
      "purpose": "duplicates and stable order",
      "result": [
        "aa",
        "aa"
      ]
    },
    {
      "input": [
        "\u0000a",
        "\u0000",
        "a"
      ],
      "prefix": "\u0000",
      "purpose": "embedded NUL",
      "result": [
        "\u0000a",
        "\u0000"
      ]
    },
    {
      "input": [
        "\ud83d\ude00a",
        "\ud83d\ude00",
        "a\ud83d\ude00"
      ],
      "prefix": "\ud83d\ude00",
      "purpose": "non-ASCII prefix",
      "result": [
        "\ud83d\ude00a",
        "\ud83d\ude00"
      ]
    }
  ],
  "counterfactual_mutations": {
    "constant_empty_rejected_by": {
      "correct": [
        "abc"
      ],
      "input": [
        "abc"
      ],
      "mutated": [],
      "prefix": "a"
    },
    "identity_rejected_by": {
      "correct": [
        "abc"
      ],
      "input": [
        "abc",
        "b"
      ],
      "mutated": [
        "abc",
        "b"
      ],
      "prefix": "a"
    },
    "prepend_rejected_by": {
      "correct": [
        "a",
        "aa"
      ],
      "input": [
        "a",
        "aa"
      ],
      "mutated": [
        "aa",
        "a"
      ],
      "prefix": "a"
    }
  },
  "finite_case_count": 112344,
  "mismatch_count": 0,
  "status": "PASS"
}

Script done on 2026-07-28 01:50:44-05:00 [COMMAND_EXIT_CODE="0"]
