WORKDIR: /tmp/audit-work/127-intersection/run
COMMAND: kprove spec-no-bridge.k --definition loop-fresh-kompiled --spec-module SPEC-NO-BRIDGE --depth 200 --output pretty
  #Not ( {
    0
  #Equals
    ( B -Int A ) %Int 2
  } )
#And
  #Not ( {
    0
  #Equals
    ( B -Int A ) %Int 3
  } )
#And
  <mpy>
    <k>
      intVal ( 4 ) ~> #freezerbinOp1_ ( "*" ~> .K , Name ( "divisor" ) ~> .K ) ~> #freezercompareValues(_,_,_)_MPY_Expr_String_Expr_Expr1_ ( "<=" ~> .K , Name ( "length" ) ~> .K ) ~> loopGuard ( Compare ( BinOp ( "*" , Name ( "divisor" ) , Name ( "divisor" ) ) , CmpOp ( "<=" , Name ( "length" ) ) ) , If ( Compare ( BinOp ( "%" , Name ( "length" ) , Name ( "divisor" ) ) , CmpOp ( "==" , Int ( 0 ) ) ) , Return ( Str ( "NO" ) )  .Stmts , .Stmts )  Assign ( Name ( "divisor" ) , BinOp ( "+" , Name ( "divisor" ) , Int ( 1 ) ) )  .Stmts ) ~> Return ( Str ( "YES" ) )  .Stmts ~> .K
    </k>
    <functions>
      "intersection" |-> function ( "interval1" , "interval2" , Assign ( Name ( "left" ) , Subscript ( Name ( "interval1" ) , Int ( 0 ) ) )  If ( Compare ( Subscript ( Name ( "interval2" ) , Int ( 0 ) ) , CmpOp ( ">" , Name ( "left" ) ) ) , Assign ( Name ( "left" ) , Subscript ( Name ( "interval2" ) , Int ( 0 ) ) )  .Stmts , .Stmts )  Assign ( Name ( "right" ) , Subscript ( Name ( "interval1" ) , Int ( 1 ) ) )  If ( Compare ( Subscript ( Name ( "interval2" ) , Int ( 1 ) ) , CmpOp ( "<" , Name ( "right" ) ) ) , Assign ( Name ( "right" ) , Subscript ( Name ( "interval2" ) , Int ( 1 ) ) )  .Stmts , .Stmts )  Assign ( Name ( "length" ) , BinOp ( "-" , Name ( "right" ) , Name ( "left" ) ) )  If ( Compare ( Name ( "length" ) , CmpOp ( "<" , Int ( 2 ) ) ) , Return ( Str ( "NO" ) )  .Stmts , .Stmts )  Assign ( Name ( "divisor" ) , Int ( 2 ) )  While ( Compare ( BinOp ( "*" , Name ( "divisor" ) , Name ( "divisor" ) ) , CmpOp ( "<=" , Name ( "length" ) ) ) , If ( Compare ( BinOp ( "%" , Name ( "length" ) , Name ( "divisor" ) ) , CmpOp ( "==" , Int ( 0 ) ) ) , Return ( Str ( "NO" ) )  .Stmts , .Stmts )  Assign ( Name ( "divisor" ) , BinOp ( "+" , Name ( "divisor" ) , Int ( 1 ) ) )  .Stmts )  Return ( Str ( "YES" ) )  .Stmts )
    </functions>
    <env>
      "divisor" |-> intVal ( 4 )
      "interval1" |-> tupleVal ( intVal ( A ) , intVal ( B ) )
      "interval2" |-> tupleVal ( intVal ( C ) , intVal ( D ) )
      "left" |-> intVal ( A )
      "length" |-> intVal ( B -Int A )
      "right" |-> intVal ( B )
    </env>
  </mpy>
#And
  {
    false
  #Equals
    B -Int A <Int 2
  }
#And
  {
    false
  #Equals
    C >Int A
  }
#And
  {
    false
  #Equals
    D <Int B
  }
#And
  {
    true
  #Equals
    4 <=Int B -Int A
  }
#And
  {
    true
  #Equals
    9 <=Int B -Int A
  }
#And
  {
    true
  #Equals
    A <=Int B
  }
#And
  {
    true
  #Equals
    C <=Int A
  }
#And
  {
    true
  #Equals
    C <=Int D
  }
#And
  {
    true
  #Equals
    D >=Int B
  }
[Error] Prover: backend terminated because the configuration cannot be
rewritten further. See output for more details.
EXIT_STATUS: 1
