AUDIT STAGE 4: ADEQUACY, WITNESSES, AND PROGRAM PINNING

$ cp /audit-output/evidence/04_ground_witnesses.k /tmp/audit-work/131-digits/04_ground_witnesses.k
[exit 0]

GROUND PROOF TARGET: loop-235-direct
$ timeout 300s kprove /tmp/audit-work/131-digits/04_ground_witnesses.k --definition /tmp/audit-work/131-digits/verification-fresh-kompiled --spec-module GROUND-WITNESSES --claims GROUND-WITNESSES.loop-235
#Top
[exit 0]
ground_proof_check=PASS target=loop-235-direct exit=0 output=#Top

GROUND PROOF TARGET: entry-235-direct
$ timeout 300s kprove /tmp/audit-work/131-digits/04_ground_witnesses.k --definition /tmp/audit-work/131-digits/verification-fresh-kompiled --spec-module GROUND-WITNESSES --claims GROUND-WITNESSES.entry-235
#Top
[exit 0]
ground_proof_check=PASS target=entry-235-direct exit=0 output=#Top

$ python3 /audit-output/evidence/03_python_case.py 235
input=235
canonical=15
generated_python=15
expected=15
[exit 0]

$ sed 0\,/n\ %\ 10/s//n\ %\ 11/ /tmp/audit-work/131-digits/solution.py > /tmp/audit-work/131-digits/solution.body-mutated.py
[exit 0]

$ python3 /reference/py2mpy.py /tmp/audit-work/131-digits/solution.body-mutated.py > /tmp/audit-work/131-digits/solution.body-mutated.mpy
[exit 0]

$ sed 1s/\^/CheckProgram\(SolutionProgram\,\ /\;\ \$s/\$/\)/ /tmp/audit-work/131-digits/solution.body-mutated.mpy > /tmp/audit-work/131-digits/inputs/check_solution_program_mutated.mpy
[exit 0]

$ krun /tmp/audit-work/131-digits/inputs/check_solution_program_mutated.mpy --definition /tmp/audit-work/131-digits/verification-fresh-kompiled --output pretty
<mpy>
  <k>
    CheckProgram ( Module ( FuncDef ( "digits" , Params ( "n" ) , Assign ( Name ( "result" ) , Int ( 0 ) )  While ( Compare ( Name ( "n" ) , CmpOp ( ">" , Int ( 0 ) ) ) , Assign ( Name ( "digit" ) , BinOp ( "%" , Name ( "n" ) , Int ( 10 ) ) )  If ( Compare ( BinOp ( "%" , Name ( "digit" ) , Int ( 2 ) ) , CmpOp ( "==" , Int ( 1 ) ) ) , If ( Compare ( Name ( "result" ) , CmpOp ( "==" , Int ( 0 ) ) ) , Assign ( Name ( "result" ) , Name ( "digit" ) )  .Stmts , Assign ( Name ( "result" ) , BinOp ( "*" , Name ( "result" ) , Name ( "digit" ) ) )  .Stmts )  .Stmts , .Stmts )  Assign ( Name ( "n" ) , BinOp ( "//" , Name ( "n" ) , Int ( 10 ) ) )  .Stmts )  Return ( Name ( "result" ) )  .Stmts )  .Stmts ) , Module ( FuncDef ( "digits" , Params ( "n" ) , Assign ( Name ( "result" ) , Int ( 0 ) )  While ( Compare ( Name ( "n" ) , CmpOp ( ">" , Int ( 0 ) ) ) , Assign ( Name ( "digit" ) , BinOp ( "%" , Name ( "n" ) , Int ( 11 ) ) )  If ( Compare ( BinOp ( "%" , Name ( "digit" ) , Int ( 2 ) ) , CmpOp ( "==" , Int ( 1 ) ) ) , If ( Compare ( Name ( "result" ) , CmpOp ( "==" , Int ( 0 ) ) ) , Assign ( Name ( "result" ) , Name ( "digit" ) )  .Stmts , Assign ( Name ( "result" ) , BinOp ( "*" , Name ( "result" ) , Name ( "digit" ) ) )  .Stmts )  .Stmts , .Stmts )  Assign ( Name ( "n" ) , BinOp ( "//" , Name ( "n" ) , Int ( 10 ) ) )  .Stmts )  Return ( Name ( "result" ) )  .Stmts )  .Stmts ) ) ~> .K
  </k>
  <n>
    0
  </n>
  <acc>
    0
  </acc>
  <digit>
    0
  </digit>
  <answer>
    .K
  </answer>
</mpy>
[exit 0]
program_body_sensitivity=PASS (mutation left structural check stuck)

$ python3 -c import\ importlib.util\,sys\;\ p=importlib.util.spec_from_file_location\(\"m\"\,sys.argv\[1\]\)\;\ m=importlib.util.module_from_spec\(p\)\;\ p.loader.exec_module\(m\)\;\ print\(m.digits\(235\)\) /tmp/audit-work/131-digits/solution.body-mutated.py
1
[exit 0]

stage4_failures=0
