COMMAND: /audit-output/evidence/source_listing.sh
WORKDIR: /audit-output
FILE: /tmp/audit-work/source/solution.py
     1	def is_simple_power(x, n):
     2	    if x == 1:
     3	        return True
     4	    if x < 1:
     5	        return False
     6	    if n < 2:
     7	        return False
     8	    power = n
     9	    while power < x:
    10	        power = power * n
    11	    return power == x
FILE: /tmp/audit-work/source/solution.mpy
     1	Module(
     2	  FuncDef("is_simple_power", Params("x", "n"),
     3	    If(Compare(Name("x"), CmpOp("==", Int(1))),
     4	      Return(Bool(true)),
     5	      )
     6	    If(Compare(Name("x"), CmpOp("<", Int(1))),
     7	      Return(Bool(false)),
     8	      )
     9	    If(Compare(Name("n"), CmpOp("<", Int(2))),
    10	      Return(Bool(false)),
    11	      )
    12	    Assign(Name("power"), Name("n"))
    13	    While(Compare(Name("power"), CmpOp("<", Name("x"))),
    14	      Assign(Name("power"), BinOp("*", Name("power"), Name("n"))))
    15	    Return(Compare(Name("power"), CmpOp("==", Name("x"))))))
FILE: /tmp/audit-work/source/semantic.k
     1	module MPY-SYNTAX
     2	  imports INT-SYNTAX
     3	  imports BOOL-SYNTAX
     4	  imports STRING-SYNTAX
     5	
     6	  syntax Program ::= "Module" "(" Stmts ")"
     7	
     8	  syntax Stmts ::= List{Stmt, ""}
     9	  syntax Ids   ::= List{String, ","}
    10	
    11	  syntax Stmt ::= "FuncDef" "(" String "," "Params" "(" Ids ")" "," Stmts ")"
    12	                | "If" "(" Exp "," Stmts "," Stmts ")"
    13	                | "While" "(" Exp "," Stmts ")"
    14	                | "Assign" "(" Exp "," Exp ")"
    15	                | "Return" "(" Exp ")"
    16	
    17	  syntax Exp ::= "Int" "(" Int ")"
    18	               | "Bool" "(" Bool ")"
    19	               | "Name" "(" String ")"
    20	               | "BinOp" "(" String "," Exp "," Exp ")"
    21	               | "Compare" "(" Exp "," CmpOp ")"
    22	
    23	  syntax CmpOp ::= "CmpOp" "(" String "," Exp ")"
    24	endmodule
    25	
    26	module SEMANTIC
    27	  imports MPY-SYNTAX
    28	  imports INT
    29	  imports BOOL
    30	  imports MAP
    31	
    32	  syntax Value ::= Int | Bool
    33	  syntax Result ::= "noResult" | Value
    34	
    35	  configuration
    36	    <mpy>
    37	      <k> $PGM:Program </k>
    38	      <env> .Map </env>
    39	      <result> noResult </result>
    40	      <x> $X:Int </x>
    41	      <n> $N:Int </n>
    42	    </mpy>
    43	
    44	  syntax KItem ::= "exec" "(" Stmts ")"
    45	                 | "eval" "(" Exp ")"
    46	                 | "choose" "(" Stmts "," Stmts ")"
    47	                 | "loop" "(" Exp "," Stmts ")"
    48	                 | "assignTo" "(" String ")"
    49	                 | "returnValue"
    50	                 | "binRight" "(" String "," Exp ")"
    51	                 | "binApply" "(" String "," Value ")"
    52	                 | "cmpRight" "(" String "," Exp ")"
    53	                 | "cmpApply" "(" String "," Value ")"
    54	
    55	  rule <k> Module(FuncDef("is_simple_power", Params("x", "n"), BODY))
    56	        => exec(BODY) </k>
    57	       <env> .Map => ("x" |-> X) ("n" |-> N) </env>
    58	       <x> X </x>
    59	       <n> N </n>
    60	
    61	  rule <k> exec(.Stmts) => .K ... </k>
    62	  rule <k> exec(S SS) => S ~> exec(SS) ... </k>
    63	
    64	  rule <k> If(E, THEN, ELSE) => eval(E) ~> choose(THEN, ELSE) ... </k>
    65	  rule <k> true  ~> choose(THEN, _) => exec(THEN) ... </k>
    66	  rule <k> false ~> choose(_, ELSE) => exec(ELSE) ... </k>
    67	
    68	  rule <k> While(E, BODY) => eval(E) ~> loop(E, BODY) ... </k>
    69	  rule <k> true  ~> loop(E, BODY) => exec(BODY) ~> While(E, BODY) ... </k>
    70	  rule <k> false ~> loop(_, _) => .K ... </k>
    71	
    72	  rule <k> Assign(Name(NAME), E) => eval(E) ~> assignTo(NAME) ... </k>
    73	  rule <k> V:Value ~> assignTo(NAME) => .K ... </k>
    74	       <env> RHO => RHO [ NAME <- V ] </env>
    75	
    76	  rule <k> Return(E) => eval(E) ~> returnValue ... </k>
    77	  rule <k> V:Value ~> returnValue ~> _REST:K => .K </k>
    78	       <result> noResult => V </result>
    79	
    80	  rule <k> eval(Int(I)) => I ... </k>
    81	  rule <k> eval(Bool(B)) => B ... </k>
    82	  rule <k> eval(Name(NAME)) => V ... </k>
    83	       <env> ... NAME |-> V:Value ... </env>
    84	
    85	  rule <k> eval(BinOp(OP, LEFT, RIGHT))
    86	        => eval(LEFT) ~> binRight(OP, RIGHT) ... </k>
    87	  rule <k> LEFT:Value ~> binRight(OP, RIGHT)
    88	        => eval(RIGHT) ~> binApply(OP, LEFT) ... </k>
    89	  rule <k> RIGHT:Int ~> binApply("*", LEFT:Int)
    90	        => LEFT *Int RIGHT ... </k>
    91	
    92	  rule <k> eval(Compare(LEFT, CmpOp(OP, RIGHT)))
    93	        => eval(LEFT) ~> cmpRight(OP, RIGHT) ... </k>
    94	  rule <k> LEFT:Value ~> cmpRight(OP, RIGHT)
    95	        => eval(RIGHT) ~> cmpApply(OP, LEFT) ... </k>
    96	  rule <k> RIGHT:Int ~> cmpApply("==", LEFT:Int)
    97	        => LEFT ==Int RIGHT ... </k>
    98	  rule <k> RIGHT:Int ~> cmpApply("<", LEFT:Int)
    99	        => LEFT <Int RIGHT ... </k>
   100	endmodule
FILE: /tmp/audit-work/source/verification.k
     1	requires "semantic.k"
     2	
     3	module VERIFICATION
     4	  imports SEMANTIC
     5	
     6	  // A named copy of the exact constructor tree emitted in solution.mpy.
     7	  // Keeping it here lets the path-partition claims share one source term.
     8	  syntax Program ::= "solutionProgram" [function, total]
     9	  rule solutionProgram
    10	    => Module(
    11	         FuncDef("is_simple_power", Params("x", "n"),
    12	           If(Compare(Name("x"), CmpOp("==", Int(1))),
    13	             Return(Bool(true)),
    14	             .Stmts)
    15	           If(Compare(Name("x"), CmpOp("<", Int(1))),
    16	             Return(Bool(false)),
    17	             .Stmts)
    18	           If(Compare(Name("n"), CmpOp("<", Int(2))),
    19	             Return(Bool(false)),
    20	             .Stmts)
    21	           Assign(Name("power"), Name("n"))
    22	           While(Compare(Name("power"), CmpOp("<", Name("x"))),
    23	             Assign(Name("power"), BinOp("*", Name("power"), Name("n"))))
    24	           Return(Compare(Name("power"), CmpOp("==", Name("x"))))))
    25	
    26	  // For P > 0 and N >= 2, this is the first member of
    27	  // P, P*N, P*N*N, ... that is greater than or equal to X.
    28	  syntax Int ::= powerCeiling(Int, Int, Int) [function, total]
    29	  rule powerCeiling(P, X, N) => powerCeiling(P *Int N, X, N)
    30	    requires P <Int X
    31	  rule powerCeiling(P, X, _N) => P
    32	    requires X <=Int P
    33	
    34	  // The contract over integers.  The exponent may be zero, so 1 is a
    35	  // simple power of every base.  Nontrivial powers use bases at least 2.
    36	  syntax Bool ::= simplePowerSpec(Int, Int) [function, total]
    37	  rule simplePowerSpec(X, N)
    38	    => (X ==Int 1)
    39	       orBool (1 <Int X
    40	               andBool 2 <=Int N
    41	               andBool powerCeiling(N, X, N) ==Int X)
    42	
    43	endmodule
FILE: /tmp/audit-work/source/spec.k
     1	requires "verification.k"
     2	
     3	module SPEC
     4	  imports VERIFICATION
     5	
     6	  // This is the literal tree in solution.mpy; the claim checks that the
     7	  // shared proof abbreviation expands to exactly that emitted program.
     8	  claim [emitted-tree-is-shared-tree]:
     9	    <k>
    10	      Module(
    11	        FuncDef("is_simple_power", Params("x", "n"),
    12	          If(Compare(Name("x"), CmpOp("==", Int(1))),
    13	            Return(Bool(true)),
    14	            .Stmts)
    15	          If(Compare(Name("x"), CmpOp("<", Int(1))),
    16	            Return(Bool(false)),
    17	            .Stmts)
    18	          If(Compare(Name("n"), CmpOp("<", Int(2))),
    19	            Return(Bool(false)),
    20	            .Stmts)
    21	          Assign(Name("power"), Name("n"))
    22	          While(Compare(Name("power"), CmpOp("<", Name("x"))),
    23	            Assign(Name("power"), BinOp("*", Name("power"), Name("n"))))
    24	          Return(Compare(Name("power"), CmpOp("==", Name("x"))))))
    25	      => solutionProgram
    26	    </k>
    27	    <env> .Map </env>
    28	    <result> noResult </result>
    29	    <x> _X </x>
    30	    <n> _N </n>
    31	
    32	  // These four path claims partition all integer inputs.  The final active
    33	  // path reaches the source configuration of loop-correct with P = N.
    34	  claim [returns-on-one]:
    35	    <k> solutionProgram => .K </k>
    36	    <env> .Map => ("x" |-> 1) ("n" |-> N) </env>
    37	    <result> noResult => simplePowerSpec(1, N) </result>
    38	    <x> 1 </x>
    39	    <n> N </n>
    40	
    41	  claim [rejects-below-one]:
    42	    <k> solutionProgram => .K </k>
    43	    <env> .Map => ("x" |-> X) ("n" |-> N) </env>
    44	    <result> noResult => simplePowerSpec(X, N) </result>
    45	    <x> X </x>
    46	    <n> N </n>
    47	    requires X <Int 1
    48	
    49	  claim [rejects-small-base]:
    50	    <k> solutionProgram => .K </k>
    51	    <env> .Map => ("x" |-> X) ("n" |-> N) </env>
    52	    <result> noResult => simplePowerSpec(X, N) </result>
    53	    <x> X </x>
    54	    <n> N </n>
    55	    requires 1 <Int X andBool N <Int 2
    56	
    57	  claim [active-path-enters-loop]:
    58	    <k>
    59	      solutionProgram
    60	      => While(Compare(Name("power"), CmpOp("<", Name("x"))),
    61	           Assign(Name("power"), BinOp("*", Name("power"), Name("n"))))
    62	         ~> exec(Return(Compare(Name("power"), CmpOp("==", Name("x")))))
    63	    </k>
    64	    <env>
    65	      .Map => ("x" |-> X) ("n" |-> N) ("power" |-> N)
    66	    </env>
    67	    <result> noResult </result>
    68	    <x> X </x>
    69	    <n> N </n>
    70	    requires 1 <Int X andBool 2 <=Int N
    71	
    72	  claim [loop-correct]:
    73	    <k>
    74	      While(Compare(Name("power"), CmpOp("<", Name("x"))),
    75	        Assign(Name("power"), BinOp("*", Name("power"), Name("n"))))
    76	      ~> exec(Return(Compare(Name("power"), CmpOp("==", Name("x")))))
    77	      => .K
    78	    </k>
    79	    <env>
    80	      ("x" |-> X) ("n" |-> N) ("power" |-> P)
    81	      => ("x" |-> X) ("n" |-> N)
    82	         ("power" |-> powerCeiling(P, X, N))
    83	    </env>
    84	    <result> noResult => powerCeiling(P, X, N) ==Int X </result>
    85	    <x> X </x>
    86	    <n> N </n>
    87	    requires 1 <Int X andBool 2 <=Int N andBool 0 <Int P
    88	
    89	endmodule
FILE: /tmp/audit-work/source/spec-vacuity.k
     1	requires "verification.k"
     2	
     3	module SPEC-VACUITY
     4	  imports VERIFICATION
     5	
     6	  // Deliberately false: for x = 1, the real generated program returns true.
     7	  // The precondition is satisfiable, for example by X=1, N=4.
     8	  claim [false-return-on-one]:
     9	    <k> solutionProgram => .K </k>
    10	    <env> .Map => ("x" |-> 1) ("n" |-> N) </env>
    11	    <result> noResult => false </result>
    12	    <x> 1 </x>
    13	    <n> N </n>
    14	
    15	endmodule
FILE: /tmp/audit-work/source/spec-body-sensitivity.k
     1	requires "verification.k"
     2	
     3	module SPEC-BODY-SENSITIVITY
     4	  imports VERIFICATION
     5	
     6	  // Deliberately mutate the real loop multiplier from n to the integer 3.
     7	  // This keeps every mutated construct inside the modeled language.
     8	  // The original active-path target must no longer be reachable.
     9	  claim [mutated-body-does-not-reach-original-loop]:
    10	    <k>
    11	      Module(
    12	        FuncDef("is_simple_power", Params("x", "n"),
    13	          If(Compare(Name("x"), CmpOp("==", Int(1))),
    14	            Return(Bool(true)),
    15	            .Stmts)
    16	          If(Compare(Name("x"), CmpOp("<", Int(1))),
    17	            Return(Bool(false)),
    18	            .Stmts)
    19	          If(Compare(Name("n"), CmpOp("<", Int(2))),
    20	            Return(Bool(false)),
    21	            .Stmts)
    22	          Assign(Name("power"), Name("n"))
    23	          While(Compare(Name("power"), CmpOp("<", Name("x"))),
    24	            Assign(Name("power"), BinOp("*", Name("power"), Int(3))))
    25	          Return(Compare(Name("power"), CmpOp("==", Name("x"))))))
    26	      => While(Compare(Name("power"), CmpOp("<", Name("x"))),
    27	           Assign(Name("power"), BinOp("*", Name("power"), Name("n"))))
    28	         ~> exec(Return(Compare(Name("power"), CmpOp("==", Name("x")))))
    29	    </k>
    30	    <env> .Map => ("x" |-> 8) ("n" |-> 2) ("power" |-> 2) </env>
    31	    <result> noResult </result>
    32	    <x> 8 </x>
    33	    <n> 2 </n>
    34	
    35	endmodule
EXIT_STATUS: 0
