COMMAND: kprove spec-vacuity.k --definition verification-kompiled --spec-module SPEC-VACUITY --dry-run
CWD: /tmp/audit-work/115-max-fill-audit
RESULT_KIND: completed
EXIT_STATUS: 0
OUTPUT_BEGIN
kore-exec /tmp/audit-work/115-max-fill-audit/./verification-kompiled/definition.kore --module MAX-FILL-VERIFICATION --prove /tmp/.kprove-2026-07-26-20-44-56-691-2136cd0f-df1b-480e-8648-469731e34135/spec.kore --spec-module SPEC-VACUITY --output /tmp/.kprove-2026-07-26-20-44-56-691-2136cd0f-df1b-480e-8648-469731e34135/result.kore
[Warning] Compiler: Variable 'As' defined but not used. Prefix variable name
with underscore if this is intentional.
	Source(/tmp/audit-work/115-max-fill-audit/reference-semantics/semantics/str.k)
	Location(52,27,52,29)
	52 |	  rule strLt(iCons(A:Int, As:IntSeq), iCons(B:Int, Bs:IntSeq)) => true   
      requires A  <Int B
	   .	                          ^~
[Warning] Compiler: Variable 'Bs' defined but not used. Prefix variable name
with underscore if this is intentional.
	Source(/tmp/audit-work/115-max-fill-audit/reference-semantics/semantics/str.k)
	Location(52,52,52,54)
	52 |	  rule strLt(iCons(A:Int, As:IntSeq), iCons(B:Int, Bs:IntSeq)) => true   
      requires A  <Int B
	   .	                                                   ^~
[Warning] Compiler: Variable 'As' defined but not used. Prefix variable name
with underscore if this is intentional.
	Source(/tmp/audit-work/115-max-fill-audit/reference-semantics/semantics/str.k)
	Location(53,27,53,29)
	53 |	  rule strLt(iCons(A:Int, As:IntSeq), iCons(B:Int, Bs:IntSeq)) => false  
      requires A  >Int B
	   .	                          ^~
[Warning] Compiler: Variable 'Bs' defined but not used. Prefix variable name
with underscore if this is intentional.
	Source(/tmp/audit-work/115-max-fill-audit/reference-semantics/semantics/str.k)
	Location(53,52,53,54)
	53 |	  rule strLt(iCons(A:Int, As:IntSeq), iCons(B:Int, Bs:IntSeq)) => false  
      requires A  >Int B
	   .	                                                   ^~
[Warning] Compiler: Variable '?FINALSCOPES' defined but not used. Prefix
variable name with underscore if this is intentional.
	Source(/tmp/audit-work/115-max-fill-audit/spec-vacuity.k)
	Location(55,7,55,19)
	55 |	      ?FINALSCOPES:Map
	   .	      ^~~~~~~~~~~~
OUTPUT_END
