+ python3 /audit-output/evidence/stage5/check_candidate_integrity.py
{
  "all_checks_ok": true,
  "all_parameters_have_one_candidate_definition": true,
  "candidate_does_not_shadow_target": true,
  "candidate_target_declaration_count": 0,
  "final_declaration_count": 1,
  "final_is_exact_fixed_statement": true,
  "final_statement": "Klean94Skjkasdkd.Lemmas.targetStatement «_-Int_» _andBool_ «_>Int_» «_>=Int_» «_<Int_» «_<=Int_» «_==Int_» «_=/=Int_» «_%Int_» «_+Int_» «_/Int_» «applyBin(_,_,_)_MPY-CORE_Val_String_Val_Val» «applyCmp(_,_,_)_MPY-CORE_Bool_String_Val_Val» «definedProjectInt(_)_VERIFICATION_Bool_Val» «digitSum(_)_VERIFICATION_Int_Int» isInt «primeTail(_,_)_VERIFICATION_Bool_Int_Int» «project:Int» projectIntTotal «pyMod(_,_)_MPY-INT_Int_Int_Int» «project:Int?»",
  "fixed_statement": "Klean94Skjkasdkd.Lemmas.targetStatement «_-Int_» _andBool_ «_>Int_» «_>=Int_» «_<Int_» «_<=Int_» «_==Int_» «_=/=Int_» «_%Int_» «_+Int_» «_/Int_» «applyBin(_,_,_)_MPY-CORE_Val_String_Val_Val» «applyCmp(_,_,_)_MPY-CORE_Bool_String_Val_Val» «definedProjectInt(_)_VERIFICATION_Bool_Val» «digitSum(_)_VERIFICATION_Int_Int» isInt «primeTail(_,_)_VERIFICATION_Bool_Int_Int» «project:Int» projectIntTotal «pyMod(_,_)_MPY-INT_Int_Int_Int» «project:Int?»",
  "forbidden_tokens": [],
  "forbidden_tokens_absent": true,
  "fresh_Base_exact": true,
  "fresh_Base_hash": "d39652423da4b22eeaa43a473205673f746e535ba4d94082c472acd874151e0e",
  "generated_hash": "d39652423da4b22eeaa43a473205673f746e535ba4d94082c472acd874151e0e",
  "generated_target_definition_hash_expected": "59d9bcf3f62a054d1f933d400dbfa78e5797720737511640b2dd0f953d4837db",
  "generated_target_definition_hash_ok": true,
  "generated_target_definition_sha256": "59d9bcf3f62a054d1f933d400dbfa78e5797720737511640b2dd0f953d4837db",
  "mounted_workspace_hash": "6a65652395d1fc1655ca2a7353df9447e7cb7c8ea3068a4fcd726e174d7f9fd7",
  "mounted_workspace_hash_expected": "6a65652395d1fc1655ca2a7353df9447e7cb7c8ea3068a4fcd726e174d7f9fd7",
  "mounted_workspace_hash_ok": true,
  "parameter_definition_checks": [
    {
      "definition_count": 1,
      "exactly_one_definition": true,
      "kore_symbol": "Lbl'Unds'-Int'Unds'",
      "name": "«_-Int_»",
      "source_rule_ids": [
        "rule-ea9bd944c022c45e91082fb836fb1130b2cd059d0798ab09baa25e9067fe1c06",
        "rule-8b14fdbabbebf92572ac3c9cc4db1a74e817b9134daf88acb375104ce54f4c51",
        "rule-19a4e23f1d39aa90f74d31468e8e2c52b5780ea7f27054931e8584b720b2bc0a",
        "rule-4e535e9503b7ea5138b6ee785a3c03b7668867ee0f420c22b82e5ec29594b231"
      ]
    },
    {
      "definition_count": 1,
      "exactly_one_definition": true,
      "kore_symbol": "Lbl'Unds'andBool'Unds'",
      "name": "_andBool_",
      "source_rule_ids": [
        "rule-ca4e141078b38af84d1adcf7e28052e43ee8b187d3f9e30e56caaee0e604ec91",
        "rule-ea9bd944c022c45e91082fb836fb1130b2cd059d0798ab09baa25e9067fe1c06"
      ]
    },
    {
      "definition_count": 1,
      "exactly_one_definition": true,
      "kore_symbol": "Lbl'Unds-GT-'Int'Unds'",
      "name": "«_>Int_»",
      "source_rule_ids": [
        "rule-835c8361eaef00ebfc5566f8c0006f3fcda1381710a9abd174ceefbad2243388",
        "rule-ea9bd944c022c45e91082fb836fb1130b2cd059d0798ab09baa25e9067fe1c06",
        "rule-8b14fdbabbebf92572ac3c9cc4db1a74e817b9134daf88acb375104ce54f4c51",
        "rule-19a4e23f1d39aa90f74d31468e8e2c52b5780ea7f27054931e8584b720b2bc0a",
        "rule-4e535e9503b7ea5138b6ee785a3c03b7668867ee0f420c22b82e5ec29594b231"
      ]
    },
    {
      "definition_count": 1,
      "exactly_one_definition": true,
      "kore_symbol": "Lbl'Unds-GT-Eqls'Int'Unds'",
      "name": "«_>=Int_»",
      "source_rule_ids": [
        "rule-8ca093b3087d53245e9e69725c16dd38aedaf276503c27b46e0be906c3caa3c4",
        "rule-ca4e141078b38af84d1adcf7e28052e43ee8b187d3f9e30e56caaee0e604ec91"
      ]
    },
    {
      "definition_count": 1,
      "exactly_one_definition": true,
      "kore_symbol": "Lbl'Unds-LT-'Int'Unds'",
      "name": "«_<Int_»",
      "source_rule_ids": [
        "rule-4175c4aa98cddee27ede99babdafc67baf74a0b86e62935384b5f7edb34d2914",
        "rule-ca4e141078b38af84d1adcf7e28052e43ee8b187d3f9e30e56caaee0e604ec91"
      ]
    },
    {
      "definition_count": 1,
      "exactly_one_definition": true,
      "kore_symbol": "Lbl'Unds-LT-Eqls'Int'Unds'",
      "name": "«_<=Int_»",
      "source_rule_ids": [
        "rule-ea9bd944c022c45e91082fb836fb1130b2cd059d0798ab09baa25e9067fe1c06"
      ]
    },
    {
      "definition_count": 1,
      "exactly_one_definition": true,
      "kore_symbol": "Lbl'UndsEqlsEqls'Int'Unds'",
      "name": "«_==Int_»",
      "source_rule_ids": [
        "rule-ca4e141078b38af84d1adcf7e28052e43ee8b187d3f9e30e56caaee0e604ec91"
      ]
    },
    {
      "definition_count": 1,
      "exactly_one_definition": true,
      "kore_symbol": "Lbl'UndsEqlsSlshEqls'Int'Unds'",
      "name": "«_=/=Int_»",
      "source_rule_ids": [
        "rule-ea9bd944c022c45e91082fb836fb1130b2cd059d0798ab09baa25e9067fe1c06"
      ]
    },
    {
      "definition_count": 1,
      "exactly_one_definition": true,
      "kore_symbol": "Lbl'UndsPerc'Int'Unds'",
      "name": "«_%Int_»",
      "source_rule_ids": [
        "rule-19a4e23f1d39aa90f74d31468e8e2c52b5780ea7f27054931e8584b720b2bc0a",
        "rule-4e535e9503b7ea5138b6ee785a3c03b7668867ee0f420c22b82e5ec29594b231"
      ]
    },
    {
      "definition_count": 1,
      "exactly_one_definition": true,
      "kore_symbol": "Lbl'UndsPlus'Int'Unds'",
      "name": "«_+Int_»",
      "source_rule_ids": [
        "rule-00073d0ac825d52fc0b1b4501a73dd6bceabdcb61a3f09abaad5a18381411c17",
        "rule-8b14fdbabbebf92572ac3c9cc4db1a74e817b9134daf88acb375104ce54f4c51",
        "rule-19a4e23f1d39aa90f74d31468e8e2c52b5780ea7f27054931e8584b720b2bc0a",
        "rule-4e535e9503b7ea5138b6ee785a3c03b7668867ee0f420c22b82e5ec29594b231"
      ]
    },
    {
      "definition_count": 1,
      "exactly_one_definition": true,
      "kore_symbol": "Lbl'UndsSlsh'Int'Unds'",
      "name": "«_/Int_»",
      "source_rule_ids": [
        "rule-8b14fdbabbebf92572ac3c9cc4db1a74e817b9134daf88acb375104ce54f4c51",
        "rule-19a4e23f1d39aa90f74d31468e8e2c52b5780ea7f27054931e8584b720b2bc0a",
        "rule-4e535e9503b7ea5138b6ee785a3c03b7668867ee0f420c22b82e5ec29594b231"
      ]
    },
    {
      "definition_count": 1,
      "exactly_one_definition": true,
      "kore_symbol": "LblapplyBin'LParUndsCommUndsCommUndsRParUnds'MPY-CORE'Unds'Val'Unds'String'Unds'Val'Unds'Val",
      "name": "«applyBin(_,_,_)_MPY-CORE_Val_String_Val_Val»",
      "source_rule_ids": [
        "rule-2dd919bc012c069b3c8fffc3cbdb9c9070068f0c8eca42acdc492a3b3db5315a",
        "rule-00073d0ac825d52fc0b1b4501a73dd6bceabdcb61a3f09abaad5a18381411c17"
      ]
    },
    {
      "definition_count": 1,
      "exactly_one_definition": true,
      "kore_symbol": "LblapplyCmp'LParUndsCommUndsCommUndsRParUnds'MPY-CORE'Unds'Bool'Unds'String'Unds'Val'Unds'Val",
      "name": "«applyCmp(_,_,_)_MPY-CORE_Bool_String_Val_Val»",
      "source_rule_ids": [
        "rule-835c8361eaef00ebfc5566f8c0006f3fcda1381710a9abd174ceefbad2243388",
        "rule-8ca093b3087d53245e9e69725c16dd38aedaf276503c27b46e0be906c3caa3c4",
        "rule-4175c4aa98cddee27ede99babdafc67baf74a0b86e62935384b5f7edb34d2914"
      ]
    },
    {
      "definition_count": 1,
      "exactly_one_definition": true,
      "kore_symbol": "LbldefinedProjectInt'LParUndsRParUnds'VERIFICATION'Unds'Bool'Unds'Val",
      "name": "«definedProjectInt(_)_VERIFICATION_Bool_Val»",
      "source_rule_ids": [
        "rule-0312858a8718cb93d212cdb7b679a2875534dc14191dff8edf7bccf9a96d8b43",
        "rule-22fa1e67d4a05b75b5a578312159b0a4e049b756806628df2540b007f43bcb5d"
      ]
    },
    {
      "definition_count": 1,
      "exactly_one_definition": true,
      "kore_symbol": "LbldigitSum'LParUndsRParUnds'VERIFICATION'Unds'Int'Unds'Int",
      "name": "«digitSum(_)_VERIFICATION_Int_Int»",
      "source_rule_ids": [
        "rule-8b14fdbabbebf92572ac3c9cc4db1a74e817b9134daf88acb375104ce54f4c51",
        "rule-19a4e23f1d39aa90f74d31468e8e2c52b5780ea7f27054931e8584b720b2bc0a",
        "rule-4e535e9503b7ea5138b6ee785a3c03b7668867ee0f420c22b82e5ec29594b231"
      ]
    },
    {
      "definition_count": 1,
      "exactly_one_definition": true,
      "kore_symbol": "LblisInt",
      "name": "isInt",
      "source_rule_ids": [
        "rule-835c8361eaef00ebfc5566f8c0006f3fcda1381710a9abd174ceefbad2243388",
        "rule-8ca093b3087d53245e9e69725c16dd38aedaf276503c27b46e0be906c3caa3c4",
        "rule-4175c4aa98cddee27ede99babdafc67baf74a0b86e62935384b5f7edb34d2914",
        "rule-2dd919bc012c069b3c8fffc3cbdb9c9070068f0c8eca42acdc492a3b3db5315a",
        "rule-00073d0ac825d52fc0b1b4501a73dd6bceabdcb61a3f09abaad5a18381411c17"
      ]
    },
    {
      "definition_count": 1,
      "exactly_one_definition": true,
      "kore_symbol": "LblprimeTail'LParUndsCommUndsRParUnds'VERIFICATION'Unds'Bool'Unds'Int'Unds'Int",
      "name": "«primeTail(_,_)_VERIFICATION_Bool_Int_Int»",
      "source_rule_ids": [
        "rule-ca4e141078b38af84d1adcf7e28052e43ee8b187d3f9e30e56caaee0e604ec91",
        "rule-ea9bd944c022c45e91082fb836fb1130b2cd059d0798ab09baa25e9067fe1c06"
      ]
    },
    {
      "definition_count": 1,
      "exactly_one_definition": true,
      "kore_symbol": "Lblproject'Coln'Int",
      "name": "«project:Int»",
      "source_rule_ids": [
        "rule-22fa1e67d4a05b75b5a578312159b0a4e049b756806628df2540b007f43bcb5d"
      ]
    },
    {
      "definition_count": 1,
      "exactly_one_definition": true,
      "kore_symbol": "LblprojectIntTotal",
      "name": "projectIntTotal",
      "source_rule_ids": [
        "rule-22fa1e67d4a05b75b5a578312159b0a4e049b756806628df2540b007f43bcb5d",
        "rule-9e1486b6d25b62bd0949213fd58d7aac97ed89cc3e87b8c5063f915d1d6b7081",
        "rule-835c8361eaef00ebfc5566f8c0006f3fcda1381710a9abd174ceefbad2243388",
        "rule-8ca093b3087d53245e9e69725c16dd38aedaf276503c27b46e0be906c3caa3c4",
        "rule-4175c4aa98cddee27ede99babdafc67baf74a0b86e62935384b5f7edb34d2914",
        "rule-2dd919bc012c069b3c8fffc3cbdb9c9070068f0c8eca42acdc492a3b3db5315a",
        "rule-00073d0ac825d52fc0b1b4501a73dd6bceabdcb61a3f09abaad5a18381411c17"
      ]
    },
    {
      "definition_count": 1,
      "exactly_one_definition": true,
      "kore_symbol": "LblpyMod'LParUndsCommUndsRParUnds'MPY-INT'Unds'Int'Unds'Int'Unds'Int",
      "name": "«pyMod(_,_)_MPY-INT_Int_Int_Int»",
      "source_rule_ids": [
        "rule-2dd919bc012c069b3c8fffc3cbdb9c9070068f0c8eca42acdc492a3b3db5315a",
        "rule-ca4e141078b38af84d1adcf7e28052e43ee8b187d3f9e30e56caaee0e604ec91",
        "rule-ea9bd944c022c45e91082fb836fb1130b2cd059d0798ab09baa25e9067fe1c06",
        "rule-8b14fdbabbebf92572ac3c9cc4db1a74e817b9134daf88acb375104ce54f4c51"
      ]
    },
    {
      "definition_count": 1,
      "exactly_one_definition": true,
      "kore_symbol": "Lblproject'Coln'Int",
      "name": "«project:Int?»",
      "source_rule_ids": [
        "rule-0312858a8718cb93d212cdb7b679a2875534dc14191dff8edf7bccf9a96d8b43"
      ]
    }
  ],
  "target_manifest_equals_audit_input": true
}
