+ env LD_LIBRARY_PATH=/tmp/audit-work/lean-fixed:/opt/elan/toolchains/leanprover--lean4---v4.22.0/lib/lean lake build
⚠ [6/9] Replayed Klean94Skjkasdkd.Lemmas
warning: Klean94Skjkasdkd/Lemmas.lean:33:24: unused variable `h`

Note: This linter can be disabled with `set_option linter.unusedVariables false`
warning: Klean94Skjkasdkd/Lemmas.lean:35:38: unused variable `h`

Note: This linter can be disabled with `set_option linter.unusedVariables false`
warning: Klean94Skjkasdkd/Lemmas.lean:36:38: unused variable `h`

Note: This linter can be disabled with `set_option linter.unusedVariables false`
warning: Klean94Skjkasdkd/Lemmas.lean:37:38: unused variable `h`

Note: This linter can be disabled with `set_option linter.unusedVariables false`
warning: Klean94Skjkasdkd/Lemmas.lean:38:38: unused variable `h`

Note: This linter can be disabled with `set_option linter.unusedVariables false`
warning: Klean94Skjkasdkd/Lemmas.lean:39:38: unused variable `h`

Note: This linter can be disabled with `set_option linter.unusedVariables false`
warning: Klean94Skjkasdkd/Lemmas.lean:40:38: unused variable `h`

Note: This linter can be disabled with `set_option linter.unusedVariables false`
warning: Klean94Skjkasdkd/Lemmas.lean:41:38: unused variable `h`

Note: This linter can be disabled with `set_option linter.unusedVariables false`
warning: Klean94Skjkasdkd/Lemmas.lean:42:24: unused variable `h`

Note: This linter can be disabled with `set_option linter.unusedVariables false`
warning: Klean94Skjkasdkd/Lemmas.lean:43:24: unused variable `h`

Note: This linter can be disabled with `set_option linter.unusedVariables false`
warning: Klean94Skjkasdkd/Lemmas.lean:44:38: unused variable `h`

Note: This linter can be disabled with `set_option linter.unusedVariables false`
✔ [7/9] Built Proof.Operational
Build completed successfully.
