PWD: /tmp/audit-work/reconstruction
COMMAND: krun solution.mpy --definition audit-semantic-llvm-kompiled -cINPUT=nil -cTHRESHOLD=-100
EXIT_STATUS: 0
OUTPUT_LINES: 26
OUTPUT_BYTES: 552
--- OUTPUT (bounded) ---
<bt>
  <k>
    .K
  </k>
  <program>
    Module ( FuncDef ( "below_threshold" , Params ( "l" , "t" , .ParamItems ) , For ( Name ( "x" ) , Name ( "l" ) , If ( Compare ( Name ( "x" ) , CmpOp ( ">=" , Name ( "t" ) ) ) , Return ( Bool ( false ) )  .Stmts , .Stmts )  .Stmts )  Return ( Bool ( true ) )  .Stmts )  .Stmts )
  </program>
  <input>
    nil
  </input>
  <threshold>
    -100
  </threshold>
  <l>
    slot ( VList ( nil ) )
  </l>
  <t>
    slot ( VInt ( -100 ) )
  </t>
  <x>
    unbound
  </x>
  <result>
    result ( true )
  </result>
</bt>
