WORKDIR: /tmp/audit-work/audit19
COMMAND: timeout 300 kprove split-ground-spec.k --definition nobridge-kompiled --spec-module SPLIT-GROUND-SPEC
kore-exec: [1171223] Warning (WarnStuckClaimState):
    The configuration's term unifies with the destination's term, but the implication check between the conditions has failed. Location: /tmp/audit-work/audit19/split-ground-spec.k:7:5-8:35
Context:
    (InfoReachability) while checking the implication
  #Ceil ( splitWS ( encodedWords ( .NumWords ) , .IntSeq , .ValSeq ) )
#And
  #Not ( {
    .ValSeq
  #Equals
    splitWS ( encodedWords ( .NumWords ) , .IntSeq , .ValSeq )
  } )
#And
  <generatedTop>
    <k>
      splitWS ( encodedWords ( .NumWords ) , .IntSeq , .ValSeq ) ~> .K
    </k>
    <env>
      _Gen10
    </env>
    <scopes>
      _Gen11
    </scopes>
    <scopeLoc>
      _Gen12
    </scopeLoc>
    <heap>
      _Gen13
    </heap>
    <heapLoc>
      _Gen14
    </heapLoc>
    <stack>
      _Gen15
    </stack>
    <ret>
      _Gen16
    </ret>
    <exc>
      _Gen17
    </exc>
    <exit-code>
      _Gen18
    </exit-code>
  </generatedTop>
[Warning] Compiler: Variable 'As' defined but not used. Prefix variable name
with underscore if this is intentional.
	Source(/tmp/audit-work/audit19/reference-semantics/semantics/str.k)
	Location(52,27,52,29)
	52 |	  rule strLt(iCons(A:Int, As:IntSeq), iCons(B:Int, Bs:IntSeq)) => true   
      requires A  <Int B
	   .	                          ^~
[Warning] Compiler: Variable 'Bs' defined but not used. Prefix variable name
with underscore if this is intentional.
	Source(/tmp/audit-work/audit19/reference-semantics/semantics/str.k)
	Location(52,52,52,54)
	52 |	  rule strLt(iCons(A:Int, As:IntSeq), iCons(B:Int, Bs:IntSeq)) => true   
      requires A  <Int B
	   .	                                                   ^~
[Warning] Compiler: Variable 'As' defined but not used. Prefix variable name
with underscore if this is intentional.
	Source(/tmp/audit-work/audit19/reference-semantics/semantics/str.k)
	Location(53,27,53,29)
	53 |	  rule strLt(iCons(A:Int, As:IntSeq), iCons(B:Int, Bs:IntSeq)) => false  
      requires A  >Int B
	   .	                          ^~
[Warning] Compiler: Variable 'Bs' defined but not used. Prefix variable name
with underscore if this is intentional.
	Source(/tmp/audit-work/audit19/reference-semantics/semantics/str.k)
	Location(53,52,53,54)
	53 |	  rule strLt(iCons(A:Int, As:IntSeq), iCons(B:Int, Bs:IntSeq)) => false  
      requires A  >Int B
	   .	                                                   ^~
[Error] Prover: backend terminated because the configuration cannot be
rewritten further. See output for more details.
EXIT_STATUS: 1
