WORKDIR: /tmp/audit-work/audit19
COMMAND: timeout 300 kprove spec-bad-split.k --definition bad-split-kompiled --spec-module SORT-NUMBERS-SPEC --claims SORT-NUMBERS-SPEC.sort-numbers-symbolic
kore-exec: [1494212] Warning (WarnStuckClaimState):
    The configuration's term unifies with the destination's term, but the implication check between the conditions has failed. Location: /tmp/audit-work/audit19/spec-bad-split.k:160:5-172:31
Context:
    (InfoReachability) while checking the implication
  #Not ( {
    joinCodes ( iCons ( 32 , .IntSeq ) , sortKeyVS ( .ValSeq , closureVal ( "word" , .ParamNames , If ( Compare ( Name ( "word" ) , CmpOp ( "==" , Str ( "zero" ) ) ) , Return ( Int ( 0 ) )  .Stmts , .Stmts )  If ( Compare ( Name ( "word" ) , CmpOp ( "==" , Str ( "one" ) ) ) , Return ( Int ( 1 ) )  .Stmts , .Stmts )  If ( Compare ( Name ( "word" ) , CmpOp ( "==" , Str ( "two" ) ) ) , Return ( Int ( 2 ) )  .Stmts , .Stmts )  If ( Compare ( Name ( "word" ) , CmpOp ( "==" , Str ( "three" ) ) ) , Return ( Int ( 3 ) )  .Stmts , .Stmts )  If ( Compare ( Name ( "word" ) , CmpOp ( "==" , Str ( "four" ) ) ) , Return ( Int ( 4 ) )  .Stmts , .Stmts )  If ( Compare ( Name ( "word" ) , CmpOp ( "==" , Str ( "five" ) ) ) , Return ( Int ( 5 ) )  .Stmts , .Stmts )  If ( Compare ( Name ( "word" ) , CmpOp ( "==" , Str ( "six" ) ) ) , Return ( Int ( 6 ) )  .Stmts , .Stmts )  If ( Compare ( Name ( "word" ) , CmpOp ( "==" , Str ( "seven" ) ) ) , Return ( Int ( 7 ) )  .Stmts , .Stmts )  If ( Compare ( Name ( "word" ) , CmpOp ( "==" , Str ( "eight" ) ) ) , Return ( Int ( 8 ) )  .Stmts , .Stmts )  Return ( Int ( 9 ) )  .Stmts , 0 ) ) )
  #Equals
    joinCodes ( iCons ( 32 , .IntSeq ) , sortKeyVS ( wordsVS ( WORDS ) , closureVal ( "word" , .ParamNames , If ( Compare ( Name ( "word" ) , CmpOp ( "==" , Str ( "zero" ) ) ) , Return ( Int ( 0 ) )  .Stmts , .Stmts )  If ( Compare ( Name ( "word" ) , CmpOp ( "==" , Str ( "one" ) ) ) , Return ( Int ( 1 ) )  .Stmts , .Stmts )  If ( Compare ( Name ( "word" ) , CmpOp ( "==" , Str ( "two" ) ) ) , Return ( Int ( 2 ) )  .Stmts , .Stmts )  If ( Compare ( Name ( "word" ) , CmpOp ( "==" , Str ( "three" ) ) ) , Return ( Int ( 3 ) )  .Stmts , .Stmts )  If ( Compare ( Name ( "word" ) , CmpOp ( "==" , Str ( "four" ) ) ) , Return ( Int ( 4 ) )  .Stmts , .Stmts )  If ( Compare ( Name ( "word" ) , CmpOp ( "==" , Str ( "five" ) ) ) , Return ( Int ( 5 ) )  .Stmts , .Stmts )  If ( Compare ( Name ( "word" ) , CmpOp ( "==" , Str ( "six" ) ) ) , Return ( Int ( 6 ) )  .Stmts , .Stmts )  If ( Compare ( Name ( "word" ) , CmpOp ( "==" , Str ( "seven" ) ) ) , Return ( Int ( 7 ) )  .Stmts , .Stmts )  If ( Compare ( Name ( "word" ) , CmpOp ( "==" , Str ( "eight" ) ) ) , Return ( Int ( 8 ) )  .Stmts , .Stmts )  Return ( Int ( 9 ) )  .Stmts , 0 ) ) )
  } )
#And
  <generatedTop>
    <k>
      str ( joinCodes ( iCons ( 32 , .IntSeq ) , sortKeyVS ( .ValSeq , closureVal ( "word" , .ParamNames , If ( Compare ( Name ( "word" ) , CmpOp ( "==" , Str ( "zero" ) ) ) , Return ( Int ( 0 ) )  .Stmts , .Stmts )  If ( Compare ( Name ( "word" ) , CmpOp ( "==" , Str ( "one" ) ) ) , Return ( Int ( 1 ) )  .Stmts , .Stmts )  If ( Compare ( Name ( "word" ) , CmpOp ( "==" , Str ( "two" ) ) ) , Return ( Int ( 2 ) )  .Stmts , .Stmts )  If ( Compare ( Name ( "word" ) , CmpOp ( "==" , Str ( "three" ) ) ) , Return ( Int ( 3 ) )  .Stmts , .Stmts )  If ( Compare ( Name ( "word" ) , CmpOp ( "==" , Str ( "four" ) ) ) , Return ( Int ( 4 ) )  .Stmts , .Stmts )  If ( Compare ( Name ( "word" ) , CmpOp ( "==" , Str ( "five" ) ) ) , Return ( Int ( 5 ) )  .Stmts , .Stmts )  If ( Compare ( Name ( "word" ) , CmpOp ( "==" , Str ( "six" ) ) ) , Return ( Int ( 6 ) )  .Stmts , .Stmts )  If ( Compare ( Name ( "word" ) , CmpOp ( "==" , Str ( "seven" ) ) ) , Return ( Int ( 7 ) )  .Stmts , .Stmts )  If ( Compare ( Name ( "word" ) , CmpOp ( "==" , Str ( "eight" ) ) ) , Return ( Int ( 8 ) )  .Stmts , .Stmts )  Return ( Int ( 9 ) )  .Stmts , 0 ) ) ) ) ~> .K
    </k>
    <env>
      0
    </env>
    <scopes>
      -1 |-> scope ( "abs" |-> builtinV ( "abs" )
      "all" |-> builtinV ( "all" )
      "any" |-> builtinV ( "any" )
      "bin" |-> builtinV ( "bin" )
      "chr" |-> builtinV ( "chr" )
      "enumerate" |-> builtinV ( "enumerate" )
      "eval" |-> builtinV ( "eval" )
      "float" |-> typeV ( "float" )
      "int" |-> typeV ( "int" )
      "isinstance" |-> builtinV ( "isinstance" )
      "len" |-> builtinV ( "len" )
      "list" |-> builtinV ( "list" )
      "map" |-> builtinV ( "map" )
      "max" |-> builtinV ( "max" )
      "min" |-> builtinV ( "min" )
      "ord" |-> builtinV ( "ord" )
      "range" |-> builtinV ( "range" )
      "round" |-> builtinV ( "round" )
      "set" |-> builtinV ( "set" )
      "sorted" |-> builtinV ( "sorted" )
      "str" |-> typeV ( "str" )
      "sum" |-> builtinV ( "sum" )
      "zip" |-> builtinV ( "zip" ) , root )
      0 |-> scope ( "number_value" |-> closureVal ( "word" , .ParamNames , If ( Compare ( Name ( "word" ) , CmpOp ( "==" , Str ( "zero" ) ) ) , Return ( Int ( 0 ) )  .Stmts , .Stmts )  If ( Compare ( Name ( "word" ) , CmpOp ( "==" , Str ( "one" ) ) ) , Return ( Int ( 1 ) )  .Stmts , .Stmts )  If ( Compare ( Name ( "word" ) , CmpOp ( "==" , Str ( "two" ) ) ) , Return ( Int ( 2 ) )  .Stmts , .Stmts )  If ( Compare ( Name ( "word" ) , CmpOp ( "==" , Str ( "three" ) ) ) , Return ( Int ( 3 ) )  .Stmts , .Stmts )  If ( Compare ( Name ( "word" ) , CmpOp ( "==" , Str ( "four" ) ) ) , Return ( Int ( 4 ) )  .Stmts , .Stmts )  If ( Compare ( Name ( "word" ) , CmpOp ( "==" , Str ( "five" ) ) ) , Return ( Int ( 5 ) )  .Stmts , .Stmts )  If ( Compare ( Name ( "word" ) , CmpOp ( "==" , Str ( "six" ) ) ) , Return ( Int ( 6 ) )  .Stmts , .Stmts )  If ( Compare ( Name ( "word" ) , CmpOp ( "==" , Str ( "seven" ) ) ) , Return ( Int ( 7 ) )  .Stmts , .Stmts )  If ( Compare ( Name ( "word" ) , CmpOp ( "==" , Str ( "eight" ) ) ) , Return ( Int ( 8 ) )  .Stmts , .Stmts )  Return ( Int ( 9 ) )  .Stmts , 0 )
      "sort_numbers" |-> closureVal ( "numbers" , .ParamNames , Return ( Call ( Attribute ( Str ( " " ) , "join" ) , Call ( Name ( "sorted" ) , Call ( Attribute ( Name ( "numbers" ) , "split" ) , .Exprs ) , KwArg ( "key" , Name ( "number_value" ) ) , .Exprs ) , .Exprs ) )  .Stmts , 0 ) , parent ( -1 ) )
    </scopes>
    <scopeLoc>
      1
    </scopeLoc>
    <heap>
      0 |-> list ( .ValSeq )
      1 |-> list ( sortKeyVS ( .ValSeq , closureVal ( "word" , .ParamNames , If ( Compare ( Name ( "word" ) , CmpOp ( "==" , Str ( "zero" ) ) ) , Return ( Int ( 0 ) )  .Stmts , .Stmts )  If ( Compare ( Name ( "word" ) , CmpOp ( "==" , Str ( "one" ) ) ) , Return ( Int ( 1 ) )  .Stmts , .Stmts )  If ( Compare ( Name ( "word" ) , CmpOp ( "==" , Str ( "two" ) ) ) , Return ( Int ( 2 ) )  .Stmts , .Stmts )  If ( Compare ( Name ( "word" ) , CmpOp ( "==" , Str ( "three" ) ) ) , Return ( Int ( 3 ) )  .Stmts , .Stmts )  If ( Compare ( Name ( "word" ) , CmpOp ( "==" , Str ( "four" ) ) ) , Return ( Int ( 4 ) )  .Stmts , .Stmts )  If ( Compare ( Name ( "word" ) , CmpOp ( "==" , Str ( "five" ) ) ) , Return ( Int ( 5 ) )  .Stmts , .Stmts )  If ( Compare ( Name ( "word" ) , CmpOp ( "==" , Str ( "six" ) ) ) , Return ( Int ( 6 ) )  .Stmts , .Stmts )  If ( Compare ( Name ( "word" ) , CmpOp ( "==" , Str ( "seven" ) ) ) , Return ( Int ( 7 ) )  .Stmts , .Stmts )  If ( Compare ( Name ( "word" ) , CmpOp ( "==" , Str ( "eight" ) ) ) , Return ( Int ( 8 ) )  .Stmts , .Stmts )  Return ( Int ( 9 ) )  .Stmts , 0 ) ) )
    </heap>
    <heapLoc>
      2
    </heapLoc>
    <stack>
      .List
    </stack>
    <ret>
      noRet
    </ret>
    <exc>
      NoExc
    </exc>
    <exit-code>
      0
    </exit-code>
  </generatedTop>
[Warning] Compiler: Variable 'As' defined but not used. Prefix variable name
with underscore if this is intentional.
	Source(/tmp/audit-work/audit19/reference-semantics/semantics/str.k)
	Location(52,27,52,29)
	52 |	  rule strLt(iCons(A:Int, As:IntSeq), iCons(B:Int, Bs:IntSeq)) => true   
      requires A  <Int B
	   .	                          ^~
[Warning] Compiler: Variable 'Bs' defined but not used. Prefix variable name
with underscore if this is intentional.
	Source(/tmp/audit-work/audit19/reference-semantics/semantics/str.k)
	Location(52,52,52,54)
	52 |	  rule strLt(iCons(A:Int, As:IntSeq), iCons(B:Int, Bs:IntSeq)) => true   
      requires A  <Int B
	   .	                                                   ^~
[Warning] Compiler: Variable 'As' defined but not used. Prefix variable name
with underscore if this is intentional.
	Source(/tmp/audit-work/audit19/reference-semantics/semantics/str.k)
	Location(53,27,53,29)
	53 |	  rule strLt(iCons(A:Int, As:IntSeq), iCons(B:Int, Bs:IntSeq)) => false  
      requires A  >Int B
	   .	                          ^~
[Warning] Compiler: Variable 'Bs' defined but not used. Prefix variable name
with underscore if this is intentional.
	Source(/tmp/audit-work/audit19/reference-semantics/semantics/str.k)
	Location(53,52,53,54)
	53 |	  rule strLt(iCons(A:Int, As:IntSeq), iCons(B:Int, Bs:IntSeq)) => false  
      requires A  >Int B
	   .	                                                   ^~
[Warning] Compiler: Variable 'WORDS' defined but not used. Prefix variable name
with underscore if this is intentional.
	Source(/tmp/audit-work/audit19/verification-bad-split.k)
	Location(96,51,96,56)
	96 |	             toCall(boundMethodV(str(encodedWords(WORDS)), "split")),
	   .	                                                  ^~~~~
[Error] Prover: backend terminated because the configuration cannot be
rewritten further. See output for more details.
EXIT_STATUS: 1
