COMMAND: kprove pinning-spec.k --definition audit-verification-kompiled --spec-module PROGRAM-PINNING-SPEC --output pretty
kore-exec: [989734] Error (ErrorException):
    Unexpected empty set of claims.
    Possible explanation: the frontend and the backend don't agree on the representation of claims.
    CallStack (from HasCallStack):
      error, called at src/Kore/Exec.hs:989:26 in kore-0.1.135-3ZELFdwpMgyGGelTbbE1ER:Kore.Exec
Unexpected empty set of claims.
Possible explanation: the frontend and the backend don't agree on the representation of claims.
CallStack (from HasCallStack):
  error, called at src/Kore/Exec.hs:989:26 in kore-0.1.135-3ZELFdwpMgyGGelTbbE1ER:Kore.Exec
Created bug report: kore-exec.tar.gz
[Warning] Compiler: Functional claims not yet supported.
https://github.com/runtimeverification/haskell-backend/issues/3010
	Source(/tmp/audit-work/119-match-parens/pinning-spec.k)
	Location(8,9,9,240)
	  .	        v~~~~~~~~~~~~~
	8 |	  claim isGoodLoopBody
	9 |	    => If(Compare(Name("char"), CmpOp("==", Str("("))),
AugAssign(Name("balance"), "+", Int(1)) .Stmts, AugAssign(Name("balance"), "-",
Int(1)) .Stmts) If(Compare(Name("balance"), CmpOp("<", Int(0))),
Return(Str("")) .Stmts, .Stmts) .Stmts
	  .	   
~~~~~~~~~~~~~~~~~~~~~~~~~~~~~~~~~~~~~~~~~~~~~~~~~~~~~~~~~~~~~~~~~~~~~~~~~~~~~~~~~~~~~~~~~~~~~~~~~~~~~~~~~~~~~~~~~~~~~~~~~~~~~~~~~~~~~~~~~~~~~~~~~~~~~~~~~~~~~~~~~~~~~~~~~~~~~~~~~~~~~~~~~~~~~~~~~~~~~~~~~~~~~~~~~~~~~~~~~~~~~~~~~~~~~~~~~~^
[Warning] Compiler: Functional claims not yet supported.
https://github.com/runtimeverification/haskell-backend/issues/3010
	Source(/tmp/audit-work/119-match-parens/pinning-spec.k)
	Location(12,9,13,408)
	   .	        v~~~~~~~~~
	12 |	  claim isGoodBody
	13 |	    => Assign(Name("balance"), Int(0)) For(Name("char"), Name("s"),
If(Compare(Name("char"), CmpOp("==", Str("("))), AugAssign(Name("balance"),
"+", Int(1)) .Stmts, AugAssign(Name("balance"), "-", Int(1)) .Stmts)
If(Compare(Name("balance"), CmpOp("<", Int(0))), Return(Str("")) .Stmts,
.Stmts) .Stmts) If(Compare(Name("balance"), CmpOp("==", Int(0))),
Return(Str("T")) .Stmts, .Stmts) Return(Str("")) .Stmts
	   .	   
~~~~~~~~~~~~~~~~~~~~~~~~~~~~~~~~~~~~~~~~~~~~~~~~~~~~~~~~~~~~~~~~~~~~~~~~~~~~~~~~~~~~~~~~~~~~~~~~~~~~~~~~~~~~~~~~~~~~~~~~~~~~~~~~~~~~~~~~~~~~~~~~~~~~~~~~~~~~~~~~~~~~~~~~~~~~~~~~~~~~~~~~~~~~~~~~~~~~~~~~~~~~~~~~~~~~~~~~~~~~~~~~~~~~~~~~~~~~~~~~~~~~~~~~~~~~~~~~~~~~~~~~~~~~~~~~~~~~~~~~~~~~~~~~~~~~~~~~~~~~~~~~~~~~~~~~~~~~~~~~~~~~~~~~~~~~~~~~~~~~~~~~~~~~~~~~~~~~~~~~~~~~~~~~~~~~~~~~~~~~~~~~~~~~~~~~~~~~~~~~~~^
[Warning] Compiler: Functional claims not yet supported.
https://github.com/runtimeverification/haskell-backend/issues/3010
	Source(/tmp/audit-work/119-match-parens/pinning-spec.k)
	Location(16,9,17,306)
	   .	        v~~~~~~~~~~~~~~
	16 |	  claim matchParensBody
	17 |	    => If(Call(Name("is_good"), BinOp("+", Subscript(Name("lst"),
Int(0)), Subscript(Name("lst"), Int(1)))), Return(Str("Yes")) .Stmts, .Stmts)
If(Call(Name("is_good"), BinOp("+", Subscript(Name("lst"), Int(1)),
Subscript(Name("lst"), Int(0)))), Return(Str("Yes")) .Stmts, .Stmts)
Return(Str("No")) .Stmts
	   .	   
~~~~~~~~~~~~~~~~~~~~~~~~~~~~~~~~~~~~~~~~~~~~~~~~~~~~~~~~~~~~~~~~~~~~~~~~~~~~~~~~~~~~~~~~~~~~~~~~~~~~~~~~~~~~~~~~~~~~~~~~~~~~~~~~~~~~~~~~~~~~~~~~~~~~~~~~~~~~~~~~~~~~~~~~~~~~~~~~~~~~~~~~~~~~~~~~~~~~~~~~~~~~~~~~~~~~~~~~~~~~~~~~~~~~~~~~~~~~~~~~~~~~~~~~~~~~~~~~~~~~~~~~~~~~~~~~~~~~~~~~~~~~~~~~~~~~~~~~~~~~^
[Warning] Compiler: Functional claims not yet supported.
https://github.com/runtimeverification/haskell-backend/issues/3010
	Source(/tmp/audit-work/119-match-parens/pinning-spec.k)
	Location(20,9,21,443)
	   .	        v~~~~~~~~~~~~
	20 |	  claim isGoodClosure
	21 |	    => closureVal(("s", .ParamNames), Assign(Name("balance"), Int(0))
For(Name("char"), Name("s"), If(Compare(Name("char"), CmpOp("==", Str("("))),
AugAssign(Name("balance"), "+", Int(1)) .Stmts, AugAssign(Name("balance"), "-",
Int(1)) .Stmts) If(Compare(Name("balance"), CmpOp("<", Int(0))),
Return(Str("")) .Stmts, .Stmts) .Stmts) If(Compare(Name("balance"), CmpOp("==",
Int(0))), Return(Str("T")) .Stmts, .Stmts) Return(Str("")) .Stmts, 0)
	   .	   
~~~~~~~~~~~~~~~~~~~~~~~~~~~~~~~~~~~~~~~~~~~~~~~~~~~~~~~~~~~~~~~~~~~~~~~~~~~~~~~~~~~~~~~~~~~~~~~~~~~~~~~~~~~~~~~~~~~~~~~~~~~~~~~~~~~~~~~~~~~~~~~~~~~~~~~~~~~~~~~~~~~~~~~~~~~~~~~~~~~~~~~~~~~~~~~~~~~~~~~~~~~~~~~~~~~~~~~~~~~~~~~~~~~~~~~~~~~~~~~~~~~~~~~~~~~~~~~~~~~~~~~~~~~~~~~~~~~~~~~~~~~~~~~~~~~~~~~~~~~~~~~~~~~~~~~~~~~~~~~~~~~~~~~~~~~~~~~~~~~~~~~~~~~~~~~~~~~~~~~~~~~~~~~~~~~~~~~~~~~~~~~~~~~~~~~~~~~~~~~~~~~~~~~~~~~~~~~~~~~~~~~~~~~~~~~~~~~~~^
[Warning] Compiler: Functional claims not yet supported.
https://github.com/runtimeverification/haskell-backend/issues/3010
	Source(/tmp/audit-work/119-match-parens/pinning-spec.k)
	Location(24,9,25,343)
	   .	        v~~~~~~~~~~~~~~~~~
	24 |	  claim matchParensClosure
	25 |	    => closureVal(("lst", .ParamNames), If(Call(Name("is_good"),
BinOp("+", Subscript(Name("lst"), Int(0)), Subscript(Name("lst"), Int(1)))),
Return(Str("Yes")) .Stmts, .Stmts) If(Call(Name("is_good"), BinOp("+",
Subscript(Name("lst"), Int(1)), Subscript(Name("lst"), Int(0)))),
Return(Str("Yes")) .Stmts, .Stmts) Return(Str("No")) .Stmts, 0)
	   .	   
~~~~~~~~~~~~~~~~~~~~~~~~~~~~~~~~~~~~~~~~~~~~~~~~~~~~~~~~~~~~~~~~~~~~~~~~~~~~~~~~~~~~~~~~~~~~~~~~~~~~~~~~~~~~~~~~~~~~~~~~~~~~~~~~~~~~~~~~~~~~~~~~~~~~~~~~~~~~~~~~~~~~~~~~~~~~~~~~~~~~~~~~~~~~~~~~~~~~~~~~~~~~~~~~~~~~~~~~~~~~~~~~~~~~~~~~~~~~~~~~~~~~~~~~~~~~~~~~~~~~~~~~~~~~~~~~~~~~~~~~~~~~~~~~~~~~~~~~~~~~~~~~~~~~~~~~~~~~~~~~~~~~~~~~~~~~~~~~~^
[Warning] Compiler: Variable 'As' defined but not used. Prefix variable name
with underscore if this is intentional.
	Source(/tmp/audit-work/119-match-parens/reference-semantics/semantics/str.k)
	Location(52,27,52,29)
	52 |	  rule strLt(iCons(A:Int, As:IntSeq), iCons(B:Int, Bs:IntSeq)) => true   
      requires A  <Int B
	   .	                          ^~
[Warning] Compiler: Variable 'Bs' defined but not used. Prefix variable name
with underscore if this is intentional.
	Source(/tmp/audit-work/119-match-parens/reference-semantics/semantics/str.k)
	Location(52,52,52,54)
	52 |	  rule strLt(iCons(A:Int, As:IntSeq), iCons(B:Int, Bs:IntSeq)) => true   
      requires A  <Int B
	   .	                                                   ^~
[Warning] Compiler: Variable 'As' defined but not used. Prefix variable name
with underscore if this is intentional.
	Source(/tmp/audit-work/119-match-parens/reference-semantics/semantics/str.k)
	Location(53,27,53,29)
	53 |	  rule strLt(iCons(A:Int, As:IntSeq), iCons(B:Int, Bs:IntSeq)) => false  
      requires A  >Int B
	   .	                          ^~
[Warning] Compiler: Variable 'Bs' defined but not used. Prefix variable name
with underscore if this is intentional.
	Source(/tmp/audit-work/119-match-parens/reference-semantics/semantics/str.k)
	Location(53,52,53,54)
	53 |	  rule strLt(iCons(A:Int, As:IntSeq), iCons(B:Int, Bs:IntSeq)) => false  
      requires A  >Int B
	   .	                                                   ^~
[Warning] Compiler: Variable 'P' defined but not used. Prefix variable name
with underscore if this is intentional.
	Source(/tmp/audit-work/119-match-parens/verification.k)
	Location(26,12,26,13)
	26 |	           P:Parent) ...
	   .	           ^
[Warning] Compiler: Variable 'P' defined but not used. Prefix variable name
with underscore if this is intentional.
	Source(/tmp/audit-work/119-match-parens/verification.k)
	Location(37,12,37,13)
	37 |	           P:Parent) ...
	   .	           ^
[Warning] Compiler: Variable 'P' defined but not used. Prefix variable name
with underscore if this is intentional.
	Source(/tmp/audit-work/119-match-parens/verification.k)
	Location(50,12,50,13)
	50 |	           P:Parent) ...
	   .	           ^
[Warning] Compiler: Variable 'R0' defined but not used. Prefix variable name
with underscore if this is intentional.
	Source(/tmp/audit-work/119-match-parens/verification.k)
	Location(180,36,180,38)
	180 |	  rule <k> #forceGood(iCons(C:Int, R0:IntSeq), B:Int)
	    .	                                   ^~
[Error] Critical: Haskell Backend execution failed with code 1 and produced no
output.

EXIT_STATUS: 113
