COMMAND: dry-run and prove reviewer-authored off-by-one false postcondition; expect meaningful stuck implication
kore-exec /tmp/audit-work/69-search/./03-verification-kompiled/definition.kore --module SEARCH-VERIFICATION --prove /tmp/.kprove-2026-07-26-16-45-56-601-fddb7bbf-36ec-42fd-8af4-44774dc06fd4/spec.kore --spec-module SEARCH-FALSE-POSTCONDITION --output /tmp/.kprove-2026-07-26-16-45-56-601-fddb7bbf-36ec-42fd-8af4-44774dc06fd4/result.kore
[Warning] Compiler: Variable 'As' defined but not used. Prefix variable name
with underscore if this is intentional.
	Source(/tmp/audit-work/69-search/reference-semantics/semantics/str.k)
	Location(52,27,52,29)
	52 |	  rule strLt(iCons(A:Int, As:IntSeq), iCons(B:Int, Bs:IntSeq)) => true   
      requires A  <Int B
	   .	                          ^~
[Warning] Compiler: Variable 'Bs' defined but not used. Prefix variable name
with underscore if this is intentional.
	Source(/tmp/audit-work/69-search/reference-semantics/semantics/str.k)
	Location(52,52,52,54)
	52 |	  rule strLt(iCons(A:Int, As:IntSeq), iCons(B:Int, Bs:IntSeq)) => true   
      requires A  <Int B
	   .	                                                   ^~
[Warning] Compiler: Variable 'As' defined but not used. Prefix variable name
with underscore if this is intentional.
	Source(/tmp/audit-work/69-search/reference-semantics/semantics/str.k)
	Location(53,27,53,29)
	53 |	  rule strLt(iCons(A:Int, As:IntSeq), iCons(B:Int, Bs:IntSeq)) => false  
      requires A  >Int B
	   .	                          ^~
[Warning] Compiler: Variable 'Bs' defined but not used. Prefix variable name
with underscore if this is intentional.
	Source(/tmp/audit-work/69-search/reference-semantics/semantics/str.k)
	Location(53,52,53,54)
	53 |	  rule strLt(iCons(A:Int, As:IntSeq), iCons(B:Int, Bs:IntSeq)) => false  
      requires A  >Int B
	   .	                                                   ^~
DRY_RUN_EXIT_STATUS: 0
kore-exec: [1318572] Warning (WarnStuckClaimState):
    The configuration's term unifies with the destination's term, but the implication check between the conditions has failed. Location: /tmp/audit-work/69-search/06_false_postcondition.k:10:5-31:30
Context:
    (InfoReachability) while checking the implication
  #Not ( {
    greatestFreqFrom ( ALL , ALL , -1 ) +Int 1
  #Equals
    greatestFreqFrom ( ALL , ALL , -1 )
  } )
#And
  <generatedTop>
    <k>
      greatestFreqFrom ( ALL , ALL , -1 ) ~> .K
    </k>
    <env>
      0
    </env>
    <scopes>
      -1 |-> scope ( "abs" |-> builtinV ( "abs" )
      "all" |-> builtinV ( "all" )
      "any" |-> builtinV ( "any" )
      "bin" |-> builtinV ( "bin" )
      "chr" |-> builtinV ( "chr" )
      "enumerate" |-> builtinV ( "enumerate" )
      "eval" |-> builtinV ( "eval" )
      "float" |-> typeV ( "float" )
      "int" |-> typeV ( "int" )
      "isinstance" |-> builtinV ( "isinstance" )
      "len" |-> builtinV ( "len" )
      "list" |-> builtinV ( "list" )
      "map" |-> builtinV ( "map" )
      "max" |-> builtinV ( "max" )
      "min" |-> builtinV ( "min" )
      "ord" |-> builtinV ( "ord" )
      "range" |-> builtinV ( "range" )
      "round" |-> builtinV ( "round" )
      "set" |-> builtinV ( "set" )
      "sorted" |-> builtinV ( "sorted" )
      "str" |-> typeV ( "str" )
      "sum" |-> builtinV ( "sum" )
      "zip" |-> builtinV ( "zip" ) , root )
      0 |-> scope ( "search" |-> closureVal ( "lst" , .ParamNames , Assign ( Name ( "result" ) , UnaryOp ( "-" , Int ( 1 ) ) )  For ( Name ( "value" ) , Name ( "lst" ) , Assign ( Name ( "count" ) , Int ( 0 ) )  For ( Name ( "item" ) , Name ( "lst" ) , If ( Compare ( Name ( "item" ) , CmpOp ( "==" , Name ( "value" ) ) ) , AugAssign ( Name ( "count" ) , "+" , Int ( 1 ) )  .Stmts , .Stmts )  .Stmts )  If ( Compare ( Name ( "count" ) , CmpOp ( ">=" , Name ( "value" ) ) ) , If ( Compare ( Name ( "value" ) , CmpOp ( ">" , Name ( "result" ) ) ) , Assign ( Name ( "result" ) , Name ( "value" ) )  .Stmts , .Stmts )  .Stmts , .Stmts )  .Stmts )  Return ( Name ( "result" ) )  .Stmts , 0 ) , parent ( -1 ) )
    </scopes>
    <scopeLoc>
      1
    </scopeLoc>
    <heap>
      .Map
    </heap>
    <heapLoc>
      0
    </heapLoc>
    <stack>
      .List
    </stack>
    <ret>
      noRet
    </ret>
    <exc>
      NoExc
    </exc>
    <exit-code>
      0
    </exit-code>
  </generatedTop>
#And
  {
    true
  #Equals
    allPositive ( ALL )
  }
#And
  {
    true
  #Equals
    nonEmpty ( ALL )
  }
[Warning] Compiler: Variable 'As' defined but not used. Prefix variable name
with underscore if this is intentional.
	Source(/tmp/audit-work/69-search/reference-semantics/semantics/str.k)
	Location(52,27,52,29)
	52 |	  rule strLt(iCons(A:Int, As:IntSeq), iCons(B:Int, Bs:IntSeq)) => true   
      requires A  <Int B
	   .	                          ^~
[Warning] Compiler: Variable 'Bs' defined but not used. Prefix variable name
with underscore if this is intentional.
	Source(/tmp/audit-work/69-search/reference-semantics/semantics/str.k)
	Location(52,52,52,54)
	52 |	  rule strLt(iCons(A:Int, As:IntSeq), iCons(B:Int, Bs:IntSeq)) => true   
      requires A  <Int B
	   .	                                                   ^~
[Warning] Compiler: Variable 'As' defined but not used. Prefix variable name
with underscore if this is intentional.
	Source(/tmp/audit-work/69-search/reference-semantics/semantics/str.k)
	Location(53,27,53,29)
	53 |	  rule strLt(iCons(A:Int, As:IntSeq), iCons(B:Int, Bs:IntSeq)) => false  
      requires A  >Int B
	   .	                          ^~
[Warning] Compiler: Variable 'Bs' defined but not used. Prefix variable name
with underscore if this is intentional.
	Source(/tmp/audit-work/69-search/reference-semantics/semantics/str.k)
	Location(53,52,53,54)
	53 |	  rule strLt(iCons(A:Int, As:IntSeq), iCons(B:Int, Bs:IntSeq)) => false  
      requires A  >Int B
	   .	                                                   ^~
[Error] Prover: backend terminated because the configuration cannot be
rewritten further. See output for more details.
KPROVE_EXIT_STATUS: 1
EXPECTED_FALSE_OBLIGATION_REJECTED=true
SATISFYING_WITNESS: conceptual ALL=[1], precondition true, real/generated result=1, false destination=2
