
$ kompile --version
K version:    v7.1.293
Build date:   Fri Oct 03 13:32:35 CDT 2025
[exit 0]

$ kprove --version
K version:    v7.1.293
Build date:   Fri Oct 03 13:32:35 CDT 2025
[exit 0]

$ rm -rf -- /tmp/audit-work/88-sort-array/runtime-audit-kompiled
[exit 0]

$ rm -rf -- /tmp/audit-work/88-sort-array/verification-audit-kompiled
[exit 0]

$ kompile /tmp/audit-work/88-sort-array/reference-semantics/semantics.k --backend llvm --main-module MPY-KRUN --syntax-module MPY-SYNTAX --output-definition /tmp/audit-work/88-sort-array/runtime-audit-kompiled
[Warning] Compiler: Non exhaustive match detected:
`mapStrVS(_)_MPY-BUILTINS_ValSeq_ValSeq`(`vCons(_,_)_MPY-CORE_ValSeq_Val_ValSeq`(`cellsMark(_)_MPY-CORE_Val_ParamNames`(_),_))
	Source(/tmp/audit-work/88-sort-array/reference-semantics/semantics/builtins.k)
	Location(134,21,134,55)
	134 |	  syntax ValSeq ::= mapStrVS(ValSeq) [function, total]
	    .	                    ^~~~~~~~~~~~~~~~~~~~~~~~~~~~~~~~~~
[Warning] Compiler: Non exhaustive match detected:
floorFI(`cellsMark(_)_MPY-CORE_Val_ParamNames`(_))
	Source(/tmp/audit-work/88-sort-array/reference-semantics/semantics/float.k)
	Location(73,18,73,65)
	73 |	  syntax Int ::= floorFI(Val) [function, total, symbol(floorFI)]
	   .	                 ^~~~~~~~~~~~~~~~~~~~~~~~~~~~~~~~~~~~~~~~~~~~~~~
[Warning] Compiler: Non exhaustive match detected:
toF(`cellsMark(_)_MPY-CORE_Val_ParamNames`(_))
	Source(/tmp/audit-work/88-sort-array/reference-semantics/semantics/float.k)
	Location(86,20,86,59)
	86 |	  syntax Float ::= toF(Val) [function, total, symbol(toF)]
	   .	                   ^~~~~~~~~~~~~~~~~~~~~~~~~~~~~~~~~~~~~~~
[Warning] Compiler: Non exhaustive match detected:
ceilF(`cellsMark(_)_MPY-CORE_Val_ParamNames`(_))
	Source(/tmp/audit-work/88-sort-array/reference-semantics/semantics/float.k)
	Location(93,18,93,61)
	93 |	  syntax Int ::= ceilF(Val) [function, total, symbol(ceilF)]
	   .	                 ^~~~~~~~~~~~~~~~~~~~~~~~~~~~~~~~~~~~~~~~~~~
[Warning] Compiler: Non exhaustive match detected:
`joinCodes(_,_)_MPY-METHODS_IntSeq_IntSeq_ValSeq`(_,`vCons(_,_)_MPY-CORE_ValSeq_Val_ValSeq`(`cellsMark(_)_MPY-CORE_Val_ParamNames`(_),_))
	Source(/tmp/audit-work/88-sort-array/reference-semantics/semantics/methods.k)
	Location(27,21,27,64)
	27 |	  syntax IntSeq ::= joinCodes(IntSeq, ValSeq) [function, total]
	   .	                    ^~~~~~~~~~~~~~~~~~~~~~~~~~~~~~~~~~~~~~~~~~~
[Warning] Compiler: Variable 'As' defined but not used. Prefix variable name
with underscore if this is intentional.
	Source(/tmp/audit-work/88-sort-array/reference-semantics/semantics/str.k)
	Location(52,27,52,29)
	52 |	  rule strLt(iCons(A:Int, As:IntSeq), iCons(B:Int, Bs:IntSeq)) => true   
      requires A  <Int B
	   .	                          ^~
[Warning] Compiler: Variable 'Bs' defined but not used. Prefix variable name
with underscore if this is intentional.
	Source(/tmp/audit-work/88-sort-array/reference-semantics/semantics/str.k)
	Location(52,52,52,54)
	52 |	  rule strLt(iCons(A:Int, As:IntSeq), iCons(B:Int, Bs:IntSeq)) => true   
      requires A  <Int B
	   .	                                                   ^~
[Warning] Compiler: Variable 'As' defined but not used. Prefix variable name
with underscore if this is intentional.
	Source(/tmp/audit-work/88-sort-array/reference-semantics/semantics/str.k)
	Location(53,27,53,29)
	53 |	  rule strLt(iCons(A:Int, As:IntSeq), iCons(B:Int, Bs:IntSeq)) => false  
      requires A  >Int B
	   .	                          ^~
[Warning] Compiler: Variable 'Bs' defined but not used. Prefix variable name
with underscore if this is intentional.
	Source(/tmp/audit-work/88-sort-array/reference-semantics/semantics/str.k)
	Location(53,52,53,54)
	53 |	  rule strLt(iCons(A:Int, As:IntSeq), iCons(B:Int, Bs:IntSeq)) => false  
      requires A  >Int B
	   .	                                                   ^~
[Warning] Compiler: Non exhaustive match detected:
`valSeqAt(_,_)_MPY-SUBSCRIPT_Val_ValSeq_Int`(`.ValSeq_MPY-CORE_ValSeq`(.KList),_)
	Source(/tmp/audit-work/88-sort-array/reference-semantics/semantics/subscript.k)
	Location(11,18,11,57)
	11 |	  syntax Val ::= valSeqAt(ValSeq, Int) [function, total]
	   .	                 ^~~~~~~~~~~~~~~~~~~~~~~~~~~~~~~~~~~~~~~
[exit 0]

$ krun /tmp/audit-work/88-sort-array/concrete_tests.mpy --definition /tmp/audit-work/88-sort-array/runtime-audit-kompiled
<generatedTop>
  <k>
    .K
  </k>
  <env>
    0
  </env>
  <scopes>
    -1 |-> scope ( "abs" |-> builtinV ( "abs" )
    "all" |-> builtinV ( "all" )
    "any" |-> builtinV ( "any" )
    "bin" |-> builtinV ( "bin" )
    "chr" |-> builtinV ( "chr" )
    "enumerate" |-> builtinV ( "enumerate" )
    "eval" |-> builtinV ( "eval" )
    "float" |-> typeV ( "float" )
    "int" |-> typeV ( "int" )
    "isinstance" |-> builtinV ( "isinstance" )
    "len" |-> builtinV ( "len" )
    "list" |-> builtinV ( "list" )
    "map" |-> builtinV ( "map" )
    "max" |-> builtinV ( "max" )
    "min" |-> builtinV ( "min" )
    "ord" |-> builtinV ( "ord" )
    "range" |-> builtinV ( "range" )
    "round" |-> builtinV ( "round" )
    "set" |-> builtinV ( "set" )
    "sorted" |-> builtinV ( "sorted" )
    "str" |-> typeV ( "str" )
    "sum" |-> builtinV ( "sum" )
    "zip" |-> builtinV ( "zip" ) , root )
    0 |-> scope ( "original" |-> ref ( 12 )
    "result" |-> ref ( 13 )
    "sort_array" |-> closureVal ( "array" , .ParamNames , If ( UnaryOp ( "not" , Name ( "array" ) ) , Return ( ListExpr ( .Exprs ) )  .Stmts , .Stmts )  If ( Compare ( BinOp ( "%" , BinOp ( "+" , Subscript ( Name ( "array" ) , Int ( 0 ) ) , Subscript ( Name ( "array" ) , UnaryOp ( "-" , Int ( 1 ) ) ) ) , Int ( 2 ) ) , CmpOp ( "==" , Int ( 1 ) ) ) , Return ( Call ( Name ( "sorted" ) , Name ( "array" ) , .Exprs ) )  .Stmts , .Stmts )  Return ( Call ( Name ( "sorted" ) , Name ( "array" ) , KwArg ( "reverse" , Bool ( true ) ) , .Exprs ) )  .Stmts , 0 ) , parent ( -1 ) )
  </scopes>
  <scopeLoc>
    1
  </scopeLoc>
  <heap>
    0 |-> list ( .ValSeq )
    1 |-> list ( .ValSeq )
    2 |-> list ( .ValSeq )
    3 |-> list ( vCons ( 5 , .ValSeq ) )
    4 |-> list ( vCons ( 5 , .ValSeq ) )
    5 |-> list ( vCons ( 5 , .ValSeq ) )
    6 |-> list ( vCons ( 2 , vCons ( 4 , vCons ( 3 , vCons ( 0 , vCons ( 1 , vCons ( 5 , .ValSeq ) ) ) ) ) ) )
    7 |-> list ( vCons ( 0 , vCons ( 1 , vCons ( 2 , vCons ( 3 , vCons ( 4 , vCons ( 5 , .ValSeq ) ) ) ) ) ) )
    8 |-> list ( vCons ( 0 , vCons ( 1 , vCons ( 2 , vCons ( 3 , vCons ( 4 , vCons ( 5 , .ValSeq ) ) ) ) ) ) )
    9 |-> list ( vCons ( 2 , vCons ( 4 , vCons ( 3 , vCons ( 0 , vCons ( 1 , vCons ( 5 , vCons ( 6 , .ValSeq ) ) ) ) ) ) ) )
    10 |-> list ( vCons ( 6 , vCons ( 5 , vCons ( 4 , vCons ( 3 , vCons ( 2 , vCons ( 1 , vCons ( 0 , .ValSeq ) ) ) ) ) ) ) )
    11 |-> list ( vCons ( 6 , vCons ( 5 , vCons ( 4 , vCons ( 3 , vCons ( 2 , vCons ( 1 , vCons ( 0 , .ValSeq ) ) ) ) ) ) ) )
    12 |-> list ( vCons ( 2 , vCons ( 4 , vCons ( 3 , vCons ( 0 , vCons ( 1 , vCons ( 5 , .ValSeq ) ) ) ) ) ) )
    13 |-> list ( vCons ( 0 , vCons ( 1 , vCons ( 2 , vCons ( 3 , vCons ( 4 , vCons ( 5 , .ValSeq ) ) ) ) ) ) )
    14 |-> list ( vCons ( 2 , vCons ( 4 , vCons ( 3 , vCons ( 0 , vCons ( 1 , vCons ( 5 , .ValSeq ) ) ) ) ) ) )
    15 |-> list ( vCons ( 0 , vCons ( 1 , vCons ( 2 , vCons ( 3 , vCons ( 4 , vCons ( 5 , .ValSeq ) ) ) ) ) ) )
  </heap>
  <heapLoc>
    16
  </heapLoc>
  <stack>
    .List
  </stack>
  <ret>
    noRet
  </ret>
  <exc>
    NoExc
  </exc>
  <exit-code>
    0
  </exit-code>
</generatedTop>
[exit 0]

$ kompile /tmp/audit-work/88-sort-array/verification.k --backend haskell --main-module VERIFICATION --syntax-module VERIFICATION --output-definition /tmp/audit-work/88-sort-array/verification-audit-kompiled
[Warning] Compiler: Variable 'As' defined but not used. Prefix variable name
with underscore if this is intentional.
	Source(/tmp/audit-work/88-sort-array/reference-semantics/semantics/str.k)
	Location(52,27,52,29)
	52 |	  rule strLt(iCons(A:Int, As:IntSeq), iCons(B:Int, Bs:IntSeq)) => true   
      requires A  <Int B
	   .	                          ^~
[Warning] Compiler: Variable 'Bs' defined but not used. Prefix variable name
with underscore if this is intentional.
	Source(/tmp/audit-work/88-sort-array/reference-semantics/semantics/str.k)
	Location(52,52,52,54)
	52 |	  rule strLt(iCons(A:Int, As:IntSeq), iCons(B:Int, Bs:IntSeq)) => true   
      requires A  <Int B
	   .	                                                   ^~
[Warning] Compiler: Variable 'As' defined but not used. Prefix variable name
with underscore if this is intentional.
	Source(/tmp/audit-work/88-sort-array/reference-semantics/semantics/str.k)
	Location(53,27,53,29)
	53 |	  rule strLt(iCons(A:Int, As:IntSeq), iCons(B:Int, Bs:IntSeq)) => false  
      requires A  >Int B
	   .	                          ^~
[Warning] Compiler: Variable 'Bs' defined but not used. Prefix variable name
with underscore if this is intentional.
	Source(/tmp/audit-work/88-sort-array/reference-semantics/semantics/str.k)
	Location(53,52,53,54)
	53 |	  rule strLt(iCons(A:Int, As:IntSeq), iCons(B:Int, Bs:IntSeq)) => false  
      requires A  >Int B
	   .	                                                   ^~
[exit 0]

$ kprove /tmp/audit-work/88-sort-array/spec.k --definition /tmp/audit-work/88-sort-array/verification-audit-kompiled --spec-module SPEC
#Top
[Warning] Compiler: Variable 'As' defined but not used. Prefix variable name
with underscore if this is intentional.
	Source(/tmp/audit-work/88-sort-array/reference-semantics/semantics/str.k)
	Location(52,27,52,29)
	52 |	  rule strLt(iCons(A:Int, As:IntSeq), iCons(B:Int, Bs:IntSeq)) => true   
      requires A  <Int B
	   .	                          ^~
[Warning] Compiler: Variable 'Bs' defined but not used. Prefix variable name
with underscore if this is intentional.
	Source(/tmp/audit-work/88-sort-array/reference-semantics/semantics/str.k)
	Location(52,52,52,54)
	52 |	  rule strLt(iCons(A:Int, As:IntSeq), iCons(B:Int, Bs:IntSeq)) => true   
      requires A  <Int B
	   .	                                                   ^~
[Warning] Compiler: Variable 'As' defined but not used. Prefix variable name
with underscore if this is intentional.
	Source(/tmp/audit-work/88-sort-array/reference-semantics/semantics/str.k)
	Location(53,27,53,29)
	53 |	  rule strLt(iCons(A:Int, As:IntSeq), iCons(B:Int, Bs:IntSeq)) => false  
      requires A  >Int B
	   .	                          ^~
[Warning] Compiler: Variable 'Bs' defined but not used. Prefix variable name
with underscore if this is intentional.
	Source(/tmp/audit-work/88-sort-array/reference-semantics/semantics/str.k)
	Location(53,52,53,54)
	53 |	  rule strLt(iCons(A:Int, As:IntSeq), iCons(B:Int, Bs:IntSeq)) => false  
      requires A  >Int B
	   .	                                                   ^~
[exit 0]

$ kprove /audit-output/evidence/spec-labeled.k -I /tmp/audit-work/88-sort-array --definition /tmp/audit-work/88-sort-array/verification-audit-kompiled --spec-module SPEC-LABELED --claims empty
#Top
[Warning] Compiler: Variable 'As' defined but not used. Prefix variable name
with underscore if this is intentional.
	Source(/tmp/audit-work/88-sort-array/reference-semantics/semantics/str.k)
	Location(52,27,52,29)
	52 |	  rule strLt(iCons(A:Int, As:IntSeq), iCons(B:Int, Bs:IntSeq)) => true   
      requires A  <Int B
	   .	                          ^~
[Warning] Compiler: Variable 'Bs' defined but not used. Prefix variable name
with underscore if this is intentional.
	Source(/tmp/audit-work/88-sort-array/reference-semantics/semantics/str.k)
	Location(52,52,52,54)
	52 |	  rule strLt(iCons(A:Int, As:IntSeq), iCons(B:Int, Bs:IntSeq)) => true   
      requires A  <Int B
	   .	                                                   ^~
[Warning] Compiler: Variable 'As' defined but not used. Prefix variable name
with underscore if this is intentional.
	Source(/tmp/audit-work/88-sort-array/reference-semantics/semantics/str.k)
	Location(53,27,53,29)
	53 |	  rule strLt(iCons(A:Int, As:IntSeq), iCons(B:Int, Bs:IntSeq)) => false  
      requires A  >Int B
	   .	                          ^~
[Warning] Compiler: Variable 'Bs' defined but not used. Prefix variable name
with underscore if this is intentional.
	Source(/tmp/audit-work/88-sort-array/reference-semantics/semantics/str.k)
	Location(53,52,53,54)
	53 |	  rule strLt(iCons(A:Int, As:IntSeq), iCons(B:Int, Bs:IntSeq)) => false  
      requires A  >Int B
	   .	                                                   ^~
[exit 0]

$ kprove /audit-output/evidence/spec-labeled.k -I /tmp/audit-work/88-sort-array --definition /tmp/audit-work/88-sort-array/verification-audit-kompiled --spec-module SPEC-LABELED --claims singleton
#Top
[Warning] Compiler: Variable 'As' defined but not used. Prefix variable name
with underscore if this is intentional.
	Source(/tmp/audit-work/88-sort-array/reference-semantics/semantics/str.k)
	Location(52,27,52,29)
	52 |	  rule strLt(iCons(A:Int, As:IntSeq), iCons(B:Int, Bs:IntSeq)) => true   
      requires A  <Int B
	   .	                          ^~
[Warning] Compiler: Variable 'Bs' defined but not used. Prefix variable name
with underscore if this is intentional.
	Source(/tmp/audit-work/88-sort-array/reference-semantics/semantics/str.k)
	Location(52,52,52,54)
	52 |	  rule strLt(iCons(A:Int, As:IntSeq), iCons(B:Int, Bs:IntSeq)) => true   
      requires A  <Int B
	   .	                                                   ^~
[Warning] Compiler: Variable 'As' defined but not used. Prefix variable name
with underscore if this is intentional.
	Source(/tmp/audit-work/88-sort-array/reference-semantics/semantics/str.k)
	Location(53,27,53,29)
	53 |	  rule strLt(iCons(A:Int, As:IntSeq), iCons(B:Int, Bs:IntSeq)) => false  
      requires A  >Int B
	   .	                          ^~
[Warning] Compiler: Variable 'Bs' defined but not used. Prefix variable name
with underscore if this is intentional.
	Source(/tmp/audit-work/88-sort-array/reference-semantics/semantics/str.k)
	Location(53,52,53,54)
	53 |	  rule strLt(iCons(A:Int, As:IntSeq), iCons(B:Int, Bs:IntSeq)) => false  
      requires A  >Int B
	   .	                                                   ^~
[exit 0]

$ kprove /audit-output/evidence/spec-labeled.k -I /tmp/audit-work/88-sort-array --definition /tmp/audit-work/88-sort-array/verification-audit-kompiled --spec-module SPEC-LABELED --claims odd
#Top
[Warning] Compiler: Variable 'As' defined but not used. Prefix variable name
with underscore if this is intentional.
	Source(/tmp/audit-work/88-sort-array/reference-semantics/semantics/str.k)
	Location(52,27,52,29)
	52 |	  rule strLt(iCons(A:Int, As:IntSeq), iCons(B:Int, Bs:IntSeq)) => true   
      requires A  <Int B
	   .	                          ^~
[Warning] Compiler: Variable 'Bs' defined but not used. Prefix variable name
with underscore if this is intentional.
	Source(/tmp/audit-work/88-sort-array/reference-semantics/semantics/str.k)
	Location(52,52,52,54)
	52 |	  rule strLt(iCons(A:Int, As:IntSeq), iCons(B:Int, Bs:IntSeq)) => true   
      requires A  <Int B
	   .	                                                   ^~
[Warning] Compiler: Variable 'As' defined but not used. Prefix variable name
with underscore if this is intentional.
	Source(/tmp/audit-work/88-sort-array/reference-semantics/semantics/str.k)
	Location(53,27,53,29)
	53 |	  rule strLt(iCons(A:Int, As:IntSeq), iCons(B:Int, Bs:IntSeq)) => false  
      requires A  >Int B
	   .	                          ^~
[Warning] Compiler: Variable 'Bs' defined but not used. Prefix variable name
with underscore if this is intentional.
	Source(/tmp/audit-work/88-sort-array/reference-semantics/semantics/str.k)
	Location(53,52,53,54)
	53 |	  rule strLt(iCons(A:Int, As:IntSeq), iCons(B:Int, Bs:IntSeq)) => false  
      requires A  >Int B
	   .	                                                   ^~
[exit 0]

$ kprove /audit-output/evidence/spec-labeled.k -I /tmp/audit-work/88-sort-array --definition /tmp/audit-work/88-sort-array/verification-audit-kompiled --spec-module SPEC-LABELED --claims even
#Top
[Warning] Compiler: Variable 'As' defined but not used. Prefix variable name
with underscore if this is intentional.
	Source(/tmp/audit-work/88-sort-array/reference-semantics/semantics/str.k)
	Location(52,27,52,29)
	52 |	  rule strLt(iCons(A:Int, As:IntSeq), iCons(B:Int, Bs:IntSeq)) => true   
      requires A  <Int B
	   .	                          ^~
[Warning] Compiler: Variable 'Bs' defined but not used. Prefix variable name
with underscore if this is intentional.
	Source(/tmp/audit-work/88-sort-array/reference-semantics/semantics/str.k)
	Location(52,52,52,54)
	52 |	  rule strLt(iCons(A:Int, As:IntSeq), iCons(B:Int, Bs:IntSeq)) => true   
      requires A  <Int B
	   .	                                                   ^~
[Warning] Compiler: Variable 'As' defined but not used. Prefix variable name
with underscore if this is intentional.
	Source(/tmp/audit-work/88-sort-array/reference-semantics/semantics/str.k)
	Location(53,27,53,29)
	53 |	  rule strLt(iCons(A:Int, As:IntSeq), iCons(B:Int, Bs:IntSeq)) => false  
      requires A  >Int B
	   .	                          ^~
[Warning] Compiler: Variable 'Bs' defined but not used. Prefix variable name
with underscore if this is intentional.
	Source(/tmp/audit-work/88-sort-array/reference-semantics/semantics/str.k)
	Location(53,52,53,54)
	53 |	  rule strLt(iCons(A:Int, As:IntSeq), iCons(B:Int, Bs:IntSeq)) => false  
      requires A  >Int B
	   .	                                                   ^~
[exit 0]

$ kast /tmp/audit-work/88-sort-array/regenerated-solution.mpy --definition /tmp/audit-work/88-sort-array/verification-audit-kompiled --module VERIFICATION --sort Module --output pretty > /tmp/audit-work/88-sort-array/normalized-solution.k
[exit 0]

$ python3 /audit-output/evidence/generate_pinning_spec.py /tmp/audit-work/88-sort-array/normalized-solution.k > /tmp/audit-work/88-sort-array/pinning.k
[exit 0]

$ kprove /tmp/audit-work/88-sort-array/pinning.k --definition /tmp/audit-work/88-sort-array/verification-audit-kompiled --spec-module PINNING
kore-exec: [902427] Error (ErrorException):
    Unexpected empty set of claims.
    Possible explanation: the frontend and the backend don't agree on the representation of claims.
    CallStack (from HasCallStack):
      error, called at src/Kore/Exec.hs:989:26 in kore-0.1.135-3ZELFdwpMgyGGelTbbE1ER:Kore.Exec
Unexpected empty set of claims.
Possible explanation: the frontend and the backend don't agree on the representation of claims.
CallStack (from HasCallStack):
  error, called at src/Kore/Exec.hs:989:26 in kore-0.1.135-3ZELFdwpMgyGGelTbbE1ER:Kore.Exec
Created bug report: kore-exec.tar.gz
[Warning] Compiler: Functional claims not yet supported.
https://github.com/runtimeverification/haskell-backend/issues/3010
	Source(/tmp/audit-work/88-sort-array/pinning.k)
	Location(6,9,7,491)
	  .	        v~~~~~~~~~~~~~~~
	6 |	  claim sortArrayBody =>
	7 |	If ( UnaryOp ( "not" , Name ( "array" ) ) , Return ( ListExpr ( .Exprs ) )
 .Stmts , .Stmts )  If ( Compare ( BinOp ( "%" , BinOp ( "+" , Subscript ( Name
( "array" ) , Int ( 0 ) ) , Subscript ( Name ( "array" ) , UnaryOp ( "-" , Int
( 1 ) ) ) ) , Int ( 2 ) ) , CmpOp ( "==" , Int ( 1 ) ) ) , Return ( Call ( Name
( "sorted" ) , Name ( "array" ) , .Exprs ) )  .Stmts , .Stmts )  Return ( Call
( Name ( "sorted" ) , Name ( "array" ) , KwArg ( "reverse" , Bool ( true ) ) ,
.Exprs ) )  .Stmts
	 
.	~~~~~~~~~~~~~~~~~~~~~~~~~~~~~~~~~~~~~~~~~~~~~~~~~~~~~~~~~~~~~~~~~~~~~~~~~~~~~~~~~~~~~~~~~~~~~~~~~~~~~~~~~~~~~~~~~~~~~~~~~~~~~~~~~~~~~~~~~~~~~~~~~~~~~~~~~~~~~~~~~~~~~~~~~~~~~~~~~~~~~~~~~~~~~~~~~~~~~~~~~~~~~~~~~~~~~~~~~~~~~~~~~~~~~~~~~~~~~~~~~~~~~~~~~~~~~~~~~~~~~~~~~~~~~~~~~~~~~~~~~~~~~~~~~~~~~~~~~~~~~~~~~~~~~~~~~~~~~~~~~~~~~~~~~~~~~~~~~~~~~~~~~~~~~~~~~~~~~~~~~~~~~~~~~~~~~~~~~~~~~~~~~~~~~~~~~~~~~~~~~~~~~~~~~~~~~~~~~~~~~~~~~~~~~~~~~~~~~~~~~~~~~~~~~~~~~~~~~~~~~~~~~~~~~~~~~~~~~~~~~~~~~~~~~^
[Warning] Compiler: Functional claims not yet supported.
https://github.com/runtimeverification/haskell-backend/issues/3010
	Source(/tmp/audit-work/88-sort-array/pinning.k)
	Location(9,9,12,11)
	   .	        v~~~~~~~~~~~~~~~~~~
	 9 |	  claim sortArrayClosure =>
	   |		...
	12 |	      , 0)
	   .	      ~~~^
[Warning] Compiler: Variable 'As' defined but not used. Prefix variable name
with underscore if this is intentional.
	Source(/tmp/audit-work/88-sort-array/reference-semantics/semantics/str.k)
	Location(52,27,52,29)
	52 |	  rule strLt(iCons(A:Int, As:IntSeq), iCons(B:Int, Bs:IntSeq)) => true   
      requires A  <Int B
	   .	                          ^~
[Warning] Compiler: Variable 'Bs' defined but not used. Prefix variable name
with underscore if this is intentional.
	Source(/tmp/audit-work/88-sort-array/reference-semantics/semantics/str.k)
	Location(52,52,52,54)
	52 |	  rule strLt(iCons(A:Int, As:IntSeq), iCons(B:Int, Bs:IntSeq)) => true   
      requires A  <Int B
	   .	                                                   ^~
[Warning] Compiler: Variable 'As' defined but not used. Prefix variable name
with underscore if this is intentional.
	Source(/tmp/audit-work/88-sort-array/reference-semantics/semantics/str.k)
	Location(53,27,53,29)
	53 |	  rule strLt(iCons(A:Int, As:IntSeq), iCons(B:Int, Bs:IntSeq)) => false  
      requires A  >Int B
	   .	                          ^~
[Warning] Compiler: Variable 'Bs' defined but not used. Prefix variable name
with underscore if this is intentional.
	Source(/tmp/audit-work/88-sort-array/reference-semantics/semantics/str.k)
	Location(53,52,53,54)
	53 |	  rule strLt(iCons(A:Int, As:IntSeq), iCons(B:Int, Bs:IntSeq)) => false  
      requires A  >Int B
	   .	                                                   ^~
[Error] Critical: Haskell Backend execution failed with code 1 and produced no
output.
[exit 113]
SCRIPT_EXIT=113
