COMMAND: kprove spec-vacuity.k --definition proof-kompiled --spec-module SPEC-VACUITY
WORKDIR: /tmp/audit-work/candidate-fresh
kore-exec: [40255982] Warning (WarnStuckClaimState):
    The configuration's term unifies with the destination's term, but the implication check between the conditions has failed. Location: /tmp/audit-work/candidate-fresh/spec-vacuity.k:9:5-20:29
Context:
    (InfoReachability) while checking the implication
kore-exec: [40260748] Warning (WarnUnexploredBranches):
    1 branches were still unexplored when the action failed.
  #Ceil ( gcdInt ( 2 , ( A +Int B +Int C ) %Int 2 ) )
#And
  #Ceil ( makeRat ( A +Int B +Int C , 2 , gcdInt ( 2 , ( A +Int B +Int C ) %Int 2 ) ) )
#And
  #Ceil ( sqrtHundredths ( makeRat ( A +Int B +Int C , 2 , gcdInt ( 2 , ( A +Int B +Int C ) %Int 2 ) ) *Rat ( makeRat ( A +Int B +Int C , 2 , gcdInt ( 2 , ( A +Int B +Int C ) %Int 2 ) ) +Rat -1 *Int A ) *Rat ( makeRat ( A +Int B +Int C , 2 , gcdInt ( 2 , ( A +Int B +Int C ) %Int 2 ) ) +Rat -1 *Int B ) *Rat ( makeRat ( A +Int B +Int C , 2 , gcdInt ( 2 , ( A +Int B +Int C ) %Int 2 ) ) +Rat -1 *Int C ) ) )
#And
  #Not ( {
    sqrtHundredths ( makeRat ( A +Int B +Int C , 2 , gcdInt ( 2 , ( A +Int B +Int C ) %Int 2 ) ) *Rat ( makeRat ( A +Int B +Int C , 2 , gcdInt ( 2 , ( A +Int B +Int C ) %Int 2 ) ) +Rat -1 *Int A ) *Rat ( makeRat ( A +Int B +Int C , 2 , gcdInt ( 2 , ( A +Int B +Int C ) %Int 2 ) ) +Rat -1 *Int B ) *Rat ( makeRat ( A +Int B +Int C , 2 , gcdInt ( 2 , ( A +Int B +Int C ) %Int 2 ) ) +Rat -1 *Int C ) ) +Int 1
  #Equals
    sqrtHundredths ( makeRat ( A +Int B +Int C , 2 , gcdInt ( 2 , ( A +Int B +Int C ) %Int 2 ) ) *Rat ( makeRat ( A +Int B +Int C , 2 , gcdInt ( 2 , ( A +Int B +Int C ) %Int 2 ) ) +Rat -1 *Int A ) *Rat ( makeRat ( A +Int B +Int C , 2 , gcdInt ( 2 , ( A +Int B +Int C ) %Int 2 ) ) +Rat -1 *Int B ) *Rat ( makeRat ( A +Int B +Int C , 2 , gcdInt ( 2 , ( A +Int B +Int C ) %Int 2 ) ) +Rat -1 *Int C ) )
  } )
#And
  <triangle>
    <k>
      .K
    </k>
    <env>
      .Map
    </env>
    <functions>
      .Map
    </functions>
    <result>
      VRounded ( sqrtHundredths ( makeRat ( A +Int B +Int C , 2 , gcdInt ( 2 , ( A +Int B +Int C ) %Int 2 ) ) *Rat ( makeRat ( A +Int B +Int C , 2 , gcdInt ( 2 , ( A +Int B +Int C ) %Int 2 ) ) +Rat -1 *Int A ) *Rat ( makeRat ( A +Int B +Int C , 2 , gcdInt ( 2 , ( A +Int B +Int C ) %Int 2 ) ) +Rat -1 *Int B ) *Rat ( makeRat ( A +Int B +Int C , 2 , gcdInt ( 2 , ( A +Int B +Int C ) %Int 2 ) ) +Rat -1 *Int C ) ) )
    </result>
  </triangle>
#And
  {
    false
  #Equals
    A +Int B <=Int C
  }
#And
  {
    false
  #Equals
    A +Int C <=Int B
  }
#And
  {
    false
  #Equals
    B +Int C <=Int A
  }
#And
  {
    true
  #Equals
    A +Int B >Int C
  }
#And
  {
    true
  #Equals
    A +Int C >Int B
  }
#And
  {
    true
  #Equals
    B +Int C >Int A
  }
[Error] Prover: backend terminated because the configuration cannot be
rewritten further. See output for more details.
EXIT_STATUS: 1
