Script started on 2026-07-31 07:34:54-05:00 [<not executed on terminal>]
{
  "bijection": {
    "conjunct_hash_mismatches": [],
    "domain_count": 10,
    "domain_ids_unique": true,
    "obligation_count": 10,
    "obligation_ids_unique": true,
    "ordered_ids_equal": true,
    "source_count": 10,
    "source_ids_unique": true,
    "source_rules_exact": true
  },
  "manifest_cross_checks": {
    "audit_target_matches_observed": true,
    "generator_obligation_count_matches": true,
    "generator_obligation_map_hash_matches": true,
    "generator_target_matches_observed": true,
    "generator_tree_hash_matches": true,
    "input_discovery_hash_matches": true,
    "input_frozen_hash_matches": true,
    "input_inventory_hash_matches": true,
    "input_stage1_hash_matches": true,
    "input_verification_hash_matches": true
  },
  "recorded_hash_comparison": {
    "discovery_manifest_sha256": {
      "expected": "148e093570aa2a356c48e66b62d6bccd9e642567d946b04229f6b0d8d4416d9c",
      "match": true,
      "observed": "148e093570aa2a356c48e66b62d6bccd9e642567d946b04229f6b0d8d4416d9c"
    },
    "generated_tree_sha256": {
      "expected": "dbbc2d3db666269bdecc295225b44133e1f219d873e1cac19df1673ee79c0f7d",
      "match": true,
      "observed": "dbbc2d3db666269bdecc295225b44133e1f219d873e1cac19df1673ee79c0f7d"
    },
    "generation_producer_sources_sha256": {
      "expected": "388cac39f4f89b5a912d2628ef5c7963e791f5ed775cf1e9606fe64dcfd5f11e",
      "match": true,
      "observed": "388cac39f4f89b5a912d2628ef5c7963e791f5ed775cf1e9606fe64dcfd5f11e"
    },
    "k_audit_sha256": {
      "expected": "9cc20313ca2139d18ad4e8bec472ee64f08810e557b1a4ecfddb39c7546c34c6",
      "match": true,
      "observed": "9cc20313ca2139d18ad4e8bec472ee64f08810e557b1a4ecfddb39c7546c34c6"
    },
    "k_workspace_sha256": {
      "expected": "694bf92870c0ec0716a05cdec0d79cc5e5e94527637abe3b3b8af366671c94b0",
      "match": true,
      "observed": "694bf92870c0ec0716a05cdec0d79cc5e5e94527637abe3b3b8af366671c94b0"
    },
    "klean_generation_sha256": {
      "expected": "02bd2d0c9308827a53f90433b15fceaac95e59d41b536c38e0d922d1061c9ef0",
      "match": true,
      "observed": "02bd2d0c9308827a53f90433b15fceaac95e59d41b536c38e0d922d1061c9ef0"
    },
    "lean_workspace_sha256": {
      "expected": "42b35781c28ca95d4249524534a8c6ee1880e64e6d05325f68997cb79b0c045f",
      "match": true,
      "observed": "42b35781c28ca95d4249524534a8c6ee1880e64e6d05325f68997cb79b0c045f"
    },
    "stage1_export_sha256": {
      "expected": "e515106984f28be93a45d91ab30cb9ee4dcd945cd79857388cf110edebb420d4",
      "match": true,
      "observed": "e515106984f28be93a45d91ab30cb9ee4dcd945cd79857388cf110edebb420d4"
    }
  },
  "stage1_source_file_hashes": {
    "expected_count": 803,
    "extra": [],
    "mismatched": [],
    "missing": [],
    "observed_count": 803
  },
  "stage4_sidecar_hashes": {
    "export-result.json": "280aa2ad0d0b23038f372311acb5ff1a39cfc34d82a184baefa26e4452d07ed6",
    "generator-manifest.json": "c0ce5756f9c01af98165c317053b21dc51e984663a042a1eb4f47514a127c7d8",
    "input-manifest.json": "b045a087fc2c35dba2b6abaca15a4069ab7071e8fd208c170195815be5e9b163",
    "trust-inventory.json": "04a51c9bdb4a6761916f39a723571f05ba3e9c500cf507ced41556857644b285"
  },
  "target": {
    "binding_hash_mismatches": [],
    "expected_definition_matches_observed": true,
    "expected_definition_sha256": "1b3125aa6574304838e19004df800355d6a96a1f8ad1262817dcc3614b591446",
    "observed": {
      "declaration": "Klean155EvenOddCount.Lemmas.targetStatement",
      "definition_sha256": "1b3125aa6574304838e19004df800355d6a96a1f8ad1262817dcc3614b591446",
      "file": "Klean155EvenOddCount/Lemmas.lean",
      "parameters": [
        {
          "binding_sha256": "5348833c8e5b7364bd81fc0b873e0b43b194b6ba09be48f1900549c82440f3b2",
          "kore_symbol": "Lbl'Unds'-Int'Unds'",
          "name": "\u00ab_-Int_\u00bb",
          "source_rule_ids": [
            "rule-5a0a2cc7a4d444f988e3cebb6dc26aebd6f8dde901db6bda39bde915d219c1cb",
            "rule-72eaeaa9cbb5d008fe6415d81db969a48965568d1278c34ae925816b5e85b44f",
            "rule-316f5e2aa29d4aa0e25b0c2870a62f8dbc956a33e3070de5c80aafba74e0893d",
            "rule-e0dab4a9b20997030cfca78b7b30e2b46b8e7ec4b5649685518b6d53684edc98"
          ],
          "type": "SortInt \u2192 SortInt \u2192 SortInt"
        },
        {
          "binding_sha256": "a1e5560135eea4f0fb548058e21d7719fe4f62da6a93ece97e31cc03e979c9a0",
          "kore_symbol": "Lbl'Unds-GT-'Int'Unds'",
          "name": "\u00ab_>Int_\u00bb",
          "source_rule_ids": [
            "rule-2f7142f79fcc9e619c4580decceb38a73bb3716819a71c7503d94cb1dc77b79c",
            "rule-2a60622c3bbfa43590a66aa9e80b161f0edcd18ff09827cc120a8dec01c2e0b6",
            "rule-61db74cde356f6655a9b1b0684b4d8bce65291a3f9cd8deb327f942ea6a7d071",
            "rule-0f9ee7597728fa7f27d3d9ad4a8f4339e78c38563b31dbb6199eea9aa11d82ec",
            "rule-5a0a2cc7a4d444f988e3cebb6dc26aebd6f8dde901db6bda39bde915d219c1cb",
            "rule-72eaeaa9cbb5d008fe6415d81db969a48965568d1278c34ae925816b5e85b44f",
            "rule-316f5e2aa29d4aa0e25b0c2870a62f8dbc956a33e3070de5c80aafba74e0893d",
            "rule-e0dab4a9b20997030cfca78b7b30e2b46b8e7ec4b5649685518b6d53684edc98"
          ],
          "type": "SortInt \u2192 SortInt \u2192 SortBool"
        },
        {
          "binding_sha256": "b617aea681331b2cf64f444f227f9a6962ab5cbc67f7f45469c82e2610dee677",
          "kore_symbol": "Lbl'UndsEqlsEqls'Int'Unds'",
          "name": "\u00ab_==Int_\u00bb",
          "source_rule_ids": [
            "rule-bf2f17042baead9b767eb8154375d9748d18a100e17da03642a77cfe406ce383",
            "rule-b844cb11342eaa449e577cd7e74b99d3283bacf3b169e29c94235f1c7edc1748"
          ],
          "type": "SortInt \u2192 SortInt \u2192 SortBool"
        },
        {
          "binding_sha256": "77f88754d0fa2d7cf8022c648ac67193866a55154b63c0facf4f3f040874d031",
          "kore_symbol": "Lbl'UndsPerc'Int'Unds'",
          "name": "\u00ab_%Int_\u00bb",
          "source_rule_ids": [
            "rule-5a0a2cc7a4d444f988e3cebb6dc26aebd6f8dde901db6bda39bde915d219c1cb",
            "rule-72eaeaa9cbb5d008fe6415d81db969a48965568d1278c34ae925816b5e85b44f",
            "rule-316f5e2aa29d4aa0e25b0c2870a62f8dbc956a33e3070de5c80aafba74e0893d",
            "rule-e0dab4a9b20997030cfca78b7b30e2b46b8e7ec4b5649685518b6d53684edc98"
          ],
          "type": "SortInt \u2192 SortInt \u2192 SortInt"
        },
        {
          "binding_sha256": "afb90665be01c33aa0f2b96be682fa53c8eefcff496ad182bbaf5066e8a77d1a",
          "kore_symbol": "Lbl'UndsPlus'Int'Unds'",
          "name": "\u00ab_+Int_\u00bb",
          "source_rule_ids": [
            "rule-5a0a2cc7a4d444f988e3cebb6dc26aebd6f8dde901db6bda39bde915d219c1cb",
            "rule-72eaeaa9cbb5d008fe6415d81db969a48965568d1278c34ae925816b5e85b44f",
            "rule-316f5e2aa29d4aa0e25b0c2870a62f8dbc956a33e3070de5c80aafba74e0893d",
            "rule-e0dab4a9b20997030cfca78b7b30e2b46b8e7ec4b5649685518b6d53684edc98"
          ],
          "type": "SortInt \u2192 SortInt \u2192 SortInt"
        },
        {
          "binding_sha256": "f67769942af94f890da5a15cfe63ac369ce74964c69374181b64f539e9a0ade5",
          "kore_symbol": "Lbl'UndsSlsh'Int'Unds'",
          "name": "\u00ab_/Int_\u00bb",
          "source_rule_ids": [
            "rule-5a0a2cc7a4d444f988e3cebb6dc26aebd6f8dde901db6bda39bde915d219c1cb",
            "rule-72eaeaa9cbb5d008fe6415d81db969a48965568d1278c34ae925816b5e85b44f",
            "rule-316f5e2aa29d4aa0e25b0c2870a62f8dbc956a33e3070de5c80aafba74e0893d",
            "rule-e0dab4a9b20997030cfca78b7b30e2b46b8e7ec4b5649685518b6d53684edc98"
          ],
          "type": "SortInt \u2192 SortInt \u2192 SortInt"
        },
        {
          "binding_sha256": "4916bbefab2baa71208de623f3d9121468a4d06560a0ea443ee142e522858427",
          "kore_symbol": "LblabsInt'LParUndsRParUnds'INT-COMMON'Unds'Int'Unds'Int",
          "name": "\u00ababsInt(_)_INT-COMMON_Int_Int\u00bb",
          "source_rule_ids": [
            "rule-bf2f17042baead9b767eb8154375d9748d18a100e17da03642a77cfe406ce383",
            "rule-b844cb11342eaa449e577cd7e74b99d3283bacf3b169e29c94235f1c7edc1748",
            "rule-2f7142f79fcc9e619c4580decceb38a73bb3716819a71c7503d94cb1dc77b79c",
            "rule-2a60622c3bbfa43590a66aa9e80b161f0edcd18ff09827cc120a8dec01c2e0b6",
            "rule-61db74cde356f6655a9b1b0684b4d8bce65291a3f9cd8deb327f942ea6a7d071",
            "rule-0f9ee7597728fa7f27d3d9ad4a8f4339e78c38563b31dbb6199eea9aa11d82ec"
          ],
          "type": "SortInt \u2192 SortInt"
        },
        {
          "binding_sha256": "9db1c14d8643abb269afe3a600330457ae351e0bbe20d1df065734d164e9c7d3",
          "kore_symbol": "LbldecEven'LParUndsRParUnds'VERIFICATION'Unds'Int'Unds'Int",
          "name": "\u00abdecEven(_)_VERIFICATION_Int_Int\u00bb",
          "source_rule_ids": [
            "rule-bf2f17042baead9b767eb8154375d9748d18a100e17da03642a77cfe406ce383",
            "rule-2f7142f79fcc9e619c4580decceb38a73bb3716819a71c7503d94cb1dc77b79c",
            "rule-2a60622c3bbfa43590a66aa9e80b161f0edcd18ff09827cc120a8dec01c2e0b6"
          ],
          "type": "SortInt \u2192 SortInt"
        },
        {
          "binding_sha256": "589482c0bd6e0434c1b28dbe2a18ef09bd42b5ae568b72f8d6454eb92e265fa4",
          "kore_symbol": "LbldecOdd'LParUndsRParUnds'VERIFICATION'Unds'Int'Unds'Int",
          "name": "\u00abdecOdd(_)_VERIFICATION_Int_Int\u00bb",
          "source_rule_ids": [
            "rule-b844cb11342eaa449e577cd7e74b99d3283bacf3b169e29c94235f1c7edc1748",
            "rule-61db74cde356f6655a9b1b0684b4d8bce65291a3f9cd8deb327f942ea6a7d071",
            "rule-0f9ee7597728fa7f27d3d9ad4a8f4339e78c38563b31dbb6199eea9aa11d82ec"
          ],
          "type": "SortInt \u2192 SortInt"
        },
        {
          "binding_sha256": "aa9b268d83adbaf910167220c01a97df9fc2d643f65ef00f19de00fcdd1e0f46",
          "kore_symbol": "LblevenPos'LParUndsRParUnds'VERIFICATION'Unds'Int'Unds'Int",
          "name": "\u00abevenPos(_)_VERIFICATION_Int_Int\u00bb",
          "source_rule_ids": [
            "rule-2f7142f79fcc9e619c4580decceb38a73bb3716819a71c7503d94cb1dc77b79c",
            "rule-2a60622c3bbfa43590a66aa9e80b161f0edcd18ff09827cc120a8dec01c2e0b6",
            "rule-5a0a2cc7a4d444f988e3cebb6dc26aebd6f8dde901db6bda39bde915d219c1cb",
            "rule-72eaeaa9cbb5d008fe6415d81db969a48965568d1278c34ae925816b5e85b44f"
          ],
          "type": "SortInt \u2192 SortInt"
        },
        {
          "binding_sha256": "2ced8fe1fe7fecb9f440f73f24a7096bc0f8b27189c2f66dcf3c9b2940d7bfee",
          "kore_symbol": "LbloddPos'LParUndsRParUnds'VERIFICATION'Unds'Int'Unds'Int",
          "name": "\u00aboddPos(_)_VERIFICATION_Int_Int\u00bb",
          "source_rule_ids": [
            "rule-61db74cde356f6655a9b1b0684b4d8bce65291a3f9cd8deb327f942ea6a7d071",
            "rule-0f9ee7597728fa7f27d3d9ad4a8f4339e78c38563b31dbb6199eea9aa11d82ec",
            "rule-316f5e2aa29d4aa0e25b0c2870a62f8dbc956a33e3070de5c80aafba74e0893d",
            "rule-e0dab4a9b20997030cfca78b7b30e2b46b8e7ec4b5649685518b6d53684edc98"
          ],
          "type": "SortInt \u2192 SortInt"
        }
      ],
      "statement": "Klean155EvenOddCount.Lemmas.targetStatement \u00ab_-Int_\u00bb \u00ab_>Int_\u00bb \u00ab_==Int_\u00bb \u00ab_%Int_\u00bb \u00ab_+Int_\u00bb \u00ab_/Int_\u00bb \u00ababsInt(_)_INT-COMMON_Int_Int\u00bb \u00abdecEven(_)_VERIFICATION_Int_Int\u00bb \u00abdecOdd(_)_VERIFICATION_Int_Int\u00bb \u00abevenPos(_)_VERIFICATION_Int_Int\u00bb \u00aboddPos(_)_VERIFICATION_Int_Int\u00bb",
      "statement_sha256": "64f32e5bf396b4786df83e6b17fe3992fc262c5abfd98180547f2a1b7cd488eb"
    },
    "statement_hash_recomputed": "64f32e5bf396b4786df83e6b17fe3992fc262c5abfd98180547f2a1b7cd488eb"
  },
  "unmounted_recorded_hashes_not_recomputed": [
    "lean_invocation_sha256"
  ]
}

Script done on 2026-07-31 07:34:54-05:00 [COMMAND_EXIT_CODE="0"]
