Script started on 2026-07-31 07:42:38-05:00 [<not executed on terminal>]
$ lake clean
EXIT 0
$ lake build
✔ [3/8] Built Klean155EvenOddCount.Prelude
✔ [4/8] Built Klean155EvenOddCount.Sorts
✔ [5/8] Built Klean155EvenOddCount.Inj
⚠ [6/8] Built Klean155EvenOddCount.Lemmas
warning: Klean155EvenOddCount/Lemmas.lean:22:22: unused variable `h`

Note: This linter can be disabled with `set_option linter.unusedVariables false`
warning: Klean155EvenOddCount/Lemmas.lean:23:24: unused variable `h`

Note: This linter can be disabled with `set_option linter.unusedVariables false`
warning: Klean155EvenOddCount/Lemmas.lean:24:24: unused variable `h`

Note: This linter can be disabled with `set_option linter.unusedVariables false`
warning: Klean155EvenOddCount/Lemmas.lean:25:24: unused variable `h`

Note: This linter can be disabled with `set_option linter.unusedVariables false`
warning: Klean155EvenOddCount/Lemmas.lean:26:24: unused variable `h`

Note: This linter can be disabled with `set_option linter.unusedVariables false`
warning: Klean155EvenOddCount/Lemmas.lean:27:24: unused variable `h`

Note: This linter can be disabled with `set_option linter.unusedVariables false`
warning: Klean155EvenOddCount/Lemmas.lean:28:38: unused variable `h`

Note: This linter can be disabled with `set_option linter.unusedVariables false`
warning: Klean155EvenOddCount/Lemmas.lean:29:38: unused variable `h`

Note: This linter can be disabled with `set_option linter.unusedVariables false`
warning: Klean155EvenOddCount/Lemmas.lean:30:38: unused variable `h`

Note: This linter can be disabled with `set_option linter.unusedVariables false`
warning: Klean155EvenOddCount/Lemmas.lean:31:38: unused variable `h`

Note: This linter can be disabled with `set_option linter.unusedVariables false`
✔ [7/8] Built Proof
Build completed successfully.
EXIT 0

Script done on 2026-07-31 07:43:10-05:00 [COMMAND_EXIT_CODE="0"]
