Script started on 2026-07-29 12:18:30-05:00 [<not executed on terminal>]
{
  "by_classification": {
    "FIXED_MATERIAL": 84,
    "FIXED_UNUSED": 823,
    "OPERATIONAL_BRIDGE": 1,
    "PROOF_EXTENSION": 23,
    "REACHABILITY_CLAIM": 2,
    "RUNTIME_ONLY_UNUSED": 21
  },
  "by_file": {
    "connection-spec.k": 1,
    "reference-semantics/semantics/assert.k": 3,
    "reference-semantics/semantics/bool.k": 14,
    "reference-semantics/semantics/builtins.k": 175,
    "reference-semantics/semantics/call.k": 24,
    "reference-semantics/semantics/comprehension.k": 10,
    "reference-semantics/semantics/concrete.k": 21,
    "reference-semantics/semantics/controls.k": 37,
    "reference-semantics/semantics/core.k": 84,
    "reference-semantics/semantics/dict.k": 40,
    "reference-semantics/semantics/float.k": 155,
    "reference-semantics/semantics/functions.k": 19,
    "reference-semantics/semantics/int.k": 17,
    "reference-semantics/semantics/iter.k": 1,
    "reference-semantics/semantics/list.k": 32,
    "reference-semantics/semantics/methods.k": 102,
    "reference-semantics/semantics/operators.k": 12,
    "reference-semantics/semantics/range.k": 8,
    "reference-semantics/semantics/set.k": 18,
    "reference-semantics/semantics/sort.k": 25,
    "reference-semantics/semantics/str.k": 33,
    "reference-semantics/semantics/subscript.k": 57,
    "reference-semantics/semantics/syntax.k": 16,
    "reference-semantics/semantics/tuple.k": 25,
    "spec.k": 1,
    "verification-base.k": 23,
    "verification.k": 1
  },
  "by_kind": {
    "claim": 2,
    "configuration": 1,
    "context": 5,
    "rule": 713,
    "syntax": 233
  },
  "inventory_sha256": "47529db7dbb30d620556154da547d09b36ce93e75ceca8da916bf02e40b1ac4b",
  "total": 954
}

Script done on 2026-07-29 12:18:30-05:00 [COMMAND_EXIT_CODE="0"]
