Script started on 2026-07-29 12:20:14-05:00 [<not executed on terminal>]
+ python3 /audit-output/evidence/stage6_prepare.py
mutation /tmp/audit-work/reconstruction/stage6-false-result.k
satisfying_input [5, 8, 7, 1]
true_result 12
mutated_result 13
EXIT: 0
+ kprove stage6-false-result.k --definition auditor-verification-kompiled --spec-module STAGE6-FALSE-RESULT --dry-run --output none
kore-exec /tmp/audit-work/reconstruction/./auditor-verification-kompiled/definition.kore --module VERIFICATION --prove /tmp/.kprove-2026-07-29-12-20-14-800-6cc3462e-bfb3-4b6d-a57e-9f3110724f91/spec.kore --spec-module STAGE6-FALSE-RESULT --output /tmp/.kprove-2026-07-29-12-20-14-800-6cc3462e-bfb3-4b6d-a57e-9f3110724f91/result.kore
[Warning] Compiler: Variable 'As' defined but not used. Prefix variable name
with underscore if this is intentional.
	Source(/tmp/audit-work/reconstruction/reference-semantics/semantics/str.k)
	Location(52,27,52,29)
	52 |	  rule strLt(iCons(A:Int, As:IntSeq), iCons(B:Int, Bs:IntSeq)) => true   
      requires A  <Int B
	   .	                          ^~
[Warning] Compiler: Variable 'Bs' defined but not used. Prefix variable name
with underscore if this is intentional.
	Source(/tmp/audit-work/reconstruction/reference-semantics/semantics/str.k)
	Location(52,52,52,54)
	52 |	  rule strLt(iCons(A:Int, As:IntSeq), iCons(B:Int, Bs:IntSeq)) => true   
      requires A  <Int B
	   .	                                                   ^~
[Warning] Compiler: Variable 'As' defined but not used. Prefix variable name
with underscore if this is intentional.
	Source(/tmp/audit-work/reconstruction/reference-semantics/semantics/str.k)
	Location(53,27,53,29)
	53 |	  rule strLt(iCons(A:Int, As:IntSeq), iCons(B:Int, Bs:IntSeq)) => false  
      requires A  >Int B
	   .	                          ^~
[Warning] Compiler: Variable 'Bs' defined but not used. Prefix variable name
with underscore if this is intentional.
	Source(/tmp/audit-work/reconstruction/reference-semantics/semantics/str.k)
	Location(53,52,53,54)
	53 |	  rule strLt(iCons(A:Int, As:IntSeq), iCons(B:Int, Bs:IntSeq)) => false  
      requires A  >Int B
	   .	                                                   ^~
[Warning] Compiler: Variable 'ALL' defined but not used. Prefix variable name
with underscore if this is intentional.
	Source(/tmp/audit-work/reconstruction/verification.k)
	Location(38,29,38,32)
	38 |	        "lst"      |-> list(ALL:ValSeq)
	   .	                            ^~~
[Warning] Compiler: Variable 'PARENT' defined but not used. Prefix variable
name with underscore if this is intentional.
	Source(/tmp/audit-work/reconstruction/verification.k)
	Location(42,9,42,15)
	42 |	        PARENT:Parent
	   .	        ^~~~~~
[0m[0mEXIT: 0
+ kprove stage6-false-result.k --definition auditor-verification-kompiled --spec-module STAGE6-FALSE-RESULT
kore-exec: [1964094] Warning (WarnStuckClaimState):
    The configuration's term doesn't unify with the destination's term and the configuration cannot be rewritten further. Location: /tmp/audit-work/reconstruction/stage6-false-result.k:7:5-92:31
Context:
    (InfoReachability) while checking the implication
<generatedTop>
  <k>
    12 ~> .K
  </k>
  <env>
    0
  </env>
  <scopes>
    -1 |-> scope ( "abs" |-> builtinV ( "abs" )
    "all" |-> builtinV ( "all" )
    "any" |-> builtinV ( "any" )
    "bin" |-> builtinV ( "bin" )
    "chr" |-> builtinV ( "chr" )
    "enumerate" |-> builtinV ( "enumerate" )
    "eval" |-> builtinV ( "eval" )
    "float" |-> typeV ( "float" )
    "int" |-> typeV ( "int" )
    "isinstance" |-> builtinV ( "isinstance" )
    "len" |-> builtinV ( "len" )
    "list" |-> builtinV ( "list" )
    "map" |-> builtinV ( "map" )
    "max" |-> builtinV ( "max" )
    "min" |-> builtinV ( "min" )
    "ord" |-> builtinV ( "ord" )
    "range" |-> builtinV ( "range" )
    "round" |-> builtinV ( "round" )
    "set" |-> builtinV ( "set" )
    "sorted" |-> builtinV ( "sorted" )
    "str" |-> typeV ( "str" )
    "sum" |-> builtinV ( "sum" )
    "zip" |-> builtinV ( "zip" ) , root )
    0 |-> scope ( "solution" |-> closureVal ( "lst" , .ParamNames , Assign ( Name ( "result" ) , Int ( 0 ) )  Assign ( Name ( "position" ) , Int ( 0 ) )  Assign ( Name ( "value" ) , Int ( 0 ) )  For ( Name ( "value" ) , Name ( "lst" ) , If ( Compare ( BinOp ( "%" , Name ( "position" ) , Int ( 2 ) ) , CmpOp ( "==" , Int ( 0 ) ) ) , If ( Compare ( BinOp ( "%" , Name ( "value" ) , Int ( 2 ) ) , CmpOp ( "!=" , Int ( 0 ) ) ) , AugAssign ( Name ( "result" ) , "+" , Name ( "value" ) )  .Stmts , .Stmts )  .Stmts , .Stmts )  AugAssign ( Name ( "position" ) , "+" , Int ( 1 ) )  .Stmts )  Return ( Name ( "result" ) )  .Stmts , 0 ) , parent ( -1 ) )
  </scopes>
  <scopeLoc>
    1
  </scopeLoc>
  <heap>
    .Map
  </heap>
  <heapLoc>
    0
  </heapLoc>
  <stack>
    .List
  </stack>
  <ret>
    noRet
  </ret>
  <exc>
    NoExc
  </exc>
  <exit-code>
    0
  </exit-code>
</generatedTop>
[Warning] Compiler: Variable 'As' defined but not used. Prefix variable name
with underscore if this is intentional.
	Source(/tmp/audit-work/reconstruction/reference-semantics/semantics/str.k)
	Location(52,27,52,29)
	52 |	  rule strLt(iCons(A:Int, As:IntSeq), iCons(B:Int, Bs:IntSeq)) => true   
      requires A  <Int B
	   .	                          ^~
[Warning] Compiler: Variable 'Bs' defined but not used. Prefix variable name
with underscore if this is intentional.
	Source(/tmp/audit-work/reconstruction/reference-semantics/semantics/str.k)
	Location(52,52,52,54)
	52 |	  rule strLt(iCons(A:Int, As:IntSeq), iCons(B:Int, Bs:IntSeq)) => true   
      requires A  <Int B
	   .	                                                   ^~
[Warning] Compiler: Variable 'As' defined but not used. Prefix variable name
with underscore if this is intentional.
	Source(/tmp/audit-work/reconstruction/reference-semantics/semantics/str.k)
	Location(53,27,53,29)
	53 |	  rule strLt(iCons(A:Int, As:IntSeq), iCons(B:Int, Bs:IntSeq)) => false  
      requires A  >Int B
	   .	                          ^~
[Warning] Compiler: Variable 'Bs' defined but not used. Prefix variable name
with underscore if this is intentional.
	Source(/tmp/audit-work/reconstruction/reference-semantics/semantics/str.k)
	Location(53,52,53,54)
	53 |	  rule strLt(iCons(A:Int, As:IntSeq), iCons(B:Int, Bs:IntSeq)) => false  
      requires A  >Int B
	   .	                                                   ^~
[Warning] Compiler: Variable 'ALL' defined but not used. Prefix variable name
with underscore if this is intentional.
	Source(/tmp/audit-work/reconstruction/verification.k)
	Location(38,29,38,32)
	38 |	        "lst"      |-> list(ALL:ValSeq)
	   .	                            ^~~
[Warning] Compiler: Variable 'PARENT' defined but not used. Prefix variable
name with underscore if this is intentional.
	Source(/tmp/audit-work/reconstruction/verification.k)
	Location(42,9,42,15)
	42 |	        PARENT:Parent
	   .	        ^~~~~~
[Error] Prover: backend terminated because the configuration cannot be
rewritten further. See output for more details.
[0m[0mEXIT: 1 (expected nonzero)

Script done on 2026-07-29 12:20:22-05:00 [COMMAND_EXIT_CODE="0"]
