COMMAND: bash -c $'set -euo pipefail\nsha256sum /audit-output/REVIEW.md\nfind /audit-output/evidence -type f ! -name stage7-evidence-manifest.log -print0 | sort -z | xargs -0 sha256sum'
WORKING_DIRECTORY: /audit-output
OUTPUT_BEGIN
5323d37b4aa42cb056e4daeae4822c73c81747672cc92f7c5a061d859f6ee0f4  /audit-output/REVIEW.md
ee888f9929a73990697d15bd34c6543e53bc0e0d7a389addea07c6637f6b109b  /audit-output/evidence/__pycache__/stage3-concrete-harness.cpython-310.pyc
763b43c631c08eaf62b0f88cb3fb3fd5c0b44fbbec02540d7db6734504c377fd  /audit-output/evidence/differential_test.py
292015dc8f92274e78a0fa511805017ca1bee32f1ba3f763cf37695f56ec3bad  /audit-output/evidence/integrity_audit.py
19d64945a33f9ac9416b547d726df19ea6a70f481ae2e3b886bf84e7515e0bbd  /audit-output/evidence/rule_inventory.py
8de8e4270b14a77cd0f4b9830b94831ebc84788cc8b5d3a3b97a7b764123373a  /audit-output/evidence/run_logged.sh
1d41adfaa012d37d66f1d1a67792ae61ffbfd143bf6659db4492c886047e12b5  /audit-output/evidence/stage1-integrity.log
2f7bef9f744693897aabcb7fca28ee3141137e30c98d0c8f981399dca56d4711  /audit-output/evidence/stage1-scratch-copy.log
00136e5969aa5fadf4644cb6b854637f791bfe106347f5f4fc4797a21ef8d1fc  /audit-output/evidence/stage1-untrusted-claims.log
7c303a2c3de6616569c6a62d612a7770603512cb18466fd51ec4fff695f7d4c1  /audit-output/evidence/stage2-differential.log
22e836603c9a202e3f744882b06487f2138e7990b312f2735a6239a35e3f14a8  /audit-output/evidence/stage2-inputs.jsonl
4af7f28f4154c777fa3247014d0fd410b3055f3001467db17d3cdcd37c3baec0  /audit-output/evidence/stage2-translation.log
a68524a87120d03c3cc0f83cb4689a587eb327b5f6a2c7d9368042909130d4b0  /audit-output/evidence/stage3-artifact-preparation.log
5e59356c276c2e5c854e2f4eb4deb29ab7f59e424e9735f775088ed26b46ac10  /audit-output/evidence/stage3-build-haskell.log
a02ce031739f2f912598ea2bd739cd635c799ed0112e8788825ec9093a9db00e  /audit-output/evidence/stage3-build-llvm.log
f52a9f005687de2f997f11881b1ede33c269ca59e283dea74668865fb1f477f0  /audit-output/evidence/stage3-concrete-harness.py
64a60042447dcb831b0760b5895813f9a9e8ddc4044a06f13675d141810ab6cb  /audit-output/evidence/stage3-kprove-k-positive.log
fe4a9d75444d8bf39c890df847f209d03db05446f158a729ff8c464e0e2dafa0  /audit-output/evidence/stage3-kprove-k0.log
08110badbbc3b65b0c10c3dcfe62665fc538e0efd15a5df21d3cc21321624ee3  /audit-output/evidence/stage3-kprove-original-aggregate.log
02ac6b2cdae647d966e0fbe463afe32e9c119fc8293d032792a4e3b5a870bd7b  /audit-output/evidence/stage3-krun-harness.log
46078b780a61e23d66d60d7d3207666a1a336eef4159e8548b98ac1585c3dd14  /audit-output/evidence/stage3-krun-submitted.log
ad17028330917551a6715da36d716d3bfba896dbfefbec80063fae0b9b85f4a1  /audit-output/evidence/stage3-spec-k-positive.k
d57eeb8184cdd9110d1c544697972a314f3f128d9634d73d97c72f81ed21512e  /audit-output/evidence/stage3-spec-k0.k
ecbc8e4c2b96f4951060ae79535693a93b9188a44680f76c30190592e6d7099d  /audit-output/evidence/stage4-witnesses.log
7947808198855a2146328036b2e167e1b7b510dd931bac785dbd9726fda4ab60  /audit-output/evidence/stage4-witnesses.py
5e298a5f27bcef1d6e2f92cdb80c079b7701c3f8fd8faddc055f33678c559a53  /audit-output/evidence/stage5-body-mutation-build.log
58a6705af4c997dda33ece557078480d403a3028f7b8602819ad0c7c6d79b175  /audit-output/evidence/stage5-body-mutation-prepare.log
ee4d69ec1853ba1deebad813a131c9892caac5e96f3c745cc3a3ebc85a7cded1  /audit-output/evidence/stage5-body-mutation-proof-valid.log
3044f6b1cc25261a7b7bf1959511a6c7a77eccb007c0c9f0649d5505e259b5de  /audit-output/evidence/stage5-body-mutation-proof.log
15d1bac05cb44ac1bc1e2b517f1c300b46739d5d8e22ac614f92d9c520db12df  /audit-output/evidence/stage5-body-mutation-spec-prepare.log
f4dd304a7fbd68cfc20d8142bb819bae9a2f03036dc79d348e07bf6b2190859d  /audit-output/evidence/stage5-body-mutation-spec.k
21591930cfbe25e29997ac0d999865e7942a76e974063afef3f398808c2b1ed4  /audit-output/evidence/stage5-inventory-generation.log
8784692fe23fee5b2387a74e0fef82fbe688093778c1233f9a2f81556888fa1a  /audit-output/evidence/stage5-rule-inventory.jsonl
9d139dad990b622cf9fd00d0665601fb7fdf2463dc713cc40a7f3942c49127b5  /audit-output/evidence/stage5-rule-inventory.md
d79c56740d723b5ce9aee423dbea0bd302204331e27388bd7c006e5f48fb67d7  /audit-output/evidence/stage5-used-construct-map.md
bd0f941d7d472766dfef39fa1b53e05fcd6ee1184a5498cc13275d105db0c56f  /audit-output/evidence/stage5-verification-body-mutation.k
d70bd4d43677c11de3e881aabe119e73f52a4eb4a09afc397a2152fa4e0f1f0a  /audit-output/evidence/stage6-mutation-dry-run.log
14fd9dddb27fed1b327c1e453a62cb00486d3f6c583db1280c9935c4c07b0f53  /audit-output/evidence/stage6-mutation-prepare.log
1057a8627a3ffca8f29fc14056b2fc09d262d1574a111dd82c12668d7b3faad5  /audit-output/evidence/stage6-mutation-proof.log
d88565e2160a1eae0d0d611aeebe143b044806f2e3ba5124c5a6793e0d5bd60b  /audit-output/evidence/stage6-mutation-witness.log
d8e5b48bad9135ada28972304a9be6a0bf17577520460ca35e863be61e8dd541  /audit-output/evidence/stage6-mutation-witness.py
62430bd74c85482632abf0c5a557603ebe7afe4b27e584f760f7c1930addd77b  /audit-output/evidence/stage6-spec-vacuity.k
d1db254608449eed95817a144c22a8d397ca66e39207e94f6e8df28fddf31255  /audit-output/evidence/stage7-toolchain.log
OUTPUT_END
EXIT_STATUS: 0
