MUTATION: verification-body-mutation.k changes the #entryBody final Return(Bool(true)) to Return(Bool(false)).
This changes the macro term executed by entry-large-prefix; its explicit RHS remains the original submitted remainder.
--- verification.k	2026-07-26 14:48:24.154185515 -0500
+++ verification-body-mutation.k	2026-07-26 14:56:47.134393077 -0500
@@ -35,7 +35,7 @@
          .Stmts)
        Assign(Name("divisor"), Int(2))
        While(#primeCond, #primeLoopBody)
-       Return(Bool(true))
+       Return(Bool(false))
 
   // Executable mathematical specification.  For n >= 2, trialPrime(n,d)
   // says that no divisor at or above d and at or below sqrt(n) divides n.
COMMAND: kompile verification-body-mutation.k --backend haskell --main-module VERIFICATION --syntax-module MPY-SYNTAX --output-definition body-mutation-kompiled
[Warning] Compiler: Variable 'As' defined but not used. Prefix variable name
with underscore if this is intentional.
	Source(/tmp/audit-work/31-is-prime-audit/reference-semantics/semantics/str.k)
	Location(52,27,52,29)
	52 |	  rule strLt(iCons(A:Int, As:IntSeq), iCons(B:Int, Bs:IntSeq)) => true   
      requires A  <Int B
	   .	                          ^~
[Warning] Compiler: Variable 'Bs' defined but not used. Prefix variable name
with underscore if this is intentional.
	Source(/tmp/audit-work/31-is-prime-audit/reference-semantics/semantics/str.k)
	Location(52,52,52,54)
	52 |	  rule strLt(iCons(A:Int, As:IntSeq), iCons(B:Int, Bs:IntSeq)) => true   
      requires A  <Int B
	   .	                                                   ^~
[Warning] Compiler: Variable 'As' defined but not used. Prefix variable name
with underscore if this is intentional.
	Source(/tmp/audit-work/31-is-prime-audit/reference-semantics/semantics/str.k)
	Location(53,27,53,29)
	53 |	  rule strLt(iCons(A:Int, As:IntSeq), iCons(B:Int, Bs:IntSeq)) => false  
      requires A  >Int B
	   .	                          ^~
[Warning] Compiler: Variable 'Bs' defined but not used. Prefix variable name
with underscore if this is intentional.
	Source(/tmp/audit-work/31-is-prime-audit/reference-semantics/semantics/str.k)
	Location(53,52,53,54)
	53 |	  rule strLt(iCons(A:Int, As:IntSeq), iCons(B:Int, Bs:IntSeq)) => false  
      requires A  >Int B
	   .	                                                   ^~
EXIT_STATUS (compile): 0
COMMAND: kast #entryBody from mutated definition
EXIT_STATUS (kast): 0
COMMAND: constructor comparison against submitted body (expected mismatch)
function_name="is_prime"
parameters=['"n"']
body_statement_count=4
entry_macro_equals_submitted_body=False
condition_macro_equals_submitted_while_condition=True
loop_macro_equals_submitted_while_body=True
EXIT_STATUS (constructor comparison, expected 1): 1
COMMAND: kprove mutated entry-large-prefix claim (expected proof failure)
kore-exec: [1584189] Warning (WarnStuckClaimState):
    The configuration's term doesn't unify with the destination's term and the configuration cannot be rewritten further. Location: /tmp/audit-work/31-is-prime-audit/spec-body-mutation.k:98:5-112:37
Context:
    (InfoReachability) while checking the implication
kore-exec: [1586589] Warning (WarnUnexploredBranches):
    3 branches were still unexplored when the action failed.
  #Not ( {
    _Gen12
  #Equals
    noRet
  } )
#And
  <generatedTop>
    <k>
      Return ( false ) ~> .Stmts ~> #endcall ~> .K
    </k>
    <env>
      1
    </env>
    <scopes>
      1 |-> scope ( "divisor" |-> 2
      "n" |-> N:Int , parent ( 0 ) )
      SC
    </scopes>
    <scopeLoc>
      _Gen8
    </scopeLoc>
    <heap>
      _Gen9
    </heap>
    <heapLoc>
      _Gen10
    </heapLoc>
    <stack>
      _Gen11
    </stack>
    <ret>
      _Gen12
    </ret>
    <exc>
      _Gen13
    </exc>
    <exit-code>
      _Gen14
    </exit-code>
  </generatedTop>
#And
  {
    false
  #Equals
    1 in_keys ( SC )
  }
#And
  {
    false
  #Equals
    4 <=Int N
  }
#And
  {
    false
  #Equals
    N <Int 2
  }
#And
  {
    true
  #Equals
    N >=Int 2
  }
[Warning] Compiler: Variable 'As' defined but not used. Prefix variable name
with underscore if this is intentional.
	Source(/tmp/audit-work/31-is-prime-audit/reference-semantics/semantics/str.k)
	Location(52,27,52,29)
	52 |	  rule strLt(iCons(A:Int, As:IntSeq), iCons(B:Int, Bs:IntSeq)) => true   
      requires A  <Int B
	   .	                          ^~
[Warning] Compiler: Variable 'Bs' defined but not used. Prefix variable name
with underscore if this is intentional.
	Source(/tmp/audit-work/31-is-prime-audit/reference-semantics/semantics/str.k)
	Location(52,52,52,54)
	52 |	  rule strLt(iCons(A:Int, As:IntSeq), iCons(B:Int, Bs:IntSeq)) => true   
      requires A  <Int B
	   .	                                                   ^~
[Warning] Compiler: Variable 'As' defined but not used. Prefix variable name
with underscore if this is intentional.
	Source(/tmp/audit-work/31-is-prime-audit/reference-semantics/semantics/str.k)
	Location(53,27,53,29)
	53 |	  rule strLt(iCons(A:Int, As:IntSeq), iCons(B:Int, Bs:IntSeq)) => false  
      requires A  >Int B
	   .	                          ^~
[Warning] Compiler: Variable 'Bs' defined but not used. Prefix variable name
with underscore if this is intentional.
	Source(/tmp/audit-work/31-is-prime-audit/reference-semantics/semantics/str.k)
	Location(53,52,53,54)
	53 |	  rule strLt(iCons(A:Int, As:IntSeq), iCons(B:Int, Bs:IntSeq)) => false  
      requires A  >Int B
	   .	                                                   ^~
[Error] Prover: backend terminated because the configuration cannot be
rewritten further. See output for more details.
EXIT_STATUS (proof, expected nonzero): 1
EXPECTED_FAILURES_OBSERVED: constructor_status=1 proof_status=1
FAILURE_COUNT: 0
RECORDED_PIPELINE_EXIT_STATUS: 0
