COMMAND: /audit-output/evidence/k_inventory.py
EXIT_STATUS: 0
OUTPUT_BEGIN
inventory_path=/audit-output/evidence/k-rule-inventory.tsv
program_path_inventory=/audit-output/evidence/k-program-path-inventory.tsv
source_file_count=26
entity_count=933
entity_counts=claim:1,configuration:1,context:5,rule:697,syntax:229
tag_counts=concrete:35,function:145,macro:5,macro-rec:1,no-evaluators:22,owise:26,priority:45,seqstrict:1,strict:2,symbol:25,total:107
file_count semantics/assert.k 3
file_count semantics/bool.k 14
file_count semantics/builtins.k 175
file_count semantics/call.k 24
file_count semantics/comprehension.k 10
file_count semantics/concrete.k 21
file_count semantics/controls.k 37
file_count semantics/core.k 84
file_count semantics/dict.k 40
file_count semantics/float.k 155
file_count semantics/functions.k 19
file_count semantics/int.k 17
file_count semantics/iter.k 1
file_count semantics/list.k 32
file_count semantics/methods.k 102
file_count semantics/operators.k 12
file_count semantics/range.k 8
file_count semantics/set.k 18
file_count semantics/sort.k 25
file_count semantics/str.k 33
file_count semantics/subscript.k 57
file_count semantics/syntax.k 16
file_count semantics/tuple.k 25
file_count spec.k 1
file_count verification.k 4
program_path_entity_count=54
OUTPUT_END
