COMMAND
PYTHONPATH=/reference python3 /audit-output/evidence/stage4_structural_check.py

EXIT CODE
0

OUTPUT
{
  "actual_target": null,
  "all_checks_pass": true,
  "checks": {
    "all_772_stage1_file_hashes_match": true,
    "discovery_hashes_match": true,
    "domain_source_rules_exact": true,
    "generated_tree_hash_matches": true,
    "genuinely_empty_domain_set": true,
    "input_definitions_exact": true,
    "input_workspace_hashes_match": true,
    "inventory_hashes_match": true,
    "launcher_hashes_all_match": true,
    "launcher_mode_matches_environment": true,
    "no_generated_target": true,
    "no_stage5_candidate": true,
    "obligation_map_hash_matches": true,
    "producer_file_hashes_match_generator_manifest": true,
    "producer_file_hashes_match_source_manifest": true,
    "producer_image_ids_match": true,
    "source_rule_obligation_ids_bijective": true,
    "stored_preflight_hashes_match": true,
    "toolchain_lock_exact": true,
    "trust_inventory_hash_matches_export_result": true,
    "verification_hash_matches": true
  },
  "classification_counts": {
    "DEFINITION": 10,
    "DOMAIN_LEMMA": 0,
    "OPERATIONAL_RULE": 0,
    "PROVED_DERIVED_LEMMA": 0
  },
  "expected_target_definition": null,
  "export_status": "KLEAN_NO_OBLIGATIONS",
  "launcher_hashes_observed": {
    "discovery_manifest_sha256": "7322576a4e6aaa80cdf8257f58a0e02b0f81d81f5774f26b766d9b57594ec6bf",
    "generated_tree_sha256": "8bd83d2ca469c14bdf1c2fd4f2772eb69f224c37b47519391e60e74706305b67",
    "generation_producer_sources_sha256": "388cac39f4f89b5a912d2628ef5c7963e791f5ed775cf1e9606fe64dcfd5f11e",
    "k_audit_sha256": "4a07925b0c2877940dd707ada66588ef7545e50c23555641c514b1d7055e6343",
    "k_workspace_sha256": "b4513074913cb97950daedca084c75783fe0509799730fa016ae8476f56bd8b5",
    "klean_generation_sha256": "0c136b46d113e815eaca9c7e6bb52d361ea7e01f2a08343648ae2f40396b3204",
    "lean_invocation_sha256": null,
    "lean_workspace_sha256": null,
    "stage1_export_sha256": "9815b2a46d63384958c872381ed055cb7ae67ddea907e6c0f6ecd3964448aaeb"
  },
  "obligation_count": 0,
  "producer_files": {
    "klean.py": "42a38e6d65b74af3536acc49947b7cfbac809406bdfe5549841e3132af5a5c4d",
    "klean_export.py": "bbd11ce0fe6ac12ea89d4bdc70c260044bc9f87c987ff310684b637ea6464a07"
  },
  "producer_image": "sha256:f884238cea5ab1ed0da0a75d0c9a29ac4abe988616c3f493ba60e74ca3290cf7",
  "raw_target_statement_occurrences": 0,
  "source_rule_count": 0,
  "stage1_file_hash_count": 772,
  "stored_preflight_status": "KLEAN_NO_OBLIGATIONS",
  "trust_declaration_count": 41,
  "trust_parameter_count": 0
}
