Script started on 2026-07-29 12:47:02-05:00 [<not executed on terminal>]
kore-exec: [1250670] Warning (WarnTrivialClaim):
    Claim proven without rewriting at: /tmp/audit-work/reconstruction/ground-summary.k:7:5-19:36
kore-exec: [1251771] Warning (WarnTrivialClaim):
    Claim proven without rewriting at: /tmp/audit-work/reconstruction/ground-summary.k:22:5-31:36
kore-exec: [1252743] Warning (WarnTrivialClaim):
    Claim proven without rewriting at: /tmp/audit-work/reconstruction/ground-summary.k:34:5-49:36
kore-exec: [1253710] Warning (WarnTrivialClaim):
    Claim proven without rewriting at: /tmp/audit-work/reconstruction/ground-summary.k:52:5-87:36
#Top
[Warning] Compiler: Variable 'E1' defined but not used. Prefix variable name
with underscore if this is intentional.
	Source(/tmp/audit-work/reconstruction/ground-summary.k)
	Location(11,11,11,13)
	11 |	    <env> E1:Int </env>
	   .	          ^~
[Warning] Compiler: Variable 'S1' defined but not used. Prefix variable name
with underscore if this is intentional.
	Source(/tmp/audit-work/reconstruction/ground-summary.k)
	Location(12,14,12,16)
	12 |	    <scopes> S1:Map </scopes>
	   .	             ^~
[Warning] Compiler: Variable 'L1' defined but not used. Prefix variable name
with underscore if this is intentional.
	Source(/tmp/audit-work/reconstruction/ground-summary.k)
	Location(13,16,13,18)
	13 |	    <scopeLoc> L1:Int </scopeLoc>
	   .	               ^~
[Warning] Compiler: Variable 'H1' defined but not used. Prefix variable name
with underscore if this is intentional.
	Source(/tmp/audit-work/reconstruction/ground-summary.k)
	Location(14,12,14,14)
	14 |	    <heap> H1:Map </heap>
	   .	           ^~
[Warning] Compiler: Variable 'N1' defined but not used. Prefix variable name
with underscore if this is intentional.
	Source(/tmp/audit-work/reconstruction/ground-summary.k)
	Location(15,15,15,17)
	15 |	    <heapLoc> N1:Int </heapLoc>
	   .	              ^~
[Warning] Compiler: Variable 'ST1' defined but not used. Prefix variable name
with underscore if this is intentional.
	Source(/tmp/audit-work/reconstruction/ground-summary.k)
	Location(16,13,16,16)
	16 |	    <stack> ST1:List </stack>
	   .	            ^~~
[Warning] Compiler: Variable 'R1' defined but not used. Prefix variable name
with underscore if this is intentional.
	Source(/tmp/audit-work/reconstruction/ground-summary.k)
	Location(17,11,17,13)
	17 |	    <ret> R1:RetState </ret>
	   .	          ^~
[Warning] Compiler: Variable 'X1' defined but not used. Prefix variable name
with underscore if this is intentional.
	Source(/tmp/audit-work/reconstruction/ground-summary.k)
	Location(18,11,18,13)
	18 |	    <exc> X1:Exc </exc>
	   .	          ^~
[Warning] Compiler: Variable 'C1' defined but not used. Prefix variable name
with underscore if this is intentional.
	Source(/tmp/audit-work/reconstruction/ground-summary.k)
	Location(19,17,19,19)
	19 |	    <exit-code> C1:Int </exit-code>
	   .	                ^~
[Warning] Compiler: Variable 'E2' defined but not used. Prefix variable name
with underscore if this is intentional.
	Source(/tmp/audit-work/reconstruction/ground-summary.k)
	Location(23,11,23,13)
	23 |	    <env> E2:Int </env>
	   .	          ^~
[Warning] Compiler: Variable 'S2' defined but not used. Prefix variable name
with underscore if this is intentional.
	Source(/tmp/audit-work/reconstruction/ground-summary.k)
	Location(24,14,24,16)
	24 |	    <scopes> S2:Map </scopes>
	   .	             ^~
[Warning] Compiler: Variable 'L2' defined but not used. Prefix variable name
with underscore if this is intentional.
	Source(/tmp/audit-work/reconstruction/ground-summary.k)
	Location(25,16,25,18)
	25 |	    <scopeLoc> L2:Int </scopeLoc>
	   .	               ^~
[Warning] Compiler: Variable 'H2' defined but not used. Prefix variable name
with underscore if this is intentional.
	Source(/tmp/audit-work/reconstruction/ground-summary.k)
	Location(26,12,26,14)
	26 |	    <heap> H2:Map </heap>
	   .	           ^~
[Warning] Compiler: Variable 'N2' defined but not used. Prefix variable name
with underscore if this is intentional.
	Source(/tmp/audit-work/reconstruction/ground-summary.k)
	Location(27,15,27,17)
	27 |	    <heapLoc> N2:Int </heapLoc>
	   .	              ^~
[Warning] Compiler: Variable 'ST2' defined but not used. Prefix variable name
with underscore if this is intentional.
	Source(/tmp/audit-work/reconstruction/ground-summary.k)
	Location(28,13,28,16)
	28 |	    <stack> ST2:List </stack>
	   .	            ^~~
[Warning] Compiler: Variable 'R2' defined but not used. Prefix variable name
with underscore if this is intentional.
	Source(/tmp/audit-work/reconstruction/ground-summary.k)
	Location(29,11,29,13)
	29 |	    <ret> R2:RetState </ret>
	   .	          ^~
[Warning] Compiler: Variable 'X2' defined but not used. Prefix variable name
with underscore if this is intentional.
	Source(/tmp/audit-work/reconstruction/ground-summary.k)
	Location(30,11,30,13)
	30 |	    <exc> X2:Exc </exc>
	   .	          ^~
[Warning] Compiler: Variable 'C2' defined but not used. Prefix variable name
with underscore if this is intentional.
	Source(/tmp/audit-work/reconstruction/ground-summary.k)
	Location(31,17,31,19)
	31 |	    <exit-code> C2:Int </exit-code>
	   .	                ^~
[Warning] Compiler: Variable 'E3' defined but not used. Prefix variable name
with underscore if this is intentional.
	Source(/tmp/audit-work/reconstruction/ground-summary.k)
	Location(41,11,41,13)
	41 |	    <env> E3:Int </env>
	   .	          ^~
[Warning] Compiler: Variable 'S3' defined but not used. Prefix variable name
with underscore if this is intentional.
	Source(/tmp/audit-work/reconstruction/ground-summary.k)
	Location(42,14,42,16)
	42 |	    <scopes> S3:Map </scopes>
	   .	             ^~
[Warning] Compiler: Variable 'L3' defined but not used. Prefix variable name
with underscore if this is intentional.
	Source(/tmp/audit-work/reconstruction/ground-summary.k)
	Location(43,16,43,18)
	43 |	    <scopeLoc> L3:Int </scopeLoc>
	   .	               ^~
[Warning] Compiler: Variable 'H3' defined but not used. Prefix variable name
with underscore if this is intentional.
	Source(/tmp/audit-work/reconstruction/ground-summary.k)
	Location(44,12,44,14)
	44 |	    <heap> H3:Map </heap>
	   .	           ^~
[Warning] Compiler: Variable 'N3' defined but not used. Prefix variable name
with underscore if this is intentional.
	Source(/tmp/audit-work/reconstruction/ground-summary.k)
	Location(45,15,45,17)
	45 |	    <heapLoc> N3:Int </heapLoc>
	   .	              ^~
[Warning] Compiler: Variable 'ST3' defined but not used. Prefix variable name
with underscore if this is intentional.
	Source(/tmp/audit-work/reconstruction/ground-summary.k)
	Location(46,13,46,16)
	46 |	    <stack> ST3:List </stack>
	   .	            ^~~
[Warning] Compiler: Variable 'R3' defined but not used. Prefix variable name
with underscore if this is intentional.
	Source(/tmp/audit-work/reconstruction/ground-summary.k)
	Location(47,11,47,13)
	47 |	    <ret> R3:RetState </ret>
	   .	          ^~
[Warning] Compiler: Variable 'X3' defined but not used. Prefix variable name
with underscore if this is intentional.
	Source(/tmp/audit-work/reconstruction/ground-summary.k)
	Location(48,11,48,13)
	48 |	    <exc> X3:Exc </exc>
	   .	          ^~
[Warning] Compiler: Variable 'C3' defined but not used. Prefix variable name
with underscore if this is intentional.
	Source(/tmp/audit-work/reconstruction/ground-summary.k)
	Location(49,17,49,19)
	49 |	    <exit-code> C3:Int </exit-code>
	   .	                ^~
[Warning] Compiler: Variable 'E4' defined but not used. Prefix variable name
with underscore if this is intentional.
	Source(/tmp/audit-work/reconstruction/ground-summary.k)
	Location(79,11,79,13)
	79 |	    <env> E4:Int </env>
	   .	          ^~
[Warning] Compiler: Variable 'S4' defined but not used. Prefix variable name
with underscore if this is intentional.
	Source(/tmp/audit-work/reconstruction/ground-summary.k)
	Location(80,14,80,16)
	80 |	    <scopes> S4:Map </scopes>
	   .	             ^~
[Warning] Compiler: Variable 'L4' defined but not used. Prefix variable name
with underscore if this is intentional.
	Source(/tmp/audit-work/reconstruction/ground-summary.k)
	Location(81,16,81,18)
	81 |	    <scopeLoc> L4:Int </scopeLoc>
	   .	               ^~
[Warning] Compiler: Variable 'H4' defined but not used. Prefix variable name
with underscore if this is intentional.
	Source(/tmp/audit-work/reconstruction/ground-summary.k)
	Location(82,12,82,14)
	82 |	    <heap> H4:Map </heap>
	   .	           ^~
[Warning] Compiler: Variable 'N4' defined but not used. Prefix variable name
with underscore if this is intentional.
	Source(/tmp/audit-work/reconstruction/ground-summary.k)
	Location(83,15,83,17)
	83 |	    <heapLoc> N4:Int </heapLoc>
	   .	              ^~
[Warning] Compiler: Variable 'ST4' defined but not used. Prefix variable name
with underscore if this is intentional.
	Source(/tmp/audit-work/reconstruction/ground-summary.k)
	Location(84,13,84,16)
	84 |	    <stack> ST4:List </stack>
	   .	            ^~~
[Warning] Compiler: Variable 'R4' defined but not used. Prefix variable name
with underscore if this is intentional.
	Source(/tmp/audit-work/reconstruction/ground-summary.k)
	Location(85,11,85,13)
	85 |	    <ret> R4:RetState </ret>
	   .	          ^~
[Warning] Compiler: Variable 'X4' defined but not used. Prefix variable name
with underscore if this is intentional.
	Source(/tmp/audit-work/reconstruction/ground-summary.k)
	Location(86,11,86,13)
	86 |	    <exc> X4:Exc </exc>
	   .	          ^~
[Warning] Compiler: Variable 'C4' defined but not used. Prefix variable name
with underscore if this is intentional.
	Source(/tmp/audit-work/reconstruction/ground-summary.k)
	Location(87,17,87,19)
	87 |	    <exit-code> C4:Int </exit-code>
	   .	                ^~
[Warning] Compiler: Variable 'As' defined but not used. Prefix variable name
with underscore if this is intentional.
	Source(/tmp/audit-work/reconstruction/reference-semantics/semantics/str.k)
	Location(52,27,52,29)
	52 |	  rule strLt(iCons(A:Int, As:IntSeq), iCons(B:Int, Bs:IntSeq)) => true   
      requires A  <Int B
	   .	                          ^~
[Warning] Compiler: Variable 'Bs' defined but not used. Prefix variable name
with underscore if this is intentional.
	Source(/tmp/audit-work/reconstruction/reference-semantics/semantics/str.k)
	Location(52,52,52,54)
	52 |	  rule strLt(iCons(A:Int, As:IntSeq), iCons(B:Int, Bs:IntSeq)) => true   
      requires A  <Int B
	   .	                                                   ^~
[Warning] Compiler: Variable 'As' defined but not used. Prefix variable name
with underscore if this is intentional.
	Source(/tmp/audit-work/reconstruction/reference-semantics/semantics/str.k)
	Location(53,27,53,29)
	53 |	  rule strLt(iCons(A:Int, As:IntSeq), iCons(B:Int, Bs:IntSeq)) => false  
      requires A  >Int B
	   .	                          ^~
[Warning] Compiler: Variable 'Bs' defined but not used. Prefix variable name
with underscore if this is intentional.
	Source(/tmp/audit-work/reconstruction/reference-semantics/semantics/str.k)
	Location(53,52,53,54)
	53 |	  rule strLt(iCons(A:Int, As:IntSeq), iCons(B:Int, Bs:IntSeq)) => false  
      requires A  >Int B
	   .	                                                   ^~
[0m[0m
Script done on 2026-07-29 12:47:07-05:00 [COMMAND_EXIT_CODE="0"]
