Script started on 2026-07-26 09:36:55-05:00 [<not executed on terminal>]
spec.k
1:requires "verification.k"
3:module SPEC
4:  imports VERIFICATION
9:  claim
24:endmodule

semantic.k
1:requires "domains.md"
3:module MPY-SYNTAX
4:  imports BOOL-SYNTAX
5:  imports INT-SYNTAX
6:  imports STRING-SYNTAX
8:  syntax Program ::= "Module" "(" Stmts ")"
10:  syntax Stmts ::= List{Stmt, ""}
11:  syntax Stmt ::= "FuncDef" "(" String "," Params "," CellVars "," FreeVars "," Stmts ")"
15:  syntax Params   ::= "Params" "(" Strings ")"
16:  syntax CellVars ::= "CellVars" "(" Strings ")"
17:  syntax FreeVars ::= "FreeVars" "(" Strings ")"
18:  syntax Strings  ::= List{String, ","}
20:  syntax Expr ::= "Int" "(" Int ")"
30:  syntax Exprs ::= List{Expr, ","}
31:  syntax CmpOp ::= "CmpOp" "(" String "," Expr ")"
32:  syntax CmpOps ::= List{CmpOp, ","}
33:  syntax CompFor ::= "CompFor" "(" Expr "," Expr "," Exprs ")"
34:  syntax CompFors ::= List{CompFor, ""}
36:  syntax Value ::= "VInt" "(" Int ")"
40:  syntax Result ::= "noResult" | Value
41:  syntax KItem ::= "run" "(" Program "," Value ")"
43:endmodule
45:module SEMANTIC
46:  imports MPY-SYNTAX
47:  imports BOOL
48:  imports INT
49:  imports MAP
50:  imports STRING
52:  configuration
61:  rule <k> run(Module(FuncDef(F, Params(P, .Strings), _CV, _FV, BODY)), ARG)
64:    requires F ==String "prime_length"
66:  rule <k> #exec(Assign(Name(X), E) SS) => #exec(SS) ... </k>
69:  rule <k> #exec(Return(E) _SS) => .K ... </k>
73:  syntax Value ::= eval(Expr, Map) [function, total]
74:  rule eval(Int(I),       _ENV) => VInt(I)
75:  rule eval(Bool(B),      _ENV) => VBool(B)
76:  rule eval(Str(S),       _ENV) => VStr(S)
77:  rule eval(Name(X),       ENV) => {ENV[X]}:>Value
78:    requires X in_keys(ENV)
80:  rule eval(Call(Name("len"), E), ENV)
83:  syntax Int ::= valueLength(Value) [function, total]
84:  rule valueLength(VStr(S)) => lengthString(S)
86:  rule eval(BinOp("%", E1, E2), ENV)
89:  syntax Int ::= asInt(Value) [function, total]
90:  rule asInt(VInt(I)) => I
92:  rule eval(Compare(E1, CmpOp(">=", E2)), ENV)
94:  rule eval(Compare(E1, CmpOp("!=", E2)), ENV)
97:  rule eval(BoolOp("and", E1, E2), ENV)
103:  syntax Bool ::= asBool(Value) [function, total]
104:  rule asBool(VBool(B)) => B
109:  rule eval(
120:    requires NX =/=String IX
127:  syntax Bool ::= noDivisors(Int, Int, Int) [function, total]
128:  rule noDivisors(_N, D, HI) => true
129:    requires D >=Int HI
131:  rule noDivisors(N, D, HI) => false
132:    requires D <Int HI andBool N %Int D ==Int 0
134:  rule noDivisors(N, D, HI) => noDivisors(N, D +Int 1, HI)
135:    requires D <Int HI andBool N %Int D =/=Int 0
137:endmodule

verification.k
1:requires "semantic.k"
3:module VERIFICATION
4:  imports SEMANTIC
9:  syntax Program ::= "solutionProgram" [macro]
10:  rule solutionProgram =>
31:  syntax Bool ::= isPrime(Int) [function, total]
32:  rule isPrime(N) => (N >=Int 2 andBool noDivisors(N, 2, N))
33:endmodule

Script done on 2026-07-26 09:36:55-05:00 [COMMAND_EXIT_CODE="0"]
