COMMAND: kprove spec.k --definition verification-kompiled-fresh --spec-module SPEC --claims SPEC.reverse-delete-loop
CWD: /tmp/audit-work/reconstruction
START_UTC: 2026-07-29T14:17:50.072645+00:00
END_UTC: 2026-07-29T14:17:56.452840+00:00
EXIT_STATUS: 0
OUTPUT:
#Top
[Warning] Compiler: Variable 'As' defined but not used. Prefix variable name
with underscore if this is intentional.
	Source(/tmp/audit-work/reconstruction/reference-semantics/semantics/str.k)
	Location(52,27,52,29)
	52 |	  rule strLt(iCons(A:Int, As:IntSeq), iCons(B:Int, Bs:IntSeq)) => true   
      requires A  <Int B
	   .	                          ^~
[Warning] Compiler: Variable 'Bs' defined but not used. Prefix variable name
with underscore if this is intentional.
	Source(/tmp/audit-work/reconstruction/reference-semantics/semantics/str.k)
	Location(52,52,52,54)
	52 |	  rule strLt(iCons(A:Int, As:IntSeq), iCons(B:Int, Bs:IntSeq)) => true   
      requires A  <Int B
	   .	                                                   ^~
[Warning] Compiler: Variable 'As' defined but not used. Prefix variable name
with underscore if this is intentional.
	Source(/tmp/audit-work/reconstruction/reference-semantics/semantics/str.k)
	Location(53,27,53,29)
	53 |	  rule strLt(iCons(A:Int, As:IntSeq), iCons(B:Int, Bs:IntSeq)) => false  
      requires A  >Int B
	   .	                          ^~
[Warning] Compiler: Variable 'Bs' defined but not used. Prefix variable name
with underscore if this is intentional.
	Source(/tmp/audit-work/reconstruction/reference-semantics/semantics/str.k)
	Location(53,52,53,54)
	53 |	  rule strLt(iCons(A:Int, As:IntSeq), iCons(B:Int, Bs:IntSeq)) => false  
      requires A  >Int B
	   .	                                                   ^~
[Warning] Compiler: Variable 'ORIGINAL' defined but not used. Prefix variable
name with underscore if this is intentional.
	Source(/tmp/audit-work/reconstruction/spec.k)
	Location(24,21,24,29)
	24 |	        "s" |-> str(ORIGINAL:IntSeq)
	   .	                    ^~~~~~~~
[Warning] Compiler: Variable 'CH' defined but not used. Prefix variable name
with underscore if this is intentional.
	Source(/tmp/audit-work/reconstruction/spec.k)
	Location(30,19,30,21)
	30 |	        "ch" |-> (CH:Val => ?CH:Val),
	   .	                  ^~
[Warning] Compiler: Variable '?CH' defined but not used. Prefix variable name
with underscore if this is intentional.
	Source(/tmp/audit-work/reconstruction/spec.k)
	Location(30,29,30,32)
	30 |	        "ch" |-> (CH:Val => ?CH:Val),
	   .	                            ^~~
[Warning] Compiler: Variable 'NEXT' defined but not used. Prefix variable name
with underscore if this is intentional.
	Source(/tmp/audit-work/reconstruction/spec.k)
	Location(33,16,33,20)
	33 |	    <scopeLoc> NEXT:Int </scopeLoc>
	   .	               ^~~~
[Warning] Compiler: Variable 'HEAP' defined but not used. Prefix variable name
with underscore if this is intentional.
	Source(/tmp/audit-work/reconstruction/spec.k)
	Location(34,12,34,16)
	34 |	    <heap> HEAP:Map </heap>
	   .	           ^~~~
[Warning] Compiler: Variable 'HNEXT' defined but not used. Prefix variable name
with underscore if this is intentional.
	Source(/tmp/audit-work/reconstruction/spec.k)
	Location(35,15,35,20)
	35 |	    <heapLoc> HNEXT:Int </heapLoc>
	   .	              ^~~~~
[Warning] Compiler: Variable 'STACK' defined but not used. Prefix variable name
with underscore if this is intentional.
	Source(/tmp/audit-work/reconstruction/spec.k)
	Location(36,13,36,18)
	36 |	    <stack> STACK:List </stack>
	   .	            ^~~~~
[Warning] Compiler: Variable 'EXIT' defined but not used. Prefix variable name
with underscore if this is intentional.
	Source(/tmp/audit-work/reconstruction/spec.k)
	Location(39,17,39,21)
	39 |	    <exit-code> EXIT:Int </exit-code>
	   .	                ^~~~
