CWD: /tmp/audit-work/135-can-arrange
COMMAND: bash -lc python3\ trusted/py2mpy.py\ out-of-proof-tests.py\ \>\ out-of-proof-tests.mpy\ \&\&\ python3\ out-of-proof-tests.py\ \&\&\ krun\ out-of-proof-tests.mpy\ --definition\ runtime-kompiled
<generatedTop>
  <k>
    .K
  </k>
  <env>
    0
  </env>
  <scopes>
    -1 |-> scope ( "abs" |-> builtinV ( "abs" )
    "all" |-> builtinV ( "all" )
    "any" |-> builtinV ( "any" )
    "bin" |-> builtinV ( "bin" )
    "chr" |-> builtinV ( "chr" )
    "enumerate" |-> builtinV ( "enumerate" )
    "eval" |-> builtinV ( "eval" )
    "float" |-> typeV ( "float" )
    "int" |-> typeV ( "int" )
    "isinstance" |-> builtinV ( "isinstance" )
    "len" |-> builtinV ( "len" )
    "list" |-> builtinV ( "list" )
    "map" |-> builtinV ( "map" )
    "max" |-> builtinV ( "max" )
    "min" |-> builtinV ( "min" )
    "ord" |-> builtinV ( "ord" )
    "range" |-> builtinV ( "range" )
    "round" |-> builtinV ( "round" )
    "set" |-> builtinV ( "set" )
    "sorted" |-> builtinV ( "sorted" )
    "str" |-> typeV ( "str" )
    "sum" |-> builtinV ( "sum" )
    "zip" |-> builtinV ( "zip" ) , root )
    0 |-> scope ( "can_arrange" |-> closureVal ( "arr" , .ParamNames , Assign ( Name ( "result" ) , UnaryOp ( "-" , Int ( 1 ) ) )  Assign ( Name ( "index" ) , Int ( 0 ) )  Assign ( Name ( "previous" ) , Int ( 0 ) )  For ( Name ( "current" ) , Name ( "arr" ) , If ( Compare ( Name ( "index" ) , CmpOp ( ">" , Int ( 0 ) ) ) , If ( Compare ( Name ( "current" ) , CmpOp ( "<" , Name ( "previous" ) ) ) , Assign ( Name ( "result" ) , Name ( "index" ) )  .Stmts , .Stmts )  .Stmts , .Stmts )  Assign ( Name ( "previous" ) , Name ( "current" ) )  Assign ( Name ( "index" ) , BinOp ( "+" , Name ( "index" ) , Int ( 1 ) ) )  .Stmts )  Return ( Name ( "result" ) )  .Stmts , 0 ) , parent ( -1 ) )
  </scopes>
  <scopeLoc>
    1
  </scopeLoc>
  <heap>
    0 |-> list ( vCons ( 0.12500000000000000e1 , vCons ( -0.25000000000000000e1 , vCons ( 0.37500000000000000e1 , vCons ( 0.50000000000000000e0 , .ValSeq ) ) ) ) )
    1 |-> list ( vCons ( str ( iCons ( 97 , iCons ( 110 , iCons ( 116 , .IntSeq ) ) ) ) , vCons ( str ( iCons ( 98 , iCons ( 101 , iCons ( 101 , .IntSeq ) ) ) ) , vCons ( str ( iCons ( 97 , iCons ( 112 , iCons ( 101 , .IntSeq ) ) ) ) , vCons ( str ( iCons ( 122 , iCons ( 101 , iCons ( 98 , iCons ( 114 , iCons ( 97 , .IntSeq ) ) ) ) ) ) , vCons ( str ( iCons ( 121 , iCons ( 97 , iCons ( 107 , .IntSeq ) ) ) ) , .ValSeq ) ) ) ) ) )
  </heap>
  <heapLoc>
    2
  </heapLoc>
  <stack>
    .List
  </stack>
  <ret>
    noRet
  </ret>
  <exc>
    NoExc
  </exc>
  <exit-code>
    0
  </exit-code>
</generatedTop>
EXIT_STATUS: 0
