+ PYTHONPATH=/reference
+ python3 -c 'import json; from pathlib import Path; from tools.k_rule_inventory import inventory_verification; print(json.dumps(inventory_verification(Path("/reference/k-proof")), indent=2, sort_keys=True))'
{
  "inventory_sha256": "995e881cff064ef9ab84cccbf1fdd83ccefea3f071f9508080fcb40a53cb605c",
  "rules": [
    {
      "attributes": [],
      "end_line": 12,
      "module": "BELOW-ZERO-COMMON",
      "normalized_sha256": "37490b390355d40b96a24fb6238d94c721dd106775648ef6adf702d0f018a945",
      "source_rule_id": "rule-37490b390355d40b96a24fb6238d94c721dd106775648ef6adf702d0f018a945",
      "start_line": 8,
      "text": "  rule belowZeroLoopBody\n    => AugAssign(Name(\"balance\"), \"+\", Name(\"operation\"))\n       If(Compare(Name(\"balance\"), CmpOp(\"<\", Int(0))),\n          Return(Bool(true)) .Stmts,\n          .Stmts)"
    },
    {
      "attributes": [],
      "end_line": 19,
      "module": "BELOW-ZERO-COMMON",
      "normalized_sha256": "7ad011f4ad8584143ada5134978d05f498d1696b3f046f0aafd22e1826e11e5d",
      "source_rule_id": "rule-7ad011f4ad8584143ada5134978d05f498d1696b3f046f0aafd22e1826e11e5d",
      "start_line": 15,
      "text": "  rule belowZeroFunctionBody\n    => Assign(Name(\"balance\"), Int(0))\n       Assign(Name(\"operation\"), Int(0))\n       For(Name(\"operation\"), Name(\"operations\"), belowZeroLoopBody)\n       Return(Bool(false))"
    },
    {
      "attributes": [],
      "end_line": 25,
      "module": "BELOW-ZERO-COMMON",
      "normalized_sha256": "f0df05e0e38700aa105eb11f7349ed86c708125ba2ed7016c90aeb1231ddfdc2",
      "source_rule_id": "rule-f0df05e0e38700aa105eb11f7349ed86c708125ba2ed7016c90aeb1231ddfdc2",
      "start_line": 22,
      "text": "  rule solutionProgram\n    => Module(\n         ImportFrom(\"typing\", \"List\")\n         FuncDef(\"below_zero\", Params(\"operations\"), belowZeroFunctionBody))"
    },
    {
      "attributes": [],
      "end_line": 32,
      "module": "BELOW-ZERO-COMMON",
      "normalized_sha256": "333fe6107e77ab191c2f76ba40e090e2476f94d001c790092147629f8518d311",
      "source_rule_id": "rule-333fe6107e77ab191c2f76ba40e090e2476f94d001c790092147629f8518d311",
      "start_line": 32,
      "text": "  rule <k> #iterNext(list(asValSeq(.IntVals))) => #iterDone ... </k>"
    },
    {
      "attributes": [],
      "end_line": 34,
      "module": "BELOW-ZERO-COMMON",
      "normalized_sha256": "8a249bc8e455d2bdc6fd578ff3452bd8220f754f9622c7679e0505ee4b9f4fd6",
      "source_rule_id": "rule-8a249bc8e455d2bdc6fd578ff3452bd8220f754f9622c7679e0505ee4b9f4fd6",
      "start_line": 33,
      "text": "  rule <k> #iterNext(list(asValSeq(intCons(I:Int, IS:IntVals))))\n        => #iterYield(I, list(asValSeq(IS))) ... </k>"
    },
    {
      "attributes": [],
      "end_line": 38,
      "module": "BELOW-ZERO-COMMON",
      "normalized_sha256": "7ec387f9629680162121a42c4d6abab222bfc61592daa736e9caca2524fa4f39",
      "source_rule_id": "rule-7ec387f9629680162121a42c4d6abab222bfc61592daa736e9caca2524fa4f39",
      "start_line": 38,
      "text": "  rule prefixBelow(_:Int, .IntVals) => false"
    },
    {
      "attributes": [],
      "end_line": 43,
      "module": "BELOW-ZERO-COMMON",
      "normalized_sha256": "2c07a06a5689cd1d706ba5a69e6209e1668dc73225ce9c4bbd9b06ff4f661a03",
      "source_rule_id": "rule-2c07a06a5689cd1d706ba5a69e6209e1668dc73225ce9c4bbd9b06ff4f661a03",
      "start_line": 39,
      "text": "  rule prefixBelow(B:Int, intCons(I:Int, IS:IntVals))\n    => #if B +Int I <Int 0\n       #then true\n       #else prefixBelow(B +Int I, IS)\n       #fi"
    },
    {
      "attributes": [
        "priority(40)"
      ],
      "end_line": 80,
      "module": "MPY-VERIFICATION-LEMMA",
      "normalized_sha256": "f5db78ced6090ff9fb5c369808923c5e0a9d90c895bad6c69844f2b05f7c04e1",
      "source_rule_id": "rule-f5db78ced6090ff9fb5c369808923c5e0a9d90c895bad6c69844f2b05f7c04e1",
      "start_line": 55,
      "text": "  rule\n    <k> #loop(list(asValSeq(IS:IntVals)), Name(\"operation\"), belowZeroLoopBody)\n         ~> (Return(Bool(false)) .Stmts) ~> #endcall\n      => prefixBelow(B, IS)\n    </k>\n    <env> 1 => 0 </env>\n    <scopes>\n      0 |-> scope(MODULE:Map, parent(-1))\n      -1 |-> BUILTINS:Scope\n      1 |-> scope(\n        \"operations\" |-> list(asValSeq(INPUT:IntVals))\n        \"operation\"  |-> OLD:Val\n        \"balance\"    |-> B:Int,\n        parent(0))\n      =>\n      0 |-> scope(MODULE, parent(-1))\n      -1 |-> BUILTINS\n    </scopes>\n    <scopeLoc> 2 => 1 </scopeLoc>\n    <heap> HEAP:Map </heap>\n    <heapLoc> NEXT:Int </heapLoc>\n    <stack> ListItem(frame(.K, 0, 1)) => .List </stack>\n    <ret> noRet </ret>\n    <exc> NoExc </exc>\n    <exit-code> 0 </exit-code>\n    [priority(40)]"
    }
  ],
  "schema_version": 2,
  "verification_file": "verification.k",
  "verification_module": "MPY-VERIFICATION-LEMMA",
  "verification_modules": [
    "BELOW-ZERO-COMMON",
    "MPY-VERIFICATION-LEMMA"
  ],
  "verification_sha256": "4da26ec06b74bc52e9dd464edc0e92b76104df16eda355a7d442c452f5e1f364"
}
+ python3 -m json.tool /reference/lemma-discovery.json
{
    "schema_version": 2,
    "inventory_sha256": "995e881cff064ef9ab84cccbf1fdd83ccefea3f071f9508080fcb40a53cb605c",
    "rules": [
        {
            "source_rule_id": "rule-37490b390355d40b96a24fb6238d94c721dd106775648ef6adf702d0f018a945",
            "classification": "DEFINITION",
            "rationale": "Macro equation defining the named belowZeroLoopBody proof term as the exact loop-body constructor sequence."
        },
        {
            "source_rule_id": "rule-7ad011f4ad8584143ada5134978d05f498d1696b3f046f0aafd22e1826e11e5d",
            "classification": "DEFINITION",
            "rationale": "Macro equation defining the named belowZeroFunctionBody proof term as the translated function-body constructor sequence."
        },
        {
            "source_rule_id": "rule-f0df05e0e38700aa105eb11f7349ed86c708125ba2ed7016c90aeb1231ddfdc2",
            "classification": "DEFINITION",
            "rationale": "Macro equation defining solutionProgram as the translated module term used by the top-level claim."
        },
        {
            "source_rule_id": "rule-333fe6107e77ab191c2f76ba40e090e2476f94d001c790092147629f8518d311",
            "classification": "OPERATIONAL_RULE",
            "rationale": "Execution rule observing the empty symbolic integer-list carrier through the iterator protocol and producing #iterDone."
        },
        {
            "source_rule_id": "rule-8a249bc8e455d2bdc6fd578ff3452bd8220f754f9622c7679e0505ee4b9f4fd6",
            "classification": "OPERATIONAL_RULE",
            "rationale": "Execution rule observing a nonempty symbolic integer-list carrier through the iterator protocol and yielding its typed head and tail."
        },
        {
            "source_rule_id": "rule-7ec387f9629680162121a42c4d6abab222bfc61592daa736e9caca2524fa4f39",
            "classification": "DEFINITION",
            "rationale": "Base equation of the prefixBelow mathematical contract recurrence for an empty operation sequence."
        },
        {
            "source_rule_id": "rule-2c07a06a5689cd1d706ba5a69e6209e1668dc73225ce9c4bbd9b06ff4f661a03",
            "classification": "DEFINITION",
            "rationale": "Recursive equation defining prefixBelow on a head operation and the remaining integer sequence."
        },
        {
            "source_rule_id": "rule-f5db78ced6090ff9fb5c369808923c5e0a9d90c895bad6c69844f2b05f7c04e1",
            "classification": "PROVED_DERIVED_LEMMA",
            "rationale": "The exact loop-summary transition is first proved as the AUX-SPEC claim against MPY-VERIFICATION, which excludes this rule, before prove.sh compiles MPY-VERIFICATION-LEMMA and reuses the rule for MAIN-SPEC."
        }
    ]
}
