TRANSLATOR_EXIT_STATUS=0
COMMAND: kompile /tmp/audit-work/160-do-algebra/reference-semantics/semantics.k --backend llvm --main-module MPY-KRUN --syntax-module MPY-SYNTAX --output-definition /tmp/audit-work/160-do-algebra/audit-runtime-kompiled
[Warning] Compiler: Non exhaustive match detected:
`mapStrVS(_)_MPY-BUILTINS_ValSeq_ValSeq`(`vCons(_,_)_MPY-CORE_ValSeq_Val_ValSeq`(`cellsMark(_)_MPY-CORE_Val_ParamNames`(_),_))
	Source(/tmp/audit-work/160-do-algebra/reference-semantics/semantics/builtins.k)
	Location(134,21,134,55)
	134 |	  syntax ValSeq ::= mapStrVS(ValSeq) [function, total]
	    .	                    ^~~~~~~~~~~~~~~~~~~~~~~~~~~~~~~~~~
[Warning] Compiler: Non exhaustive match detected:
floorFI(`cellsMark(_)_MPY-CORE_Val_ParamNames`(_))
	Source(/tmp/audit-work/160-do-algebra/reference-semantics/semantics/float.k)
	Location(73,18,73,65)
	73 |	  syntax Int ::= floorFI(Val) [function, total, symbol(floorFI)]
	   .	                 ^~~~~~~~~~~~~~~~~~~~~~~~~~~~~~~~~~~~~~~~~~~~~~~
[Warning] Compiler: Non exhaustive match detected:
toF(`cellsMark(_)_MPY-CORE_Val_ParamNames`(_))
	Source(/tmp/audit-work/160-do-algebra/reference-semantics/semantics/float.k)
	Location(86,20,86,59)
	86 |	  syntax Float ::= toF(Val) [function, total, symbol(toF)]
	   .	                   ^~~~~~~~~~~~~~~~~~~~~~~~~~~~~~~~~~~~~~~
[Warning] Compiler: Non exhaustive match detected:
ceilF(`cellsMark(_)_MPY-CORE_Val_ParamNames`(_))
	Source(/tmp/audit-work/160-do-algebra/reference-semantics/semantics/float.k)
	Location(93,18,93,61)
	93 |	  syntax Int ::= ceilF(Val) [function, total, symbol(ceilF)]
	   .	                 ^~~~~~~~~~~~~~~~~~~~~~~~~~~~~~~~~~~~~~~~~~~
[Warning] Compiler: Non exhaustive match detected:
`joinCodes(_,_)_MPY-METHODS_IntSeq_IntSeq_ValSeq`(_,`vCons(_,_)_MPY-CORE_ValSeq_Val_ValSeq`(`cellsMark(_)_MPY-CORE_Val_ParamNames`(_),_))
	Source(/tmp/audit-work/160-do-algebra/reference-semantics/semantics/methods.k)
	Location(27,21,27,64)
	27 |	  syntax IntSeq ::= joinCodes(IntSeq, ValSeq) [function, total]
	   .	                    ^~~~~~~~~~~~~~~~~~~~~~~~~~~~~~~~~~~~~~~~~~~
[Warning] Compiler: Variable 'As' defined but not used. Prefix variable name
with underscore if this is intentional.
	Source(/tmp/audit-work/160-do-algebra/reference-semantics/semantics/str.k)
	Location(52,27,52,29)
	52 |	  rule strLt(iCons(A:Int, As:IntSeq), iCons(B:Int, Bs:IntSeq)) => true   
      requires A  <Int B
	   .	                          ^~
[Warning] Compiler: Variable 'Bs' defined but not used. Prefix variable name
with underscore if this is intentional.
	Source(/tmp/audit-work/160-do-algebra/reference-semantics/semantics/str.k)
	Location(52,52,52,54)
	52 |	  rule strLt(iCons(A:Int, As:IntSeq), iCons(B:Int, Bs:IntSeq)) => true   
      requires A  <Int B
	   .	                                                   ^~
[Warning] Compiler: Variable 'As' defined but not used. Prefix variable name
with underscore if this is intentional.
	Source(/tmp/audit-work/160-do-algebra/reference-semantics/semantics/str.k)
	Location(53,27,53,29)
	53 |	  rule strLt(iCons(A:Int, As:IntSeq), iCons(B:Int, Bs:IntSeq)) => false  
      requires A  >Int B
	   .	                          ^~
[Warning] Compiler: Variable 'Bs' defined but not used. Prefix variable name
with underscore if this is intentional.
	Source(/tmp/audit-work/160-do-algebra/reference-semantics/semantics/str.k)
	Location(53,52,53,54)
	53 |	  rule strLt(iCons(A:Int, As:IntSeq), iCons(B:Int, Bs:IntSeq)) => false  
      requires A  >Int B
	   .	                                                   ^~
[Warning] Compiler: Non exhaustive match detected:
`valSeqAt(_,_)_MPY-SUBSCRIPT_Val_ValSeq_Int`(`.ValSeq_MPY-CORE_ValSeq`(.KList),_)
	Source(/tmp/audit-work/160-do-algebra/reference-semantics/semantics/subscript.k)
	Location(11,18,11,57)
	11 |	  syntax Val ::= valSeqAt(ValSeq, Int) [function, total]
	   .	                 ^~~~~~~~~~~~~~~~~~~~~~~~~~~~~~~~~~~~~~~
EXIT_STATUS=0
COMMAND: krun /tmp/audit-work/160-do-algebra/k_concrete_cases.mpy --definition /tmp/audit-work/160-do-algebra/audit-runtime-kompiled
<generatedTop>
  <k>
    .K
  </k>
  <env>
    0
  </env>
  <scopes>
    -1 |-> scope ( "abs" |-> builtinV ( "abs" )
    "all" |-> builtinV ( "all" )
    "any" |-> builtinV ( "any" )
    "bin" |-> builtinV ( "bin" )
    "chr" |-> builtinV ( "chr" )
    "enumerate" |-> builtinV ( "enumerate" )
    "eval" |-> builtinV ( "eval" )
    "float" |-> typeV ( "float" )
    "int" |-> typeV ( "int" )
    "isinstance" |-> builtinV ( "isinstance" )
    "len" |-> builtinV ( "len" )
    "list" |-> builtinV ( "list" )
    "map" |-> builtinV ( "map" )
    "max" |-> builtinV ( "max" )
    "min" |-> builtinV ( "min" )
    "ord" |-> builtinV ( "ord" )
    "range" |-> builtinV ( "range" )
    "round" |-> builtinV ( "round" )
    "set" |-> builtinV ( "set" )
    "sorted" |-> builtinV ( "sorted" )
    "str" |-> typeV ( "str" )
    "sum" |-> builtinV ( "sum" )
    "zip" |-> builtinV ( "zip" ) , root )
    0 |-> scope ( "do_algebra" |-> closureVal ( "operator" , "operand" , .ParamNames , Assign ( Name ( "expression" ) , Str ( "" ) )  Assign ( Name ( "oprn" ) , Int ( 0 ) )  Assign ( Name ( "oprt" ) , Str ( "" ) )  For ( TupleExpr ( Name ( "oprn" ) , Name ( "oprt" ) , .Exprs ) , Call ( Name ( "zip" ) , Name ( "operand" ) , BinOp ( "+" , Name ( "operator" ) , ListExpr ( Str ( "" ) , .Exprs ) ) , .Exprs ) , AugAssign ( Name ( "expression" ) , "+" , BinOp ( "+" , Call ( Name ( "str" ) , Name ( "oprn" ) , .Exprs ) , Name ( "oprt" ) ) )  .Stmts )  Return ( Call ( Name ( "eval" ) , Name ( "expression" ) , .Exprs ) )  .Stmts , 0 )
    "documented" |-> 9
    "floor_boundary" |-> 2
    "minus_boundary" |-> -7
    "multiply_boundary" |-> 0
    "plus_boundary" |-> 0
    "power_boundary" |-> 1
    "precedence" |-> 14
    "right_power" |-> 512 , parent ( -1 ) )
  </scopes>
  <scopeLoc>
    1
  </scopeLoc>
  <heap>
    0 |-> list ( vCons ( str ( iCons ( 43 , .IntSeq ) ) , vCons ( str ( iCons ( 42 , .IntSeq ) ) , vCons ( str ( iCons ( 45 , .IntSeq ) ) , .ValSeq ) ) ) )
    1 |-> list ( vCons ( 2 , vCons ( 3 , vCons ( 4 , vCons ( 5 , .ValSeq ) ) ) ) )
    2 |-> list ( vCons ( str ( .IntSeq ) , .ValSeq ) )
    3 |-> list ( vCons ( str ( iCons ( 43 , .IntSeq ) ) , vCons ( str ( iCons ( 42 , .IntSeq ) ) , vCons ( str ( iCons ( 45 , .IntSeq ) ) , vCons ( str ( .IntSeq ) , .ValSeq ) ) ) ) )
    4 |-> list ( vCons ( str ( iCons ( 43 , .IntSeq ) ) , .ValSeq ) )
    5 |-> list ( vCons ( 0 , vCons ( 0 , .ValSeq ) ) )
    6 |-> list ( vCons ( str ( .IntSeq ) , .ValSeq ) )
    7 |-> list ( vCons ( str ( iCons ( 43 , .IntSeq ) ) , vCons ( str ( .IntSeq ) , .ValSeq ) ) )
    8 |-> list ( vCons ( str ( iCons ( 45 , .IntSeq ) ) , .ValSeq ) )
    9 |-> list ( vCons ( 0 , vCons ( 7 , .ValSeq ) ) )
    10 |-> list ( vCons ( str ( .IntSeq ) , .ValSeq ) )
    11 |-> list ( vCons ( str ( iCons ( 45 , .IntSeq ) ) , vCons ( str ( .IntSeq ) , .ValSeq ) ) )
    12 |-> list ( vCons ( str ( iCons ( 42 , .IntSeq ) ) , .ValSeq ) )
    13 |-> list ( vCons ( 0 , vCons ( 999 , .ValSeq ) ) )
    14 |-> list ( vCons ( str ( .IntSeq ) , .ValSeq ) )
    15 |-> list ( vCons ( str ( iCons ( 42 , .IntSeq ) ) , vCons ( str ( .IntSeq ) , .ValSeq ) ) )
    16 |-> list ( vCons ( str ( iCons ( 47 , iCons ( 47 , .IntSeq ) ) ) , .ValSeq ) )
    17 |-> list ( vCons ( 7 , vCons ( 3 , .ValSeq ) ) )
    18 |-> list ( vCons ( str ( .IntSeq ) , .ValSeq ) )
    19 |-> list ( vCons ( str ( iCons ( 47 , iCons ( 47 , .IntSeq ) ) ) , vCons ( str ( .IntSeq ) , .ValSeq ) ) )
    20 |-> list ( vCons ( str ( iCons ( 42 , iCons ( 42 , .IntSeq ) ) ) , .ValSeq ) )
    21 |-> list ( vCons ( 2 , vCons ( 0 , .ValSeq ) ) )
    22 |-> list ( vCons ( str ( .IntSeq ) , .ValSeq ) )
    23 |-> list ( vCons ( str ( iCons ( 42 , iCons ( 42 , .IntSeq ) ) ) , vCons ( str ( .IntSeq ) , .ValSeq ) ) )
    24 |-> list ( vCons ( str ( iCons ( 43 , .IntSeq ) ) , vCons ( str ( iCons ( 42 , .IntSeq ) ) , .ValSeq ) ) )
    25 |-> list ( vCons ( 2 , vCons ( 3 , vCons ( 4 , .ValSeq ) ) ) )
    26 |-> list ( vCons ( str ( .IntSeq ) , .ValSeq ) )
    27 |-> list ( vCons ( str ( iCons ( 43 , .IntSeq ) ) , vCons ( str ( iCons ( 42 , .IntSeq ) ) , vCons ( str ( .IntSeq ) , .ValSeq ) ) ) )
    28 |-> list ( vCons ( str ( iCons ( 42 , iCons ( 42 , .IntSeq ) ) ) , vCons ( str ( iCons ( 42 , iCons ( 42 , .IntSeq ) ) ) , .ValSeq ) ) )
    29 |-> list ( vCons ( 2 , vCons ( 3 , vCons ( 2 , .ValSeq ) ) ) )
    30 |-> list ( vCons ( str ( .IntSeq ) , .ValSeq ) )
    31 |-> list ( vCons ( str ( iCons ( 42 , iCons ( 42 , .IntSeq ) ) ) , vCons ( str ( iCons ( 42 , iCons ( 42 , .IntSeq ) ) ) , vCons ( str ( .IntSeq ) , .ValSeq ) ) ) )
  </heap>
  <heapLoc>
    32
  </heapLoc>
  <stack>
    .List
  </stack>
  <ret>
    noRet
  </ret>
  <exc>
    NoExc
  </exc>
  <exit-code>
    0
  </exit-code>
</generatedTop>
EXIT_STATUS=0
COMMAND: kompile /tmp/audit-work/160-do-algebra/verification.k --backend haskell --main-module VERIFICATION --syntax-module MPY-SYNTAX --output-definition /tmp/audit-work/160-do-algebra/audit-verification-kompiled
[Warning] Compiler: Variable 'As' defined but not used. Prefix variable name
with underscore if this is intentional.
	Source(/tmp/audit-work/160-do-algebra/reference-semantics/semantics/str.k)
	Location(52,27,52,29)
	52 |	  rule strLt(iCons(A:Int, As:IntSeq), iCons(B:Int, Bs:IntSeq)) => true   
      requires A  <Int B
	   .	                          ^~
[Warning] Compiler: Variable 'Bs' defined but not used. Prefix variable name
with underscore if this is intentional.
	Source(/tmp/audit-work/160-do-algebra/reference-semantics/semantics/str.k)
	Location(52,52,52,54)
	52 |	  rule strLt(iCons(A:Int, As:IntSeq), iCons(B:Int, Bs:IntSeq)) => true   
      requires A  <Int B
	   .	                                                   ^~
[Warning] Compiler: Variable 'As' defined but not used. Prefix variable name
with underscore if this is intentional.
	Source(/tmp/audit-work/160-do-algebra/reference-semantics/semantics/str.k)
	Location(53,27,53,29)
	53 |	  rule strLt(iCons(A:Int, As:IntSeq), iCons(B:Int, Bs:IntSeq)) => false  
      requires A  >Int B
	   .	                          ^~
[Warning] Compiler: Variable 'Bs' defined but not used. Prefix variable name
with underscore if this is intentional.
	Source(/tmp/audit-work/160-do-algebra/reference-semantics/semantics/str.k)
	Location(53,52,53,54)
	53 |	  rule strLt(iCons(A:Int, As:IntSeq), iCons(B:Int, Bs:IntSeq)) => false  
      requires A  >Int B
	   .	                                                   ^~
EXIT_STATUS=0
COMMAND: kprove /tmp/audit-work/160-do-algebra/spec.k --definition /tmp/audit-work/160-do-algebra/audit-verification-kompiled --spec-module SPEC --claims SPEC.algebra-loop
#Top
[Warning] Compiler: Variable 'As' defined but not used. Prefix variable name
with underscore if this is intentional.
	Source(/tmp/audit-work/160-do-algebra/reference-semantics/semantics/str.k)
	Location(52,27,52,29)
	52 |	  rule strLt(iCons(A:Int, As:IntSeq), iCons(B:Int, Bs:IntSeq)) => true   
      requires A  <Int B
	   .	                          ^~
[Warning] Compiler: Variable 'Bs' defined but not used. Prefix variable name
with underscore if this is intentional.
	Source(/tmp/audit-work/160-do-algebra/reference-semantics/semantics/str.k)
	Location(52,52,52,54)
	52 |	  rule strLt(iCons(A:Int, As:IntSeq), iCons(B:Int, Bs:IntSeq)) => true   
      requires A  <Int B
	   .	                                                   ^~
[Warning] Compiler: Variable 'As' defined but not used. Prefix variable name
with underscore if this is intentional.
	Source(/tmp/audit-work/160-do-algebra/reference-semantics/semantics/str.k)
	Location(53,27,53,29)
	53 |	  rule strLt(iCons(A:Int, As:IntSeq), iCons(B:Int, Bs:IntSeq)) => false  
      requires A  >Int B
	   .	                          ^~
[Warning] Compiler: Variable 'Bs' defined but not used. Prefix variable name
with underscore if this is intentional.
	Source(/tmp/audit-work/160-do-algebra/reference-semantics/semantics/str.k)
	Location(53,52,53,54)
	53 |	  rule strLt(iCons(A:Int, As:IntSeq), iCons(B:Int, Bs:IntSeq)) => false  
      requires A  >Int B
	   .	                                                   ^~
[Warning] Compiler: Variable 'FUNCTION' defined but not used. Prefix variable
name with underscore if this is intentional.
	Source(/tmp/audit-work/160-do-algebra/spec.k)
	Location(24,36,24,44)
	24 |	      0 |-> scope("do_algebra" |-> FUNCTION:Val, parent(-1))
	   .	                                   ^~~~~~~~
[Warning] Compiler: Variable 'OLDN' defined but not used. Prefix variable name
with underscore if this is intentional.
	Source(/tmp/audit-work/160-do-algebra/spec.k)
	Location(30,21,30,25)
	30 |	        "oprn" |-> (OLDN:Val => lastPairValue(NUMBERS, OPERATIONS))
	   .	                    ^~~~
[Warning] Compiler: Variable 'OLDO' defined but not used. Prefix variable name
with underscore if this is intentional.
	Source(/tmp/audit-work/160-do-algebra/spec.k)
	Location(31,21,31,25)
	31 |	        "oprt" |-> (OLDO:Val => str(.IntSeq))
	   .	                    ^~~~
[Warning] Compiler: Variable 'OPERATOR' defined but not used. Prefix variable
name with underscore if this is intentional.
	Source(/tmp/audit-work/160-do-algebra/spec.k)
	Location(32,24,32,32)
	32 |	        "operator" |-> OPERATOR:Val
	   .	                       ^~~~~~~~
[Warning] Compiler: Variable 'OPERAND' defined but not used. Prefix variable
name with underscore if this is intentional.
	Source(/tmp/audit-work/160-do-algebra/spec.k)
	Location(33,23,33,30)
	33 |	        "operand" |-> OPERAND:Val,
	   .	                      ^~~~~~~
[Warning] Compiler: Variable '?FUNCTION' defined but not used. Prefix variable
name with underscore if this is intentional.
	Source(/tmp/audit-work/160-do-algebra/spec.k)
	Location(83,26,83,35)
	83 |	        "do_algebra" |-> ?FUNCTION:Val,
	   .	                         ^~~~~~~~~
EXIT_STATUS=0
COMMAND: kprove /tmp/audit-work/160-do-algebra/spec.k --definition /tmp/audit-work/160-do-algebra/audit-verification-kompiled --spec-module SPEC --claims SPEC.do-algebra
INTERRUPTED_BY_REVIEWER_AFTER_MORE_THAN_180_SECONDS=YES
EXIT_STATUS=130
