COMMAND: kast solution.regenerated.mpy --definition fresh-verification-kompiled --input program --output pretty
COMMAND: kprove program-pinning.k --definition fresh-verification-kompiled --spec-module PROGRAM-PINNING
Module ( Import ( "math" )  FuncDef ( "triangle_area" , Params ( "a" , "b" , "c" , .ParamNames ) , If ( BoolOp ( "or" , Compare ( BinOp ( "+" , Name ( "a" ) , Name ( "b" ) ) , CmpOp ( "<=" , Name ( "c" ) ) ) , Compare ( BinOp ( "+" , Name ( "a" ) , Name ( "c" ) ) , CmpOp ( "<=" , Name ( "b" ) ) ) , Compare ( BinOp ( "+" , Name ( "b" ) , Name ( "c" ) ) , CmpOp ( "<=" , Name ( "a" ) ) ) , .Exprs ) , Return ( UnaryOp ( "-" , Int ( 1 ) ) )  .Stmts , .Stmts )  Assign ( Name ( "semi_perimeter" ) , BinOp ( "/" , BinOp ( "+" , BinOp ( "+" , Name ( "a" ) , Name ( "b" ) ) , Name ( "c" ) ) , Int ( 2 ) ) )  Assign ( Name ( "area" ) , Call ( Attribute ( Name ( "math" ) , "sqrt" ) , BinOp ( "*" , BinOp ( "*" , BinOp ( "*" , Name ( "semi_perimeter" ) , BinOp ( "-" , Name ( "semi_perimeter" ) , Name ( "a" ) ) ) , BinOp ( "-" , Name ( "semi_perimeter" ) , Name ( "b" ) ) ) , BinOp ( "-" , Name ( "semi_perimeter" ) , Name ( "c" ) ) ) , .Exprs ) )  Return ( Call ( Name ( "round" ) , Name ( "area" ) , Int ( 2 ) , .Exprs ) )  .Stmts )  .Stmts )
kore-exec: [1008764] Warning (WarnTrivialClaim):
    Claim proven without rewriting at: /tmp/audit-work/proof/program-pinning.k:6:9-37:65
#Top
[Warning] Compiler: Variable 'As' defined but not used. Prefix variable name
with underscore if this is intentional.
	Source(/tmp/audit-work/proof/reference-semantics/semantics/str.k)
	Location(52,27,52,29)
	52 |	  rule strLt(iCons(A:Int, As:IntSeq), iCons(B:Int, Bs:IntSeq)) => true   
      requires A  <Int B
	   .	                          ^~
[Warning] Compiler: Variable 'Bs' defined but not used. Prefix variable name
with underscore if this is intentional.
	Source(/tmp/audit-work/proof/reference-semantics/semantics/str.k)
	Location(52,52,52,54)
	52 |	  rule strLt(iCons(A:Int, As:IntSeq), iCons(B:Int, Bs:IntSeq)) => true   
      requires A  <Int B
	   .	                                                   ^~
[Warning] Compiler: Variable 'As' defined but not used. Prefix variable name
with underscore if this is intentional.
	Source(/tmp/audit-work/proof/reference-semantics/semantics/str.k)
	Location(53,27,53,29)
	53 |	  rule strLt(iCons(A:Int, As:IntSeq), iCons(B:Int, Bs:IntSeq)) => false  
      requires A  >Int B
	   .	                          ^~
[Warning] Compiler: Variable 'Bs' defined but not used. Prefix variable name
with underscore if this is intentional.
	Source(/tmp/audit-work/proof/reference-semantics/semantics/str.k)
	Location(53,52,53,54)
	53 |	  rule strLt(iCons(A:Int, As:IntSeq), iCons(B:Int, Bs:IntSeq)) => false  
      requires A  >Int B
	   .	                                                   ^~
KAST_EXIT=0
KPROVE_EXIT=0
TOP_LINES=1
