COMMAND: sha256sum reviewer evidence files
3ed3871b738b4bdef703989e93aef6edf0843959eef13ba204cefb156531d743  /audit-output/evidence/01-provenance-inspection.log
3eb1ecfbfcc2754043bb89c03499bcf099df62823bfc8d9554834cc82e6d1909  /audit-output/evidence/01b-integrity.log
ceec48c87f817d8f91cfc80160f943413f6ef350cf8ed7834e4612389f80d5ac  /audit-output/evidence/01c-tree-hashes.log
4c11d8ff4175936f10a4a7672c25139271bb0c0e236a67c70f699e2a03e6cfaa  /audit-output/evidence/02-scratch-setup.log
68690e5e4ae6fb4f5432ff58b037758a5c2988493bf05a53ae2a6692eb49f34a  /audit-output/evidence/03-translator-identity.log
65249ecbfb99890e341aeb5bd02ca7de3524a64a00f89dbea9d6e6f39b74dc10  /audit-output/evidence/04-differential.log
3e2b1363fb8266283b59584ae1d9d439631ee372f27d7dbfea007508b8a0784c  /audit-output/evidence/04b-differential-final.log
4c5df34b9e038f7831ee4ed7f2d5f1e095d8da267eeb0e516fca4216f80a27e5  /audit-output/evidence/05-kompile-llvm.log
6e50ca563dd20cad66c6b098e5368a6175b19c581f9f6626d1db7c1ad852a506  /audit-output/evidence/06-concrete-smoke.log
70053829764dbb4c8ffc2f6b8b108562a296d2629319e9669f0664f4b3010f5d  /audit-output/evidence/07-kompile-haskell.log
65a93ab2f9cba230047fe91fb8b96be91ab094173314709b40d9b8fdad2ae9d7  /audit-output/evidence/08-claim-triangle-area-bool-bool-bool.log
65aaa9fb223c758e6d311d49aa4df2dfa00f0a3dbb612186f83d0f337475609b  /audit-output/evidence/08-claim-triangle-area-bool-bool-float.log
f0cfc21bb46b5c956dc0faec4bf92a39dcbd56552228522a57a8a8fd2b9ea557  /audit-output/evidence/08-claim-triangle-area-bool-bool-int.log
ecd9642443442d732f06786b89c7b719bd1498e88d53efbdd26bbbc5086f6299  /audit-output/evidence/08-claim-triangle-area-bool-float-bool.log
40bd980b538990427f8f95fb3608b4b94bd562c31edd47915463080298d5a6c3  /audit-output/evidence/08-claim-triangle-area-bool-float-float.log
130c33f291b3e3c27655ec9bfbc8aa8133df9eb14fbc5a81b214495c292a6d88  /audit-output/evidence/08-claim-triangle-area-bool-float-int.log
6582a3f02bdfc2f1dbaf7886ec04f9f1fb49f9a40fa2e0b11c77d7100a586516  /audit-output/evidence/08-claim-triangle-area-bool-int-bool.log
df474870eb342698e73e3c81266bf4ad211bbddfe9bff8caf0e5a71be3a2e430  /audit-output/evidence/08-claim-triangle-area-bool-int-float.log
791ca20a082534c459c751de5abe22a667e162f7f121ac1d6e1b43d28628e956  /audit-output/evidence/08-claim-triangle-area-bool-int-int.log
b049bdff74cae8a6a2786ab0e7fcbfba8317cd05ff57732804d9922ffc073b0d  /audit-output/evidence/08-claim-triangle-area-float-bool-bool.log
822d04c5b41966b965efe6abb18ebd6abcda9c1c9a305660394c13f99f4e3050  /audit-output/evidence/08-claim-triangle-area-float-bool-float.log
a9f33f95a137b790c9ccc6d6626777451d8b7a4c8bcf91cbe40c66951051fb0b  /audit-output/evidence/08-claim-triangle-area-float-bool-int.log
7435874a49cdfc68d57ec078f8982fee6c9929b464742bfb7799df4576a8abeb  /audit-output/evidence/08-claim-triangle-area-float-float-bool.log
74cbf70d3a1292a756caf5ed5cf9683a1270785d73083d19496c90729d193502  /audit-output/evidence/08-claim-triangle-area-float-float-float.log
c5ee2ce972167a88145f9216b09caf779ad7b33511e1d2a016d3990f41596cd5  /audit-output/evidence/08-claim-triangle-area-float-float-int.log
316d2945d5bf3609dc3c00b5935f6ddcef49fe11c70bfa647ba541138046be38  /audit-output/evidence/08-claim-triangle-area-float-int-bool.log
af8005e6ca0010e931b4b26de9304fbff346de40f3fd2a78067cb997c0f68eb2  /audit-output/evidence/08-claim-triangle-area-float-int-float.log
3632129fe1460cfbffd285c938d63738d7b19d9942ce24beeafd40687b07132c  /audit-output/evidence/08-claim-triangle-area-float-int-int.log
2deb976a3e015def382adc3bab326002adb3305829a1ab30e7c23c2d6e7e2ff0  /audit-output/evidence/08-claim-triangle-area-int-bool-bool.log
88c7876d4e84e16e9d2cbbeecf3808c167a1424df168ffa142f866bdfcdc1d87  /audit-output/evidence/08-claim-triangle-area-int-bool-float.log
17acb2e82611f051fffcd33ea9d08681fffa6cedd7b49670e7580d316fac56d7  /audit-output/evidence/08-claim-triangle-area-int-bool-int.log
1d092ceb26b39ad00a5c4e20f35825054b60e4e5ffadeda698e1fcde9e66f0af  /audit-output/evidence/08-claim-triangle-area-int-float-bool.log
90ac1db9dd07f3cebe64139cca6b00f0204bb98dbf0699bc2c2431158eac5fab  /audit-output/evidence/08-claim-triangle-area-int-float-float.log
95a546eb1cfd8426e0ea6c0880277d4ca0af89d326f714fe7c55aa01c7fba639  /audit-output/evidence/08-claim-triangle-area-int-float-int.log
b98142e39014fe7f6eb1c93769a3eb22e9cc64158eed9db1852df1409d9f84cd  /audit-output/evidence/08-claim-triangle-area-int-int-bool.log
7839126317b1d1e9d524151757fc9bc3988824b2f624c4104c4cbadb30c16c13  /audit-output/evidence/08-claim-triangle-area-int-int-float.log
753cbf79e3bee881819db22cd1fa9ffb83cf6464f20372c6bcd6294296efe15f  /audit-output/evidence/08-claim-triangle-area-int.log
56e2ca3b98e308efcd5450b4d1e55dfc2d0fca51d4dd307a59f04146568325fe  /audit-output/evidence/08-positive-claims-summary.log
09724900a134fe390d10d542e04656d4e7d7a3b9e4877a889bb9a6615b8b678a  /audit-output/evidence/09-program-pinning.log
b343f2db253902356bbe871b1dc8e7ec32647e1295a5e516ffda1f8efe67247c  /audit-output/evidence/09b-program-pinning-final.log
01b344abcb7b45583be6b7933cafb8863a095231fc0d9efe379528adbb2b17b1  /audit-output/evidence/09c-program-pinning-config-final.log
8fb3b50db1cbc83db444e67b62581043d971e2955015ff86502609f08a16b425  /audit-output/evidence/10-ground-witnesses.log
9356470fce133f49f6fcab7412f4fe73bebb5543db69aa245d52ffdb09e55bfc  /audit-output/evidence/11-rule-inventory.log
c955ae0f547ce8411362091baa9d5c7fa46cdc7439ee1426d5b6ebbc33a310b9  /audit-output/evidence/12-non-vacuity.log
7dcb613fadf0a7e2911d89b8e006d6cc876191a1a46937d6884f6a5edfa8a9e5  /audit-output/evidence/12b-non-vacuity-final.log
55f40e45f43f1ad20aba85c335943a79ebc6678d0a2ccaf2d634569821b77d23  /audit-output/evidence/13-body-sensitivity.log
1a4031bdaa4d11d8b182935914c9a8fbffd77dba18eda71ae4d66fe2c4c083ab  /audit-output/evidence/14-nan-model-boundary.log
5c5e3bb0d8be11ca8cf8d9dfe188fc903a461e4f05d6e4d2292fc62061dfae94  /audit-output/evidence/14b-huge-integer-boundary.log
c23457aefa99d0e1c039728f69b1754091648d361d3b66aeac07b898688d3928  /audit-output/evidence/auditor-body-sensitivity.k
1d4568fa3b8c6465ab26c91bdc6f18451de18e73d6685b32fef52a9ded93eb56  /audit-output/evidence/auditor-false-result-v2.k
5587eddf03dd1e510ddcece0b03841af35ab642d5555e90980e5f369b000a7c2  /audit-output/evidence/auditor-false-result.k
c44fc518f32d39424a0b043e4b28242a3f8723af8bc55a29952642be87e61269  /audit-output/evidence/build_rule_inventory.sh
5f68678cba1b248e8d7ef04dd350b9b6713f62898b95f3286295917bec727f86  /audit-output/evidence/concrete_smoke.mpy
affe21ac76690836544c6b12e02df9a409d9671ff4e42bde2ed79213bb997206  /audit-output/evidence/concrete_smoke.py
86b7442aabe33aeb50d099ba95e9afa8b360404f881035c72f122d7ba208c032  /audit-output/evidence/differential.py
e1491369fcb33a552f26156b07647895c83abdccace2e50875038f315c51e0d2  /audit-output/evidence/ground_witnesses.py
bbcd0a1203ba7747337990a5dab0e3e1f21ec8b209dc09fa4764c996e7f21b7c  /audit-output/evidence/huge_integer_boundary.mpy
c67394b2530a9ebbe8401affe1ecfbe7a7b994f7e1d2d3a07ad21ca5a61d5d6b  /audit-output/evidence/huge_integer_boundary.py
499fa215e58f2b47aa060b73076dfed1a58dcbba9d1fc1a18bc22e9a3a423922  /audit-output/evidence/inspect_provenance.py
cf9715ddb7675928ddbbfdc3c04587b65639153a89b15d20bd8bee807928ff75  /audit-output/evidence/nan_boundary.mpy
939014bbf75417f84c5b57d6338ba520533071aa4c78070eee7749da948d8224  /audit-output/evidence/nan_boundary.py
0787f040503aab07541397802b1366c2264bd19ba7f3e88295be1c2dc255f200  /audit-output/evidence/program-pinning.k
5d074e22b01e41f6370029d4037dd0600f66fc673ca42acf6e5e0c08b1d319de  /audit-output/evidence/run_positive_claims.sh
8a5f728f153f4cb267d76d1e0c2de432383fe3255e6c7ebd7a9dc8e485bee1d7  /audit-output/evidence/triangle_program_call.txt
EXIT_STATUS: 0
