Script started on 2026-07-31 08:26:07-05:00 [<not executed on terminal>]
{
  "actual_resolution_hashes": {
    "discovery_manifest_sha256": "8b892fc118ea37134ed4830b5884a29bd7cee238dcb7dfdc52df1157138f744b",
    "generated_tree_sha256": "3100c8f10f114de235c3a5648e26915592b6514fdf7732d25c9a6ca61e8460e4",
    "generation_producer_sources_sha256": "e2997e276bc28e190348cbf865548aaeda9c5a355767876bf0a1e21fec2aada8",
    "k_audit_sha256": "68a873defed5891c0a4f4636e5c5d130047a585391d7952abaa44401743174bd",
    "k_workspace_sha256": "2b2b691113800e4fb1458e1fb3dbb568eb0bc827d363bbb69887b9acf215eb7a",
    "klean_generation_sha256": "f37de5c68473579d9be04bf6808c1181062ba92269123927a7082b14573e34ee",
    "lean_workspace_sha256": "7a414699ccb346add50d95f13de7107e26b71e80b920c942da42c9af1f2dcbcf",
    "stage1_export_sha256": "30ee607e4db2c763d3a61fbd783e6d1d4e23c5f2e1d49916ea0f428d024add1d"
  },
  "actual_target": {
    "declaration": "Klean86AntiShuffle.Lemmas.targetStatement",
    "definition_sha256": "aba8f4d2a1c79951c87c408cf510ad23e55c9635499c269298109850f925c20a",
    "file": "Klean86AntiShuffle/Lemmas.lean",
    "parameters": [
      {
        "binding_sha256": "7011b4289175f6d23ba6e05f645ca8cf62c529aee4cd38a6a4c74af3c7b8a20c",
        "kore_symbol": "Lbl'Unds-LT-'Int'Unds'",
        "name": "«_<Int_»",
        "source_rule_ids": [
          "rule-8035a5d5e2dd908c685b0f3f6b47722aade54582ecf7e781dfd68bc1469d72b1"
        ],
        "type": "SortInt → SortInt → SortBool"
      },
      {
        "binding_sha256": "154a1e786f511019bcb7bf8e78eb9d8219779597560b8f920837a5b270ece0ba",
        "kore_symbol": "LblstrLt'LParUndsCommUndsRParUnds'MPY-STR'Unds'Bool'Unds'IntSeq'Unds'IntSeq",
        "name": "«strLt(_,_)_MPY-STR_Bool_IntSeq_IntSeq»",
        "source_rule_ids": [
          "rule-8035a5d5e2dd908c685b0f3f6b47722aade54582ecf7e781dfd68bc1469d72b1"
        ],
        "type": "SortIntSeq → SortIntSeq → SortBool"
      }
    ],
    "statement": "Klean86AntiShuffle.Lemmas.targetStatement «_<Int_» «strLt(_,_)_MPY-STR_Bool_IntSeq_IntSeq»",
    "statement_sha256": "e3bf236183914b6dcbb7f27f777c3e9afcc0c26891e92ec12a7b58b0a1c8da2e"
  },
  "all_checks_pass": true,
  "checks": {
    "all_mounted_resolution_hashes_match": true,
    "audit_input_signature_digest_valid": true,
    "export_result_hashes": true,
    "generator_generated_tree_hash": true,
    "generator_obligation_map_hash": true,
    "generator_provenance_discovery_hash": true,
    "generator_provenance_inventory_hash": true,
    "generator_provenance_stage1_hash": true,
    "input_manifest_discovery_hash": true,
    "input_manifest_inventory_hash": true,
    "input_manifest_stage1_hash": true,
    "input_manifest_verification_hash": true,
    "obligation_is_exact_nonvacuous_rule_translation": true,
    "obligation_provenance_exact": true,
    "one_nonempty_domain_obligation": true,
    "source_obligation_ordered_bijection": true,
    "source_rule_is_exact_reconstructed_domain_rule": true,
    "stage1_file_hash_map_exact": true,
    "stage1_file_hash_map_has_no_duplicate_paths": true,
    "stored_preflight_matches_audit_input": true,
    "target_is_exact_generated_conjunction": true,
    "target_matches_audit_input": true,
    "target_matches_generator_manifest": true,
    "target_matches_recorded_preflight": true
  },
  "exact_lean_conjunct": "∀ (D : SortInt) (C : SortInt), («strLt(_,_)_MPY-STR_Bool_IntSeq_IntSeq» (SortIntSeq.«iCons(_,_)_MPY-CORE_IntSeq_Int_IntSeq» C SortIntSeq.«.IntSeq_MPY-CORE_IntSeq») (SortIntSeq.«iCons(_,_)_MPY-CORE_IntSeq_Int_IntSeq» D SortIntSeq.«.IntSeq_MPY-CORE_IntSeq») : SortBool) = («_<Int_» C D : SortBool)",
  "expected_target_definition": "def targetStatement\n    («_<Int_» : SortInt → SortInt → SortBool)\n    («strLt(_,_)_MPY-STR_Bool_IntSeq_IntSeq» : SortIntSeq → SortIntSeq → SortBool)\n    : Prop :=\n    (∀ (D : SortInt) (C : SortInt), («strLt(_,_)_MPY-STR_Bool_IntSeq_IntSeq» (SortIntSeq.«iCons(_,_)_MPY-CORE_IntSeq_Int_IntSeq» C SortIntSeq.«.IntSeq_MPY-CORE_IntSeq») (SortIntSeq.«iCons(_,_)_MPY-CORE_IntSeq_Int_IntSeq» D SortIntSeq.«.IntSeq_MPY-CORE_IntSeq») : SortBool) = («_<Int_» C D : SortBool))",
  "obligation_ids": [
    "rule-8035a5d5e2dd908c685b0f3f6b47722aade54582ecf7e781dfd68bc1469d72b1"
  ],
  "recorded_resolution_hashes": {
    "discovery_manifest_sha256": "8b892fc118ea37134ed4830b5884a29bd7cee238dcb7dfdc52df1157138f744b",
    "generated_tree_sha256": "3100c8f10f114de235c3a5648e26915592b6514fdf7732d25c9a6ca61e8460e4",
    "generation_producer_sources_sha256": "e2997e276bc28e190348cbf865548aaeda9c5a355767876bf0a1e21fec2aada8",
    "k_audit_sha256": "68a873defed5891c0a4f4636e5c5d130047a585391d7952abaa44401743174bd",
    "k_workspace_sha256": "2b2b691113800e4fb1458e1fb3dbb568eb0bc827d363bbb69887b9acf215eb7a",
    "klean_generation_sha256": "f37de5c68473579d9be04bf6808c1181062ba92269123927a7082b14573e34ee",
    "lean_workspace_sha256": "7a414699ccb346add50d95f13de7107e26b71e80b920c942da42c9af1f2dcbcf",
    "stage1_export_sha256": "30ee607e4db2c763d3a61fbd783e6d1d4e23c5f2e1d49916ea0f428d024add1d"
  },
  "resolved_input_sha256": "55f1eed6ca58a98222e1043039ebb7b95ecadd13ddcd3849f9d39b61993c599e",
  "source_rule_ids": [
    "rule-8035a5d5e2dd908c685b0f3f6b47722aade54582ecf7e781dfd68bc1469d72b1"
  ],
  "stage1_file_count": 794,
  "unmounted_hash_note": {
    "lean_invocation_sha256": "a9604ca0afd46348624aaa24df71c55c128dbff078526f6dc405da1b4382580f",
    "reason": "The launcher did not mount the Stage 5 invocation directory; its hash is signed but cannot be recomputed from available inputs."
  }
}

Script done on 2026-07-31 08:26:08-05:00 [COMMAND_EXIT_CODE="0"]
