COMMAND: kast solution.mpy --definition fresh-verification-kompiled --output json --output-file solution-kast.json
KAST_EXIT 0
COMMAND: kprove spec.k --definition fresh-verification-kompiled --spec-module SPEC --dry-run --emit-json-spec spec-all.json
kore-exec /tmp/audit-work/reconstruction/./fresh-verification-kompiled/definition.kore --module VERIFICATION --prove /tmp/.kprove-2026-07-29-07-39-00-141-7c23a70c-ee78-4626-8448-60b607d9c647/spec.kore --spec-module SPEC --output /tmp/.kprove-2026-07-29-07-39-00-141-7c23a70c-ee78-4626-8448-60b607d9c647/result.kore
[Warning] Compiler: Variable 'As' defined but not used. Prefix variable name
with underscore if this is intentional.
	Source(/tmp/audit-work/reconstruction/reference-semantics/semantics/str.k)
	Location(52,27,52,29)
	52 |	  rule strLt(iCons(A:Int, As:IntSeq), iCons(B:Int, Bs:IntSeq)) => true   
      requires A  <Int B
	   .	                          ^~
[Warning] Compiler: Variable 'Bs' defined but not used. Prefix variable name
with underscore if this is intentional.
	Source(/tmp/audit-work/reconstruction/reference-semantics/semantics/str.k)
	Location(52,52,52,54)
	52 |	  rule strLt(iCons(A:Int, As:IntSeq), iCons(B:Int, Bs:IntSeq)) => true   
      requires A  <Int B
	   .	                                                   ^~
[Warning] Compiler: Variable 'As' defined but not used. Prefix variable name
with underscore if this is intentional.
	Source(/tmp/audit-work/reconstruction/reference-semantics/semantics/str.k)
	Location(53,27,53,29)
	53 |	  rule strLt(iCons(A:Int, As:IntSeq), iCons(B:Int, Bs:IntSeq)) => false  
      requires A  >Int B
	   .	                          ^~
[Warning] Compiler: Variable 'Bs' defined but not used. Prefix variable name
with underscore if this is intentional.
	Source(/tmp/audit-work/reconstruction/reference-semantics/semantics/str.k)
	Location(53,52,53,54)
	53 |	  rule strLt(iCons(A:Int, As:IntSeq), iCons(B:Int, Bs:IntSeq)) => false  
      requires A  >Int B
	   .	                                                   ^~
DRY_RUN_EXIT 0
COMMAND: python3 /audit-output/evidence/audit_pinning.py
CLAIM_PINNING_OK label=SPEC.empty body_sha256=1e496c4680609c008f96dede2a80cfe32a393500e69886a14acdd4ca884dc692
CLAIM_PINNING_OK label=SPEC.nonempty body_sha256=1e496c4680609c008f96dede2a80cfe32a393500e69886a14acdd4ca884dc692
PINNING_RESULT PASS claims=2 source_body_sha256=1e496c4680609c008f96dede2a80cfe32a393500e69886a14acdd4ca884dc692
PINNING_SCRIPT_EXIT 0
COMMAND: python3 /audit-output/evidence/adequacy_witness.py
EMPTY_WITNESS input=[] result=[]
NONEMPTY_WITNESS input=[0, 1] F=0 IS=[1] vsLen(IS)=1 L=1 result=[0, 1]
NONEMPTY_WITNESS input=[2, 4, 3, 0, 1, 5, 6] F=2 IS=[4, 3, 0, 1, 5, 6] vsLen(IS)=6 L=6 result=[6, 5, 4, 3, 2, 1, 0]
NONEMPTY_WITNESS input=[10000000000000000000000000000000000000001, 0, 10000000000000000000000000000000000000000] F=10000000000000000000000000000000000000001 IS=[0, 10000000000000000000000000000000000000000] vsLen(IS)=2 L=10000000000000000000000000000000000000000 result=[0, 10000000000000000000000000000000000000000, 10000000000000000000000000000000000000001]
ADEQUACY_WITNESSES PASS
WITNESS_SCRIPT_EXIT 0
