kore-exec: [1126562] Warning (WarnStuckClaimState):
    The configuration's term doesn't unify with the destination's term and the configuration cannot be rewritten further. Location: /workspace/bridge-witness-negative.k:20:5-52:23
Context:
    (InfoReachability) while checking the implication
  <generatedTop>
    <k>
      ref ( 0 ) ~> .K
    </k>
    <env>
      0
    </env>
    <scopes>
      SC
    </scopes>
    <scopeLoc>
      1
    </scopeLoc>
    <heap>
      0 |-> list ( vCons ( str ( iCons ( 97 , iCons ( 98 , iCons ( 99 , .IntSeq ) ) ) ) , .ValSeq ) )
    </heap>
    <heapLoc>
      1
    </heapLoc>
    <stack>
      .List
    </stack>
    <ret>
      noRet
    </ret>
    <exc>
      NoExc
    </exc>
    <exit-code>
      _DotVar1
    </exit-code>
  </generatedTop>
#And
  {
    false
  #Equals
    1 in_keys ( SC )
  }
[Warning] Compiler: Variable 'As' defined but not used. Prefix variable name
with underscore if this is intentional.
	Source(/workspace/reference-semantics/semantics/str.k)
	Location(52,27,52,29)
	52 |	  rule strLt(iCons(A:Int, As:IntSeq), iCons(B:Int, Bs:IntSeq)) => true   
      requires A  <Int B
	   .	                          ^~
[Warning] Compiler: Variable 'Bs' defined but not used. Prefix variable name
with underscore if this is intentional.
	Source(/workspace/reference-semantics/semantics/str.k)
	Location(52,52,52,54)
	52 |	  rule strLt(iCons(A:Int, As:IntSeq), iCons(B:Int, Bs:IntSeq)) => true   
      requires A  <Int B
	   .	                                                   ^~
[Warning] Compiler: Variable 'As' defined but not used. Prefix variable name
with underscore if this is intentional.
	Source(/workspace/reference-semantics/semantics/str.k)
	Location(53,27,53,29)
	53 |	  rule strLt(iCons(A:Int, As:IntSeq), iCons(B:Int, Bs:IntSeq)) => false  
      requires A  >Int B
	   .	                          ^~
[Warning] Compiler: Variable 'Bs' defined but not used. Prefix variable name
with underscore if this is intentional.
	Source(/workspace/reference-semantics/semantics/str.k)
	Location(53,52,53,54)
	53 |	  rule strLt(iCons(A:Int, As:IntSeq), iCons(B:Int, Bs:IntSeq)) => false  
      requires A  >Int B
	   .	                                                   ^~
[Warning] Compiler: Variable 'ORIGINAL' defined but not used. Prefix variable
name with underscore if this is intentional.
	Source(/workspace/verification.k)
	Location(24,34,24,42)
	24 |	              "strings" |-> list(ORIGINAL:ValSeq)
	   .	                                 ^~~~~~~~
[Warning] Compiler: Variable 'OLD' defined but not used. Prefix variable name
with underscore if this is intentional.
	Source(/workspace/verification.k)
	Location(27,32,27,35)
	27 |	              "string" |-> str(OLD:IntSeq),
	   .	                               ^~~
[Warning] Compiler: Variable 'HP' defined but not used. Prefix variable name
with underscore if this is intentional.
	Source(/workspace/verification.k)
	Location(33,7,33,9)
	33 |	      HP:Map
	   .	      ^~
[Warning] Compiler: Variable 'NEXT' defined but not used. Prefix variable name
with underscore if this is intentional.
	Source(/workspace/verification.k)
	Location(38,15,38,19)
	38 |	    <heapLoc> NEXT:Int </heapLoc>
	   .	              ^~~~
[Error] Prover: backend terminated because the configuration cannot be
rewritten further. See output for more details.
