WITNESS: input [1] satisfies the entry precondition; both Python implementations return [1], not [].
COMMAND: kprove spec-vacuity.k --definition verification-kompiled --spec-module REVIEWER-SPEC-VACUITY --claims false_empty_for_singleton --dry-run
kore-exec /tmp/audit-work/source/./verification-kompiled/definition.kore --module ORDER-BY-POINTS-VERIFICATION --prove /tmp/.kprove-2026-07-26-22-58-24-609-cbacdc61-3911-4859-baa4-5ec5076bde15/spec.kore --spec-module REVIEWER-SPEC-VACUITY --output /tmp/.kprove-2026-07-26-22-58-24-609-cbacdc61-3911-4859-baa4-5ec5076bde15/result.kore
[Warning] Compiler: Variable 'As' defined but not used. Prefix variable name
with underscore if this is intentional.
	Source(/tmp/audit-work/source/reference-semantics/semantics/str.k)
	Location(52,27,52,29)
	52 |	  rule strLt(iCons(A:Int, As:IntSeq), iCons(B:Int, Bs:IntSeq)) => true   
      requires A  <Int B
	   .	                          ^~
[Warning] Compiler: Variable 'Bs' defined but not used. Prefix variable name
with underscore if this is intentional.
	Source(/tmp/audit-work/source/reference-semantics/semantics/str.k)
	Location(52,52,52,54)
	52 |	  rule strLt(iCons(A:Int, As:IntSeq), iCons(B:Int, Bs:IntSeq)) => true   
      requires A  <Int B
	   .	                                                   ^~
[Warning] Compiler: Variable 'As' defined but not used. Prefix variable name
with underscore if this is intentional.
	Source(/tmp/audit-work/source/reference-semantics/semantics/str.k)
	Location(53,27,53,29)
	53 |	  rule strLt(iCons(A:Int, As:IntSeq), iCons(B:Int, Bs:IntSeq)) => false  
      requires A  >Int B
	   .	                          ^~
[Warning] Compiler: Variable 'Bs' defined but not used. Prefix variable name
with underscore if this is intentional.
	Source(/tmp/audit-work/source/reference-semantics/semantics/str.k)
	Location(53,52,53,54)
	53 |	  rule strLt(iCons(A:Int, As:IntSeq), iCons(B:Int, Bs:IntSeq)) => false  
      requires A  >Int B
	   .	                                                   ^~
DRY_RUN_EXIT_STATUS: 0
COMMAND: kprove spec-vacuity.k --definition verification-kompiled --spec-module REVIEWER-SPEC-VACUITY --claims false_empty_for_singleton
kore-exec: [1146299] Warning (WarnStuckClaimState):
    The configuration's term unifies with the destination's term, but the implication check between the conditions has failed. Location: /tmp/audit-work/source/spec-vacuity.k:7:5-23:23
Context:
    (InfoReachability) while checking the implication
  #Not ( {
    .ValSeq
  #Equals
    sortKeyVS ( vCons ( 1 , .ValSeq ) , closureVal ( "n" , .ParamNames , Assign ( Name ( "negative" ) , Compare ( Name ( "n" ) , CmpOp ( "<" , Int ( 0 ) ) ) )  Assign ( Name ( "n" ) , Call ( Name ( "abs" ) , Name ( "n" ) , .Exprs ) )  Assign ( Name ( "total" ) , Int ( 0 ) )  Assign ( Name ( "most_significant" ) , Int ( 0 ) )  While ( Name ( "n" ) , Assign ( Name ( "most_significant" ) , BinOp ( "%" , Name ( "n" ) , Int ( 10 ) ) )  AugAssign ( Name ( "total" ) , "+" , Name ( "most_significant" ) )  AugAssign ( Name ( "n" ) , "//" , Int ( 10 ) )  .Stmts )  If ( Name ( "negative" ) , AugAssign ( Name ( "total" ) , "-" , BinOp ( "*" , Int ( 2 ) , Name ( "most_significant" ) ) )  .Stmts , .Stmts )  Return ( Name ( "total" ) )  .Stmts , 0 ) )
  } )
#And
  <generatedTop>
    <k>
      ref ( 0 ) ~> .K
    </k>
    <env>
      0
    </env>
    <scopes>
      -1 |-> scope ( "abs" |-> builtinV ( "abs" )
      "all" |-> builtinV ( "all" )
      "any" |-> builtinV ( "any" )
      "bin" |-> builtinV ( "bin" )
      "chr" |-> builtinV ( "chr" )
      "enumerate" |-> builtinV ( "enumerate" )
      "eval" |-> builtinV ( "eval" )
      "float" |-> typeV ( "float" )
      "int" |-> typeV ( "int" )
      "isinstance" |-> builtinV ( "isinstance" )
      "len" |-> builtinV ( "len" )
      "list" |-> builtinV ( "list" )
      "map" |-> builtinV ( "map" )
      "max" |-> builtinV ( "max" )
      "min" |-> builtinV ( "min" )
      "ord" |-> builtinV ( "ord" )
      "range" |-> builtinV ( "range" )
      "round" |-> builtinV ( "round" )
      "set" |-> builtinV ( "set" )
      "sorted" |-> builtinV ( "sorted" )
      "str" |-> typeV ( "str" )
      "sum" |-> builtinV ( "sum" )
      "zip" |-> builtinV ( "zip" ) , root )
      0 |-> scope ( "digit_sum" |-> closureVal ( "n" , .ParamNames , Assign ( Name ( "negative" ) , Compare ( Name ( "n" ) , CmpOp ( "<" , Int ( 0 ) ) ) )  Assign ( Name ( "n" ) , Call ( Name ( "abs" ) , Name ( "n" ) , .Exprs ) )  Assign ( Name ( "total" ) , Int ( 0 ) )  Assign ( Name ( "most_significant" ) , Int ( 0 ) )  While ( Name ( "n" ) , Assign ( Name ( "most_significant" ) , BinOp ( "%" , Name ( "n" ) , Int ( 10 ) ) )  AugAssign ( Name ( "total" ) , "+" , Name ( "most_significant" ) )  AugAssign ( Name ( "n" ) , "//" , Int ( 10 ) )  .Stmts )  If ( Name ( "negative" ) , AugAssign ( Name ( "total" ) , "-" , BinOp ( "*" , Int ( 2 ) , Name ( "most_significant" ) ) )  .Stmts , .Stmts )  Return ( Name ( "total" ) )  .Stmts , 0 )
      "order_by_points" |-> closureVal ( "nums" , .ParamNames , Return ( Call ( Name ( "sorted" ) , Name ( "nums" ) , KwArg ( "key" , Name ( "digit_sum" ) ) , .Exprs ) )  .Stmts , 0 ) , parent ( -1 ) )
    </scopes>
    <scopeLoc>
      1
    </scopeLoc>
    <heap>
      0 |-> list ( sortKeyVS ( vCons ( 1 , .ValSeq ) , closureVal ( "n" , .ParamNames , Assign ( Name ( "negative" ) , Compare ( Name ( "n" ) , CmpOp ( "<" , Int ( 0 ) ) ) )  Assign ( Name ( "n" ) , Call ( Name ( "abs" ) , Name ( "n" ) , .Exprs ) )  Assign ( Name ( "total" ) , Int ( 0 ) )  Assign ( Name ( "most_significant" ) , Int ( 0 ) )  While ( Name ( "n" ) , Assign ( Name ( "most_significant" ) , BinOp ( "%" , Name ( "n" ) , Int ( 10 ) ) )  AugAssign ( Name ( "total" ) , "+" , Name ( "most_significant" ) )  AugAssign ( Name ( "n" ) , "//" , Int ( 10 ) )  .Stmts )  If ( Name ( "negative" ) , AugAssign ( Name ( "total" ) , "-" , BinOp ( "*" , Int ( 2 ) , Name ( "most_significant" ) ) )  .Stmts , .Stmts )  Return ( Name ( "total" ) )  .Stmts , 0 ) ) )
    </heap>
    <heapLoc>
      1
    </heapLoc>
    <stack>
      .List
    </stack>
    <ret>
      noRet
    </ret>
    <exc>
      NoExc
    </exc>
    <exit-code>
      _DotVar1
    </exit-code>
  </generatedTop>
[Warning] Compiler: Variable 'As' defined but not used. Prefix variable name
with underscore if this is intentional.
	Source(/tmp/audit-work/source/reference-semantics/semantics/str.k)
	Location(52,27,52,29)
	52 |	  rule strLt(iCons(A:Int, As:IntSeq), iCons(B:Int, Bs:IntSeq)) => true   
      requires A  <Int B
	   .	                          ^~
[Warning] Compiler: Variable 'Bs' defined but not used. Prefix variable name
with underscore if this is intentional.
	Source(/tmp/audit-work/source/reference-semantics/semantics/str.k)
	Location(52,52,52,54)
	52 |	  rule strLt(iCons(A:Int, As:IntSeq), iCons(B:Int, Bs:IntSeq)) => true   
      requires A  <Int B
	   .	                                                   ^~
[Warning] Compiler: Variable 'As' defined but not used. Prefix variable name
with underscore if this is intentional.
	Source(/tmp/audit-work/source/reference-semantics/semantics/str.k)
	Location(53,27,53,29)
	53 |	  rule strLt(iCons(A:Int, As:IntSeq), iCons(B:Int, Bs:IntSeq)) => false  
      requires A  >Int B
	   .	                          ^~
[Warning] Compiler: Variable 'Bs' defined but not used. Prefix variable name
with underscore if this is intentional.
	Source(/tmp/audit-work/source/reference-semantics/semantics/str.k)
	Location(53,52,53,54)
	53 |	  rule strLt(iCons(A:Int, As:IntSeq), iCons(B:Int, Bs:IntSeq)) => false  
      requires A  >Int B
	   .	                                                   ^~
[Error] Prover: backend terminated because the configuration cannot be
rewritten further. See output for more details.
PROOF_EXIT_STATUS: 1
