COMMAND: python3 /audit-output/evidence/claim_witnesses.py
CLAIM: UNIVERSAL-PROGRAM-REDUCTION
SATISFYING_STATE: strings=['a'], substring='a'
PRECONDITION_CHECK: sort-only precondition: INPUT=Cons("a",Nil), SUBSTRING="a"
TRUSTED_CANONICAL_RESULT: ['a']
CANDIDATE_PYTHON_RESULT: ['a']
PYTHON_RESULTS_AGREE: true

CLAIM: UNIVERSAL-BASE
SATISFYING_STATE: strings=[], substring='a'
PRECONDITION_CHECK: sort-only precondition: INPUT=Nil, SUBSTRING="a"
TRUSTED_CANONICAL_RESULT: []
CANDIDATE_PYTHON_RESULT: []
PYTHON_RESULTS_AGREE: true

CLAIM: UNIVERSAL-STEP-KEEP
SATISFYING_STATE: strings=['a'], substring='a'
PRECONDITION_CHECK: HEAD="a", TAIL=Nil; contains=true and tail equality []==[]
TRUSTED_CANONICAL_RESULT: ['a']
CANDIDATE_PYTHON_RESULT: ['a']
PYTHON_RESULTS_AGREE: true

CLAIM: UNIVERSAL-STEP-DROP
SATISFYING_STATE: strings=['b'], substring='a'
PRECONDITION_CHECK: HEAD="b", TAIL=Nil; not-contains=true and tail equality []==[]
TRUSTED_CANONICAL_RESULT: []
CANDIDATE_PYTHON_RESULT: []
PYTHON_RESULTS_AGREE: true

CLAIM: EMPTY-EXAMPLE
SATISFYING_STATE: strings=[], substring='a'
PRECONDITION_CHECK: ground claim; no requires clause
TRUSTED_CANONICAL_RESULT: []
CANDIDATE_PYTHON_RESULT: []
PYTHON_RESULTS_AGREE: true

CLAIM: PROMPT-EXAMPLE
SATISFYING_STATE: strings=['abc', 'bacd', 'cde', 'array'], substring='a'
PRECONDITION_CHECK: ground claim; no requires clause
TRUSTED_CANONICAL_RESULT: ['abc', 'bacd', 'array']
CANDIDATE_PYTHON_RESULT: ['abc', 'bacd', 'array']
PYTHON_RESULTS_AGREE: true

ENTRY_BOUNDARY_STATE: strings=[''], substring=''
ENTRY_BOUNDARY_PRECONDITION: sort-only; satisfied
TRUSTED_CANONICAL_RESULT: ['']
CANDIDATE_PYTHON_RESULT: ['']
FRESH_K_RESULT: [] (see stage5-unsound-empty-empty-witness.log)

claim_witness_count=6
python_mismatches=0

EXIT_STATUS: 0
