COMMAND: /audit-output/evidence/concrete_semantics_test.py
START_UTC: 2026-07-23T12:19:34Z
CASE 0 INPUT=[]
COMMAND: krun solution.mpy '-cINPUT=pyList(.List)' --definition semantic-audit-kompiled --output pretty
KRUN_EXIT_STATUS: 0
K_RESULT=[]
CANDIDATE_PYTHON_RESULT=[]
TRUSTED_CANONICAL_RESULT=[]
DIRECT_CONTRACT_RESULT=[]
MATCH=true
CASE 1 INPUT=[0]
COMMAND: krun solution.mpy '-cINPUT=pyList(ListItem(0))' --definition semantic-audit-kompiled --output pretty
KRUN_EXIT_STATUS: 0
K_RESULT=[0]
CANDIDATE_PYTHON_RESULT=[0]
TRUSTED_CANONICAL_RESULT=[0]
DIRECT_CONTRACT_RESULT=[0]
MATCH=true
CASE 2 INPUT=[2, 9]
COMMAND: krun solution.mpy '-cINPUT=pyList(ListItem(2) ListItem(9))' --definition semantic-audit-kompiled --output pretty
KRUN_EXIT_STATUS: 0
K_RESULT=[2, 9]
CANDIDATE_PYTHON_RESULT=[2, 9]
TRUSTED_CANONICAL_RESULT=[2, 9]
DIRECT_CONTRACT_RESULT=[2, 9]
MATCH=true
CASE 3 INPUT=[1, 2, 3]
COMMAND: krun solution.mpy '-cINPUT=pyList(ListItem(1) ListItem(2) ListItem(3))' --definition semantic-audit-kompiled --output pretty
KRUN_EXIT_STATUS: 0
K_RESULT=[1, 2, 3]
CANDIDATE_PYTHON_RESULT=[1, 2, 3]
TRUSTED_CANONICAL_RESULT=[1, 2, 3]
DIRECT_CONTRACT_RESULT=[1, 2, 3]
MATCH=true
CASE 4 INPUT=[5, 6, 3, 4]
COMMAND: krun solution.mpy '-cINPUT=pyList(ListItem(5) ListItem(6) ListItem(3) ListItem(4))' --definition semantic-audit-kompiled --output pretty
KRUN_EXIT_STATUS: 0
K_RESULT=[3, 6, 5, 4]
CANDIDATE_PYTHON_RESULT=[3, 6, 5, 4]
TRUSTED_CANONICAL_RESULT=[3, 6, 5, 4]
DIRECT_CONTRACT_RESULT=[3, 6, 5, 4]
MATCH=true
CASE 5 INPUT=[-1, 7, -3, 6, 0]
COMMAND: krun solution.mpy '-cINPUT=pyList(ListItem(-1) ListItem(7) ListItem(-3) ListItem(6) ListItem(0))' --definition semantic-audit-kompiled --output pretty
KRUN_EXIT_STATUS: 0
K_RESULT=[-3, 7, -1, 6, 0]
CANDIDATE_PYTHON_RESULT=[-3, 7, -1, 6, 0]
TRUSTED_CANONICAL_RESULT=[-3, 7, -1, 6, 0]
DIRECT_CONTRACT_RESULT=[-3, 7, -1, 6, 0]
MATCH=true
CASE 6 INPUT=[2, 9, 2, 8, 1, 7]
COMMAND: krun solution.mpy '-cINPUT=pyList(ListItem(2) ListItem(9) ListItem(2) ListItem(8) ListItem(1) ListItem(7))' --definition semantic-audit-kompiled --output pretty
KRUN_EXIT_STATUS: 0
K_RESULT=[1, 9, 2, 8, 2, 7]
CANDIDATE_PYTHON_RESULT=[1, 9, 2, 8, 2, 7]
TRUSTED_CANONICAL_RESULT=[1, 9, 2, 8, 2, 7]
DIRECT_CONTRACT_RESULT=[1, 9, 2, 8, 2, 7]
MATCH=true
CASE_COUNT=7
FAILURE_COUNT=0
FAILED_CASES=[]
EXIT_STATUS: 0
END_UTC: 2026-07-23T12:19:44Z
