COMMAND: kprove spec-body-mutated.k --definition verification-body-mutated-kompiled --spec-module SPEC --claims even-correct\,insert-correct\,sort-correct\,rebuild-correct\,top-correct
START_UTC: 2026-07-23T12:32:51Z
kore-exec: [22363691] Warning (WarnStuckClaimState):
    The configuration's term unifies with the destination's term, but the implication check between the conditions has failed. Location: /tmp/audit-work/37-sort-even/spec-body-mutated.k:92:9-97:47
Context:
    (InfoReachability) while checking the implication
  #Not ( #Ceil ( L )
  #And
    #Ceil ( evenPositions ( L ) )
  #And
    #Ceil ( rebuildReference ( L , sortReference ( evenPositions ( L ) ) ) )
  #And
    #Ceil ( sortReference ( evenPositions ( L ) ) )
  #And
    {
      L
    #Equals
      rebuildReference ( L , sortReference ( evenPositions ( L ) ) )
    } )
#And
  <mpy>
    <k>
      pyList ( L ) ~> _DotVar2 ~> .K
    </k>
    <program>
      Module ( FuncDef ( "insert_sorted" , Params ( "x" , "xs" , .Strings ) , If ( Compare ( Name ( "xs" ) , CmpOp ( "==" , ListExpr ( .Exprs ) ) , .CmpOps ) , Return ( ListExpr ( Name ( "x" ) , .Exprs ) )  .Stmts , If ( Compare ( Name ( "x" ) , CmpOp ( "<=" , Subscript ( Name ( "xs" ) , Int ( 0 ) ) ) , .CmpOps ) , Return ( BinOp ( "+" , ListExpr ( Name ( "x" ) , .Exprs ) , Name ( "xs" ) ) )  .Stmts , Return ( BinOp ( "+" , ListExpr ( Subscript ( Name ( "xs" ) , Int ( 0 ) ) , .Exprs ) , Call ( Name ( "insert_sorted" ) , Name ( "x" ) , Subscript ( Name ( "xs" ) , Slice ( Int ( 1 ) , NoBound , NoBound ) ) , .Exprs ) ) )  .Stmts )  .Stmts )  .Stmts )  FuncDef ( "sort_values" , Params ( "xs" , .Strings ) , If ( Compare ( Name ( "xs" ) , CmpOp ( "==" , ListExpr ( .Exprs ) ) , .CmpOps ) , Return ( ListExpr ( .Exprs ) )  .Stmts , Return ( Call ( Name ( "insert_sorted" ) , Subscript ( Name ( "xs" ) , Int ( 0 ) ) , Call ( Name ( "sort_values" ) , Subscript ( Name ( "xs" ) , Slice ( Int ( 1 ) , NoBound , NoBound ) ) , .Exprs ) , .Exprs ) )  .Stmts )  .Stmts )  FuncDef ( "even_values" , Params ( "l" , .Strings ) , If ( Compare ( Name ( "l" ) , CmpOp ( "==" , ListExpr ( .Exprs ) ) , .CmpOps ) , Return ( ListExpr ( .Exprs ) )  .Stmts , Return ( BinOp ( "+" , ListExpr ( Subscript ( Name ( "l" ) , Int ( 0 ) ) , .Exprs ) , Call ( Name ( "even_values" ) , Subscript ( Name ( "l" ) , Slice ( Int ( 2 ) , NoBound , NoBound ) ) , .Exprs ) ) )  .Stmts )  .Stmts )  FuncDef ( "rebuild" , Params ( "l" , "evens" , .Strings ) , If ( Compare ( Name ( "l" ) , CmpOp ( "==" , ListExpr ( .Exprs ) ) , .CmpOps ) , Return ( ListExpr ( .Exprs ) )  .Stmts , If ( Compare ( Subscript ( Name ( "l" ) , Slice ( Int ( 1 ) , NoBound , NoBound ) ) , CmpOp ( "==" , ListExpr ( .Exprs ) ) , .CmpOps ) , Return ( ListExpr ( Subscript ( Name ( "evens" ) , Int ( 0 ) ) , .Exprs ) )  .Stmts , Return ( BinOp ( "+" , ListExpr ( Subscript ( Name ( "evens" ) , Int ( 0 ) ) , Subscript ( Name ( "l" ) , Int ( 1 ) ) , .Exprs ) , Call ( Name ( "rebuild" ) , Subscript ( Name ( "l" ) , Slice ( Int ( 2 ) , NoBound , NoBound ) ) , Subscript ( Name ( "evens" ) , Slice ( Int ( 1 ) , NoBound , NoBound ) ) , .Exprs ) ) )  .Stmts )  .Stmts )  .Stmts )  FuncDef ( "sort_even" , Params ( "l" , .Strings ) , Return ( Name ( "l" ) )  .Stmts )  .Stmts )
    </program>
  </mpy>
[Error] Prover: backend terminated because the configuration cannot be
rewritten further. See output for more details.
EXIT_STATUS: 1
END_UTC: 2026-07-23T12:33:15Z
