COMMAND: bash -lc find\ /candidate\ -printf\ \'%y\ %m\ %s\ %p\ -\>\ %l\\n\'\ \|\ sort
d 755 4096 /candidate -> 
d 755 4096 /candidate/__pycache__ -> 
d 755 4096 /candidate/reference-semantics -> 
d 755 4096 /candidate/reference-semantics/semantics -> 
f 644 1103 /candidate/reference-semantics/semantics/comprehension.k -> 
f 644 1163 /candidate/reference-semantics/semantics/range.k -> 
f 644 11706 /candidate/reference-semantics/semantics/core.k -> 
f 644 1206 /candidate/reference-semantics/semantics/int.k -> 
f 644 1234 /candidate/concrete_tests.mpy -> 
f 644 16196 /candidate/reference-semantics/semantics/float.k -> 
f 644 16681 /candidate/reference-semantics/semantics/builtins.k -> 
f 644 17189 /candidate/py2mpy.py -> 
f 644 186 /candidate/solution.py -> 
f 644 1942 /candidate/reference-semantics/semantics/set.k -> 
f 644 2123 /candidate/reference-semantics/semantics/bool.k -> 
f 644 212826 /candidate/kore-exec.tar.gz -> 
f 644 2162 /candidate/reference-semantics/semantics/operators.k -> 
f 644 2413 /candidate/spec.k -> 
f 644 24805 /candidate/spec.json -> 
f 644 2865 /candidate/reference-semantics/semantics/syntax.k -> 
f 644 3044 /candidate/reference-semantics/semantics/tuple.k -> 
f 644 311 /candidate/__pycache__/solution.cpython-310.pyc -> 
f 644 3139 /candidate/reference-semantics/semantics/concrete.k -> 
f 644 3384 /candidate/reference-semantics/semantics/str.k -> 
f 644 363 /candidate/prompt.py -> 
f 644 3664 /candidate/reference-semantics/semantics/list.k -> 
f 644 4114 /candidate/verification.k -> 
f 644 4159 /candidate/reference-semantics/semantics.k -> 
f 644 435 /candidate/reference-semantics/semantics/iter.k -> 
f 644 441 /candidate/reference-semantics/semantics/assert.k -> 
f 644 4441 /candidate/reference-semantics/semantics/sort.k -> 
f 644 471 /candidate/solution.mpy -> 
f 644 4786 /candidate/reference-semantics/semantics/functions.k -> 
f 644 488 /candidate/concrete_tests.py -> 
f 644 5351 /candidate/reference-semantics/semantics/call.k -> 
f 644 5576 /candidate/reference-semantics/semantics/controls.k -> 
f 644 6133 /candidate/reference-semantics/semantics/subscript.k -> 
f 644 6415 /candidate/reference-semantics/semantics/dict.k -> 
f 644 9159 /candidate/reference-semantics/semantics/methods.k -> 
f 755 1478 /candidate/prove.sh -> 

EXIT_STATUS: 0
