<generatedTop>
  <k>
    .K
  </k>
  <env>
    0
  </env>
  <scopes>
    -1 |-> scope ( "abs" |-> builtinV ( "abs" )
    "all" |-> builtinV ( "all" )
    "any" |-> builtinV ( "any" )
    "bin" |-> builtinV ( "bin" )
    "chr" |-> builtinV ( "chr" )
    "enumerate" |-> builtinV ( "enumerate" )
    "eval" |-> builtinV ( "eval" )
    "float" |-> typeV ( "float" )
    "int" |-> typeV ( "int" )
    "isinstance" |-> builtinV ( "isinstance" )
    "len" |-> builtinV ( "len" )
    "list" |-> builtinV ( "list" )
    "map" |-> builtinV ( "map" )
    "max" |-> builtinV ( "max" )
    "min" |-> builtinV ( "min" )
    "ord" |-> builtinV ( "ord" )
    "range" |-> builtinV ( "range" )
    "round" |-> builtinV ( "round" )
    "set" |-> builtinV ( "set" )
    "sorted" |-> builtinV ( "sorted" )
    "str" |-> typeV ( "str" )
    "sum" |-> builtinV ( "sum" )
    "zip" |-> builtinV ( "zip" ) , root )
    0 |-> scope ( "specialFilter" |-> closureVal ( "nums" , .ParamNames , Assign ( Name ( "count" ) , Int ( 0 ) )  Assign ( Name ( "num" ) , Int ( 0 ) )  Assign ( Name ( "digits" ) , Str ( "" ) )  For ( Name ( "num" ) , Name ( "nums" ) , If ( Compare ( Name ( "num" ) , CmpOp ( ">" , Int ( 10 ) ) ) , Assign ( Name ( "digits" ) , Call ( Name ( "str" ) , Name ( "num" ) , .Exprs ) )  If ( BoolOp ( "and" , Compare ( Subscript ( Name ( "digits" ) , Int ( 0 ) ) , CmpOp ( "in" , Str ( "13579" ) ) ) , Compare ( Subscript ( Name ( "digits" ) , UnaryOp ( "-" , Int ( 1 ) ) ) , CmpOp ( "in" , Str ( "13579" ) ) ) , .Exprs ) , AugAssign ( Name ( "count" ) , "+" , Int ( 1 ) )  .Stmts , .Stmts )  .Stmts , .Stmts )  .Stmts )  Return ( Name ( "count" ) )  .Stmts , 0 ) , parent ( -1 ) )
  </scopes>
  <scopeLoc>
    1
  </scopeLoc>
  <heap>
    0 |-> list ( vCons ( 15 , vCons ( -73 , vCons ( 14 , vCons ( -15 , .ValSeq ) ) ) ) )
    1 |-> list ( vCons ( 33 , vCons ( -2 , vCons ( -3 , vCons ( 45 , vCons ( 21 , vCons ( 109 , .ValSeq ) ) ) ) ) ) )
    2 |-> list ( .ValSeq )
    3 |-> list ( vCons ( 11 , vCons ( 13 , vCons ( 22 , vCons ( 31 , vCons ( 79 , vCons ( 109 , vCons ( 111 , vCons ( 13579 , vCons ( 20 , vCons ( 9990 , .ValSeq ) ) ) ) ) ) ) ) ) ) )
    4 |-> list ( vCons ( 10 , vCons ( -11 , vCons ( 12 , vCons ( 20 , vCons ( 101 , vCons ( 123 , vCons ( 333 , vCons ( 707 , .ValSeq ) ) ) ) ) ) ) ) )
  </heap>
  <heapLoc>
    5
  </heapLoc>
  <stack>
    .List
  </stack>
  <ret>
    noRet
  </ret>
  <exc>
    NoExc
  </exc>
  <exit-code>
    0
  </exit-code>
</generatedTop>
