$ python3 /audit-output/evidence/claim_witnesses.py
claim=1 input=''
  observations={'charCount(dot)': 0, 'isLen': 0, 'headCode': None, 'latinCode': False, 'suffix4': '', 'allowedSuffix': False, 'digitCount': 0, 'IntSeq': []}
  precondition_holds=True
  claimed_result='No'
  candidate_result='No'
  canonical_result='No'
claim=2 input='.txt'
  observations={'charCount(dot)': 1, 'isLen': 4, 'headCode': 46, 'latinCode': False, 'suffix4': '.txt', 'allowedSuffix': True, 'digitCount': 0, 'IntSeq': [46, 116, 120, 116]}
  precondition_holds=True
  claimed_result='No'
  candidate_result='No'
  canonical_result='No'
claim=3 input='1.txt'
  observations={'charCount(dot)': 1, 'isLen': 5, 'headCode': 49, 'latinCode': False, 'suffix4': '.txt', 'allowedSuffix': True, 'digitCount': 1, 'IntSeq': [49, 46, 116, 120, 116]}
  precondition_holds=True
  claimed_result='No'
  candidate_result='No'
  canonical_result='No'
claim=4 input='a.bin'
  observations={'charCount(dot)': 1, 'isLen': 5, 'headCode': 97, 'latinCode': True, 'suffix4': '.bin', 'allowedSuffix': False, 'digitCount': 0, 'IntSeq': [97, 46, 98, 105, 110]}
  precondition_holds=True
  claimed_result='No'
  candidate_result='No'
  canonical_result='No'
claim=5 input='a1234.txt'
  observations={'charCount(dot)': 1, 'isLen': 9, 'headCode': 97, 'latinCode': True, 'suffix4': '.txt', 'allowedSuffix': True, 'digitCount': 4, 'IntSeq': [97, 49, 50, 51, 52, 46, 116, 120, 116]}
  precondition_holds=True
  claimed_result='No'
  candidate_result='No'
  canonical_result='No'
claim=6 input='a123.txt'
  observations={'charCount(dot)': 1, 'isLen': 8, 'headCode': 97, 'latinCode': True, 'suffix4': '.txt', 'allowedSuffix': True, 'digitCount': 3, 'IntSeq': [97, 49, 50, 51, 46, 116, 120, 116]}
  precondition_holds=True
  claimed_result='Yes'
  candidate_result='Yes'
  canonical_result='Yes'
witness_errors=0
EXIT_STATUS=0
