Script started on 2026-07-24 04:19:04-05:00 [<not executed on terminal>]
Stage 5 exhaustive static inventory generation

$ python3 /audit-output/evidence/rule_inventory.py > /audit-output/evidence/rule_inventory.md
[exit 0]

$ wc -l /audit-output/evidence/rule_inventory.md
1129 /audit-output/evidence/rule_inventory.md
[exit 0]

$ sha256sum /audit-output/evidence/rule_inventory.md
d4df24f38a96749759253c9b0edb3b8c620b54ba805966be936a06fb7797651c  /audit-output/evidence/rule_inventory.md
[exit 0]

$ sed -n 1,18p /audit-output/evidence/rule_inventory.md
# Exhaustive local K declaration and rule inventory

Decision codes are theorem-relative. `FIXED-SUPPLIED/UNREACHABLE` means the rule is part of the byte-identical trusted baseline but cannot match any term/value reachable from this integer-only function. It is not asserted to model all of Python beyond that path.

Inventory entries: 1104

| # | source | lines | kind | attributes | classification | decision | normalized declaration/rule |
|---:|---|---:|---|---|---|---|---|
| 1 | `reference-semantics/semantics.k` | 34-34 | requires | `-` | DECLARATION/STRUCTURE | ACCEPT: declaration/configuration; no answer-producing equation | `requires "semantics/syntax.k"` |
| 2 | `reference-semantics/semantics.k` | 35-35 | requires | `-` | DECLARATION/STRUCTURE | ACCEPT: declaration/configuration; no answer-producing equation | `requires "semantics/core.k"` |
| 3 | `reference-semantics/semantics.k` | 36-36 | requires | `-` | DECLARATION/STRUCTURE | ACCEPT: declaration/configuration; no answer-producing equation | `requires "semantics/iter.k"` |
| 4 | `reference-semantics/semantics.k` | 37-37 | requires | `-` | DECLARATION/STRUCTURE | ACCEPT: declaration/configuration; no answer-producing equation | `requires "semantics/range.k"` |
| 5 | `reference-semantics/semantics.k` | 38-38 | requires | `-` | DECLARATION/STRUCTURE | ACCEPT: declaration/configuration; no answer-producing equation | `requires "semantics/operators.k"` |
| 6 | `reference-semantics/semantics.k` | 39-39 | requires | `-` | DECLARATION/STRUCTURE | ACCEPT: declaration/configuration; no answer-producing equation | `requires "semantics/int.k"` |
| 7 | `reference-semantics/semantics.k` | 40-40 | requires | `-` | DECLARATION/STRUCTURE | ACCEPT: declaration/configuration; no answer-producing equation | `requires "semantics/bool.k"` |
| 8 | `reference-semantics/semantics.k` | 41-41 | requires | `-` | DECLARATION/STRUCTURE | ACCEPT: declaration/configuration; no answer-producing equation | `requires "semantics/float.k"` |
| 9 | `reference-semantics/semantics.k` | 42-42 | requires | `-` | DECLARATION/STRUCTURE | ACCEPT: declaration/configuration; no answer-producing equation | `requires "semantics/str.k"` |
| 10 | `reference-semantics/semantics.k` | 43-43 | requires | `-` | DECLARATION/STRUCTURE | ACCEPT: declaration/configuration; no answer-producing equation | `requires "semantics/set.k"` |
[exit 0]

$ tail -n 20 /audit-output/evidence/rule_inventory.md
| 1102 | `spec.k` | 63-80 | claim | `-` | ENTRY-CLAIM | AUDIT: theorem obligation; adequacy/non-vacuity checked in REVIEW.md | `claim [odd-upper-predecessor-in-range]: <k> #chooseNum(X:Int, Y:Int) => Y -Int 1 </k> <env> 0 </env> <scopes> 0 &#124;-> scope(.Map, parent(-1)) -1 &#124;-> builtinsScope </scopes> <scopeLoc> 1 </scopeLoc> <heap> .Map </heap> <heapLoc> 0 </heapLoc> <stack> .List </stack> <ret> noRet </ret> <exc> NoExc </exc> <exit-code> 0 </exit-code> requires X >Int 0 andBool Y >Int 0 andBool pyMod(Y, 2) ==Int 1 andBool X <Int Y` |
| 1103 | `spec.k` | 81-97 | claim | `-` | ENTRY-CLAIM | AUDIT: theorem obligation; adequacy/non-vacuity checked in REVIEW.md | `claim [odd-upper-no-even-in-range]: <k> #chooseNum(X:Int, Y:Int) => -1 </k> <env> 0 </env> <scopes> 0 &#124;-> scope(.Map, parent(-1)) -1 &#124;-> builtinsScope </scopes> <scopeLoc> 1 </scopeLoc> <heap> .Map </heap> <heapLoc> 0 </heapLoc> <stack> .List </stack> <ret> noRet </ret> <exc> NoExc </exc> <exit-code> 0 </exit-code> requires X >Int 0 andBool Y >Int 0 andBool pyMod(Y, 2) ==Int 1 andBool X >=Int Y` |
| 1104 | `spec.k` | 98-98 | endmodule | `-` | DECLARATION/STRUCTURE | ACCEPT: declaration/configuration; no answer-producing equation | `endmodule` |

## Counts

- claim: 5
- configuration: 1
- context: 5
- endmodule: 27
- imports: 88
- module: 27
- requires: 25
- rule: 697
- syntax: 229
- DECLARATION/STRUCTURE: 402
- ENTRY-CLAIM: 5
- FIXED-SUPPLIED/PATH: 50
- FIXED-SUPPLIED/UNREACHABLE: 645
- PROOF-LOCAL/PATH: 2
[exit 0]

Script done on 2026-07-24 04:19:04-05:00 [COMMAND_EXIT_CODE="0"]
