kore-exec /tmp/audit-work/42-incr-list-audit/fresh-build-003/audit-verification-kompiled/definition.kore --module VERIFICATION --prove /tmp/.kprove-2026-07-29-09-42-04-489-a28d6af3-2a90-4642-87b9-84be1e1cdb1d/spec.kore --spec-module AUDIT-FALSE-SPEC --output /tmp/.kprove-2026-07-29-09-42-04-489-a28d6af3-2a90-4642-87b9-84be1e1cdb1d/result.kore
[Warning] Compiler: Variable 'As' defined but not used. Prefix variable name
with underscore if this is intentional.
	Source(/tmp/audit-work/42-incr-list-audit/fresh-build-003/reference-semantics/semantics/str.k)
	Location(52,27,52,29)
	52 |	  rule strLt(iCons(A:Int, As:IntSeq), iCons(B:Int, Bs:IntSeq)) => true   
      requires A  <Int B
	   .	                          ^~
[Warning] Compiler: Variable 'Bs' defined but not used. Prefix variable name
with underscore if this is intentional.
	Source(/tmp/audit-work/42-incr-list-audit/fresh-build-003/reference-semantics/semantics/str.k)
	Location(52,52,52,54)
	52 |	  rule strLt(iCons(A:Int, As:IntSeq), iCons(B:Int, Bs:IntSeq)) => true   
      requires A  <Int B
	   .	                                                   ^~
[Warning] Compiler: Variable 'As' defined but not used. Prefix variable name
with underscore if this is intentional.
	Source(/tmp/audit-work/42-incr-list-audit/fresh-build-003/reference-semantics/semantics/str.k)
	Location(53,27,53,29)
	53 |	  rule strLt(iCons(A:Int, As:IntSeq), iCons(B:Int, Bs:IntSeq)) => false  
      requires A  >Int B
	   .	                          ^~
[Warning] Compiler: Variable 'Bs' defined but not used. Prefix variable name
with underscore if this is intentional.
	Source(/tmp/audit-work/42-incr-list-audit/fresh-build-003/reference-semantics/semantics/str.k)
	Location(53,52,53,54)
	53 |	  rule strLt(iCons(A:Int, As:IntSeq), iCons(B:Int, Bs:IntSeq)) => false  
      requires A  >Int B
	   .	                                                   ^~
[Warning] Compiler: Variable 'LVALUE' defined but not used. Prefix variable
name with underscore if this is intentional.
	Source(/tmp/audit-work/42-incr-list-audit/fresh-build-003/stage6_false_spec.k)
	Location(25,22,25,28)
	25 |	        "l"      |-> LVALUE:Val
	   .	                     ^~~~~~
[Warning] Compiler: Variable 'X' defined but not used. Prefix variable name
with underscore if this is intentional.
	Source(/tmp/audit-work/42-incr-list-audit/fresh-build-003/stage6_false_spec.k)
	Location(27,23,27,24)
	27 |	        "x"      |-> (X:Val => ?X:Val),
	   .	                      ^
[Warning] Compiler: Variable '?X' defined but not used. Prefix variable name
with underscore if this is intentional.
	Source(/tmp/audit-work/42-incr-list-audit/fresh-build-003/stage6_false_spec.k)
	Location(27,32,27,34)
	27 |	        "x"      |-> (X:Val => ?X:Val),
	   .	                               ^~
[Warning] Compiler: Variable 'P' defined but not used. Prefix variable name
with underscore if this is intentional.
	Source(/tmp/audit-work/42-incr-list-audit/fresh-build-003/stage6_false_spec.k)
	Location(28,9,28,10)
	28 |	        P:Parent)
	   .	        ^
[Warning] Compiler: Variable 'NEXT' defined but not used. Prefix variable name
with underscore if this is intentional.
	Source(/tmp/audit-work/42-incr-list-audit/fresh-build-003/stage6_false_spec.k)
	Location(36,15,36,19)
	36 |	    <heapLoc> NEXT:Int </heapLoc>
	   .	              ^~~~
[Warning] Compiler: Variable 'STACK' defined but not used. Prefix variable name
with underscore if this is intentional.
	Source(/tmp/audit-work/42-incr-list-audit/fresh-build-003/stage6_false_spec.k)
	Location(37,13,37,18)
	37 |	    <stack> STACK:List </stack>
	   .	            ^~~~~
