<generatedTop>
  <k>
    .K
  </k>
  <env>
    0
  </env>
  <scopes>
    -1 |-> scope ( "abs" |-> builtinV ( "abs" )
    "all" |-> builtinV ( "all" )
    "any" |-> builtinV ( "any" )
    "bin" |-> builtinV ( "bin" )
    "chr" |-> builtinV ( "chr" )
    "enumerate" |-> builtinV ( "enumerate" )
    "eval" |-> builtinV ( "eval" )
    "float" |-> typeV ( "float" )
    "int" |-> typeV ( "int" )
    "isinstance" |-> builtinV ( "isinstance" )
    "len" |-> builtinV ( "len" )
    "list" |-> builtinV ( "list" )
    "map" |-> builtinV ( "map" )
    "max" |-> builtinV ( "max" )
    "min" |-> builtinV ( "min" )
    "ord" |-> builtinV ( "ord" )
    "range" |-> builtinV ( "range" )
    "round" |-> builtinV ( "round" )
    "set" |-> builtinV ( "set" )
    "sorted" |-> builtinV ( "sorted" )
    "str" |-> typeV ( "str" )
    "sum" |-> builtinV ( "sum" )
    "zip" |-> builtinV ( "zip" ) , root )
    0 |-> scope ( "incr_list" |-> closureVal ( "l" , .ParamNames , Assign ( Name ( "result" ) , ListExpr ( .Exprs ) )  Assign ( Name ( "x" ) , Int ( 0 ) )  For ( Name ( "x" ) , Name ( "l" ) , Expr ( Call ( Attribute ( Name ( "result" ) , "append" ) , BinOp ( "+" , Name ( "x" ) , Int ( 1 ) ) , .Exprs ) )  .Stmts )  Return ( Name ( "result" ) )  .Stmts , 0 ) , parent ( -1 ) )
  </scopes>
  <scopeLoc>
    1
  </scopeLoc>
  <heap>
    0 |-> list ( .ValSeq )
    1 |-> list ( .ValSeq )
    2 |-> list ( .ValSeq )
    3 |-> list ( vCons ( 0 , .ValSeq ) )
    4 |-> list ( vCons ( 1 , .ValSeq ) )
    5 |-> list ( vCons ( 1 , .ValSeq ) )
    6 |-> list ( vCons ( -1 , vCons ( 0 , vCons ( 1 , .ValSeq ) ) ) )
    7 |-> list ( vCons ( 0 , vCons ( 1 , vCons ( 2 , .ValSeq ) ) ) )
    8 |-> list ( vCons ( 0 , vCons ( 1 , vCons ( 2 , .ValSeq ) ) ) )
    9 |-> list ( vCons ( 1 , vCons ( 2 , vCons ( 3 , .ValSeq ) ) ) )
    10 |-> list ( vCons ( 2 , vCons ( 3 , vCons ( 4 , .ValSeq ) ) ) )
    11 |-> list ( vCons ( 2 , vCons ( 3 , vCons ( 4 , .ValSeq ) ) ) )
    12 |-> list ( vCons ( 5 , vCons ( 3 , vCons ( 5 , vCons ( 2 , vCons ( 3 , vCons ( 3 , vCons ( 9 , vCons ( 0 , vCons ( 123 , .ValSeq ) ) ) ) ) ) ) ) ) )
    13 |-> list ( vCons ( 6 , vCons ( 4 , vCons ( 6 , vCons ( 3 , vCons ( 4 , vCons ( 4 , vCons ( 10 , vCons ( 1 , vCons ( 124 , .ValSeq ) ) ) ) ) ) ) ) ) )
    14 |-> list ( vCons ( 6 , vCons ( 4 , vCons ( 6 , vCons ( 3 , vCons ( 4 , vCons ( 4 , vCons ( 10 , vCons ( 1 , vCons ( 124 , .ValSeq ) ) ) ) ) ) ) ) ) )
    15 |-> list ( vCons ( true , vCons ( false , .ValSeq ) ) )
    16 |-> list ( vCons ( 2 , vCons ( 1 , .ValSeq ) ) )
    17 |-> list ( vCons ( 2 , vCons ( 1 , .ValSeq ) ) )
    18 |-> list ( vCons ( 0.15000000000000000e1 , vCons ( -0.22500000000000000e1 , .ValSeq ) ) )
    19 |-> list ( vCons ( 0.25000000000000000e1 , vCons ( -0.12500000000000000e1 , .ValSeq ) ) )
    20 |-> list ( vCons ( 0.25000000000000000e1 , vCons ( -0.12500000000000000e1 , .ValSeq ) ) )
  </heap>
  <heapLoc>
    21
  </heapLoc>
  <stack>
    .List
  </stack>
  <ret>
    noRet
  </ret>
  <exc>
    NoExc
  </exc>
  <exit-code>
    0
  </exit-code>
</generatedTop>
