PINNING COMMAND:
python3 /audit-output/evidence/pinning_check.py solution.mpy spec.k
WORKDIR: /tmp/audit-work/147-clean-rebuild
EXIT STATUS: 0
OUTPUT:
solution_tokens=208
claim_tokens=271
function_body_tokens=195
entry_call=Call(Name("get_max_triples"), Int(N))
parameter_list=("n") and closure_parent_scope=0
PINNING CHECK PASS exact constructor-token body identity

GROUND-PROBE PREPARATION:
cp /audit-output/evidence/ground_probe.py ./ground_probe.py
python3 py2mpy.py ground_probe.py > ground_probe.mpy
python3 /audit-output/evidence/pinning_check.py ground_probe.mpy spec.k
EXIT STATUS: 0 for each command.
The independent pinning script confirmed that ground_probe.py contains the same
195-token translated function body as the entry claim.

K GROUND COMMAND:
krun ground_probe.mpy --definition audit-runtime-kompiled
WORKDIR: /tmp/audit-work/147-clean-rebuild
EXIT STATUS: 0
RELEVANT OUTPUT:
<k> .K </k>
"result_1" |-> 0
"result_4" |-> 1
"result_5" |-> 1
"result_10" |-> 36
"result_120" |-> 92040
<scopeLoc> 1 </scopeLoc>
<heap> .Map </heap>
<heapLoc> 0 </heapLoc>
<stack> .List </stack>
<ret> noRet </ret>
<exc> NoExc </exc>
<exit-code> 0 </exit-code>

PYTHON GROUND COMMAND:
Load /reference/canonical.py and /candidate/solution.py independently with
importlib, then evaluate both at [1, 4, 5, 10, 120].
WORKDIR: /audit-output
EXIT STATUS: 0
OUTPUT:
canonical [(1, 0), (4, 1), (5, 1), (10, 36), (120, 92040)]
generated [(1, 0), (4, 1), (5, 1), (10, 36), (120, 92040)]

SATISFYING ENTRY STATE:
N=4 satisfies N >Int 0. The exact initial state is the LHS of SPEC.get-max-triples
with N=4; all maps and cells are concrete. K, candidate Python, and canonical
Python each return 1.

REVIEWER BODY-SENSITIVITY ARTIFACT:
/audit-output/evidence/audit-spec-body-mutation.k

The mutation changes the closure term actually executed by the claim to
closureVal("n", Return(Int(0)), 0), while preserving the N=4 precondition and
the correct expectedTriples(N) postcondition.

BUILD COMMAND:
kprove audit-spec-body-mutation.k \
  --definition audit-verification-kompiled \
  --spec-module AUDIT-SPEC-BODY-MUTATION \
  --dry-run
EXIT STATUS: 0

PROOF COMMAND:
kprove audit-spec-body-mutation.k \
  --definition audit-verification-kompiled \
  --spec-module AUDIT-SPEC-BODY-MUTATION
EXIT STATUS: 1 (expected)
RELEVANT OUTPUT:
WarnStuckClaimState at audit-spec-body-mutation.k:7:5-25:23
Residual <k> 0 ~> .K </k>, with the mutated Return(Int(0)) closure visible in
scope 0 and all other state restored normally.
[Error] Prover: backend terminated because the configuration cannot be
rewritten further.

INTERPRETATION:
A material change to the term executed by the theorem changed the result from
1 to 0 and invalidated the unchanged intended postcondition. This confirms body
sensitivity; it does not merely edit an external source file.
