Script started on 2026-07-28 02:37:43-05:00 [<not executed on terminal>]
$ sha256sum /reference/generation-tools/klean_export.py /reference/generation-tools/klean.py
235473b1324d2b203cb2a49ab94e36fb7c300084d506a57fca2228381f1bdec0  /reference/generation-tools/klean_export.py
ddec66db87398459ff0c2b5aad7121fe1029b58b8d576db4203c68bf5b647d13  /reference/generation-tools/klean.py
$ sed -n "1,320p" /reference/generation-tools/source-manifest.json
{
  "files": {
    "klean.py": "ddec66db87398459ff0c2b5aad7121fe1029b58b8d576db4203c68bf5b647d13",
    "klean_export.py": "235473b1324d2b203cb2a49ab94e36fb7c300084d506a57fca2228381f1bdec0"
  },
  "generator_image_id": "sha256:e18301a8220fb0b62fabf56feffcb5e621049daa7c7a0b79eacb60cae5e57fda",
  "schema_version": 1
}
$ sed -n "1,360p" /reference/klean-generation/generator-manifest.json
{
  "exporter_sha256": "235473b1324d2b203cb2a49ab94e36fb7c300084d506a57fca2228381f1bdec0",
  "generated_tree_sha256": "58da1c6ced88da2879090625798f781d7929ded7fcc4c927e57a56ac402f2b6d",
  "klean_py_sha256": "ddec66db87398459ff0c2b5aad7121fe1029b58b8d576db4203c68bf5b647d13",
  "obligation_count": 0,
  "obligation_map_sha256": "cf331f312938e04436a60d1dc49b5a1f6f60b03f3283415439a7c175e9812048",
  "provenance": {
    "generator_image_id": "sha256:e18301a8220fb0b62fabf56feffcb5e621049daa7c7a0b79eacb60cae5e57fda",
    "inventory_sha256": "7217a3a829699787866d2a6ba1990d5b95ddb742b434e782a79e118db3952ae0",
    "stage1_workspace_sha256": "e6f2d8f7830a473f20927827e1b3e5d65707b154ab6bd6cf9f302e4cdc6521db",
    "stage3_discovery_manifest_sha256": "9ccf764057fc63e1793dffa67952eaa988c7b2d298e540aacf3ff565fdcb8e53"
  },
  "schema_version": 3,
  "target": null,
  "toolchain": {
    "codex_cli_version": "0.144.6",
    "k_base_image": "runtimeverificationinc/kframework-k:ubuntu-jammy-7.1.293@sha256:f3f64ab72bd7b560082d50e4c6c23e107025cf217ca62ab73700104fc45de09a",
    "k_version": "7.1.293",
    "lean_commit": "ba2cbbf09d4978f416e0ebd1fceeebc2c4138c05",
    "lean_toolchain": "leanprover/lean4:v4.22.0",
    "pyk_project": "pyk@runtimeverification/k",
    "pyk_version": "7.1.293",
    "runtimeverification_k_commit": "ff15baac9e66426612ec45ff912af7f14965b64a"
  }
}
$ sed -n "1,320p" /reference/klean-generation/input-manifest.json
{
  "definitions": [
    {
      "attributes": [],
      "classification": "DEFINITION",
      "end_line": 11,
      "module": "VERIFICATION",
      "normalized_sha256": "6ca28ceef2b848336d992ba2b268dc7c328f91eb4ed13f0068d5df2beef1d338",
      "rationale": "This is the base equation defining the mathematical row-water summary on the empty integer sequence.",
      "source_rule_id": "rule-6ca28ceef2b848336d992ba2b268dc7c328f91eb4ed13f0068d5df2beef1d338",
      "start_line": 11,
      "text": "  rule water(.Ints) => 0"
    },
    {
      "attributes": [],
      "classification": "DEFINITION",
      "end_line": 12,
      "module": "VERIFICATION",
      "normalized_sha256": "98dd266f5d08677ee67ace7455996a9ff6126e987b4677512995573403be6538",
      "rationale": "This is the recursive equation defining the mathematical row-water summary as head plus the summary of the remaining cells.",
      "source_rule_id": "rule-98dd266f5d08677ee67ace7455996a9ff6126e987b4677512995573403be6538",
      "start_line": 12,
      "text": "  rule water(I, REST) => I +Int water(REST)"
    },
    {
      "attributes": [],
      "classification": "DEFINITION",
      "end_line": 15,
      "module": "VERIFICATION",
      "normalized_sha256": "6383d0e05f23e001a089bd57bd449f97db8e1e39df694102b320098d6caec6a4",
      "rationale": "This is the base equation defining the required-bucket summary for an empty sequence of rows.",
      "source_rule_id": "rule-6383d0e05f23e001a089bd57bd449f97db8e1e39df694102b320098d6caec6a4",
      "start_line": 15,
      "text": "  rule requiredBuckets(.Rows, C) => 0"
    },
    {
      "attributes": [],
      "classification": "DEFINITION",
      "end_line": 19,
      "module": "VERIFICATION",
      "normalized_sha256": "fc18bc8ceb43f9a96a719e63e4390ea4cff17cc757b6a60b12c863eb947baba8",
      "rationale": "This is the recursive defining equation for requiredBuckets, adding the current row's ceiling quotient to the summary of the remaining rows under positive capacity.",
      "source_rule_id": "rule-fc18bc8ceb43f9a96a719e63e4390ea4cff17cc757b6a60b12c863eb947baba8",
      "start_line": 16,
      "text": "  rule requiredBuckets(rowVal(ROW), ROWS, C)\n    => ((water(ROW) +Int C -Int 1) /Int C)\n       +Int requiredBuckets(ROWS, C)\n    requires C >Int 0"
    },
    {
      "attributes": [],
      "classification": "DEFINITION",
      "end_line": 23,
      "module": "VERIFICATION",
      "normalized_sha256": "e7562bd9fdea75cbcbc580858d07fc3ff155128dc9eacb02888d4c80c2c39f6a",
      "rationale": "This structural helper defines functionsOf by extracting the translated function map from a Module term.",
      "source_rule_id": "rule-e7562bd9fdea75cbcbc580858d07fc3ff155128dc9eacb02888d4c80c2c39f6a",
      "start_line": 23,
      "text": "  rule functionsOf(Module(SS)) => collectFunctions(SS)"
    },
    {
      "attributes": [],
      "classification": "DEFINITION",
      "end_line": 24,
      "module": "VERIFICATION",
      "normalized_sha256": "94c086eef5eb1ff63da7d10fd63bf998a9a0b17ad46fcdb30b800b81beadfac0",
      "rationale": "This named proof-term expansion defines solutionFunctions as the function map extracted from solutionProgram.",
      "source_rule_id": "rule-94c086eef5eb1ff63da7d10fd63bf998a9a0b17ad46fcdb30b800b81beadfac0",
      "start_line": 24,
      "text": "  rule solutionFunctions => functionsOf(solutionProgram)"
    }
  ],
  "frozen_input_sha256": "e6f2d8f7830a473f20927827e1b3e5d65707b154ab6bd6cf9f302e4cdc6521db",
  "inventory_sha256": "7217a3a829699787866d2a6ba1990d5b95ddb742b434e782a79e118db3952ae0",
  "operational_rules": [],
  "problem": "115-max-fill",
  "proved_derived_lemmas": [],
  "required_k_files": [
    "/frozen-k/semantic.k",
    "/frozen-k/solution-program.k",
    "/frozen-k/verification.k"
  ],
  "schema_version": 3,
  "source_rules": [],
  "stage1_workspace_sha256": "e6f2d8f7830a473f20927827e1b3e5d65707b154ab6bd6cf9f302e4cdc6521db",
  "stage3_discovery_manifest_sha256": "9ccf764057fc63e1793dffa67952eaa988c7b2d298e540aacf3ff565fdcb8e53",
  "summary_functions": [
    {
      "argument_sorts": [
        "Module"
      ],
      "name": "functionsOf",
      "return_sort": "Map"
    }
  ],
  "syntax_module": "MPY-SYNTAX",
  "verification_module": "VERIFICATION",
  "verification_sha256": "2f481182873f49f499b5285d7e22341937cd46f01938baf881c6b5141ca83278"
}
$ sed -n "1,280p" /reference/klean-generation/export-result.json
{
  "frozen_input_sha256": "e6f2d8f7830a473f20927827e1b3e5d65707b154ab6bd6cf9f302e4cdc6521db",
  "generated_tree_sha256": "58da1c6ced88da2879090625798f781d7929ded7fcc4c927e57a56ac402f2b6d",
  "obligation_count": 0,
  "problem": "115-max-fill",
  "schema_version": 3,
  "stage3_discovery_manifest_sha256": "9ccf764057fc63e1793dffa67952eaa988c7b2d298e540aacf3ff565fdcb8e53",
  "status": "KLEAN_NO_OBLIGATIONS",
  "trust_inventory_sha256": "a9d6b6d91b831e85b9ab0da3f777c49cb38607b6bba7e91426d66cabf1d9f2e4"
}
$ sha256sum /reference/generation-tools/source-manifest.json /reference/klean-generation/generator-manifest.json /reference/klean-generation/input-manifest.json /reference/klean-generation/export-result.json
ee7bc57154398287989c7f079c6ab04d3d2d6683213567716464de106a0fb7f6  /reference/generation-tools/source-manifest.json
9ae6fd46bfa0d1102fe03466d8710e885076ae41fa8ba9f18a77d37f95997ac7  /reference/klean-generation/generator-manifest.json
2598ef15f1d83c65880ebad252b7073d90ecf90ae99858c00d349b6cae3356a9  /reference/klean-generation/input-manifest.json
bed99720e964a74d3db441bd18b987a410d8481a88ba0e3126f31f4ec213b833  /reference/klean-generation/export-result.json

Script done on 2026-07-28 02:37:43-05:00 [COMMAND_EXIT_CODE="0"]
