Script started on 2026-07-28 02:46:30-05:00 [<not executed on terminal>]
=== signed audit envelope ===
{"check": "resolved_input_sha256", "expected": "a3daaf2b5c429b6ecace62fef468a6275603fe473fd59033b8533f97e2f3119b", "match": true, "observed": "a3daaf2b5c429b6ecace62fef468a6275603fe473fd59033b8533f97e2f3119b"}
{"check": "AUDIT_MODE", "expected": "CLASSIFICATION_ONLY", "match": true, "observed": "CLASSIFICATION_ONLY"}
{"check": "condition", "expected": "bare", "match": true, "observed": "bare"}
{"check": "semantics_mode", "expected": "GENERATED_SEMANTICS", "match": true, "observed": "GENERATED_SEMANTICS"}
=== resolution tree/file hashes ===
{"check": "k_workspace_sha256", "expected": "7794c14ebac8697cc228dd85e23df7ee7791094f6849777f5730c3e31b14c969", "match": true, "observed": "7794c14ebac8697cc228dd85e23df7ee7791094f6849777f5730c3e31b14c969"}
{"check": "stage1_export_sha256", "expected": "e6f2d8f7830a473f20927827e1b3e5d65707b154ab6bd6cf9f302e4cdc6521db", "match": true, "observed": "e6f2d8f7830a473f20927827e1b3e5d65707b154ab6bd6cf9f302e4cdc6521db"}
{"check": "k_audit_sha256", "expected": "26043a0638a22b129dc285638f61005350cf78ca84f030fafac441c79b4d5fa5", "match": true, "observed": "26043a0638a22b129dc285638f61005350cf78ca84f030fafac441c79b4d5fa5"}
{"check": "discovery_manifest_sha256", "expected": "9ccf764057fc63e1793dffa67952eaa988c7b2d298e540aacf3ff565fdcb8e53", "match": true, "observed": "9ccf764057fc63e1793dffa67952eaa988c7b2d298e540aacf3ff565fdcb8e53"}
{"check": "generation_producer_sources_sha256", "expected": "363d98891cb09c42f1719e3632b09413274cb5603460fa8823003da0ffba11b0", "match": true, "observed": "363d98891cb09c42f1719e3632b09413274cb5603460fa8823003da0ffba11b0"}
{"check": "generated_tree_sha256", "expected": "58da1c6ced88da2879090625798f781d7929ded7fcc4c927e57a56ac402f2b6d", "match": true, "observed": "58da1c6ced88da2879090625798f781d7929ded7fcc4c927e57a56ac402f2b6d"}
{"check": "klean_generation_sha256", "expected": "f854d8651e1e3daf9f79685c778c423bc7533322988763e381e8293ff9501ab8", "match": true, "observed": "f854d8651e1e3daf9f79685c778c423bc7533322988763e381e8293ff9501ab8"}
{"check": "lean_workspace_sha256", "expected": null, "match": true, "observed": null}
{"check": "lean_invocation_sha256", "expected": null, "match": true, "observed": null}
=== selection and producer provenance ===
{"check": "k-audit selection artifact", "expected": "26043a0638a22b129dc285638f61005350cf78ca84f030fafac441c79b4d5fa5", "match": true, "observed": "26043a0638a22b129dc285638f61005350cf78ca84f030fafac441c79b4d5fa5"}
{"check": "generation selection artifact", "expected": "f854d8651e1e3daf9f79685c778c423bc7533322988763e381e8293ff9501ab8", "match": true, "observed": "f854d8651e1e3daf9f79685c778c423bc7533322988763e381e8293ff9501ab8"}
{"check": "producer klean_export.py", "expected": "235473b1324d2b203cb2a49ab94e36fb7c300084d506a57fca2228381f1bdec0", "match": true, "observed": "235473b1324d2b203cb2a49ab94e36fb7c300084d506a57fca2228381f1bdec0"}
{"check": "producer klean.py", "expected": "ddec66db87398459ff0c2b5aad7121fe1029b58b8d576db4203c68bf5b647d13", "match": true, "observed": "ddec66db87398459ff0c2b5aad7121fe1029b58b8d576db4203c68bf5b647d13"}
{"check": "producer source manifest files", "expected": {"klean.py": "ddec66db87398459ff0c2b5aad7121fe1029b58b8d576db4203c68bf5b647d13", "klean_export.py": "235473b1324d2b203cb2a49ab94e36fb7c300084d506a57fca2228381f1bdec0"}, "match": true, "observed": {"klean.py": "ddec66db87398459ff0c2b5aad7121fe1029b58b8d576db4203c68bf5b647d13", "klean_export.py": "235473b1324d2b203cb2a49ab94e36fb7c300084d506a57fca2228381f1bdec0"}}
{"check": "generator image source-vs-generator", "expected": "sha256:e18301a8220fb0b62fabf56feffcb5e621049daa7c7a0b79eacb60cae5e57fda", "match": true, "observed": "sha256:e18301a8220fb0b62fabf56feffcb5e621049daa7c7a0b79eacb60cae5e57fda"}
{"check": "generator image audit-path binding", "expected": "sha256:e18301a8220fb0b62fabf56feffcb5e621049daa7c7a0b79eacb60cae5e57fda", "match": true, "observed": "sha256:e18301a8220fb0b62fabf56feffcb5e621049daa7c7a0b79eacb60cae5e57fda"}
=== manifest/hash bindings ===
{"check": "input frozen_input_sha256", "expected": "e6f2d8f7830a473f20927827e1b3e5d65707b154ab6bd6cf9f302e4cdc6521db", "match": true, "observed": "e6f2d8f7830a473f20927827e1b3e5d65707b154ab6bd6cf9f302e4cdc6521db"}
{"check": "input stage1_workspace_sha256", "expected": "e6f2d8f7830a473f20927827e1b3e5d65707b154ab6bd6cf9f302e4cdc6521db", "match": true, "observed": "e6f2d8f7830a473f20927827e1b3e5d65707b154ab6bd6cf9f302e4cdc6521db"}
{"check": "input discovery sha256", "expected": "9ccf764057fc63e1793dffa67952eaa988c7b2d298e540aacf3ff565fdcb8e53", "match": true, "observed": "9ccf764057fc63e1793dffa67952eaa988c7b2d298e540aacf3ff565fdcb8e53"}
{"check": "input verification sha256", "expected": "2f481182873f49f499b5285d7e22341937cd46f01938baf881c6b5141ca83278", "match": true, "observed": "2f481182873f49f499b5285d7e22341937cd46f01938baf881c6b5141ca83278"}
{"check": "input inventory sha256", "expected": "7217a3a829699787866d2a6ba1990d5b95ddb742b434e782a79e118db3952ae0", "match": true, "observed": "7217a3a829699787866d2a6ba1990d5b95ddb742b434e782a79e118db3952ae0"}
{"check": "generator generated_tree_sha256", "expected": "58da1c6ced88da2879090625798f781d7929ded7fcc4c927e57a56ac402f2b6d", "match": true, "observed": "58da1c6ced88da2879090625798f781d7929ded7fcc4c927e57a56ac402f2b6d"}
{"check": "generator obligation_map_sha256", "expected": "cf331f312938e04436a60d1dc49b5a1f6f60b03f3283415439a7c175e9812048", "match": true, "observed": "cf331f312938e04436a60d1dc49b5a1f6f60b03f3283415439a7c175e9812048"}
{"check": "generator stage1 provenance", "expected": "e6f2d8f7830a473f20927827e1b3e5d65707b154ab6bd6cf9f302e4cdc6521db", "match": true, "observed": "e6f2d8f7830a473f20927827e1b3e5d65707b154ab6bd6cf9f302e4cdc6521db"}
{"check": "generator discovery provenance", "expected": "9ccf764057fc63e1793dffa67952eaa988c7b2d298e540aacf3ff565fdcb8e53", "match": true, "observed": "9ccf764057fc63e1793dffa67952eaa988c7b2d298e540aacf3ff565fdcb8e53"}
{"check": "generator inventory provenance", "expected": "7217a3a829699787866d2a6ba1990d5b95ddb742b434e782a79e118db3952ae0", "match": true, "observed": "7217a3a829699787866d2a6ba1990d5b95ddb742b434e782a79e118db3952ae0"}
{"check": "generator toolchain lock", "expected": {"codex_cli_version": "0.144.6", "k_base_image": "runtimeverificationinc/kframework-k:ubuntu-jammy-7.1.293@sha256:f3f64ab72bd7b560082d50e4c6c23e107025cf217ca62ab73700104fc45de09a", "k_version": "7.1.293", "lean_commit": "ba2cbbf09d4978f416e0ebd1fceeebc2c4138c05", "lean_toolchain": "leanprover/lean4:v4.22.0", "pyk_project": "pyk@runtimeverification/k", "pyk_version": "7.1.293", "runtimeverification_k_commit": "ff15baac9e66426612ec45ff912af7f14965b64a"}, "match": true, "observed": {"codex_cli_version": "0.144.6", "k_base_image": "runtimeverificationinc/kframework-k:ubuntu-jammy-7.1.293@sha256:f3f64ab72bd7b560082d50e4c6c23e107025cf217ca62ab73700104fc45de09a", "k_version": "7.1.293", "lean_commit": "ba2cbbf09d4978f416e0ebd1fceeebc2c4138c05", "lean_toolchain": "leanprover/lean4:v4.22.0", "pyk_project": "pyk@runtimeverification/k", "pyk_version": "7.1.293", "runtimeverification_k_commit": "ff15baac9e66426612ec45ff912af7f14965b64a"}}
{"check": "export frozen_input_sha256", "expected": "e6f2d8f7830a473f20927827e1b3e5d65707b154ab6bd6cf9f302e4cdc6521db", "match": true, "observed": "e6f2d8f7830a473f20927827e1b3e5d65707b154ab6bd6cf9f302e4cdc6521db"}
{"check": "export discovery sha256", "expected": "9ccf764057fc63e1793dffa67952eaa988c7b2d298e540aacf3ff565fdcb8e53", "match": true, "observed": "9ccf764057fc63e1793dffa67952eaa988c7b2d298e540aacf3ff565fdcb8e53"}
{"check": "export generated tree", "expected": "58da1c6ced88da2879090625798f781d7929ded7fcc4c927e57a56ac402f2b6d", "match": true, "observed": "58da1c6ced88da2879090625798f781d7929ded7fcc4c927e57a56ac402f2b6d"}
{"check": "export trust inventory", "expected": "a9d6b6d91b831e85b9ab0da3f777c49cb38607b6bba7e91426d66cabf1d9f2e4", "match": true, "observed": "a9d6b6d91b831e85b9ab0da3f777c49cb38607b6bba7e91426d66cabf1d9f2e4"}
{"check": "recorded preflight object", "expected": {"designated_sorry_count": 0, "diagnostics": [{"command": ["lake", "clean"], "exit_code": 0, "output_sha256": "e3b0c44298fc1c149afbf4c8996fb92427ae41e4649b934ca495991b7852b855", "output_tail": ""}, {"command": ["lake", "build"], "exit_code": 0, "output_sha256": "ee5606bb67f5ae11fabefb458d1af63a74faae62ee46b7836c5e742348ca7883", "output_tail": "\u2714 [2/9] Built Klean115MaxFill.Prelude\n\u2714 [3/9] Built Klean115MaxFill.Sorts\n\u2714 [4/9] Built Klean115MaxFill.Inj\n\u2714 [5/9] Built Klean115MaxFill.Lemmas\n\u2714 [6/9] Built Klean115MaxFill.Func\n\u2714 [7/9] Built Klean115MaxFill.Rewrite\n\u2714 [8/9] Built Klean115MaxFill\nBuild completed successfully.\n"}], "frozen_input_sha256": "e6f2d8f7830a473f20927827e1b3e5d65707b154ab6bd6cf9f302e4cdc6521db", "generated_tree_sha256": "58da1c6ced88da2879090625798f781d7929ded7fcc4c927e57a56ac402f2b6d", "obligation_count": 0, "schema_version": 3, "stage1_workspace_sha256": "e6f2d8f7830a473f20927827e1b3e5d65707b154ab6bd6cf9f302e4cdc6521db", "stage3_discovery_manifest_sha256": "9ccf764057fc63e1793dffa67952eaa988c7b2d298e540aacf3ff565fdcb8e53", "status": "KLEAN_NO_OBLIGATIONS", "target": null, "trust_declaration_count": 44}, "match": true, "observed": {"designated_sorry_count": 0, "diagnostics": [{"command": ["lake", "clean"], "exit_code": 0, "output_sha256": "e3b0c44298fc1c149afbf4c8996fb92427ae41e4649b934ca495991b7852b855", "output_tail": ""}, {"command": ["lake", "build"], "exit_code": 0, "output_sha256": "ee5606bb67f5ae11fabefb458d1af63a74faae62ee46b7836c5e742348ca7883", "output_tail": "\u2714 [2/9] Built Klean115MaxFill.Prelude\n\u2714 [3/9] Built Klean115MaxFill.Sorts\n\u2714 [4/9] Built Klean115MaxFill.Inj\n\u2714 [5/9] Built Klean115MaxFill.Lemmas\n\u2714 [6/9] Built Klean115MaxFill.Func\n\u2714 [7/9] Built Klean115MaxFill.Rewrite\n\u2714 [8/9] Built Klean115MaxFill\nBuild completed successfully.\n"}], "frozen_input_sha256": "e6f2d8f7830a473f20927827e1b3e5d65707b154ab6bd6cf9f302e4cdc6521db", "generated_tree_sha256": "58da1c6ced88da2879090625798f781d7929ded7fcc4c927e57a56ac402f2b6d", "obligation_count": 0, "schema_version": 3, "stage1_workspace_sha256": "e6f2d8f7830a473f20927827e1b3e5d65707b154ab6bd6cf9f302e4cdc6521db", "stage3_discovery_manifest_sha256": "9ccf764057fc63e1793dffa67952eaa988c7b2d298e540aacf3ff565fdcb8e53", "status": "KLEAN_NO_OBLIGATIONS", "target": null, "trust_declaration_count": 44}}
=== exact domain-rule / obligation / target gate ===
{"check": "domain IDs to input source IDs", "expected": [], "match": true, "observed": []}
{"check": "domain IDs to map source IDs", "expected": [], "match": true, "observed": []}
{"check": "domain IDs to obligation IDs", "expected": [], "match": true, "observed": []}
{"check": "unique obligation IDs", "expected": 0, "match": true, "observed": 0}
{"check": "obligation count generator", "expected": 0, "match": true, "observed": 0}
{"check": "obligation count export", "expected": 0, "match": true, "observed": 0}
{"check": "source_rule inventory exact", "expected": [], "match": true, "observed": []}
{"check": "obligation source inventory exact", "expected": [], "match": true, "observed": []}
{"check": "obligation list exact", "expected": [], "match": true, "observed": []}
{"check": "trust parameters exact", "expected": [], "match": true, "observed": []}
{"check": "trusted target statement", "expected": null, "match": true, "observed": null}
{"check": "expected target definition", "expected": null, "match": true, "observed": null}
{"check": "raw target declaration count", "expected": 0, "match": true, "observed": 0}
{"check": "raw target occurrences", "expected": [], "match": true, "observed": []}
{"check": "generator target", "expected": null, "match": true, "observed": null}
{"check": "audit-input target", "expected": null, "match": true, "observed": null}
{"check": "preflight target", "expected": null, "match": true, "observed": null}
{"check": "export status", "expected": "KLEAN_NO_OBLIGATIONS", "match": true, "observed": "KLEAN_NO_OBLIGATIONS"}
{"check": "selection status", "expected": "KLEAN_NO_OBLIGATIONS", "match": true, "observed": "KLEAN_NO_OBLIGATIONS"}
{"check": "Stage 5 result", "expected": null, "match": true, "observed": null}
{"check": "candidate absent", "expected": false, "match": true, "observed": false}

Script done on 2026-07-28 02:46:30-05:00 [COMMAND_EXIT_CODE="0"]
