WORKDIR: /audit-output
COMMAND: python3 /audit-output/evidence/semantic_differential.py
--- OUTPUT ---
INPUTS [-1, 0, 1, 2, 3, 4, 5]
KRUN_COMMAND n=-1: krun /tmp/audit-work/39-prime-fib/src/solution.mpy --definition /tmp/audit-work/39-prime-fib/src/audit-semantic-llvm-kompiled -cN=-1 --output pretty
KRUN_EXIT n=-1: 0
COMPARE n=-1 k=1 python=1 final_env="a" |-> 0 "b" |-> 1 "count" |-> 0 "n" |-> -1
KRUN_COMMAND n=0: krun /tmp/audit-work/39-prime-fib/src/solution.mpy --definition /tmp/audit-work/39-prime-fib/src/audit-semantic-llvm-kompiled -cN=0 --output pretty
KRUN_EXIT n=0: 0
COMPARE n=0 k=1 python=1 final_env="a" |-> 0 "b" |-> 1 "count" |-> 0 "n" |-> 0
KRUN_COMMAND n=1: krun /tmp/audit-work/39-prime-fib/src/solution.mpy --definition /tmp/audit-work/39-prime-fib/src/audit-semantic-llvm-kompiled -cN=1 --output pretty
KRUN_EXIT n=1: 0
COMPARE n=1 k=2 python=2 final_env="a" |-> 1 "b" |-> 2 "c" |-> 2 "count" |-> 1 "divisor" |-> 2 "n" |-> 1 "prime" |-> true
KRUN_COMMAND n=2: krun /tmp/audit-work/39-prime-fib/src/solution.mpy --definition /tmp/audit-work/39-prime-fib/src/audit-semantic-llvm-kompiled -cN=2 --output pretty
KRUN_EXIT n=2: 0
COMPARE n=2 k=3 python=3 final_env="a" |-> 2 "b" |-> 3 "c" |-> 3 "count" |-> 2 "divisor" |-> 2 "n" |-> 2 "prime" |-> true
KRUN_COMMAND n=3: krun /tmp/audit-work/39-prime-fib/src/solution.mpy --definition /tmp/audit-work/39-prime-fib/src/audit-semantic-llvm-kompiled -cN=3 --output pretty
KRUN_EXIT n=3: 0
COMPARE n=3 k=5 python=5 final_env="a" |-> 3 "b" |-> 5 "c" |-> 5 "count" |-> 3 "divisor" |-> 3 "n" |-> 3 "prime" |-> true
KRUN_COMMAND n=4: krun /tmp/audit-work/39-prime-fib/src/solution.mpy --definition /tmp/audit-work/39-prime-fib/src/audit-semantic-llvm-kompiled -cN=4 --output pretty
KRUN_EXIT n=4: 0
COMPARE n=4 k=13 python=13 final_env="a" |-> 8 "b" |-> 13 "c" |-> 13 "count" |-> 4 "divisor" |-> 4 "n" |-> 4 "prime" |-> true
KRUN_COMMAND n=5: krun /tmp/audit-work/39-prime-fib/src/solution.mpy --definition /tmp/audit-work/39-prime-fib/src/audit-semantic-llvm-kompiled -cN=5 --output pretty
KRUN_EXIT n=5: 0
COMPARE n=5 k=89 python=89 final_env="a" |-> 55 "b" |-> 89 "c" |-> 89 "count" |-> 5 "divisor" |-> 10 "n" |-> 5 "prime" |-> true
MISMATCHES 0
--- END OUTPUT ---
EXIT_STATUS: 0
