WORKDIR: /audit-output
COMMAND: python3 /audit-output/evidence/differential_test.py
--- OUTPUT ---
INTENDED_DOMAIN positive integers n >= 1
EMPTY_CASE not applicable: scalar integer input
COMPARED_INPUTS [1, 2, 3, 4, 5, 6, 7, 8, 9, 10]
n=1 candidate=2 canonical=2 candidate_lines=[2, 3, 4, 5, 6, 7, 8, 9, 10, 11, 12, 13, 17, 18, 19]
n=2 candidate=3 canonical=3 candidate_lines=[2, 3, 4, 5, 6, 7, 8, 9, 10, 11, 12, 13, 17, 18, 19]
n=3 candidate=5 canonical=5 candidate_lines=[2, 3, 4, 5, 6, 7, 8, 9, 10, 11, 12, 13, 14, 16, 17, 18, 19]
n=4 candidate=13 canonical=13 candidate_lines=[2, 3, 4, 5, 6, 7, 8, 9, 10, 11, 12, 13, 14, 15, 16, 17, 18, 19]
n=5 candidate=89 canonical=89 candidate_lines=[2, 3, 4, 5, 6, 7, 8, 9, 10, 11, 12, 13, 14, 15, 16, 17, 18, 19]
n=6 candidate=233 canonical=233 candidate_lines=[2, 3, 4, 5, 6, 7, 8, 9, 10, 11, 12, 13, 14, 15, 16, 17, 18, 19]
n=7 candidate=1597 canonical=1597 candidate_lines=[2, 3, 4, 5, 6, 7, 8, 9, 10, 11, 12, 13, 14, 15, 16, 17, 18, 19]
n=8 candidate=28657 canonical=28657 candidate_lines=[2, 3, 4, 5, 6, 7, 8, 9, 10, 11, 12, 13, 14, 15, 16, 17, 18, 19]
n=9 candidate=514229 canonical=514229 candidate_lines=[2, 3, 4, 5, 6, 7, 8, 9, 10, 11, 12, 13, 14, 15, 16, 17, 18, 19]
n=10 candidate=433494437 canonical=433494437 candidate_lines=[2, 3, 4, 5, 6, 7, 8, 9, 10, 11, 12, 13, 14, 15, 16, 17, 18, 19]
BRANCH_WITNESS n=1 required_lines=[11, 12, 13, 17, 18, 19] PASS
BRANCH_WITNESS n=3 required_lines=[13, 14, 16, 17, 18, 19] PASS
BRANCH_WITNESS n=4 required_lines=[13, 14, 15, 16, 17, 18, 19] PASS
OUT_OF_DOMAIN n=0 candidate=1 canonical=1
OUT_OF_DOMAIN n=-1 candidate=1 canonical=TIMEOUT_NONTERMINATING
MISMATCHES 0
--- END OUTPUT ---
EXIT_STATUS: 0
