COMMAND: python3 evidence/generated_semantics_compare.py /tmp/audit-work/85-add/regenerated-solution.mpy /tmp/audit-work/85-add/semantic-llvm-kompiled /tmp/audit-work/85-add/solution.py /reference/canonical.py
CASE: empty-extension
VALUES: []
COMMAND: krun /tmp/audit-work/85-add/regenerated-solution.mpy --definition /tmp/audit-work/85-add/semantic-llvm-kompiled '-cINPUT=pyList(nil)'
KRUN_EXIT_STATUS: 0
KRUN_STDOUT_SHA256: 6c9596dfed7ae6d08ebf5698258d419b85b3743a7ae8006189c2c356e94c7fce
KRUN_STDERR: ''
RESULTS: k=0 candidate_python=0 canonical_python=0 oracle=0
CASE_STATUS: MATCH
CASE: singleton-base
VALUES: [1]
COMMAND: krun /tmp/audit-work/85-add/regenerated-solution.mpy --definition /tmp/audit-work/85-add/semantic-llvm-kompiled '-cINPUT=pyList(cons(1, nil))'
KRUN_EXIT_STATUS: 0
KRUN_STDOUT_SHA256: 8a3aa010b1a8a0ccd953c1865376181b87d99afa69db2d8f79ca64c9c345b598
KRUN_STDERR: ''
RESULTS: k=0 candidate_python=0 canonical_python=0 oracle=0
CASE_STATUS: MATCH
CASE: length-two-even
VALUES: [9, 8]
COMMAND: krun /tmp/audit-work/85-add/regenerated-solution.mpy --definition /tmp/audit-work/85-add/semantic-llvm-kompiled '-cINPUT=pyList(cons(9, cons(8, nil)))'
KRUN_EXIT_STATUS: 0
KRUN_STDOUT_SHA256: 82e1cc3fc3b69934dbea2193cb6da981f24f9ab81cc2d789d15d0c0c672829ad
KRUN_STDERR: ''
RESULTS: k=8 candidate_python=8 canonical_python=8 oracle=8
CASE_STATUS: MATCH
CASE: length-two-odd
VALUES: [9, 7]
COMMAND: krun /tmp/audit-work/85-add/regenerated-solution.mpy --definition /tmp/audit-work/85-add/semantic-llvm-kompiled '-cINPUT=pyList(cons(9, cons(7, nil)))'
KRUN_EXIT_STATUS: 0
KRUN_STDOUT_SHA256: d6782d3dfb67124d7f7ca616352dd70a5446b93c9691d4dfbc3c54a3473a999f
KRUN_STDERR: ''
RESULTS: k=0 candidate_python=0 canonical_python=0 oracle=0
CASE_STATUS: MATCH
CASE: length-two-negative-even
VALUES: [9, -8]
COMMAND: krun /tmp/audit-work/85-add/regenerated-solution.mpy --definition /tmp/audit-work/85-add/semantic-llvm-kompiled '-cINPUT=pyList(cons(9, cons(-8, nil)))'
KRUN_EXIT_STATUS: 0
KRUN_STDOUT_SHA256: 263d7e0b6b6d68175a2a1524c92de50138201d2c3851fb83baec1e37846018fd
KRUN_STDERR: ''
RESULTS: k=-8 candidate_python=-8 canonical_python=-8 oracle=-8
CASE_STATUS: MATCH
CASE: documented
VALUES: [4, 2, 6, 7]
COMMAND: krun /tmp/audit-work/85-add/regenerated-solution.mpy --definition /tmp/audit-work/85-add/semantic-llvm-kompiled '-cINPUT=pyList(cons(4, cons(2, cons(6, cons(7, nil)))))'
KRUN_EXIT_STATUS: 0
KRUN_STDOUT_SHA256: ab7e19e0b7696c600ccc267202d5c29f3f060848c4b9fc7636df2bf60309b322
KRUN_STDERR: ''
RESULTS: k=2 candidate_python=2 canonical_python=2 oracle=2
CASE_STATUS: MATCH
CASE: two-contributions
VALUES: [2, 3, 4, 6, 8, 10]
COMMAND: krun /tmp/audit-work/85-add/regenerated-solution.mpy --definition /tmp/audit-work/85-add/semantic-llvm-kompiled '-cINPUT=pyList(cons(2, cons(3, cons(4, cons(6, cons(8, cons(10, nil)))))))'
KRUN_EXIT_STATUS: 0
KRUN_STDOUT_SHA256: d521ccc394d84ea4e0a58888c59c6d8d4726df92f43edee45babc19728bd21cf
KRUN_STDERR: ''
RESULTS: k=16 candidate_python=16 canonical_python=16 oracle=16
CASE_STATUS: MATCH
CASE: negative
VALUES: [-1, -2, -3, -4, -5]
COMMAND: krun /tmp/audit-work/85-add/regenerated-solution.mpy --definition /tmp/audit-work/85-add/semantic-llvm-kompiled '-cINPUT=pyList(cons(-1, cons(-2, cons(-3, cons(-4, cons(-5, nil))))))'
KRUN_EXIT_STATUS: 0
KRUN_STDOUT_SHA256: ba8b059b53dfe6fa134d67adc6bef4e2e5b05c01e0c61dd9257d43b7a5094b49
KRUN_STDERR: ''
RESULTS: k=-6 candidate_python=-6 canonical_python=-6 oracle=-6
CASE_STATUS: MATCH
CASE: large-integers
VALUES: [100000000000000000000000000000000000000000000000000, -100000000000000000000000000000000000000000000000000, 7, 100000000000000000000000000000000000000000000000002]
COMMAND: krun /tmp/audit-work/85-add/regenerated-solution.mpy --definition /tmp/audit-work/85-add/semantic-llvm-kompiled '-cINPUT=pyList(cons(100000000000000000000000000000000000000000000000000, cons(-100000000000000000000000000000000000000000000000000, cons(7, cons(100000000000000000000000000000000000000000000000002, nil)))))'
KRUN_EXIT_STATUS: 0
KRUN_STDOUT_SHA256: 72813b020af99d1f7a8a91d56522000d13bad6385f7132f3041ee80fa6d85de7
KRUN_STDERR: ''
RESULTS: k=2 candidate_python=2 canonical_python=2 oracle=2
CASE_STATUS: MATCH
SUMMARY: cases=9 mismatches=0
EXIT_STATUS: 0
