+ cp verification.k verification-no-summary.k
+ sed -i 45,65d verification-no-summary.k
+ cp spec.k spec-no-summary.k
+ sed -i 's/requires "verification.k"/requires "verification-no-summary.k"/' spec-no-summary.k
+ sed -i 's/module SPEC$/module SPEC-NO-SUMMARY/' spec-no-summary.k
+ diff -u verification.k verification-no-summary.k
--- verification.k	2026-07-26 10:11:11.144127230 -0500
+++ verification-no-summary.k	2026-07-26 10:15:39.699432074 -0500
@@ -42,27 +42,6 @@
   rule evalStmts(While(COND, BODY) REST, ENV)
     => evalLoop(COND, BODY, REST, ENV)
 
-  // Loop-invariant summary.  Its initialization, preservation, and exit
-  // obligations are stated and proved independently in spec.k.
-  rule proof(evalLoop(
-         Compare(Name("i"), CmpOp(">=", Int(0))),
-         Assign(Name("result"),
-           BinOp("+",
-             ListExpr(BinOp("+", Name("n"), BinOp("*", Int(2), Name("i")))),
-             Name("result")))
-         Assign(Name("i"), BinOp("-", Name("i"), Int(1))),
-         Return(Name("result")),
-         "i" |-> VInt(I)
-         "n" |-> VInt(N)
-         "result" |-> VList(ACC)))
-    => proof(Returned(
-         "i" |-> VInt(-1)
-         "n" |-> VInt(N)
-         "result" |-> VList(pileFrom(N, 0)),
-         VList(pileFrom(N, 0))))
-    requires N >Int 0 andBool I >=Int -1 andBool I <Int N
-         andBool (ACC ==K pileFrom(N, I +Int 1))
-    [simplification]
 
   rule evalEntry(
          Module(FuncDef(_, Params(P, .Strings), BODY)), N)
+ diff -u spec.k spec-no-summary.k
--- spec.k	2026-07-26 10:11:11.144148349 -0500
+++ spec-no-summary.k	2026-07-26 10:15:39.701715405 -0500
@@ -1,6 +1,6 @@
-requires "verification.k"
+requires "verification-no-summary.k"
 
-module SPEC
+module SPEC-NO-SUMMARY
   imports VERIFICATION
 
   claim [invariant-initialization]:
+ cp verification-no-summary.k spec-no-summary.k /audit-output/evidence/
+ kompile --backend haskell verification-no-summary.k --main-module VERIFICATION --syntax-module MPY-SYNTAX --output-definition audit-no-summary-kompiled
+ no_summary_build_exit=0
+ echo NO_SUMMARY_BUILD_EXIT=0
NO_SUMMARY_BUILD_EXIT=0
+ kprove spec-no-summary.k --definition audit-no-summary-kompiled --spec-module SPEC-NO-SUMMARY --claims SPEC-NO-SUMMARY.functional-correctness
kore-exec: [189051] Warning (WarnFunctionWithoutEvaluators):
    No evaluators for function symbol:
        Lblproof'LParUndsRParUnds'VERIFICATION'Unds'Proof'Unds'Outcome{} (<no label>)
    defined at: /tmp/audit-work/reconstruction/verification-no-summary.k:34:20-34:54
kore-exec: [189635] Warning (WarnFunctionWithoutEvaluators):
    No evaluators for function symbol:
        Lblproof'LParUndsRParUnds'VERIFICATION'Unds'Proof'Unds'Outcome{} (<no label>)
    defined at: /tmp/audit-work/reconstruction/verification-no-summary.k:34:20-34:54
kore-exec: [191736] Warning (WarnFunctionWithoutEvaluators):
    No evaluators for function symbol:
        Lblproof'LParUndsRParUnds'VERIFICATION'Unds'Proof'Unds'Outcome{} (<no label>)
    defined at: /tmp/audit-work/reconstruction/verification-no-summary.k:34:20-34:54
kore-exec: [195198] Warning (WarnFunctionWithoutEvaluators):
    No evaluators for function symbol:
        Lblproof'LParUndsRParUnds'VERIFICATION'Unds'Proof'Unds'Outcome{} (<no label>)
    defined at: /tmp/audit-work/reconstruction/verification-no-summary.k:34:20-34:54
Context:
    (InfoReachability) while simplifying the claim
kore-exec: [195703] Warning (WarnFunctionWithoutEvaluators):
    No evaluators for function symbol:
        Lblproof'LParUndsRParUnds'VERIFICATION'Unds'Proof'Unds'Outcome{} (<no label>)
    defined at: /tmp/audit-work/reconstruction/verification-no-summary.k:34:20-34:54
Context:
    (InfoReachability) while simplifying the claim
kore-exec: [196149] Warning (WarnFunctionWithoutEvaluators):
    No evaluators for function symbol:
        Lblproof'LParUndsRParUnds'VERIFICATION'Unds'Proof'Unds'Outcome{} (<no label>)
    defined at: /tmp/audit-work/reconstruction/verification-no-summary.k:34:20-34:54
Context:
    (InfoReachability) while simplifying the claim
kore-exec: [201184] Warning (WarnFunctionWithoutEvaluators):
    No evaluators for function symbol:
        Lblproof'LParUndsRParUnds'VERIFICATION'Unds'Proof'Unds'Outcome{} (<no label>)
    defined at: /tmp/audit-work/reconstruction/verification-no-summary.k:34:20-34:54
Context:
    (InfoReachability) while simplifying the claim
kore-exec: [205515] Warning (WarnFunctionWithoutEvaluators):
    No evaluators for function symbol:
        Lblproof'LParUndsRParUnds'VERIFICATION'Unds'Proof'Unds'Outcome{} (<no label>)
    defined at: /tmp/audit-work/reconstruction/verification-no-summary.k:34:20-34:54
Context:
    (InfoReachability) while simplifying the claim
kore-exec: [211534] Warning (WarnFunctionWithoutEvaluators):
    No evaluators for function symbol:
        Lblproof'LParUndsRParUnds'VERIFICATION'Unds'Proof'Unds'Outcome{} (<no label>)
    defined at: /tmp/audit-work/reconstruction/verification-no-summary.k:34:20-34:54
Context:
    (InfoReachability) while simplifying the claim
kore-exec: [213089] Warning (WarnFunctionWithoutEvaluators):
    No evaluators for function symbol:
        Lblproof'LParUndsRParUnds'VERIFICATION'Unds'Proof'Unds'Outcome{} (<no label>)
    defined at: /tmp/audit-work/reconstruction/verification-no-summary.k:34:20-34:54
Context:
    (InfoReachability) while simplifying the claim
kore-exec: [217341] Warning (WarnFunctionWithoutEvaluators):
    No evaluators for function symbol:
        Lblproof'LParUndsRParUnds'VERIFICATION'Unds'Proof'Unds'Outcome{} (<no label>)
    defined at: /tmp/audit-work/reconstruction/verification-no-summary.k:34:20-34:54
Context:
    (InfoReachability) while simplifying the claim
kore-exec: [219916] Warning (WarnFunctionWithoutEvaluators):
    No evaluators for function symbol:
        Lblproof'LParUndsRParUnds'VERIFICATION'Unds'Proof'Unds'Outcome{} (<no label>)
    defined at: /tmp/audit-work/reconstruction/verification-no-summary.k:34:20-34:54
Context:
    (InfoReachability) while simplifying the claim
kore-exec: [224308] Warning (WarnFunctionWithoutEvaluators):
    No evaluators for function symbol:
        Lblproof'LParUndsRParUnds'VERIFICATION'Unds'Proof'Unds'Outcome{} (<no label>)
    defined at: /tmp/audit-work/reconstruction/verification-no-summary.k:34:20-34:54
Context:
    (InfoReachability) while simplifying the claim
kore-exec: [226859] Warning (WarnFunctionWithoutEvaluators):
    No evaluators for function symbol:
        Lblproof'LParUndsRParUnds'VERIFICATION'Unds'Proof'Unds'Outcome{} (<no label>)
    defined at: /tmp/audit-work/reconstruction/verification-no-summary.k:34:20-34:54
Context:
    (InfoReachability) while simplifying the claim
kore-exec: [231218] Warning (WarnFunctionWithoutEvaluators):
    No evaluators for function symbol:
        Lblproof'LParUndsRParUnds'VERIFICATION'Unds'Proof'Unds'Outcome{} (<no label>)
    defined at: /tmp/audit-work/reconstruction/verification-no-summary.k:34:20-34:54
Context:
    (InfoReachability) while simplifying the claim
kore-exec: [234524] Warning (WarnFunctionWithoutEvaluators):
    No evaluators for function symbol:
        Lblproof'LParUndsRParUnds'VERIFICATION'Unds'Proof'Unds'Outcome{} (<no label>)
    defined at: /tmp/audit-work/reconstruction/verification-no-summary.k:34:20-34:54
Context:
    (InfoReachability) while checking the implication
kore-exec: [240478] Warning (WarnFunctionWithoutEvaluators):
    No evaluators for function symbol:
        Lblproof'LParUndsRParUnds'VERIFICATION'Unds'Proof'Unds'Outcome{} (<no label>)
    defined at: /tmp/audit-work/reconstruction/verification-no-summary.k:34:20-34:54
Context:
    (InfoReachability) while checking the implication
kore-exec: [243681] Warning (WarnFunctionWithoutEvaluators):
    No evaluators for function symbol:
        Lblproof'LParUndsRParUnds'VERIFICATION'Unds'Proof'Unds'Outcome{} (<no label>)
    defined at: /tmp/audit-work/reconstruction/verification-no-summary.k:34:20-34:54
Context:
    (InfoReachability) while checking the implication
kore-exec: [245273] Warning (WarnFunctionWithoutEvaluators):
    No evaluators for function symbol:
        Lblproof'LParUndsRParUnds'VERIFICATION'Unds'Proof'Unds'Outcome{} (<no label>)
    defined at: /tmp/audit-work/reconstruction/verification-no-summary.k:34:20-34:54
Context:
    (InfoReachability) while checking the implication
kore-exec: [245726] Warning (WarnFunctionWithoutEvaluators):
    No evaluators for function symbol:
        Lblproof'LParUndsRParUnds'VERIFICATION'Unds'Proof'Unds'Outcome{} (<no label>)
    defined at: /tmp/audit-work/reconstruction/verification-no-summary.k:34:20-34:54
Context:
    (InfoReachability) while checking the implication
kore-exec: [251494] Warning (WarnFunctionWithoutEvaluators):
    No evaluators for function symbol:
        Lblproof'LParUndsRParUnds'VERIFICATION'Unds'Proof'Unds'Outcome{} (<no label>)
    defined at: /tmp/audit-work/reconstruction/verification-no-summary.k:34:20-34:54
Context:
    (InfoReachability) while checking the implication
kore-exec: [254856] Warning (WarnFunctionWithoutEvaluators):
    No evaluators for function symbol:
        Lblproof'LParUndsRParUnds'VERIFICATION'Unds'Proof'Unds'Outcome{} (<no label>)
    defined at: /tmp/audit-work/reconstruction/verification-no-summary.k:34:20-34:54
Context:
    (InfoReachability) while checking the implication
kore-exec: [256352] Warning (WarnFunctionWithoutEvaluators):
    No evaluators for function symbol:
        Lblproof'LParUndsRParUnds'VERIFICATION'Unds'Proof'Unds'Outcome{} (<no label>)
    defined at: /tmp/audit-work/reconstruction/verification-no-summary.k:34:20-34:54
Context:
    (InfoReachability) while checking the implication
kore-exec: [256807] Warning (WarnFunctionWithoutEvaluators):
    No evaluators for function symbol:
        Lblproof'LParUndsRParUnds'VERIFICATION'Unds'Proof'Unds'Outcome{} (<no label>)
    defined at: /tmp/audit-work/reconstruction/verification-no-summary.k:34:20-34:54
Context:
    (InfoReachability) while checking the implication
kore-exec: [262683] Warning (WarnFunctionWithoutEvaluators):
    No evaluators for function symbol:
        Lblproof'LParUndsRParUnds'VERIFICATION'Unds'Proof'Unds'Outcome{} (<no label>)
    defined at: /tmp/audit-work/reconstruction/verification-no-summary.k:34:20-34:54
Context:
    (InfoReachability) while checking the implication
kore-exec: [265782] Warning (WarnFunctionWithoutEvaluators):
    No evaluators for function symbol:
        Lblproof'LParUndsRParUnds'VERIFICATION'Unds'Proof'Unds'Outcome{} (<no label>)
    defined at: /tmp/audit-work/reconstruction/verification-no-summary.k:34:20-34:54
Context:
    (InfoReachability) while checking the implication
kore-exec: [267590] Warning (WarnFunctionWithoutEvaluators):
    No evaluators for function symbol:
        Lblproof'LParUndsRParUnds'VERIFICATION'Unds'Proof'Unds'Outcome{} (<no label>)
    defined at: /tmp/audit-work/reconstruction/verification-no-summary.k:34:20-34:54
Context:
    (InfoReachability) while checking the implication
kore-exec: [268032] Warning (WarnFunctionWithoutEvaluators):
    No evaluators for function symbol:
        Lblproof'LParUndsRParUnds'VERIFICATION'Unds'Proof'Unds'Outcome{} (<no label>)
    defined at: /tmp/audit-work/reconstruction/verification-no-summary.k:34:20-34:54
Context:
    (InfoReachability) while checking the implication
kore-exec: [273804] Warning (WarnFunctionWithoutEvaluators):
    No evaluators for function symbol:
        Lblproof'LParUndsRParUnds'VERIFICATION'Unds'Proof'Unds'Outcome{} (<no label>)
    defined at: /tmp/audit-work/reconstruction/verification-no-summary.k:34:20-34:54
Context:
    (InfoReachability) while checking the implication
kore-exec: [276911] Warning (WarnFunctionWithoutEvaluators):
    No evaluators for function symbol:
        Lblproof'LParUndsRParUnds'VERIFICATION'Unds'Proof'Unds'Outcome{} (<no label>)
    defined at: /tmp/audit-work/reconstruction/verification-no-summary.k:34:20-34:54
Context:
    (InfoReachability) while checking the implication
kore-exec: [278415] Warning (WarnFunctionWithoutEvaluators):
    No evaluators for function symbol:
        Lblproof'LParUndsRParUnds'VERIFICATION'Unds'Proof'Unds'Outcome{} (<no label>)
    defined at: /tmp/audit-work/reconstruction/verification-no-summary.k:34:20-34:54
Context:
    (InfoReachability) while checking the implication
kore-exec: [278865] Warning (WarnFunctionWithoutEvaluators):
    No evaluators for function symbol:
        Lblproof'LParUndsRParUnds'VERIFICATION'Unds'Proof'Unds'Outcome{} (<no label>)
    defined at: /tmp/audit-work/reconstruction/verification-no-summary.k:34:20-34:54
Context:
    (InfoReachability) while checking the implication
kore-exec: [279364] Warning (WarnFunctionWithoutEvaluators):
    No evaluators for function symbol:
        Lblproof'LParUndsRParUnds'VERIFICATION'Unds'Proof'Unds'Outcome{} (<no label>)
    defined at: /tmp/audit-work/reconstruction/verification-no-summary.k:34:20-34:54
Context:
    (InfoReachability) while checking the implication
kore-exec: [285193] Warning (WarnFunctionWithoutEvaluators):
    No evaluators for function symbol:
        Lblproof'LParUndsRParUnds'VERIFICATION'Unds'Proof'Unds'Outcome{} (<no label>)
    defined at: /tmp/audit-work/reconstruction/verification-no-summary.k:34:20-34:54
Context:
    (InfoReachability) while checking the implication
kore-exec: [288450] Warning (WarnFunctionWithoutEvaluators):
    No evaluators for function symbol:
        Lblproof'LParUndsRParUnds'VERIFICATION'Unds'Proof'Unds'Outcome{} (<no label>)
    defined at: /tmp/audit-work/reconstruction/verification-no-summary.k:34:20-34:54
Context:
    (InfoReachability) while checking the implication
kore-exec: [289935] Warning (WarnFunctionWithoutEvaluators):
    No evaluators for function symbol:
        Lblproof'LParUndsRParUnds'VERIFICATION'Unds'Proof'Unds'Outcome{} (<no label>)
    defined at: /tmp/audit-work/reconstruction/verification-no-summary.k:34:20-34:54
Context:
    (InfoReachability) while checking the implication
kore-exec: [290381] Warning (WarnFunctionWithoutEvaluators):
    No evaluators for function symbol:
        Lblproof'LParUndsRParUnds'VERIFICATION'Unds'Proof'Unds'Outcome{} (<no label>)
    defined at: /tmp/audit-work/reconstruction/verification-no-summary.k:34:20-34:54
Context:
    (InfoReachability) while checking the implication
kore-exec: [296861] Warning (WarnFunctionWithoutEvaluators):
    No evaluators for function symbol:
        Lblproof'LParUndsRParUnds'VERIFICATION'Unds'Proof'Unds'Outcome{} (<no label>)
    defined at: /tmp/audit-work/reconstruction/verification-no-summary.k:34:20-34:54
Context:
    (InfoReachability) while checking the implication
kore-exec: [299994] Warning (WarnFunctionWithoutEvaluators):
    No evaluators for function symbol:
        Lblproof'LParUndsRParUnds'VERIFICATION'Unds'Proof'Unds'Outcome{} (<no label>)
    defined at: /tmp/audit-work/reconstruction/verification-no-summary.k:34:20-34:54
Context:
    (InfoReachability) while checking the implication
kore-exec: [301727] Warning (WarnFunctionWithoutEvaluators):
    No evaluators for function symbol:
        Lblproof'LParUndsRParUnds'VERIFICATION'Unds'Proof'Unds'Outcome{} (<no label>)
    defined at: /tmp/audit-work/reconstruction/verification-no-summary.k:34:20-34:54
Context:
    (InfoReachability) while checking the implication
kore-exec: [302175] Warning (WarnFunctionWithoutEvaluators):
    No evaluators for function symbol:
        Lblproof'LParUndsRParUnds'VERIFICATION'Unds'Proof'Unds'Outcome{} (<no label>)
    defined at: /tmp/audit-work/reconstruction/verification-no-summary.k:34:20-34:54
Context:
    (InfoReachability) while checking the implication
kore-exec: [307899] Warning (WarnFunctionWithoutEvaluators):
    No evaluators for function symbol:
        Lblproof'LParUndsRParUnds'VERIFICATION'Unds'Proof'Unds'Outcome{} (<no label>)
    defined at: /tmp/audit-work/reconstruction/verification-no-summary.k:34:20-34:54
Context:
    (InfoReachability) while checking the implication
kore-exec: [311257] Warning (WarnFunctionWithoutEvaluators):
    No evaluators for function symbol:
        Lblproof'LParUndsRParUnds'VERIFICATION'Unds'Proof'Unds'Outcome{} (<no label>)
    defined at: /tmp/audit-work/reconstruction/verification-no-summary.k:34:20-34:54
Context:
    (InfoReachability) while checking the implication
kore-exec: [312922] Warning (WarnFunctionWithoutEvaluators):
    No evaluators for function symbol:
        Lblproof'LParUndsRParUnds'VERIFICATION'Unds'Proof'Unds'Outcome{} (<no label>)
    defined at: /tmp/audit-work/reconstruction/verification-no-summary.k:34:20-34:54
Context:
    (InfoReachability) while checking the implication
kore-exec: [313372] Warning (WarnFunctionWithoutEvaluators):
    No evaluators for function symbol:
        Lblproof'LParUndsRParUnds'VERIFICATION'Unds'Proof'Unds'Outcome{} (<no label>)
    defined at: /tmp/audit-work/reconstruction/verification-no-summary.k:34:20-34:54
Context:
    (InfoReachability) while checking the implication
kore-exec: [319551] Warning (WarnFunctionWithoutEvaluators):
    No evaluators for function symbol:
        Lblproof'LParUndsRParUnds'VERIFICATION'Unds'Proof'Unds'Outcome{} (<no label>)
    defined at: /tmp/audit-work/reconstruction/verification-no-summary.k:34:20-34:54
Context:
    (InfoReachability) while checking the implication
kore-exec: [322871] Warning (WarnFunctionWithoutEvaluators):
    No evaluators for function symbol:
        Lblproof'LParUndsRParUnds'VERIFICATION'Unds'Proof'Unds'Outcome{} (<no label>)
    defined at: /tmp/audit-work/reconstruction/verification-no-summary.k:34:20-34:54
Context:
    (InfoReachability) while checking the implication
kore-exec: [335874] Warning (WarnFunctionWithoutEvaluators):
    No evaluators for function symbol:
        Lblproof'LParUndsRParUnds'VERIFICATION'Unds'Proof'Unds'Outcome{} (<no label>)
    defined at: /tmp/audit-work/reconstruction/verification-no-summary.k:34:20-34:54
Context:
    (InfoReachability) while checking the implication
kore-exec: [336343] Warning (WarnFunctionWithoutEvaluators):
    No evaluators for function symbol:
        Lblproof'LParUndsRParUnds'VERIFICATION'Unds'Proof'Unds'Outcome{} (<no label>)
    defined at: /tmp/audit-work/reconstruction/verification-no-summary.k:34:20-34:54
Context:
    (InfoReachability) while checking the implication
kore-exec: [337907] Warning (WarnFunctionWithoutEvaluators):
    No evaluators for function symbol:
        Lblproof'LParUndsRParUnds'VERIFICATION'Unds'Proof'Unds'Outcome{} (<no label>)
    defined at: /tmp/audit-work/reconstruction/verification-no-summary.k:34:20-34:54
Context:
    (InfoReachability) while checking the implication
kore-exec: [340276] Warning (WarnFunctionWithoutEvaluators):
    No evaluators for function symbol:
        Lblproof'LParUndsRParUnds'VERIFICATION'Unds'Proof'Unds'Outcome{} (<no label>)
    defined at: /tmp/audit-work/reconstruction/verification-no-summary.k:34:20-34:54
Context:
    (InfoReachability) while checking the implication
kore-exec: [340822] Warning (WarnFunctionWithoutEvaluators):
    No evaluators for function symbol:
        Lblproof'LParUndsRParUnds'VERIFICATION'Unds'Proof'Unds'Outcome{} (<no label>)
    defined at: /tmp/audit-work/reconstruction/verification-no-summary.k:34:20-34:54
Context:
    (InfoReachability) while checking the implication
kore-exec: [344250] Warning (WarnFunctionWithoutEvaluators):
    No evaluators for function symbol:
        Lblproof'LParUndsRParUnds'VERIFICATION'Unds'Proof'Unds'Outcome{} (<no label>)
    defined at: /tmp/audit-work/reconstruction/verification-no-summary.k:34:20-34:54
Context:
    (InfoReachability) while checking the implication
kore-exec: [344716] Warning (WarnFunctionWithoutEvaluators):
    No evaluators for function symbol:
        Lblproof'LParUndsRParUnds'VERIFICATION'Unds'Proof'Unds'Outcome{} (<no label>)
    defined at: /tmp/audit-work/reconstruction/verification-no-summary.k:34:20-34:54
Context:
    (InfoReachability) while checking the implication
kore-exec: [346272] Warning (WarnFunctionWithoutEvaluators):
    No evaluators for function symbol:
        Lblproof'LParUndsRParUnds'VERIFICATION'Unds'Proof'Unds'Outcome{} (<no label>)
    defined at: /tmp/audit-work/reconstruction/verification-no-summary.k:34:20-34:54
Context:
    (InfoReachability) while checking the implication
kore-exec: [348605] Warning (WarnFunctionWithoutEvaluators):
    No evaluators for function symbol:
        Lblproof'LParUndsRParUnds'VERIFICATION'Unds'Proof'Unds'Outcome{} (<no label>)
    defined at: /tmp/audit-work/reconstruction/verification-no-summary.k:34:20-34:54
Context:
    (InfoReachability) while checking the implication
kore-exec: [349109] Warning (WarnFunctionWithoutEvaluators):
    No evaluators for function symbol:
        Lblproof'LParUndsRParUnds'VERIFICATION'Unds'Proof'Unds'Outcome{} (<no label>)
    defined at: /tmp/audit-work/reconstruction/verification-no-summary.k:34:20-34:54
Context:
    (InfoReachability) while checking the implication
kore-exec: [352449] Warning (WarnFunctionWithoutEvaluators):
    No evaluators for function symbol:
        Lblproof'LParUndsRParUnds'VERIFICATION'Unds'Proof'Unds'Outcome{} (<no label>)
    defined at: /tmp/audit-work/reconstruction/verification-no-summary.k:34:20-34:54
Context:
    (InfoReachability) while checking the implication
kore-exec: [352913] Warning (WarnFunctionWithoutEvaluators):
    No evaluators for function symbol:
        Lblproof'LParUndsRParUnds'VERIFICATION'Unds'Proof'Unds'Outcome{} (<no label>)
    defined at: /tmp/audit-work/reconstruction/verification-no-summary.k:34:20-34:54
Context:
    (InfoReachability) while checking the implication
kore-exec: [354410] Warning (WarnFunctionWithoutEvaluators):
    No evaluators for function symbol:
        Lblproof'LParUndsRParUnds'VERIFICATION'Unds'Proof'Unds'Outcome{} (<no label>)
    defined at: /tmp/audit-work/reconstruction/verification-no-summary.k:34:20-34:54
Context:
    (InfoReachability) while checking the implication
kore-exec: [356884] Warning (WarnFunctionWithoutEvaluators):
    No evaluators for function symbol:
        Lblproof'LParUndsRParUnds'VERIFICATION'Unds'Proof'Unds'Outcome{} (<no label>)
    defined at: /tmp/audit-work/reconstruction/verification-no-summary.k:34:20-34:54
Context:
    (InfoReachability) while checking the implication
kore-exec: [357399] Warning (WarnFunctionWithoutEvaluators):
    No evaluators for function symbol:
        Lblproof'LParUndsRParUnds'VERIFICATION'Unds'Proof'Unds'Outcome{} (<no label>)
    defined at: /tmp/audit-work/reconstruction/verification-no-summary.k:34:20-34:54
Context:
    (InfoReachability) while checking the implication
kore-exec: [360814] Warning (WarnFunctionWithoutEvaluators):
    No evaluators for function symbol:
        Lblproof'LParUndsRParUnds'VERIFICATION'Unds'Proof'Unds'Outcome{} (<no label>)
    defined at: /tmp/audit-work/reconstruction/verification-no-summary.k:34:20-34:54
Context:
    (InfoReachability) while checking the implication
kore-exec: [361283] Warning (WarnFunctionWithoutEvaluators):
    No evaluators for function symbol:
        Lblproof'LParUndsRParUnds'VERIFICATION'Unds'Proof'Unds'Outcome{} (<no label>)
    defined at: /tmp/audit-work/reconstruction/verification-no-summary.k:34:20-34:54
Context:
    (InfoReachability) while checking the implication
kore-exec: [362844] Warning (WarnFunctionWithoutEvaluators):
    No evaluators for function symbol:
        Lblproof'LParUndsRParUnds'VERIFICATION'Unds'Proof'Unds'Outcome{} (<no label>)
    defined at: /tmp/audit-work/reconstruction/verification-no-summary.k:34:20-34:54
Context:
    (InfoReachability) while checking the implication
kore-exec: [365320] Warning (WarnFunctionWithoutEvaluators):
    No evaluators for function symbol:
        Lblproof'LParUndsRParUnds'VERIFICATION'Unds'Proof'Unds'Outcome{} (<no label>)
    defined at: /tmp/audit-work/reconstruction/verification-no-summary.k:34:20-34:54
Context:
    (InfoReachability) while checking the implication
kore-exec: [365836] Warning (WarnFunctionWithoutEvaluators):
    No evaluators for function symbol:
        Lblproof'LParUndsRParUnds'VERIFICATION'Unds'Proof'Unds'Outcome{} (<no label>)
    defined at: /tmp/audit-work/reconstruction/verification-no-summary.k:34:20-34:54
Context:
    (InfoReachability) while checking the implication
kore-exec: [369878] Warning (WarnFunctionWithoutEvaluators):
    No evaluators for function symbol:
        Lblproof'LParUndsRParUnds'VERIFICATION'Unds'Proof'Unds'Outcome{} (<no label>)
    defined at: /tmp/audit-work/reconstruction/verification-no-summary.k:34:20-34:54
Context:
    (InfoReachability) while checking the implication
kore-exec: [371452] Warning (WarnFunctionWithoutEvaluators):
    No evaluators for function symbol:
        Lblproof'LParUndsRParUnds'VERIFICATION'Unds'Proof'Unds'Outcome{} (<no label>)
    defined at: /tmp/audit-work/reconstruction/verification-no-summary.k:34:20-34:54
Context:
    (InfoReachability) while checking the implication
kore-exec: [371997] Warning (WarnFunctionWithoutEvaluators):
    No evaluators for function symbol:
        Lblproof'LParUndsRParUnds'VERIFICATION'Unds'Proof'Unds'Outcome{} (<no label>)
    defined at: /tmp/audit-work/reconstruction/verification-no-summary.k:34:20-34:54
Context:
    (InfoReachability) while checking the implication
kore-exec: [372449] Warning (WarnFunctionWithoutEvaluators):
    No evaluators for function symbol:
        Lblproof'LParUndsRParUnds'VERIFICATION'Unds'Proof'Unds'Outcome{} (<no label>)
    defined at: /tmp/audit-work/reconstruction/verification-no-summary.k:34:20-34:54
Context:
    (InfoReachability) while checking the implication
kore-exec: [373997] Warning (WarnFunctionWithoutEvaluators):
    No evaluators for function symbol:
        Lblproof'LParUndsRParUnds'VERIFICATION'Unds'Proof'Unds'Outcome{} (<no label>)
    defined at: /tmp/audit-work/reconstruction/verification-no-summary.k:34:20-34:54
Context:
    (InfoReachability) while checking the implication
kore-exec: [376425] Warning (WarnFunctionWithoutEvaluators):
    No evaluators for function symbol:
        Lblproof'LParUndsRParUnds'VERIFICATION'Unds'Proof'Unds'Outcome{} (<no label>)
    defined at: /tmp/audit-work/reconstruction/verification-no-summary.k:34:20-34:54
Context:
    (InfoReachability) while checking the implication
kore-exec: [376945] Warning (WarnFunctionWithoutEvaluators):
    No evaluators for function symbol:
        Lblproof'LParUndsRParUnds'VERIFICATION'Unds'Proof'Unds'Outcome{} (<no label>)
    defined at: /tmp/audit-work/reconstruction/verification-no-summary.k:34:20-34:54
Context:
    (InfoReachability) while checking the implication
kore-exec: [379325] Warning (WarnFunctionWithoutEvaluators):
    No evaluators for function symbol:
        Lblproof'LParUndsRParUnds'VERIFICATION'Unds'Proof'Unds'Outcome{} (<no label>)
    defined at: /tmp/audit-work/reconstruction/verification-no-summary.k:34:20-34:54
Context:
    (InfoReachability) while checking the implication
kore-exec: [381500] Warning (WarnFunctionWithoutEvaluators):
    No evaluators for function symbol:
        Lblproof'LParUndsRParUnds'VERIFICATION'Unds'Proof'Unds'Outcome{} (<no label>)
    defined at: /tmp/audit-work/reconstruction/verification-no-summary.k:34:20-34:54
Context:
    (InfoReachability) while checking the implication
kore-exec: [381973] Warning (WarnFunctionWithoutEvaluators):
    No evaluators for function symbol:
        Lblproof'LParUndsRParUnds'VERIFICATION'Unds'Proof'Unds'Outcome{} (<no label>)
    defined at: /tmp/audit-work/reconstruction/verification-no-summary.k:34:20-34:54
Context:
    (InfoReachability) while checking the implication
kore-exec: [383563] Warning (WarnFunctionWithoutEvaluators):
    No evaluators for function symbol:
        Lblproof'LParUndsRParUnds'VERIFICATION'Unds'Proof'Unds'Outcome{} (<no label>)
    defined at: /tmp/audit-work/reconstruction/verification-no-summary.k:34:20-34:54
Context:
    (InfoReachability) while checking the implication
kore-exec: [385923] Warning (WarnFunctionWithoutEvaluators):
    No evaluators for function symbol:
        Lblproof'LParUndsRParUnds'VERIFICATION'Unds'Proof'Unds'Outcome{} (<no label>)
    defined at: /tmp/audit-work/reconstruction/verification-no-summary.k:34:20-34:54
Context:
    (InfoReachability) while checking the implication
kore-exec: [386443] Warning (WarnFunctionWithoutEvaluators):
    No evaluators for function symbol:
        Lblproof'LParUndsRParUnds'VERIFICATION'Unds'Proof'Unds'Outcome{} (<no label>)
    defined at: /tmp/audit-work/reconstruction/verification-no-summary.k:34:20-34:54
Context:
    (InfoReachability) while checking the implication
kore-exec: [390048] Warning (WarnFunctionWithoutEvaluators):
    No evaluators for function symbol:
        Lblproof'LParUndsRParUnds'VERIFICATION'Unds'Proof'Unds'Outcome{} (<no label>)
    defined at: /tmp/audit-work/reconstruction/verification-no-summary.k:34:20-34:54
Context:
    (InfoReachability) while checking the implication
kore-exec: [390517] Warning (WarnFunctionWithoutEvaluators):
    No evaluators for function symbol:
        Lblproof'LParUndsRParUnds'VERIFICATION'Unds'Proof'Unds'Outcome{} (<no label>)
    defined at: /tmp/audit-work/reconstruction/verification-no-summary.k:34:20-34:54
Context:
    (InfoReachability) while checking the implication
kore-exec: [392057] Warning (WarnFunctionWithoutEvaluators):
    No evaluators for function symbol:
        Lblproof'LParUndsRParUnds'VERIFICATION'Unds'Proof'Unds'Outcome{} (<no label>)
    defined at: /tmp/audit-work/reconstruction/verification-no-summary.k:34:20-34:54
Context:
    (InfoReachability) while checking the implication
kore-exec: [394562] Warning (WarnFunctionWithoutEvaluators):
    No evaluators for function symbol:
        Lblproof'LParUndsRParUnds'VERIFICATION'Unds'Proof'Unds'Outcome{} (<no label>)
    defined at: /tmp/audit-work/reconstruction/verification-no-summary.k:34:20-34:54
Context:
    (InfoReachability) while checking the implication
kore-exec: [395081] Warning (WarnFunctionWithoutEvaluators):
    No evaluators for function symbol:
        Lblproof'LParUndsRParUnds'VERIFICATION'Unds'Proof'Unds'Outcome{} (<no label>)
    defined at: /tmp/audit-work/reconstruction/verification-no-summary.k:34:20-34:54
Context:
    (InfoReachability) while checking the implication
kore-exec: [398701] Warning (WarnFunctionWithoutEvaluators):
    No evaluators for function symbol:
        Lblproof'LParUndsRParUnds'VERIFICATION'Unds'Proof'Unds'Outcome{} (<no label>)
    defined at: /tmp/audit-work/reconstruction/verification-no-summary.k:34:20-34:54
Context:
    (InfoReachability) while checking the implication
kore-exec: [399195] Warning (WarnFunctionWithoutEvaluators):
    No evaluators for function symbol:
        Lblproof'LParUndsRParUnds'VERIFICATION'Unds'Proof'Unds'Outcome{} (<no label>)
    defined at: /tmp/audit-work/reconstruction/verification-no-summary.k:34:20-34:54
Context:
    (InfoReachability) while checking the implication
kore-exec: [400772] Warning (WarnFunctionWithoutEvaluators):
    No evaluators for function symbol:
        Lblproof'LParUndsRParUnds'VERIFICATION'Unds'Proof'Unds'Outcome{} (<no label>)
    defined at: /tmp/audit-work/reconstruction/verification-no-summary.k:34:20-34:54
Context:
    (InfoReachability) while checking the implication
kore-exec: [403174] Warning (WarnFunctionWithoutEvaluators):
    No evaluators for function symbol:
        Lblproof'LParUndsRParUnds'VERIFICATION'Unds'Proof'Unds'Outcome{} (<no label>)
    defined at: /tmp/audit-work/reconstruction/verification-no-summary.k:34:20-34:54
Context:
    (InfoReachability) while checking the implication
kore-exec: [403694] Warning (WarnFunctionWithoutEvaluators):
    No evaluators for function symbol:
        Lblproof'LParUndsRParUnds'VERIFICATION'Unds'Proof'Unds'Outcome{} (<no label>)
    defined at: /tmp/audit-work/reconstruction/verification-no-summary.k:34:20-34:54
Context:
    (InfoReachability) while checking the implication
kore-exec: [407259] Warning (WarnStuckClaimState):
    The configuration's term unifies with the destination's term, but the implication check between the conditions has failed. Location: /tmp/audit-work/reconstruction/spec-no-summary.k:72:5-91:22
Context:
    (InfoReachability) while checking the implication
  #Ceil ( proof ( evalLoop ( Compare ( Name ( "i" ) , CmpOp ( ">=" , Int ( 0 ) ) ) , Assign ( Name ( "result" ) , BinOp ( "+" , ListExpr ( BinOp ( "+" , Name ( "n" ) , BinOp ( "*" , Int ( 2 ) , Name ( "i" ) ) ) , .Exprs ) , Name ( "result" ) ) )  Assign ( Name ( "i" ) , BinOp ( "-" , Name ( "i" ) , Int ( 1 ) ) )  .Stmts , Return ( Name ( "result" ) )  .Stmts , "i" |-> VInt ( N +Int -1 )
  "n" |-> VInt ( N )
  "result" |-> VList ( .Vals ) ) ) )
#And
  #Not ( #Ceil ( pileFrom ( N , 1 ) )
  #And
    #Ceil ( proof ( Returned ( "i" |-> VInt ( -1 )
    "n" |-> VInt ( N )
    "result" |-> VList ( VCons ( VInt ( N ) , pileFrom ( N , 1 ) ) ) , VList ( VCons ( VInt ( N ) , pileFrom ( N , 1 ) ) ) ) ) )
  #And
    {
      proof ( Returned ( "i" |-> VInt ( -1 )
      "n" |-> VInt ( N )
      "result" |-> VList ( VCons ( VInt ( N ) , pileFrom ( N , 1 ) ) ) , VList ( VCons ( VInt ( N ) , pileFrom ( N , 1 ) ) ) ) )
    #Equals
      proof ( evalLoop ( Compare ( Name ( "i" ) , CmpOp ( ">=" , Int ( 0 ) ) ) , Assign ( Name ( "result" ) , BinOp ( "+" , ListExpr ( BinOp ( "+" , Name ( "n" ) , BinOp ( "*" , Int ( 2 ) , Name ( "i" ) ) ) , .Exprs ) , Name ( "result" ) ) )  Assign ( Name ( "i" ) , BinOp ( "-" , Name ( "i" ) , Int ( 1 ) ) )  .Stmts , Return ( Name ( "result" ) )  .Stmts , "i" |-> VInt ( N +Int -1 )
      "n" |-> VInt ( N )
      "result" |-> VList ( .Vals ) ) )
    } )
#And
  goal ( proof ( evalLoop ( Compare ( Name ( "i" ) , CmpOp ( ">=" , Int ( 0 ) ) ) , Assign ( Name ( "result" ) , BinOp ( "+" , ListExpr ( BinOp ( "+" , Name ( "n" ) , BinOp ( "*" , Int ( 2 ) , Name ( "i" ) ) ) , .Exprs ) , Name ( "result" ) ) )  Assign ( Name ( "i" ) , BinOp ( "-" , Name ( "i" ) , Int ( 1 ) ) )  .Stmts , Return ( Name ( "result" ) )  .Stmts , "i" |-> VInt ( N +Int -1 )
  "n" |-> VInt ( N )
  "result" |-> VList ( .Vals ) ) ) )
#And
  {
    true
  #Equals
    N >Int 0
  }
[Error] Prover: backend terminated because the configuration cannot be
rewritten further. See output for more details.
+ no_summary_proof_exit=1
+ echo NO_SUMMARY_FUNCTIONAL_KPROVE_EXIT=1
NO_SUMMARY_FUNCTIONAL_KPROVE_EXIT=1
+ exit 0
