Script started on 2026-07-26 12:02:30-05:00 [<not executed on terminal>]

$ command -v kup
[exit 1]

$ kompile --version
K version:    v7.1.293
Build date:   Fri Oct 03 13:32:35 CDT 2025
[exit 0]

$ krun --version
K version:    v7.1.293
Build date:   Fri Oct 03 13:32:35 CDT 2025
[exit 0]

$ kprove --version
K version:    v7.1.293
Build date:   Fri Oct 03 13:32:35 CDT 2025
[exit 0]

$ kompile --backend llvm semantic.k --main-module SEMANTIC --syntax-module MPY-SYNTAX --output-definition audit-semantics-kompiled --warnings none
[0m[0m[exit 0]

$ python3 /audit-output/evidence/03-concrete-compare.py
$ krun solution.mpy --definition /tmp/audit-work/141-file-name-check/audit-semantics-kompiled '-cINPUT="example.txt"'
<k>
  VStr ( "Yes" ) ~> .K
</k>
[exit 0 ]
comparison: 'example.txt' K= 'Yes' generated_python= 'Yes' canonical_python= 'Yes'
$ krun solution.mpy --definition /tmp/audit-work/141-file-name-check/audit-semantics-kompiled '-cINPUT="1example.dll"'
<k>
  VStr ( "No" ) ~> .K
</k>
[exit 0 ]
comparison: '1example.dll' K= 'No' generated_python= 'No' canonical_python= 'No'
$ krun solution.mpy --definition /tmp/audit-work/141-file-name-check/audit-semantics-kompiled '-cINPUT=""'
terminate called after throwing an instance of 'std::invalid_argument'
  what():  [error_on_end_substr]: Invalid string slice: Requested end index 0 is greater than string length 0
/usr/bin/../lib/kframework/k-util.sh: line 114:  1368 Aborted                 (core dumped) "$@"
[Error] krun: 
/tmp/audit-work/141-file-name-check/audit-semantics-kompiled/interpreter 
/tmp/.krun-2026-07-26-12-02-36-cceaYn1jQz/tmp.in.N9e6Ivbnv8 -1 
/tmp/.krun-2026-07-26-12-02-36-cceaYn1jQz/result.kore
Syntax error at /tmp/.krun-2026-07-26-12-02-36-cceaYn1jQz/result.kore:1.1: Expected: [<id>, <string>] Actual: <EOF>
[Error] krun: kore-print --definition 
/tmp/audit-work/141-file-name-check/audit-semantics-kompiled --output pretty 
/tmp/.krun-2026-07-26-12-02-36-cceaYn1jQz/result.kore --color off
[exit 255 ]
comparison: '' K= None generated_python= 'No' canonical_python= 'No'
$ krun solution.mpy --definition /tmp/audit-work/141-file-name-check/audit-semantics-kompiled '-cINPUT=".txt"'
<k>
  VStr ( "No" ) ~> .K
</k>
[exit 0 ]
comparison: '.txt' K= 'No' generated_python= 'No' canonical_python= 'No'
$ krun solution.mpy --definition /tmp/audit-work/141-file-name-check/audit-semantics-kompiled '-cINPUT="a"'
<k>
  VStr ( "No" ) ~> .K
</k>
[exit 0 ]
comparison: 'a' K= 'No' generated_python= 'No' canonical_python= 'No'
$ krun solution.mpy --definition /tmp/audit-work/141-file-name-check/audit-semantics-kompiled '-cINPUT="a.b.txt"'
<k>
  VStr ( "No" ) ~> .K
</k>
[exit 0 ]
comparison: 'a.b.txt' K= 'No' generated_python= 'No' canonical_python= 'No'
$ krun solution.mpy --definition /tmp/audit-work/141-file-name-check/audit-semantics-kompiled '-cINPUT="a123.txt"'
<k>
  VStr ( "Yes" ) ~> .K
</k>
[exit 0 ]
comparison: 'a123.txt' K= 'Yes' generated_python= 'Yes' canonical_python= 'Yes'
$ krun solution.mpy --definition /tmp/audit-work/141-file-name-check/audit-semantics-kompiled '-cINPUT="a1234.txt"'
<k>
  VStr ( "No" ) ~> .K
</k>
[exit 0 ]
comparison: 'a1234.txt' K= 'No' generated_python= 'No' canonical_python= 'No'
$ krun solution.mpy --definition /tmp/audit-work/141-file-name-check/audit-semantics-kompiled '-cINPUT="A.exe"'
<k>
  VStr ( "Yes" ) ~> .K
</k>
[exit 0 ]
comparison: 'A.exe' K= 'Yes' generated_python= 'Yes' canonical_python= 'Yes'
$ krun solution.mpy --definition /tmp/audit-work/141-file-name-check/audit-semantics-kompiled '-cINPUT="z.dll"'
<k>
  VStr ( "Yes" ) ~> .K
</k>
[exit 0 ]
comparison: 'z.dll' K= 'Yes' generated_python= 'Yes' canonical_python= 'Yes'
$ krun solution.mpy --definition /tmp/audit-work/141-file-name-check/audit-semantics-kompiled '-cINPUT="a.TXT"'
<k>
  VStr ( "No" ) ~> .K
</k>
[exit 0 ]
comparison: 'a.TXT' K= 'No' generated_python= 'No' canonical_python= 'No'
$ krun solution.mpy --definition /tmp/audit-work/141-file-name-check/audit-semantics-kompiled '-cINPUT="a.txtx"'
<k>
  VStr ( "No" ) ~> .K
</k>
[exit 0 ]
comparison: 'a.txtx' K= 'No' generated_python= 'No' canonical_python= 'No'
$ krun solution.mpy --definition /tmp/audit-work/141-file-name-check/audit-semantics-kompiled '-cINPUT="é.txt"'
<k>
  VStr ( "No" ) ~> .K
</k>
[exit 0 ]
comparison: 'é.txt' K= 'No' generated_python= 'No' canonical_python= 'Yes'
$ krun solution.mpy --definition /tmp/audit-work/141-file-name-check/audit-semantics-kompiled '-cINPUT="a١٢٣٤.txt"'
<k>
  VStr ( "Yes" ) ~> .K
</k>
[exit 0 ]
comparison: 'a١٢٣٤.txt' K= 'Yes' generated_python= 'Yes' canonical_python= 'No'
$ krun solution.mpy --definition /tmp/audit-work/141-file-name-check/audit-semantics-kompiled '-cINPUT="a😀.dll"'
<k>
  VStr ( "Yes" ) ~> .K
</k>
[exit 0 ]
comparison: 'a😀.dll' K= 'Yes' generated_python= 'Yes' canonical_python= 'Yes'
case_count: 15
k_vs_generated_python_failure_count: 1
[exit 1]

Script done on 2026-07-26 12:03:31-05:00 [COMMAND_EXIT_CODE="1"]
