Script started on 2026-07-26 12:14:03-05:00 [<not executed on terminal>]
$ diff -u semantic.k semantic-index-diagnostic.k
--- semantic.k	2026-07-26 11:59:54.299995042 -0500
+++ semantic-index-diagnostic.k	2026-07-26 12:13:49.837307327 -0500
@@ -124,6 +124,10 @@
   rule addVals(VInt(I1), VInt(I2)) => VInt(I1 +Int I2)
   rule subscriptVal(VStr(S), VInt(I))
     => VStr(substrString(S, I, I +Int 1))
+    requires 0 <=Int I andBool I <Int lengthString(S)
+  // Audit-only diagnostic sentinel for a path Python should never evaluate.
+  rule subscriptVal(VStr(S), VInt(I)) => VStr("<OUT-OF-RANGE>")
+    requires I <Int 0 orBool I >=Int lengthString(S)
 
   rule asBool(VBool(B)) => B
 
[exit 1; expected diagnostic difference]

$ kompile --backend llvm semantic-index-diagnostic.k --main-module SEMANTIC --syntax-module MPY-SYNTAX --output-definition audit-index-diagnostic-kompiled --warnings none
[0m[0m[exit 0]

$ krun solution.mpy --definition audit-index-diagnostic-kompiled -cINPUT=\"\"
[0m[0m<k>[0m
  VStr[0m ([0m "No" )[0m ~> .K
</k>[0m
[exit 0]

Script done on 2026-07-26 12:14:07-05:00 [COMMAND_EXIT_CODE="0"]
