COMMAND: /audit-output/evidence/ground_substitution.py
WORKDIR: /audit-output
[
  {
    "input": [],
    "arrangeResult_equations": -1,
    "canonical_python": -1,
    "generated_python": -1,
    "all_equal": true
  },
  {
    "input": [
      7
    ],
    "arrangeResult_equations": -1,
    "canonical_python": -1,
    "generated_python": -1,
    "all_equal": true
  },
  {
    "input": [
      1,
      2
    ],
    "arrangeResult_equations": -1,
    "canonical_python": -1,
    "generated_python": -1,
    "all_equal": true
  },
  {
    "input": [
      2,
      1
    ],
    "arrangeResult_equations": 1,
    "canonical_python": 1,
    "generated_python": 1,
    "all_equal": true
  },
  {
    "input": [
      1,
      2,
      4,
      3,
      5
    ],
    "arrangeResult_equations": 3,
    "canonical_python": 3,
    "generated_python": 3,
    "all_equal": true
  },
  {
    "input": [
      5,
      4,
      3,
      2,
      1
    ],
    "arrangeResult_equations": 4,
    "canonical_python": 4,
    "generated_python": 4,
    "all_equal": true
  }
]
EXIT_STATUS: 0
