[Warning] Compiler: Variable 'As' defined but not used. Prefix variable name
with underscore if this is intentional.
	Source(/tmp/audit-work/k-derived-check/reference-semantics/semantics/str.k)
	Location(52,27,52,29)
	52 |	  rule strLt(iCons(A:Int, As:IntSeq), iCons(B:Int, Bs:IntSeq)) => true   
      requires A  <Int B
	   .	                          ^~
[Warning] Compiler: Variable 'Bs' defined but not used. Prefix variable name
with underscore if this is intentional.
	Source(/tmp/audit-work/k-derived-check/reference-semantics/semantics/str.k)
	Location(52,52,52,54)
	52 |	  rule strLt(iCons(A:Int, As:IntSeq), iCons(B:Int, Bs:IntSeq)) => true   
      requires A  <Int B
	   .	                                                   ^~
[Warning] Compiler: Variable 'As' defined but not used. Prefix variable name
with underscore if this is intentional.
	Source(/tmp/audit-work/k-derived-check/reference-semantics/semantics/str.k)
	Location(53,27,53,29)
	53 |	  rule strLt(iCons(A:Int, As:IntSeq), iCons(B:Int, Bs:IntSeq)) => false  
      requires A  >Int B
	   .	                          ^~
[Warning] Compiler: Variable 'Bs' defined but not used. Prefix variable name
with underscore if this is intentional.
	Source(/tmp/audit-work/k-derived-check/reference-semantics/semantics/str.k)
	Location(53,52,53,54)
	53 |	  rule strLt(iCons(A:Int, As:IntSeq), iCons(B:Int, Bs:IntSeq)) => false  
      requires A  >Int B
	   .	                                                   ^~
[Warning] Compiler: Variable 'X' defined but not used. Prefix variable name
with underscore if this is intentional.
	Source(/tmp/audit-work/k-derived-check/verification.k)
	Location(35,34,35,35)
	35 |	  rule primeSelect(N:Int, D:Int, X:Val, Y:Val) => Y
	   .	                                 ^
[Warning] Compiler: Variable 'Y' defined but not used. Prefix variable name
with underscore if this is intentional.
	Source(/tmp/audit-work/k-derived-check/verification.k)
	Location(38,41,38,42)
	38 |	  rule primeSelect(N:Int, D:Int, X:Val, Y:Val) => X
	   .	                                        ^
[Warning] Compiler: Variable 'X' defined but not used. Prefix variable name
with underscore if this is intentional.
	Source(/tmp/audit-work/k-derived-check/verification.k)
	Location(41,34,41,35)
	41 |	  rule primeSelect(N:Int, D:Int, X:Val, Y:Val) => Y
	   .	                                 ^
[Warning] Compiler: Variable 'OLD' defined but not used. Prefix variable name
with underscore if this is intentional.
	Source(/tmp/audit-work/k-derived-check/verification.k)
	Location(57,31,57,34)
	57 |	  rule scanLast(N:Int, D:Int, OLD:Int) => D
	   .	                              ^~~
[Warning] Compiler: Variable 'OLD' defined but not used. Prefix variable name
with underscore if this is intentional.
	Source(/tmp/audit-work/k-derived-check/verification.k)
	Location(61,31,61,34)
	61 |	  rule scanLast(N:Int, D:Int, OLD:Int)
	   .	                              ^~~
[Warning] Compiler: Variable 'BS' defined but not used. Prefix variable name
with underscore if this is intentional.
	Source(/tmp/audit-work/k-derived-check/verification.k)
	Location(82,14,82,16)
	82 |	      -1 |-> BS:Scope
	   .	             ^~
