$ printenv AUDIT_MODE
CLASSIFICATION_ONLY

$ sha256sum /reference/generation-tools/klean_export.py /reference/generation-tools/klean.py
0c18ea7997ddd34d3cabbeb0f271e17eb8a01cd03342319facf749ba92df18f0  /reference/generation-tools/klean_export.py
af70e08a1c91156f9fb5a2492647a2fda2b5a1040cbbc0180e6f03816ddf5ef1  /reference/generation-tools/klean.py

$ PYTHONPATH=/reference python3 - <<'PY'
from pathlib import Path
from tools.klean_export import tree_digest
from tools.pipeline_contract import sha256_tree
for p in ['/reference/k-proof','/reference/k-audit','/reference/klean-generation','/reference/klean-generation/generated','/reference/generation-tools']:
    path=Path(p)
    print(p)
    print('  klean_export.tree_digest =', tree_digest(path))
    print('  pipeline_contract.sha256_tree =', sha256_tree(path))
PY
/reference/k-proof
  klean_export.tree_digest = 1090ac8632e5b08133828b50a8c727e709acacadb726ba75b73dce988904df9a
  pipeline_contract.sha256_tree = 067113caf7e8314f290afd1ce354da24de108a5c18ae15a7974a206aed12e684
/reference/k-audit
  klean_export.tree_digest = 8cc07ea60997cc630165af3ae2e43280ab59310a1a782a1a5d50ec45ed131d4c
  pipeline_contract.sha256_tree = 5ff5f6da58cd53a977cfe7aaee3e76f467b33371de99419d35e634e57e99c51e
/reference/klean-generation
  klean_export.tree_digest = b3cf22082a5d2d3fa7e470d9cbdc2fd28452c47112fe575c809c990a455065d7
  pipeline_contract.sha256_tree = bfd62e7cc27251a9b0befd2b757c7c4df9fecc8e6e0d1f66698e938492b74bf1
/reference/klean-generation/generated
  klean_export.tree_digest = b517beffe24719972a54c988ba3ce03b3e42c4cd0e914354f9ac5b77d57af451
  pipeline_contract.sha256_tree = ae9cc2095b75f799cbc0de2b6792eeed7f7a75e33a20385b4f26f5b29e80a70a
/reference/generation-tools
  klean_export.tree_digest = 3535a47fb1018e24566356d3ea1518e708008bf6797b8ff918248f16fbfcebb3
  pipeline_contract.sha256_tree = 55e6319f2271365637d561f055caa2f6187aa98b0216ec39cc79e0cce33b867c

$ PYTHONPATH=/reference python3 - <<'PY'
import json
from pathlib import Path
from tools.k_rule_inventory import inventory_verification
print(json.dumps(inventory_verification(Path('/reference/k-proof')), indent=2, sort_keys=True))
PY
Result: exit 0. The complete reconstructed identity inventory is
evidence/inventory.json. The trusted result contained 13 ordered rules in the
single local module closure ["VERIFICATION"], verification SHA-256
742b58ba7f28684324ce470adbec8efe21ccda715e87cf056d310efc05aeda86,
and inventory SHA-256
7489eb189271bdba37a7884f2e0b3857e9b89919c2080b5a1df5cb41e135e1d3.

$ PYTHONPATH=/reference python3 /audit-output/evidence/independent_checks.py --summary
{
  "candidate_present": false,
  "check_count": 43,
  "classification_counts": {
    "DEFINITION": 10,
    "DOMAIN_LEMMA": 0,
    "OPERATIONAL_RULE": 3,
    "PROVED_DERIVED_LEMMA": 0
  },
  "domain_source_rule_ids": [],
  "inventory_rule_count": 13,
  "inventory_sha256": "7489eb189271bdba37a7884f2e0b3857e9b89919c2080b5a1df5cb41e135e1d3",
  "obligation_source_rule_ids": [],
  "simplification_rule_ids": [],
  "status": "PASS",
  "target": null
}

$ PYTHONPATH=/reference python3 - <<'PY'
import json
from pathlib import Path
from tools.klean_preflight import check_generation
result = check_generation(
    Path('/reference/k-proof'),
    Path('/reference/lemma-discovery.json'),
    Path('/reference/klean-generation'),
    toolchain_lock=Path('/reference/klean-toolchain.lock.json'),
)
print(json.dumps(result, indent=2, sort_keys=True))
PY
Traceback (most recent call last):
  File "<stdin>", line 4, in <module>
  File "/reference/tools/klean_preflight.py", line 582, in check_generation
    raise KleanPreflightError(
tools.klean_preflight.KleanPreflightError: lake clean failed (1): error: could not detect the configuration of the Lake installation

$ cc -shared -fPIC -O2 -Wall -Wextra -Werror -o /tmp/audit-work/lean_proc_compat.so /audit-output/evidence/lean_proc_compat.c -ldl
Result: exit 0, no output.

$ LD_PRELOAD=/tmp/audit-work/lean_proc_compat.so /opt/elan/toolchains/leanprover--lean4---v4.22.0/bin/lean --version
Lean (version 4.22.0, x86_64-unknown-linux-gnu, commit ba2cbbf09d4978f416e0ebd1fceeebc2c4138c05, Release)

$ LD_PRELOAD=/tmp/audit-work/lean_proc_compat.so /opt/elan/toolchains/leanprover--lean4---v4.22.0/bin/lake --version
Lake version 5.0.0-src+ba2cbbf (Lean version 4.22.0)

$ LD_PRELOAD=/tmp/audit-work/lean_proc_compat.so PATH=/opt/elan/toolchains/leanprover--lean4---v4.22.0/bin:/usr/local/sbin:/usr/local/bin:/usr/sbin:/usr/bin:/sbin:/bin PYTHONPATH=/reference python3 - <<'PY'
import json
from pathlib import Path
from tools.klean_preflight import check_generation
result = check_generation(
    Path('/reference/k-proof'),
    Path('/reference/lemma-discovery.json'),
    Path('/reference/klean-generation'),
    toolchain_lock=Path('/reference/klean-toolchain.lock.json'),
)
print(json.dumps(result, indent=2, sort_keys=True))
PY
Result: exit 0. Complete returned JSON: evidence/preflight-result.json.
status=KLEAN_NO_OBLIGATIONS
obligation_count=0
target=null
lake clean exit_code=0 output_sha256=e3b0c44298fc1c149afbf4c8996fb92427ae41e4649b934ca495991b7852b855
lake build exit_code=0 output_sha256=1e8f7c446cf96018da8ff286beb0e8a0465483b30cd15d0097875ca493aa1289

$ PYTHONPATH=/reference python3 - <<'PY'
import json
from pathlib import Path
from tools.klean_export import target_statement, expected_target_definition
m=json.loads(Path('/reference/klean-generation/generated/obligation-map.json').read_text())
print('expected_target_definition =', repr(expected_target_definition(m)))
print('target_statement =', repr(target_statement(Path('/reference/klean-generation/generated'))))
PY
expected_target_definition = None
target_statement = None

$ python3 /audit-output/evidence/adversarial_semantics.py
Result: exit 0. Complete output: evidence/adversarial-semantics-result.json.
checked_sequences=19608
recurrence_mismatches=0
constant_projection_mutation.detected=true

$ if [ -e /candidate ]; then echo candidate_present; else echo candidate_absent; fi
candidate_absent

$ LD_PRELOAD=/tmp/audit-work/lean_proc_compat.so PATH=/opt/elan/toolchains/leanprover--lean4---v4.22.0/bin:/usr/local/sbin:/usr/local/bin:/usr/sbin:/usr/bin:/sbin:/bin PYTHONPATH=/reference python3 /reference/tools/klean_final_gate.py --frozen-k /reference/k-proof --discovery-manifest /reference/lemma-discovery.json --generation /reference/klean-generation --toolchain-lock /reference/klean-toolchain.lock.json --audit-input /audit-input.json
Result: exit 0. Complete JSON: evidence/mechanical-final-gate.json.
status=PASS
mode=CLASSIFICATION_ONLY
semantic_classification=NOT_EVALUATED
target=null
candidate_sha256=null
used_axioms=[]
