     1	import Klean131Digits.Lemmas
     2	
     3	namespace Proof
     4	
     5	/- K's `%Int` and `/Int` hooks are truncating remainder and quotient.  The
     6	   frozen pyMod equation applies truncating remainder twice to obtain Python's
     7	   nonnegative remainder for the positive moduli used by the program. -/
     8	def pyModCore (a b : Int) : Int := (a.tmod b + b).tmod b
     9	
    10	theorem tmod_of_nonneg (a b : Int) (ha : 0 ≤ a) :
    11	    a.tmod b = a % b := by
    12	  simp [Int.tmod_eq_emod, ha]
    13	
    14	theorem quotient_ofNat (n : Nat) :
    15	    (((Int.ofNat n - pyModCore (Int.ofNat n) 10).tdiv 10).toNat) =
    16	      n / 10 := by
    17	  rw [show pyModCore (Int.ofNat n) 10 = Int.ofNat (n % 10) by
    18	    unfold pyModCore
    19	    rw [show (Int.ofNat n).tmod 10 = (Int.ofNat n) % 10 by
    20	      exact tmod_of_nonneg _ _ (Int.ofNat_zero_le n)]
    21	    rw [tmod_of_nonneg _ _ (by
    22	      have := Int.emod_nonneg (Int.ofNat n) (by omega : (10 : Int) ≠ 0)
    23	      omega)]
    24	    rw [Int.add_emod]
    25	    simp]
    26	  have hdecomp := Int.ediv_add_emod (Int.ofNat n) 10
    27	  have hmod : (Int.ofNat n) % 10 = Int.ofNat (n % 10) := by simp
    28	  have hdiv : (Int.ofNat n) / 10 = Int.ofNat (n / 10) := by simp
    29	  have hnum :
    30	      Int.ofNat n - Int.ofNat (n % 10) =
    31	        10 * Int.ofNat (n / 10) := by
    32	    omega
    33	  rw [hnum, Int.tdiv_eq_ediv]
    34	  simp
    35	  exact Int.toNat_natCast (n / 10)
    36	
    37	/- This is the total operational reading of oddDigitProduct.  Positive inputs
    38	   take exactly the frozen K recurrence; zero (and negative inputs, which are
    39	   outside that recurrence's guard) return the accumulator.  Recursion
    40	   terminates because the positive decimal quotient is strictly smaller. -/
    41	def oddDigitProductCore (n : Nat) (A : Int) : Int :=
    42	  if _hn : n = 0 then
    43	    A
    44	  else
    45	    let N : Int := Int.ofNat n
    46	    let D := pyModCore N 10
    47	    let Q : Nat := ((N - D).tdiv 10).toNat
    48	    if pyModCore N 2 = 1 then
    49	      if A = 0 then
    50	        oddDigitProductCore Q D
    51	      else
    52	        oddDigitProductCore Q (A * D)
    53	    else
    54	      oddDigitProductCore Q A
    55	termination_by n
    56	decreasing_by
    57	  all_goals
    58	    rw [quotient_ofNat]
    59	    exact Nat.div_lt_self (Nat.pos_of_ne_zero _hn) (by decide)
    60	
    61	theorem oddDigitProductCore_even
    62	    (n : Nat) (A : Int) (hn : n ≠ 0)
    63	    (heven : pyModCore (Int.ofNat n) 2 ≠ 1) :
    64	    oddDigitProductCore n A =
    65	      oddDigitProductCore
    66	        (((Int.ofNat n - pyModCore (Int.ofNat n) 10).tdiv 10).toNat) A := by
    67	  rw [oddDigitProductCore.eq_def n A]
    68	  simp only [dif_neg hn, if_neg heven]
    69	
    70	theorem oddDigitProductCore_first
    71	    (n : Nat) (hn : n ≠ 0)
    72	    (hodd : pyModCore (Int.ofNat n) 2 = 1) :
    73	    oddDigitProductCore n 0 =
    74	      oddDigitProductCore
    75	        (((Int.ofNat n - pyModCore (Int.ofNat n) 10).tdiv 10).toNat)
    76	        (pyModCore (Int.ofNat n) 10) := by
    77	  rw [oddDigitProductCore.eq_def n 0]
    78	  simp only [dif_neg hn, if_pos hodd, if_pos]
    79	
    80	theorem oddDigitProductCore_later
    81	    (n : Nat) (A : Int) (hn : n ≠ 0)
    82	    (hodd : pyModCore (Int.ofNat n) 2 = 1) (hA : A ≠ 0) :
    83	    oddDigitProductCore n A =
    84	      oddDigitProductCore
    85	        (((Int.ofNat n - pyModCore (Int.ofNat n) 10).tdiv 10).toNat)
    86	        (A * pyModCore (Int.ofNat n) 10) := by
    87	  rw [oddDigitProductCore.eq_def n A]
    88	  simp only [dif_neg hn, if_pos hodd, if_neg hA]
    89	
    90	/- KORE symbol: Lbl'Unds'-Int'Unds'; frozen source obligations: rule-4d51675c3f64dd8d5acd7f855e28f517fc1edc539220ae3724773ad4a26eded2, rule-3978fc0ec976783d9a30feccc0ac292802be0d3aecc09914bc975f6c302270b2, rule-373920d268cfa5acff78b262ff1885548fb9bfba4fc32627ec554bbb6f424ebd. Replace this stub with its honest total meaning from the frozen K semantics. -/
    91	def «_-Int_» : SortInt → SortInt → SortInt := Int.sub
    92	/- KORE symbol: Lbl'Unds'andBool'Unds'; frozen source obligations: rule-4d51675c3f64dd8d5acd7f855e28f517fc1edc539220ae3724773ad4a26eded2, rule-3978fc0ec976783d9a30feccc0ac292802be0d3aecc09914bc975f6c302270b2, rule-373920d268cfa5acff78b262ff1885548fb9bfba4fc32627ec554bbb6f424ebd. Replace this stub with its honest total meaning from the frozen K semantics. -/
    93	def _andBool_ : SortBool → SortBool → SortBool := Bool.and
    94	/- KORE symbol: Lbl'Unds-GT-'Int'Unds'; frozen source obligations: rule-4d51675c3f64dd8d5acd7f855e28f517fc1edc539220ae3724773ad4a26eded2, rule-3978fc0ec976783d9a30feccc0ac292802be0d3aecc09914bc975f6c302270b2, rule-373920d268cfa5acff78b262ff1885548fb9bfba4fc32627ec554bbb6f424ebd. Replace this stub with its honest total meaning from the frozen K semantics. -/
    95	def «_>Int_» (a b : SortInt) : SortBool := decide (a > b)
    96	/- KORE symbol: Lbl'UndsEqlsEqls'Int'Unds'; frozen source obligations: rule-3978fc0ec976783d9a30feccc0ac292802be0d3aecc09914bc975f6c302270b2, rule-373920d268cfa5acff78b262ff1885548fb9bfba4fc32627ec554bbb6f424ebd. Replace this stub with its honest total meaning from the frozen K semantics. -/
    97	def «_==Int_» (a b : SortInt) : SortBool := decide (a = b)
    98	/- KORE symbol: Lbl'UndsEqlsSlshEqls'Int'Unds'; frozen source obligations: rule-4d51675c3f64dd8d5acd7f855e28f517fc1edc539220ae3724773ad4a26eded2, rule-373920d268cfa5acff78b262ff1885548fb9bfba4fc32627ec554bbb6f424ebd. Replace this stub with its honest total meaning from the frozen K semantics. -/
    99	def «_=/=Int_» (a b : SortInt) : SortBool := decide (a ≠ b)
   100	/- KORE symbol: Lbl'UndsPerc'Int'Unds'; frozen source obligations: rule-4d51675c3f64dd8d5acd7f855e28f517fc1edc539220ae3724773ad4a26eded2, rule-3978fc0ec976783d9a30feccc0ac292802be0d3aecc09914bc975f6c302270b2, rule-373920d268cfa5acff78b262ff1885548fb9bfba4fc32627ec554bbb6f424ebd. Replace this stub with its honest total meaning from the frozen K semantics. -/
   101	def «_%Int_» : SortInt → SortInt → SortInt := Int.tmod
   102	/- KORE symbol: Lbl'UndsPlus'Int'Unds'; frozen source obligations: rule-4d51675c3f64dd8d5acd7f855e28f517fc1edc539220ae3724773ad4a26eded2, rule-3978fc0ec976783d9a30feccc0ac292802be0d3aecc09914bc975f6c302270b2, rule-373920d268cfa5acff78b262ff1885548fb9bfba4fc32627ec554bbb6f424ebd. Replace this stub with its honest total meaning from the frozen K semantics. -/
   103	def «_+Int_» : SortInt → SortInt → SortInt := Int.add
   104	/- KORE symbol: Lbl'UndsSlsh'Int'Unds'; frozen source obligations: rule-4d51675c3f64dd8d5acd7f855e28f517fc1edc539220ae3724773ad4a26eded2, rule-3978fc0ec976783d9a30feccc0ac292802be0d3aecc09914bc975f6c302270b2, rule-373920d268cfa5acff78b262ff1885548fb9bfba4fc32627ec554bbb6f424ebd. Replace this stub with its honest total meaning from the frozen K semantics. -/
   105	def «_/Int_» : SortInt → SortInt → SortInt := Int.tdiv
   106	/- KORE symbol: Lbl'UndsStar'Int'Unds'; frozen source obligations: rule-373920d268cfa5acff78b262ff1885548fb9bfba4fc32627ec554bbb6f424ebd. Replace this stub with its honest total meaning from the frozen K semantics. -/
   107	def «_*Int_» : SortInt → SortInt → SortInt := Int.mul
   108	/- KORE symbol: LbloddDigitProduct'LParUndsCommUndsRParUnds'DIGITS-VERIFICATION'Unds'Int'Unds'Int'Unds'Int; frozen source obligations: rule-4d51675c3f64dd8d5acd7f855e28f517fc1edc539220ae3724773ad4a26eded2, rule-3978fc0ec976783d9a30feccc0ac292802be0d3aecc09914bc975f6c302270b2, rule-373920d268cfa5acff78b262ff1885548fb9bfba4fc32627ec554bbb6f424ebd. Replace this stub with its honest total meaning from the frozen K semantics. -/
   109	def «oddDigitProduct(_,_)_DIGITS-VERIFICATION_Int_Int_Int»
   110	    (N A : SortInt) : SortInt :=
   111	  oddDigitProductCore N.toNat A
   112	/- KORE symbol: LblpyMod'LParUndsCommUndsRParUnds'MPY-INT'Unds'Int'Unds'Int'Unds'Int; frozen source obligations: rule-4d51675c3f64dd8d5acd7f855e28f517fc1edc539220ae3724773ad4a26eded2, rule-3978fc0ec976783d9a30feccc0ac292802be0d3aecc09914bc975f6c302270b2, rule-373920d268cfa5acff78b262ff1885548fb9bfba4fc32627ec554bbb6f424ebd. Replace this stub with its honest total meaning from the frozen K semantics. -/
   113	def «pyMod(_,_)_MPY-INT_Int_Int_Int» : SortInt → SortInt → SortInt :=
   114	  pyModCore
   115	
   116	theorem final :
   117	    Klean131Digits.Lemmas.targetStatement «_-Int_» _andBool_ «_>Int_» «_==Int_» «_=/=Int_» «_%Int_» «_+Int_» «_/Int_» «_*Int_» «oddDigitProduct(_,_)_DIGITS-VERIFICATION_Int_Int_Int» «pyMod(_,_)_MPY-INT_Int_Int_Int» := by
   118	  unfold Klean131Digits.Lemmas.targetStatement
   119	  constructor
   120	  · intro A N h
   121	    have hcond : N > 0 ∧ pyModCore N 2 ≠ 1 := by
   122	      simpa [_andBool_, «_>Int_», «_=/=Int_»,
   123	        «pyMod(_,_)_MPY-INT_Int_Int_Int»] using h
   124	    obtain ⟨hN, hparity⟩ := hcond
   125	    have hcast : Int.ofNat N.toNat = N :=
   126	      Int.toNat_of_nonneg (Int.le_of_lt hN)
   127	    have hn : N.toNat ≠ 0 := by
   128	      intro hz
   129	      rw [hz] at hcast
   130	      simp at hcast
   131	      exact (Int.ne_of_gt hN) hcast.symm
   132	    rw [← hcast] at hparity ⊢
   133	    change
   134	      oddDigitProductCore
   135	          (((Int.ofNat N.toNat -
   136	              pyModCore (Int.ofNat N.toNat) 10).tdiv 10).toNat)
   137	          A =
   138	        oddDigitProductCore N.toNat A
   139	    exact
   140	      (oddDigitProductCore_even N.toNat A hn hparity).symm
   141	  constructor
   142	  · intro N h
   143	    have hcond : N > 0 ∧ pyModCore N 2 = 1 := by
   144	      simpa [_andBool_, «_>Int_», «_==Int_»,
   145	        «pyMod(_,_)_MPY-INT_Int_Int_Int»] using h
   146	    obtain ⟨hN, hparity⟩ := hcond
   147	    have hcast : Int.ofNat N.toNat = N :=
   148	      Int.toNat_of_nonneg (Int.le_of_lt hN)
   149	    have hn : N.toNat ≠ 0 := by
   150	      intro hz
   151	      rw [hz] at hcast
   152	      simp at hcast
   153	      exact (Int.ne_of_gt hN) hcast.symm
   154	    rw [← hcast] at hparity ⊢
   155	    change
   156	      oddDigitProductCore
   157	          (((Int.ofNat N.toNat -
   158	              pyModCore (Int.ofNat N.toNat) 10).tdiv 10).toNat)
   159	          (pyModCore (Int.ofNat N.toNat) 10) =
   160	        oddDigitProductCore N.toNat 0
   161	    exact
   162	      (oddDigitProductCore_first N.toNat hn hparity).symm
   163	  · intro A N h
   164	    have hcond :
   165	        (N > 0 ∧ A ≠ 0) ∧ pyModCore N 2 = 1 := by
   166	      simpa [_andBool_, «_>Int_», «_=/=Int_», «_==Int_»,
   167	        «pyMod(_,_)_MPY-INT_Int_Int_Int»] using h
   168	    obtain ⟨⟨hN, hA⟩, hparity⟩ := hcond
   169	    have hcast : Int.ofNat N.toNat = N :=
   170	      Int.toNat_of_nonneg (Int.le_of_lt hN)
   171	    have hn : N.toNat ≠ 0 := by
   172	      intro hz
   173	      rw [hz] at hcast
   174	      simp at hcast
   175	      exact (Int.ne_of_gt hN) hcast.symm
   176	    rw [← hcast] at hparity ⊢
   177	    change
   178	      oddDigitProductCore
   179	          (((Int.ofNat N.toNat -
   180	              pyModCore (Int.ofNat N.toNat) 10).tdiv 10).toNat)
   181	          (A * pyModCore (Int.ofNat N.toNat) 10) =
   182	        oddDigitProductCore N.toNat A
   183	    exact
   184	      (oddDigitProductCore_later N.toNat A hn hparity hA).symm
   185	
   186	end Proof
