CWD: /tmp/audit-work
COMMAND: find /tmp/audit-work/lean-proof-audit-77-001 -maxdepth 4 -type f -print
EXIT: 0
OUTPUT:
/tmp/audit-work/lean-proof-audit-77-001/Proof.lean
/tmp/audit-work/lean-proof-audit-77-001/lean-toolchain
/tmp/audit-work/lean-proof-audit-77-001/lake-manifest.json
/tmp/audit-work/lean-proof-audit-77-001/lakefile.lean
/tmp/audit-work/lean-proof-audit-77-001/Base/lakefile.toml
/tmp/audit-work/lean-proof-audit-77-001/Base/lean-toolchain
/tmp/audit-work/lean-proof-audit-77-001/Base/lake-manifest.json
/tmp/audit-work/lean-proof-audit-77-001/Base/obligation-map.json
/tmp/audit-work/lean-proof-audit-77-001/Base/.gitignore
/tmp/audit-work/lean-proof-audit-77-001/Base/Klean77Iscube/Lemmas.lean
/tmp/audit-work/lean-proof-audit-77-001/Base/Klean77Iscube/Inj.lean
/tmp/audit-work/lean-proof-audit-77-001/Base/Klean77Iscube/Func.lean
/tmp/audit-work/lean-proof-audit-77-001/Base/Klean77Iscube/Sorts.lean
/tmp/audit-work/lean-proof-audit-77-001/Base/Klean77Iscube/Rewrite.lean
/tmp/audit-work/lean-proof-audit-77-001/Base/Klean77Iscube/Prelude.lean
/tmp/audit-work/lean-proof-audit-77-001/Base/Klean77Iscube.lean
