Script started on 2026-07-29 05:48:58-05:00 [<not executed on terminal>]
COMMAND: kast solution.mpy --definition verification-audit-kompiled --module VERIFICATION --sort Module --expand-macros --output json --output-file solution-expanded.json
[0m[0mEXIT: 0
COMMAND: kast claim-program.mpy --definition verification-audit-kompiled --module VERIFICATION --sort Module --expand-macros --output json --output-file claim-expanded.json
[0m[0mEXIT: 0
COMMAND: cmp -s solution-expanded.json claim-expanded.json
EXIT: 0
6becf1c682e399738f59c7cc2e50d7970a03c86c2f0c5bfe329b6fe18d269895  solution-expanded.json
6becf1c682e399738f59c7cc2e50d7970a03c86c2f0c5bfe329b6fe18d269895  claim-expanded.json
CONSTRUCTOR_LEVEL_IDENTITY: yes
COMMAND: kprove spec-ground.k --definition verification-audit-kompiled --spec-module SPEC-GROUND
#Top
[Warning] Compiler: Variable 'As' defined but not used. Prefix variable name
with underscore if this is intentional.
	Source(/tmp/audit-work/58-common/reference-semantics/semantics/str.k)
	Location(52,27,52,29)
	52 |	  rule strLt(iCons(A:Int, As:IntSeq), iCons(B:Int, Bs:IntSeq)) => true   
      requires A  <Int B
	   .	                          ^~
[Warning] Compiler: Variable 'Bs' defined but not used. Prefix variable name
with underscore if this is intentional.
	Source(/tmp/audit-work/58-common/reference-semantics/semantics/str.k)
	Location(52,52,52,54)
	52 |	  rule strLt(iCons(A:Int, As:IntSeq), iCons(B:Int, Bs:IntSeq)) => true   
      requires A  <Int B
	   .	                                                   ^~
[Warning] Compiler: Variable 'As' defined but not used. Prefix variable name
with underscore if this is intentional.
	Source(/tmp/audit-work/58-common/reference-semantics/semantics/str.k)
	Location(53,27,53,29)
	53 |	  rule strLt(iCons(A:Int, As:IntSeq), iCons(B:Int, Bs:IntSeq)) => false  
      requires A  >Int B
	   .	                          ^~
[Warning] Compiler: Variable 'Bs' defined but not used. Prefix variable name
with underscore if this is intentional.
	Source(/tmp/audit-work/58-common/reference-semantics/semantics/str.k)
	Location(53,52,53,54)
	53 |	  rule strLt(iCons(A:Int, As:IntSeq), iCons(B:Int, Bs:IntSeq)) => false  
      requires A  >Int B
	   .	                                                   ^~
[0m[0mEXIT: 0
COMMAND: Python canonical/common and generated/common on [1], [1]
input_left=[1] input_right=[1]
canonical_result=[1]
generated_result=[1]
EXIT: 0

Script done on 2026-07-29 05:49:05-05:00 [COMMAND_EXIT_CODE="0"]
