CORRECTED COMMAND: python3 /audit-output/evidence/ground_math_witness.py (Fibonacci indexing starts F0=0)
GROUND FIBONACCI PRIME TABLE
ordinal=1 fibonacci_index=3 value=2 trial_division_limit=1
ordinal=2 fibonacci_index=4 value=3 trial_division_limit=1
ordinal=3 fibonacci_index=5 value=5 trial_division_limit=2
ordinal=4 fibonacci_index=7 value=13 trial_division_limit=3
ordinal=5 fibonacci_index=11 value=89 trial_division_limit=9
ordinal=6 fibonacci_index=13 value=233 trial_division_limit=15
ordinal=7 fibonacci_index=17 value=1597 trial_division_limit=39
ordinal=8 fibonacci_index=23 value=28657 trial_division_limit=169
ordinal=9 fibonacci_index=29 value=514229 trial_division_limit=717
ordinal=10 fibonacci_index=43 value=433494437 trial_division_limit=20820
ordinal=11 fibonacci_index=47 value=2971215073 trial_division_limit=54508
claimed_values_match=True
CACHED FALSE FACTORIZATIONS
value=17711 factorization=89*199
value=121393 factorization=233*521
value=1346269 factorization=557*2417
value=5702887 factorization=1597*3571
value=165580141 factorization=2789*59369
value=1836311903 factorization=139*13210877
EXIT: 0
