COMMAND: mkdir -p /tmp/audit-work/prime-fib-audit && cp -a candidate source artifacts into scratch
d /tmp/audit-work/prime-fib-audit -> 
d /tmp/audit-work/prime-fib-audit/reference-semantics -> 
d /tmp/audit-work/prime-fib-audit/reference-semantics/semantics -> 
f /tmp/audit-work/prime-fib-audit/canonical.py -> 
f /tmp/audit-work/prime-fib-audit/prompt.py -> 
f /tmp/audit-work/prime-fib-audit/prove.sh -> 
f /tmp/audit-work/prime-fib-audit/py2mpy.py -> 
f /tmp/audit-work/prime-fib-audit/reference-semantics/semantics.k -> 
f /tmp/audit-work/prime-fib-audit/reference-semantics/semantics/assert.k -> 
f /tmp/audit-work/prime-fib-audit/reference-semantics/semantics/bool.k -> 
f /tmp/audit-work/prime-fib-audit/reference-semantics/semantics/builtins.k -> 
f /tmp/audit-work/prime-fib-audit/reference-semantics/semantics/call.k -> 
f /tmp/audit-work/prime-fib-audit/reference-semantics/semantics/comprehension.k -> 
f /tmp/audit-work/prime-fib-audit/reference-semantics/semantics/concrete.k -> 
f /tmp/audit-work/prime-fib-audit/reference-semantics/semantics/controls.k -> 
f /tmp/audit-work/prime-fib-audit/reference-semantics/semantics/core.k -> 
f /tmp/audit-work/prime-fib-audit/reference-semantics/semantics/dict.k -> 
f /tmp/audit-work/prime-fib-audit/reference-semantics/semantics/float.k -> 
f /tmp/audit-work/prime-fib-audit/reference-semantics/semantics/functions.k -> 
f /tmp/audit-work/prime-fib-audit/reference-semantics/semantics/int.k -> 
f /tmp/audit-work/prime-fib-audit/reference-semantics/semantics/iter.k -> 
f /tmp/audit-work/prime-fib-audit/reference-semantics/semantics/list.k -> 
f /tmp/audit-work/prime-fib-audit/reference-semantics/semantics/methods.k -> 
f /tmp/audit-work/prime-fib-audit/reference-semantics/semantics/operators.k -> 
f /tmp/audit-work/prime-fib-audit/reference-semantics/semantics/range.k -> 
f /tmp/audit-work/prime-fib-audit/reference-semantics/semantics/set.k -> 
f /tmp/audit-work/prime-fib-audit/reference-semantics/semantics/sort.k -> 
f /tmp/audit-work/prime-fib-audit/reference-semantics/semantics/str.k -> 
f /tmp/audit-work/prime-fib-audit/reference-semantics/semantics/subscript.k -> 
f /tmp/audit-work/prime-fib-audit/reference-semantics/semantics/syntax.k -> 
f /tmp/audit-work/prime-fib-audit/reference-semantics/semantics/tuple.k -> 
f /tmp/audit-work/prime-fib-audit/solution.mpy -> 
f /tmp/audit-work/prime-fib-audit/solution.py -> 
f /tmp/audit-work/prime-fib-audit/spec.k -> 
f /tmp/audit-work/prime-fib-audit/verification.k -> 
EXIT: 0
