COMMAND: kompile semantic.k --main-module MPY --syntax-module MPY-SYNTAX --backend llvm --output-definition /tmp/audit-work/build-concrete/semantic-v2-kompiled
EXIT: 0
COMMAND: python3 /audit-output/evidence/semantics_differential.py
EXIT: 0
COMMAND: krun /tmp/audit-work/candidate-src/solution.mpy --definition /tmp/audit-work/build-concrete/semantic-v2-kompiled '-cINTERVAL1=TupleExpr(Int(1),Int(2))' '-cINTERVAL2=TupleExpr(Int(2),Int(3))' --output pretty
CASE=prompt_touch input1=(1, 2) input2=(2, 3) canonical=NO generated_python=NO k=NO krun_exit=0
COMMAND: krun /tmp/audit-work/candidate-src/solution.mpy --definition /tmp/audit-work/build-concrete/semantic-v2-kompiled '-cINTERVAL1=TupleExpr(Int(-1),Int(1))' '-cINTERVAL2=TupleExpr(Int(0),Int(4))' --output pretty
CASE=prompt_length_1 input1=(-1, 1) input2=(0, 4) canonical=NO generated_python=NO k=NO krun_exit=0
COMMAND: krun /tmp/audit-work/candidate-src/solution.mpy --definition /tmp/audit-work/build-concrete/semantic-v2-kompiled '-cINTERVAL1=TupleExpr(Int(-3),Int(-1))' '-cINTERVAL2=TupleExpr(Int(-5),Int(5))' --output pretty
CASE=prompt_length_2 input1=(-3, -1) input2=(-5, 5) canonical=YES generated_python=YES k=YES krun_exit=0
COMMAND: krun /tmp/audit-work/candidate-src/solution.mpy --definition /tmp/audit-work/build-concrete/semantic-v2-kompiled '-cINTERVAL1=TupleExpr(Int(0),Int(0))' '-cINTERVAL2=TupleExpr(Int(0),Int(0))' --output pretty
CASE=degenerate input1=(0, 0) input2=(0, 0) canonical=NO generated_python=NO k=NO krun_exit=0
COMMAND: krun /tmp/audit-work/candidate-src/solution.mpy --definition /tmp/audit-work/build-concrete/semantic-v2-kompiled '-cINTERVAL1=TupleExpr(Int(-8),Int(-2))' '-cINTERVAL2=TupleExpr(Int(3),Int(9))' --output pretty
CASE=disjoint input1=(-8, -2) input2=(3, 9) canonical=NO generated_python=NO k=NO krun_exit=0
COMMAND: krun /tmp/audit-work/candidate-src/solution.mpy --definition /tmp/audit-work/build-concrete/semantic-v2-kompiled '-cINTERVAL1=TupleExpr(Int(0),Int(3))' '-cINTERVAL2=TupleExpr(Int(3),Int(8))' --output pretty
CASE=length_0 input1=(0, 3) input2=(3, 8) canonical=NO generated_python=NO k=NO krun_exit=0
COMMAND: krun /tmp/audit-work/candidate-src/solution.mpy --definition /tmp/audit-work/build-concrete/semantic-v2-kompiled '-cINTERVAL1=TupleExpr(Int(0),Int(3))' '-cINTERVAL2=TupleExpr(Int(2),Int(8))' --output pretty
CASE=length_1 input1=(0, 3) input2=(2, 8) canonical=NO generated_python=NO k=NO krun_exit=0
COMMAND: krun /tmp/audit-work/candidate-src/solution.mpy --definition /tmp/audit-work/build-concrete/semantic-v2-kompiled '-cINTERVAL1=TupleExpr(Int(0),Int(3))' '-cINTERVAL2=TupleExpr(Int(1),Int(8))' --output pretty
CASE=prime_2 input1=(0, 3) input2=(1, 8) canonical=YES generated_python=YES k=YES krun_exit=0
COMMAND: krun /tmp/audit-work/candidate-src/solution.mpy --definition /tmp/audit-work/build-concrete/semantic-v2-kompiled '-cINTERVAL1=TupleExpr(Int(0),Int(3))' '-cINTERVAL2=TupleExpr(Int(0),Int(8))' --output pretty
CASE=prime_3 input1=(0, 3) input2=(0, 8) canonical=YES generated_python=YES k=YES krun_exit=0
COMMAND: krun /tmp/audit-work/candidate-src/solution.mpy --definition /tmp/audit-work/build-concrete/semantic-v2-kompiled '-cINTERVAL1=TupleExpr(Int(0),Int(4))' '-cINTERVAL2=TupleExpr(Int(-8),Int(8))' --output pretty
CASE=composite_4 input1=(0, 4) input2=(-8, 8) canonical=NO generated_python=NO k=NO krun_exit=0
COMMAND: krun /tmp/audit-work/candidate-src/solution.mpy --definition /tmp/audit-work/build-concrete/semantic-v2-kompiled '-cINTERVAL1=TupleExpr(Int(0),Int(5))' '-cINTERVAL2=TupleExpr(Int(-8),Int(8))' --output pretty
CASE=prime_5 input1=(0, 5) input2=(-8, 8) canonical=YES generated_python=YES k=YES krun_exit=0
COMMAND: krun /tmp/audit-work/candidate-src/solution.mpy --definition /tmp/audit-work/build-concrete/semantic-v2-kompiled '-cINTERVAL1=TupleExpr(Int(0),Int(9))' '-cINTERVAL2=TupleExpr(Int(-8),Int(20))' --output pretty
CASE=composite_9 input1=(0, 9) input2=(-8, 20) canonical=NO generated_python=NO k=NO krun_exit=0
COMMAND: krun /tmp/audit-work/candidate-src/solution.mpy --definition /tmp/audit-work/build-concrete/semantic-v2-kompiled '-cINTERVAL1=TupleExpr(Int(0),Int(25))' '-cINTERVAL2=TupleExpr(Int(-8),Int(40))' --output pretty
CASE=composite_25 input1=(0, 25) input2=(-8, 40) canonical=NO generated_python=NO k=NO krun_exit=0
COMMAND: krun /tmp/audit-work/candidate-src/solution.mpy --definition /tmp/audit-work/build-concrete/semantic-v2-kompiled '-cINTERVAL1=TupleExpr(Int(0),Int(97))' '-cINTERVAL2=TupleExpr(Int(-100),Int(200))' --output pretty
CASE=prime_97 input1=(0, 97) input2=(-100, 200) canonical=YES generated_python=YES k=YES krun_exit=0
COMMAND: krun /tmp/audit-work/candidate-src/solution.mpy --definition /tmp/audit-work/build-concrete/semantic-v2-kompiled '-cINTERVAL1=TupleExpr(Int(0),Int(5))' '-cINTERVAL2=TupleExpr(Int(-2),Int(7))' --output pretty
CASE=spec_case_1 input1=(0, 5) input2=(-2, 7) canonical=YES generated_python=YES k=YES krun_exit=0
COMMAND: krun /tmp/audit-work/candidate-src/solution.mpy --definition /tmp/audit-work/build-concrete/semantic-v2-kompiled '-cINTERVAL1=TupleExpr(Int(0),Int(5))' '-cINTERVAL2=TupleExpr(Int(-2),Int(3))' --output pretty
CASE=spec_case_2 input1=(0, 5) input2=(-2, 3) canonical=YES generated_python=YES k=YES krun_exit=0
COMMAND: krun /tmp/audit-work/candidate-src/solution.mpy --definition /tmp/audit-work/build-concrete/semantic-v2-kompiled '-cINTERVAL1=TupleExpr(Int(0),Int(5))' '-cINTERVAL2=TupleExpr(Int(2),Int(7))' --output pretty
CASE=spec_case_3 input1=(0, 5) input2=(2, 7) canonical=YES generated_python=YES k=YES krun_exit=0
COMMAND: krun /tmp/audit-work/candidate-src/solution.mpy --definition /tmp/audit-work/build-concrete/semantic-v2-kompiled '-cINTERVAL1=TupleExpr(Int(0),Int(5))' '-cINTERVAL2=TupleExpr(Int(2),Int(4))' --output pretty
CASE=spec_case_4 input1=(0, 5) input2=(2, 4) canonical=YES generated_python=YES k=YES krun_exit=0
semantics_cases=18
semantics_mismatches=0
COMMAND: kompile verification.k --main-module VERIFICATION --syntax-module MPY-SYNTAX --backend haskell --output-definition /tmp/audit-work/build-proof/loop-v2-kompiled
EXIT: 0
COMMAND: kprove spec.k --definition /tmp/audit-work/build-proof/loop-v2-kompiled --spec-module LOOP-CORRECTNESS-SPEC --output pretty
EXIT: 0
TOP_COUNT: 1
#Top
COMMAND: kompile verification.k --main-module VERIFICATION-WITH-LOOP-LEMMA --syntax-module MPY-SYNTAX --backend haskell --output-definition /tmp/audit-work/build-proof/verification-v2-kompiled
EXIT: 0
COMMAND: kprove spec.k --definition /tmp/audit-work/build-proof/verification-v2-kompiled --spec-module SPEC --output pretty
EXIT: 0
TOP_COUNT: 1
#Top
