WORKDIR: /tmp/audit-work/review-136
COMMAND: kprove spec.k --definition audit-verification-kompiled --spec-module SPEC --claims SPEC.entry
OUTPUT-BEGIN
#Top
[Warning] Compiler: Variable 'As' defined but not used. Prefix variable name
with underscore if this is intentional.
	Source(/tmp/audit-work/review-136/reference-semantics/semantics/str.k)
	Location(52,27,52,29)
	52 |	  rule strLt(iCons(A:Int, As:IntSeq), iCons(B:Int, Bs:IntSeq)) => true   
      requires A  <Int B
	   .	                          ^~
[Warning] Compiler: Variable 'Bs' defined but not used. Prefix variable name
with underscore if this is intentional.
	Source(/tmp/audit-work/review-136/reference-semantics/semantics/str.k)
	Location(52,52,52,54)
	52 |	  rule strLt(iCons(A:Int, As:IntSeq), iCons(B:Int, Bs:IntSeq)) => true   
      requires A  <Int B
	   .	                                                   ^~
[Warning] Compiler: Variable 'As' defined but not used. Prefix variable name
with underscore if this is intentional.
	Source(/tmp/audit-work/review-136/reference-semantics/semantics/str.k)
	Location(53,27,53,29)
	53 |	  rule strLt(iCons(A:Int, As:IntSeq), iCons(B:Int, Bs:IntSeq)) => false  
      requires A  >Int B
	   .	                          ^~
[Warning] Compiler: Variable 'Bs' defined but not used. Prefix variable name
with underscore if this is intentional.
	Source(/tmp/audit-work/review-136/reference-semantics/semantics/str.k)
	Location(53,52,53,54)
	53 |	  rule strLt(iCons(A:Int, As:IntSeq), iCons(B:Int, Bs:IntSeq)) => false  
      requires A  >Int B
	   .	                                                   ^~
[Warning] Compiler: Variable 'INPUT' defined but not used. Prefix variable name
with underscore if this is intentional.
	Source(/tmp/audit-work/review-136/spec.k)
	Location(13,19,13,24)
	13 |	        "lst" |-> INPUT:Val
	   .	                  ^~~~~
[Warning] Compiler: Variable 'INPUT' defined but not used. Prefix variable name
with underscore if this is intentional.
	Source(/tmp/audit-work/review-136/verification.k)
	Location(19,17,19,22)
	19 |	      "lst" |-> INPUT:Val
	   .	                ^~~~~
[Warning] Compiler: Variable 'BUILTINS' defined but not used. Prefix variable
name with underscore if this is intentional.
	Source(/tmp/audit-work/review-136/verification.k)
	Location(27,12,27,20)
	27 |	    -1 |-> BUILTINS:Scope
	   .	           ^~~~~~~~
OUTPUT-END
EXIT-STATUS: 0
