WORKDIR: /tmp/audit-work/review-136/wrong-rep
COMMAND: kompile --backend haskell verification-core.k --main-module VERIFICATION-CORE --syntax-module MPY-SYNTAX --output-definition audit-wrong-representation-kompiled
OUTPUT-BEGIN
[Warning] Compiler: Variable 'As' defined but not used. Prefix variable name
with underscore if this is intentional.
	Source(/tmp/audit-work/review-136/wrong-rep/reference-semantics/semantics/str.k)
	Location(52,27,52,29)
	52 |	  rule strLt(iCons(A:Int, As:IntSeq), iCons(B:Int, Bs:IntSeq)) => true   
      requires A  <Int B
	   .	                          ^~
[Warning] Compiler: Variable 'Bs' defined but not used. Prefix variable name
with underscore if this is intentional.
	Source(/tmp/audit-work/review-136/wrong-rep/reference-semantics/semantics/str.k)
	Location(52,52,52,54)
	52 |	  rule strLt(iCons(A:Int, As:IntSeq), iCons(B:Int, Bs:IntSeq)) => true   
      requires A  <Int B
	   .	                                                   ^~
[Warning] Compiler: Variable 'As' defined but not used. Prefix variable name
with underscore if this is intentional.
	Source(/tmp/audit-work/review-136/wrong-rep/reference-semantics/semantics/str.k)
	Location(53,27,53,29)
	53 |	  rule strLt(iCons(A:Int, As:IntSeq), iCons(B:Int, Bs:IntSeq)) => false  
      requires A  >Int B
	   .	                          ^~
[Warning] Compiler: Variable 'Bs' defined but not used. Prefix variable name
with underscore if this is intentional.
	Source(/tmp/audit-work/review-136/wrong-rep/reference-semantics/semantics/str.k)
	Location(53,52,53,54)
	53 |	  rule strLt(iCons(A:Int, As:IntSeq), iCons(B:Int, Bs:IntSeq)) => false  
      requires A  >Int B
	   .	                                                   ^~
[Warning] Compiler: Variable 'I' defined but not used. Prefix variable name
with underscore if this is intentional.
	Source(/tmp/audit-work/review-136/wrong-rep/representation.k)
	Location(23,34,23,35)
	23 |	    #iterNext(list(intVals(iCons(I:Int, IS:IntSeq))))
	   .	                                 ^
OUTPUT-END
EXIT-STATUS: 0
