Script started on 2026-07-29 06:53:14-05:00 [<not executed on terminal>]
{
  "claimed_values": [
    8,
    12,
    18,
    20,
    27,
    28,
    30,
    42,
    44,
    45,
    50,
    52,
    63,
    66,
    68,
    70,
    75,
    76,
    78,
    92,
    98,
    99
  ],
  "enumerated_three_prime_products_below_100": [
    8,
    12,
    18,
    20,
    27,
    28,
    30,
    42,
    44,
    45,
    50,
    52,
    63,
    66,
    68,
    70,
    75,
    76,
    78,
    92,
    98,
    99
  ],
  "extra_in_claim": [],
  "missing_from_claim": [],
  "negative_inputs_cannot_be_products_of_positive_primes": true,
  "primes_below_100": [
    2,
    3,
    5,
    7,
    11,
    13,
    17,
    19,
    23,
    29,
    31,
    37,
    41,
    43,
    47,
    53,
    59,
    61,
    67,
    71,
    73,
    79,
    83,
    89,
    97
  ]
}
CONTRACT_SET_CHECK_EXIT=0

Script done on 2026-07-29 06:53:14-05:00 [COMMAND_EXIT_CODE="0"]
