Script started on 2026-07-29 06:56:49-05:00 [<not executed on terminal>]
kore-exec: [10808763] Warning (WarnStuckClaimState):
    The configuration's term unifies with the destination's term, but the implication check between the conditions has failed. Location: /tmp/audit-work/75-audit-vYfTjU/spec-audit-vacuity.k:7:5-105:24
Context:
    (InfoReachability) while checking the implication
  #Not ( {
    A
  #Equals
    8
  } )
#And
  #Not ( {
    A
  #Equals
    12
  } )
#And
  #Not ( {
    A
  #Equals
    18
  } )
#And
  #Not ( {
    A
  #Equals
    20
  } )
#And
  #Not ( {
    A
  #Equals
    27
  } )
#And
  #Not ( {
    A
  #Equals
    28
  } )
#And
  #Not ( {
    A
  #Equals
    30
  } )
#And
  #Not ( {
    A
  #Equals
    42
  } )
#And
  #Not ( {
    A
  #Equals
    44
  } )
#And
  #Not ( {
    A
  #Equals
    45
  } )
#And
  #Not ( {
    A
  #Equals
    50
  } )
#And
  #Not ( {
    A
  #Equals
    52
  } )
#And
  #Not ( {
    A
  #Equals
    63
  } )
#And
  #Not ( {
    A
  #Equals
    66
  } )
#And
  #Not ( {
    A
  #Equals
    68
  } )
#And
  #Not ( {
    A
  #Equals
    70
  } )
#And
  #Not ( {
    A
  #Equals
    75
  } )
#And
  #Not ( {
    A
  #Equals
    76
  } )
#And
  #Not ( {
    A
  #Equals
    78
  } )
#And
  #Not ( {
    A
  #Equals
    92
  } )
#And
  #Not ( {
    A
  #Equals
    98
  } )
#And
  #Not ( {
    A ==Int 8 orBool A ==Int 12 orBool A ==Int 18 orBool A ==Int 20 orBool A ==Int 27 orBool A ==Int 28 orBool A ==Int 30 orBool A ==Int 42 orBool A ==Int 44 orBool A ==Int 45 orBool A ==Int 50 orBool A ==Int 52 orBool A ==Int 63 orBool A ==Int 66 orBool A ==Int 68 orBool A ==Int 70 orBool A ==Int 75 orBool A ==Int 76 orBool A ==Int 78 orBool A ==Int 92 orBool A ==Int 98 orBool A ==Int 97
  #Equals
    A ==Int 99
  } )
#And
  <generatedTop>
    <k>
      A ==Int 99 ~> .K
    </k>
    <env>
      0
    </env>
    <scopes>
      -1 |-> scope ( "abs" |-> builtinV ( "abs" )
      "all" |-> builtinV ( "all" )
      "any" |-> builtinV ( "any" )
      "bin" |-> builtinV ( "bin" )
      "chr" |-> builtinV ( "chr" )
      "enumerate" |-> builtinV ( "enumerate" )
      "eval" |-> builtinV ( "eval" )
      "float" |-> typeV ( "float" )
      "int" |-> typeV ( "int" )
      "isinstance" |-> builtinV ( "isinstance" )
      "len" |-> builtinV ( "len" )
      "list" |-> builtinV ( "list" )
      "map" |-> builtinV ( "map" )
      "max" |-> builtinV ( "max" )
      "min" |-> builtinV ( "min" )
      "ord" |-> builtinV ( "ord" )
      "range" |-> builtinV ( "range" )
      "round" |-> builtinV ( "round" )
      "set" |-> builtinV ( "set" )
      "sorted" |-> builtinV ( "sorted" )
      "str" |-> typeV ( "str" )
      "sum" |-> builtinV ( "sum" )
      "zip" |-> builtinV ( "zip" ) , root )
      0 |-> scope ( "is_multiply_prime" |-> closureVal ( "a" , .ParamNames , Return ( BoolOp ( "or" , Compare ( Name ( "a" ) , CmpOp ( "==" , Int ( 8 ) ) ) , Compare ( Name ( "a" ) , CmpOp ( "==" , Int ( 12 ) ) ) , Compare ( Name ( "a" ) , CmpOp ( "==" , Int ( 18 ) ) ) , Compare ( Name ( "a" ) , CmpOp ( "==" , Int ( 20 ) ) ) , Compare ( Name ( "a" ) , CmpOp ( "==" , Int ( 27 ) ) ) , Compare ( Name ( "a" ) , CmpOp ( "==" , Int ( 28 ) ) ) , Compare ( Name ( "a" ) , CmpOp ( "==" , Int ( 30 ) ) ) , Compare ( Name ( "a" ) , CmpOp ( "==" , Int ( 42 ) ) ) , Compare ( Name ( "a" ) , CmpOp ( "==" , Int ( 44 ) ) ) , Compare ( Name ( "a" ) , CmpOp ( "==" , Int ( 45 ) ) ) , Compare ( Name ( "a" ) , CmpOp ( "==" , Int ( 50 ) ) ) , Compare ( Name ( "a" ) , CmpOp ( "==" , Int ( 52 ) ) ) , Compare ( Name ( "a" ) , CmpOp ( "==" , Int ( 63 ) ) ) , Compare ( Name ( "a" ) , CmpOp ( "==" , Int ( 66 ) ) ) , Compare ( Name ( "a" ) , CmpOp ( "==" , Int ( 68 ) ) ) , Compare ( Name ( "a" ) , CmpOp ( "==" , Int ( 70 ) ) ) , Compare ( Name ( "a" ) , CmpOp ( "==" , Int ( 75 ) ) ) , Compare ( Name ( "a" ) , CmpOp ( "==" , Int ( 76 ) ) ) , Compare ( Name ( "a" ) , CmpOp ( "==" , Int ( 78 ) ) ) , Compare ( Name ( "a" ) , CmpOp ( "==" , Int ( 92 ) ) ) , Compare ( Name ( "a" ) , CmpOp ( "==" , Int ( 98 ) ) ) , Compare ( Name ( "a" ) , CmpOp ( "==" , Int ( 99 ) ) ) , .Exprs ) )  .Stmts , 0 ) , parent ( -1 ) )
    </scopes>
    <scopeLoc>
      1
    </scopeLoc>
    <heap>
      .Map
    </heap>
    <heapLoc>
      0
    </heapLoc>
    <stack>
      .List
    </stack>
    <ret>
      noRet
    </ret>
    <exc>
      NoExc
    </exc>
    <exit-code>
      0
    </exit-code>
  </generatedTop>
#And
  {
    true
  #Equals
    A <Int 100
  }
[Warning] Compiler: Variable 'As' defined but not used. Prefix variable name
with underscore if this is intentional.
	Source(/tmp/audit-work/75-audit-vYfTjU/reference-semantics/semantics/str.k)
	Location(52,27,52,29)
	52 |	  rule strLt(iCons(A:Int, As:IntSeq), iCons(B:Int, Bs:IntSeq)) => true   
      requires A  <Int B
	   .	                          ^~
[Warning] Compiler: Variable 'Bs' defined but not used. Prefix variable name
with underscore if this is intentional.
	Source(/tmp/audit-work/75-audit-vYfTjU/reference-semantics/semantics/str.k)
	Location(52,52,52,54)
	52 |	  rule strLt(iCons(A:Int, As:IntSeq), iCons(B:Int, Bs:IntSeq)) => true   
      requires A  <Int B
	   .	                                                   ^~
[Warning] Compiler: Variable 'As' defined but not used. Prefix variable name
with underscore if this is intentional.
	Source(/tmp/audit-work/75-audit-vYfTjU/reference-semantics/semantics/str.k)
	Location(53,27,53,29)
	53 |	  rule strLt(iCons(A:Int, As:IntSeq), iCons(B:Int, Bs:IntSeq)) => false  
      requires A  >Int B
	   .	                          ^~
[Warning] Compiler: Variable 'Bs' defined but not used. Prefix variable name
with underscore if this is intentional.
	Source(/tmp/audit-work/75-audit-vYfTjU/reference-semantics/semantics/str.k)
	Location(53,52,53,54)
	53 |	  rule strLt(iCons(A:Int, As:IntSeq), iCons(B:Int, Bs:IntSeq)) => false  
      requires A  >Int B
	   .	                                                   ^~
[Error] Prover: backend terminated because the configuration cannot be
rewritten further. See output for more details.
[0m[0mKPROVE_MUTATION_EXIT=1
EXPECTED_NONZERO=YES
WITNESS_A=99_PRECONDITION=true_ACTUAL=true_MUTATED_EXPECTED=false

Script done on 2026-07-29 06:57:04-05:00 [COMMAND_EXIT_CODE="0"]
