+ nl -ba /reference/k-proof/verification.k
     1	requires "reference-semantics/semantics.k"
     2	requires "solution-module.k"
     3	
     4	module VERIFICATION-SYNTAX
     5	  imports MPY-SYNTAX
     6	  imports SOLUTION-MODULE-SYNTAX
     7	  imports INT-SYNTAX
     8	  imports BOOL-SYNTAX
     9	
    10	  // Mathematical summaries used only in specifications and invariants.
    11	  syntax Int ::= overlapLength(Int, Int, Int, Int) [function, total]
    12	  syntax Bool ::= scanHasDivisor(Bool, Int, Int)
    13	                  [function, total, no-evaluators]
    14	  syntax Val ::= primeResult(Int) [function, total]
    15	endmodule
    16	
    17	module VERIFICATION
    18	  imports MPY
    19	  imports SOLUTION-MODULE
    20	  imports VERIFICATION-SYNTAX
    21	  imports INT
    22	  imports BOOL
    23	
    24	  rule overlapLength(A0, A1, B0, B1)
    25	    => (#if B1 <Int A1 #then B1 #else A1 #fi)
    26	       -Int (#if B0 >Int A0 #then B0 #else A0 #fi)
    27	
    28	  // Ground definition. These disjoint cases cover every Bool/Int/Int input.
    29	  // The only recursive case increases D toward N.
    30	  rule scanHasDivisor(true, _N, _D) => true [concrete]
    31	  rule scanHasDivisor(false, N, D) => scanHasDivisor(false, N, 2)
    32	    requires D <Int 2
    33	    [concrete]
    34	  rule scanHasDivisor(false, N, D) => false
    35	    requires D >=Int 2 andBool D >=Int N
    36	    [concrete]
    37	  rule scanHasDivisor(false, N, D) => true
    38	    requires D >=Int 2 andBool D <Int N
    39	         andBool pyMod(N, D) ==Int 0
    40	    [concrete]
    41	  rule scanHasDivisor(false, N, D)
    42	    => scanHasDivisor(false, N, D +Int 1)
    43	    requires D >=Int 2 andBool D <Int N
    44	         andBool pyMod(N, D) =/=Int 0
    45	    [concrete]
    46	
    47	  // Symbolic consequences used by the loop proof. The fold rule matches only
    48	  // the syntactic D + 1 created by one iteration and rewrites toward the
    49	  // invariant's scan-at-D summary.
    50	  rule scanHasDivisor(true, _N, _D) => true
    51	    [simplification]
    52	  rule scanHasDivisor(false, N, D) => false
    53	    requires D >=Int 2 andBool D >=Int N
    54	    [simplification]
    55	  rule scanHasDivisor(false, N, D) => true
    56	    requires D >=Int 2 andBool D <Int N
    57	         andBool pyMod(N, D) ==Int 0
    58	    [simplification]
    59	  rule scanHasDivisor(false, N, D +Int 1)
    60	    => scanHasDivisor(false, N, D)
    61	    requires D >=Int 2 andBool D <Int N
    62	         andBool pyMod(N, D) =/=Int 0
    63	    [simplification]
    64	
    65	  rule primeResult(N)
    66	    => #if N <Int 2 orBool scanHasDivisor(false, N, 2)
    67	       #then str(strToCodes("NO"))
    68	       #else str(strToCodes("YES"))
    69	       #fi
    70	endmodule
+ nl -ba /reference/k-proof/spec.k
     1	requires "verification.k"
     2	
     3	module SPEC
     4	  imports VERIFICATION
     5	
     6	  // Once a divisor has been seen, every remaining iteration preserves true.
     7	  claim [divisor-loop-true]:
     8	    <k>
     9	      #while(Compare(Name("divisor"), CmpOp("<", Name("length"))),
    10	             If(Compare(BinOp("%", Name("length"), Name("divisor")),
    11	                        CmpOp("==", Int(0))),
    12	                Assign(Name("has_divisor"), Bool(true)) .Stmts,
    13	                .Stmts)
    14	             Assign(Name("divisor"),
    15	                    BinOp("+", Name("divisor"), Int(1)))
    16	             .Stmts)
    17	      => .K
    18	      ...
    19	    </k>
    20	    <env> L </env>
    21	    <scopes>
    22	      ...
    23	      L |-> scope(
    24	        "divisor"     |-> (D => N)
    25	        "end"         |-> E
    26	        "has_divisor" |-> true
    27	        "interval1"   |-> IV1
    28	        "interval2"   |-> IV2
    29	        "length"      |-> N
    30	        "start"       |-> S,
    31	        PARENT)
    32	      ...
    33	    </scopes>
    34	    <scopeLoc> NEXT </scopeLoc>
    35	    <heap> HEAP </heap>
    36	    <heapLoc> HNEXT </heapLoc>
    37	    <stack> STACK </stack>
    38	    <ret> noRet </ret>
    39	    <exc> NoExc </exc>
    40	    <exit-code> EXIT </exit-code>
    41	    requires D >=Int 2 andBool D <=Int N
    42	
    43	  // If no divisor has yet been seen, scanning D .. N-1 returns the exact
    44	  // recursive Boolean summary scanHasDivisor(false, N, D).
    45	  claim [divisor-loop-false]:
    46	    <k>
    47	      #while(Compare(Name("divisor"), CmpOp("<", Name("length"))),
    48	             If(Compare(BinOp("%", Name("length"), Name("divisor")),
    49	                        CmpOp("==", Int(0))),
    50	                Assign(Name("has_divisor"), Bool(true)) .Stmts,
    51	                .Stmts)
    52	             Assign(Name("divisor"),
    53	                    BinOp("+", Name("divisor"), Int(1)))
    54	             .Stmts)
    55	      => .K
    56	      ...
    57	    </k>
    58	    <env> L </env>
    59	    <scopes>
    60	      ...
    61	      L |-> scope(
    62	        "divisor"     |-> (D => N)
    63	        "end"         |-> E
    64	        "has_divisor" |-> (false => scanHasDivisor(false, N, D))
    65	        "interval1"   |-> IV1
    66	        "interval2"   |-> IV2
    67	        "length"      |-> N
    68	        "start"       |-> S,
    69	        PARENT)
    70	      ...
    71	    </scopes>
    72	    <scopeLoc> NEXT </scopeLoc>
    73	    <heap> HEAP </heap>
    74	    <heapLoc> HNEXT </heapLoc>
    75	    <stack> STACK </stack>
    76	    <ret> noRet </ret>
    77	    <exc> NoExc </exc>
    78	    <exit-code> EXIT </exit-code>
    79	    requires D >=Int 2 andBool D <=Int N
    80	
    81	  // Whole-program claim: exact translated definition, exact entry point, all
    82	  // valid integer intervals, and a result characterized by proper divisors.
    83	  claim [intersection-correct]:
    84	    <k>
    85	      #loadAll(solutionModule)
    86	      ~> Call(Name("intersection"),
    87	              TupleExpr(Int(A0), Int(A1)),
    88	              TupleExpr(Int(B0), Int(B1)))
    89	      => primeResult(overlapLength(A0, A1, B0, B1))
    90	    </k>
    91	    <env> 0 </env>
    92	    <scopes>
    93	      (0  |-> scope(.Map, parent(-1))
    94	       -1 |-> builtinsScope)
    95	      => ?FINALSCOPES:Map
    96	    </scopes>
    97	    <scopeLoc> 1 </scopeLoc>
    98	    <heap> .Map </heap>
    99	    <heapLoc> 0 </heapLoc>
   100	    <stack> .List </stack>
   101	    <ret> noRet </ret>
   102	    <exc> NoExc </exc>
   103	    <exit-code> 0 </exit-code>
   104	    requires A0 <=Int A1 andBool B0 <=Int B1
   105	endmodule
+ nl -ba /reference/k-proof/solution.py
     1	def intersection(interval1, interval2):
     2	    start = interval1[0]
     3	    if interval2[0] > start:
     4	        start = interval2[0]
     5	
     6	    end = interval1[1]
     7	    if interval2[1] < end:
     8	        end = interval2[1]
     9	
    10	    length = end - start
    11	    if length < 2:
    12	        return "NO"
    13	
    14	    divisor = 2
    15	    has_divisor = False
    16	    while divisor < length:
    17	        if length % divisor == 0:
    18	            has_divisor = True
    19	        divisor = divisor + 1
    20	
    21	    if has_divisor:
    22	        return "NO"
    23	    return "YES"
+ nl -ba /reference/k-proof/solution.mpy
     1	Module(
     2	  FuncDef("intersection", Params("interval1", "interval2"),
     3	    Assign(Name("start"), Subscript(Name("interval1"), Int(0)))
     4	    If(Compare(
     5	      Subscript(Name("interval2"), Int(0)),
     6	      CmpOp(">", Name("start"))),
     7	      Assign(Name("start"), Subscript(Name("interval2"), Int(0))),
     8	      )
     9	    Assign(Name("end"), Subscript(Name("interval1"), Int(1)))
    10	    If(Compare(
    11	      Subscript(Name("interval2"), Int(1)),
    12	      CmpOp("<", Name("end"))),
    13	      Assign(Name("end"), Subscript(Name("interval2"), Int(1))),
    14	      )
    15	    Assign(Name("length"), BinOp("-", Name("end"), Name("start")))
    16	    If(Compare(Name("length"), CmpOp("<", Int(2))),
    17	      Return(Str("NO")),
    18	      )
    19	    Assign(Name("divisor"), Int(2))
    20	    Assign(Name("has_divisor"), Bool(false))
    21	    While(Compare(Name("divisor"), CmpOp("<", Name("length"))),
    22	      If(Compare(
    23	        BinOp("%", Name("length"), Name("divisor")),
    24	        CmpOp("==", Int(0))),
    25	        Assign(Name("has_divisor"), Bool(true)),
    26	        )
    27	      Assign(Name("divisor"), BinOp("+", Name("divisor"), Int(1))))
    28	    If(Name("has_divisor"),
    29	      Return(Str("NO")),
    30	      )
    31	    Return(Str("YES"))))
+ nl -ba /reference/k-proof/solution-module.k
     1	requires "reference-semantics/semantics/syntax.k"
     2	
     3	module SOLUTION-MODULE-SYNTAX
     4	  imports MPY-SYNTAX
     5	  syntax Module ::= "solutionModule" [function, total]
     6	endmodule
     7	
     8	module SOLUTION-MODULE
     9	  imports SOLUTION-MODULE-SYNTAX
    10	  rule solutionModule
    11	    => Module(
    12	         FuncDef("intersection", Params("interval1", "interval2"),
    13	           Assign(Name("start"), Subscript(Name("interval1"), Int(0)))
    14	           If(Compare(
    15	             Subscript(Name("interval2"), Int(0)),
    16	             CmpOp(">", Name("start"))),
    17	             Assign(Name("start"), Subscript(Name("interval2"), Int(0))),
    18	             .Stmts)
    19	           Assign(Name("end"), Subscript(Name("interval1"), Int(1)))
    20	           If(Compare(
    21	             Subscript(Name("interval2"), Int(1)),
    22	             CmpOp("<", Name("end"))),
    23	             Assign(Name("end"), Subscript(Name("interval2"), Int(1))),
    24	             .Stmts)
    25	           Assign(Name("length"), BinOp("-", Name("end"), Name("start")))
    26	           If(Compare(Name("length"), CmpOp("<", Int(2))),
    27	             Return(Str("NO")),
    28	             .Stmts)
    29	           Assign(Name("divisor"), Int(2))
    30	           Assign(Name("has_divisor"), Bool(false))
    31	           While(Compare(Name("divisor"), CmpOp("<", Name("length"))),
    32	             If(Compare(
    33	               BinOp("%", Name("length"), Name("divisor")),
    34	               CmpOp("==", Int(0))),
    35	               Assign(Name("has_divisor"), Bool(true)),
    36	               .Stmts)
    37	             Assign(Name("divisor"), BinOp("+", Name("divisor"), Int(1))))
    38	           If(Name("has_divisor"),
    39	             Return(Str("NO")),
    40	             .Stmts)
    41	           Return(Str("YES"))))
    42	endmodule
+ nl -ba /reference/k-proof/prove.sh
     1	#!/usr/bin/env bash
     2	set -euo pipefail
     3	
     4	# Generate the exact constructor program and its K source abbreviation.
     5	python3 py2mpy.py solution.py > solution.mpy
     6	python3 make_solution_module.py > solution-module.k
     7	
     8	# Required concrete LLVM execution of the supplied, unmodified semantics.
     9	kompile --backend llvm reference-semantics/semantics.k \
    10	  --main-module MPY-KRUN \
    11	  --syntax-module MPY-SYNTAX \
    12	  --output-definition runtime-kompiled
    13	python3 py2mpy.py smoke.py > smoke.mpy
    14	krun smoke.mpy --definition runtime-kompiled
    15	
    16	# Symbolic proof: all claims, no depth bound.
    17	kompile --backend haskell verification.k \
    18	  --main-module VERIFICATION \
    19	  --syntax-module VERIFICATION-SYNTAX \
    20	  --output-definition verification-kompiled
    21	kprove spec.k \
    22	  --definition verification-kompiled \
    23	  --spec-module SPEC 2>&1 | tee proof.out
    24	
    25	# Ground execution and independent differential evidence.
    26	krun summary-smoke.mpy \
    27	  --definition verification-kompiled \
    28	  --parser ./parse-verification.sh
    29	python3 validate.py
    30	
    31	# Gate A5: a false result claim must be rejected.
    32	set +e
    33	kprove spec-vacuity.k \
    34	  --definition verification-kompiled \
    35	  --spec-module SPEC-VACUITY > vacuity.out 2>&1
    36	vacuity_status=$?
    37	set -e
    38	if [[ $vacuity_status -eq 0 ]]; then
    39	  echo "ERROR: false-postcondition mutation unexpectedly proved" >&2
    40	  exit 1
    41	fi
    42	echo "expected vacuity-probe failure: exit=$vacuity_status"
    43	
    44	# Gate A1: changing the final YES return to NO must invalidate correctness.
    45	python3 make_mutant.py > solution-mutant.py
    46	python3 py2mpy.py solution-mutant.py > solution-mutant.mpy
    47	python3 make_solution_module.py solution-mutant.mpy \
    48	  --constant mutantSolutionModule \
    49	  --prefix MUTANT-SOLUTION-MODULE > mutant-solution-module.k
    50	python3 check_artifacts.py
    51	kompile --backend haskell mutation-verification.k \
    52	  --main-module MUTATION-VERIFICATION \
    53	  --syntax-module MUTATION-VERIFICATION-SYNTAX \
    54	  --output-definition mutation-verification-kompiled
    55	set +e
    56	kprove spec-body-mutation.k \
    57	  --definition mutation-verification-kompiled \
    58	  --spec-module SPEC-BODY-MUTATION > body-mutation.out 2>&1
    59	body_status=$?
    60	set -e
    61	if [[ $body_status -eq 0 ]]; then
    62	  echo "ERROR: body mutation unexpectedly proved" >&2
    63	  exit 1
    64	fi
    65	echo "expected body-mutation failure: exit=$body_status"
    66	
    67	sha256sum \
    68	  prompt.py py2mpy.py solution.py solution.mpy solution-module.k \
    69	  verification.k spec.k reference-semantics/semantics.k
+ nl -ba /reference/k-proof/prompt.py
     1	
     2	def intersection(interval1, interval2):
     3	    """You are given two intervals,
     4	    where each interval is a pair of integers. For example, interval = (start, end) = (1, 2).
     5	    The given intervals are closed which means that the interval (start, end)
     6	    includes both start and end.
     7	    For each given interval, it is assumed that its start is less or equal its end.
     8	    Your task is to determine whether the length of intersection of these two 
     9	    intervals is a prime number.
    10	    Example, the intersection of the intervals (1, 3), (2, 4) is (2, 3)
    11	    which its length is 1, which not a prime number.
    12	    If the length of the intersection is a prime number, return "YES",
    13	    otherwise, return "NO".
    14	    If the two intervals don't intersect, return "NO".
    15	
    16	
    17	    [input/output] samples:
    18	    intersection((1, 2), (2, 3)) ==> "NO"
    19	    intersection((-1, 1), (0, 4)) ==> "NO"
    20	    intersection((-3, -1), (-5, 5)) ==> "YES"
    21	    """
