+ LD_PRELOAD=/tmp/audit-work/proc_exe_compat.so
+ lake env lean BridgeTheorems.lean
BridgeTheorems.lean:12:4: error: Ambiguous term
  «_>=Int_»
Possible interpretations:
  _root_.«_>=Int_» a b : Option SortBool
  
  Proof.«_>=Int_» a b : SortBool
BridgeTheorems.lean:16:4: error: Ambiguous term
  «_<Int_»
Possible interpretations:
  _root_.«_<Int_» a b : Option SortBool
  
  Proof.«_<Int_» a b : SortBool
BridgeTheorems.lean:24:4: error: Ambiguous term
  «_+Int_»
Possible interpretations:
  _root_.«_+Int_» a b : Option SortInt
  
  Proof.«_+Int_» a b : SortInt
+ status=1
+ printf 'BRIDGE_THEOREMS_EXIT=%s\n' 1
BRIDGE_THEOREMS_EXIT=1
+ exit 1
