COMMAND: python3 /audit-output/evidence/semantic_differential.py --krun /usr/bin/krun --program /tmp/audit-work/source/solution.mpy --definition /tmp/audit-work/proof/semantic-llvm-fresh --canonical /reference/canonical.py --generated /tmp/audit-work/source/solution.py --results-out /audit-output/evidence/semantic-results.json
WORKDIR: /tmp/audit-work/tests
--- OUTPUT ---
RUN: /usr/bin/krun /tmp/audit-work/source/solution.mpy --definition /tmp/audit-work/proof/semantic-llvm-fresh -cOPERATIONS=.IntList
krun_exit=0
RESULT: {"operations":[],"k":null,"canonical":false,"generated":false,"match":false}
RUN: /usr/bin/krun /tmp/audit-work/source/solution.mpy --definition /tmp/audit-work/proof/semantic-llvm-fresh '-cOPERATIONS=cons(1, cons(2, cons(3, .IntList)))'
krun_exit=0
RESULT: {"operations":[1,2,3],"k":null,"canonical":false,"generated":false,"match":false}
RUN: /usr/bin/krun /tmp/audit-work/source/solution.mpy --definition /tmp/audit-work/proof/semantic-llvm-fresh '-cOPERATIONS=cons(1, cons(2, cons(-4, cons(5, .IntList))))'
krun_exit=0
RESULT: {"operations":[1,2,-4,5],"k":null,"canonical":true,"generated":true,"match":false}
RUN: /usr/bin/krun /tmp/audit-work/source/solution.mpy --definition /tmp/audit-work/proof/semantic-llvm-fresh '-cOPERATIONS=cons(-1, .IntList)'
krun_exit=0
RESULT: {"operations":[-1],"k":null,"canonical":true,"generated":true,"match":false}
RUN: /usr/bin/krun /tmp/audit-work/source/solution.mpy --definition /tmp/audit-work/proof/semantic-llvm-fresh '-cOPERATIONS=cons(0, .IntList)'
krun_exit=0
RESULT: {"operations":[0],"k":null,"canonical":false,"generated":false,"match":false}
RUN: /usr/bin/krun /tmp/audit-work/source/solution.mpy --definition /tmp/audit-work/proof/semantic-llvm-fresh '-cOPERATIONS=cons(1, .IntList)'
krun_exit=0
RESULT: {"operations":[1],"k":null,"canonical":false,"generated":false,"match":false}
RUN: /usr/bin/krun /tmp/audit-work/source/solution.mpy --definition /tmp/audit-work/proof/semantic-llvm-fresh '-cOPERATIONS=cons(1, cons(-1, .IntList))'
krun_exit=0
RESULT: {"operations":[1,-1],"k":null,"canonical":false,"generated":false,"match":false}
RUN: /usr/bin/krun /tmp/audit-work/source/solution.mpy --definition /tmp/audit-work/proof/semantic-llvm-fresh '-cOPERATIONS=cons(1, cons(-2, .IntList))'
krun_exit=0
RESULT: {"operations":[1,-2],"k":null,"canonical":true,"generated":true,"match":false}
RUN: /usr/bin/krun /tmp/audit-work/source/solution.mpy --definition /tmp/audit-work/proof/semantic-llvm-fresh '-cOPERATIONS=cons(5, cons(-5, .IntList))'
krun_exit=0
RESULT: {"operations":[5,-5],"k":null,"canonical":false,"generated":false,"match":false}
RUN: /usr/bin/krun /tmp/audit-work/source/solution.mpy --definition /tmp/audit-work/proof/semantic-llvm-fresh '-cOPERATIONS=cons(5, cons(-5, cons(-1, .IntList)))'
krun_exit=0
RESULT: {"operations":[5,-5,-1],"k":null,"canonical":true,"generated":true,"match":false}
RUN: /usr/bin/krun /tmp/audit-work/source/solution.mpy --definition /tmp/audit-work/proof/semantic-llvm-fresh '-cOPERATIONS=cons(2, cons(-1, cons(-1, cons(-1, .IntList))))'
krun_exit=0
RESULT: {"operations":[2,-1,-1,-1],"k":null,"canonical":true,"generated":true,"match":false}
RUN: /usr/bin/krun /tmp/audit-work/source/solution.mpy --definition /tmp/audit-work/proof/semantic-llvm-fresh '-cOPERATIONS=cons(10000000000000000000000000000000000000000000000000000000000000000000000000000000000000000000000000000, cons(-10000000000000000000000000000000000000000000000000000000000000000000000000000000000000000000000000000, .IntList))'
krun_exit=0
RESULT: {"operations":[10000000000000000000000000000000000000000000000000000000000000000000000000000000000000000000000000000,-10000000000000000000000000000000000000000000000000000000000000000000000000000000000000000000000000000],"k":null,"canonical":false,"generated":false,"match":false}
RUN: /usr/bin/krun /tmp/audit-work/source/solution.mpy --definition /tmp/audit-work/proof/semantic-llvm-fresh '-cOPERATIONS=cons(10000000000000000000000000000000000000000000000000000000000000000000000000000000000000000000000000000, cons(-10000000000000000000000000000000000000000000000000000000000000000000000000000000000000000000000000001, .IntList))'
krun_exit=0
RESULT: {"operations":[10000000000000000000000000000000000000000000000000000000000000000000000000000000000000000000000000000,-10000000000000000000000000000000000000000000000000000000000000000000000000000000000000000000000000001],"k":null,"canonical":true,"generated":true,"match":false}
cases=13
mismatches=13
--- END OUTPUT ---
EXIT_STATUS: 1
