
$ printf %s len("") | krun /dev/stdin --definition probe-kompiled
<k>
  0 ~> .K
</k>
EXIT_CODE=0

$ printf %s len("a") | krun /dev/stdin --definition probe-kompiled
<k>
  1 ~> .K
</k>
EXIT_CODE=0

$ printf %s len("\U0001F600") | krun /dev/stdin --definition probe-kompiled
<k>
  4 ~> .K
</k>
EXIT_CODE=0

$ printf %s len("e\u0301") | krun /dev/stdin --definition probe-kompiled
<k>
  3 ~> .K
</k>
EXIT_CODE=0

$ printf %s sub("a\U0001F600b",1,2) | krun /dev/stdin --definition probe-kompiled
<k>
  "\xf0" ~> .K
</k>
EXIT_CODE=0

$ printf %s sub("a\U0001F600b",0,3) | krun /dev/stdin --definition probe-kompiled
<k>
  "a\xf0\x9f" ~> .K
</k>
EXIT_CODE=0

$ printf %s sub("abc",0,0) | krun /dev/stdin --definition probe-kompiled
<k>
  "" ~> .K
</k>
EXIT_CODE=0

$ printf %s sub("abc",-1,1) | krun /dev/stdin --definition probe-kompiled
<k>
  "ab" ~> .K
</k>
EXIT_CODE=0

$ printf %s sub("abc",2,1) | krun /dev/stdin --definition probe-kompiled
<k>
  "" ~> .K
</k>
EXIT_CODE=0

$ printf %s sub("abc",0,4) | krun /dev/stdin --definition probe-kompiled
<k>
  "abc" ~> .K
</k>
EXIT_CODE=0

$ printf %s upd(.Map,1,2) | krun /dev/stdin --definition probe-kompiled
<k>
  1 |-> 2 ~> .K
</k>
EXIT_CODE=0

$ printf %s upd(1 |-> 9,1,2) | krun /dev/stdin --definition probe-kompiled
<k>
  1 |-> 2 ~> .K
</k>
EXIT_CODE=0

$ printf %s upd((1 |-> 9) (2 |-> 8),1,2) | krun /dev/stdin --definition probe-kompiled
[Error] Inner Parser: Parse error: unexpected token '(' following token '('.
	Source(/dev/stdin)
	Location(1,5,1,6)
	1 |	
	  .	    ^
[Error] kparse: /usr/bin/kast --output kore --definition probe-kompiled 
/dev/stdin
[Error] krun: kparse --definition probe-kompiled /dev/stdin
EXIT_CODE=113
