COMMAND: python3 /audit-output/evidence/decimal_context_witness.py
DECIMAL_CONTEXT {"Emax": 999999, "Emin": -999999, "precision": 28, "rounding": "ROUND_HALF_EVEN"}
COMMAND: krun /tmp/audit-work/99-closest-integer/source/solution.mpy --definition /tmp/audit-work/99-closest-integer/build/semantic-fresh-kompiled '-cARG=pyStr("9999999999999999999999999999.4")'
<mpy>
  <k>
    .K
  </k>
  <arg>
    pyStr ( "9999999999999999999999999999.4" )
  </arg>
  <env>
    "half" |-> exactNum ( 5 , 10 )
    "number" |-> exactNum ( 99999999999999999999999999994 , 10 )
    "value" |-> pyStr ( "9999999999999999999999999999.4" )
  </env>
  <result>
    pyInt ( 9999999999999999999999999999 )
  </result>
</mpy>
EXIT_STATUS: 0
WITNESS {"decimal_shifted_value": "1.000000000000000000000000000E+28", "exact_fraction_oracle": 9999999999999999999999999999, "input": "9999999999999999999999999999.4", "k_conclusion_is_false_of_real_program": true, "k_result": 9999999999999999999999999999, "python_result": 10000000000000000000000000000, "rule": "S17 exact addition"}
COMMAND: krun /tmp/audit-work/99-closest-integer/source/solution.mpy --definition /tmp/audit-work/99-closest-integer/build/semantic-fresh-kompiled '-cARG=pyStr("-9999999999999999999999999999.4")'
<mpy>
  <k>
    .K
  </k>
  <arg>
    pyStr ( "-9999999999999999999999999999.4" )
  </arg>
  <env>
    "half" |-> exactNum ( 5 , 10 )
    "number" |-> exactNum ( -99999999999999999999999999994 , 10 )
    "value" |-> pyStr ( "-9999999999999999999999999999.4" )
  </env>
  <result>
    pyInt ( -9999999999999999999999999999 )
  </result>
</mpy>
EXIT_STATUS: 0
WITNESS {"decimal_shifted_value": "-1.000000000000000000000000000E+28", "exact_fraction_oracle": -9999999999999999999999999999, "input": "-9999999999999999999999999999.4", "k_conclusion_is_false_of_real_program": true, "k_result": -9999999999999999999999999999, "python_result": -10000000000000000000000000000, "rule": "S18 exact subtraction"}
SUMMARY {"cases": 2, "false_real_program_conclusions": 2}
EXIT_STATUS: 0

COMMAND: cp /audit-output/evidence/unsound-witness-spec.k /tmp/audit-work/99-closest-integer/source/unsound-witness-spec.k
EXIT_STATUS: 0

COMMAND: kprove /tmp/audit-work/99-closest-integer/source/unsound-witness-spec.k --definition /tmp/audit-work/99-closest-integer/build/verification-fresh-kompiled --spec-module UNSOUND-WITNESS-SPEC --claims UNSOUND-WITNESS-SPEC.positive-context-witness
#Top
EXIT_STATUS: 0

COMMAND: kprove /tmp/audit-work/99-closest-integer/source/unsound-witness-spec.k --definition /tmp/audit-work/99-closest-integer/build/verification-fresh-kompiled --spec-module UNSOUND-WITNESS-SPEC --claims UNSOUND-WITNESS-SPEC.negative-context-witness
#Top
EXIT_STATUS: 0

SCRIPT_EXIT_STATUS: 0
