COMMAND: cp /audit-output/evidence/pinning-spec.k /tmp/audit-work/99-closest-integer/source/pinning-spec.k
EXIT_STATUS: 0
COMMAND: kprove /tmp/audit-work/99-closest-integer/source/pinning-spec.k --definition /tmp/audit-work/99-closest-integer/build/verification-fresh-kompiled --spec-module PINNING-SPEC
kore-exec: [204855] Warning (WarnTrivialClaim):
    Claim proven without rewriting at: /tmp/audit-work/99-closest-integer/source/pinning-spec.k:10:5-25:32
#Top
[Warning] Compiler: Variable 'V' defined but not used. Prefix variable name
with underscore if this is intentional.
	Source(/tmp/audit-work/99-closest-integer/source/pinning-spec.k)
	Location(23,11,23,12)
	23 |	    <arg> V:Value </arg>
	   .	          ^
[Warning] Compiler: Variable 'ENV' defined but not used. Prefix variable name
with underscore if this is intentional.
	Source(/tmp/audit-work/99-closest-integer/source/pinning-spec.k)
	Location(24,11,24,14)
	24 |	    <env> ENV:Map </env>
	   .	          ^~~
[Warning] Compiler: Variable 'R' defined but not used. Prefix variable name
with underscore if this is intentional.
	Source(/tmp/audit-work/99-closest-integer/source/pinning-spec.k)
	Location(25,14,25,15)
	25 |	    <result> R:Result </result>
	   .	             ^
EXIT_STATUS: 0
SCRIPT_EXIT_STATUS: 0
