WORKDIR: /audit-output
COMMAND: python3 /audit-output/evidence/differential_test.py
--- OUTPUT BEGIN ---
{
  "canonical": "/reference/canonical.py",
  "case_count": 16324,
  "category_counts": {
    "documented": 2,
    "empty": 1,
    "exhaustive-permutation-length-1": 7,
    "exhaustive-permutation-length-2": 42,
    "exhaustive-permutation-length-3": 209,
    "exhaustive-permutation-length-4": 840,
    "exhaustive-permutation-length-5": 2520,
    "exhaustive-permutation-length-6": 5040,
    "exhaustive-permutation-length-7": 5040,
    "generated-seed-135_2026_07_23": 2463,
    "head-drop-only": 1,
    "large-values": 1,
    "length-2-drop": 1,
    "length-2-increasing": 1,
    "multiple-drops": 1,
    "negative-values": 1,
    "recursion-boundary-decreasing": 1,
    "recursion-boundary-increasing": 151,
    "singleton": 1,
    "tail-drop": 1
  },
  "corpus": "/audit-output/evidence/differential_inputs.jsonl",
  "corpus_sha256": "f76c4c6b94ed7769aea913294c77b54b976f4354dff9345f4578fa202b3be59b",
  "first_20_mismatches": [
    {
      "actual": {
        "kind": "exception",
        "message": "maximum recursion depth exceeded while calling a Python object",
        "type": "RecursionError"
      },
      "category": "recursion-boundary-increasing",
      "expected": {
        "kind": "return",
        "value": -1
      },
      "id": 16269,
      "length": 997,
      "prefix": [
        0,
        1,
        2,
        3,
        4,
        5,
        6,
        7,
        8,
        9,
        10,
        11
      ]
    },
    {
      "actual": {
        "kind": "exception",
        "message": "maximum recursion depth exceeded while calling a Python object",
        "type": "RecursionError"
      },
      "category": "recursion-boundary-increasing",
      "expected": {
        "kind": "return",
        "value": -1
      },
      "id": 16270,
      "length": 998,
      "prefix": [
        0,
        1,
        2,
        3,
        4,
        5,
        6,
        7,
        8,
        9,
        10,
        11
      ]
    },
    {
      "actual": {
        "kind": "exception",
        "message": "maximum recursion depth exceeded while calling a Python object",
        "type": "RecursionError"
      },
      "category": "recursion-boundary-increasing",
      "expected": {
        "kind": "return",
        "value": -1
      },
      "id": 16271,
      "length": 999,
      "prefix": [
        0,
        1,
        2,
        3,
        4,
        5,
        6,
        7,
        8,
        9,
        10,
        11
      ]
    },
    {
      "actual": {
        "kind": "exception",
        "message": "maximum recursion depth exceeded while calling a Python object",
        "type": "RecursionError"
      },
      "category": "recursion-boundary-increasing",
      "expected": {
        "kind": "return",
        "value": -1
      },
      "id": 16272,
      "length": 1000,
      "prefix": [
        0,
        1,
        2,
        3,
        4,
        5,
        6,
        7,
        8,
        9,
        10,
        11
      ]
    },
    {
      "actual": {
        "kind": "exception",
        "message": "maximum recursion depth exceeded while calling a Python object",
        "type": "RecursionError"
      },
      "category": "recursion-boundary-increasing",
      "expected": {
        "kind": "return",
        "value": -1
      },
      "id": 16273,
      "length": 1001,
      "prefix": [
        0,
        1,
        2,
        3,
        4,
        5,
        6,
        7,
        8,
        9,
        10,
        11
      ]
    },
    {
      "actual": {
        "kind": "exception",
        "message": "maximum recursion depth exceeded while calling a Python object",
        "type": "RecursionError"
      },
      "category": "recursion-boundary-increasing",
      "expected": {
        "kind": "return",
        "value": -1
      },
      "id": 16274,
      "length": 1002,
      "prefix": [
        0,
        1,
        2,
        3,
        4,
        5,
        6,
        7,
        8,
        9,
        10,
        11
      ]
    },
    {
      "actual": {
        "kind": "exception",
        "message": "maximum recursion depth exceeded while calling a Python object",
        "type": "RecursionError"
      },
      "category": "recursion-boundary-increasing",
      "expected": {
        "kind": "return",
        "value": -1
      },
      "id": 16275,
      "length": 1003,
      "prefix": [
        0,
        1,
        2,
        3,
        4,
        5,
        6,
        7,
        8,
        9,
        10,
        11
      ]
    },
    {
      "actual": {
        "kind": "exception",
        "message": "maximum recursion depth exceeded while calling a Python object",
        "type": "RecursionError"
      },
      "category": "recursion-boundary-increasing",
      "expected": {
        "kind": "return",
        "value": -1
      },
      "id": 16276,
      "length": 1004,
      "prefix": [
        0,
        1,
        2,
        3,
        4,
        5,
        6,
        7,
        8,
        9,
        10,
        11
      ]
    },
    {
      "actual": {
        "kind": "exception",
        "message": "maximum recursion depth exceeded while calling a Python object",
        "type": "RecursionError"
      },
      "category": "recursion-boundary-increasing",
      "expected": {
        "kind": "return",
        "value": -1
      },
      "id": 16277,
      "length": 1005,
      "prefix": [
        0,
        1,
        2,
        3,
        4,
        5,
        6,
        7,
        8,
        9,
        10,
        11
      ]
    },
    {
      "actual": {
        "kind": "exception",
        "message": "maximum recursion depth exceeded while calling a Python object",
        "type": "RecursionError"
      },
      "category": "recursion-boundary-increasing",
      "expected": {
        "kind": "return",
        "value": -1
      },
      "id": 16278,
      "length": 1006,
      "prefix": [
        0,
        1,
        2,
        3,
        4,
        5,
        6,
        7,
        8,
        9,
        10,
        11
      ]
    },
    {
      "actual": {
        "kind": "exception",
        "message": "maximum recursion depth exceeded while calling a Python object",
        "type": "RecursionError"
      },
      "category": "recursion-boundary-increasing",
      "expected": {
        "kind": "return",
        "value": -1
      },
      "id": 16279,
      "length": 1007,
      "prefix": [
        0,
        1,
        2,
        3,
        4,
        5,
        6,
        7,
        8,
        9,
        10,
        11
      ]
    },
    {
      "actual": {
        "kind": "exception",
        "message": "maximum recursion depth exceeded while calling a Python object",
        "type": "RecursionError"
      },
      "category": "recursion-boundary-increasing",
      "expected": {
        "kind": "return",
        "value": -1
      },
      "id": 16280,
      "length": 1008,
      "prefix": [
        0,
        1,
        2,
        3,
        4,
        5,
        6,
        7,
        8,
        9,
        10,
        11
      ]
    },
    {
      "actual": {
        "kind": "exception",
        "message": "maximum recursion depth exceeded while calling a Python object",
        "type": "RecursionError"
      },
      "category": "recursion-boundary-increasing",
      "expected": {
        "kind": "return",
        "value": -1
      },
      "id": 16281,
      "length": 1009,
      "prefix": [
        0,
        1,
        2,
        3,
        4,
        5,
        6,
        7,
        8,
        9,
        10,
        11
      ]
    },
    {
      "actual": {
        "kind": "exception",
        "message": "maximum recursion depth exceeded while calling a Python object",
        "type": "RecursionError"
      },
      "category": "recursion-boundary-increasing",
      "expected": {
        "kind": "return",
        "value": -1
      },
      "id": 16282,
      "length": 1010,
      "prefix": [
        0,
        1,
        2,
        3,
        4,
        5,
        6,
        7,
        8,
        9,
        10,
        11
      ]
    },
    {
      "actual": {
        "kind": "exception",
        "message": "maximum recursion depth exceeded while calling a Python object",
        "type": "RecursionError"
      },
      "category": "recursion-boundary-increasing",
      "expected": {
        "kind": "return",
        "value": -1
      },
      "id": 16283,
      "length": 1011,
      "prefix": [
        0,
        1,
        2,
        3,
        4,
        5,
        6,
        7,
        8,
        9,
        10,
        11
      ]
    },
    {
      "actual": {
        "kind": "exception",
        "message": "maximum recursion depth exceeded while calling a Python object",
        "type": "RecursionError"
      },
      "category": "recursion-boundary-increasing",
      "expected": {
        "kind": "return",
        "value": -1
      },
      "id": 16284,
      "length": 1012,
      "prefix": [
        0,
        1,
        2,
        3,
        4,
        5,
        6,
        7,
        8,
        9,
        10,
        11
      ]
    },
    {
      "actual": {
        "kind": "exception",
        "message": "maximum recursion depth exceeded while calling a Python object",
        "type": "RecursionError"
      },
      "category": "recursion-boundary-increasing",
      "expected": {
        "kind": "return",
        "value": -1
      },
      "id": 16285,
      "length": 1013,
      "prefix": [
        0,
        1,
        2,
        3,
        4,
        5,
        6,
        7,
        8,
        9,
        10,
        11
      ]
    },
    {
      "actual": {
        "kind": "exception",
        "message": "maximum recursion depth exceeded while calling a Python object",
        "type": "RecursionError"
      },
      "category": "recursion-boundary-increasing",
      "expected": {
        "kind": "return",
        "value": -1
      },
      "id": 16286,
      "length": 1014,
      "prefix": [
        0,
        1,
        2,
        3,
        4,
        5,
        6,
        7,
        8,
        9,
        10,
        11
      ]
    },
    {
      "actual": {
        "kind": "exception",
        "message": "maximum recursion depth exceeded while calling a Python object",
        "type": "RecursionError"
      },
      "category": "recursion-boundary-increasing",
      "expected": {
        "kind": "return",
        "value": -1
      },
      "id": 16287,
      "length": 1015,
      "prefix": [
        0,
        1,
        2,
        3,
        4,
        5,
        6,
        7,
        8,
        9,
        10,
        11
      ]
    },
    {
      "actual": {
        "kind": "exception",
        "message": "maximum recursion depth exceeded while calling a Python object",
        "type": "RecursionError"
      },
      "category": "recursion-boundary-increasing",
      "expected": {
        "kind": "return",
        "value": -1
      },
      "id": 16288,
      "length": 1016,
      "prefix": [
        0,
        1,
        2,
        3,
        4,
        5,
        6,
        7,
        8,
        9,
        10,
        11
      ]
    }
  ],
  "generated": "/tmp/audit-work/135-can-arrange/source/solution.py",
  "mismatch_count": 55,
  "seed": 13520260723
}
--- OUTPUT END ---
EXIT STATUS: 1
