
$ rm -rf /tmp/audit-work/reconstruction/semantic-fresh-kompiled
[exit 0]

$ rm -rf /tmp/audit-work/reconstruction/verification-fresh-kompiled
[exit 0]

$ kompile /tmp/audit-work/reconstruction/semantic.k --backend llvm --main-module MPY --syntax-module MPY-SYNTAX --output-definition /tmp/audit-work/reconstruction/semantic-fresh-kompiled
[exit 0]

$ krun /tmp/audit-work/reconstruction/run-empty.mpy --definition /tmp/audit-work/reconstruction/semantic-fresh-kompiled
<k>
  VList ( [ .Ints ] ) ~> .K
</k>
[exit 0]

$ krun /tmp/audit-work/reconstruction/run-single.mpy --definition /tmp/audit-work/reconstruction/semantic-fresh-kompiled
<k>
  VList ( [ 7 , .Ints ] ) ~> .K
</k>
[exit 0]

$ krun /tmp/audit-work/reconstruction/run-pair.mpy --definition /tmp/audit-work/reconstruction/semantic-fresh-kompiled
<k>
  VList ( [ 7 , 99 , 8 , .Ints ] ) ~> .K
</k>
[exit 0]

$ krun /tmp/audit-work/reconstruction/run-example.mpy --definition /tmp/audit-work/reconstruction/semantic-fresh-kompiled
<k>
  VList ( [ 1 , 4 , 2 , 4 , 3 , .Ints ] ) ~> .K
</k>
[exit 0]

$ krun /tmp/audit-work/reconstruction/run-negative.mpy --definition /tmp/audit-work/reconstruction/semantic-fresh-kompiled
<k>
  VList ( [ -1 , -9 , 2 , -9 , -3 , -9 , 4 , .Ints ] ) ~> .K
</k>
[exit 0]

$ bash -c cd\ /tmp/audit-work/reconstruction\ \&\&\ python3\ -c\ \'import\ solution\;\ cases=\[\(\[\]\,4\)\,\(\[7\]\,99\)\,\(\[7\,8\]\,99\)\,\(\[1\,2\,3\]\,4\)\,\(\[-1\,2\,-3\,4\]\,-9\)\]\;\ print\(\[\(xs\,d\,solution.intersperse\(xs\,d\)\)\ for\ xs\,d\ in\ cases\]\)\'
[([], 4, []), ([7], 99, [7]), ([7, 8], 99, [7, 99, 8]), ([1, 2, 3], 4, [1, 4, 2, 4, 3]), ([-1, 2, -3, 4], -9, [-1, -9, 2, -9, -3, -9, 4])]
[exit 0]

$ kompile /tmp/audit-work/reconstruction/verification.k --backend haskell --main-module VERIFICATION --syntax-module MPY-SYNTAX --output-definition /tmp/audit-work/reconstruction/verification-fresh-kompiled
[exit 0]

$ kprove /tmp/audit-work/reconstruction/spec.k --definition /tmp/audit-work/reconstruction/verification-fresh-kompiled --spec-module SPEC
#Top
[exit 0]
