COMMAND: bash -lc set\ -euo\ pipefail\;\ awk\ \'BEGIN\ \{\ label\[1\]=\"audit-empty\"\;\ label\[2\]=\"audit-one-alpha\"\;\ label\[3\]=\"audit-one-nonalpha\"\;\ label\[4\]=\"audit-long-true\"\;\ label\[5\]=\"audit-long-last-nonalpha\"\;\ label\[6\]=\"audit-long-prev-nonspace\"\ \}\ \$0\ ==\ \"\ \ claim\"\ \{\ n++\;\ print\ \"\ \ claim\ \[\"\ label\[n\]\ \"\]:\"\;\ next\ \}\ \{\ print\ \}\ END\ \{\ if\ \(n\ \!=\ 6\)\ exit\ 65\ \}\'\ spec.k\ \>\ spec-labeled.k\;\ diff\ -u\ spec.k\ spec-labeled.k\ \|\|\ test\ \$\?\ -eq\ 1\;\ cp\ spec-labeled.k\ /audit-output/evidence/spec-labeled.k\;\ grep\ -n\ \"claim\ \\\[\"\ spec-labeled.k
EXIT_STATUS: 0
OUTPUT_BEGIN
--- spec.k	2026-07-23 06:35:14.922951537 -0500
+++ spec-labeled.k	2026-07-24 05:33:11.888415117 -0500
@@ -4,7 +4,7 @@
   imports VERIFICATION
 
   // Empty string.
-  claim
+  claim [audit-empty]:
     <k> #checkIfLastChar(str(.IntSeq)) => false </k>
     <env> 0 </env>
     <scopes>
@@ -20,7 +20,7 @@
     <exit-code> 0 </exit-code>
 
   // One-character strings.
-  claim
+  claim [audit-one-alpha]:
     <k> #checkIfLastChar(str(iCons(C:Int, .IntSeq))) => true </k>
     <env> 0 </env>
     <scopes>
@@ -36,7 +36,7 @@
     <exit-code> 0 </exit-code>
     requires isAlphaC(C)
 
-  claim
+  claim [audit-one-nonalpha]:
     <k> #checkIfLastChar(str(iCons(C:Int, .IntSeq))) => false </k>
     <env> 0 </env>
     <scopes>
@@ -54,7 +54,7 @@
 
   // Strings of length at least two: PREV is the character immediately before
   // LAST.  PREFIX remains completely symbolic.
-  claim
+  claim [audit-long-true]:
     <k>
       #checkIfLastChar(
         str(seqConcat(PREFIX:IntSeq,
@@ -77,7 +77,7 @@
          andBool isAlphaC(LAST)
          andBool PREV ==Int 32
 
-  claim
+  claim [audit-long-last-nonalpha]:
     <k>
       #checkIfLastChar(
         str(seqConcat(PREFIX:IntSeq,
@@ -99,7 +99,7 @@
     requires isLen(PREFIX) >=Int 0
          andBool notBool isAlphaC(LAST)
 
-  claim
+  claim [audit-long-prev-nonspace]:
     <k>
       #checkIfLastChar(
         str(seqConcat(PREFIX:IntSeq,
7:  claim [audit-empty]:
23:  claim [audit-one-alpha]:
39:  claim [audit-one-nonalpha]:
57:  claim [audit-long-true]:
80:  claim [audit-long-last-nonalpha]:
102:  claim [audit-long-prev-nonspace]:
OUTPUT_END
