<generatedTop>
  <k>
    .K
  </k>
  <env>
    0
  </env>
  <scopes>
    -1 |-> scope ( "abs" |-> builtinV ( "abs" )
    "all" |-> builtinV ( "all" )
    "any" |-> builtinV ( "any" )
    "bin" |-> builtinV ( "bin" )
    "chr" |-> builtinV ( "chr" )
    "enumerate" |-> builtinV ( "enumerate" )
    "eval" |-> builtinV ( "eval" )
    "float" |-> typeV ( "float" )
    "int" |-> typeV ( "int" )
    "isinstance" |-> builtinV ( "isinstance" )
    "len" |-> builtinV ( "len" )
    "list" |-> builtinV ( "list" )
    "map" |-> builtinV ( "map" )
    "max" |-> builtinV ( "max" )
    "min" |-> builtinV ( "min" )
    "ord" |-> builtinV ( "ord" )
    "range" |-> builtinV ( "range" )
    "round" |-> builtinV ( "round" )
    "set" |-> builtinV ( "set" )
    "sorted" |-> builtinV ( "sorted" )
    "str" |-> typeV ( "str" )
    "sum" |-> builtinV ( "sum" )
    "zip" |-> builtinV ( "zip" ) , root )
    0 |-> scope ( "fib4" |-> closureVal ( "n" , .ParamNames , If ( Compare ( Name ( "n" ) , CmpOp ( "==" , Int ( 0 ) ) ) , Return ( Int ( 0 ) )  .Stmts , .Stmts )  If ( Compare ( Name ( "n" ) , CmpOp ( "==" , Int ( 1 ) ) ) , Return ( Int ( 0 ) )  .Stmts , .Stmts )  If ( Compare ( Name ( "n" ) , CmpOp ( "==" , Int ( 2 ) ) ) , Return ( Int ( 2 ) )  .Stmts , .Stmts )  If ( Compare ( Name ( "n" ) , CmpOp ( "==" , Int ( 3 ) ) ) , Return ( Int ( 0 ) )  .Stmts , .Stmts )  Assign ( Name ( "a" ) , Int ( 0 ) )  Assign ( Name ( "b" ) , Int ( 0 ) )  Assign ( Name ( "c" ) , Int ( 2 ) )  Assign ( Name ( "d" ) , Int ( 0 ) )  Assign ( Name ( "next_value" ) , Int ( 0 ) )  Assign ( Name ( "i" ) , Int ( 4 ) )  While ( Compare ( Name ( "i" ) , CmpOp ( "<=" , Name ( "n" ) ) ) , Assign ( Name ( "next_value" ) , BinOp ( "+" , BinOp ( "+" , BinOp ( "+" , Name ( "a" ) , Name ( "b" ) ) , Name ( "c" ) ) , Name ( "d" ) ) )  Assign ( Name ( "a" ) , Name ( "b" ) )  Assign ( Name ( "b" ) , Name ( "c" ) )  Assign ( Name ( "c" ) , Name ( "d" ) )  Assign ( Name ( "d" ) , Name ( "next_value" ) )  Assign ( Name ( "i" ) , BinOp ( "+" , Name ( "i" ) , Int ( 1 ) ) )  .Stmts )  Return ( Name ( "d" ) )  .Stmts , 0 ) , parent ( -1 ) )
  </scopes>
  <scopeLoc>
    1
  </scopeLoc>
  <heap>
    .Map
  </heap>
  <heapLoc>
    0
  </heapLoc>
  <stack>
    .List
  </stack>
  <ret>
    noRet
  </ret>
  <exc>
    NoExc
  </exc>
  <exit-code>
    0
  </exit-code>
</generatedTop>
[exit 0]
