COMMAND: python3 /audit-output/evidence/constructor_compare.py
function_name_is_sort_even=True
parameter_constructor_is_l=True
loop_body_constructor_equal=True
expanded_function_body_constructor_equal=True
closure_rule_exact=True
entry_scope_binds_sort_even_closure=True
entry_k_calls_sort_even_on_symbolic_list=True
entry_result_is_constrained_summary=True
source_body_normalized=Assign(Name("evens"),Call(Name("sorted"),Subscript(Name("l"),Slice(NoBound,NoBound,Int(2)))))Assign(Name("odds"),Subscript(Name("l"),Slice(Int(1),NoBound,Int(2))))Assign(Name("result"),ListExpr())Assign(Name("i"),Int(0))Assign(Name("odd"),Int(0))For(Name("odd"),Name("odds"),Expr(Call(Attribute(Name("result"),"append"),Subscript(Name("evens"),Name("i"))))Expr(Call(Attribute(Name("result"),"append"),Name("odd")))AugAssign(Name("i"),"+",Int(1)))Return(BinOp("+",Name("result"),Subscript(Name("evens"),Slice(Call(Name("len"),Name("odds")),NoBound,NoBound))))
proof_body_expanded_normalized=Assign(Name("evens"),Call(Name("sorted"),Subscript(Name("l"),Slice(NoBound,NoBound,Int(2)))))Assign(Name("odds"),Subscript(Name("l"),Slice(Int(1),NoBound,Int(2))))Assign(Name("result"),ListExpr())Assign(Name("i"),Int(0))Assign(Name("odd"),Int(0))For(Name("odd"),Name("odds"),Expr(Call(Attribute(Name("result"),"append"),Subscript(Name("evens"),Name("i"))))Expr(Call(Attribute(Name("result"),"append"),Name("odd")))AugAssign(Name("i"),"+",Int(1)))Return(BinOp("+",Name("result"),Subscript(Name("evens"),Slice(Call(Name("len"),Name("odds")),NoBound,NoBound))))
source_loop_body_normalized=Expr(Call(Attribute(Name("result"),"append"),Subscript(Name("evens"),Name("i"))))Expr(Call(Attribute(Name("result"),"append"),Name("odd")))AugAssign(Name("i"),"+",Int(1))
proof_loop_body_normalized=Expr(Call(Attribute(Name("result"),"append"),Subscript(Name("evens"),Name("i"))))Expr(Call(Attribute(Name("result"),"append"),Name("odd")))AugAssign(Name("i"),"+",Int(1))
CHECK_COUNT=8
FAILURE_COUNT=0
CONSTRUCTOR_COMPARE_EXIT_STATUS: 0
COMMAND: python3 /audit-output/evidence/summary_witnesses.py
{"all_equal": true, "formal_summary_components": {"assembledEvenSort": [], "evenIndices": [], "evenSuffix": [], "oddIndices": [], "pairedVS": [], "sortVS_interpreted_as_sorted": []}, "generated_python": [], "input": [], "trusted_canonical": []}
{"all_equal": true, "formal_summary_components": {"assembledEvenSort": [7], "evenIndices": [7], "evenSuffix": [7], "oddIndices": [], "pairedVS": [], "sortVS_interpreted_as_sorted": [7]}, "generated_python": [7], "input": [7], "trusted_canonical": [7]}
{"all_equal": true, "formal_summary_components": {"assembledEvenSort": [3, 6, 5, 4], "evenIndices": [5, 3], "evenSuffix": [], "oddIndices": [6, 4], "pairedVS": [3, 6, 5, 4], "sortVS_interpreted_as_sorted": [3, 5]}, "generated_python": [3, 6, 5, 4], "input": [5, 6, 3, 4], "trusted_canonical": [3, 6, 5, 4]}
{"all_equal": true, "formal_summary_components": {"assembledEvenSort": [0, -1, 3, -2, 3, -3, 9], "evenIndices": [9, 3, 3, 0], "evenSuffix": [9], "oddIndices": [-1, -2, -3], "pairedVS": [0, -1, 3, -2, 3, -3], "sortVS_interpreted_as_sorted": [0, 3, 3, 9]}, "generated_python": [0, -1, 3, -2, 3, -3, 9], "input": [9, -1, 3, -2, 3, -3, 0], "trusted_canonical": [0, -1, 3, -2, 3, -3, 9]}
WITNESS_COUNT=4
FAILURE_COUNT=0
SUMMARY_WITNESS_EXIT_STATUS: 0
