kore-exec: [123734300] Error (ErrorException):
    Error: missing hook
    Symbol
        LblminFloat'LParUndsCommUndsRParUnds'FLOAT'Unds'Float'Unds'Float'Unds'Float{}
    declared with attribute
        hook{}("FLOAT.min")
    We don't recognize that hook and it was not given any rules.
    Please open a feature request at
        https://github.com/runtimeverification/haskell-backend/issues
    and include the text of this message.
    Workaround: Give rules for LblminFloat'LParUndsCommUndsRParUnds'FLOAT'Unds'Float'Unds'Float'Unds'Float{}
    CallStack (from HasCallStack):
      error, called at src/Kore/Rewrite/Function/Evaluator.hs:377:6 in kore-0.1.135-Bst8kTB987yGcf9tKPmZ1C:Kore.Rewrite.Function.Evaluator
Error: missing hook
Symbol
    LblminFloat'LParUndsCommUndsRParUnds'FLOAT'Unds'Float'Unds'Float'Unds'Float{}
declared with attribute
    hook{}("FLOAT.min")
We don't recognize that hook and it was not given any rules.
Please open a feature request at
    https://github.com/runtimeverification/haskell-backend/issues
and include the text of this message.
Workaround: Give rules for LblminFloat'LParUndsCommUndsRParUnds'FLOAT'Unds'Float'Unds'Float'Unds'Float{}
CallStack (from HasCallStack):
  error, called at src/Kore/Rewrite/Function/Evaluator.hs:377:6 in kore-0.1.135-Bst8kTB987yGcf9tKPmZ1C:Kore.Rewrite.Function.Evaluator
Created bug report: kore-exec.tar.gz
  #Not ( {
    sliceIS ( AS , someB ( IV ) , someB ( IV +Int L ) , noB )
  #Equals
    sliceIS ( PS , someB ( J ) , someB ( J +Int L ) , noB )
  } )
#And
  <generatedTop>
    <k>
      #minAccF ( R , minFloat ( M , project:Float ( V:Val ~> .K ) ) ) ~> _DotVar2 ~> .K
    </k>
    <env>
      0
    </env>
    <scopes>
      SREST
    </scopes>
    <scopeLoc>
      1
    </scopeLoc>
    <heap>
      _Gen4
    </heap>
    <heapLoc>
      _Gen5
    </heapLoc>
    <stack>
      STK
    </stack>
    <ret>
      noRet
    </ret>
    <exc>
      NoExc
    </exc>
    <exit-code>
      0
    </exit-code>
  </generatedTop>
#And
  {
    CONT
  #Equals
    #whileCond ( _C , _B ) ~> #iterYield ( V , R ) ~> #minContF ( M ) ~> _DotVar2 ~> .K
  }
#And
  {
    _DotVar1
  #Equals
    #iterYield ( V , R ) ~> #minContF ( M ) ~> _DotVar2 ~> .K
  }
#And
  {
    false
  #Equals
    1 in_keys ( SREST )
  }
#And
  {
    false
  #Equals
    "a" in_keys ( ?_Gen2 )
  }
#And
  {
    false
  #Equals
    "l" in_keys ( ?_Gen2 )
  }
#And
  {
    false
  #Equals
    "pat" in_keys ( ?_Gen2 )
  }
#And
  {
    false
  #Equals
    anyI ( AS , PS , I2 , IHI2 , L +Int 1 , L )
  }
#And
  {
    false
  #Equals
    anyJ ( AS , PS , IV , J +Int 1 , JHI , L )
  }
#And
  {
    true
  #Equals
    I2 >=Int 0
  }
#And
  {
    true
  #Equals
    IV >=Int 0
  }
#And
  {
    true
  #Equals
    J +Int 1 >=Int 0
  }
#And
  {
    true
  #Equals
    J <Int JHI
  }
#And
  {
    true
  #Equals
    J >=Int 0
  }
#And
  {
    true
  #Equals
    anyJ ( AS , PS , IV , J , JHI , L )
  }
#And
  {
    true
  #Equals
    isFloat ( V:Val ~> .K )
  }
[Warning] Compiler: Variable 'I2' defined but not used. Prefix variable name
with underscore if this is intentional.
	Source(/home/yuqing/Documents/Code/klever/verification/humaneval/questions/154-cycpattern-check/spec.k)
	Location(23,59,23,61)
	23 |	            .Stmts)) ~> .Stmts ~> #loopLbl(#loop(rangeObj(I2:Int,
IHI2:Int, 1), Name("i"),
	   .	                                                          ^~
[Warning] Compiler: Variable 'IHI2' defined but not used. Prefix variable name
with underscore if this is intentional.
	Source(/home/yuqing/Documents/Code/klever/verification/humaneval/questions/154-cycpattern-check/spec.k)
	Location(23,67,23,71)
	23 |	            .Stmts)) ~> .Stmts ~> #loopLbl(#loop(rangeObj(I2:Int,
IHI2:Int, 1), Name("i"),
	   .	                                                                  ^~~~
[Warning] Compiler: Variable 'BS' defined but not used. Prefix variable name
with underscore if this is intentional.
	Source(/home/yuqing/Documents/Code/klever/verification/humaneval/questions/154-cycpattern-check/spec.k)
	Location(33,71,33,73)
	33 |	    <scopes> (1 |-> scope(.Map [ "a" <- str(AS:IntSeq) ] [ "b" <-
str(BS:IntSeq) ] [ "l" <- L:Int ] [ "pat" <- str(PS:IntSeq) ] [ "i" <- IV:Int
], parent(0))) SREST:Map => SREST </scopes>
	   .	                                                                      ^~
[Warning] Compiler: Variable 'I2' defined but not used. Prefix variable name
with underscore if this is intentional.
	Source(/home/yuqing/Documents/Code/klever/verification/humaneval/questions/154-cycpattern-check/spec.k)
	Location(49,59,49,61)
	49 |	            .Stmts)) ~> .Stmts ~> #loopLbl(#loop(rangeObj(I2:Int,
IHI2:Int, 1), Name("i"),
	   .	                                                          ^~
[Warning] Compiler: Variable 'IHI2' defined but not used. Prefix variable name
with underscore if this is intentional.
	Source(/home/yuqing/Documents/Code/klever/verification/humaneval/questions/154-cycpattern-check/spec.k)
	Location(49,67,49,71)
	49 |	            .Stmts)) ~> .Stmts ~> #loopLbl(#loop(rangeObj(I2:Int,
IHI2:Int, 1), Name("i"),
	   .	                                                                  ^~~~
[Warning] Compiler: Variable 'BS' defined but not used. Prefix variable name
with underscore if this is intentional.
	Source(/home/yuqing/Documents/Code/klever/verification/humaneval/questions/154-cycpattern-check/spec.k)
	Location(59,71,59,73)
	59 |	    <scopes> (1 |-> scope(.Map [ "a" <- str(AS:IntSeq) ] [ "b" <-
str(BS:IntSeq) ] [ "l" <- L:Int ] [ "pat" <- str(PS:IntSeq) ] [ "i" <- IV:Int ]
[ "j" <- _:Val ], parent(0))) SREST:Map => SREST </scopes>
	   .	                                                                      ^~
[Warning] Compiler: Variable 'BS' defined but not used. Prefix variable name
with underscore if this is intentional.
	Source(/home/yuqing/Documents/Code/klever/verification/humaneval/questions/154-cycpattern-check/spec.k)
	Location(123,71,123,73)
	123 |	    <scopes> (1 |-> scope(.Map [ "a" <- str(AS:IntSeq) ] [ "b" <-
str(BS:IntSeq) ] [ "l" <- L:Int ] [ "pat" <- str(PS:IntSeq) ], parent(0)))
SREST:Map => SREST </scopes>
	    .	                                                                      ^~
[Warning] Compiler: Variable 'BS' defined but not used. Prefix variable name
with underscore if this is intentional.
	Source(/home/yuqing/Documents/Code/klever/verification/humaneval/questions/154-cycpattern-check/spec.k)
	Location(143,71,143,73)
	143 |	    <scopes> (1 |-> scope(.Map [ "a" <- str(AS:IntSeq) ] [ "b" <-
str(BS:IntSeq) ] [ "l" <- L:Int ] [ "pat" <- str(PS:IntSeq) ] [ "i" <- _:Val ]
[ "j" <- _:Val ], parent(0))) SREST:Map => SREST </scopes>
	    .	                                                                      ^~
[Warning] Compiler: Variable 'M' defined but not used. Prefix variable name
with underscore if this is intentional.
	Source(/home/yuqing/Documents/Code/klever/verification/humaneval/reference/src/lemmas/heap.k)
	Location(44,9,44,10)
	44 |	  rule (M:Map [ K:KItem <- V:KItem ]) [ K ] => V [simplification]
	   .	        ^
[Warning] Compiler: Variable 'M' defined but not used. Prefix variable name
with underscore if this is intentional.
	Source(/home/yuqing/Documents/Code/klever/verification/humaneval/reference/src/lemmas/heap.k)
	Location(47,25,47,26)
	47 |	  rule K1:KItem in_keys(M:Map [ K2:KItem <- _:KItem ]) => true
	   .	                        ^
[Warning] Compiler: Variable 'M' defined but not used. Prefix variable name
with underscore if this is intentional.
	Source(/home/yuqing/Documents/Code/klever/verification/humaneval/reference/src/lemmas/heap.k)
	Location(51,33,51,34)
	51 |	  rule ((K2:KItem |-> V2:KItem) M:Map) [ K1:KItem ] => V2
	   .	                                ^
[Warning] Compiler: Variable 'M' defined but not used. Prefix variable name
with underscore if this is intentional.
	Source(/home/yuqing/Documents/Code/klever/verification/humaneval/reference/src/lemmas/heap.k)
	Location(55,48,55,49)
	55 |	  rule K1:KItem in_keys((K2:KItem |-> _:KItem) M:Map) => true
	   .	                                               ^
[Warning] Compiler: Variable 'As' defined but not used. Prefix variable name
with underscore if this is intentional.
	Source(/home/yuqing/Documents/Code/klever/verification/humaneval/reference/src/semantics/str.k)
	Location(52,27,52,29)
	52 |	  rule strLt(iCons(A:Int, As:IntSeq), iCons(B:Int, Bs:IntSeq)) => true   
      requires A  <Int B
	   .	                          ^~
[Warning] Compiler: Variable 'Bs' defined but not used. Prefix variable name
with underscore if this is intentional.
	Source(/home/yuqing/Documents/Code/klever/verification/humaneval/reference/src/semantics/str.k)
	Location(52,52,52,54)
	52 |	  rule strLt(iCons(A:Int, As:IntSeq), iCons(B:Int, Bs:IntSeq)) => true   
      requires A  <Int B
	   .	                                                   ^~
[Warning] Compiler: Variable 'As' defined but not used. Prefix variable name
with underscore if this is intentional.
	Source(/home/yuqing/Documents/Code/klever/verification/humaneval/reference/src/semantics/str.k)
	Location(53,27,53,29)
	53 |	  rule strLt(iCons(A:Int, As:IntSeq), iCons(B:Int, Bs:IntSeq)) => false  
      requires A  >Int B
	   .	                          ^~
[Warning] Compiler: Variable 'Bs' defined but not used. Prefix variable name
with underscore if this is intentional.
	Source(/home/yuqing/Documents/Code/klever/verification/humaneval/reference/src/semantics/str.k)
	Location(53,52,53,54)
	53 |	  rule strLt(iCons(A:Int, As:IntSeq), iCons(B:Int, Bs:IntSeq)) => false  
      requires A  >Int B
	   .	                                                   ^~
[Error] Prover: backend terminated because the configuration cannot be
rewritten further. See output for more details.
