Script started on 2026-07-23 06:42:49-05:00 [<not executed on terminal>]
$ python3 /tmp/audit-work/reference/py2mpy.py /tmp/audit-work/candidate-src/solution.py > /tmp/audit-work/candidate-src/solution.regenerated.mpy
[exit 0]
$ cmp -s /tmp/audit-work/candidate-src/solution.regenerated.mpy /tmp/audit-work/candidate-src/solution.mpy
[exit 0]
$ sha256sum /tmp/audit-work/candidate-src/solution.regenerated.mpy /tmp/audit-work/candidate-src/solution.mpy
f34d90ab871c6106c87ea64aa17e5ae4da5bfd5e86ca7ce805959554f8ae8620  /tmp/audit-work/candidate-src/solution.regenerated.mpy
f34d90ab871c6106c87ea64aa17e5ae4da5bfd5e86ca7ce805959554f8ae8620  /tmp/audit-work/candidate-src/solution.mpy
[exit 0]
$ diff -u /tmp/audit-work/candidate-src/solution.regenerated.mpy /tmp/audit-work/candidate-src/solution.mpy
[exit 0]
$ nl -ba /tmp/audit-work/reference/prompt.py
     1	
     2	
     3	def flip_case(string: str) -> str:
     4	    """ For a given string, flip lowercase characters to uppercase and uppercase to lowercase.
     5	    >>> flip_case('Hello')
     6	    'hELLO'
     7	    """
[exit 0]
$ nl -ba /tmp/audit-work/reference/canonical.py
     1	# canonical.py — the UNMODIFIED HumanEval/27 reference solution (from the dataset).
     2	# Co-located with solution.py (the proof rewrite) to make the original<->rewrite link
     3	# explicit & auditable.  entry point: flip_case
     4	
     5	
     6	
     7	def flip_case(string: str) -> str:
     8	    """ For a given string, flip lowercase characters to uppercase and uppercase to lowercase.
     9	    >>> flip_case('Hello')
    10	    'hELLO'
    11	    """
    12	    return string.swapcase()
[exit 0]
$ nl -ba /tmp/audit-work/candidate-src/solution.py
     1	def flip_case(string: str) -> str:
     2	    return string.swapcase()
[exit 0]
$ nl -ba /tmp/audit-work/candidate-src/solution.mpy
     1	Module(
     2	  FuncDef("flip_case", Params("string"),
     3	    Return(Call(Attribute(Name("string"), "swapcase"), ))))
[exit 0]

Script done on 2026-07-23 06:42:49-05:00 [COMMAND_EXIT_CODE="0"]
