FILE /candidate/semantic.k
1:module MPY-SYNTAX
2:  imports INT-SYNTAX
3:  imports STRING-SYNTAX
5:  syntax Program ::= "Module" "(" Stmts ")" [symbol(Module)]
7:  syntax Stmts ::= Stmt
10:  syntax Stmt ::= "FuncDef" "(" String "," Params "," Stmts ")" [symbol(FuncDef)]
14:  syntax Params ::= "Params" "(" String "," String ")" [symbol(Params)]
16:  syntax Expr ::= "Int" "(" Int ")" [symbol(IntLiteral)]
23:endmodule
25:module MPY-SEMANTIC
26:  imports MPY-SYNTAX
27:  imports INT
28:  imports BOOL
29:  imports STRING
30:  imports MAP
32:  syntax PyValue ::= "VInt" "(" Int ")" [symbol(VInt)]
40:  syntax Expr ::= PyValue
41:  syntax KResult ::= PyValue
43:  syntax Function ::= "function" "(" String "," String "," Stmts ")" [symbol(function)]
45:  syntax KItem ::= "exec" "(" Stmts ")" [symbol(exec)]
51:  configuration
58:  rule <k> Module(SS:Stmts) => exec(SS) ... </k>
60:  rule exec(S:Stmt SS:Stmts) => exec(S) ~> exec(SS)
61:  rule exec(S:Stmt) => S
63:  rule <k> FuncDef(F:String, Params(P1:String, P2:String), BODY:Stmts) => .K ... </k>
66:  rule <k> Assign(Name(X:String), E:Expr) => E ~> setVar(X) ... </k>
67:  rule <k> V:PyValue ~> setVar(X:String) => .K ... </k>
70:  rule Return(E:Expr) => E
72:  rule <k> invokeFruit(A:Int, O:Int, N:Int) => exec(BODY) ~> finishCall ... </k>
76:  rule <k> invokeString(S:String, N:Int) => exec(BODY) ~> finishCall ... </k>
80:  rule <k> V:PyValue ~> finishCall => V ... </k>
84:  rule <k> Name(X:String) => V ... </k>
86:  rule Name("int") => VBuiltinInt
87:  rule Int(I:Int) => VInt(I)
89:  rule Attribute(V:PyValue, "split") => VSplit(V)
91:  rule Call(VSplit(VFruits(A:Int, O:Int)), )
94:  syntax Int ::= spaceAt(String, Int) [function]
96:  rule spaceAt(S, 0) => findString(S, " ", 0)
97:  rule spaceAt(S, I) => nextSpace(S, spaceAt(S, I -Int 1) +Int 1)
98:    requires I >Int 0
100:  rule nextSpace(S, START) => START +Int findString(S, " ", START)
102:  rule Call(VSplit(VStr(S:String)), )
110:  rule Subscript(VWords(V0, _, _, _, _), VInt(0)) => V0
111:  rule Subscript(VWords(_, _, _, V3, _), VInt(3)) => V3
113:  rule Call(VBuiltinInt, VInt(I:Int)) => VInt(I)
114:  rule Call(VBuiltinInt, VNum(I:Int)) => VInt(I)
115:  rule Call(VBuiltinInt, VStr(S:String)) => VInt(String2Int(S))
117:  rule BinOp("-", VInt(I), VInt(J)) => VInt(I -Int J)
118:endmodule
FILE /candidate/verification.k
1:requires "semantic.k"
3:module VERIFICATION
4:  imports MPY-SEMANTIC
8:  syntax Program ::= "solutionProgram" [macro]
9:  rule solutionProgram =>
22:  syntax KItem ::= "runFruit" "(" Program "," Int "," Int "," Int ")"
25:  rule runFruit(P:Program, A:Int, O:Int, N:Int)
28:  rule runString(P:Program, S:String, N:Int)
30:endmodule
FILE /candidate/spec.k
1:requires "verification.k"
3:module SPEC
4:  imports VERIFICATION
9:  claim
18:    requires (A >=Int 0) andBool (O >=Int 0) andBool (N >=Int A +Int O)
20:  claim
27:  claim
34:  claim
41:  claim
47:endmodule
ATTRIBUTE INVENTORY
/candidate/semantic.k:5:  syntax Program ::= "Module" "(" Stmts ")" [symbol(Module)]
/candidate/semantic.k:8:                 | Stmt Stmts [symbol(StmtSeq)]
/candidate/semantic.k:10:  syntax Stmt ::= "FuncDef" "(" String "," Params "," Stmts ")" [symbol(FuncDef)]
/candidate/semantic.k:11:                | "Assign" "(" Expr "," Expr ")" [symbol(Assign)]
/candidate/semantic.k:12:                | "Return" "(" Expr ")" [symbol(Return)]
/candidate/semantic.k:14:  syntax Params ::= "Params" "(" String "," String ")" [symbol(Params)]
/candidate/semantic.k:16:  syntax Expr ::= "Int" "(" Int ")" [symbol(IntLiteral)]
/candidate/semantic.k:17:                | "Name" "(" String ")" [symbol(Name)]
/candidate/semantic.k:18:                | "Attribute" "(" Expr "," String ")" [symbol(Attribute), strict(1)]
/candidate/semantic.k:19:                | "Call" "(" Expr "," ")" [symbol(Call0), strict(1)]
/candidate/semantic.k:20:                | "Call" "(" Expr "," Expr ")" [symbol(Call1), seqstrict(1,2)]
/candidate/semantic.k:21:                | "Subscript" "(" Expr "," Expr ")" [symbol(Subscript), seqstrict(1,2)]
/candidate/semantic.k:22:                | "BinOp" "(" String "," Expr "," Expr ")" [symbol(BinOp), seqstrict(2,3)]
/candidate/semantic.k:32:  syntax PyValue ::= "VInt" "(" Int ")" [symbol(VInt)]
/candidate/semantic.k:33:                   | "VStr" "(" String ")" [symbol(VStr)]
/candidate/semantic.k:34:                   | "VNum" "(" Int ")" [symbol(VNum)]
/candidate/semantic.k:35:                   | "VFruits" "(" Int "," Int ")" [symbol(VFruits)]
/candidate/semantic.k:36:                   | "VWords" "(" PyValue "," PyValue "," PyValue "," PyValue "," PyValue ")" [symbol(VWords)]
/candidate/semantic.k:37:                   | "VSplit" "(" PyValue ")" [symbol(VSplit)]
/candidate/semantic.k:38:                   | "VBuiltinInt" [symbol(VBuiltinInt)]
/candidate/semantic.k:43:  syntax Function ::= "function" "(" String "," String "," Stmts ")" [symbol(function)]
/candidate/semantic.k:45:  syntax KItem ::= "exec" "(" Stmts ")" [symbol(exec)]
/candidate/semantic.k:46:                 | "setVar" "(" String ")" [symbol(setVar)]
/candidate/semantic.k:47:                 | "finishCall" [symbol(finishCall)]
/candidate/semantic.k:48:                 | "invokeFruit" "(" Int "," Int "," Int ")" [symbol(invokeFruit)]
/candidate/semantic.k:49:                 | "invokeString" "(" String "," Int ")" [symbol(invokeString)]
/candidate/semantic.k:64:       <functions> FS => FS [ F <- function(P1, P2, BODY) ] </functions>
/candidate/semantic.k:94:  syntax Int ::= spaceAt(String, Int) [function]
/candidate/semantic.k:95:               | nextSpace(String, Int) [function]
/candidate/verification.k:8:  syntax Program ::= "solutionProgram" [macro]
OPAQUE/FRESH SYMBOL SEARCH
/candidate/spec.k:1:requires "verification.k"
/candidate/spec.k:3:module SPEC
/candidate/spec.k:4:  imports VERIFICATION
/candidate/spec.k:6:  // Every valid fruit description is represented by VFruits(A, O).  The
/candidate/spec.k:7:  // implementation must return the unallocated fruit count for arbitrary
/candidate/spec.k:8:  // nonnegative counts whose sum does not exceed the basket total.
/candidate/spec.k:9:  claim
/candidate/spec.k:10:    <py>
/candidate/spec.k:11:      <k>
/candidate/spec.k:12:        solutionProgram ~> invokeFruit(A:Int, O:Int, N:Int)
/candidate/spec.k:13:        => VInt(N -Int A -Int O)
/candidate/spec.k:14:      </k>
/candidate/spec.k:15:      <functions> .Map </functions>
/candidate/spec.k:16:      <env> .Map </env>
/candidate/spec.k:17:    </py>
/candidate/spec.k:18:    requires (A >=Int 0) andBool (O >=Int 0) andBool (N >=Int A +Int O)
/candidate/spec.k:20:  claim
/candidate/spec.k:21:    <py>
/candidate/spec.k:22:      <k> solutionProgram ~> invokeString("5 apples and 6 oranges", 19) => VInt(8) </k>
/candidate/spec.k:23:      <functions> .Map </functions>
/candidate/spec.k:24:      <env> .Map </env>
/candidate/spec.k:25:    </py>
/candidate/spec.k:27:  claim
/candidate/spec.k:28:    <py>
/candidate/spec.k:29:      <k> solutionProgram ~> invokeString("0 apples and 1 oranges", 3) => VInt(2) </k>
/candidate/spec.k:30:      <functions> .Map </functions>
/candidate/spec.k:31:      <env> .Map </env>
/candidate/spec.k:32:    </py>
/candidate/spec.k:34:  claim
/candidate/spec.k:35:    <py>
/candidate/spec.k:36:      <k> solutionProgram ~> invokeString("2 apples and 3 oranges", 100) => VInt(95) </k>
/candidate/spec.k:37:      <functions> .Map </functions>
/candidate/spec.k:38:      <env> .Map </env>
/candidate/spec.k:39:    </py>
/candidate/spec.k:41:  claim
/candidate/spec.k:42:    <py>
/candidate/spec.k:43:      <k> solutionProgram ~> invokeString("100 apples and 1 oranges", 120) => VInt(19) </k>
/candidate/spec.k:44:      <functions> .Map </functions>
/candidate/spec.k:45:      <env> .Map </env>
/candidate/spec.k:46:    </py>
/candidate/spec.k:47:endmodule
/candidate/verification.k:1:requires "semantic.k"
/candidate/verification.k:3:module VERIFICATION
/candidate/verification.k:4:  imports MPY-SEMANTIC
/candidate/verification.k:6:  // This is the constructor term emitted in solution.mpy.  Keeping it here
/candidate/verification.k:7:  // makes the proof claim independent of parser/configuration initializers.
/candidate/verification.k:8:  syntax Program ::= "solutionProgram" [macro]
/candidate/verification.k:9:  rule solutionProgram =>
/candidate/verification.k:10:    Module(
/candidate/verification.k:11:      FuncDef("fruit_distribution", Params("s", "n"),
/candidate/verification.k:12:        Assign(Name("words"), Call(Attribute(Name("s"), "split"), ))
/candidate/verification.k:13:        Return(
/candidate/verification.k:14:          BinOp(
/candidate/verification.k:16:            BinOp(
/candidate/verification.k:18:              Name("n"),
/candidate/verification.k:19:              Call(Name("int"), Subscript(Name("words"), Int(0)))),
/candidate/verification.k:20:            Call(Name("int"), Subscript(Name("words"), Int(3)))))))
/candidate/verification.k:22:  syntax KItem ::= "runFruit" "(" Program "," Int "," Int "," Int ")"
/candidate/verification.k:23:                 | "runString" "(" Program "," String "," Int ")"
/candidate/verification.k:25:  rule runFruit(P:Program, A:Int, O:Int, N:Int)
/candidate/verification.k:26:    => P ~> invokeFruit(A, O, N)
/candidate/verification.k:28:  rule runString(P:Program, S:String, N:Int)
/candidate/verification.k:29:    => P ~> invokeString(S, N)
/candidate/verification.k:30:endmodule
/candidate/semantic.k:1:module MPY-SYNTAX
/candidate/semantic.k:2:  imports INT-SYNTAX
/candidate/semantic.k:3:  imports STRING-SYNTAX
/candidate/semantic.k:5:  syntax Program ::= "Module" "(" Stmts ")" [symbol(Module)]
/candidate/semantic.k:7:  syntax Stmts ::= Stmt
/candidate/semantic.k:8:                 | Stmt Stmts [symbol(StmtSeq)]
/candidate/semantic.k:10:  syntax Stmt ::= "FuncDef" "(" String "," Params "," Stmts ")" [symbol(FuncDef)]
/candidate/semantic.k:11:                | "Assign" "(" Expr "," Expr ")" [symbol(Assign)]
/candidate/semantic.k:12:                | "Return" "(" Expr ")" [symbol(Return)]
/candidate/semantic.k:14:  syntax Params ::= "Params" "(" String "," String ")" [symbol(Params)]
/candidate/semantic.k:16:  syntax Expr ::= "Int" "(" Int ")" [symbol(IntLiteral)]
/candidate/semantic.k:17:                | "Name" "(" String ")" [symbol(Name)]
/candidate/semantic.k:18:                | "Attribute" "(" Expr "," String ")" [symbol(Attribute), strict(1)]
/candidate/semantic.k:19:                | "Call" "(" Expr "," ")" [symbol(Call0), strict(1)]
/candidate/semantic.k:20:                | "Call" "(" Expr "," Expr ")" [symbol(Call1), seqstrict(1,2)]
/candidate/semantic.k:21:                | "Subscript" "(" Expr "," Expr ")" [symbol(Subscript), seqstrict(1,2)]
/candidate/semantic.k:22:                | "BinOp" "(" String "," Expr "," Expr ")" [symbol(BinOp), seqstrict(2,3)]
/candidate/semantic.k:23:endmodule
/candidate/semantic.k:25:module MPY-SEMANTIC
/candidate/semantic.k:26:  imports MPY-SYNTAX
/candidate/semantic.k:27:  imports INT
/candidate/semantic.k:28:  imports BOOL
/candidate/semantic.k:29:  imports STRING
/candidate/semantic.k:30:  imports MAP
/candidate/semantic.k:32:  syntax PyValue ::= "VInt" "(" Int ")" [symbol(VInt)]
/candidate/semantic.k:33:                   | "VStr" "(" String ")" [symbol(VStr)]
/candidate/semantic.k:34:                   | "VNum" "(" Int ")" [symbol(VNum)]
/candidate/semantic.k:35:                   | "VFruits" "(" Int "," Int ")" [symbol(VFruits)]
/candidate/semantic.k:36:                   | "VWords" "(" PyValue "," PyValue "," PyValue "," PyValue "," PyValue ")" [symbol(VWords)]
/candidate/semantic.k:37:                   | "VSplit" "(" PyValue ")" [symbol(VSplit)]
/candidate/semantic.k:38:                   | "VBuiltinInt" [symbol(VBuiltinInt)]
/candidate/semantic.k:40:  syntax Expr ::= PyValue
/candidate/semantic.k:41:  syntax KResult ::= PyValue
/candidate/semantic.k:43:  syntax Function ::= "function" "(" String "," String "," Stmts ")" [symbol(function)]
/candidate/semantic.k:45:  syntax KItem ::= "exec" "(" Stmts ")" [symbol(exec)]
/candidate/semantic.k:46:                 | "setVar" "(" String ")" [symbol(setVar)]
/candidate/semantic.k:47:                 | "finishCall" [symbol(finishCall)]
/candidate/semantic.k:48:                 | "invokeFruit" "(" Int "," Int "," Int ")" [symbol(invokeFruit)]
/candidate/semantic.k:49:                 | "invokeString" "(" String "," Int ")" [symbol(invokeString)]
/candidate/semantic.k:51:  configuration
/candidate/semantic.k:52:    <py>
/candidate/semantic.k:53:      <k> $PGM:K </k>
/candidate/semantic.k:54:      <functions> .Map </functions>
/candidate/semantic.k:55:      <env> .Map </env>
/candidate/semantic.k:56:    </py>
/candidate/semantic.k:58:  rule <k> Module(SS:Stmts) => exec(SS) ... </k>
/candidate/semantic.k:60:  rule exec(S:Stmt SS:Stmts) => exec(S) ~> exec(SS)
/candidate/semantic.k:61:  rule exec(S:Stmt) => S
/candidate/semantic.k:63:  rule <k> FuncDef(F:String, Params(P1:String, P2:String), BODY:Stmts) => .K ... </k>
/candidate/semantic.k:64:       <functions> FS => FS [ F <- function(P1, P2, BODY) ] </functions>
/candidate/semantic.k:66:  rule <k> Assign(Name(X:String), E:Expr) => E ~> setVar(X) ... </k>
/candidate/semantic.k:67:  rule <k> V:PyValue ~> setVar(X:String) => .K ... </k>
/candidate/semantic.k:68:       <env> RHO => RHO [ X <- V ] </env>
/candidate/semantic.k:70:  rule Return(E:Expr) => E
/candidate/semantic.k:72:  rule <k> invokeFruit(A:Int, O:Int, N:Int) => exec(BODY) ~> finishCall ... </k>
/candidate/semantic.k:73:       <functions> ... "fruit_distribution" |-> function(P1:String, P2:String, BODY:Stmts) ... </functions>
/candidate/semantic.k:74:       <env> _ => P1 |-> VFruits(A, O) P2 |-> VInt(N) </env>
/candidate/semantic.k:76:  rule <k> invokeString(S:String, N:Int) => exec(BODY) ~> finishCall ... </k>
/candidate/semantic.k:77:       <functions> ... "fruit_distribution" |-> function(P1:String, P2:String, BODY:Stmts) ... </functions>
/candidate/semantic.k:78:       <env> _ => P1 |-> VStr(S) P2 |-> VInt(N) </env>
/candidate/semantic.k:80:  rule <k> V:PyValue ~> finishCall => V ... </k>
/candidate/semantic.k:81:       <functions> _ => .Map </functions>
/candidate/semantic.k:82:       <env> _ => .Map </env>
/candidate/semantic.k:84:  rule <k> Name(X:String) => V ... </k>
/candidate/semantic.k:85:       <env> ... X |-> V:PyValue ... </env>
/candidate/semantic.k:86:  rule Name("int") => VBuiltinInt
/candidate/semantic.k:87:  rule Int(I:Int) => VInt(I)
/candidate/semantic.k:89:  rule Attribute(V:PyValue, "split") => VSplit(V)
/candidate/semantic.k:91:  rule Call(VSplit(VFruits(A:Int, O:Int)), )
/candidate/semantic.k:92:    => VWords(VNum(A), VStr("apples"), VStr("and"), VNum(O), VStr("oranges"))
/candidate/semantic.k:94:  syntax Int ::= spaceAt(String, Int) [function]
/candidate/semantic.k:95:               | nextSpace(String, Int) [function]
/candidate/semantic.k:96:  rule spaceAt(S, 0) => findString(S, " ", 0)
/candidate/semantic.k:97:  rule spaceAt(S, I) => nextSpace(S, spaceAt(S, I -Int 1) +Int 1)
/candidate/semantic.k:98:    requires I >Int 0
/candidate/semantic.k:99:  // This K distribution's findString result is relative to its start index.
/candidate/semantic.k:100:  rule nextSpace(S, START) => START +Int findString(S, " ", START)
/candidate/semantic.k:102:  rule Call(VSplit(VStr(S:String)), )
/candidate/semantic.k:103:    => VWords(
/candidate/semantic.k:104:         VStr(substrString(S, 0, spaceAt(S, 0))),
/candidate/semantic.k:105:         VStr("apples"),
/candidate/semantic.k:106:         VStr("and"),
/candidate/semantic.k:107:         VStr(substrString(S, spaceAt(S, 2) +Int 1, spaceAt(S, 3))),
/candidate/semantic.k:108:         VStr("oranges"))
/candidate/semantic.k:110:  rule Subscript(VWords(V0, _, _, _, _), VInt(0)) => V0
/candidate/semantic.k:111:  rule Subscript(VWords(_, _, _, V3, _), VInt(3)) => V3
/candidate/semantic.k:113:  rule Call(VBuiltinInt, VInt(I:Int)) => VInt(I)
/candidate/semantic.k:114:  rule Call(VBuiltinInt, VNum(I:Int)) => VInt(I)
/candidate/semantic.k:115:  rule Call(VBuiltinInt, VStr(S:String)) => VInt(String2Int(S))
/candidate/semantic.k:117:  rule BinOp("-", VInt(I), VInt(J)) => VInt(I -Int J)
/candidate/semantic.k:118:endmodule
EXIT_STATUS=0
