Script started on 2026-07-30 23:05:59-05:00 [<not executed on terminal>]
{
  "all_checks_pass": true,
  "checks": {
    "inventory_ids_unique": true,
    "inventory_schema_version_2": true,
    "manifest_identity_order_matches": true,
    "manifest_ids_unique": true,
    "manifest_inventory_hash_matches": true,
    "manifest_schema_version_2": true,
    "rule-3b63b038b1412f056176447a2f40e468a644718e69d0613430286edb3756cc6e:all_rule_checks": true,
    "rule-ac25cee0dbe61d7bbb5672f36b334215328039ce27068faf6b9672d9b4b45bad:all_rule_checks": true,
    "same_identity_count": true,
    "same_identity_set": true,
    "whole_inventory_hash_recomputed": true
  },
  "inventory_rule_ids": [
    "rule-ac25cee0dbe61d7bbb5672f36b334215328039ce27068faf6b9672d9b4b45bad",
    "rule-3b63b038b1412f056176447a2f40e468a644718e69d0613430286edb3756cc6e"
  ],
  "inventory_sha256": "eb71eadbe29655ad22f91b06153efb05bf94d9f8895ad0a721a1516e8ed11955",
  "manifest": "/reference/lemma-discovery.json",
  "manifest_classifications": [
    {
      "classification": "DEFINITION",
      "rationale": "This simplification equation is the zero-second-argument base case defining the mathematical summary gcdEuclid; it reduces a summary term to absInt(A) and does not rewrite or observe an MPY execution configuration.",
      "source_rule_id": "rule-ac25cee0dbe61d7bbb5672f36b334215328039ce27068faf6b9672d9b4b45bad"
    },
    {
      "classification": "DEFINITION",
      "rationale": "This guarded simplification recurrence defines gcdEuclid for every nonzero second argument by the Euclidean reduction to gcdEuclid(B, pyMod(A, B)); it rewrites only the named mathematical summary and is not separately proved in Stage 1.",
      "source_rule_id": "rule-3b63b038b1412f056176447a2f40e468a644718e69d0613430286edb3756cc6e"
    }
  ],
  "manifest_rule_ids": [
    "rule-ac25cee0dbe61d7bbb5672f36b334215328039ce27068faf6b9672d9b4b45bad",
    "rule-3b63b038b1412f056176447a2f40e468a644718e69d0613430286edb3756cc6e"
  ],
  "rules": [
    {
      "attributes": [
        "simplification"
      ],
      "checks": {
        "normalized_sha256_recomputed": true,
        "source_rule_id_recomputed": true,
        "source_span_text_matches": true
      },
      "end_line": 13,
      "module": "VERIFICATION",
      "normalized_sha256": "ac25cee0dbe61d7bbb5672f36b334215328039ce27068faf6b9672d9b4b45bad",
      "normalized_source": "rule gcdEuclid(A:Int, 0) => absInt(A) [simplification]",
      "recomputed_normalized_sha256": "ac25cee0dbe61d7bbb5672f36b334215328039ce27068faf6b9672d9b4b45bad",
      "recomputed_source_rule_id": "rule-ac25cee0dbe61d7bbb5672f36b334215328039ce27068faf6b9672d9b4b45bad",
      "source_rule_id": "rule-ac25cee0dbe61d7bbb5672f36b334215328039ce27068faf6b9672d9b4b45bad",
      "source_slice": "  rule gcdEuclid(A:Int, 0) => absInt(A) [simplification]",
      "start_line": 13,
      "text": "  rule gcdEuclid(A:Int, 0) => absInt(A) [simplification]"
    },
    {
      "attributes": [
        "simplification"
      ],
      "checks": {
        "normalized_sha256_recomputed": true,
        "source_rule_id_recomputed": true,
        "source_span_text_matches": true
      },
      "end_line": 16,
      "module": "VERIFICATION",
      "normalized_sha256": "3b63b038b1412f056176447a2f40e468a644718e69d0613430286edb3756cc6e",
      "normalized_source": "rule gcdEuclid(A:Int, B:Int) => gcdEuclid(B, pyMod(A, B)) requires B =/=Int 0 [simplification]",
      "recomputed_normalized_sha256": "3b63b038b1412f056176447a2f40e468a644718e69d0613430286edb3756cc6e",
      "recomputed_source_rule_id": "rule-3b63b038b1412f056176447a2f40e468a644718e69d0613430286edb3756cc6e",
      "source_rule_id": "rule-3b63b038b1412f056176447a2f40e468a644718e69d0613430286edb3756cc6e",
      "source_slice": "  rule gcdEuclid(A:Int, B:Int) => gcdEuclid(B, pyMod(A, B))\n    requires B =/=Int 0\n    [simplification]",
      "start_line": 14,
      "text": "  rule gcdEuclid(A:Int, B:Int) => gcdEuclid(B, pyMod(A, B))\n    requires B =/=Int 0\n    [simplification]"
    }
  ],
  "trusted_tool": "/reference/tools/k_rule_inventory.py",
  "verification_module": "VERIFICATION",
  "verification_modules": [
    "VERIFICATION"
  ],
  "verification_sha256": "1bee80da287f4118296af2a91287b16d4b0f0adc5a5467aef8fa7b517adeafb6",
  "workspace": "/reference/k-proof"
}

Script done on 2026-07-30 23:05:59-05:00 [COMMAND_EXIT_CODE="0"]
