Script started on 2026-07-26 05:54:52-05:00 [<not executed on terminal>]
kore-exec: [226182] Warning (WarnStuckClaimState):
    The configuration's term doesn't unify with the destination's term and the configuration cannot be rewritten further. Location: /audit-output/evidence/spec-vacuity.k:9:5-21:45
Context:
    (InfoReachability) while checking the implication
<mpy>
  <k>
    .K
  </k>
  <env>
    "string" |-> StrVal ( "xyzXYZ" )
  </env>
  <input>
    "xyzXYZ"
  </input>
  <result>
    IntVal ( 3 )
  </result>
</mpy>
[Error] Prover: backend terminated because the configuration cannot be
rewritten further. See output for more details.
[0m[0m
Script done on 2026-07-26 05:54:54-05:00 [COMMAND_EXIT_CODE="1"]
