cwd: /tmp/audit-work/build
command: bash -lc $'\nset -e\nprintf "witness=num(0,3,2), informally 1.5 but violates F<S\\n"\nprintf "python canonical/generated on canonical float input 1.5:\\n"\npython3 - <<"PY"\nimport importlib.util\nfor label, path in (("canonical", "/reference/canonical.py"), ("generated", "/tmp/audit-work/build/solution.py")):\n    spec = importlib.util.spec_from_file_location(label, path)\n    module = importlib.util.module_from_spec(spec)\n    spec.loader.exec_module(module)\n    print(label, module.truncate_number(1.5))\nPY\nprintf "K run on inadmissible noncanonical encoding:\\n"\nkrun /tmp/audit-work/build/solution.mpy --definition /tmp/audit-work/build/semantic-kompiled -cIPART=0 -cFRAC=3 -cSCALE=2\nprintf "scope_note=this encoding fails validPositive because 3 < 2 is false\\n"\n'
started_utc: 2026-07-23T05:07:33Z
witness=num(0,3,2), informally 1.5 but violates F<S
python canonical/generated on canonical float input 1.5:
canonical 0.5
generated 0.5
K run on inadmissible noncanonical encoding:
<python>
  <k>
    .K
  </k>
  <env>
    "number" |-> num ( 0 , 3 , 2 )
  </env>
  <result>
    num ( 0 , 3 , 2 )
  </result>
</python>
scope_note=this encoding fails validPositive because 3 < 2 is false

exit_status: 0
finished_utc: 2026-07-23T05:07:38Z
