
$ cp /audit-output/evidence/force-branch-witness.k /tmp/audit-work/audit-119-match-parens/force-branch-witness.k
[exit 0]

$ bash -lc cd\ /tmp/audit-work/audit-119-match-parens\ \&\&\ kompile\ force-branch-witness.k\ --backend\ haskell\ --main-module\ FORCE-BRANCH-WITNESS\ --syntax-module\ MPY-SYNTAX\ --output-definition\ force-branch-witness-v2-kompiled
[Warning] Compiler: Variable 'As' defined but not used. Prefix variable name
with underscore if this is intentional.
	Source(/tmp/audit-work/audit-119-match-parens/reference-semantics/semantics/str.k)
	Location(52,27,52,29)
	52 |	  rule strLt(iCons(A:Int, As:IntSeq), iCons(B:Int, Bs:IntSeq)) => true   
      requires A  <Int B
	   .	                          ^~
[Warning] Compiler: Variable 'Bs' defined but not used. Prefix variable name
with underscore if this is intentional.
	Source(/tmp/audit-work/audit-119-match-parens/reference-semantics/semantics/str.k)
	Location(52,52,52,54)
	52 |	  rule strLt(iCons(A:Int, As:IntSeq), iCons(B:Int, Bs:IntSeq)) => true   
      requires A  <Int B
	   .	                                                   ^~
[Warning] Compiler: Variable 'As' defined but not used. Prefix variable name
with underscore if this is intentional.
	Source(/tmp/audit-work/audit-119-match-parens/reference-semantics/semantics/str.k)
	Location(53,27,53,29)
	53 |	  rule strLt(iCons(A:Int, As:IntSeq), iCons(B:Int, Bs:IntSeq)) => false  
      requires A  >Int B
	   .	                          ^~
[Warning] Compiler: Variable 'Bs' defined but not used. Prefix variable name
with underscore if this is intentional.
	Source(/tmp/audit-work/audit-119-match-parens/reference-semantics/semantics/str.k)
	Location(53,52,53,54)
	53 |	  rule strLt(iCons(A:Int, As:IntSeq), iCons(B:Int, Bs:IntSeq)) => false  
      requires A  >Int B
	   .	                                                   ^~
[Warning] Compiler: Variable 'P' defined but not used. Prefix variable name
with underscore if this is intentional.
	Source(/tmp/audit-work/audit-119-match-parens/verification.k)
	Location(26,12,26,13)
	26 |	           P:Parent) ...
	   .	           ^
[Warning] Compiler: Variable 'P' defined but not used. Prefix variable name
with underscore if this is intentional.
	Source(/tmp/audit-work/audit-119-match-parens/verification.k)
	Location(37,12,37,13)
	37 |	           P:Parent) ...
	   .	           ^
[Warning] Compiler: Variable 'P' defined but not used. Prefix variable name
with underscore if this is intentional.
	Source(/tmp/audit-work/audit-119-match-parens/verification.k)
	Location(50,12,50,13)
	50 |	           P:Parent) ...
	   .	           ^
[Warning] Compiler: Variable 'R0' defined but not used. Prefix variable name
with underscore if this is intentional.
	Source(/tmp/audit-work/audit-119-match-parens/verification.k)
	Location(180,36,180,38)
	180 |	  rule <k> #forceGood(iCons(C:Int, R0:IntSeq), B:Int)
	    .	                                   ^~
[exit 0]

$ bash -lc cd\ /tmp/audit-work/audit-119-match-parens\ \&\&\ kprove\ force-branch-witness-spec.k\ --definition\ force-branch-witness-v2-kompiled\ --spec-module\ FORCE-BRANCH-WITNESS-SPEC\ --claims\ bridgeChoosesThen\ --output\ pretty
#Top
[Warning] Compiler: Variable 'As' defined but not used. Prefix variable name
with underscore if this is intentional.
	Source(/tmp/audit-work/audit-119-match-parens/reference-semantics/semantics/str.k)
	Location(52,27,52,29)
	52 |	  rule strLt(iCons(A:Int, As:IntSeq), iCons(B:Int, Bs:IntSeq)) => true   
      requires A  <Int B
	   .	                          ^~
[Warning] Compiler: Variable 'Bs' defined but not used. Prefix variable name
with underscore if this is intentional.
	Source(/tmp/audit-work/audit-119-match-parens/reference-semantics/semantics/str.k)
	Location(52,52,52,54)
	52 |	  rule strLt(iCons(A:Int, As:IntSeq), iCons(B:Int, Bs:IntSeq)) => true   
      requires A  <Int B
	   .	                                                   ^~
[Warning] Compiler: Variable 'As' defined but not used. Prefix variable name
with underscore if this is intentional.
	Source(/tmp/audit-work/audit-119-match-parens/reference-semantics/semantics/str.k)
	Location(53,27,53,29)
	53 |	  rule strLt(iCons(A:Int, As:IntSeq), iCons(B:Int, Bs:IntSeq)) => false  
      requires A  >Int B
	   .	                          ^~
[Warning] Compiler: Variable 'Bs' defined but not used. Prefix variable name
with underscore if this is intentional.
	Source(/tmp/audit-work/audit-119-match-parens/reference-semantics/semantics/str.k)
	Location(53,52,53,54)
	53 |	  rule strLt(iCons(A:Int, As:IntSeq), iCons(B:Int, Bs:IntSeq)) => false  
      requires A  >Int B
	   .	                                                   ^~
[Warning] Compiler: Variable 'P' defined but not used. Prefix variable name
with underscore if this is intentional.
	Source(/tmp/audit-work/audit-119-match-parens/verification.k)
	Location(26,12,26,13)
	26 |	           P:Parent) ...
	   .	           ^
[Warning] Compiler: Variable 'P' defined but not used. Prefix variable name
with underscore if this is intentional.
	Source(/tmp/audit-work/audit-119-match-parens/verification.k)
	Location(37,12,37,13)
	37 |	           P:Parent) ...
	   .	           ^
[Warning] Compiler: Variable 'P' defined but not used. Prefix variable name
with underscore if this is intentional.
	Source(/tmp/audit-work/audit-119-match-parens/verification.k)
	Location(50,12,50,13)
	50 |	           P:Parent) ...
	   .	           ^
[Warning] Compiler: Variable 'R0' defined but not used. Prefix variable name
with underscore if this is intentional.
	Source(/tmp/audit-work/audit-119-match-parens/verification.k)
	Location(180,36,180,38)
	180 |	  rule <k> #forceGood(iCons(C:Int, R0:IntSeq), B:Int)
	    .	                                   ^~
[exit 0]

$ bash -lc cd\ /tmp/audit-work/audit-119-match-parens\ \&\&\ kprove\ force-branch-witness-spec.k\ --definition\ force-branch-witness-v2-kompiled\ --spec-module\ FORCE-BRANCH-WITNESS-SPEC\ --claims\ nativeChoosesElse\ --output\ pretty
#Top
[Warning] Compiler: Variable 'As' defined but not used. Prefix variable name
with underscore if this is intentional.
	Source(/tmp/audit-work/audit-119-match-parens/reference-semantics/semantics/str.k)
	Location(52,27,52,29)
	52 |	  rule strLt(iCons(A:Int, As:IntSeq), iCons(B:Int, Bs:IntSeq)) => true   
      requires A  <Int B
	   .	                          ^~
[Warning] Compiler: Variable 'Bs' defined but not used. Prefix variable name
with underscore if this is intentional.
	Source(/tmp/audit-work/audit-119-match-parens/reference-semantics/semantics/str.k)
	Location(52,52,52,54)
	52 |	  rule strLt(iCons(A:Int, As:IntSeq), iCons(B:Int, Bs:IntSeq)) => true   
      requires A  <Int B
	   .	                                                   ^~
[Warning] Compiler: Variable 'As' defined but not used. Prefix variable name
with underscore if this is intentional.
	Source(/tmp/audit-work/audit-119-match-parens/reference-semantics/semantics/str.k)
	Location(53,27,53,29)
	53 |	  rule strLt(iCons(A:Int, As:IntSeq), iCons(B:Int, Bs:IntSeq)) => false  
      requires A  >Int B
	   .	                          ^~
[Warning] Compiler: Variable 'Bs' defined but not used. Prefix variable name
with underscore if this is intentional.
	Source(/tmp/audit-work/audit-119-match-parens/reference-semantics/semantics/str.k)
	Location(53,52,53,54)
	53 |	  rule strLt(iCons(A:Int, As:IntSeq), iCons(B:Int, Bs:IntSeq)) => false  
      requires A  >Int B
	   .	                                                   ^~
[Warning] Compiler: Variable 'P' defined but not used. Prefix variable name
with underscore if this is intentional.
	Source(/tmp/audit-work/audit-119-match-parens/verification.k)
	Location(26,12,26,13)
	26 |	           P:Parent) ...
	   .	           ^
[Warning] Compiler: Variable 'P' defined but not used. Prefix variable name
with underscore if this is intentional.
	Source(/tmp/audit-work/audit-119-match-parens/verification.k)
	Location(37,12,37,13)
	37 |	           P:Parent) ...
	   .	           ^
[Warning] Compiler: Variable 'P' defined but not used. Prefix variable name
with underscore if this is intentional.
	Source(/tmp/audit-work/audit-119-match-parens/verification.k)
	Location(50,12,50,13)
	50 |	           P:Parent) ...
	   .	           ^
[Warning] Compiler: Variable 'R0' defined but not used. Prefix variable name
with underscore if this is intentional.
	Source(/tmp/audit-work/audit-119-match-parens/verification.k)
	Location(180,36,180,38)
	180 |	  rule <k> #forceGood(iCons(C:Int, R0:IntSeq), B:Int)
	    .	                                   ^~
[exit 0]
