
$ cp /audit-output/evidence/spec-vacuity-ground.k /tmp/audit-work/audit-119-match-parens/spec-vacuity-ground.k
[exit 0]

$ bash -lc cd\ /tmp/audit-work/audit-119-match-parens\ \&\&\ kprove\ spec-vacuity-ground.k\ --definition\ verification-kompiled\ --spec-module\ MATCH-PARENS-SPEC-VACUITY-GROUND\ --claims\ matchParensGroundFalseResult\ --dry-run\ \>\ vacuity-ground-dry-run.kore\;\ rc=\$\?\;\ wc\ -c\ vacuity-ground-dry-run.kore\;\ sha256sum\ vacuity-ground-dry-run.kore\;\ exit\ \"\$rc\"
[Warning] Compiler: Variable 'As' defined but not used. Prefix variable name
with underscore if this is intentional.
	Source(/tmp/audit-work/audit-119-match-parens/reference-semantics/semantics/str.k)
	Location(52,27,52,29)
	52 |	  rule strLt(iCons(A:Int, As:IntSeq), iCons(B:Int, Bs:IntSeq)) => true   
      requires A  <Int B
	   .	                          ^~
[Warning] Compiler: Variable 'Bs' defined but not used. Prefix variable name
with underscore if this is intentional.
	Source(/tmp/audit-work/audit-119-match-parens/reference-semantics/semantics/str.k)
	Location(52,52,52,54)
	52 |	  rule strLt(iCons(A:Int, As:IntSeq), iCons(B:Int, Bs:IntSeq)) => true   
      requires A  <Int B
	   .	                                                   ^~
[Warning] Compiler: Variable 'As' defined but not used. Prefix variable name
with underscore if this is intentional.
	Source(/tmp/audit-work/audit-119-match-parens/reference-semantics/semantics/str.k)
	Location(53,27,53,29)
	53 |	  rule strLt(iCons(A:Int, As:IntSeq), iCons(B:Int, Bs:IntSeq)) => false  
      requires A  >Int B
	   .	                          ^~
[Warning] Compiler: Variable 'Bs' defined but not used. Prefix variable name
with underscore if this is intentional.
	Source(/tmp/audit-work/audit-119-match-parens/reference-semantics/semantics/str.k)
	Location(53,52,53,54)
	53 |	  rule strLt(iCons(A:Int, As:IntSeq), iCons(B:Int, Bs:IntSeq)) => false  
      requires A  >Int B
	   .	                                                   ^~
[Warning] Compiler: Variable 'P' defined but not used. Prefix variable name
with underscore if this is intentional.
	Source(/tmp/audit-work/audit-119-match-parens/verification.k)
	Location(26,12,26,13)
	26 |	           P:Parent) ...
	   .	           ^
[Warning] Compiler: Variable 'P' defined but not used. Prefix variable name
with underscore if this is intentional.
	Source(/tmp/audit-work/audit-119-match-parens/verification.k)
	Location(37,12,37,13)
	37 |	           P:Parent) ...
	   .	           ^
[Warning] Compiler: Variable 'P' defined but not used. Prefix variable name
with underscore if this is intentional.
	Source(/tmp/audit-work/audit-119-match-parens/verification.k)
	Location(50,12,50,13)
	50 |	           P:Parent) ...
	   .	           ^
[Warning] Compiler: Variable 'R0' defined but not used. Prefix variable name
with underscore if this is intentional.
	Source(/tmp/audit-work/audit-119-match-parens/verification.k)
	Location(180,36,180,38)
	180 |	  rule <k> #forceGood(iCons(C:Int, R0:IntSeq), B:Int)
	    .	                                   ^~
358 vacuity-ground-dry-run.kore
cd620f19e26e544a0d113f210a8940c9869d85bfbe8d611e660cea12d0291bbd  vacuity-ground-dry-run.kore
[exit 0]

$ bash -lc cd\ /tmp/audit-work/audit-119-match-parens\ \&\&\ kprove\ spec-vacuity-ground.k\ --definition\ verification-kompiled\ --spec-module\ MATCH-PARENS-SPEC-VACUITY-GROUND\ --claims\ matchParensGroundFalseResult\ --output\ pretty
kore-exec: [1096218] Warning (WarnStuckClaimState):
    The configuration's term doesn't unify with the destination's term and the configuration cannot be rewritten further. Location: /tmp/audit-work/audit-119-match-parens/spec-vacuity-ground.k:10:5-29:31
Context:
    (InfoReachability) while checking the implication
<generatedTop>
  <k>
    str ( iCons ( 89 , iCons ( 101 , iCons ( 115 , .IntSeq ) ) ) ) ~> .K
  </k>
  <env>
    0
  </env>
  <scopes>
    0 |-> scope ( "is_good" |-> closureVal ( "s" , .ParamNames , Assign ( Name ( "balance" ) , Int ( 0 ) )  For ( Name ( "char" ) , Name ( "s" ) , If ( Compare ( Name ( "char" ) , CmpOp ( "==" , Str ( "(" ) ) ) , AugAssign ( Name ( "balance" ) , "+" , Int ( 1 ) )  .Stmts , AugAssign ( Name ( "balance" ) , "-" , Int ( 1 ) )  .Stmts )  If ( Compare ( Name ( "balance" ) , CmpOp ( "<" , Int ( 0 ) ) ) , Return ( Str ( "" ) )  .Stmts , .Stmts )  .Stmts )  If ( Compare ( Name ( "balance" ) , CmpOp ( "==" , Int ( 0 ) ) ) , Return ( Str ( "T" ) )  .Stmts , .Stmts )  Return ( Str ( "" ) )  .Stmts , 0 ) , parent ( -1 ) )
  </scopes>
  <scopeLoc>
    1
  </scopeLoc>
  <heap>
    .Map
  </heap>
  <heapLoc>
    0
  </heapLoc>
  <stack>
    .List
  </stack>
  <ret>
    noRet
  </ret>
  <exc>
    NoExc
  </exc>
  <exit-code>
    0
  </exit-code>
</generatedTop>
[Warning] Compiler: Variable 'As' defined but not used. Prefix variable name
with underscore if this is intentional.
	Source(/tmp/audit-work/audit-119-match-parens/reference-semantics/semantics/str.k)
	Location(52,27,52,29)
	52 |	  rule strLt(iCons(A:Int, As:IntSeq), iCons(B:Int, Bs:IntSeq)) => true   
      requires A  <Int B
	   .	                          ^~
[Warning] Compiler: Variable 'Bs' defined but not used. Prefix variable name
with underscore if this is intentional.
	Source(/tmp/audit-work/audit-119-match-parens/reference-semantics/semantics/str.k)
	Location(52,52,52,54)
	52 |	  rule strLt(iCons(A:Int, As:IntSeq), iCons(B:Int, Bs:IntSeq)) => true   
      requires A  <Int B
	   .	                                                   ^~
[Warning] Compiler: Variable 'As' defined but not used. Prefix variable name
with underscore if this is intentional.
	Source(/tmp/audit-work/audit-119-match-parens/reference-semantics/semantics/str.k)
	Location(53,27,53,29)
	53 |	  rule strLt(iCons(A:Int, As:IntSeq), iCons(B:Int, Bs:IntSeq)) => false  
      requires A  >Int B
	   .	                          ^~
[Warning] Compiler: Variable 'Bs' defined but not used. Prefix variable name
with underscore if this is intentional.
	Source(/tmp/audit-work/audit-119-match-parens/reference-semantics/semantics/str.k)
	Location(53,52,53,54)
	53 |	  rule strLt(iCons(A:Int, As:IntSeq), iCons(B:Int, Bs:IntSeq)) => false  
      requires A  >Int B
	   .	                                                   ^~
[Warning] Compiler: Variable 'P' defined but not used. Prefix variable name
with underscore if this is intentional.
	Source(/tmp/audit-work/audit-119-match-parens/verification.k)
	Location(26,12,26,13)
	26 |	           P:Parent) ...
	   .	           ^
[Warning] Compiler: Variable 'P' defined but not used. Prefix variable name
with underscore if this is intentional.
	Source(/tmp/audit-work/audit-119-match-parens/verification.k)
	Location(37,12,37,13)
	37 |	           P:Parent) ...
	   .	           ^
[Warning] Compiler: Variable 'P' defined but not used. Prefix variable name
with underscore if this is intentional.
	Source(/tmp/audit-work/audit-119-match-parens/verification.k)
	Location(50,12,50,13)
	50 |	           P:Parent) ...
	   .	           ^
[Warning] Compiler: Variable 'R0' defined but not used. Prefix variable name
with underscore if this is intentional.
	Source(/tmp/audit-work/audit-119-match-parens/verification.k)
	Location(180,36,180,38)
	180 |	  rule <k> #forceGood(iCons(C:Int, R0:IntSeq), B:Int)
	    .	                                   ^~
[Error] Prover: backend terminated because the configuration cannot be
rewritten further. See output for more details.
[exit 1]
