COMMAND: bash -lc krun\ solution.mpy\ --definition\ /tmp/audit-work/candidate/fresh-execution-proof-kompiled\ \'-cINPUT=\"\\u03bb\"\'\ --color\ off
WORKDIR: /tmp/audit-work/candidate
START_UTC: 2026-07-26T10:50:55Z
<mpy>
  <k>
    .K
  </k>
  <program>
    Module ( FuncDef ( "is_palindrome" , Params ( "string" ) , Return ( Compare ( Name ( "string" ) , CmpOp ( "==" , Subscript ( Name ( "string" ) , Slice ( NoBound , NoBound , UnaryOp ( "-" , Int ( 1 ) ) ) ) ) ) )  .Stmts )  FuncDef ( "make_palindrome" , Params ( "string" ) , If ( Call ( Name ( "is_palindrome" ) , Name ( "string" ) ) , Return ( Name ( "string" ) )  .Stmts , .Stmts )  Return ( BinOp ( "+" , BinOp ( "+" , Subscript ( Name ( "string" ) , Int ( 0 ) ) , Call ( Name ( "make_palindrome" ) , Subscript ( Name ( "string" ) , Slice ( Int ( 1 ) , NoBound , NoBound ) ) ) ) , Subscript ( Name ( "string" ) , Int ( 0 ) ) ) )  .Stmts )  .Stmts )
  </program>
  <input>
    "\xce\xbb"
  </input>
  <ast-match>
    true
  </ast-match>
  <result>
    strVal ( "\xce\xbb\xce" ) ~> .K
  </result>
</mpy>
EXIT_STATUS: 0
END_UTC: 2026-07-26T10:50:57Z
