COMMAND: kprove spec.k --definition verification-kompiled --spec-module MODP-SPEC -w none
WORKDIR: /tmp/audit-work/49-modp
kore-exec: [974669] Warning (DecidePredicateUnknown):
    Failed to decide predicate.
Context:
    (DebugEvaluateCondition) while evaluating predicate
        (InfoReachability) while simplifying the claim
            (DecidePredicateUnknown) while applying equation defined at ...kframework/builtin/domains.md:1377:8-1377:59
                                     in Kore.Equation.Application:150:81
kore-exec: [1030095] Warning (DecidePredicateUnknown):
    Failed to decide predicate.
Context:
    (DebugEvaluateCondition) while evaluating predicate
        (InfoReachability) while simplifying the claim
            (DecidePredicateUnknown) while applying equation defined at ...kframework/builtin/domains.md:1377:8-1377:59
                                     in Kore.Equation.Application:150:81
kore-exec: [1080454] Warning (DecidePredicateUnknown):
    Failed to decide predicate.
Context:
    (DebugEvaluateCondition) while evaluating predicate
        (InfoReachability) while simplifying the claim
            (DecidePredicateUnknown) while applying equation defined at ...kframework/builtin/domains.md:1377:8-1377:59
                                     in Kore.Equation.Application:150:81
kore-exec: [1137103] Warning (DecidePredicateUnknown):
    Failed to decide predicate.
Context:
    (DebugEvaluateCondition) while evaluating predicate
        (InfoReachability) while simplifying the claim
            (DecidePredicateUnknown) while applying equation defined at ...kframework/builtin/domains.md:1377:8-1377:59
                                     in Kore.Equation.Application:150:81
kore-exec: [1186014] Warning (DecidePredicateUnknown):
    Failed to decide predicate.
Context:
    (DebugEvaluateCondition) while evaluating predicate
        (InfoReachability) while checking the implication
            (DecidePredicateUnknown) while applying equation defined at ...kframework/builtin/domains.md:1377:8-1377:59
                                     in Kore.Equation.Application:150:81
kore-exec: [1231412] Warning (DecidePredicateUnknown):
    Failed to decide predicate.
Context:
    (DebugEvaluateCondition) while evaluating predicate
        (InfoReachability) while checking the implication
            (DecidePredicateUnknown) while applying equation defined at ...kframework/builtin/domains.md:1377:8-1377:59
                                     in Kore.Equation.Application:150:81
kore-exec: [1274949] Warning (DecidePredicateUnknown):
    Failed to decide predicate.
Context:
    (DebugEvaluateCondition) while evaluating predicate
        (InfoReachability) while applying axioms
            (DecidePredicateUnknown) while applying equation defined at ...kframework/builtin/domains.md:1377:8-1377:59
                                     in Kore.Equation.Application:150:81
kore-exec: [1322605] Warning (DecidePredicateUnknown):
    Failed to decide predicate.
Context:
    (DebugEvaluateCondition) while evaluating predicate
        (InfoReachability) while applying axioms
            (DecidePredicateUnknown) while applying equation defined at ...kframework/builtin/domains.md:1377:8-1377:59
                                     in Kore.Equation.Application:150:81
kore-exec: [1383061] Warning (DecidePredicateUnknown):
    Failed to decide predicate.
Context:
    (DebugEvaluateCondition) while evaluating predicate
        (InfoReachability) while checking the implication
            (DecidePredicateUnknown) while applying equation defined at ...kframework/builtin/domains.md:1377:8-1377:59
                                     in Kore.Equation.Application:150:81
kore-exec: [1428219] Warning (DecidePredicateUnknown):
    Failed to decide predicate.
Context:
    (DebugEvaluateCondition) while evaluating predicate
        (InfoReachability) while checking the implication
            (DecidePredicateUnknown) while applying equation defined at ...kframework/builtin/domains.md:1377:8-1377:59
                                     in Kore.Equation.Application:150:81
kore-exec: [1490337] Warning (DecidePredicateUnknown):
    Failed to decide predicate.
Context:
    (DebugEvaluateCondition) while evaluating predicate
        (InfoReachability) while applying axioms
            (DecidePredicateUnknown) while applying equation defined at ...kframework/builtin/domains.md:1377:8-1377:59
                                     in Kore.Equation.Application:150:81
kore-exec: [1535146] Warning (DecidePredicateUnknown):
    Failed to decide predicate.
Context:
    (DebugEvaluateCondition) while evaluating predicate
        (InfoReachability) while applying axioms
            (DecidePredicateUnknown) while applying equation defined at ...kframework/builtin/domains.md:1377:8-1377:59
                                     in Kore.Equation.Application:150:81
kore-exec: [1607006] Warning (DecidePredicateUnknown):
    Failed to decide predicate.
Context:
    (DebugEvaluateCondition) while evaluating predicate
        (InfoReachability) while checking the implication
            (DecidePredicateUnknown) while applying equation defined at ...kframework/builtin/domains.md:1377:8-1377:59
                                     in Kore.Equation.Application:150:81
kore-exec: [1650371] Warning (DecidePredicateUnknown):
    Failed to decide predicate.
Context:
    (DebugEvaluateCondition) while evaluating predicate
        (InfoReachability) while checking the implication
            (DecidePredicateUnknown) while applying equation defined at ...kframework/builtin/domains.md:1377:8-1377:59
                                     in Kore.Equation.Application:150:81
kore-exec: [1693385] Warning (DecidePredicateUnknown):
    Failed to decide predicate.
Context:
    (DebugEvaluateCondition) while evaluating predicate
        (InfoReachability) while applying axioms
            (DecidePredicateUnknown) while applying equation defined at ...kframework/builtin/domains.md:1377:8-1377:59
                                     in Kore.Equation.Application:150:81
kore-exec: [1737239] Warning (DecidePredicateUnknown):
    Failed to decide predicate.
Context:
    (DebugEvaluateCondition) while evaluating predicate
        (InfoReachability) while applying axioms
            (DecidePredicateUnknown) while applying equation defined at ...kframework/builtin/domains.md:1377:8-1377:59
                                     in Kore.Equation.Application:150:81
kore-exec: [1797694] Warning (DecidePredicateUnknown):
    Failed to decide predicate.
Context:
    (DebugEvaluateCondition) while evaluating predicate
        (InfoReachability) while checking the implication
            (DecidePredicateUnknown) while applying equation defined at ...kframework/builtin/domains.md:1377:8-1377:59
                                     in Kore.Equation.Application:150:81
kore-exec: [1840603] Warning (DecidePredicateUnknown):
    Failed to decide predicate.
Context:
    (DebugEvaluateCondition) while evaluating predicate
        (InfoReachability) while checking the implication
            (DecidePredicateUnknown) while applying equation defined at ...kframework/builtin/domains.md:1377:8-1377:59
                                     in Kore.Equation.Application:150:81
kore-exec: [1884114] Warning (DecidePredicateUnknown):
    Failed to decide predicate.
Context:
    (DebugEvaluateCondition) while evaluating predicate
        (InfoReachability) while applying axioms
            (DecidePredicateUnknown) while applying equation defined at ...kframework/builtin/domains.md:1377:8-1377:59
                                     in Kore.Equation.Application:150:81
kore-exec: [1928898] Warning (DecidePredicateUnknown):
    Failed to decide predicate.
Context:
    (DebugEvaluateCondition) while evaluating predicate
        (InfoReachability) while applying axioms
            (DecidePredicateUnknown) while applying equation defined at ...kframework/builtin/domains.md:1377:8-1377:59
                                     in Kore.Equation.Application:150:81
kore-exec: [1997854] Warning (DecidePredicateUnknown):
    Failed to decide predicate.
Context:
    (DebugEvaluateCondition) while evaluating predicate
        (InfoReachability) while checking the implication
            (DecidePredicateUnknown) while applying equation defined at ...kframework/builtin/domains.md:1377:8-1377:59
                                     in Kore.Equation.Application:150:81
kore-exec: [2061010] Warning (DecidePredicateUnknown):
    Failed to decide predicate.
Context:
    (DebugEvaluateCondition) while evaluating predicate
        (InfoReachability) while checking the implication
            (DecidePredicateUnknown) while applying equation defined at ...kframework/builtin/domains.md:1377:8-1377:59
                                     in Kore.Equation.Application:150:81
kore-exec: [2111607] Warning (DecidePredicateUnknown):
    Failed to decide predicate.
Context:
    (DebugEvaluateCondition) while evaluating predicate
        (InfoReachability) while applying axioms
            (DecidePredicateUnknown) while applying equation defined at ...kframework/builtin/domains.md:1377:8-1377:59
                                     in Kore.Equation.Application:150:81
kore-exec: [2166587] Warning (DecidePredicateUnknown):
    Failed to decide predicate.
Context:
    (DebugEvaluateCondition) while evaluating predicate
        (InfoReachability) while applying axioms
            (DecidePredicateUnknown) while applying equation defined at ...kframework/builtin/domains.md:1377:8-1377:59
                                     in Kore.Equation.Application:150:81
kore-exec: [2242575] Warning (DecidePredicateUnknown):
    Failed to decide predicate.
Context:
    (DebugEvaluateCondition) while evaluating predicate
        (InfoReachability) while checking the implication
            (DecidePredicateUnknown) while applying equation defined at ...kframework/builtin/domains.md:1377:8-1377:59
                                     in Kore.Equation.Application:150:81
kore-exec: [2285527] Warning (DecidePredicateUnknown):
    Failed to decide predicate.
Context:
    (DebugEvaluateCondition) while evaluating predicate
        (InfoReachability) while checking the implication
            (DecidePredicateUnknown) while applying equation defined at ...kframework/builtin/domains.md:1377:8-1377:59
                                     in Kore.Equation.Application:150:81
kore-exec: [2330113] Warning (DecidePredicateUnknown):
    Failed to decide predicate.
Context:
    (DebugEvaluateCondition) while evaluating predicate
        (InfoReachability) while applying axioms
            (DecidePredicateUnknown) while applying equation defined at ...kframework/builtin/domains.md:1377:8-1377:59
                                     in Kore.Equation.Application:150:81
kore-exec: [2374193] Warning (DecidePredicateUnknown):
    Failed to decide predicate.
Context:
    (DebugEvaluateCondition) while evaluating predicate
        (InfoReachability) while applying axioms
            (DecidePredicateUnknown) while applying equation defined at ...kframework/builtin/domains.md:1377:8-1377:59
                                     in Kore.Equation.Application:150:81
kore-exec: [2433393] Warning (DecidePredicateUnknown):
    Failed to decide predicate.
Context:
    (DebugEvaluateCondition) while evaluating predicate
        (InfoReachability) while checking the implication
            (DecidePredicateUnknown) while applying equation defined at ...kframework/builtin/domains.md:1377:8-1377:59
                                     in Kore.Equation.Application:150:81
kore-exec: [2476388] Warning (DecidePredicateUnknown):
    Failed to decide predicate.
Context:
    (DebugEvaluateCondition) while evaluating predicate
        (InfoReachability) while checking the implication
            (DecidePredicateUnknown) while applying equation defined at ...kframework/builtin/domains.md:1377:8-1377:59
                                     in Kore.Equation.Application:150:81
kore-exec: [2521241] Warning (DecidePredicateUnknown):
    Failed to decide predicate.
Context:
    (DebugEvaluateCondition) while evaluating predicate
        (InfoReachability) while applying axioms
            (DecidePredicateUnknown) while applying equation defined at ...kframework/builtin/domains.md:1377:8-1377:59
                                     in Kore.Equation.Application:150:81
kore-exec: [2564874] Warning (DecidePredicateUnknown):
    Failed to decide predicate.
Context:
    (DebugEvaluateCondition) while evaluating predicate
        (InfoReachability) while applying axioms
            (DecidePredicateUnknown) while applying equation defined at ...kframework/builtin/domains.md:1377:8-1377:59
                                     in Kore.Equation.Application:150:81
kore-exec: [2624744] Warning (DecidePredicateUnknown):
    Failed to decide predicate.
Context:
    (DebugEvaluateCondition) while evaluating predicate
        (InfoReachability) while checking the implication
            (DecidePredicateUnknown) while applying equation defined at ...kframework/builtin/domains.md:1377:8-1377:59
                                     in Kore.Equation.Application:150:81
kore-exec: [2684294] Warning (DecidePredicateUnknown):
    Failed to decide predicate.
Context:
    (DebugEvaluateCondition) while evaluating predicate
        (InfoReachability) while checking the implication
            (DecidePredicateUnknown) while applying equation defined at ...kframework/builtin/domains.md:1377:8-1377:59
                                     in Kore.Equation.Application:150:81
kore-exec: [2739814] Warning (DecidePredicateUnknown):
    Failed to decide predicate.
Context:
    (DebugEvaluateCondition) while evaluating predicate
        (InfoReachability) while applying axioms
            (DecidePredicateUnknown) while applying equation defined at ...kframework/builtin/domains.md:1377:8-1377:59
                                     in Kore.Equation.Application:150:81
kore-exec: [2784794] Warning (DecidePredicateUnknown):
    Failed to decide predicate.
Context:
    (DebugEvaluateCondition) while evaluating predicate
        (InfoReachability) while applying axioms
            (DecidePredicateUnknown) while applying equation defined at ...kframework/builtin/domains.md:1377:8-1377:59
                                     in Kore.Equation.Application:150:81
kore-exec: [2843357] Warning (DecidePredicateUnknown):
    Failed to decide predicate.
Context:
    (DebugEvaluateCondition) while evaluating predicate
        (InfoReachability) while checking the implication
            (DecidePredicateUnknown) while applying equation defined at ...kframework/builtin/domains.md:1377:8-1377:59
                                     in Kore.Equation.Application:150:81
kore-exec: [2886920] Warning (DecidePredicateUnknown):
    Failed to decide predicate.
Context:
    (DebugEvaluateCondition) while evaluating predicate
        (InfoReachability) while checking the implication
            (DecidePredicateUnknown) while applying equation defined at ...kframework/builtin/domains.md:1377:8-1377:59
                                     in Kore.Equation.Application:150:81
kore-exec: [2931131] Warning (DecidePredicateUnknown):
    Failed to decide predicate.
Context:
    (DebugEvaluateCondition) while evaluating predicate
        (InfoReachability) while applying axioms
            (DecidePredicateUnknown) while applying equation defined at ...kframework/builtin/domains.md:1377:8-1377:59
                                     in Kore.Equation.Application:150:81
kore-exec: [2976160] Warning (DecidePredicateUnknown):
    Failed to decide predicate.
Context:
    (DebugEvaluateCondition) while evaluating predicate
        (InfoReachability) while applying axioms
            (DecidePredicateUnknown) while applying equation defined at ...kframework/builtin/domains.md:1377:8-1377:59
                                     in Kore.Equation.Application:150:81
kore-exec: [3037273] Warning (DecidePredicateUnknown):
    Failed to decide predicate.
Context:
    (DebugEvaluateCondition) while evaluating predicate
        (InfoReachability) while checking the implication
            (DecidePredicateUnknown) while applying equation defined at ...kframework/builtin/domains.md:1377:8-1377:59
                                     in Kore.Equation.Application:150:81
kore-exec: [3088020] Warning (DecidePredicateUnknown):
    Failed to decide predicate.
Context:
    (DebugEvaluateCondition) while evaluating predicate
        (InfoReachability) while checking the implication
            (DecidePredicateUnknown) while applying equation defined at ...kframework/builtin/domains.md:1377:8-1377:59
                                     in Kore.Equation.Application:150:81
kore-exec: [3150947] Warning (DecidePredicateUnknown):
    Failed to decide predicate.
Context:
    (DebugEvaluateCondition) while evaluating predicate
        (InfoReachability) while applying axioms
            (DecidePredicateUnknown) while applying equation defined at ...kframework/builtin/domains.md:1377:8-1377:59
                                     in Kore.Equation.Application:150:81
kore-exec: [3212686] Warning (DecidePredicateUnknown):
    Failed to decide predicate.
Context:
    (DebugEvaluateCondition) while evaluating predicate
        (InfoReachability) while applying axioms
            (DecidePredicateUnknown) while applying equation defined at ...kframework/builtin/domains.md:1377:8-1377:59
                                     in Kore.Equation.Application:150:81
kore-exec: [3281875] Warning (DecidePredicateUnknown):
    Failed to decide predicate.
Context:
    (DebugEvaluateCondition) while evaluating predicate
        (InfoReachability) while checking the implication
            (DecidePredicateUnknown) while applying equation defined at ...kframework/builtin/domains.md:1377:8-1377:59
                                     in Kore.Equation.Application:150:81
kore-exec: [3325454] Warning (DecidePredicateUnknown):
    Failed to decide predicate.
Context:
    (DebugEvaluateCondition) while evaluating predicate
        (InfoReachability) while checking the implication
            (DecidePredicateUnknown) while applying equation defined at ...kframework/builtin/domains.md:1377:8-1377:59
                                     in Kore.Equation.Application:150:81
kore-exec: [3370063] Warning (DecidePredicateUnknown):
    Failed to decide predicate.
Context:
    (DebugEvaluateCondition) while evaluating predicate
        (InfoReachability) while applying axioms
            (DecidePredicateUnknown) while applying equation defined at ...kframework/builtin/domains.md:1377:8-1377:59
                                     in Kore.Equation.Application:150:81
kore-exec: [3436028] Warning (DecidePredicateUnknown):
    Failed to decide predicate.
Context:
    (DebugEvaluateCondition) while evaluating predicate
        (InfoReachability) while applying axioms
            (DecidePredicateUnknown) while applying equation defined at ...kframework/builtin/domains.md:1377:8-1377:59
                                     in Kore.Equation.Application:150:81
kore-exec: [3495821] Warning (DecidePredicateUnknown):
    Failed to decide predicate.
Context:
    (DebugEvaluateCondition) while evaluating predicate
        (InfoReachability) while checking the implication
            (DecidePredicateUnknown) while applying equation defined at ...kframework/builtin/domains.md:1377:8-1377:59
                                     in Kore.Equation.Application:150:81
kore-exec: [3539693] Warning (DecidePredicateUnknown):
    Failed to decide predicate.
Context:
    (DebugEvaluateCondition) while evaluating predicate
        (InfoReachability) while checking the implication
            (DecidePredicateUnknown) while applying equation defined at ...kframework/builtin/domains.md:1377:8-1377:59
                                     in Kore.Equation.Application:150:81
kore-exec: [3584895] Warning (DecidePredicateUnknown):
    Failed to decide predicate.
Context:
    (DebugEvaluateCondition) while evaluating predicate
        (InfoReachability) while applying axioms
            (DecidePredicateUnknown) while applying equation defined at ...kframework/builtin/domains.md:1377:8-1377:59
                                     in Kore.Equation.Application:150:81
kore-exec: [3629010] Warning (DecidePredicateUnknown):
    Failed to decide predicate.
Context:
    (DebugEvaluateCondition) while evaluating predicate
        (InfoReachability) while applying axioms
            (DecidePredicateUnknown) while applying equation defined at ...kframework/builtin/domains.md:1377:8-1377:59
                                     in Kore.Equation.Application:150:81
kore-exec: [3688349] Warning (DecidePredicateUnknown):
    Failed to decide predicate.
Context:
    (DebugEvaluateCondition) while evaluating predicate
        (InfoReachability) while checking the implication
            (DecidePredicateUnknown) while applying equation defined at ...kframework/builtin/domains.md:1377:8-1377:59
                                     in Kore.Equation.Application:150:81
kore-exec: [3732851] Warning (DecidePredicateUnknown):
    Failed to decide predicate.
Context:
    (DebugEvaluateCondition) while evaluating predicate
        (InfoReachability) while checking the implication
            (DecidePredicateUnknown) while applying equation defined at ...kframework/builtin/domains.md:1377:8-1377:59
                                     in Kore.Equation.Application:150:81
kore-exec: [3777341] Warning (DecidePredicateUnknown):
    Failed to decide predicate.
Context:
    (DebugEvaluateCondition) while evaluating predicate
        (InfoReachability) while applying axioms
            (DecidePredicateUnknown) while applying equation defined at ...kframework/builtin/domains.md:1377:8-1377:59
                                     in Kore.Equation.Application:150:81
kore-exec: [3833414] Warning (DecidePredicateUnknown):
    Failed to decide predicate.
Context:
    (DebugEvaluateCondition) while evaluating predicate
        (InfoReachability) while applying axioms
            (DecidePredicateUnknown) while applying equation defined at ...kframework/builtin/domains.md:1377:8-1377:59
                                     in Kore.Equation.Application:150:81
kore-exec: [3893024] Warning (DecidePredicateUnknown):
    Failed to decide predicate.
Context:
    (DebugEvaluateCondition) while evaluating predicate
        (InfoReachability) while checking the implication
            (DecidePredicateUnknown) while applying equation defined at ...kframework/builtin/domains.md:1377:8-1377:59
                                     in Kore.Equation.Application:150:81
kore-exec: [3936286] Warning (DecidePredicateUnknown):
    Failed to decide predicate.
Context:
    (DebugEvaluateCondition) while evaluating predicate
        (InfoReachability) while checking the implication
            (DecidePredicateUnknown) while applying equation defined at ...kframework/builtin/domains.md:1377:8-1377:59
                                     in Kore.Equation.Application:150:81
kore-exec: [3980075] Warning (DecidePredicateUnknown):
    Failed to decide predicate.
Context:
    (DebugEvaluateCondition) while evaluating predicate
        (InfoReachability) while applying axioms
            (DecidePredicateUnknown) while applying equation defined at ...kframework/builtin/domains.md:1377:8-1377:59
                                     in Kore.Equation.Application:150:81
kore-exec: [4027123] Warning (DecidePredicateUnknown):
    Failed to decide predicate.
Context:
    (DebugEvaluateCondition) while evaluating predicate
        (InfoReachability) while applying axioms
            (DecidePredicateUnknown) while applying equation defined at ...kframework/builtin/domains.md:1377:8-1377:59
                                     in Kore.Equation.Application:150:81
kore-exec: [4098995] Warning (DecidePredicateUnknown):
    Failed to decide predicate.
Context:
    (DebugEvaluateCondition) while evaluating predicate
        (InfoReachability) while checking the implication
            (DecidePredicateUnknown) while applying equation defined at ...kframework/builtin/domains.md:1377:8-1377:59
                                     in Kore.Equation.Application:150:81
kore-exec: [4150608] Warning (DecidePredicateUnknown):
    Failed to decide predicate.
Context:
    (DebugEvaluateCondition) while evaluating predicate
        (InfoReachability) while checking the implication
            (DecidePredicateUnknown) while applying equation defined at ...kframework/builtin/domains.md:1377:8-1377:59
                                     in Kore.Equation.Application:150:81
kore-exec: [4197100] Warning (DecidePredicateUnknown):
    Failed to decide predicate.
Context:
    (DebugEvaluateCondition) while evaluating predicate
        (InfoReachability) while applying axioms
            (DecidePredicateUnknown) while applying equation defined at ...kframework/builtin/domains.md:1377:8-1377:59
                                     in Kore.Equation.Application:150:81
kore-exec: [4241214] Warning (DecidePredicateUnknown):
    Failed to decide predicate.
Context:
    (DebugEvaluateCondition) while evaluating predicate
        (InfoReachability) while applying axioms
            (DecidePredicateUnknown) while applying equation defined at ...kframework/builtin/domains.md:1377:8-1377:59
                                     in Kore.Equation.Application:150:81
kore-exec: [4298546] Warning (DecidePredicateUnknown):
    Failed to decide predicate.
Context:
    (DebugEvaluateCondition) while evaluating predicate
        (InfoReachability) while checking the implication
            (DecidePredicateUnknown) while applying equation defined at ...kframework/builtin/domains.md:1377:8-1377:59
                                     in Kore.Equation.Application:150:81
kore-exec: [4348525] Warning (DecidePredicateUnknown):
    Failed to decide predicate.
Context:
    (DebugEvaluateCondition) while evaluating predicate
        (InfoReachability) while checking the implication
            (DecidePredicateUnknown) while applying equation defined at ...kframework/builtin/domains.md:1377:8-1377:59
                                     in Kore.Equation.Application:150:81
kore-exec: [4391664] Warning (DecidePredicateUnknown):
    Failed to decide predicate.
Context:
    (DebugEvaluateCondition) while evaluating predicate
        (InfoReachability) while applying axioms
            (DecidePredicateUnknown) while applying equation defined at ...kframework/builtin/domains.md:1377:8-1377:59
                                     in Kore.Equation.Application:150:81
kore-exec: [4439645] Warning (DecidePredicateUnknown):
    Failed to decide predicate.
Context:
    (DebugEvaluateCondition) while evaluating predicate
        (InfoReachability) while applying axioms
            (DecidePredicateUnknown) while applying equation defined at ...kframework/builtin/domains.md:1377:8-1377:59
                                     in Kore.Equation.Application:150:81
kore-exec: [4513590] Warning (DecidePredicateUnknown):
    Failed to decide predicate.
Context:
    (DebugEvaluateCondition) while evaluating predicate
        (InfoReachability) while checking the implication
            (DecidePredicateUnknown) while applying equation defined at ...kframework/builtin/domains.md:1377:8-1377:59
                                     in Kore.Equation.Application:150:81
kore-exec: [4577740] Warning (DecidePredicateUnknown):
    Failed to decide predicate.
Context:
    (DebugEvaluateCondition) while evaluating predicate
        (InfoReachability) while checking the implication
            (DecidePredicateUnknown) while applying equation defined at ...kframework/builtin/domains.md:1377:8-1377:59
                                     in Kore.Equation.Application:150:81
kore-exec: [4631865] Warning (DecidePredicateUnknown):
    Failed to decide predicate.
Context:
    (DebugEvaluateCondition) while evaluating predicate
        (InfoReachability) while applying axioms
            (DecidePredicateUnknown) while applying equation defined at ...kframework/builtin/domains.md:1377:8-1377:59
                                     in Kore.Equation.Application:150:81
kore-exec: [4690184] Warning (DecidePredicateUnknown):
    Failed to decide predicate.
Context:
    (DebugEvaluateCondition) while evaluating predicate
        (InfoReachability) while applying axioms
            (DecidePredicateUnknown) while applying equation defined at ...kframework/builtin/domains.md:1377:8-1377:59
                                     in Kore.Equation.Application:150:81
kore-exec: [4767522] Warning (DecidePredicateUnknown):
    Failed to decide predicate.
Context:
    (DebugEvaluateCondition) while evaluating predicate
        (InfoReachability) while checking the implication
            (DecidePredicateUnknown) while applying equation defined at ...kframework/builtin/domains.md:1377:8-1377:59
                                     in Kore.Equation.Application:150:81
kore-exec: [4818397] Warning (DecidePredicateUnknown):
    Failed to decide predicate.
Context:
    (DebugEvaluateCondition) while evaluating predicate
        (InfoReachability) while checking the implication
            (DecidePredicateUnknown) while applying equation defined at ...kframework/builtin/domains.md:1377:8-1377:59
                                     in Kore.Equation.Application:150:81
kore-exec: [4865837] Warning (DecidePredicateUnknown):
    Failed to decide predicate.
Context:
    (DebugEvaluateCondition) while evaluating predicate
        (InfoReachability) while applying axioms
            (DecidePredicateUnknown) while applying equation defined at ...kframework/builtin/domains.md:1377:8-1377:59
                                     in Kore.Equation.Application:150:81
kore-exec: [4910846] Warning (DecidePredicateUnknown):
    Failed to decide predicate.
Context:
    (DebugEvaluateCondition) while evaluating predicate
        (InfoReachability) while applying axioms
            (DecidePredicateUnknown) while applying equation defined at ...kframework/builtin/domains.md:1377:8-1377:59
                                     in Kore.Equation.Application:150:81
kore-exec: [4975468] Warning (DecidePredicateUnknown):
    Failed to decide predicate.
Context:
    (DebugEvaluateCondition) while evaluating predicate
        (InfoReachability) while checking the implication
            (DecidePredicateUnknown) while applying equation defined at ...kframework/builtin/domains.md:1377:8-1377:59
                                     in Kore.Equation.Application:150:81
kore-exec: [5021855] Warning (DecidePredicateUnknown):
    Failed to decide predicate.
Context:
    (DebugEvaluateCondition) while evaluating predicate
        (InfoReachability) while checking the implication
            (DecidePredicateUnknown) while applying equation defined at ...kframework/builtin/domains.md:1377:8-1377:59
                                     in Kore.Equation.Application:150:81
kore-exec: [5067084] Warning (DecidePredicateUnknown):
    Failed to decide predicate.
Context:
    (DebugEvaluateCondition) while evaluating predicate
        (InfoReachability) while applying axioms
            (DecidePredicateUnknown) while applying equation defined at ...kframework/builtin/domains.md:1377:8-1377:59
                                     in Kore.Equation.Application:150:81
kore-exec: [5113400] Warning (DecidePredicateUnknown):
    Failed to decide predicate.
Context:
    (DebugEvaluateCondition) while evaluating predicate
        (InfoReachability) while applying axioms
            (DecidePredicateUnknown) while applying equation defined at ...kframework/builtin/domains.md:1377:8-1377:59
                                     in Kore.Equation.Application:150:81
kore-exec: [5182879] Warning (DecidePredicateUnknown):
    Failed to decide predicate.
Context:
    (DebugEvaluateCondition) while evaluating predicate
        (InfoReachability) while checking the implication
            (DecidePredicateUnknown) while applying equation defined at ...kframework/builtin/domains.md:1377:8-1377:59
                                     in Kore.Equation.Application:150:81
kore-exec: [5229224] Warning (DecidePredicateUnknown):
    Failed to decide predicate.
Context:
    (DebugEvaluateCondition) while evaluating predicate
        (InfoReachability) while checking the implication
            (DecidePredicateUnknown) while applying equation defined at ...kframework/builtin/domains.md:1377:8-1377:59
                                     in Kore.Equation.Application:150:81
kore-exec: [5274235] Warning (DecidePredicateUnknown):
    Failed to decide predicate.
Context:
    (DebugEvaluateCondition) while evaluating predicate
        (InfoReachability) while applying axioms
            (DecidePredicateUnknown) while applying equation defined at ...kframework/builtin/domains.md:1377:8-1377:59
                                     in Kore.Equation.Application:150:81
kore-exec: [5319204] Warning (DecidePredicateUnknown):
    Failed to decide predicate.
Context:
    (DebugEvaluateCondition) while evaluating predicate
        (InfoReachability) while applying axioms
            (DecidePredicateUnknown) while applying equation defined at ...kframework/builtin/domains.md:1377:8-1377:59
                                     in Kore.Equation.Application:150:81
kore-exec: [5383326] Warning (DecidePredicateUnknown):
    Failed to decide predicate.
Context:
    (DebugEvaluateCondition) while evaluating predicate
        (InfoReachability) while checking the implication
            (DecidePredicateUnknown) while applying equation defined at ...kframework/builtin/domains.md:1377:8-1377:59
                                     in Kore.Equation.Application:150:81
kore-exec: [5436512] Warning (DecidePredicateUnknown):
    Failed to decide predicate.
Context:
    (DebugEvaluateCondition) while evaluating predicate
        (InfoReachability) while checking the implication
            (DecidePredicateUnknown) while applying equation defined at ...kframework/builtin/domains.md:1377:8-1377:59
                                     in Kore.Equation.Application:150:81
kore-exec: [5495335] Warning (DecidePredicateUnknown):
    Failed to decide predicate.
Context:
    (DebugEvaluateCondition) while evaluating predicate
        (InfoReachability) while applying axioms
            (DecidePredicateUnknown) while applying equation defined at ...kframework/builtin/domains.md:1377:8-1377:59
                                     in Kore.Equation.Application:150:81
kore-exec: [5543890] Warning (DecidePredicateUnknown):
    Failed to decide predicate.
Context:
    (DebugEvaluateCondition) while evaluating predicate
        (InfoReachability) while applying axioms
            (DecidePredicateUnknown) while applying equation defined at ...kframework/builtin/domains.md:1377:8-1377:59
                                     in Kore.Equation.Application:150:81
kore-exec: [5606692] Warning (DecidePredicateUnknown):
    Failed to decide predicate.
Context:
    (DebugEvaluateCondition) while evaluating predicate
        (InfoReachability) while checking the implication
            (DecidePredicateUnknown) while applying equation defined at ...kframework/builtin/domains.md:1377:8-1377:59
                                     in Kore.Equation.Application:150:81
kore-exec: [5658750] Warning (DecidePredicateUnknown):
    Failed to decide predicate.
Context:
    (DebugEvaluateCondition) while evaluating predicate
        (InfoReachability) while checking the implication
            (DecidePredicateUnknown) while applying equation defined at ...kframework/builtin/domains.md:1377:8-1377:59
                                     in Kore.Equation.Application:150:81
kore-exec: [5706604] Warning (DecidePredicateUnknown):
    Failed to decide predicate.
Context:
    (DebugEvaluateCondition) while evaluating predicate
        (InfoReachability) while applying axioms
            (DecidePredicateUnknown) while applying equation defined at ...kframework/builtin/domains.md:1377:8-1377:59
                                     in Kore.Equation.Application:150:81
kore-exec: [5754859] Warning (DecidePredicateUnknown):
    Failed to decide predicate.
Context:
    (DebugEvaluateCondition) while evaluating predicate
        (InfoReachability) while applying axioms
            (DecidePredicateUnknown) while applying equation defined at ...kframework/builtin/domains.md:1377:8-1377:59
                                     in Kore.Equation.Application:150:81
kore-exec: [5837605] Warning (DecidePredicateUnknown):
    Failed to decide predicate.
Context:
    (DebugEvaluateCondition) while evaluating predicate
        (InfoReachability) while checking the implication
            (DecidePredicateUnknown) while applying equation defined at ...kframework/builtin/domains.md:1377:8-1377:59
                                     in Kore.Equation.Application:150:81
kore-exec: [5884641] Warning (DecidePredicateUnknown):
    Failed to decide predicate.
Context:
    (DebugEvaluateCondition) while evaluating predicate
        (InfoReachability) while checking the implication
            (DecidePredicateUnknown) while applying equation defined at ...kframework/builtin/domains.md:1377:8-1377:59
                                     in Kore.Equation.Application:150:81
kore-exec: [5929773] Warning (DecidePredicateUnknown):
    Failed to decide predicate.
Context:
    (DebugEvaluateCondition) while evaluating predicate
        (InfoReachability) while applying axioms
            (DecidePredicateUnknown) while applying equation defined at ...kframework/builtin/domains.md:1377:8-1377:59
                                     in Kore.Equation.Application:150:81
kore-exec: [5975637] Warning (DecidePredicateUnknown):
    Failed to decide predicate.
Context:
    (DebugEvaluateCondition) while evaluating predicate
        (InfoReachability) while applying axioms
            (DecidePredicateUnknown) while applying equation defined at ...kframework/builtin/domains.md:1377:8-1377:59
                                     in Kore.Equation.Application:150:81
kore-exec: [6040317] Warning (DecidePredicateUnknown):
    Failed to decide predicate.
Context:
    (DebugEvaluateCondition) while evaluating predicate
        (InfoReachability) while checking the implication
            (DecidePredicateUnknown) while applying equation defined at ...kframework/builtin/domains.md:1377:8-1377:59
                                     in Kore.Equation.Application:150:81
kore-exec: [6084916] Warning (DecidePredicateUnknown):
    Failed to decide predicate.
Context:
    (DebugEvaluateCondition) while evaluating predicate
        (InfoReachability) while checking the implication
            (DecidePredicateUnknown) while applying equation defined at ...kframework/builtin/domains.md:1377:8-1377:59
                                     in Kore.Equation.Application:150:81
kore-exec: [6130394] Warning (DecidePredicateUnknown):
    Failed to decide predicate.
Context:
    (DebugEvaluateCondition) while evaluating predicate
        (InfoReachability) while applying axioms
            (DecidePredicateUnknown) while applying equation defined at ...kframework/builtin/domains.md:1377:8-1377:59
                                     in Kore.Equation.Application:150:81
kore-exec: [6181730] Warning (DecidePredicateUnknown):
    Failed to decide predicate.
Context:
    (DebugEvaluateCondition) while evaluating predicate
        (InfoReachability) while applying axioms
            (DecidePredicateUnknown) while applying equation defined at ...kframework/builtin/domains.md:1377:8-1377:59
                                     in Kore.Equation.Application:150:81
kore-exec: [6243315] Warning (DecidePredicateUnknown):
    Failed to decide predicate.
Context:
    (DebugEvaluateCondition) while evaluating predicate
        (InfoReachability) while checking the implication
            (DecidePredicateUnknown) while applying equation defined at ...kframework/builtin/domains.md:1377:8-1377:59
                                     in Kore.Equation.Application:150:81
kore-exec: [6287085] Warning (DecidePredicateUnknown):
    Failed to decide predicate.
Context:
    (DebugEvaluateCondition) while evaluating predicate
        (InfoReachability) while checking the implication
            (DecidePredicateUnknown) while applying equation defined at ...kframework/builtin/domains.md:1377:8-1377:59
                                     in Kore.Equation.Application:150:81
kore-exec: [6333422] Warning (DecidePredicateUnknown):
    Failed to decide predicate.
Context:
    (DebugEvaluateCondition) while evaluating predicate
        (InfoReachability) while applying axioms
            (DecidePredicateUnknown) while applying equation defined at ...kframework/builtin/domains.md:1377:8-1377:59
                                     in Kore.Equation.Application:150:81
kore-exec: [6379887] Warning (DecidePredicateUnknown):
    Failed to decide predicate.
Context:
    (DebugEvaluateCondition) while evaluating predicate
        (InfoReachability) while applying axioms
            (DecidePredicateUnknown) while applying equation defined at ...kframework/builtin/domains.md:1377:8-1377:59
                                     in Kore.Equation.Application:150:81
kore-exec: [6440906] Warning (DecidePredicateUnknown):
    Failed to decide predicate.
Context:
    (DebugEvaluateCondition) while evaluating predicate
        (InfoReachability) while checking the implication
            (DecidePredicateUnknown) while applying equation defined at ...kframework/builtin/domains.md:1377:8-1377:59
                                     in Kore.Equation.Application:150:81
kore-exec: [6485827] Warning (DecidePredicateUnknown):
    Failed to decide predicate.
Context:
    (DebugEvaluateCondition) while evaluating predicate
        (InfoReachability) while checking the implication
            (DecidePredicateUnknown) while applying equation defined at ...kframework/builtin/domains.md:1377:8-1377:59
                                     in Kore.Equation.Application:150:81
kore-exec: [6532555] Warning (DecidePredicateUnknown):
    Failed to decide predicate.
Context:
    (DebugEvaluateCondition) while evaluating predicate
        (InfoReachability) while applying axioms
            (DecidePredicateUnknown) while applying equation defined at ...kframework/builtin/domains.md:1377:8-1377:59
                                     in Kore.Equation.Application:150:81
kore-exec: [6578745] Warning (DecidePredicateUnknown):
    Failed to decide predicate.
Context:
    (DebugEvaluateCondition) while evaluating predicate
        (InfoReachability) while applying axioms
            (DecidePredicateUnknown) while applying equation defined at ...kframework/builtin/domains.md:1377:8-1377:59
                                     in Kore.Equation.Application:150:81
kore-exec: [6639608] Warning (DecidePredicateUnknown):
    Failed to decide predicate.
Context:
    (DebugEvaluateCondition) while evaluating predicate
        (InfoReachability) while checking the implication
            (DecidePredicateUnknown) while applying equation defined at ...kframework/builtin/domains.md:1377:8-1377:59
                                     in Kore.Equation.Application:150:81
kore-exec: [6685844] Warning (DecidePredicateUnknown):
    Failed to decide predicate.
Context:
    (DebugEvaluateCondition) while evaluating predicate
        (InfoReachability) while checking the implication
            (DecidePredicateUnknown) while applying equation defined at ...kframework/builtin/domains.md:1377:8-1377:59
                                     in Kore.Equation.Application:150:81
kore-exec: [6733470] Warning (DecidePredicateUnknown):
    Failed to decide predicate.
Context:
    (DebugEvaluateCondition) while evaluating predicate
        (InfoReachability) while applying axioms
            (DecidePredicateUnknown) while applying equation defined at ...kframework/builtin/domains.md:1377:8-1377:59
                                     in Kore.Equation.Application:150:81
kore-exec: [6780282] Warning (DecidePredicateUnknown):
    Failed to decide predicate.
Context:
    (DebugEvaluateCondition) while evaluating predicate
        (InfoReachability) while applying axioms
            (DecidePredicateUnknown) while applying equation defined at ...kframework/builtin/domains.md:1377:8-1377:59
                                     in Kore.Equation.Application:150:81
kore-exec: [6847980] Warning (DecidePredicateUnknown):
    Failed to decide predicate.
Context:
    (DebugEvaluateCondition) while evaluating predicate
        (InfoReachability) while checking the implication
            (DecidePredicateUnknown) while applying equation defined at ...kframework/builtin/domains.md:1377:8-1377:59
                                     in Kore.Equation.Application:150:81
kore-exec: [6902249] Warning (DecidePredicateUnknown):
    Failed to decide predicate.
Context:
    (DebugEvaluateCondition) while evaluating predicate
        (InfoReachability) while checking the implication
            (DecidePredicateUnknown) while applying equation defined at ...kframework/builtin/domains.md:1377:8-1377:59
                                     in Kore.Equation.Application:150:81
kore-exec: [6970022] Warning (DecidePredicateUnknown):
    Failed to decide predicate.
Context:
    (DebugEvaluateCondition) while evaluating predicate
        (InfoReachability) while applying axioms
            (DecidePredicateUnknown) while applying equation defined at ...kframework/builtin/domains.md:1377:8-1377:59
                                     in Kore.Equation.Application:150:81
kore-exec: [7030695] Warning (DecidePredicateUnknown):
    Failed to decide predicate.
Context:
    (DebugEvaluateCondition) while evaluating predicate
        (InfoReachability) while applying axioms
            (DecidePredicateUnknown) while applying equation defined at ...kframework/builtin/domains.md:1377:8-1377:59
                                     in Kore.Equation.Application:150:81
kore-exec: [7101799] Warning (DecidePredicateUnknown):
    Failed to decide predicate.
Context:
    (DebugEvaluateCondition) while evaluating predicate
        (InfoReachability) while checking the implication
            (DecidePredicateUnknown) while applying equation defined at ...kframework/builtin/domains.md:1377:8-1377:59
                                     in Kore.Equation.Application:150:81
kore-exec: [7152666] Warning (DecidePredicateUnknown):
    Failed to decide predicate.
Context:
    (DebugEvaluateCondition) while evaluating predicate
        (InfoReachability) while checking the implication
            (DecidePredicateUnknown) while applying equation defined at ...kframework/builtin/domains.md:1377:8-1377:59
                                     in Kore.Equation.Application:150:81
kore-exec: [7218153] Warning (DecidePredicateUnknown):
    Failed to decide predicate.
Context:
    (DebugEvaluateCondition) while evaluating predicate
        (InfoReachability) while applying axioms
            (DecidePredicateUnknown) while applying equation defined at ...kframework/builtin/domains.md:1377:8-1377:59
                                     in Kore.Equation.Application:150:81
kore-exec: [7292676] Warning (DecidePredicateUnknown):
    Failed to decide predicate.
Context:
    (DebugEvaluateCondition) while evaluating predicate
        (InfoReachability) while applying axioms
            (DecidePredicateUnknown) while applying equation defined at ...kframework/builtin/domains.md:1377:8-1377:59
                                     in Kore.Equation.Application:150:81
kore-exec: [7375108] Warning (DecidePredicateUnknown):
    Failed to decide predicate.
Context:
    (DebugEvaluateCondition) while evaluating predicate
        (InfoReachability) while checking the implication
            (DecidePredicateUnknown) while applying equation defined at ...kframework/builtin/domains.md:1377:8-1377:59
                                     in Kore.Equation.Application:150:81
kore-exec: [7428414] Warning (DecidePredicateUnknown):
    Failed to decide predicate.
Context:
    (DebugEvaluateCondition) while evaluating predicate
        (InfoReachability) while checking the implication
            (DecidePredicateUnknown) while applying equation defined at ...kframework/builtin/domains.md:1377:8-1377:59
                                     in Kore.Equation.Application:150:81
kore-exec: [7505332] Warning (DecidePredicateUnknown):
    Failed to decide predicate.
Context:
    (DebugEvaluateCondition) while evaluating predicate
        (InfoReachability) while applying axioms
            (DecidePredicateUnknown) while applying equation defined at ...kframework/builtin/domains.md:1377:8-1377:59
                                     in Kore.Equation.Application:150:81
kore-exec: [7585866] Warning (DecidePredicateUnknown):
    Failed to decide predicate.
Context:
    (DebugEvaluateCondition) while evaluating predicate
        (InfoReachability) while applying axioms
            (DecidePredicateUnknown) while applying equation defined at ...kframework/builtin/domains.md:1377:8-1377:59
                                     in Kore.Equation.Application:150:81
kore-exec: [7653338] Warning (DecidePredicateUnknown):
    Failed to decide predicate.
Context:
    (DebugEvaluateCondition) while evaluating predicate
        (InfoReachability) while checking the implication
            (DecidePredicateUnknown) while applying equation defined at ...kframework/builtin/domains.md:1377:8-1377:59
                                     in Kore.Equation.Application:150:81
kore-exec: [7722234] Warning (DecidePredicateUnknown):
    Failed to decide predicate.
Context:
    (DebugEvaluateCondition) while evaluating predicate
        (InfoReachability) while checking the implication
            (DecidePredicateUnknown) while applying equation defined at ...kframework/builtin/domains.md:1377:8-1377:59
                                     in Kore.Equation.Application:150:81
kore-exec: [7802742] Warning (DecidePredicateUnknown):
    Failed to decide predicate.
Context:
    (DebugEvaluateCondition) while evaluating predicate
        (InfoReachability) while applying axioms
            (DecidePredicateUnknown) while applying equation defined at ...kframework/builtin/domains.md:1377:8-1377:59
                                     in Kore.Equation.Application:150:81
kore-exec: [7873107] Warning (DecidePredicateUnknown):
    Failed to decide predicate.
Context:
    (DebugEvaluateCondition) while evaluating predicate
        (InfoReachability) while applying axioms
            (DecidePredicateUnknown) while applying equation defined at ...kframework/builtin/domains.md:1377:8-1377:59
                                     in Kore.Equation.Application:150:81
kore-exec: [7980201] Warning (DecidePredicateUnknown):
    Failed to decide predicate.
Context:
    (DebugEvaluateCondition) while evaluating predicate
        (InfoReachability) while checking the implication
            (DecidePredicateUnknown) while applying equation defined at ...kframework/builtin/domains.md:1377:8-1377:59
                                     in Kore.Equation.Application:150:81
kore-exec: [8053497] Warning (DecidePredicateUnknown):
    Failed to decide predicate.
Context:
    (DebugEvaluateCondition) while evaluating predicate
        (InfoReachability) while checking the implication
            (DecidePredicateUnknown) while applying equation defined at ...kframework/builtin/domains.md:1377:8-1377:59
                                     in Kore.Equation.Application:150:81
kore-exec: [8111919] Warning (DecidePredicateUnknown):
    Failed to decide predicate.
Context:
    (DebugEvaluateCondition) while evaluating predicate
        (InfoReachability) while applying axioms
            (DecidePredicateUnknown) while applying equation defined at ...kframework/builtin/domains.md:1377:8-1377:59
                                     in Kore.Equation.Application:150:81
kore-exec: [8159383] Warning (DecidePredicateUnknown):
    Failed to decide predicate.
Context:
    (DebugEvaluateCondition) while evaluating predicate
        (InfoReachability) while applying axioms
            (DecidePredicateUnknown) while applying equation defined at ...kframework/builtin/domains.md:1377:8-1377:59
                                     in Kore.Equation.Application:150:81
kore-exec: [8224797] Warning (DecidePredicateUnknown):
    Failed to decide predicate.
Context:
    (DebugEvaluateCondition) while evaluating predicate
        (InfoReachability) while checking the implication
            (DecidePredicateUnknown) while applying equation defined at ...kframework/builtin/domains.md:1377:8-1377:59
                                     in Kore.Equation.Application:150:81
kore-exec: [8270465] Warning (DecidePredicateUnknown):
    Failed to decide predicate.
Context:
    (DebugEvaluateCondition) while evaluating predicate
        (InfoReachability) while checking the implication
            (DecidePredicateUnknown) while applying equation defined at ...kframework/builtin/domains.md:1377:8-1377:59
                                     in Kore.Equation.Application:150:81
kore-exec: [8351947] Warning (DecidePredicateUnknown):
    Failed to decide predicate.
Context:
    (DebugEvaluateCondition) while evaluating predicate
        (InfoReachability) while applying axioms
            (DecidePredicateUnknown) while applying equation defined at ...kframework/builtin/domains.md:1377:8-1377:59
                                     in Kore.Equation.Application:150:81
kore-exec: [8516967] Warning (DecidePredicateUnknown):
    Failed to decide predicate.
Context:
    (DebugEvaluateCondition) while evaluating predicate
        (InfoReachability) while applying axioms
            (DecidePredicateUnknown) while applying equation defined at ...kframework/builtin/domains.md:1377:8-1377:59
                                     in Kore.Equation.Application:150:81
kore-exec: [8776754] Warning (DecidePredicateUnknown):
    Failed to decide predicate.
Context:
    (DebugEvaluateCondition) while evaluating predicate
        (InfoReachability) while checking the implication
            (DecidePredicateUnknown) while applying equation defined at ...kframework/builtin/domains.md:1377:8-1377:59
                                     in Kore.Equation.Application:150:81
kore-exec: [8934330] Warning (DecidePredicateUnknown):
    Failed to decide predicate.
Context:
    (DebugEvaluateCondition) while evaluating predicate
        (InfoReachability) while checking the implication
            (DecidePredicateUnknown) while applying equation defined at ...kframework/builtin/domains.md:1377:8-1377:59
                                     in Kore.Equation.Application:150:81
kore-exec: [9010087] Warning (DecidePredicateUnknown):
    Failed to decide predicate.
Context:
    (DebugEvaluateCondition) while evaluating predicate
        (InfoReachability) while applying axioms
            (DecidePredicateUnknown) while applying equation defined at ...kframework/builtin/domains.md:1377:8-1377:59
                                     in Kore.Equation.Application:150:81
kore-exec: [9071089] Warning (DecidePredicateUnknown):
    Failed to decide predicate.
Context:
    (DebugEvaluateCondition) while evaluating predicate
        (InfoReachability) while applying axioms
            (DecidePredicateUnknown) while applying equation defined at ...kframework/builtin/domains.md:1377:8-1377:59
                                     in Kore.Equation.Application:150:81
kore-exec: [9168643] Warning (DecidePredicateUnknown):
    Failed to decide predicate.
Context:
    (DebugEvaluateCondition) while evaluating predicate
        (InfoReachability) while checking the implication
            (DecidePredicateUnknown) while applying equation defined at ...kframework/builtin/domains.md:1377:8-1377:59
                                     in Kore.Equation.Application:150:81
kore-exec: [9244745] Warning (DecidePredicateUnknown):
    Failed to decide predicate.
Context:
    (DebugEvaluateCondition) while evaluating predicate
        (InfoReachability) while checking the implication
            (DecidePredicateUnknown) while applying equation defined at ...kframework/builtin/domains.md:1377:8-1377:59
                                     in Kore.Equation.Application:150:81
kore-exec: [9326211] Warning (DecidePredicateUnknown):
    Failed to decide predicate.
Context:
    (DebugEvaluateCondition) while evaluating predicate
        (InfoReachability) while applying axioms
            (DecidePredicateUnknown) while applying equation defined at ...kframework/builtin/domains.md:1377:8-1377:59
                                     in Kore.Equation.Application:150:81
kore-exec: [9407856] Warning (DecidePredicateUnknown):
    Failed to decide predicate.
Context:
    (DebugEvaluateCondition) while evaluating predicate
        (InfoReachability) while applying axioms
            (DecidePredicateUnknown) while applying equation defined at ...kframework/builtin/domains.md:1377:8-1377:59
                                     in Kore.Equation.Application:150:81
kore-exec: [9522158] Warning (DecidePredicateUnknown):
    Failed to decide predicate.
Context:
    (DebugEvaluateCondition) while evaluating predicate
        (InfoReachability) while checking the implication
            (DecidePredicateUnknown) while applying equation defined at ...kframework/builtin/domains.md:1377:8-1377:59
                                     in Kore.Equation.Application:150:81
kore-exec: [9598946] Warning (DecidePredicateUnknown):
    Failed to decide predicate.
Context:
    (DebugEvaluateCondition) while evaluating predicate
        (InfoReachability) while checking the implication
            (DecidePredicateUnknown) while applying equation defined at ...kframework/builtin/domains.md:1377:8-1377:59
                                     in Kore.Equation.Application:150:81
kore-exec: [9671530] Warning (DecidePredicateUnknown):
    Failed to decide predicate.
Context:
    (DebugEvaluateCondition) while evaluating predicate
        (InfoReachability) while applying axioms
            (DecidePredicateUnknown) while applying equation defined at ...kframework/builtin/domains.md:1377:8-1377:59
                                     in Kore.Equation.Application:150:81
kore-exec: [9744212] Warning (DecidePredicateUnknown):
    Failed to decide predicate.
Context:
    (DebugEvaluateCondition) while evaluating predicate
        (InfoReachability) while applying axioms
            (DecidePredicateUnknown) while applying equation defined at ...kframework/builtin/domains.md:1377:8-1377:59
                                     in Kore.Equation.Application:150:81
kore-exec: [9840788] Warning (DecidePredicateUnknown):
    Failed to decide predicate.
Context:
    (DebugEvaluateCondition) while evaluating predicate
        (InfoReachability) while simplifying the claim
            (DecidePredicateUnknown) while applying equation defined at ...kframework/builtin/domains.md:1377:8-1377:59
                                     in Kore.Equation.Application:150:81
kore-exec: [9910288] Warning (DecidePredicateUnknown):
    Failed to decide predicate.
Context:
    (DebugEvaluateCondition) while evaluating predicate
        (InfoReachability) while simplifying the claim
            (DecidePredicateUnknown) while applying equation defined at ...kframework/builtin/domains.md:1377:8-1377:59
                                     in Kore.Equation.Application:150:81
kore-exec: [9990593] Warning (DecidePredicateUnknown):
    Failed to decide predicate.
Context:
    (DebugEvaluateCondition) while evaluating predicate
        (InfoReachability) while checking the implication
            (DecidePredicateUnknown) while applying equation defined at ...kframework/builtin/domains.md:1377:8-1377:59
                                     in Kore.Equation.Application:150:81
kore-exec: [10061041] Warning (DecidePredicateUnknown):
    Failed to decide predicate.
Context:
    (DebugEvaluateCondition) while evaluating predicate
        (InfoReachability) while checking the implication
            (DecidePredicateUnknown) while applying equation defined at ...kframework/builtin/domains.md:1377:8-1377:59
                                     in Kore.Equation.Application:150:81
kore-exec: [10137093] Warning (DecidePredicateUnknown):
    Failed to decide predicate.
Context:
    (DebugEvaluateCondition) while evaluating predicate
        (InfoReachability) while applying axioms
            (DecidePredicateUnknown) while applying equation defined at ...kframework/builtin/domains.md:1377:8-1377:59
                                     in Kore.Equation.Application:150:81
kore-exec: [10193124] Warning (DecidePredicateUnknown):
    Failed to decide predicate.
Context:
    (DebugEvaluateCondition) while evaluating predicate
        (InfoReachability) while applying axioms
            (DecidePredicateUnknown) while applying equation defined at ...kframework/builtin/domains.md:1377:8-1377:59
                                     in Kore.Equation.Application:150:81
kore-exec: [10273378] Warning (DecidePredicateUnknown):
    Failed to decide predicate.
Context:
    (DebugEvaluateCondition) while evaluating predicate
        (InfoReachability) while checking the implication
            (DecidePredicateUnknown) while applying equation defined at ...kframework/builtin/domains.md:1377:8-1377:59
                                     in Kore.Equation.Application:150:81
kore-exec: [10349989] Warning (DecidePredicateUnknown):
    Failed to decide predicate.
Context:
    (DebugEvaluateCondition) while evaluating predicate
        (InfoReachability) while checking the implication
            (DecidePredicateUnknown) while applying equation defined at ...kframework/builtin/domains.md:1377:8-1377:59
                                     in Kore.Equation.Application:150:81
kore-exec: [10430848] Warning (DecidePredicateUnknown):
    Failed to decide predicate.
Context:
    (DebugEvaluateCondition) while evaluating predicate
        (InfoReachability) while applying axioms
            (DecidePredicateUnknown) while applying equation defined at ...kframework/builtin/domains.md:1377:8-1377:59
                                     in Kore.Equation.Application:150:81
kore-exec: [10485435] Warning (DecidePredicateUnknown):
    Failed to decide predicate.
Context:
    (DebugEvaluateCondition) while evaluating predicate
        (InfoReachability) while applying axioms
            (DecidePredicateUnknown) while applying equation defined at ...kframework/builtin/domains.md:1377:8-1377:59
                                     in Kore.Equation.Application:150:81
kore-exec: [10575027] Warning (DecidePredicateUnknown):
    Failed to decide predicate.
Context:
    (DebugEvaluateCondition) while evaluating predicate
        (InfoReachability) while checking the implication
            (DecidePredicateUnknown) while applying equation defined at ...kframework/builtin/domains.md:1377:8-1377:59
                                     in Kore.Equation.Application:150:81
kore-exec: [10638486] Warning (DecidePredicateUnknown):
    Failed to decide predicate.
Context:
    (DebugEvaluateCondition) while evaluating predicate
        (InfoReachability) while checking the implication
            (DecidePredicateUnknown) while applying equation defined at ...kframework/builtin/domains.md:1377:8-1377:59
                                     in Kore.Equation.Application:150:81
kore-exec: [10691581] Warning (DecidePredicateUnknown):
    Failed to decide predicate.
Context:
    (DebugEvaluateCondition) while evaluating predicate
        (InfoReachability) while applying axioms
            (DecidePredicateUnknown) while applying equation defined at ...kframework/builtin/domains.md:1377:8-1377:59
                                     in Kore.Equation.Application:150:81
kore-exec: [10740883] Warning (DecidePredicateUnknown):
    Failed to decide predicate.
Context:
    (DebugEvaluateCondition) while evaluating predicate
        (InfoReachability) while applying axioms
            (DecidePredicateUnknown) while applying equation defined at ...kframework/builtin/domains.md:1377:8-1377:59
                                     in Kore.Equation.Application:150:81
kore-exec: [10810518] Warning (DecidePredicateUnknown):
    Failed to decide predicate.
Context:
    (DebugEvaluateCondition) while evaluating predicate
        (InfoReachability) while checking the implication
            (DecidePredicateUnknown) while applying equation defined at ...kframework/builtin/domains.md:1377:8-1377:59
                                     in Kore.Equation.Application:150:81
kore-exec: [10858607] Warning (DecidePredicateUnknown):
    Failed to decide predicate.
Context:
    (DebugEvaluateCondition) while evaluating predicate
        (InfoReachability) while checking the implication
            (DecidePredicateUnknown) while applying equation defined at ...kframework/builtin/domains.md:1377:8-1377:59
                                     in Kore.Equation.Application:150:81
kore-exec: [10906271] Warning (DecidePredicateUnknown):
    Failed to decide predicate.
Context:
    (DebugEvaluateCondition) while evaluating predicate
        (InfoReachability) while applying axioms
            (DecidePredicateUnknown) while applying equation defined at ...kframework/builtin/domains.md:1377:8-1377:59
                                     in Kore.Equation.Application:150:81
kore-exec: [10951542] Warning (DecidePredicateUnknown):
    Failed to decide predicate.
Context:
    (DebugEvaluateCondition) while evaluating predicate
        (InfoReachability) while applying axioms
            (DecidePredicateUnknown) while applying equation defined at ...kframework/builtin/domains.md:1377:8-1377:59
                                     in Kore.Equation.Application:150:81
kore-exec: [11009941] Warning (DecidePredicateUnknown):
    Failed to decide predicate.
Context:
    (DebugEvaluateCondition) while evaluating predicate
        (InfoReachability) while checking the implication
            (DecidePredicateUnknown) while applying equation defined at ...kframework/builtin/domains.md:1377:8-1377:59
                                     in Kore.Equation.Application:150:81
kore-exec: [11055447] Warning (DecidePredicateUnknown):
    Failed to decide predicate.
Context:
    (DebugEvaluateCondition) while evaluating predicate
        (InfoReachability) while checking the implication
            (DecidePredicateUnknown) while applying equation defined at ...kframework/builtin/domains.md:1377:8-1377:59
                                     in Kore.Equation.Application:150:81
kore-exec: [11110992] Warning (DecidePredicateUnknown):
    Failed to decide predicate.
Context:
    (DebugEvaluateCondition) while evaluating predicate
        (InfoReachability) while applying axioms
            (DecidePredicateUnknown) while applying equation defined at ...kframework/builtin/domains.md:1377:8-1377:59
                                     in Kore.Equation.Application:150:81
kore-exec: [11163062] Warning (DecidePredicateUnknown):
    Failed to decide predicate.
Context:
    (DebugEvaluateCondition) while evaluating predicate
        (InfoReachability) while applying axioms
            (DecidePredicateUnknown) while applying equation defined at ...kframework/builtin/domains.md:1377:8-1377:59
                                     in Kore.Equation.Application:150:81
kore-exec: [11221255] Warning (DecidePredicateUnknown):
    Failed to decide predicate.
Context:
    (DebugEvaluateCondition) while evaluating predicate
        (InfoReachability) while simplifying the claim
            (DecidePredicateUnknown) while applying equation defined at ...kframework/builtin/domains.md:1377:8-1377:59
                                     in Kore.Equation.Application:150:81
kore-exec: [11268167] Warning (DecidePredicateUnknown):
    Failed to decide predicate.
Context:
    (DebugEvaluateCondition) while evaluating predicate
        (InfoReachability) while simplifying the claim
            (DecidePredicateUnknown) while applying equation defined at ...kframework/builtin/domains.md:1377:8-1377:59
                                     in Kore.Equation.Application:150:81
kore-exec: [11311645] Warning (DecidePredicateUnknown):
    Failed to decide predicate.
Context:
    (DebugEvaluateCondition) while evaluating predicate
        (InfoReachability) while simplifying the claim
            (DecidePredicateUnknown) while applying equation defined at ...kframework/builtin/domains.md:1377:8-1377:59
                                     in Kore.Equation.Application:150:81
kore-exec: [11358617] Warning (DecidePredicateUnknown):
    Failed to decide predicate.
Context:
    (DebugEvaluateCondition) while evaluating predicate
        (InfoReachability) while simplifying the claim
            (DecidePredicateUnknown) while applying equation defined at ...kframework/builtin/domains.md:1377:8-1377:59
                                     in Kore.Equation.Application:150:81
kore-exec: [11408332] Warning (DecidePredicateUnknown):
    Failed to decide predicate.
Context:
    (DebugEvaluateCondition) while evaluating predicate
        (InfoReachability) while simplifying the claim
            (DecidePredicateUnknown) while applying equation defined at ...kframework/builtin/domains.md:1377:8-1377:59
                                     in Kore.Equation.Application:150:81
kore-exec: [11461098] Warning (DecidePredicateUnknown):
    Failed to decide predicate.
Context:
    (DebugEvaluateCondition) while evaluating predicate
        (InfoReachability) while simplifying the claim
            (DecidePredicateUnknown) while applying equation defined at ...kframework/builtin/domains.md:1377:8-1377:59
                                     in Kore.Equation.Application:150:81
kore-exec: [11521699] Warning (DecidePredicateUnknown):
    Failed to decide predicate.
Context:
    (DebugEvaluateCondition) while evaluating predicate
        (InfoReachability) while simplifying the claim
            (DecidePredicateUnknown) while applying equation defined at ...kframework/builtin/domains.md:1377:8-1377:59
                                     in Kore.Equation.Application:150:81
kore-exec: [11579940] Warning (DecidePredicateUnknown):
    Failed to decide predicate.
Context:
    (DebugEvaluateCondition) while evaluating predicate
        (InfoReachability) while simplifying the claim
            (DecidePredicateUnknown) while applying equation defined at ...kframework/builtin/domains.md:1377:8-1377:59
                                     in Kore.Equation.Application:150:81
kore-exec: [11644831] Warning (DecidePredicateUnknown):
    Failed to decide predicate.
Context:
    (DebugEvaluateCondition) while evaluating predicate
        (InfoReachability) while simplifying the claim
            (DecidePredicateUnknown) while applying equation defined at ...kframework/builtin/domains.md:1377:8-1377:59
                                     in Kore.Equation.Application:150:81
kore-exec: [11696512] Warning (DecidePredicateUnknown):
    Failed to decide predicate.
Context:
    (DebugEvaluateCondition) while evaluating predicate
        (InfoReachability) while simplifying the claim
            (DecidePredicateUnknown) while applying equation defined at ...kframework/builtin/domains.md:1377:8-1377:59
                                     in Kore.Equation.Application:150:81
kore-exec: [11747426] Warning (DecidePredicateUnknown):
    Failed to decide predicate.
Context:
    (DebugEvaluateCondition) while evaluating predicate
        (InfoReachability) while checking the implication
            (DecidePredicateUnknown) while applying equation defined at ...kframework/builtin/domains.md:1377:8-1377:59
                                     in Kore.Equation.Application:150:81
kore-exec: [11803708] Warning (DecidePredicateUnknown):
    Failed to decide predicate.
Context:
    (DebugEvaluateCondition) while evaluating predicate
        (InfoReachability) while checking the implication
            (DecidePredicateUnknown) while applying equation defined at ...kframework/builtin/domains.md:1377:8-1377:59
                                     in Kore.Equation.Application:150:81
kore-exec: [11869013] Warning (DecidePredicateUnknown):
    Failed to decide predicate.
Context:
    (DebugEvaluateCondition) while evaluating predicate
        (InfoReachability) while checking the implication
            (DecidePredicateUnknown) while applying equation defined at ...kframework/builtin/domains.md:1377:8-1377:59
                                     in Kore.Equation.Application:150:81
kore-exec: [11925003] Warning (DecidePredicateUnknown):
    Failed to decide predicate.
Context:
    (DebugEvaluateCondition) while evaluating predicate
        (InfoReachability) while checking the implication
            (DecidePredicateUnknown) while applying equation defined at ...kframework/builtin/domains.md:1377:8-1377:59
                                     in Kore.Equation.Application:150:81
kore-exec: [11979793] Warning (DecidePredicateUnknown):
    Failed to decide predicate.
Context:
    (DebugEvaluateCondition) while evaluating predicate
        (InfoReachability) while applying axioms
            (DecidePredicateUnknown) while applying equation defined at ...kframework/builtin/domains.md:1377:8-1377:59
                                     in Kore.Equation.Application:150:81
kore-exec: [12031340] Warning (DecidePredicateUnknown):
    Failed to decide predicate.
Context:
    (DebugEvaluateCondition) while evaluating predicate
        (InfoReachability) while applying axioms
            (DecidePredicateUnknown) while applying equation defined at ...kframework/builtin/domains.md:1377:8-1377:59
                                     in Kore.Equation.Application:150:81
kore-exec: [12092436] Warning (DecidePredicateUnknown):
    Failed to decide predicate.
Context:
    (DebugEvaluateCondition) while evaluating predicate
        (InfoReachability) while applying axioms
            (DecidePredicateUnknown) while applying equation defined at ...kframework/builtin/domains.md:1377:8-1377:59
                                     in Kore.Equation.Application:150:81
kore-exec: [12143686] Warning (DecidePredicateUnknown):
    Failed to decide predicate.
Context:
    (DebugEvaluateCondition) while evaluating predicate
        (InfoReachability) while applying axioms
            (DecidePredicateUnknown) while applying equation defined at ...kframework/builtin/domains.md:1377:8-1377:59
                                     in Kore.Equation.Application:150:81
kore-exec: [12193986] Warning (DecidePredicateUnknown):
    Failed to decide predicate.
Context:
    (DebugEvaluateCondition) while evaluating predicate
        (InfoReachability) while applying axioms
            (DecidePredicateUnknown) while applying equation defined at ...kframework/builtin/domains.md:1377:8-1377:59
                                     in Kore.Equation.Application:150:81
kore-exec: [12248314] Warning (DecidePredicateUnknown):
    Failed to decide predicate.
Context:
    (DebugEvaluateCondition) while evaluating predicate
        (InfoReachability) while applying axioms
            (DecidePredicateUnknown) while applying equation defined at ...kframework/builtin/domains.md:1377:8-1377:59
                                     in Kore.Equation.Application:150:81
kore-exec: [12291364] Warning (DecidePredicateUnknown):
    Failed to decide predicate.
Context:
    (DebugEvaluateCondition) while evaluating predicate
        (InfoReachability) while applying axioms
            (DecidePredicateUnknown) while applying equation defined at ...kframework/builtin/domains.md:1377:8-1377:59
                                     in Kore.Equation.Application:150:81
kore-exec: [12335324] Warning (DecidePredicateUnknown):
    Failed to decide predicate.
Context:
    (DebugEvaluateCondition) while evaluating predicate
        (InfoReachability) while applying axioms
            (DecidePredicateUnknown) while applying equation defined at ...kframework/builtin/domains.md:1377:8-1377:59
                                     in Kore.Equation.Application:150:81
kore-exec: [12380348] Warning (DecidePredicateUnknown):
    Failed to decide predicate.
Context:
    (DebugEvaluateCondition) while evaluating predicate
        (InfoReachability) while applying axioms
            (DecidePredicateUnknown) while applying equation defined at ...kframework/builtin/domains.md:1377:8-1377:59
                                     in Kore.Equation.Application:150:81
kore-exec: [12427986] Warning (DecidePredicateUnknown):
    Failed to decide predicate.
Context:
    (DebugEvaluateCondition) while evaluating predicate
        (InfoReachability) while applying axioms
            (DecidePredicateUnknown) while applying equation defined at ...kframework/builtin/domains.md:1377:8-1377:59
                                     in Kore.Equation.Application:150:81
kore-exec: [12474500] Warning (DecidePredicateUnknown):
    Failed to decide predicate.
Context:
    (DebugEvaluateCondition) while evaluating predicate
        (InfoReachability) while applying axioms
            (DecidePredicateUnknown) while applying equation defined at ...kframework/builtin/domains.md:1377:8-1377:59
                                     in Kore.Equation.Application:150:81
kore-exec: [12521686] Warning (DecidePredicateUnknown):
    Failed to decide predicate.
Context:
    (DebugEvaluateCondition) while evaluating predicate
        (InfoReachability) while applying axioms
            (DecidePredicateUnknown) while applying equation defined at ...kframework/builtin/domains.md:1377:8-1377:59
                                     in Kore.Equation.Application:150:81
kore-exec: [12582340] Warning (DecidePredicateUnknown):
    Failed to decide predicate.
Context:
    (DebugEvaluateCondition) while evaluating predicate
        (InfoReachability) while checking the implication
            (DecidePredicateUnknown) while applying equation defined at ...kframework/builtin/domains.md:1377:8-1377:59
                                     in Kore.Equation.Application:150:81
kore-exec: [12629653] Warning (DecidePredicateUnknown):
    Failed to decide predicate.
Context:
    (DebugEvaluateCondition) while evaluating predicate
        (InfoReachability) while checking the implication
            (DecidePredicateUnknown) while applying equation defined at ...kframework/builtin/domains.md:1377:8-1377:59
                                     in Kore.Equation.Application:150:81
#Top
EXIT_STATUS: 0
