Script started on 2026-07-27 23:37:22-05:00 [<not executed on terminal>]
{
  "designated_sorry_count": 0,
  "diagnostics": [
    {
      "command": [
        "lake",
        "clean"
      ],
      "exit_code": 0,
      "output_sha256": "e3b0c44298fc1c149afbf4c8996fb92427ae41e4649b934ca495991b7852b855",
      "output_tail": ""
    },
    {
      "command": [
        "lake",
        "build"
      ],
      "exit_code": 0,
      "output_sha256": "1ffacd40cb932a86bbc033055728944c6526acef93d57b2658b95d94b4f41dc2",
      "output_tail": "\u2714 [2/9] Built Klean77Iscube.Prelude\n\u2714 [3/9] Built Klean77Iscube.Sorts\n\u2714 [4/9] Built Klean77Iscube.Inj\n\u2714 [5/9] Built Klean77Iscube.Func\n\u26a0 [6/9] Built Klean77Iscube.Lemmas\nwarning: Klean77Iscube/Lemmas.lean:19:50: unused variable `h`\n\nNote: This linter can be disabled with `set_option linter.unusedVariables false`\nwarning: Klean77Iscube/Lemmas.lean:20:52: unused variable `h`\n\nNote: This linter can be disabled with `set_option linter.unusedVariables false`\n\u2714 [7/9] Built Klean77Iscube.Rewrite\n\u2714 [8/9] Built Klean77Iscube\nBuild completed successfully.\n"
    }
  ],
  "frozen_input_sha256": "bb5a6d7c5a368cef32fdefa06f1fefce90aab1a7240b995eb522702fc03a9e2d",
  "generated_tree_sha256": "01021315ed43f873b7dfd83015184249e65b44416a4e3a4d94bf6e27301f68d1",
  "obligation_count": 2,
  "schema_version": 3,
  "stage1_workspace_sha256": "bb5a6d7c5a368cef32fdefa06f1fefce90aab1a7240b995eb522702fc03a9e2d",
  "stage3_discovery_manifest_sha256": "15dc8f8202c2f2bba0a6043e762654a6ecbc4ebdd979765a531e7635eb0888b3",
  "status": "PASS",
  "target": {
    "declaration": "Klean77Iscube.Lemmas.targetStatement",
    "definition_sha256": "c3c8b0cf83982c67b43958d67a0d411a787722dfb126effabceb89bbd25d9fd6",
    "file": "Klean77Iscube/Lemmas.lean",
    "parameters": [
      {
        "binding_sha256": "76d51a34e817ca75ea5700d625bd72e3d86b8d16184aa3104bb8b2a88d615d11",
        "kore_symbol": "Lbl'Unds'-Int'Unds'",
        "name": "\u00ab_-Int_\u00bb",
        "source_rule_ids": [
          "rule-71fab8be3031badfbb8efe37c8587b786b455d6670cf74a013dbf65634d49027",
          "rule-5cd618327b17d41867b4a5cadea7277532d58e8066be05ee8bd76b5c99b6690f"
        ],
        "type": "SortInt \u2192 SortInt \u2192 SortInt"
      },
      {
        "binding_sha256": "74ffa8d27f0d94885d090179a403d553807302ac4b1a87bea92c347fbf807e72",
        "kore_symbol": "Lbl'Unds'andBool'Unds'",
        "name": "_andBool_",
        "source_rule_ids": [
          "rule-71fab8be3031badfbb8efe37c8587b786b455d6670cf74a013dbf65634d49027",
          "rule-5cd618327b17d41867b4a5cadea7277532d58e8066be05ee8bd76b5c99b6690f"
        ],
        "type": "SortBool \u2192 SortBool \u2192 SortBool"
      },
      {
        "binding_sha256": "576ac2c9f89ae7f837afd59e28cdc84188e02ca4b322436cd40b866f01697d6a",
        "kore_symbol": "Lbl'Unds-GT-Eqls'Int'Unds'",
        "name": "\u00ab_>=Int_\u00bb",
        "source_rule_ids": [
          "rule-5cd618327b17d41867b4a5cadea7277532d58e8066be05ee8bd76b5c99b6690f"
        ],
        "type": "SortInt \u2192 SortInt \u2192 SortBool"
      },
      {
        "binding_sha256": "3f592c5e887fb35315658fd7de25962700ef7b895c48890a8abdc7ae0e7b3418",
        "kore_symbol": "Lbl'Unds-LT-'Int'Unds'",
        "name": "\u00ab_<Int_\u00bb",
        "source_rule_ids": [
          "rule-71fab8be3031badfbb8efe37c8587b786b455d6670cf74a013dbf65634d49027",
          "rule-5cd618327b17d41867b4a5cadea7277532d58e8066be05ee8bd76b5c99b6690f"
        ],
        "type": "SortInt \u2192 SortInt \u2192 SortBool"
      },
      {
        "binding_sha256": "bd341e5a7b2df7689022c15cd8adcefb2b66663dbdd9a76c0943f7811c935f28",
        "kore_symbol": "Lbl'Unds-LT-Eqls'Int'Unds'",
        "name": "\u00ab_<=Int_\u00bb",
        "source_rule_ids": [
          "rule-71fab8be3031badfbb8efe37c8587b786b455d6670cf74a013dbf65634d49027",
          "rule-5cd618327b17d41867b4a5cadea7277532d58e8066be05ee8bd76b5c99b6690f"
        ],
        "type": "SortInt \u2192 SortInt \u2192 SortBool"
      },
      {
        "binding_sha256": "f3ea0ed053a5281817cbf39081dbbe77c8ab7265efbc7b3966fc58f7a1a7bc4b",
        "kore_symbol": "Lbl'UndsEqlsEqls'Int'Unds'",
        "name": "\u00ab_==Int_\u00bb",
        "source_rule_ids": [
          "rule-5cd618327b17d41867b4a5cadea7277532d58e8066be05ee8bd76b5c99b6690f"
        ],
        "type": "SortInt \u2192 SortInt \u2192 SortBool"
      },
      {
        "binding_sha256": "6e07b2da1d6b37cbd9749f3bbed5b285a8bea3b24fb095bef3b7c6ac7d42edf1",
        "kore_symbol": "Lbl'UndsPlus'Int'Unds'",
        "name": "\u00ab_+Int_\u00bb",
        "source_rule_ids": [
          "rule-71fab8be3031badfbb8efe37c8587b786b455d6670cf74a013dbf65634d49027",
          "rule-5cd618327b17d41867b4a5cadea7277532d58e8066be05ee8bd76b5c99b6690f"
        ],
        "type": "SortInt \u2192 SortInt \u2192 SortInt"
      },
      {
        "binding_sha256": "fd24323c5a09e9e323d2136f1f67b732c7943137c8c6e8b636ddd978b6c2dd86",
        "kore_symbol": "Lbl'UndsStar'Int'Unds'",
        "name": "\u00ab_*Int_\u00bb",
        "source_rule_ids": [
          "rule-71fab8be3031badfbb8efe37c8587b786b455d6670cf74a013dbf65634d49027",
          "rule-5cd618327b17d41867b4a5cadea7277532d58e8066be05ee8bd76b5c99b6690f"
        ],
        "type": "SortInt \u2192 SortInt \u2192 SortInt"
      }
    ],
    "statement": "Klean77Iscube.Lemmas.targetStatement \u00ab_-Int_\u00bb _andBool_ \u00ab_>=Int_\u00bb \u00ab_<Int_\u00bb \u00ab_<=Int_\u00bb \u00ab_==Int_\u00bb \u00ab_+Int_\u00bb \u00ab_*Int_\u00bb",
    "statement_sha256": "62d5c1728b668edca6cedca0e3d7d020894b66bc4a1c9be50e791dbca195cebb"
  },
  "trust_declaration_count": 44
}

Script done on 2026-07-27 23:37:24-05:00 [COMMAND_EXIT_CODE="0"]
