COMMAND: /bin/bash -lc set\ -euo\ pipefail\;\ mkdir\ -p\ /tmp/audit-work/reconstruction\;\ cp\ -a\ /candidate/reference-semantics\ /tmp/audit-work/reconstruction/reference-semantics\;\ cp\ -a\ /candidate/solution.py\ /candidate/solution.mpy\ /candidate/spec.k\ /candidate/verification.k\ /tmp/audit-work/reconstruction/\;\ cp\ -a\ /reference/canonical.py\ /reference/prompt.py\ /reference/py2mpy.py\ /tmp/audit-work/reconstruction/\;\ find\ /tmp/audit-work/reconstruction\ -type\ f\ -printf\ \"%P\\n\"\ \|\ sort
canonical.py
prompt.py
py2mpy.py
reference-semantics/semantics.k
reference-semantics/semantics/assert.k
reference-semantics/semantics/bool.k
reference-semantics/semantics/builtins.k
reference-semantics/semantics/call.k
reference-semantics/semantics/comprehension.k
reference-semantics/semantics/concrete.k
reference-semantics/semantics/controls.k
reference-semantics/semantics/core.k
reference-semantics/semantics/dict.k
reference-semantics/semantics/float.k
reference-semantics/semantics/functions.k
reference-semantics/semantics/int.k
reference-semantics/semantics/iter.k
reference-semantics/semantics/list.k
reference-semantics/semantics/methods.k
reference-semantics/semantics/operators.k
reference-semantics/semantics/range.k
reference-semantics/semantics/set.k
reference-semantics/semantics/sort.k
reference-semantics/semantics/str.k
reference-semantics/semantics/subscript.k
reference-semantics/semantics/syntax.k
reference-semantics/semantics/tuple.k
solution.mpy
solution.py
spec.k
verification.k
EXIT_STATUS: 0
