+ counterfactual=/tmp/audit-work/35-max-element-counterfactual
+ test '!' -e /tmp/audit-work/35-max-element-counterfactual
+ mkdir -p /tmp/audit-work/35-max-element-counterfactual/Base
+ cp /candidate/Proof.lean /candidate/lakefile.lean /candidate/lean-toolchain /tmp/audit-work/35-max-element-counterfactual/
+ cp -a /reference/klean-generation/generated/. /tmp/audit-work/35-max-element-counterfactual/Base/
+ sed -i '461s/:= floatMaxImpl/:= fun _ _ => 0.0/' /tmp/audit-work/35-max-element-counterfactual/Proof.lean
+ sed -i '463s/:= floatMaxImpl/:= fun _ _ => 0.0/' /tmp/audit-work/35-max-element-counterfactual/Proof.lean
+ diff -u /candidate/Proof.lean /tmp/audit-work/35-max-element-counterfactual/Proof.lean
--- /candidate/Proof.lean	2026-07-31 03:34:25.589391953 -0500
+++ /tmp/audit-work/35-max-element-counterfactual/Proof.lean	2026-07-31 05:15:47.115750103 -0500
@@ -458,9 +458,9 @@
 /- KORE symbol: LblisStr; frozen source obligations: rule-eba3d8bb8496c9c5885aaf564d4bb58cbf5f171260b498cb2ecf9199e4de2bb6, rule-3802c35df0656a078865fc6fd93f989eff8400fa623325e53283e267b01869a2, rule-23d7b940397fb8e3365532e4a44710e62c2afe797886ebd6bdd7d8fe6e2f503d. Replace this stub with its honest total meaning from the frozen K semantics. -/
 def isStr : SortK → SortBool := isStrImpl
 /- KORE symbol: LblmaxFOpaque; frozen source obligations: rule-d3c655f03d0599014d0675fb90b301045c507f274904692d149e1aa3aa5fcc6e. Replace this stub with its honest total meaning from the frozen K semantics. -/
-def maxFOpaque : SortFloat → SortFloat → SortFloat := floatMaxImpl
+def maxFOpaque : SortFloat → SortFloat → SortFloat := fun _ _ => 0.0
 /- KORE symbol: LblmaxFloat'LParUndsCommUndsRParUnds'FLOAT'Unds'Float'Unds'Float'Unds'Float; frozen source obligations: rule-d3c655f03d0599014d0675fb90b301045c507f274904692d149e1aa3aa5fcc6e. Replace this stub with its honest total meaning from the frozen K semantics. -/
-def «maxFloat(_,_)_FLOAT_Float_Float_Float» : SortFloat → SortFloat → SortFloat := floatMaxImpl
+def «maxFloat(_,_)_FLOAT_Float_Float_Float» : SortFloat → SortFloat → SortFloat := fun _ _ => 0.0
 /- KORE symbol: LblnumericGt'LParUndsCommUndsRParUnds'VERIFICATION'Unds'Bool'Unds'NumericView'Unds'NumericView; frozen source obligations: rule-0dd31e82f28e4e2268dc5cc10687de07aaa748c918fc5655ad750edc7d27060e. Replace this stub with its honest total meaning from the frozen K semantics. -/
 def «numericGt(_,_)_VERIFICATION_Bool_NumericView_NumericView» : SortNumericView → SortNumericView → SortBool := numericGreaterImpl
 /- KORE symbol: LblnumericView'LParUndsRParUnds'VERIFICATION'Unds'NumericView'Unds'Val; frozen source obligations: rule-0dd31e82f28e4e2268dc5cc10687de07aaa748c918fc5655ad750edc7d27060e. Replace this stub with its honest total meaning from the frozen K semantics. -/
+ test 1 -eq 1
+ cd /tmp/audit-work/35-max-element-counterfactual
+ export LD_PRELOAD=/tmp/audit-work/proc_pid_shim.so
+ LD_PRELOAD=/tmp/audit-work/proc_pid_shim.so
+ lake clean
info: proof: no previous manifest, creating one from scratch
info: toolchain not updated; already up-to-date
+ lake build
✔ [3/8] Built Klean35MaxElement.Prelude
✔ [4/8] Built Klean35MaxElement.Sorts
✔ [5/8] Built Klean35MaxElement.Inj
⚠ [6/8] Built Klean35MaxElement.Lemmas
warning: Klean35MaxElement/Lemmas.lean:39:24: unused variable `h`

Note: This linter can be disabled with `set_option linter.unusedVariables false`
warning: Klean35MaxElement/Lemmas.lean:40:38: unused variable `h`

Note: This linter can be disabled with `set_option linter.unusedVariables false`
warning: Klean35MaxElement/Lemmas.lean:42:24: unused variable `h`

Note: This linter can be disabled with `set_option linter.unusedVariables false`
warning: Klean35MaxElement/Lemmas.lean:45:24: unused variable `h`

Note: This linter can be disabled with `set_option linter.unusedVariables false`
warning: Klean35MaxElement/Lemmas.lean:47:24: unused variable `h`

Note: This linter can be disabled with `set_option linter.unusedVariables false`
warning: Klean35MaxElement/Lemmas.lean:48:38: unused variable `h`

Note: This linter can be disabled with `set_option linter.unusedVariables false`
warning: Klean35MaxElement/Lemmas.lean:49:38: unused variable `h`

Note: This linter can be disabled with `set_option linter.unusedVariables false`
warning: Klean35MaxElement/Lemmas.lean:50:24: unused variable `h`

Note: This linter can be disabled with `set_option linter.unusedVariables false`
warning: Klean35MaxElement/Lemmas.lean:51:24: unused variable `h`

Note: This linter can be disabled with `set_option linter.unusedVariables false`
warning: Klean35MaxElement/Lemmas.lean:52:24: unused variable `h`

Note: This linter can be disabled with `set_option linter.unusedVariables false`
✔ [7/8] Built Proof
Build completed successfully.
+ lake env lean /audit-output/evidence/PrintAxioms.lean
'Proof.final' depends on axioms: [propext, Classical.choice, Quot.sound]
