Script started on 2026-07-26 16:16:49-05:00 [<not executed on terminal>]

COMMAND: rg -n \^\[\[:space:\]\]\*claim\|\\\[label\\\( spec.k
10:  claim
48:    [label(loop)]
EXIT_STATUS: 0

COMMAND: python3 /audit-output/evidence/pinning_and_witnesses.py
loop_target_constructor_equal=True
loop_body_constructor_equal_after_empty-Stmts_normalization=True
tail_return_constructor_equal=True
claim_omits_Module=True
claim_omits_FuncDef=True
claim_omits_function_binding_name=True
claim_omits_balance_initialization=True
claim_omits_bracket_initialization=True
claim_omits_call_setup=True
PINNING_RESULT: the claim executes a matching loop-and-return suffix, but omits the submitted Module/FuncDef binding, both initialization statements, call setup, and the full function entry transition.
SATISFYING_PRECONDITION: B >= 0; choose concrete scopes exactly as in spec.k with INPUT=S, OLD='', GLOBALS=.Map, HEAP=.Map, HLOC=0, CONT=.K.
WITNESS S='' B=0 whole_input='' correctCodes=True canonical=True candidate=True
WITNESS S='()' B=0 whole_input='()' correctCodes=True canonical=True candidate=True
WITNESS S='(' B=0 whole_input='(' correctCodes=False canonical=False candidate=False
WITNESS S=')' B=0 whole_input=')' correctCodes=False canonical=False candidate=False
WITNESS S=')' B=1 whole_input='()' correctCodes=True canonical=True candidate=True
WITNESS S='())' B=0 whole_input='())' correctCodes=False canonical=False candidate=False
SUMMARY: all concrete satisfying substitutions agree with both Python implementations
EXIT_STATUS: 0

Script done on 2026-07-26 16:16:49-05:00 [COMMAND_EXIT_CODE="0"]
