Script started on 2026-07-26 16:20:47-05:00 [<not executed on terminal>]
MUTATION: replace the result correctCodes(S,B) with notBool correctCodes(S,B).
FALSE_WITNESS: S=.IntSeq and B=0 satisfy B >=Int 0; execution returns true, while the mutated destination requires false.

COMMAND: diff -u spec.k spec-audit-vacuity.k
--- spec.k	2026-07-26 16:13:04.829360619 -0500
+++ spec-audit-vacuity.k	2026-07-26 16:20:42.694810517 -0500
@@ -1,6 +1,6 @@
 requires "verification.k"
 
-module SPEC
+module SPEC-AUDIT-VACUITY
   imports VERIFICATION
 
   // Inductive loop invariant.  This claim starts in the active function
@@ -20,7 +20,7 @@
           .Stmts))
       ~> Return(Compare(Name("balance"), CmpOp("==", Int(0))))
       ~> #endcall
-      => correctCodes(S, B) ~> CONT
+      => notBool correctCodes(S, B) ~> CONT
     </k>
     <env> 1 => 0 </env>
     <scopes>
@@ -45,5 +45,5 @@
     <exc> NoExc </exc>
     <exit-code> 0 </exit-code>
     requires B >=Int 0
-    [label(loop)]
+    [label(loop-audit-false-result)]
 endmodule
EXIT_STATUS: 1

COMMAND: kprove spec-audit-vacuity.k --definition verification-kompiled --spec-module SPEC-AUDIT-VACUITY --dry-run
kore-exec /tmp/audit-work/proof/./verification-kompiled/definition.kore --module VERIFICATION --prove /tmp/.kprove-2026-07-26-16-20-47-719-b172b617-512d-4046-a194-0c2ffa278e6d/spec.kore --spec-module SPEC-AUDIT-VACUITY --output /tmp/.kprove-2026-07-26-16-20-47-719-b172b617-512d-4046-a194-0c2ffa278e6d/result.kore
[Warning] Compiler: Variable 'As' defined but not used. Prefix variable name
with underscore if this is intentional.
	Source(/tmp/audit-work/proof/reference-semantics/semantics/str.k)
	Location(52,27,52,29)
	52 |	  rule strLt(iCons(A:Int, As:IntSeq), iCons(B:Int, Bs:IntSeq)) => true   
      requires A  <Int B
	   .	                          ^~
[Warning] Compiler: Variable 'Bs' defined but not used. Prefix variable name
with underscore if this is intentional.
	Source(/tmp/audit-work/proof/reference-semantics/semantics/str.k)
	Location(52,52,52,54)
	52 |	  rule strLt(iCons(A:Int, As:IntSeq), iCons(B:Int, Bs:IntSeq)) => true   
      requires A  <Int B
	   .	                                                   ^~
[Warning] Compiler: Variable 'As' defined but not used. Prefix variable name
with underscore if this is intentional.
	Source(/tmp/audit-work/proof/reference-semantics/semantics/str.k)
	Location(53,27,53,29)
	53 |	  rule strLt(iCons(A:Int, As:IntSeq), iCons(B:Int, Bs:IntSeq)) => false  
      requires A  >Int B
	   .	                          ^~
[Warning] Compiler: Variable 'Bs' defined but not used. Prefix variable name
with underscore if this is intentional.
	Source(/tmp/audit-work/proof/reference-semantics/semantics/str.k)
	Location(53,52,53,54)
	53 |	  rule strLt(iCons(A:Int, As:IntSeq), iCons(B:Int, Bs:IntSeq)) => false  
      requires A  >Int B
	   .	                                                   ^~
[Warning] Compiler: Variable 'OLD' defined but not used. Prefix variable name
with underscore if this is intentional.
	Source(/tmp/audit-work/proof/spec-audit-vacuity.k)
	Location(31,26,31,29)
	31 |	          "bracket"  |-> OLD:Str
	   .	                         ^~~
[Warning] Compiler: Variable 'INPUT' defined but not used. Prefix variable name
with underscore if this is intentional.
	Source(/tmp/audit-work/proof/spec-audit-vacuity.k)
	Location(32,30,32,35)
	32 |	          "brackets" |-> str(INPUT:IntSeq),
	   .	                             ^~~~~
[Warning] Compiler: Variable 'HEAP' defined but not used. Prefix variable name
with underscore if this is intentional.
	Source(/tmp/audit-work/proof/spec-audit-vacuity.k)
	Location(41,12,41,16)
	41 |	    <heap> HEAP </heap>
	   .	           ^~~~
[Warning] Compiler: Variable 'HLOC' defined but not used. Prefix variable name
with underscore if this is intentional.
	Source(/tmp/audit-work/proof/spec-audit-vacuity.k)
	Location(42,15,42,19)
	42 |	    <heapLoc> HLOC </heapLoc>
	   .	              ^~~~
[0m[0mEXIT_STATUS: 0
COMMAND: kprove spec-audit-vacuity.k --definition verification-kompiled --spec-module SPEC-AUDIT-VACUITY
kore-exec: [1386318] Warning (WarnStuckClaimState):
    The configuration's term unifies with the destination's term, but the implication check between the conditions has failed. Location: /tmp/audit-work/proof/spec-audit-vacuity.k:11:5-47:23
Context:
    (InfoReachability) while checking the implication
kore-exec: [1389136] Warning (WarnUnexploredBranches):
    1 branches were still unexplored when the action failed.
  #Not ( {
    B ==Int 0
  #Equals
    notBool B ==Int 0
  } )
#And
  <generatedTop>
    <k>
      B ==Int 0 ~> CONT ~> .K
    </k>
    <env>
      0
    </env>
    <scopes>
      -1 |-> scope ( "abs" |-> builtinV ( "abs" )
      "all" |-> builtinV ( "all" )
      "any" |-> builtinV ( "any" )
      "bin" |-> builtinV ( "bin" )
      "chr" |-> builtinV ( "chr" )
      "enumerate" |-> builtinV ( "enumerate" )
      "eval" |-> builtinV ( "eval" )
      "float" |-> typeV ( "float" )
      "int" |-> typeV ( "int" )
      "isinstance" |-> builtinV ( "isinstance" )
      "len" |-> builtinV ( "len" )
      "list" |-> builtinV ( "list" )
      "map" |-> builtinV ( "map" )
      "max" |-> builtinV ( "max" )
      "min" |-> builtinV ( "min" )
      "ord" |-> builtinV ( "ord" )
      "range" |-> builtinV ( "range" )
      "round" |-> builtinV ( "round" )
      "set" |-> builtinV ( "set" )
      "sorted" |-> builtinV ( "sorted" )
      "str" |-> typeV ( "str" )
      "sum" |-> builtinV ( "sum" )
      "zip" |-> builtinV ( "zip" ) , root )
      0 |-> scope ( GLOBALS , parent ( -1 ) )
    </scopes>
    <scopeLoc>
      1
    </scopeLoc>
    <heap>
      HEAP
    </heap>
    <heapLoc>
      HLOC
    </heapLoc>
    <stack>
      .List
    </stack>
    <ret>
      noRet
    </ret>
    <exc>
      NoExc
    </exc>
    <exit-code>
      0
    </exit-code>
  </generatedTop>
#And
  {
    S
  #Equals
    .IntSeq
  }
#And
  {
    true
  #Equals
    B >=Int 0
  }
[Warning] Compiler: Variable 'As' defined but not used. Prefix variable name
with underscore if this is intentional.
	Source(/tmp/audit-work/proof/reference-semantics/semantics/str.k)
	Location(52,27,52,29)
	52 |	  rule strLt(iCons(A:Int, As:IntSeq), iCons(B:Int, Bs:IntSeq)) => true   
      requires A  <Int B
	   .	                          ^~
[Warning] Compiler: Variable 'Bs' defined but not used. Prefix variable name
with underscore if this is intentional.
	Source(/tmp/audit-work/proof/reference-semantics/semantics/str.k)
	Location(52,52,52,54)
	52 |	  rule strLt(iCons(A:Int, As:IntSeq), iCons(B:Int, Bs:IntSeq)) => true   
      requires A  <Int B
	   .	                                                   ^~
[Warning] Compiler: Variable 'As' defined but not used. Prefix variable name
with underscore if this is intentional.
	Source(/tmp/audit-work/proof/reference-semantics/semantics/str.k)
	Location(53,27,53,29)
	53 |	  rule strLt(iCons(A:Int, As:IntSeq), iCons(B:Int, Bs:IntSeq)) => false  
      requires A  >Int B
	   .	                          ^~
[Warning] Compiler: Variable 'Bs' defined but not used. Prefix variable name
with underscore if this is intentional.
	Source(/tmp/audit-work/proof/reference-semantics/semantics/str.k)
	Location(53,52,53,54)
	53 |	  rule strLt(iCons(A:Int, As:IntSeq), iCons(B:Int, Bs:IntSeq)) => false  
      requires A  >Int B
	   .	                                                   ^~
[Warning] Compiler: Variable 'OLD' defined but not used. Prefix variable name
with underscore if this is intentional.
	Source(/tmp/audit-work/proof/spec-audit-vacuity.k)
	Location(31,26,31,29)
	31 |	          "bracket"  |-> OLD:Str
	   .	                         ^~~
[Warning] Compiler: Variable 'INPUT' defined but not used. Prefix variable name
with underscore if this is intentional.
	Source(/tmp/audit-work/proof/spec-audit-vacuity.k)
	Location(32,30,32,35)
	32 |	          "brackets" |-> str(INPUT:IntSeq),
	   .	                             ^~~~~
[Warning] Compiler: Variable 'HEAP' defined but not used. Prefix variable name
with underscore if this is intentional.
	Source(/tmp/audit-work/proof/spec-audit-vacuity.k)
	Location(41,12,41,16)
	41 |	    <heap> HEAP </heap>
	   .	           ^~~~
[Warning] Compiler: Variable 'HLOC' defined but not used. Prefix variable name
with underscore if this is intentional.
	Source(/tmp/audit-work/proof/spec-audit-vacuity.k)
	Location(42,15,42,19)
	42 |	    <heapLoc> HLOC </heapLoc>
	   .	              ^~~~
[Error] Prover: backend terminated because the configuration cannot be
rewritten further. See output for more details.
EXIT_STATUS: 1

COMMAND: rg -n WarnStuckClaimState\|implication\ check\|cannot\ be\ rewritten\ further /audit-output/evidence/stage6-vacuity-prover-raw.log
1:kore-exec: [1386318] Warning (WarnStuckClaimState):
2:    The configuration's term unifies with the destination's term, but the implication check between the conditions has failed. Location: /tmp/audit-work/proof/spec-audit-vacuity.k:11:5-47:23
EXIT_STATUS: 0
SUMMARY: mutation parsed successfully and failed on the expected unmet result implication

Script done on 2026-07-26 16:20:53-05:00 [COMMAND_EXIT_CODE="0"]
