COMMAND: python3 /audit-output/evidence/differential_test.py /tmp/audit-work/fresh/canonical.py /tmp/audit-work/fresh/solution.py /audit-output/evidence/differential-inputs.json
WORKDIR: /tmp/audit-work/fresh
--- OUTPUT BEGIN ---
ORACLE=/tmp/audit-work/fresh/canonical.py
CANDIDATE=/tmp/audit-work/fresh/solution.py
INPUT_SPEC=/audit-output/evidence/differential-inputs.json
GROUP documented_examples COUNT 5 VALUES [30, 100, 5, 10, 1]
MATCH group=documented_examples n=30 canonical=465 candidate=465
MATCH group=documented_examples n=100 canonical=5050 candidate=5050
MATCH group=documented_examples n=5 canonical=15 candidate=15
MATCH group=documented_examples n=10 canonical=55 candidate=55
MATCH group=documented_examples n=1 canonical=1 candidate=1
GROUP empty_and_boundaries COUNT 6 VALUES [-3, -2, -1, 0, 1, 2]
MISMATCH group=empty_and_boundaries n=-3 canonical=0 candidate=3
MISMATCH group=empty_and_boundaries n=-2 canonical=0 candidate=1
MATCH group=empty_and_boundaries n=-1 canonical=0 candidate=0
MATCH group=empty_and_boundaries n=0 canonical=0 candidate=0
MATCH group=empty_and_boundaries n=1 canonical=1 candidate=1
MATCH group=empty_and_boundaries n=2 canonical=3 candidate=3
GROUP representative COUNT 10 VALUES [3, 4, 7, 11, 50, 99, 101, 1000, 4096, 10000]
MATCH group=representative n=3 canonical=6 candidate=6
MATCH group=representative n=4 canonical=10 candidate=10
MATCH group=representative n=7 canonical=28 candidate=28
MATCH group=representative n=11 canonical=66 candidate=66
MATCH group=representative n=50 canonical=1275 candidate=1275
MATCH group=representative n=99 canonical=4950 candidate=4950
MATCH group=representative n=101 canonical=5151 candidate=5151
MATCH group=representative n=1000 canonical=500500 candidate=500500
MATCH group=representative n=4096 canonical=8390656 candidate=8390656
MATCH group=representative n=10000 canonical=50005000 candidate=50005000
GROUP generated COUNT 32 VALUES [4984, 1419, 272, 1748, 3065, 2913, 2216, 1755, 1238, 1701, 4273, 4965, 2076, 1068, 120, 4871, 95, 347, 2531, 2996, 1845, 4915, 3648, 1361, 1311, 2017, 1001, 4493, 3869, 3681, 953, 1766]
MATCH group=generated n=4984 canonical=12422620 candidate=12422620
MATCH group=generated n=1419 canonical=1007490 candidate=1007490
MATCH group=generated n=272 canonical=37128 candidate=37128
MATCH group=generated n=1748 canonical=1528626 candidate=1528626
MATCH group=generated n=3065 canonical=4698645 candidate=4698645
MATCH group=generated n=2913 canonical=4244241 candidate=4244241
MATCH group=generated n=2216 canonical=2456436 candidate=2456436
MATCH group=generated n=1755 canonical=1540890 candidate=1540890
MATCH group=generated n=1238 canonical=766941 candidate=766941
MATCH group=generated n=1701 canonical=1447551 candidate=1447551
MATCH group=generated n=4273 canonical=9131401 candidate=9131401
MATCH group=generated n=4965 canonical=12328095 candidate=12328095
MATCH group=generated n=2076 canonical=2155926 candidate=2155926
MATCH group=generated n=1068 canonical=570846 candidate=570846
MATCH group=generated n=120 canonical=7260 candidate=7260
MATCH group=generated n=4871 canonical=11865756 candidate=11865756
MATCH group=generated n=95 canonical=4560 candidate=4560
MATCH group=generated n=347 canonical=60378 candidate=60378
MATCH group=generated n=2531 canonical=3204246 candidate=3204246
MATCH group=generated n=2996 canonical=4489506 candidate=4489506
MATCH group=generated n=1845 canonical=1702935 candidate=1702935
MATCH group=generated n=4915 canonical=12081070 candidate=12081070
MATCH group=generated n=3648 canonical=6655776 candidate=6655776
MATCH group=generated n=1361 canonical=926841 candidate=926841
MATCH group=generated n=1311 canonical=860016 candidate=860016
MATCH group=generated n=2017 canonical=2035153 candidate=2035153
MATCH group=generated n=1001 canonical=501501 candidate=501501
MATCH group=generated n=4493 canonical=10095771 candidate=10095771
MATCH group=generated n=3869 canonical=7486515 candidate=7486515
MATCH group=generated n=3681 canonical=6776721 candidate=6776721
MATCH group=generated n=953 canonical=454581 candidate=454581
MATCH group=generated n=1766 canonical=1560261 candidate=1560261
TOTAL_TESTS=53
TOTAL_MISMATCHES=2
NONNEGATIVE_MISMATCHES=0
NEGATIVE_MISMATCHES=2
--- OUTPUT END ---
EXIT_STATUS: 1
