COMMAND: kprove spec-oracle-opposite.k --definition verification-kompiled --spec-module SPEC-ORACLE-OPPOSITE
WORKDIR: /tmp/audit-work/audit-src
START_UTC: 2026-07-24T14:35:13Z
kore-exec: [1254539] Error (ErrorException):
    Error: missing hook
    Symbol
        Lbl'Unds-GT-'Float'UndsUnds'FLOAT'Unds'Bool'Unds'Float'Unds'Float{}
    declared with attribute
        hook{}("FLOAT.gt")
    We don't recognize that hook and it was not given any rules.
    Please open a feature request at
        https://github.com/runtimeverification/haskell-backend/issues
    and include the text of this message.
    Workaround: Give rules for Lbl'Unds-GT-'Float'UndsUnds'FLOAT'Unds'Bool'Unds'Float'Unds'Float{}
    CallStack (from HasCallStack):
      error, called at src/Kore/Rewrite/Function/Evaluator.hs:377:6 in kore-0.1.155-4JBi7ASQvFVEaCqpWzFsxO:Kore.Rewrite.Function.Evaluator
Error: missing hook
Symbol
    Lbl'Unds-GT-'Float'UndsUnds'FLOAT'Unds'Bool'Unds'Float'Unds'Float{}
declared with attribute
    hook{}("FLOAT.gt")
We don't recognize that hook and it was not given any rules.
Please open a feature request at
    https://github.com/runtimeverification/haskell-backend/issues
and include the text of this message.
Workaround: Give rules for Lbl'Unds-GT-'Float'UndsUnds'FLOAT'Unds'Bool'Unds'Float'Unds'Float{}
CallStack (from HasCallStack):
  error, called at src/Kore/Rewrite/Function/Evaluator.hs:377:6 in kore-0.1.155-4JBi7ASQvFVEaCqpWzFsxO:Kore.Rewrite.Function.Evaluator
Created bug report: kore-exec.tar.gz
[Warning] Compiler: Variable 'As' defined but not used. Prefix variable name
with underscore if this is intentional.
	Source(/tmp/audit-work/audit-src/reference-semantics/semantics/str.k)
	Location(52,27,52,29)
	52 |	  rule strLt(iCons(A:Int, As:IntSeq), iCons(B:Int, Bs:IntSeq)) => true   
      requires A  <Int B
	   .	                          ^~
[Warning] Compiler: Variable 'Bs' defined but not used. Prefix variable name
with underscore if this is intentional.
	Source(/tmp/audit-work/audit-src/reference-semantics/semantics/str.k)
	Location(52,52,52,54)
	52 |	  rule strLt(iCons(A:Int, As:IntSeq), iCons(B:Int, Bs:IntSeq)) => true   
      requires A  <Int B
	   .	                                                   ^~
[Warning] Compiler: Variable 'As' defined but not used. Prefix variable name
with underscore if this is intentional.
	Source(/tmp/audit-work/audit-src/reference-semantics/semantics/str.k)
	Location(53,27,53,29)
	53 |	  rule strLt(iCons(A:Int, As:IntSeq), iCons(B:Int, Bs:IntSeq)) => false  
      requires A  >Int B
	   .	                          ^~
[Warning] Compiler: Variable 'Bs' defined but not used. Prefix variable name
with underscore if this is intentional.
	Source(/tmp/audit-work/audit-src/reference-semantics/semantics/str.k)
	Location(53,52,53,54)
	53 |	  rule strLt(iCons(A:Int, As:IntSeq), iCons(B:Int, Bs:IntSeq)) => false  
      requires A  >Int B
	   .	                                                   ^~
[Error] Critical: Haskell Backend execution failed with code 1 and produced no
output.
EXIT_STATUS: 113
END_UTC: 2026-07-24T14:35:17Z
