#Top
[Warning] Compiler: Variable 'FBV' defined but not used. Prefix variable name
with underscore if this is intentional.
	Source(/home/yuqing/Documents/Code/klever/verification/humaneval/questions/36-fizz-buzz/spec.k)
	Location(26,41,26,44)
	26 |	      0 |-> scope(.Map [ "fizz_buzz" <- FBV:Val ], parent(-1))
	   .	                                        ^~~
[Warning] Compiler: Variable 'FBV' defined but not used. Prefix variable name
with underscore if this is intentional.
	Source(/home/yuqing/Documents/Code/klever/verification/humaneval/questions/36-fizz-buzz/spec.k)
	Location(52,41,52,44)
	52 |	      0 |-> scope(.Map [ "fizz_buzz" <- FBV:Val ], parent(-1))
	   .	                                        ^~~
[Warning] Compiler: Variable 'As' defined but not used. Prefix variable name
with underscore if this is intentional.
	Source(/home/yuqing/Documents/Code/klever/verification/humaneval/reference/src/semantics/str.k)
	Location(52,27,52,29)
	52 |	  rule strLt(iCons(A:Int, As:IntSeq), iCons(B:Int, Bs:IntSeq)) => true   
      requires A  <Int B
	   .	                          ^~
[Warning] Compiler: Variable 'Bs' defined but not used. Prefix variable name
with underscore if this is intentional.
	Source(/home/yuqing/Documents/Code/klever/verification/humaneval/reference/src/semantics/str.k)
	Location(52,52,52,54)
	52 |	  rule strLt(iCons(A:Int, As:IntSeq), iCons(B:Int, Bs:IntSeq)) => true   
      requires A  <Int B
	   .	                                                   ^~
[Warning] Compiler: Variable 'As' defined but not used. Prefix variable name
with underscore if this is intentional.
	Source(/home/yuqing/Documents/Code/klever/verification/humaneval/reference/src/semantics/str.k)
	Location(53,27,53,29)
	53 |	  rule strLt(iCons(A:Int, As:IntSeq), iCons(B:Int, Bs:IntSeq)) => false  
      requires A  >Int B
	   .	                          ^~
[Warning] Compiler: Variable 'Bs' defined but not used. Prefix variable name
with underscore if this is intentional.
	Source(/home/yuqing/Documents/Code/klever/verification/humaneval/reference/src/semantics/str.k)
	Location(53,52,53,54)
	53 |	  rule strLt(iCons(A:Int, As:IntSeq), iCons(B:Int, Bs:IntSeq)) => false  
      requires A  >Int B
	   .	                                                   ^~
