COMMAND: kprove spec-vacuity.k --definition audit-verification-kompiled --spec-module SUM-SQUARES-SPEC-VACUITY --claims SUM-SQUARES-SPEC-VACUITY.main-false-empty --dry-run
kore-exec /tmp/audit-work/reconstruction/./audit-verification-kompiled/definition.kore --module SUM-SQUARES-VERIFICATION --prove /tmp/.kprove-2026-07-26-22-57-23-999-c155e14d-0849-4b00-bd8f-f36f77f0a5a4/spec.kore --spec-module SUM-SQUARES-SPEC-VACUITY --output /tmp/.kprove-2026-07-26-22-57-23-999-c155e14d-0849-4b00-bd8f-f36f77f0a5a4/result.kore
[Warning] Compiler: Variable 'As' defined but not used. Prefix variable name
with underscore if this is intentional.
	Source(/tmp/audit-work/reconstruction/reference-semantics/semantics/str.k)
	Location(52,27,52,29)
	52 |	  rule strLt(iCons(A:Int, As:IntSeq), iCons(B:Int, Bs:IntSeq)) => true   
      requires A  <Int B
	   .	                          ^~
[Warning] Compiler: Variable 'Bs' defined but not used. Prefix variable name
with underscore if this is intentional.
	Source(/tmp/audit-work/reconstruction/reference-semantics/semantics/str.k)
	Location(52,52,52,54)
	52 |	  rule strLt(iCons(A:Int, As:IntSeq), iCons(B:Int, Bs:IntSeq)) => true   
      requires A  <Int B
	   .	                                                   ^~
[Warning] Compiler: Variable 'As' defined but not used. Prefix variable name
with underscore if this is intentional.
	Source(/tmp/audit-work/reconstruction/reference-semantics/semantics/str.k)
	Location(53,27,53,29)
	53 |	  rule strLt(iCons(A:Int, As:IntSeq), iCons(B:Int, Bs:IntSeq)) => false  
      requires A  >Int B
	   .	                          ^~
[Warning] Compiler: Variable 'Bs' defined but not used. Prefix variable name
with underscore if this is intentional.
	Source(/tmp/audit-work/reconstruction/reference-semantics/semantics/str.k)
	Location(53,52,53,54)
	53 |	  rule strLt(iCons(A:Int, As:IntSeq), iCons(B:Int, Bs:IntSeq)) => false  
      requires A  >Int B
	   .	                                                   ^~
VACUITY_DRY_RUN_EXIT_STATUS=0
SCRIPT_EXIT_STATUS=0
