COMMAND: kast solution.mpy --definition audit-verification-kompiled --module MPY-SYNTAX --sort Module --expand-macros --output json --output-file solution-kast.json
SOLUTION_KAST_EXIT_STATUS=0
COMMAND: kast --expression sumSquaresFunctionBody --definition audit-verification-kompiled --module SUM-SQUARES-VERIFICATION --sort Stmts --expand-macros --output json --output-file function-body-kast.json
FUNCTION_MACRO_KAST_EXIT_STATUS=0
COMMAND: kast --expression sumSquaresLoopBody --definition audit-verification-kompiled --module SUM-SQUARES-VERIFICATION --sort Stmts --expand-macros --output json --output-file loop-body-kast.json
LOOP_MACRO_KAST_EXIT_STATUS=0
COMMAND: python3 /audit-output/evidence/program_term_compare.py
translated_function_name="sum_squares"
translated_parameter_tokens=['"lst"']
binding_signature_matches=True
translated_body_sha256=75bccb54dc3ec98157f35164575831dda37e7e367219b402808e84fd72e0d6a5
expanded_function_macro_sha256=75bccb54dc3ec98157f35164575831dda37e7e367219b402808e84fd72e0d6a5
function_body_constructor_identity=True
translated_loop_body_sha256=8cc17e9db41c9c72f03bc99f114e14d5cbf6db99f5f694914eaf7bbe5ebbd2cb
expanded_loop_macro_sha256=8cc17e9db41c9c72f03bc99f114e14d5cbf6db99f5f694914eaf7bbe5ebbd2cb
loop_body_constructor_identity=True
PROGRAM_TERM_COMPARE_EXIT_STATUS=0
COMMAND: python3 /audit-output/evidence/claim_witnesses.py
MAIN_WITNESS:
  IS=intCons(1, intCons(2, intCons(3, .Ints)))
  exact binding=closureVal(("lst", .ParamNames), sumSquaresFunctionBody, 0)
  env=0 scopes=(-1 |-> builtinsScope, 0 |-> function scope) scopeLoc=1 heap=.Map heapLoc=0 stack=.List ret=noRet exc=NoExc exit-code=0
  claimed sumSquares(IS,0,0)=6
  candidate_python=6
  canonical_python=6
BODY_WITNESS:
  IS=intCons(1, intCons(2, intCons(3, .Ints)))
  env=1; local scope 1 has lst, total=0, index=0; scopeLoc=2; stack=ListItem(frame(.K,0,1)); other cells as in claim
  claimed sumSquares(IS,0,0)=6
  candidate_python=6
  canonical_python=6
LOOP_WITNESS:
  IS=intCons(2, intCons(-3, intCons(4, .Ints)))
  ORIG=intCons(1, intCons(2, intCons(3, intCons(2, intCons(2, intCons(-3, intCons(4, .Ints)))))))
  L=1 SC=.Map P=parent(0) KONT=.K OLD=2 ACC=10 I=4
  claimed total=31
  claimed endIndex=7
  claimed endValue=4
  candidate_python_full_list=31
  canonical_python_full_list=31
all_claim_witness_results_agree=True
CLAIM_WITNESSES_EXIT_STATUS=0
STAGE4_SCRIPT_EXIT_STATUS=0
