#Top
[Warning] Compiler: Variable 'HI' defined but not used. Prefix variable name
with underscore if this is intentional.
	Source(/home/yuqing/Documents/Code/klever/verification/humaneval/questions/103-rounded-avg/verification.k)
	Location(24,24,24,26)
	24 |	  rule sumRange(I:Int, HI:Int) >=Int 0 => true
	   .	                       ^~
[Warning] Compiler: Variable 'As' defined but not used. Prefix variable name
with underscore if this is intentional.
	Source(/home/yuqing/Documents/Code/klever/verification/humaneval/reference/src/semantics/str.k)
	Location(52,27,52,29)
	52 |	  rule strLt(iCons(A:Int, As:IntSeq), iCons(B:Int, Bs:IntSeq)) => true   
      requires A  <Int B
	   .	                          ^~
[Warning] Compiler: Variable 'Bs' defined but not used. Prefix variable name
with underscore if this is intentional.
	Source(/home/yuqing/Documents/Code/klever/verification/humaneval/reference/src/semantics/str.k)
	Location(52,52,52,54)
	52 |	  rule strLt(iCons(A:Int, As:IntSeq), iCons(B:Int, Bs:IntSeq)) => true   
      requires A  <Int B
	   .	                                                   ^~
[Warning] Compiler: Variable 'As' defined but not used. Prefix variable name
with underscore if this is intentional.
	Source(/home/yuqing/Documents/Code/klever/verification/humaneval/reference/src/semantics/str.k)
	Location(53,27,53,29)
	53 |	  rule strLt(iCons(A:Int, As:IntSeq), iCons(B:Int, Bs:IntSeq)) => false  
      requires A  >Int B
	   .	                          ^~
[Warning] Compiler: Variable 'Bs' defined but not used. Prefix variable name
with underscore if this is intentional.
	Source(/home/yuqing/Documents/Code/klever/verification/humaneval/reference/src/semantics/str.k)
	Location(53,52,53,54)
	53 |	  rule strLt(iCons(A:Int, As:IntSeq), iCons(B:Int, Bs:IntSeq)) => false  
      requires A  >Int B
	   .	                                                   ^~
