Script started on 2026-07-23 13:50:50-05:00 [<not executed on terminal>]
COMMAND: kompile semantic.k --main-module SEMANTIC --syntax-module MPY-SYNTAX --backend llvm --output-definition /tmp/audit-work/semantic-kompiled-audit
[0m[0mEXIT: 0
COMMAND: python3 /audit-output/evidence/03-concrete-oracle.py
n=1 canonical=[1] candidate=[1]
n=2 canonical=[1] candidate=[1]
n=3 canonical=[1, 3, 5] candidate=[1, 3, 5]
n=5 canonical=[1, 5] candidate=[1, 5]
n=27 canonical=[1, 5, 23, 27, 31, 35, 41, 47, 53, 61, 71, 91, 103, 107, 121, 137, 155, 161, 167, 175, 233, 251, 263, 283, 319, 325, 377, 395, 425, 433, 445, 479, 577, 593, 719, 911, 1079, 1367, 1619, 2051, 2429, 3077] candidate=[1, 5, 23, 27, 31, 35, 41, 47, 53, 61, 71, 91, 103, 107, 121, 137, 155, 161, 167, 175, 233, 251, 263, 283, 319, 325, 377, 395, 425, 433, 445, 479, 577, 593, 719, 911, 1079, 1367, 1619, 2051, 2429, 3077]
EXIT: 0
COMMAND: krun solution.mpy -cN=1 --definition /tmp/audit-work/semantic-kompiled-audit --output pretty
[0m[0m<python>[0m
  <k>[0m
    .K
  </k>[0m
  <input>[0m
    1
  </input>[0m
  <functions>[0m
    .Map[0m
  </functions>[0m
  <env>[0m
    .Map[0m
  </env>[0m
  <result>[0m
    result[0m ([0m vl[0m ([0m 1 ::[0m .Ints[0m )[0m )[0m
  </result>[0m
</python>[0m
EXIT: 0
COMMAND: krun solution.mpy -cN=2 --definition /tmp/audit-work/semantic-kompiled-audit --output pretty
[0m[0m<python>[0m
  <k>[0m
    .K
  </k>[0m
  <input>[0m
    2
  </input>[0m
  <functions>[0m
    .Map[0m
  </functions>[0m
  <env>[0m
    .Map[0m
  </env>[0m
  <result>[0m
    result[0m ([0m vl[0m ([0m 1 ::[0m .Ints[0m )[0m )[0m
  </result>[0m
</python>[0m
EXIT: 0
COMMAND: krun solution.mpy -cN=3 --definition /tmp/audit-work/semantic-kompiled-audit --output pretty
[0m[0m<python>[0m
  <k>[0m
    .K
  </k>[0m
  <input>[0m
    3
  </input>[0m
  <functions>[0m
    .Map[0m
  </functions>[0m
  <env>[0m
    .Map[0m
  </env>[0m
  <result>[0m
    result[0m ([0m vl[0m ([0m 1 ::[0m 3 ::[0m 5 ::[0m .Ints[0m )[0m )[0m
  </result>[0m
</python>[0m
EXIT: 0
COMMAND: krun solution.mpy -cN=5 --definition /tmp/audit-work/semantic-kompiled-audit --output pretty
[0m[0m<python>[0m
  <k>[0m
    .K
  </k>[0m
  <input>[0m
    5
  </input>[0m
  <functions>[0m
    .Map[0m
  </functions>[0m
  <env>[0m
    .Map[0m
  </env>[0m
  <result>[0m
    result[0m ([0m vl[0m ([0m 1 ::[0m 5 ::[0m .Ints[0m )[0m )[0m
  </result>[0m
</python>[0m
EXIT: 0
COMMAND: krun solution.mpy -cN=27 --definition /tmp/audit-work/semantic-kompiled-audit --output pretty
[0m[0m<python>[0m
  <k>[0m
    .K
  </k>[0m
  <input>[0m
    27
  </input>[0m
  <functions>[0m
    .Map[0m
  </functions>[0m
  <env>[0m
    .Map[0m
  </env>[0m
  <result>[0m
    result[0m ([0m vl[0m ([0m 1 ::[0m 5 ::[0m 23 ::[0m 27 ::[0m 31 ::[0m 35 ::[0m 41 ::[0m 47 ::[0m 53 ::[0m 61 ::[0m 71 ::[0m 91 ::[0m 103 ::[0m 107 ::[0m 121 ::[0m 137 ::[0m 155 ::[0m 161 ::[0m 167 ::[0m 175 ::[0m 233 ::[0m 251 ::[0m 263 ::[0m 283 ::[0m 319 ::[0m 325 ::[0m 377 ::[0m 395 ::[0m 425 ::[0m 433 ::[0m 445 ::[0m 479 ::[0m 577 ::[0m 593 ::[0m 719 ::[0m 911 ::[0m 1079 ::[0m 1367 ::[0m 1619 ::[0m 2051 ::[0m 2429 ::[0m 3077 ::[0m .Ints[0m )[0m )[0m
  </result>[0m
</python>[0m
EXIT: 0
COMMAND: kompile verification.k --main-module VERIFICATION --syntax-module MPY-SYNTAX --backend haskell --output-definition /tmp/audit-work/verification-kompiled-audit
[0m[0mEXIT: 0
COMMAND: kprove spec.k --definition /tmp/audit-work/verification-kompiled-audit --spec-module SPEC --output pretty
#Top
[0m[0mEXIT: 0
COMMAND: kprove spec.k --definition /tmp/audit-work/verification-kompiled-audit --spec-module SPEC --claims SPEC.even-step --output pretty
#Top
[0m[0mEXIT: 0
COMMAND: kprove spec.k --definition /tmp/audit-work/verification-kompiled-audit --spec-module SPEC --claims SPEC.odd-step --output pretty
#Top
[0m[0mEXIT: 0

Script done on 2026-07-23 13:51:45-05:00 [COMMAND_EXIT_CODE="0"]
