$ cd /audit-output
$ PYTHONPATH=/reference python3 evidence/check_all_recorded_hashes.py

AUDIT ENVELOPE
resolved_input_sha256: MATCH
  observed=8d293a902dc2e10bb4da7e05cd27cc445052b242a937e80ec909c68081bd77fe
  expected=8d293a902dc2e10bb4da7e05cd27cc445052b242a937e80ec909c68081bd77fe
AUDIT_MODE: MATCH
  observed=CLASSIFICATION_ONLY
  expected=CLASSIFICATION_ONLY

TOP-LEVEL HASHES
k_workspace_sha256: MATCH
  observed=53cc1c94f09f97079dbc8961f2c4a7f0371e52bc29629175077d2f941d32cfd9
  expected=53cc1c94f09f97079dbc8961f2c4a7f0371e52bc29629175077d2f941d32cfd9
stage1_export_sha256: MATCH
  observed=ccc000c78b9101630b41e011d9fa53465982e83efbdb289ca5ca599a60e436bb
  expected=ccc000c78b9101630b41e011d9fa53465982e83efbdb289ca5ca599a60e436bb
discovery_manifest_sha256: MATCH
  observed=14c99832bbb94a7c34e73705e1f78b35bd614af09aae5d8037593c30bcdd3ec5
  expected=14c99832bbb94a7c34e73705e1f78b35bd614af09aae5d8037593c30bcdd3ec5
k_audit_sha256: MATCH
  observed=30e2a863212b2ca023efa0904947fa2d1457aeee23f8e9a946622bbc643bacf6
  expected=30e2a863212b2ca023efa0904947fa2d1457aeee23f8e9a946622bbc643bacf6
klean_generation_sha256: MATCH
  observed=ea23555bf829f58db4335eeb54e1a3dc1a0740a846eb4f5c2abba8d8da0f396d
  expected=ea23555bf829f58db4335eeb54e1a3dc1a0740a846eb4f5c2abba8d8da0f396d
generation_producer_sources_sha256: MATCH
  observed=55e6319f2271365637d561f055caa2f6187aa98b0216ec39cc79e0cce33b867c
  expected=55e6319f2271365637d561f055caa2f6187aa98b0216ec39cc79e0cce33b867c
generated_tree_sha256: MATCH
  observed=a5297aa66093a095ad19fb3a916910c94b488e0ac72d0bf2a566b4d092f8fcc3
  expected=a5297aa66093a095ad19fb3a916910c94b488e0ac72d0bf2a566b4d092f8fcc3
lean_workspace_sha256: MATCH
  observed=None
  expected=None
lean_invocation_sha256: MATCH
  observed=None
  expected=None

STAGE 1 PER-FILE HASHES
stage1_source_hashes: MATCH
  observed={'NOTES.md': '584990a831d837fb404f3f65df9c0d951372629b1282bc43e8865be9a46f1472', '__pycache__/concrete-tests.cpython-310.pyc': 'c9c6864b10188cc7c9f290f0bc80c30347d2500150f03d55453db7221d9251a9', '__pycache__/differential_test.cpython-310.pyc': '66373319771fa0619e3385c76200b5e69af7f647e11e5a5c9c51898e353577b0', '__pycache__/solution.cpython-310.pyc': '5a2098841ebcb641a9234266e0befc295e33b4e22cea3046492bf13cec354ec2', 'concrete-tests.mpy': 'a046a02d62283ae71d8a50032a9a9a83512e8d83c228d86abf15f2dfdea0a285', 'concrete-tests.py': '0de87aca044614c4bb0e19b076d14e1d0683231c99521d7a73d8fe210d78f9b4', 'differential_test.py': '78fdddbd77e19b3a472088437ccf1ed9230ac67a5ded6b58107034f300c6cd7c', 'prompt.py': 'dc8d425f9133ada84c2a380d6cab8321aba622d443cee4d54bcc98c4859a2289', 'prove.sh': '1bd784a0dbc6302fa557eec6a21f0af386b77edc0a39b1fbe71204e60c473727', 'py2mpy.py': '406485eac118431c08ef59f30f79dfa6aa9d5825408917fc5ce7c806e664db16', 'reference-semantics/semantics/assert.k': '4258987a261d24b02ab3abfa52b3b2e013ea6323f9d5eb9a59c8f42cbcba030b', 'reference-semantics/semantics/bool.k': '8d6cfa9cd1ed776e51d776e4d358c418960c57715a6f9654ef9af41aea29f4fd', 'reference-semantics/semantics/builtins.k': 'fa43a855b8a4548f305f3dd210c8f6c6e7aa15b8d1cb0b8296977f061310c2dd', 'reference-semantics/semantics/call.k': '7e4d6c7cabe7bb4ccff52f21c5d5f30920ccb48d42864146ce53146509f736e4', 'reference-semantics/semantics/comprehension.k': 'cf7c38aad5cff698ebb05ecbadf00cbf210ddb2f54ae86f22b328311c027c6a7', 'reference-semantics/semantics/concrete.k': '1ffea42a32610e9116506d709e9163413aeb5f6deb7824ea554aca8341f2d305', 'reference-semantics/semantics/controls.k': '325c73757d5a7ccf541b93240accd590a2cee90d84470efa3a4a0a14165aafae', 'reference-semantics/semantics/core.k': 'e0fdc11dc2b9cd0acb18fe7c832c1ea1ac0c9e79cadf40c63f34276aca513d7e', 'reference-semantics/semantics/dict.k': '779b06e18162464c8422bbd6ac35fa0b9e34ef82807d5c707c6f4552d63c0580', 'reference-semantics/semantics/float.k': '5dfeee8700c90c3aa6dc515b15b74283882845fb6cdcc3627d97ef650124b70f', 'reference-semantics/semantics/functions.k': 'e4c8f67741117b29703c3c61d48a5b0f92cf7bd531e78e25c03e794a910ac193', 'reference-semantics/semantics/int.k': 'dc2da7d81578370651ecb6905b69cb44443cdd8db3869441242b81420382abe5', 'reference-semantics/semantics/iter.k': '5085db2fed67b7bbd39f6289ec275905aaee742690895d7b3f843f73bd62f77f', 'reference-semantics/semantics/list.k': '870c72341c25e2c16283726191a71bf5b571ed2995c8ae12e3e2923cdce5a9aa', 'reference-semantics/semantics/methods.k': 'ff9acc6dab2d1cc99ec4f2d234f27ae4526d752aae62bcfd7f9fd2a0399f7743', 'reference-semantics/semantics/operators.k': 'f3d1fd85734f5e1757307e606cbfb8d6d4bf0893ee85ce20ec99606ade910e8b', 'reference-semantics/semantics/range.k': '810e4c04b757445c03592aef25c97d6b2cc7c6fffa646288bc6cd15a3cae643d', 'reference-semantics/semantics/set.k': 'b822c3c6944f9940a4477fa6b7a42490c407663f2a314394e9c146e8951f1ac7', 'reference-semantics/semantics/sort.k': 'df79670e4794a92e96ffc824857fbc34d3a65b6b6a3026d1dcf322128fbaba5a', 'reference-semantics/semantics/str.k': '1bf0abf61d7c5df6301433a89c79d2ef4259d47a68d98385ff74618c4c310e0f', 'reference-semantics/semantics/subscript.k': 'dba04c0acf213bef4f9f7b11243ca00a2b3ca5fa8666c544ede7d382d27d36a7', 'reference-semantics/semantics/syntax.k': '1e9e629e5e6e14bdd7f4d530375e8655a89366b5ecd0c24a3c57ad3b5708f2a6', 'reference-semantics/semantics/tuple.k': '41395a1ec6a58129c78facb15b44206907c54d79e86ea363ae68cb37bfc64abb', 'reference-semantics/semantics.k': '57e8f9f3178639bbb87f95e5cc596bbaa91a6463f965b1965911eff9a0269f97', 'solution.mpy': '9f5d29667fdd1adb62505f439ed2d11bf8db7408b3adeb35eeea3123b760f362', 'solution.py': 'b8fe02f3df5dc9ed45a2e3bf32d70876f267054d240db16ed1c2c26ea15b8c61', 'spec.k': 'c21ab5a6be45455a3bac1686622464110355306442d3711b52330d3c7f6ae6b0', 'verification.k': '545e6858013ff4c70613e0d4661ea47f3fc321553abee6e4273897549c4678f6'}
  expected={'NOTES.md': '584990a831d837fb404f3f65df9c0d951372629b1282bc43e8865be9a46f1472', '__pycache__/concrete-tests.cpython-310.pyc': 'c9c6864b10188cc7c9f290f0bc80c30347d2500150f03d55453db7221d9251a9', '__pycache__/differential_test.cpython-310.pyc': '66373319771fa0619e3385c76200b5e69af7f647e11e5a5c9c51898e353577b0', '__pycache__/solution.cpython-310.pyc': '5a2098841ebcb641a9234266e0befc295e33b4e22cea3046492bf13cec354ec2', 'concrete-tests.mpy': 'a046a02d62283ae71d8a50032a9a9a83512e8d83c228d86abf15f2dfdea0a285', 'concrete-tests.py': '0de87aca044614c4bb0e19b076d14e1d0683231c99521d7a73d8fe210d78f9b4', 'differential_test.py': '78fdddbd77e19b3a472088437ccf1ed9230ac67a5ded6b58107034f300c6cd7c', 'prompt.py': 'dc8d425f9133ada84c2a380d6cab8321aba622d443cee4d54bcc98c4859a2289', 'prove.sh': '1bd784a0dbc6302fa557eec6a21f0af386b77edc0a39b1fbe71204e60c473727', 'py2mpy.py': '406485eac118431c08ef59f30f79dfa6aa9d5825408917fc5ce7c806e664db16', 'reference-semantics/semantics.k': '57e8f9f3178639bbb87f95e5cc596bbaa91a6463f965b1965911eff9a0269f97', 'reference-semantics/semantics/assert.k': '4258987a261d24b02ab3abfa52b3b2e013ea6323f9d5eb9a59c8f42cbcba030b', 'reference-semantics/semantics/bool.k': '8d6cfa9cd1ed776e51d776e4d358c418960c57715a6f9654ef9af41aea29f4fd', 'reference-semantics/semantics/builtins.k': 'fa43a855b8a4548f305f3dd210c8f6c6e7aa15b8d1cb0b8296977f061310c2dd', 'reference-semantics/semantics/call.k': '7e4d6c7cabe7bb4ccff52f21c5d5f30920ccb48d42864146ce53146509f736e4', 'reference-semantics/semantics/comprehension.k': 'cf7c38aad5cff698ebb05ecbadf00cbf210ddb2f54ae86f22b328311c027c6a7', 'reference-semantics/semantics/concrete.k': '1ffea42a32610e9116506d709e9163413aeb5f6deb7824ea554aca8341f2d305', 'reference-semantics/semantics/controls.k': '325c73757d5a7ccf541b93240accd590a2cee90d84470efa3a4a0a14165aafae', 'reference-semantics/semantics/core.k': 'e0fdc11dc2b9cd0acb18fe7c832c1ea1ac0c9e79cadf40c63f34276aca513d7e', 'reference-semantics/semantics/dict.k': '779b06e18162464c8422bbd6ac35fa0b9e34ef82807d5c707c6f4552d63c0580', 'reference-semantics/semantics/float.k': '5dfeee8700c90c3aa6dc515b15b74283882845fb6cdcc3627d97ef650124b70f', 'reference-semantics/semantics/functions.k': 'e4c8f67741117b29703c3c61d48a5b0f92cf7bd531e78e25c03e794a910ac193', 'reference-semantics/semantics/int.k': 'dc2da7d81578370651ecb6905b69cb44443cdd8db3869441242b81420382abe5', 'reference-semantics/semantics/iter.k': '5085db2fed67b7bbd39f6289ec275905aaee742690895d7b3f843f73bd62f77f', 'reference-semantics/semantics/list.k': '870c72341c25e2c16283726191a71bf5b571ed2995c8ae12e3e2923cdce5a9aa', 'reference-semantics/semantics/methods.k': 'ff9acc6dab2d1cc99ec4f2d234f27ae4526d752aae62bcfd7f9fd2a0399f7743', 'reference-semantics/semantics/operators.k': 'f3d1fd85734f5e1757307e606cbfb8d6d4bf0893ee85ce20ec99606ade910e8b', 'reference-semantics/semantics/range.k': '810e4c04b757445c03592aef25c97d6b2cc7c6fffa646288bc6cd15a3cae643d', 'reference-semantics/semantics/set.k': 'b822c3c6944f9940a4477fa6b7a42490c407663f2a314394e9c146e8951f1ac7', 'reference-semantics/semantics/sort.k': 'df79670e4794a92e96ffc824857fbc34d3a65b6b6a3026d1dcf322128fbaba5a', 'reference-semantics/semantics/str.k': '1bf0abf61d7c5df6301433a89c79d2ef4259d47a68d98385ff74618c4c310e0f', 'reference-semantics/semantics/subscript.k': 'dba04c0acf213bef4f9f7b11243ca00a2b3ca5fa8666c544ede7d382d27d36a7', 'reference-semantics/semantics/syntax.k': '1e9e629e5e6e14bdd7f4d530375e8655a89366b5ecd0c24a3c57ad3b5708f2a6', 'reference-semantics/semantics/tuple.k': '41395a1ec6a58129c78facb15b44206907c54d79e86ea363ae68cb37bfc64abb', 'solution.mpy': '9f5d29667fdd1adb62505f439ed2d11bf8db7408b3adeb35eeea3123b760f362', 'solution.py': 'b8fe02f3df5dc9ed45a2e3bf32d70876f267054d240db16ed1c2c26ea15b8c61', 'spec.k': 'c21ab5a6be45455a3bac1686622464110355306442d3711b52330d3c7f6ae6b0', 'verification.k': '545e6858013ff4c70613e0d4661ea47f3fc321553abee6e4273897549c4678f6'}

SELECTION HASHES
selected k_audit artifact: MATCH
  observed=30e2a863212b2ca023efa0904947fa2d1457aeee23f8e9a946622bbc643bacf6
  expected=30e2a863212b2ca023efa0904947fa2d1457aeee23f8e9a946622bbc643bacf6
selected klean_generation artifact: MATCH
  observed=ea23555bf829f58db4335eeb54e1a3dc1a0740a846eb4f5c2abba8d8da0f396d
  expected=ea23555bf829f58db4335eeb54e1a3dc1a0740a846eb4f5c2abba8d8da0f396d

PRODUCER AUTHENTICATION
producer file set: MATCH
  observed=['klean.py', 'klean_export.py', 'source-manifest.json']
  expected=['klean.py', 'klean_export.py', 'source-manifest.json']
klean_export.py vs source manifest: MATCH
  observed=0c18ea7997ddd34d3cabbeb0f271e17eb8a01cd03342319facf749ba92df18f0
  expected=0c18ea7997ddd34d3cabbeb0f271e17eb8a01cd03342319facf749ba92df18f0
klean_export.py vs generator manifest: MATCH
  observed=0c18ea7997ddd34d3cabbeb0f271e17eb8a01cd03342319facf749ba92df18f0
  expected=0c18ea7997ddd34d3cabbeb0f271e17eb8a01cd03342319facf749ba92df18f0
klean.py vs source manifest: MATCH
  observed=af70e08a1c91156f9fb5a2492647a2fda2b5a1040cbbc0180e6f03816ddf5ef1
  expected=af70e08a1c91156f9fb5a2492647a2fda2b5a1040cbbc0180e6f03816ddf5ef1
klean.py vs generator manifest: MATCH
  observed=af70e08a1c91156f9fb5a2492647a2fda2b5a1040cbbc0180e6f03816ddf5ef1
  expected=af70e08a1c91156f9fb5a2492647a2fda2b5a1040cbbc0180e6f03816ddf5ef1
generator image source/generator manifests: MATCH
  observed=sha256:dc996159ebb6df707cd5366ab83c500be5bbd2b842eda971e55ade57e5dda000
  expected=sha256:dc996159ebb6df707cd5366ab83c500be5bbd2b842eda971e55ade57e5dda000
generator image vs audit-input producer path: MATCH
  observed=sha256:dc996159ebb6df707cd5366ab83c500be5bbd2b842eda971e55ade57e5dda000
  expected=sha256:dc996159ebb6df707cd5366ab83c500be5bbd2b842eda971e55ade57e5dda000

STAGE 4 CROSS-BINDINGS
generator generated tree: MATCH
  observed=a5297aa66093a095ad19fb3a916910c94b488e0ac72d0bf2a566b4d092f8fcc3
  expected=a5297aa66093a095ad19fb3a916910c94b488e0ac72d0bf2a566b4d092f8fcc3
generator obligation-map hash: MATCH
  observed=cf331f312938e04436a60d1dc49b5a1f6f60b03f3283415439a7c175e9812048
  expected=cf331f312938e04436a60d1dc49b5a1f6f60b03f3283415439a7c175e9812048
generator Stage 1 provenance: MATCH
  observed=ccc000c78b9101630b41e011d9fa53465982e83efbdb289ca5ca599a60e436bb
  expected=ccc000c78b9101630b41e011d9fa53465982e83efbdb289ca5ca599a60e436bb
generator Stage 3 provenance: MATCH
  observed=14c99832bbb94a7c34e73705e1f78b35bd614af09aae5d8037593c30bcdd3ec5
  expected=14c99832bbb94a7c34e73705e1f78b35bd614af09aae5d8037593c30bcdd3ec5
input manifest frozen input: MATCH
  observed=ccc000c78b9101630b41e011d9fa53465982e83efbdb289ca5ca599a60e436bb
  expected=ccc000c78b9101630b41e011d9fa53465982e83efbdb289ca5ca599a60e436bb
input manifest Stage 1: MATCH
  observed=ccc000c78b9101630b41e011d9fa53465982e83efbdb289ca5ca599a60e436bb
  expected=ccc000c78b9101630b41e011d9fa53465982e83efbdb289ca5ca599a60e436bb
input manifest Stage 3: MATCH
  observed=14c99832bbb94a7c34e73705e1f78b35bd614af09aae5d8037593c30bcdd3ec5
  expected=14c99832bbb94a7c34e73705e1f78b35bd614af09aae5d8037593c30bcdd3ec5
export result frozen input: MATCH
  observed=ccc000c78b9101630b41e011d9fa53465982e83efbdb289ca5ca599a60e436bb
  expected=ccc000c78b9101630b41e011d9fa53465982e83efbdb289ca5ca599a60e436bb
export result Stage 3: MATCH
  observed=14c99832bbb94a7c34e73705e1f78b35bd614af09aae5d8037593c30bcdd3ec5
  expected=14c99832bbb94a7c34e73705e1f78b35bd614af09aae5d8037593c30bcdd3ec5
export result generated tree: MATCH
  observed=a5297aa66093a095ad19fb3a916910c94b488e0ac72d0bf2a566b4d092f8fcc3
  expected=a5297aa66093a095ad19fb3a916910c94b488e0ac72d0bf2a566b4d092f8fcc3
export result trust inventory: MATCH
  observed=cd9dd6eae6967cde0124e8fccc91abe6dbd4e06df3daf2bb65230076882ee7ad
  expected=cd9dd6eae6967cde0124e8fccc91abe6dbd4e06df3daf2bb65230076882ee7ad
recorded preflight: MATCH
  observed={'designated_sorry_count': 0, 'diagnostics': [{'command': ['lake', 'clean'], 'exit_code': 0, 'output_sha256': 'e3b0c44298fc1c149afbf4c8996fb92427ae41e4649b934ca495991b7852b855', 'output_tail': ''}, {'command': ['lake', 'build'], 'exit_code': 0, 'output_sha256': '5f537dfeea6ca3f9f1346d28288ff276d81be17f404482380f0bffb69e5b5760', 'output_tail': '✔ [2/9] Built Klean116SortArray.Prelude\n✔ [3/9] Built Klean116SortArray.Sorts\n✔ [4/9] Built Klean116SortArray.Inj\n✔ [5/9] Built Klean116SortArray.Lemmas\n⚠ [6/9] Built Klean116SortArray.Func\nwarning: Klean116SortArray/Func.lean:76:57: unused variable `As`\n\nNote: This linter can be disabled with `set_option linter.unusedVariables false`\nwarning: Klean116SortArray/Func.lean:76:114: unused variable `Bs`\n\nNote: This linter can be disabled with `set_option linter.unusedVariables false`\nwarning: Klean116SortArray/Func.lean:94:57: unused variable `As`\n\nNote: This linter can be disabled with `set_option linter.unusedVariables false`\nwarning: Klean116SortArray/Func.lean:94:114: unused variable `Bs`\n\nNote: This linter can be disabled with `set_option linter.unusedVariables false`\n✔ [7/9] Built Klean116SortArray.Rewrite\n✔ [8/9] Built Klean116SortArray\nBuild completed successfully.\n'}], 'frozen_input_sha256': 'ccc000c78b9101630b41e011d9fa53465982e83efbdb289ca5ca599a60e436bb', 'generated_tree_sha256': 'a5297aa66093a095ad19fb3a916910c94b488e0ac72d0bf2a566b4d092f8fcc3', 'obligation_count': 0, 'schema_version': 3, 'stage1_workspace_sha256': 'ccc000c78b9101630b41e011d9fa53465982e83efbdb289ca5ca599a60e436bb', 'stage3_discovery_manifest_sha256': '14c99832bbb94a7c34e73705e1f78b35bd614af09aae5d8037593c30bcdd3ec5', 'status': 'KLEAN_NO_OBLIGATIONS', 'target': None, 'trust_declaration_count': 49}
  expected={'designated_sorry_count': 0, 'diagnostics': [{'command': ['lake', 'clean'], 'exit_code': 0, 'output_sha256': 'e3b0c44298fc1c149afbf4c8996fb92427ae41e4649b934ca495991b7852b855', 'output_tail': ''}, {'command': ['lake', 'build'], 'exit_code': 0, 'output_sha256': '5f537dfeea6ca3f9f1346d28288ff276d81be17f404482380f0bffb69e5b5760', 'output_tail': '✔ [2/9] Built Klean116SortArray.Prelude\n✔ [3/9] Built Klean116SortArray.Sorts\n✔ [4/9] Built Klean116SortArray.Inj\n✔ [5/9] Built Klean116SortArray.Lemmas\n⚠ [6/9] Built Klean116SortArray.Func\nwarning: Klean116SortArray/Func.lean:76:57: unused variable `As`\n\nNote: This linter can be disabled with `set_option linter.unusedVariables false`\nwarning: Klean116SortArray/Func.lean:76:114: unused variable `Bs`\n\nNote: This linter can be disabled with `set_option linter.unusedVariables false`\nwarning: Klean116SortArray/Func.lean:94:57: unused variable `As`\n\nNote: This linter can be disabled with `set_option linter.unusedVariables false`\nwarning: Klean116SortArray/Func.lean:94:114: unused variable `Bs`\n\nNote: This linter can be disabled with `set_option linter.unusedVariables false`\n✔ [7/9] Built Klean116SortArray.Rewrite\n✔ [8/9] Built Klean116SortArray\nBuild completed successfully.\n'}], 'frozen_input_sha256': 'ccc000c78b9101630b41e011d9fa53465982e83efbdb289ca5ca599a60e436bb', 'generated_tree_sha256': 'a5297aa66093a095ad19fb3a916910c94b488e0ac72d0bf2a566b4d092f8fcc3', 'obligation_count': 0, 'schema_version': 3, 'stage1_workspace_sha256': 'ccc000c78b9101630b41e011d9fa53465982e83efbdb289ca5ca599a60e436bb', 'stage3_discovery_manifest_sha256': '14c99832bbb94a7c34e73705e1f78b35bd614af09aae5d8037593c30bcdd3ec5', 'status': 'KLEAN_NO_OBLIGATIONS', 'target': None, 'trust_declaration_count': 49}

OVERALL=MATCH

[exit_code=0]

