Fresh scratch directory: /tmp/audit-work/83-audit.N7f3FW

$ mkdir -p /tmp/audit-work/83-audit.N7f3FW/reference-semantics
[exit 0]

$ cp -a /reference/reference-semantics/. /tmp/audit-work/83-audit.N7f3FW/reference-semantics/
[exit 0]

$ cp -a /reference/py2mpy.py /tmp/audit-work/83-audit.N7f3FW/py2mpy.py
[exit 0]

$ cp -a /reference/canonical.py /tmp/audit-work/83-audit.N7f3FW/trusted-canonical.py
[exit 0]

$ cp -a /reference/prompt.py /tmp/audit-work/83-audit.N7f3FW/trusted-prompt.py
[exit 0]

$ cp -a /candidate/prompt.py /tmp/audit-work/83-audit.N7f3FW/candidate-prompt.py
[exit 0]

$ cp -a /candidate/py2mpy.py /tmp/audit-work/83-audit.N7f3FW/candidate-py2mpy.py
[exit 0]

$ cp -a /candidate/solution.py /tmp/audit-work/83-audit.N7f3FW/solution.py
[exit 0]

$ cp -a /candidate/solution.mpy /tmp/audit-work/83-audit.N7f3FW/solution.mpy
[exit 0]

$ cp -a /candidate/verification.k /tmp/audit-work/83-audit.N7f3FW/verification.k
[exit 0]

$ cp -a /candidate/spec.k /tmp/audit-work/83-audit.N7f3FW/spec.k
[exit 0]

$ cp -a /candidate/prove.sh /tmp/audit-work/83-audit.N7f3FW/prove.sh
[exit 0]

$ cp -a /candidate/PROOF.md /tmp/audit-work/83-audit.N7f3FW/PROOF.md
[exit 0]

$ cp -a /candidate/spec-vacuity.k /tmp/audit-work/83-audit.N7f3FW/spec-vacuity.k
[exit 0]

$ cp -a /candidate/spec-body-mutation.k /tmp/audit-work/83-audit.N7f3FW/spec-body-mutation.k
[exit 0]

$ cp -a /candidate/concrete-tests.py /tmp/audit-work/83-audit.N7f3FW/concrete-tests.py
[exit 0]

$ cp -a /candidate/concrete-tests.mpy /tmp/audit-work/83-audit.N7f3FW/concrete-tests.mpy
[exit 0]

$ cp -a /candidate/validate.py /tmp/audit-work/83-audit.N7f3FW/validate.py
[exit 0]

$ cd /tmp/audit-work/83-audit.N7f3FW
[exit 0]

$ python3 py2mpy.py solution.py > solution.regenerated.mpy
[exit 0]

$ cmp -s solution.regenerated.mpy solution.mpy
[exit 0]

$ sha256sum solution.py solution.mpy solution.regenerated.mpy
1707efcc6ec40a616b656c0dd7610aa25df291da5f26f203daff452e23168dc7  solution.py
d4630613fc4eed942749e77a1d3bddf32bd75802a6424bce22be92dcbe9843a2  solution.mpy
d4630613fc4eed942749e77a1d3bddf32bd75802a6424bce22be92dcbe9843a2  solution.regenerated.mpy
[exit 0]

$ diff -u solution.mpy solution.regenerated.mpy
[exit 0]

$ python3 /audit-output/evidence/02_differential.py /tmp/audit-work/83-audit.N7f3FW/trusted-canonical.py /tmp/audit-work/83-audit.N7f3FW/solution.py
enumerated-contract n=1: expected=1 candidate=1 equal=True
enumerated-contract n=2: expected=18 candidate=18 equal=True
enumerated-contract n=3: expected=180 candidate=180 equal=True
enumerated-contract n=4: expected=1800 candidate=1800 equal=True
enumerated-contract n=5: expected=18000 candidate=18000 equal=True
prompt_examples = none
empty_case = not_applicable_to_positive_integer_scalar_domain
branch_boundaries = [1, 2]
differential_case_count = 232
differential_min_max = (1, 1000)
differential_mismatches = 0
enumerated_property_mismatches = 0
n=1 result = 1
n=2 result = 18
n=1000 result summary = digits=1000, bit_length=3320
[exit 0]

$ find /tmp/audit-work/83-audit.N7f3FW -path /tmp/audit-work/83-audit.N7f3FW/reference-semantics -prune -o -printf %y\ %P\ -\>\ %l\\n
d  -> 
f concrete-tests.py -> 
f candidate-prompt.py -> 
f trusted-canonical.py -> 
f spec-body-mutation.k -> 
f solution.regenerated.mpy -> 
f verification.k -> 
f py2mpy.py -> 
f candidate-py2mpy.py -> 
f prove.sh -> 
d __pycache__ -> 
f __pycache__/trusted-canonical.cpython-310.pyc -> 
f __pycache__/solution.cpython-310.pyc -> 
f solution.mpy -> 
f concrete-tests.mpy -> 
f PROOF.md -> 
f trusted-prompt.py -> 
f spec-vacuity.k -> 
f solution.py -> 
f validate.py -> 
f spec.k -> 
[exit 0]

Script exit: 0 (individual command statuses above)
