Script started on 2026-07-26 12:54:31-05:00 [<not executed on terminal>]
spec.k
3:module SPEC
4:  imports VERIFICATION
9:  claim
39:  claim <k> check(expected(
45:  claim <k> check(expected(
51:  claim <k> check(expected(
57:  claim <k> check(expected(
63:  claim <k> check(expected(

verification.k
3:module VERIFICATION
4:  imports SEMANTIC
8:  syntax Pgm ::= "solutionProgram" [function]
9:  rule solutionProgram =>
30:  syntax Int ::= expected ( Ops , Ints ) [function]
31:  rule expected(OS, IS) => pyEval(OS, IS)
35:  syntax KItem ::= "check" "(" Int ")" | "checked" "(" Int ")"
36:  rule check(I) => checked(I)
38:  syntax Bool ::= validOps ( Ops ) [function, total]
39:  rule validOps(.Ops) => true
40:  rule validOps(Op(O, OS)) => validOperator(O) andBool validOps(OS)
42:  syntax Bool ::= validOperator ( String ) [function, total]
43:  rule validOperator("+") => true
44:  rule validOperator("-") => true
45:  rule validOperator("*") => true
46:  rule validOperator("//") => true
47:  rule validOperator("**") => true
48:  rule validOperator(O) => false
55:  syntax Bool ::= nonNegative ( Ints ) [function, total]
56:  rule nonNegative(.Ints) => true
57:  rule nonNegative(Num(I, IS))

semantic.k
1:module MPY-SYNTAX
2:  imports INT-SYNTAX
3:  imports STRING-SYNTAX
5:  syntax Pgm ::= "Module" "(" Stmts ")"
6:  syntax Stmts ::= List{Stmt, ""}
7:  syntax Strings ::= List{String, ","}
8:  syntax Params ::= "Params" "(" Strings ")"
9:  syntax Exprs ::= List{Expr, ","}
11:  syntax Bound ::= Expr | "NoBound"
12:  syntax Expr ::= "Name" "(" String ")"
20:  syntax Stmt ::= "FuncDef" "(" String "," Params "," Stmts ")"
26:  syntax Ops ::= ".Ops" | "Op" "(" String "," Ops ")"
27:  syntax Ints ::= ".Ints" | "Num" "(" Int "," Ints ")"
28:  syntax OpList ::= "ops" "(" Ops ")"
29:  syntax NumList ::= "ints" "(" Ints ")"
32:module SEMANTIC
33:  imports MPY-SYNTAX
34:  imports INT
35:  imports STRING
36:  imports BOOL
38:  syntax KItem ::= "invoke"
42:  syntax Text ::= "noText"
45:  configuration
53:  rule <k> Module(FuncDef("do_algebra", Params("operator", "operand"), BODY))
56:  rule <k> exec(Assign(
64:  rule <k> exec(For(
82:  rule <k> exec(Return(Call(Name("eval"), Name("expression"))) _REST)
87:  syntax Bool ::= aligned ( Ops , Ints ) [function, total]
88:  rule aligned(.Ops, .Ints) => true
89:  rule aligned(Op(_, OS), Num(_, IS)) => aligned(OS, IS)
90:  rule aligned(.Ops, Num(_, _)) => false
91:  rule aligned(Op(_, _), .Ints) => false
95:  syntax ParseResult ::= "parsed" "(" Int "," Ops "," Ints ")"
96:  syntax ParseResult ::= parsePow ( Ops , Ints ) [function]
99:  rule parsePow(.Ops, Num(I, .Ints)) => parsed(I, .Ops, .Ints)
100:  rule parsePow(Op("**", OS), Num(I, IS))
102:  rule parsePow(Op("+", OS), Num(I, IS))
104:  rule parsePow(Op("-", OS), Num(I, IS))
106:  rule parsePow(Op("*", OS), Num(I, IS))
108:  rule parsePow(Op("//", OS), Num(I, IS))
110:  rule powCombine(I, parsed(J, OS, IS))
113:  syntax Tokens ::= "tokens" "(" Ops "," Ints ")"
114:  syntax Tokens ::= powerPass ( Ops , Ints ) [function]
118:  rule powerPass(OS, IS) => powerNext(parsePow(OS, IS))
119:  rule powerNext(parsed(I, .Ops, .Ints))
121:  rule powerNext(parsed(I, Op(O, OS), IS))
123:  rule powerCons(I, O, tokens(OS, IS))
127:  syntax ParseResult ::= parseMul ( Ops , Ints ) [function]
128:  rule parseMul(.Ops, Num(I, .Ints)) => parsed(I, .Ops, .Ints)
129:  rule parseMul(Op("*", OS), Num(I, Num(J, IS)))
131:  rule parseMul(Op("//", OS), Num(I, Num(J, IS)))
134:  rule parseMul(Op("+", OS), Num(I, IS))
136:  rule parseMul(Op("-", OS), Num(I, IS))
139:  syntax Tokens ::= mulPass ( Ops , Ints ) [function]
142:  rule mulPass(OS, IS) => mulNext(parseMul(OS, IS))
143:  rule mulNext(parsed(I, .Ops, .Ints))
145:  rule mulNext(parsed(I, Op(O, OS), IS))
147:  rule mulCons(I, O, tokens(OS, IS))
151:  syntax Int ::= addPass ( Ops , Ints ) [function]
152:  rule addPass(.Ops, Num(I, .Ints)) => I
153:  rule addPass(Op("+", OS), Num(I, Num(J, IS)))
155:  rule addPass(Op("-", OS), Num(I, Num(J, IS)))
158:  syntax Int ::= pyEval ( Ops , Ints ) [function]
161:  rule pyEval(OS, IS) => afterPower(powerPass(OS, IS))
162:  rule afterPower(tokens(OS, IS)) => afterMul(mulPass(OS, IS))
163:  rule afterMul(tokens(OS, IS)) => addPass(OS, IS)
165:  syntax Int ::= powNat ( Int , Int ) [function]
166:  rule powNat(_, 0) => 1
167:  rule powNat(A, E) => A *Int powNat(A, E -Int 1)

Script done on 2026-07-26 12:54:31-05:00 [COMMAND_EXIT_CODE="0"]
