STAGE 7 MODEL-GAP WITNESS FOR TRUST LEDGER
COMMAND: execute candidate and canonical Python functions on [True,1]
case [True, 1]
candidate [True]
canonical [True]
EXIT: 0
COMMAND: trusted translation of reviewer concrete model-gap program
EXIT: 0
COMMAND: krun /tmp/audit-work/review-34-unique/stage7_model_gap_concrete.mpy --definition /tmp/audit-work/review-34-unique/audit-runtime-kompiled
<generatedTop>
  <k>
    .K
  </k>
  <env>
    0
  </env>
  <scopes>
    -1 |-> scope ( "abs" |-> builtinV ( "abs" )
    "all" |-> builtinV ( "all" )
    "any" |-> builtinV ( "any" )
    "bin" |-> builtinV ( "bin" )
    "chr" |-> builtinV ( "chr" )
    "enumerate" |-> builtinV ( "enumerate" )
    "eval" |-> builtinV ( "eval" )
    "float" |-> typeV ( "float" )
    "int" |-> typeV ( "int" )
    "isinstance" |-> builtinV ( "isinstance" )
    "len" |-> builtinV ( "len" )
    "list" |-> builtinV ( "list" )
    "map" |-> builtinV ( "map" )
    "max" |-> builtinV ( "max" )
    "min" |-> builtinV ( "min" )
    "ord" |-> builtinV ( "ord" )
    "range" |-> builtinV ( "range" )
    "round" |-> builtinV ( "round" )
    "set" |-> builtinV ( "set" )
    "sorted" |-> builtinV ( "sorted" )
    "str" |-> typeV ( "str" )
    "sum" |-> builtinV ( "sum" )
    "zip" |-> builtinV ( "zip" ) , root )
    0 |-> scope ( "answer" |-> ref ( 2 )
    "unique" |-> closureVal ( "l" , .ParamNames , Expr ( Str ( "Return sorted unique elements in a list." ) )  Assign ( Name ( "result" ) , ListExpr ( .Exprs ) )  Assign ( Name ( "x" ) , NoneVal )  For ( Name ( "x" ) , Name ( "l" ) , If ( Compare ( Name ( "x" ) , CmpOp ( "not in" , Name ( "result" ) ) ) , Expr ( Call ( Attribute ( Name ( "result" ) , "append" ) , Name ( "x" ) , .Exprs ) )  .Stmts , .Stmts )  .Stmts )  Return ( Call ( Name ( "sorted" ) , Name ( "result" ) , .Exprs ) )  .Stmts , 0 ) , parent ( -1 ) )
  </scopes>
  <scopeLoc>
    1
  </scopeLoc>
  <heap>
    0 |-> list ( vCons ( true , vCons ( 1 , .ValSeq ) ) )
    1 |-> list ( vCons ( true , .ValSeq ) )
    2 |-> list ( vCons ( true , .ValSeq ) )
  </heap>
  <heapLoc>
    3
  </heapLoc>
  <stack>
    .List
  </stack>
  <ret>
    noRet
  </ret>
  <exc>
    NoExc
  </exc>
  <exit-code>
    0
  </exit-code>
</generatedTop>
EXIT: 0
COMMAND: copy reviewer symbolic witness into scratch
EXIT: 0
COMMAND: kprove /tmp/audit-work/review-34-unique/stage7_model_gap.k --definition /tmp/audit-work/review-34-unique/audit-verification-base-kompiled --spec-module AUDIT-SYMBOLIC-MODEL-GAP
#Top
[Warning] Compiler: Variable 'As' defined but not used. Prefix variable name
with underscore if this is intentional.
	Source(/tmp/audit-work/review-34-unique/reference-semantics/semantics/str.k)
	Location(52,27,52,29)
	52 |	  rule strLt(iCons(A:Int, As:IntSeq), iCons(B:Int, Bs:IntSeq)) => true   
      requires A  <Int B
	   .	                          ^~
[Warning] Compiler: Variable 'Bs' defined but not used. Prefix variable name
with underscore if this is intentional.
	Source(/tmp/audit-work/review-34-unique/reference-semantics/semantics/str.k)
	Location(52,52,52,54)
	52 |	  rule strLt(iCons(A:Int, As:IntSeq), iCons(B:Int, Bs:IntSeq)) => true   
      requires A  <Int B
	   .	                                                   ^~
[Warning] Compiler: Variable 'As' defined but not used. Prefix variable name
with underscore if this is intentional.
	Source(/tmp/audit-work/review-34-unique/reference-semantics/semantics/str.k)
	Location(53,27,53,29)
	53 |	  rule strLt(iCons(A:Int, As:IntSeq), iCons(B:Int, Bs:IntSeq)) => false  
      requires A  >Int B
	   .	                          ^~
[Warning] Compiler: Variable 'Bs' defined but not used. Prefix variable name
with underscore if this is intentional.
	Source(/tmp/audit-work/review-34-unique/reference-semantics/semantics/str.k)
	Location(53,52,53,54)
	53 |	  rule strLt(iCons(A:Int, As:IntSeq), iCons(B:Int, Bs:IntSeq)) => false  
      requires A  >Int B
	   .	                                                   ^~
EXIT: 0
COMMAND: kprove opposite CPython result under fixed symbolic semantics
kore-exec: [974640] Warning (WarnStuckClaimState):
    The configuration's term doesn't unify with the destination's term and the configuration cannot be rewritten further. Location: /tmp/audit-work/review-34-unique/stage7_model_gap.k:21:5-24:9
Context:
    (InfoReachability) while checking the implication
<generatedTop>
  <k>
    false ~> .K
  </k>
  <env>
    _Gen10
  </env>
  <scopes>
    _Gen11
  </scopes>
  <scopeLoc>
    _Gen12
  </scopeLoc>
  <heap>
    _Gen13
  </heap>
  <heapLoc>
    _Gen14
  </heapLoc>
  <stack>
    _Gen15
  </stack>
  <ret>
    _Gen16
  </ret>
  <exc>
    _Gen17
  </exc>
  <exit-code>
    _Gen18
  </exit-code>
</generatedTop>
[Warning] Compiler: Variable 'As' defined but not used. Prefix variable name
with underscore if this is intentional.
	Source(/tmp/audit-work/review-34-unique/reference-semantics/semantics/str.k)
	Location(52,27,52,29)
	52 |	  rule strLt(iCons(A:Int, As:IntSeq), iCons(B:Int, Bs:IntSeq)) => true   
      requires A  <Int B
	   .	                          ^~
[Warning] Compiler: Variable 'Bs' defined but not used. Prefix variable name
with underscore if this is intentional.
	Source(/tmp/audit-work/review-34-unique/reference-semantics/semantics/str.k)
	Location(52,52,52,54)
	52 |	  rule strLt(iCons(A:Int, As:IntSeq), iCons(B:Int, Bs:IntSeq)) => true   
      requires A  <Int B
	   .	                                                   ^~
[Warning] Compiler: Variable 'As' defined but not used. Prefix variable name
with underscore if this is intentional.
	Source(/tmp/audit-work/review-34-unique/reference-semantics/semantics/str.k)
	Location(53,27,53,29)
	53 |	  rule strLt(iCons(A:Int, As:IntSeq), iCons(B:Int, Bs:IntSeq)) => false  
      requires A  >Int B
	   .	                          ^~
[Warning] Compiler: Variable 'Bs' defined but not used. Prefix variable name
with underscore if this is intentional.
	Source(/tmp/audit-work/review-34-unique/reference-semantics/semantics/str.k)
	Location(53,52,53,54)
	53 |	  rule strLt(iCons(A:Int, As:IntSeq), iCons(B:Int, Bs:IntSeq)) => false  
      requires A  >Int B
	   .	                                                   ^~
[Error] Prover: backend terminated because the configuration cannot be
rewritten further. See output for more details.
EXIT: 1
EXPECTED_MODEL_DIVERGENCE_FAILURE: 1
