COMMAND: explicit source-only scratch copy from read-only mounts
d 755 /tmp/audit-work/92-any-int -> 
d 755 /tmp/audit-work/92-any-int/candidate -> 
d 755 /tmp/audit-work/92-any-int/reference -> 
f 644 /tmp/audit-work/92-any-int/candidate/prompt.py -> 
f 644 /tmp/audit-work/92-any-int/candidate/py2mpy.py -> 
f 644 /tmp/audit-work/92-any-int/candidate/semantic.k -> 
f 644 /tmp/audit-work/92-any-int/candidate/solution.mpy -> 
f 644 /tmp/audit-work/92-any-int/candidate/solution.py -> 
f 644 /tmp/audit-work/92-any-int/candidate/spec.k -> 
f 644 /tmp/audit-work/92-any-int/candidate/verification.k -> 
f 644 /tmp/audit-work/92-any-int/reference/canonical.py -> 
f 644 /tmp/audit-work/92-any-int/reference/prompt.py -> 
f 644 /tmp/audit-work/92-any-int/reference/py2mpy.py -> 
f 755 /tmp/audit-work/92-any-int/candidate/prove.sh -> 
CANDIDATE SOURCE HASHES:
1d19b808783c5f57c39df1de99cec4193d4b59538aa48ed22d6ca85c727a51e2  /tmp/audit-work/92-any-int/candidate/prompt.py
680684b9e35136264fa629dcd012d8d64fa602502fe4253356f123cc99709aca  /tmp/audit-work/92-any-int/candidate/prove.sh
406485eac118431c08ef59f30f79dfa6aa9d5825408917fc5ce7c806e664db16  /tmp/audit-work/92-any-int/candidate/py2mpy.py
20a81b20d772ecea1a0642f68fedac9bd9e3cee5b284e899fb9b4cfa53f9001e  /tmp/audit-work/92-any-int/candidate/semantic.k
5240ec9e4c19980dec3bdf45eb06f619883af762dd9287e7b77331902b736856  /tmp/audit-work/92-any-int/candidate/solution.mpy
8fe6a4b72e0b18e02927fed504bfe6f9e0180c355c1298e83d2d097b4e6cd3e1  /tmp/audit-work/92-any-int/candidate/solution.py
9373858e3a468e4cac2ba156633d48d66b0b57ddd711834ac557882961ecf9f8  /tmp/audit-work/92-any-int/candidate/spec.k
ffb827c600a098ff7e1d4f9a51961fb3a7b8609fe61aec900e11f4211af70654  /tmp/audit-work/92-any-int/candidate/verification.k
EXIT_STATUS: 0
