CWD: /tmp/audit-work/68-pluck
COMMAND: python3 /audit-output/evidence/differential_test.py
example-1: len=3 result=[2, 1]
example-2: len=3 result=[2, 1]
example-3-empty: len=0 result=[]
example-4-zero-tie: len=6 result=[0, 1]
one-odd: len=1 result=[]
one-zero: len=1 result=[0, 0]
one-even: len=1 result=[2, 0]
first-even-remains: len=2 result=[2, 0]
strictly-smaller-replaces: len=2 result=[2, 1]
equal-even-preserves-first: len=2 result=[2, 0]
odd-after-even: len=2 result=[2, 0]
large-integers: len=4 result=[0, 3]
max-length-all-odd: len=10000 result=[]
max-length-all-even-tie: len=10000 result=[2, 0]
max-length-ascending: len=10000 result=[0, 0]
max-length-descending: len=10000 result=[0, 9999]
exhaustive_domain=values[0..6], lengths[0..6]
exhaustive_cases=137257
random_seed=6800729 random_lengths=0..300 random_values=0..10^12
random_cases=2000
total_cases=139273
mismatches=0
EXIT_STATUS: 0
