COMMAND: kprove spec.k --definition verification-audit-kompiled --spec-module SPEC --claims SPEC.digit-sum-bound
EXIT_STATUS=0
OUTPUT_LINES=67
kore-exec: [1660419] Warning (WarnTrivialClaim):
    Claim proven without rewriting at: /tmp/audit-work/84-solve/spec.k:7:5-10:60
#Top
[Warning] Compiler: Variable 'As' defined but not used. Prefix variable name
with underscore if this is intentional.
	Source(/tmp/audit-work/84-solve/reference-semantics/semantics/str.k)
	Location(52,27,52,29)
	52 |	  rule strLt(iCons(A:Int, As:IntSeq), iCons(B:Int, Bs:IntSeq)) => true   
      requires A  <Int B
	   .	                          ^~
[Warning] Compiler: Variable 'Bs' defined but not used. Prefix variable name
with underscore if this is intentional.
	Source(/tmp/audit-work/84-solve/reference-semantics/semantics/str.k)
	Location(52,52,52,54)
	52 |	  rule strLt(iCons(A:Int, As:IntSeq), iCons(B:Int, Bs:IntSeq)) => true   
      requires A  <Int B
	   .	                                                   ^~
[Warning] Compiler: Variable 'As' defined but not used. Prefix variable name
with underscore if this is intentional.
	Source(/tmp/audit-work/84-solve/reference-semantics/semantics/str.k)
	Location(53,27,53,29)
	53 |	  rule strLt(iCons(A:Int, As:IntSeq), iCons(B:Int, Bs:IntSeq)) => false  
      requires A  >Int B
	   .	                          ^~
[Warning] Compiler: Variable 'Bs' defined but not used. Prefix variable name
with underscore if this is intentional.
	Source(/tmp/audit-work/84-solve/reference-semantics/semantics/str.k)
	Location(53,52,53,54)
	53 |	  rule strLt(iCons(A:Int, As:IntSeq), iCons(B:Int, Bs:IntSeq)) => false  
      requires A  >Int B
	   .	                                                   ^~
[Warning] Compiler: Variable '?SCOPES' defined but not used. Prefix variable
name with underscore if this is intentional.
	Source(/tmp/audit-work/84-solve/spec.k)
	Location(29,7,29,14)
	29 |	      ?SCOPES:Map
	   .	      ^~~~~~~
[Warning] Compiler: Variable '?SCOPES' defined but not used. Prefix variable
name with underscore if this is intentional.
	Source(/tmp/audit-work/84-solve/spec.k)
	Location(61,7,61,14)
	61 |	      ?SCOPES:Map
	   .	      ^~~~~~~
[Warning] Compiler: Variable '?SCOPES' defined but not used. Prefix variable
name with underscore if this is intentional.
	Source(/tmp/audit-work/84-solve/spec.k)
	Location(94,7,94,14)
	94 |	      ?SCOPES:Map
	   .	      ^~~~~~~
[Warning] Compiler: Variable '?SCOPES' defined but not used. Prefix variable
name with underscore if this is intentional.
	Source(/tmp/audit-work/84-solve/spec.k)
	Location(127,7,127,14)
	127 |	      ?SCOPES:Map
	    .	      ^~~~~~~
[Warning] Compiler: Variable '?SCOPES' defined but not used. Prefix variable
name with underscore if this is intentional.
	Source(/tmp/audit-work/84-solve/spec.k)
	Location(160,7,160,14)
	160 |	      ?SCOPES:Map
	    .	      ^~~~~~~
[Warning] Compiler: Variable 'Q' defined but not used. Prefix variable name
with underscore if this is intentional.
	Source(/tmp/audit-work/84-solve/verification.k)
	Location(100,26,100,27)
	100 |	  rule (((D +Int 10 *Int Q) %Int 10 +Int 10) %Int 10) => D
	    .	                         ^
