Script started on 2026-07-29 11:36:59-05:00 [<not executed on terminal>]
source_count=26
record_count=1052
claim=2
class:claim=2
class:concrete=36
class:configuration=1
class:context=5
class:function=146
class:imports=91
class:macro=3
class:macro-rec=1
class:ordinary=591
class:owise=29
class:priority=45
class:requires=25
class:rule=700
class:seqstrict=1
class:strict=2
class:syntax=228
class:total=108
configuration=1
context=5
imports=91
requires=25
rule=700
syntax=228
json=/audit-output/evidence/stage5/inventory.json
markdown=/audit-output/evidence/stage5/inventory.md
record_count=1052
CONCRETE_ATTRIBUTE_RULE=36
DECLARATION_OR_COMPOSITION_UNUSED=231
OPAQUE_TRUST_DECLARATION=25
PROOF_LOCAL_AUDITED=10
PROOF_PATH_AUDITED=135
REACHABILITY_CLAIM_AUDITED=3
RUNTIME_ONLY_MODULE=22
UNUSED_DISJOINT_RULE=590
output=/audit-output/evidence/stage5/dispositions.csv
c893180818bbefb98aed1527f513468167b96b25128bf099ee325e144549e58b  /audit-output/evidence/stage5/inventory.json
a40583aa4be072b7b3bd971dc5c21ce85c891c45c4c5729f14c919b65be0b4fd  /audit-output/evidence/stage5/inventory.md
ab1a1032ca6464afeb09cf09635ba9346c174fc3dd978ea546f25d2d679bf164  /audit-output/evidence/stage5/dispositions.csv
exit_status=0

Script done on 2026-07-29 11:36:59-05:00 [COMMAND_EXIT_CODE="0"]
