$ tool versions
K version:    v7.1.293
Build date:   Fri Oct 03 13:32:35 CDT 2025
K version:    v7.1.293
Build date:   Fri Oct 03 13:32:35 CDT 2025
Python 3.10.12
$ kompile reference-semantics/semantics.k --backend llvm --main-module MPY-KRUN --syntax-module MPY-SYNTAX --output-definition audit-runtime-kompiled --warnings none
EXIT_STATUS=0
$ krun solution.mpy --definition audit-runtime-kompiled --output pretty
<generatedTop>
  <k>
    .K
  </k>
  <env>
    0
  </env>
  <scopes>
    -1 |-> scope ( "abs" |-> builtinV ( "abs" )
    "all" |-> builtinV ( "all" )
    "any" |-> builtinV ( "any" )
    "bin" |-> builtinV ( "bin" )
    "chr" |-> builtinV ( "chr" )
    "enumerate" |-> builtinV ( "enumerate" )
    "eval" |-> builtinV ( "eval" )
    "float" |-> typeV ( "float" )
    "int" |-> typeV ( "int" )
    "isinstance" |-> builtinV ( "isinstance" )
    "len" |-> builtinV ( "len" )
    "list" |-> builtinV ( "list" )
    "map" |-> builtinV ( "map" )
    "max" |-> builtinV ( "max" )
    "min" |-> builtinV ( "min" )
    "ord" |-> builtinV ( "ord" )
    "range" |-> builtinV ( "range" )
    "round" |-> builtinV ( "round" )
    "set" |-> builtinV ( "set" )
    "sorted" |-> builtinV ( "sorted" )
    "str" |-> typeV ( "str" )
    "sum" |-> builtinV ( "sum" )
    "zip" |-> builtinV ( "zip" ) , root )
    0 |-> scope ( "circular_shift" |-> closureVal ( "x" , "shift" , .ParamNames , Assign ( Name ( "s" ) , Call ( Name ( "str" ) , Name ( "x" ) , .Exprs ) )  If ( Compare ( Name ( "shift" ) , CmpOp ( ">" , Call ( Name ( "len" ) , Name ( "s" ) , .Exprs ) ) ) , Return ( Subscript ( Name ( "s" ) , Slice ( NoBound , NoBound , UnaryOp ( "-" , Int ( 1 ) ) ) ) )  .Stmts , .Stmts )  Return ( BinOp ( "+" , Subscript ( Name ( "s" ) , Slice ( UnaryOp ( "-" , Name ( "shift" ) ) , NoBound , NoBound ) ) , Subscript ( Name ( "s" ) , Slice ( NoBound , UnaryOp ( "-" , Name ( "shift" ) ) , NoBound ) ) ) )  .Stmts , 0 ) , parent ( -1 ) )
  </scopes>
  <scopeLoc>
    1
  </scopeLoc>
  <heap>
    .Map
  </heap>
  <heapLoc>
    0
  </heapLoc>
  <stack>
    .List
  </stack>
  <ret>
    noRet
  </ret>
  <exc>
    NoExc
  </exc>
  <exit-code>
    0
  </exit-code>
</generatedTop>
EXIT_STATUS=0
$ kompile verification.k --backend haskell --main-module CIRCULAR-SHIFT-VERIFICATION --syntax-module MPY-SYNTAX --output-definition audit-verification-kompiled --warnings none
EXIT_STATUS=0
$ kprove spec.k --definition audit-verification-kompiled --spec-module CIRCULAR-SHIFT-SPEC --claims CIRCULAR-SHIFT-SPEC.normal-shift --depth 300 --warnings none
#Top
EXIT_STATUS=0
$ kprove spec.k --definition audit-verification-kompiled --spec-module CIRCULAR-SHIFT-SPEC --claims CIRCULAR-SHIFT-SPEC.oversize-shift --depth 300 --warnings none
#Top
EXIT_STATUS=0
$ kprove spec.k --definition audit-verification-kompiled --spec-module CIRCULAR-SHIFT-SPEC --depth 300 --warnings none
#Top
EXIT_STATUS=0
OVERALL_EXIT_STATUS=0
