WORKDIR: /tmp/audit-work/22-filter-integers/src
COMMAND: kprove spec.k --definition fresh-verification-kompiled --spec-module SPEC
--- OUTPUT BEGIN ---
kore-exec: [406957] Warning (WarnTrivialClaim):
    Claim proven without rewriting at: /tmp/audit-work/22-filter-integers/src/spec.k:11:9-15:13
kore-exec: [412741] Warning (WarnTrivialClaim):
    Claim proven without rewriting at: /tmp/audit-work/22-filter-integers/src/spec.k:18:9-24:13
kore-exec: [418143] Warning (WarnTrivialClaim):
    Claim proven without rewriting at: /tmp/audit-work/22-filter-integers/src/spec.k:27:9-33:13
kore-exec: [421601] Warning (WarnTrivialClaim):
    Claim proven without rewriting at: /tmp/audit-work/22-filter-integers/src/spec.k:36:9-41:13
kore-exec: [425027] Warning (WarnTrivialClaim):
    Claim proven without rewriting at: /tmp/audit-work/22-filter-integers/src/spec.k:44:9-49:13
kore-exec: [428363] Warning (WarnTrivialClaim):
    Claim proven without rewriting at: /tmp/audit-work/22-filter-integers/src/spec.k:52:9-57:13
kore-exec: [431742] Warning (WarnTrivialClaim):
    Claim proven without rewriting at: /tmp/audit-work/22-filter-integers/src/spec.k:60:9-65:13
kore-exec: [435085] Warning (WarnTrivialClaim):
    Claim proven without rewriting at: /tmp/audit-work/22-filter-integers/src/spec.k:68:9-73:13
kore-exec: [438520] Warning (WarnTrivialClaim):
    Claim proven without rewriting at: /tmp/audit-work/22-filter-integers/src/spec.k:76:9-81:13
kore-exec: [440837] Warning (WarnTrivialClaim):
    Claim proven without rewriting at: /tmp/audit-work/22-filter-integers/src/spec.k:86:9-92:13
kore-exec: [500213] Warning (WarnTrivialClaim):
    Claim proven without rewriting at: /tmp/audit-work/22-filter-integers/src/spec.k:138:9-141:13
kore-exec: [500993] Warning (WarnTrivialClaim):
    Claim proven without rewriting at: /tmp/audit-work/22-filter-integers/src/spec.k:144:9-150:13
kore-exec: [503922] Warning (WarnTrivialClaim):
    Claim proven without rewriting at: /tmp/audit-work/22-filter-integers/src/spec.k:155:9-164:13
kore-exec: [504624] Warning (WarnTrivialClaim):
    Claim proven without rewriting at: /tmp/audit-work/22-filter-integers/src/spec.k:169:9-175:13
kore-exec: [505348] Warning (WarnTrivialClaim):
    Claim proven without rewriting at: /tmp/audit-work/22-filter-integers/src/spec.k:178:9-183:13
#Top
--- OUTPUT END ---
EXIT_STATUS: 0
