+ PYTHONPATH=/reference
+ python /audit-output/evidence/verify_recorded_hashes.py
AUDIT_MODE: matched=True observed='CLASSIFICATION_ONLY' expected='CLASSIFICATION_ONLY'
problem_id: matched=True observed='80-is-happy' expected='80-is-happy'
condition: matched=True observed='kit-semantics' expected='kit-semantics'
semantics_mode: matched=True observed='SUPPLIED_SEMANTICS' expected='SUPPLIED_SEMANTICS'
k_workspace_sha256: matched=True observed='faf18aa5172dbb6027240d41b4fdbdcfd0ab5f16d8da2c7e6c4ac2946a14bb99' expected='faf18aa5172dbb6027240d41b4fdbdcfd0ab5f16d8da2c7e6c4ac2946a14bb99'
k_audit_sha256: matched=True observed='facd3d1287c0101065ecb738cd8ea7f3be48b6eccb720015d906c678e6c90c3c' expected='facd3d1287c0101065ecb738cd8ea7f3be48b6eccb720015d906c678e6c90c3c'
klean_generation_sha256: matched=True observed='864d8372e471fd14b16cdd234bf25f4dd40654ef9a0e7a6c8047349bf5271949' expected='864d8372e471fd14b16cdd234bf25f4dd40654ef9a0e7a6c8047349bf5271949'
generation_producer_sources_sha256: matched=True observed='94ba4c012f48b7135094fefcc4517f5c9a5c1052fc304449c5505ddb4dca91b4' expected='94ba4c012f48b7135094fefcc4517f5c9a5c1052fc304449c5505ddb4dca91b4'
stage1_export_sha256: matched=True observed='5f39aa25765bf4dd07cbebd9dadaaf9c1a924398cafa99cf14cb9d6e4802410b' expected='5f39aa25765bf4dd07cbebd9dadaaf9c1a924398cafa99cf14cb9d6e4802410b'
generated_tree_sha256: matched=True observed='6edf52c0039720c5c6a63218c3f4aa096d24799814990a2c3b8d4ba684767260' expected='6edf52c0039720c5c6a63218c3f4aa096d24799814990a2c3b8d4ba684767260'
discovery_manifest_sha256: matched=True observed='ddfd4680f61d186dc24e26388a975936e9bc3a55bf0900eca56c49d9ca776edb' expected='ddfd4680f61d186dc24e26388a975936e9bc3a55bf0900eca56c49d9ca776edb'
lean_workspace_sha256: matched=True observed=None expected=None
lean_invocation_sha256: matched=True observed=None expected=None
lean_workspace_path: matched=True observed=None expected=None
lean_invocation_path: matched=True observed=None expected=None
candidate_absent: matched=True observed=False expected=False
selected_k_audit_artifact: matched=True observed='facd3d1287c0101065ecb738cd8ea7f3be48b6eccb720015d906c678e6c90c3c' expected='facd3d1287c0101065ecb738cd8ea7f3be48b6eccb720015d906c678e6c90c3c'
selected_generation_artifact: matched=True observed='864d8372e471fd14b16cdd234bf25f4dd40654ef9a0e7a6c8047349bf5271949' expected='864d8372e471fd14b16cdd234bf25f4dd40654ef9a0e7a6c8047349bf5271949'
stage1_source_hash_count_observed=769
stage1_source_hash_count_expected=769
stage1_source_missing_paths=[]
stage1_source_extra_paths=[]
stage1_source_changed_paths=[]
stage1_source_hash_bijection: matched=True observed=True expected=True
producer_bundle_exact_files: matched=True observed=['klean.py', 'klean_export.py', 'source-manifest.json'] expected=['klean.py', 'klean_export.py', 'source-manifest.json']
producer_files_vs_source_manifest: matched=True observed={'klean.py': '0e6dba9d9f456574b3bf4f4bf06933d774e9125f4d12c5a90b7314d8dd5c33a4', 'klean_export.py': '0e653377b007bc1a742bbd8fa0dcfdf956ebb2ef2432a7137d032b0a70d59c1b'} expected={'klean.py': '0e6dba9d9f456574b3bf4f4bf06933d774e9125f4d12c5a90b7314d8dd5c33a4', 'klean_export.py': '0e653377b007bc1a742bbd8fa0dcfdf956ebb2ef2432a7137d032b0a70d59c1b'}
producer_exporter_vs_generator_manifest: matched=True observed='0e653377b007bc1a742bbd8fa0dcfdf956ebb2ef2432a7137d032b0a70d59c1b' expected='0e653377b007bc1a742bbd8fa0dcfdf956ebb2ef2432a7137d032b0a70d59c1b'
producer_klean_vs_generator_manifest: matched=True observed='0e6dba9d9f456574b3bf4f4bf06933d774e9125f4d12c5a90b7314d8dd5c33a4' expected='0e6dba9d9f456574b3bf4f4bf06933d774e9125f4d12c5a90b7314d8dd5c33a4'
generator_image_source_vs_generator_manifest: matched=True observed='sha256:b377a4d6ce1a4210c17d7e862e3737d2c348cc4be96dfaca72ef9274846f4afc' expected='sha256:b377a4d6ce1a4210c17d7e862e3737d2c348cc4be96dfaca72ef9274846f4afc'
generator_image_audit_input_vs_generator_manifest: matched=True observed='sha256:b377a4d6ce1a4210c17d7e862e3737d2c348cc4be96dfaca72ef9274846f4afc' expected='sha256:b377a4d6ce1a4210c17d7e862e3737d2c348cc4be96dfaca72ef9274846f4afc'
generator_generated_tree: matched=True observed='6edf52c0039720c5c6a63218c3f4aa096d24799814990a2c3b8d4ba684767260' expected='6edf52c0039720c5c6a63218c3f4aa096d24799814990a2c3b8d4ba684767260'
generator_stage1_provenance: matched=True observed='5f39aa25765bf4dd07cbebd9dadaaf9c1a924398cafa99cf14cb9d6e4802410b' expected='5f39aa25765bf4dd07cbebd9dadaaf9c1a924398cafa99cf14cb9d6e4802410b'
generator_stage3_provenance: matched=True observed='ddfd4680f61d186dc24e26388a975936e9bc3a55bf0900eca56c49d9ca776edb' expected='ddfd4680f61d186dc24e26388a975936e9bc3a55bf0900eca56c49d9ca776edb'
ALL_RECORDED_HASH_AND_PRODUCER_CHECKS_PASS=True
