$ mkdir -p /tmp/audit-work/fresh/reference-semantics
[exit 0]
$ cp /candidate/solution.py /tmp/audit-work/fresh/solution.py
[exit 0]
$ cp /candidate/solution.mpy /tmp/audit-work/fresh/submitted-solution.mpy
[exit 0]
$ cp /candidate/verification.k /tmp/audit-work/fresh/verification.k
[exit 0]
$ cp /candidate/spec.k /tmp/audit-work/fresh/spec.k
[exit 0]
$ cp /reference/py2mpy.py /tmp/audit-work/fresh/py2mpy.py
[exit 0]
$ cp -a /reference/reference-semantics/. /tmp/audit-work/fresh/reference-semantics/
[exit 0]
$ python3 /reference/py2mpy.py /candidate/solution.py > /tmp/audit-work/fresh/regenerated-solution.mpy
[exit 0]
$ cmp -s /tmp/audit-work/fresh/regenerated-solution.mpy /candidate/solution.mpy
[exit 0]
$ sha256sum /tmp/audit-work/fresh/regenerated-solution.mpy /candidate/solution.mpy
4eb2b3f6755b8446a0c9559d07c8c85a6e525b69fe8126b31b411763bb0ecc3c  /tmp/audit-work/fresh/regenerated-solution.mpy
4eb2b3f6755b8446a0c9559d07c8c85a6e525b69fe8126b31b411763bb0ecc3c  /candidate/solution.mpy
[exit 0]
$ python3 /audit-output/evidence/02_differential.py
documented=2
empty_or_boundary=21
branch_boundary=47
power_boundaries=600
seed=155 generated=2000 range=[-10**100,10**100]
unique_total=2646 mismatches=0
[exit 0]
