#Top
[Warning] Compiler: Variable 'As' defined but not used. Prefix variable name
with underscore if this is intentional.
	Source(/tmp/audit-work/46-fib4/reference-semantics/semantics/str.k)
	Location(52,27,52,29)
	52 |	  rule strLt(iCons(A:Int, As:IntSeq), iCons(B:Int, Bs:IntSeq)) => true   
      requires A  <Int B
	   .	                          ^~
[Warning] Compiler: Variable 'Bs' defined but not used. Prefix variable name
with underscore if this is intentional.
	Source(/tmp/audit-work/46-fib4/reference-semantics/semantics/str.k)
	Location(52,52,52,54)
	52 |	  rule strLt(iCons(A:Int, As:IntSeq), iCons(B:Int, Bs:IntSeq)) => true   
      requires A  <Int B
	   .	                                                   ^~
[Warning] Compiler: Variable 'As' defined but not used. Prefix variable name
with underscore if this is intentional.
	Source(/tmp/audit-work/46-fib4/reference-semantics/semantics/str.k)
	Location(53,27,53,29)
	53 |	  rule strLt(iCons(A:Int, As:IntSeq), iCons(B:Int, Bs:IntSeq)) => false  
      requires A  >Int B
	   .	                          ^~
[Warning] Compiler: Variable 'Bs' defined but not used. Prefix variable name
with underscore if this is intentional.
	Source(/tmp/audit-work/46-fib4/reference-semantics/semantics/str.k)
	Location(53,52,53,54)
	53 |	  rule strLt(iCons(A:Int, As:IntSeq), iCons(B:Int, Bs:IntSeq)) => false  
      requires A  >Int B
	   .	                                                   ^~
[Warning] Compiler: Variable '?BFinal' defined but not used. Prefix variable
name with underscore if this is intentional.
	Source(/tmp/audit-work/46-fib4/spec.k)
	Location(33,41,33,48)
	33 |	        ("b" |-> (fib4Spec(I +Int 1) => ?BFinal:Int))
	   .	                                        ^~~~~~~
[Warning] Compiler: Variable '?CFinal' defined but not used. Prefix variable
name with underscore if this is intentional.
	Source(/tmp/audit-work/46-fib4/spec.k)
	Location(34,41,34,48)
	34 |	        ("c" |-> (fib4Spec(I +Int 2) => ?CFinal:Int))
	   .	                                        ^~~~~~~
[Warning] Compiler: Variable '?DFinal' defined but not used. Prefix variable
name with underscore if this is intentional.
	Source(/tmp/audit-work/46-fib4/spec.k)
	Location(35,41,35,48)
	35 |	        ("d" |-> (fib4Spec(I +Int 3) => ?DFinal:Int))
	   .	                                        ^~~~~~~
[Warning] Compiler: Variable 'E' defined but not used. Prefix variable name
with underscore if this is intentional.
	Source(/tmp/audit-work/46-fib4/spec.k)
	Location(36,19,36,20)
	36 |	        ("e" |-> (E:Int => ?EFinal:Int)),
	   .	                  ^
[Warning] Compiler: Variable '?EFinal' defined but not used. Prefix variable
name with underscore if this is intentional.
	Source(/tmp/audit-work/46-fib4/spec.k)
	Location(36,28,36,35)
	36 |	        ("e" |-> (E:Int => ?EFinal:Int)),
	   .	                           ^~~~~~~
[Warning] Compiler: Variable 'P' defined but not used. Prefix variable name
with underscore if this is intentional.
	Source(/tmp/audit-work/46-fib4/spec.k)
	Location(37,9,37,10)
	37 |	        P:Parent)
	   .	        ^
EXIT_STATUS=0
TOP_CHECK=PASS
