COMMAND: kprove auditor-nonvacuity.k --definition verification-fresh-kompiled --spec-module AUDITOR-NONVACUITY --dry-run
DRY_RUN_EXIT_STATUS=0
COMMAND: kprove auditor-nonvacuity.k --definition verification-fresh-kompiled --spec-module AUDITOR-NONVACUITY
PROOF_EXIT_STATUS=1
STUCK_CLAIM_CHECK=PASS
EXPECTED_RESULT_2_RESIDUAL_CHECK=PASS
kore-exec: [3966694] Warning (WarnStuckClaimState):
    The configuration's term doesn't unify with the destination's term and the configuration cannot be rewritten further. Location: /tmp/audit-work/46-fib4/auditor-nonvacuity.k:9:5-49:31
Context:
    (InfoReachability) while checking the implication
<generatedTop>
  <k>
    2 ~> .K
  </k>
  <env>
    0
  </env>
  <scopes>
    -1 |-> scope ( "abs" |-> builtinV ( "abs" )
    "all" |-> builtinV ( "all" )
    "any" |-> builtinV ( "any" )
    "bin" |-> builtinV ( "bin" )
    "chr" |-> builtinV ( "chr" )
    "enumerate" |-> builtinV ( "enumerate" )
    "eval" |-> builtinV ( "eval" )
    "float" |-> typeV ( "float" )
    "int" |-> typeV ( "int" )
    "isinstance" |-> builtinV ( "isinstance" )
    "len" |-> builtinV ( "len" )
    "list" |-> builtinV ( "list" )
    "map" |-> builtinV ( "map" )
    "max" |-> builtinV ( "max" )
    "min" |-> builtinV ( "min" )
    "ord" |-> builtinV ( "ord" )
    "range" |-> builtinV ( "range" )
    "round" |-> builtinV ( "round" )
    "set" |-> builtinV ( "set" )
    "sorted" |-> builtinV ( "sorted" )
    "str" |-> typeV ( "str" )
    "sum" |-> builtinV ( "sum" )
    "zip" |-> builtinV ( "zip" ) , root )
    0 |-> scope ( "fib4" |-> closureVal ( "n" , .ParamNames , Assign ( Name ( "a" ) , Int ( 0 ) )  Assign ( Name ( "b" ) , Int ( 0 ) )  Assign ( Name ( "c" ) , Int ( 2 ) )  Assign ( Name ( "d" ) , Int ( 0 ) )  Assign ( Name ( "e" ) , Int ( 0 ) )  Assign ( Name ( "i" ) , Int ( 0 ) )  While ( Compare ( Name ( "i" ) , CmpOp ( "<" , Name ( "n" ) ) ) , Assign ( Name ( "e" ) , BinOp ( "+" , BinOp ( "+" , BinOp ( "+" , Name ( "a" ) , Name ( "b" ) ) , Name ( "c" ) ) , Name ( "d" ) ) )  Assign ( Name ( "a" ) , Name ( "b" ) )  Assign ( Name ( "b" ) , Name ( "c" ) )  Assign ( Name ( "c" ) , Name ( "d" ) )  Assign ( Name ( "d" ) , Name ( "e" ) )  Assign ( Name ( "i" ) , BinOp ( "+" , Name ( "i" ) , Int ( 1 ) ) )  .Stmts )  Return ( Name ( "a" ) )  .Stmts , 0 ) , parent ( -1 ) )
  </scopes>
  <scopeLoc>
    1
  </scopeLoc>
  <heap>
    .Map
  </heap>
  <heapLoc>
    0
  </heapLoc>
  <stack>
    .List
  </stack>
  <ret>
    noRet
  </ret>
  <exc>
    NoExc
  </exc>
  <exit-code>
    0
  </exit-code>
</generatedTop>
[Warning] Compiler: Variable 'As' defined but not used. Prefix variable name
with underscore if this is intentional.
	Source(/tmp/audit-work/46-fib4/reference-semantics/semantics/str.k)
	Location(52,27,52,29)
	52 |	  rule strLt(iCons(A:Int, As:IntSeq), iCons(B:Int, Bs:IntSeq)) => true   
      requires A  <Int B
	   .	                          ^~
[Warning] Compiler: Variable 'Bs' defined but not used. Prefix variable name
with underscore if this is intentional.
	Source(/tmp/audit-work/46-fib4/reference-semantics/semantics/str.k)
	Location(52,52,52,54)
	52 |	  rule strLt(iCons(A:Int, As:IntSeq), iCons(B:Int, Bs:IntSeq)) => true   
      requires A  <Int B
	   .	                                                   ^~
[Warning] Compiler: Variable 'As' defined but not used. Prefix variable name
with underscore if this is intentional.
	Source(/tmp/audit-work/46-fib4/reference-semantics/semantics/str.k)
	Location(53,27,53,29)
	53 |	  rule strLt(iCons(A:Int, As:IntSeq), iCons(B:Int, Bs:IntSeq)) => false  
      requires A  >Int B
	   .	                          ^~
[Warning] Compiler: Variable 'Bs' defined but not used. Prefix variable name
with underscore if this is intentional.
	Source(/tmp/audit-work/46-fib4/reference-semantics/semantics/str.k)
	Location(53,52,53,54)
	53 |	  rule strLt(iCons(A:Int, As:IntSeq), iCons(B:Int, Bs:IntSeq)) => false  
      requires A  >Int B
	   .	                                                   ^~
[Warning] Compiler: Variable '?BFinal' defined but not used. Prefix variable
name with underscore if this is intentional.
	Source(/tmp/audit-work/46-fib4/spec.k)
	Location(33,41,33,48)
	33 |	        ("b" |-> (fib4Spec(I +Int 1) => ?BFinal:Int))
	   .	                                        ^~~~~~~
[Warning] Compiler: Variable '?CFinal' defined but not used. Prefix variable
name with underscore if this is intentional.
	Source(/tmp/audit-work/46-fib4/spec.k)
	Location(34,41,34,48)
	34 |	        ("c" |-> (fib4Spec(I +Int 2) => ?CFinal:Int))
	   .	                                        ^~~~~~~
[Warning] Compiler: Variable '?DFinal' defined but not used. Prefix variable
name with underscore if this is intentional.
	Source(/tmp/audit-work/46-fib4/spec.k)
	Location(35,41,35,48)
	35 |	        ("d" |-> (fib4Spec(I +Int 3) => ?DFinal:Int))
	   .	                                        ^~~~~~~
[Warning] Compiler: Variable 'E' defined but not used. Prefix variable name
with underscore if this is intentional.
	Source(/tmp/audit-work/46-fib4/spec.k)
	Location(36,19,36,20)
	36 |	        ("e" |-> (E:Int => ?EFinal:Int)),
	   .	                  ^
[Warning] Compiler: Variable '?EFinal' defined but not used. Prefix variable
name with underscore if this is intentional.
	Source(/tmp/audit-work/46-fib4/spec.k)
	Location(36,28,36,35)
	36 |	        ("e" |-> (E:Int => ?EFinal:Int)),
	   .	                           ^~~~~~~
[Warning] Compiler: Variable 'P' defined but not used. Prefix variable name
with underscore if this is intentional.
	Source(/tmp/audit-work/46-fib4/spec.k)
	Location(37,9,37,10)
	37 |	        P:Parent)
	   .	        ^
[Error] Prover: backend terminated because the configuration cannot be
rewritten further. See output for more details.
PROOF_EXIT_STATUS=1
EXPECTED_NONVACUITY_RESULT=PASS
