kore-exec: [1267681] Warning (WarnStuckClaimState):
    The configuration's term doesn't unify with the destination's term and the configuration cannot be rewritten further. Location: /workspace/spec-vacuity.k:8:5-27:31
Context:
    (InfoReachability) while checking the implication
<generatedTop>
  <k>
    0 ~> .K
  </k>
  <env>
    0
  </env>
  <scopes>
    -1 |-> scope ( "abs" |-> builtinV ( "abs" )
    "all" |-> builtinV ( "all" )
    "any" |-> builtinV ( "any" )
    "bin" |-> builtinV ( "bin" )
    "chr" |-> builtinV ( "chr" )
    "enumerate" |-> builtinV ( "enumerate" )
    "eval" |-> builtinV ( "eval" )
    "float" |-> typeV ( "float" )
    "int" |-> typeV ( "int" )
    "isinstance" |-> builtinV ( "isinstance" )
    "len" |-> builtinV ( "len" )
    "list" |-> builtinV ( "list" )
    "map" |-> builtinV ( "map" )
    "max" |-> builtinV ( "max" )
    "min" |-> builtinV ( "min" )
    "ord" |-> builtinV ( "ord" )
    "range" |-> builtinV ( "range" )
    "round" |-> builtinV ( "round" )
    "set" |-> builtinV ( "set" )
    "sorted" |-> builtinV ( "sorted" )
    "str" |-> typeV ( "str" )
    "sum" |-> builtinV ( "sum" )
    "zip" |-> builtinV ( "zip" ) , root )
    0 |-> scope ( "sum_squares" |-> closureVal ( "lst" , .ParamNames , Assign ( Name ( "result" ) , Int ( 0 ) )  Assign ( Name ( "index" ) , Int ( 0 ) )  Assign ( Name ( "value" ) , Int ( 0 ) )  For ( Name ( "value" ) , Name ( "lst" ) , If ( Compare ( BinOp ( "%" , Name ( "index" ) , Int ( 3 ) ) , CmpOp ( "==" , Int ( 0 ) ) ) , AugAssign ( Name ( "result" ) , "+" , BinOp ( "*" , Name ( "value" ) , Name ( "value" ) ) )  .Stmts , If ( Compare ( BinOp ( "%" , Name ( "index" ) , Int ( 4 ) ) , CmpOp ( "==" , Int ( 0 ) ) ) , AugAssign ( Name ( "result" ) , "+" , BinOp ( "*" , BinOp ( "*" , Name ( "value" ) , Name ( "value" ) ) , Name ( "value" ) ) )  .Stmts , AugAssign ( Name ( "result" ) , "+" , Name ( "value" ) )  .Stmts )  .Stmts )  AugAssign ( Name ( "index" ) , "+" , Int ( 1 ) )  .Stmts )  Return ( Name ( "result" ) )  .Stmts , 0 ) , parent ( -1 ) )
  </scopes>
  <scopeLoc>
    1
  </scopeLoc>
  <heap>
    0 |-> list ( .ValSeq )
  </heap>
  <heapLoc>
    1
  </heapLoc>
  <stack>
    .List
  </stack>
  <ret>
    noRet
  </ret>
  <exc>
    NoExc
  </exc>
  <exit-code>
    0
  </exit-code>
</generatedTop>
[Warning] Compiler: Variable 'As' defined but not used. Prefix variable name
with underscore if this is intentional.
	Source(/workspace/reference-semantics/semantics/str.k)
	Location(52,27,52,29)
	52 |	  rule strLt(iCons(A:Int, As:IntSeq), iCons(B:Int, Bs:IntSeq)) => true   
      requires A  <Int B
	   .	                          ^~
[Warning] Compiler: Variable 'Bs' defined but not used. Prefix variable name
with underscore if this is intentional.
	Source(/workspace/reference-semantics/semantics/str.k)
	Location(52,52,52,54)
	52 |	  rule strLt(iCons(A:Int, As:IntSeq), iCons(B:Int, Bs:IntSeq)) => true   
      requires A  <Int B
	   .	                                                   ^~
[Warning] Compiler: Variable 'As' defined but not used. Prefix variable name
with underscore if this is intentional.
	Source(/workspace/reference-semantics/semantics/str.k)
	Location(53,27,53,29)
	53 |	  rule strLt(iCons(A:Int, As:IntSeq), iCons(B:Int, Bs:IntSeq)) => false  
      requires A  >Int B
	   .	                          ^~
[Warning] Compiler: Variable 'Bs' defined but not used. Prefix variable name
with underscore if this is intentional.
	Source(/workspace/reference-semantics/semantics/str.k)
	Location(53,52,53,54)
	53 |	  rule strLt(iCons(A:Int, As:IntSeq), iCons(B:Int, Bs:IntSeq)) => false  
      requires A  >Int B
	   .	                                                   ^~
[Warning] Compiler: Variable '?GLOBALS' defined but not used. Prefix variable
name with underscore if this is intentional.
	Source(/workspace/spec-vacuity.k)
	Location(19,7,19,15)
	19 |	      ?GLOBALS:Map
	   .	      ^~~~~~~~
[Error] Prover: backend terminated because the configuration cannot be
rewritten further. See output for more details.
