Script started on 2026-07-29 15:10:04-05:00 [<not executed on terminal>]
oracle=/tmp/audit-work/scratch/proof/canonical.py
candidate=/tmp/audit-work/scratch/proof/solution.py
seed=11020260729
cases=29357
inputs_sha256=b999d3b1e2780485903aff28cf654d3ca7d8d622e066a6e6fa9b51c46aa6eafe
input_record=/audit-output/evidence/stage2/differential-inputs.txt
mismatches=1384
expectation_failures=1
explicit_results:
(0, 'documented-example-yes', ('return', 'YES'), ('return', 'YES'))
(1, 'documented-example-no', ('return', 'NO'), ('return', 'NO'))
(2, 'both-empty-outside-precondition', ('return', 'YES'), ('return', 'YES'))
(3, 'empty-lst1-outside-precondition', ('return', 'YES'), ('return', 'YES'))
(4, 'empty-lst2-outside-precondition', ('return', 'NO'), ('return', 'NO'))
(5, 'one-even-at-threshold', ('return', 'YES'), ('return', 'YES'))
(6, 'exchange-at-threshold', ('return', 'YES'), ('return', 'YES'))
(7, 'one-below-threshold', ('return', 'NO'), ('return', 'NO'))
(8, 'combined-even-count-len-minus-one', ('return', 'NO'), ('return', 'NO'))
(9, 'combined-even-count-equals-len', ('return', 'YES'), ('return', 'YES'))
(10, 'combined-even-count-above-len', ('return', 'YES'), ('return', 'YES'))
(11, 'negative-even-boundary', ('return', 'YES'), ('return', 'YES'))
(12, 'bool-numeric-behavior', ('return', 'YES'), ('return', 'YES'))
(13, 'finite-float-boundary', ('return', 'YES'), ('return', 'YES'))
(14, 'nonintegral-floats', ('return', 'YES'), ('return', 'NO'))
(15, 'unbounded-python-int', ('return', 'YES'), ('return', 'YES'))
(16, 'nan-with-one-even', ('return', 'YES'), ('return', 'YES'))
(17, 'positive-infinity', ('return', 'YES'), ('return', 'YES'))
(18, 'negative-infinity', ('return', 'YES'), ('return', 'YES'))
(19, 'decimal-extension', ('return', 'YES'), ('return', 'YES'))
(20, 'fraction-extension', ('return', 'YES'), ('return', 'YES'))
MISMATCH (14, 'nonintegral-floats', [2.5, -3.5], [4.25], ('return', 'YES'), ('return', 'NO'))
MISMATCH (24357, 'seeded-mixed-numeric', [2, 6.5, -7, -inf, 5, -inf], [2, 5, 0, -inf, -1000000000000000000000000000000], ('return', 'YES'), ('return', 'NO'))
MISMATCH (24370, 'seeded-mixed-numeric', [-3.5, -1000000000000000000000000000000, -4], [-3.5, -7], ('return', 'YES'), ('return', 'NO'))
MISMATCH (24377, 'seeded-mixed-numeric', [2.0, -7, 2, -1000000000000000000000000000000, -4.0, 2.0, -1, nan, 1], [5, 2.0, 5, -4, nan, 0, nan], ('return', 'YES'), ('return', 'NO'))
MISMATCH (24378, 'seeded-mixed-numeric', [2.0, -7, 0.25, False, -inf, inf, -3.5, -1, -0.0, -7, -3.5, -4.0], [0, 1000000000000000000000000000000, 0, 0, -3.5, 1000000000000000000000000000000, -4, nan, nan, -1000000000000000000000000000000], ('return', 'YES'), ('return', 'NO'))
MISMATCH (24382, 'seeded-mixed-numeric', [0, inf, nan, 6.5, 0, -1, 6.5, nan, nan, 2.0, 1000000000000000000000000000000, 6.5], [-1, -4.0, 2, -1, True, -4, -1, nan, 0], ('return', 'YES'), ('return', 'NO'))
MISMATCH (24388, 'seeded-mixed-numeric', [2, 2.0, -1000000000000000000000000000000, False, 2.0, -7, 1, -1000000000000000000000000000000, False, -3.5, 2.0], [2.0, 6.5, -4.0, inf], ('return', 'YES'), ('return', 'NO'))
MISMATCH (24392, 'seeded-mixed-numeric', [-3.5, -inf, 1000000000000000000000000000000, -inf, inf, 6.5, -inf], [0, nan, -1, 5], ('return', 'YES'), ('return', 'NO'))
MISMATCH (24393, 'seeded-mixed-numeric', [-3.5, -3.5, -0.0, 5, -1000000000000000000000000000000, -4, -inf, -1000000000000000000000000000000, -3.5, 6.5, -4.0], [2.0], ('return', 'YES'), ('return', 'NO'))
MISMATCH (24400, 'seeded-mixed-numeric', [1000000000000000000000000000000, 5, 5, -1, 2.0, False, -1000000000000000000000000000000, -1, nan, -4, -7, 6.5], [0, nan, 2, nan, False, -4.0, False, -1, 5, -4.0], ('return', 'YES'), ('return', 'NO'))
MISMATCH (24401, 'seeded-mixed-numeric', [-3.5, 0, 2, -1, -4.0, -0.0, -4.0, -inf], [False, 2.0, -inf, -inf, True], ('return', 'YES'), ('return', 'NO'))
MISMATCH (24403, 'seeded-mixed-numeric', [-3.5, 2.0, 2.0, inf, 1000000000000000000000000000000, 2.0, -4.0, -1000000000000000000000000000000, 0, 1000000000000000000000000000000, 5], [-7, False], ('return', 'YES'), ('return', 'NO'))
MISMATCH (24406, 'seeded-mixed-numeric', [inf, -1, 2.0], [-4.0], ('return', 'YES'), ('return', 'NO'))
MISMATCH (24407, 'seeded-mixed-numeric', [0.25, 2, -4.0, 6.5, 2.0, -1000000000000000000000000000000, 6.5, -1000000000000000000000000000000, -3.5, 5, 2.0], [-4, True, -4, 1000000000000000000000000000000], ('return', 'YES'), ('return', 'NO'))
MISMATCH (24411, 'seeded-mixed-numeric', [inf, False, nan, -7, -inf, -7, 0.25, -4, 1000000000000000000000000000000, 1], [-1, 0, -4, 0.25, -0.0, -0.0, -0.0, nan, 6.5, 5, -inf, -4.0], ('return', 'YES'), ('return', 'NO'))
MISMATCH (24412, 'seeded-mixed-numeric', [inf, inf, -4.0, 6.5, -7, 0, 6.5, nan], [-4.0, -7, 2.0, -1], ('return', 'YES'), ('return', 'NO'))
MISMATCH (24414, 'seeded-mixed-numeric', [2.0, -inf, 6.5, -3.5, False, nan], [-4, -3.5, 6.5, 1000000000000000000000000000000, True, False, nan, -3.5, 6.5, nan], ('return', 'YES'), ('return', 'NO'))
MISMATCH (24415, 'seeded-mixed-numeric', [-1, inf, False], [-inf, 5, inf, -7, -3.5, 0, 6.5], ('return', 'YES'), ('return', 'NO'))
MISMATCH (24419, 'seeded-mixed-numeric', [inf, True, -inf, -1, -4.0, 1000000000000000000000000000000, 0.25, 1000000000000000000000000000000, 1000000000000000000000000000000, inf, 6.5, 2.0], [1, 5, 1, -1, -inf, 5, nan, -1000000000000000000000000000000, -inf, 2], ('return', 'YES'), ('return', 'NO'))
MISMATCH (24420, 'seeded-mixed-numeric', [nan], [6.5, 1], ('return', 'YES'), ('return', 'NO'))
EXPECTATION_FAILURE (14, 'nonintegral-floats', 'NO', ('return', 'YES'))

Script done on 2026-07-29 15:10:04-05:00 [COMMAND_EXIT_CODE="1"]
