$ Python AST comparison: runtime-witness function vs submitted solution function
RUNTIME_WITNESS_BODY_AST_MATCH=true
AST_COMPARE_EXIT_STATUS=0
$ cp /audit-output/evidence/runtime-witness.py runtime-witness.py
COPY_EXIT_STATUS=0
$ python3 py2mpy.py runtime-witness.py > runtime-witness.mpy
TRANSLATE_EXIT_STATUS=0
$ krun runtime-witness.mpy --definition fresh-runtime-kompiled
<generatedTop>
  <k>
    .K
  </k>
  <env>
    0
  </env>
  <scopes>
    -1 |-> scope ( "abs" |-> builtinV ( "abs" )
    "all" |-> builtinV ( "all" )
    "any" |-> builtinV ( "any" )
    "bin" |-> builtinV ( "bin" )
    "chr" |-> builtinV ( "chr" )
    "enumerate" |-> builtinV ( "enumerate" )
    "eval" |-> builtinV ( "eval" )
    "float" |-> typeV ( "float" )
    "int" |-> typeV ( "int" )
    "isinstance" |-> builtinV ( "isinstance" )
    "len" |-> builtinV ( "len" )
    "list" |-> builtinV ( "list" )
    "map" |-> builtinV ( "map" )
    "max" |-> builtinV ( "max" )
    "min" |-> builtinV ( "min" )
    "ord" |-> builtinV ( "ord" )
    "range" |-> builtinV ( "range" )
    "round" |-> builtinV ( "round" )
    "set" |-> builtinV ( "set" )
    "sorted" |-> builtinV ( "sorted" )
    "str" |-> typeV ( "str" )
    "sum" |-> builtinV ( "sum" )
    "zip" |-> builtinV ( "zip" ) , root )
    0 |-> scope ( "decimal_to_binary" |-> closureVal ( "decimal" , .ParamNames , Assign ( Name ( "binary" ) , Str ( "db" ) )  If ( Compare ( Name ( "decimal" ) , CmpOp ( "==" , Int ( 0 ) ) ) , Assign ( Name ( "binary" ) , BinOp ( "+" , Str ( "0" ) , Name ( "binary" ) ) )  .Stmts , .Stmts )  While ( Compare ( Name ( "decimal" ) , CmpOp ( "!=" , Int ( 0 ) ) ) , Assign ( Name ( "binary" ) , BinOp ( "+" , Call ( Name ( "chr" ) , BinOp ( "+" , Int ( 48 ) , BinOp ( "%" , Name ( "decimal" ) , Int ( 2 ) ) ) , .Exprs ) , Name ( "binary" ) ) )  Assign ( Name ( "decimal" ) , BinOp ( "//" , Name ( "decimal" ) , Int ( 2 ) ) )  .Stmts )  Return ( BinOp ( "+" , Str ( "db" ) , Name ( "binary" ) ) )  .Stmts , 0 ) , parent ( -1 ) )
  </scopes>
  <scopeLoc>
    1
  </scopeLoc>
  <heap>
    .Map
  </heap>
  <heapLoc>
    0
  </heapLoc>
  <stack>
    .List
  </stack>
  <ret>
    noRet
  </ret>
  <exc>
    NoExc
  </exc>
  <exit-code>
    0
  </exit-code>
</generatedTop>
KRUN_EXIT_STATUS=0
CONCRETE_WITNESS=PASS
WRAPPER_EXIT_STATUS=0
