COMMAND: bash -lc rg\ -n\ -C\ 8\ \'countAllOccurrences\|lengthString\|substrString\|\\+String\|findString\'\ /usr/include/kframework/builtin/domains.md\ \|\ head\ -n\ 260\;\ rg\ -n\ \'countAllOccurrences\'\ /usr/share/kframework\ /usr/include/kframework\ 2\>/dev/null\ \|\ head\ -n\ 120
WORKDIR: /tmp/audit-work/candidate-src
1717-```
1718-
1719-### String concatenation
1720-
1721-You can concatenate two strings in O(N) time. For successive concatenation
1722-operations, it may be better to use the `STRING-BUFFER` module.
1723-
1724-```k
1725:  syntax String ::= String "+String" String    [function, total, left, hook(STRING.concat)]
1726-```
1727-
1728-### String length
1729-
1730-You can get the length of a string in O(1) time.
1731-
1732-```k
1733:  syntax Int ::= lengthString ( String ) [function, total, hook(STRING.length)]
1734-```
1735-
1736-### Character and integer conversion
1737-
1738-You can convert between a character (as represented by a string containing
1739-a single code point) and an integer in O(1) time.
1740-
1741-```k
--
1750-
1751-1.  the range generated includes the character at `startIndex` but excludes the
1752-    character at `endIndex`, i.e., the range is `[startIndex..endIndex)`.
1753-2.  this function is only defined on valid indices (i.e., it is defined when
1754-    `startIndex < endIndex` and `endIndex` is less than or equal to the string
1755-    length).
1756-
1757-```k
1758:  syntax String ::= substrString ( String , startIndex: Int , endIndex: Int ) [function, total, hook(STRING.substr)]
1759-```
1760-
1761-### String search
1762-
1763-You can find the first (respectively, last) occurrence of a substring, starting
1764-at a certain `index`, in another string in O(N*M) time.
1765-Returns `-1` if the substring is not found.
1766-
1767-```k
1768:  syntax Int ::= findString ( haystack: String , needle: String , index: Int )   [function, hook(STRING.find)]
1769:  syntax Int ::= rfindString ( haystack: String , needle: String , index: Int )  [function, hook(STRING.rfind)]
1770-```
1771-
1772-### String character search
1773-
1774-You can find the first (respectively, last) occurrence of one of the characters
1775-of the search string, starting at a certain `index`, in another string in
1776-O(N*M) time.
1777-
--
1841-
1842-You can replace one, some, or all occurrences of a string within another
1843-string in O(N*M) time. The `replaceAll`, `replace`, and `replaceFirst` methods
1844-are identical, except `replaceFirst` replaces exactly one ocurrence of the
1845-string, the first occurrence. `replace` replaces the first `times` occurrences.
1846-And `replaceAll` replaces every occurrence.
1847-
1848-You can also count the number of times a string occurs within another string
1849:using `countAllOccurrences`.
1850-
1851-```k
1852-  syntax String ::= "replaceAll" "(" haystack: String "," needle: String "," replacement: String ")"      [function, total, hook(STRING.replaceAll)]
1853-  syntax String ::= "replace" "(" haystack: String "," needle: String "," replacement: String "," times: Int ")" [function, hook(STRING.replace)]
1854-  syntax String ::= "replaceFirst" "(" haystack: String "," needle: String "," replacement: String ")"    [function, total, hook(STRING.replaceFirst)]
1855:  syntax Int ::= "countAllOccurrences" "(" haystack: String "," needle: String ")"            [function, total, hook(STRING.countAllOccurrences)]
1856-```
1857-
1858-### String equality and lexicographic comparison
1859-
1860-You can compare whether two strings are equal or unequal, or whether one string
1861-is less than, less than or equal to, greater than, or greater than or equal to
1862-another according to the natural lexicographic ordering of strings.
1863-
--
1883-                  | directionalityChar(String) [function, hook(STRING.directionality)]
1884-
1885-  syntax String ::= "newUUID" [function, hook(STRING.uuid), impure]
1886-
1887-  rule S1:String <=String S2:String => notBool (S2 <String S1)
1888-  rule S1:String >String S2:String => S2 <String S1
1889-  rule S1:String >=String S2:String => notBool (S1 <String S2)
1890-
1891:  rule findChar(S1:String, S2:String, I:Int) => #if findString(S1, substrString(S2, 0, 1), I) ==Int -1 #then findChar(S1, substrString(S2, 1, lengthString(S2)), I) #else #if findChar(S1, substrString(S2, 1, lengthString(S2)), I) ==Int -1 #then findString(S1, substrString(S2, 0, 1), I) #else minInt(findString(S1, substrString(S2, 0, 1), I), findChar(S1, substrString(S2, 1, lengthString(S2)), I)) #fi #fi requires S2 =/=String ""
1892-  rule findChar(_, "", _) => -1
1893:  rule rfindChar(S1:String, S2:String, I:Int) => maxInt(rfindString(S1, substrString(S2, 0, 1), I), rfindChar(S1, substrString(S2, 1, lengthString(S2)), I)) requires S2 =/=String ""
1894-  rule rfindChar(_, "", _) => -1
1895-
1896:  rule countAllOccurrences(Source:String, ToCount:String) => 0
1897:            requires findString(Source, ToCount, 0) <Int 0
1898:  rule countAllOccurrences(Source:String, ToCount:String) => 1 +Int countAllOccurrences(substrString(Source, findString(Source, ToCount, 0) +Int lengthString(ToCount), lengthString(Source)), ToCount)
1899:            requires findString(Source, ToCount, 0) >=Int 0
1900-
1901:  rule replaceFirst(Source:String, ToReplace:String, Replacement:String) => substrString(Source, 0, findString(Source, ToReplace, 0))
1902:                +String Replacement +String substrString(Source, findString(Source, ToReplace, 0) +Int lengthString(ToReplace), lengthString(Source))
1903:                requires findString(Source, ToReplace, 0) >=Int 0
1904-  rule replaceFirst(Source:String, ToReplace:String, _:String) => Source
1905:        requires findString(Source, ToReplace, 0) <Int 0
1906-
1907-
1908-  // Note that the replace function is undefined when Count < 0. This allows different backends to
1909-  // implement their own behavior without contradicting these semantics. For instance, a symbolic
1910-  // backend can return #Bottom for that case, while a concrete backend can throw an exception.
1911-  rule replace(Source:String, ToReplace:String, Replacement:String, Count:Int) =>
1912:       substrString(Source, 0, findString(Source, ToReplace, 0)) +String Replacement +String
1913:       replace(substrString(Source, findString(Source, ToReplace, 0) +Int lengthString(ToReplace), lengthString(Source)), ToReplace, Replacement, Count -Int 1)
1914:        requires Count >Int 0 andBool findString(Source, ToReplace, 0) >=Int 0
1915-  rule replace(Source:String, _, _, Count) => Source
1916-        requires Count >=Int 0 [owise]
1917:  rule replaceAll(Source:String, ToReplace:String, Replacement:String) => replace(Source, ToReplace, Replacement, countAllOccurrences(Source, ToReplace))
1918-
1919-endmodule
1920-
1921-module STRING-KORE [symbolic]
1922-  imports private K-EQUAL
1923-  imports STRING-COMMON
1924-
1925-  rule S1:String ==K S2:String => S1 ==String S2 [simplification]
--
1939-in performance whereas use of an efficient mutable representation of arrays
1940-can yield linear performance. We thus provide such a sort, the `StringBuffer`
1941-sort. Axiomatically, it is implemented below on symbolic backends using the
1942-`String` module. However, on concrete backends it provides an efficient
1943-implementation of string concatenation. There are three operations:
1944-
1945-* `.StringBuffer` creates a new `StringBuffer` with current content equal
1946-  to the empty string.
1947:* `+String` takes a `StringBuffer` and a `String` and appends the `String` to
1948-  the end of the `StringBuffer`
1949-* `StringBuffer2String` converts a `StringBuffer` to a `String`. This operation
1950-  copies the string so that subsequent modifications to the `StringBuffer`
1951-  will not change the value of the `String` returned by this function.
1952-
1953-```k
1954-module STRING-BUFFER-IN-K [symbolic]
1955-  imports private BASIC-K
1956-  imports STRING
1957-
1958-  syntax StringBuffer ::= ".StringBuffer" [function, total]
1959:  syntax StringBuffer ::= StringBuffer "+String" String [function, total, avoid]
1960-  syntax StringBuffer ::= String
1961-  syntax String ::= StringBuffer2String ( StringBuffer ) [function, total]
1962-
1963:  rule {SB:String +String S:String}::StringBuffer => (SB +String S)::String
1964-  rule .StringBuffer => ""
1965-  rule StringBuffer2String(S:String) => S
1966-endmodule
1967-
1968-module STRING-BUFFER-HOOKED [concrete]
1969-  imports private BASIC-K
1970-  imports STRING
1971-
1972-  syntax StringBuffer [hook(BUFFER.StringBuffer)]
1973-  syntax StringBuffer ::= ".StringBuffer" [function, total, hook(BUFFER.empty), impure]
1974:  syntax StringBuffer ::= StringBuffer "+String" String [function, total, hook(BUFFER.concat), avoid]
1975-  syntax String ::= StringBuffer2String ( StringBuffer ) [function, total, hook(BUFFER.toString)]
1976-endmodule
1977-
1978-module STRING-BUFFER
1979-  imports STRING-BUFFER-HOOKED
1980-  imports STRING-BUFFER-IN-K
1981-endmodule
1982-```
--
2291-module ID-COMMON
2292-  imports ID-SYNTAX
2293-  imports private STRING
2294-
2295-  syntax String ::= Id2String ( Id )    [function, total, hook(STRING.token2string)]
2296-  syntax Id ::= String2Id (String) [function, total, hook(STRING.string2token)]
2297-  syntax Id ::= freshId(Int)    [freshGenerator, function, total, private]
2298-
2299:  rule freshId(I:Int) => String2Id("_" +String Int2String(I))
2300-endmodule
2301-
2302-module ID
2303-  imports ID-COMMON
2304-endmodule
2305-```
2306-
2307-Equality and conditionals
--
2720-  imports BOOL
2721-
2722-  configuration <stdin> ListItem(#buffer($STDIN:String)) ListItem($IO:String) ListItem(#istream(#stdin)) </stdin>
2723-
2724-  // read one character at a time until we read whitespace
2725-  rule [stdinGetc]:
2726-       <stdin>
2727-       ListItem(#parseInput(_:String, Delimiters:String))
2728:       ListItem(#buffer(S:String => S +String chrChar({#getc(N)}:>Int)))
2729-       ListItem("on")
2730-       ListItem(#istream(N:Int))
2731-       </stdin>
2732-    requires findChar(S, Delimiters, 0) ==Int -1 // [stdin]
2733-       [stream, priority(200)]
2734-
2735-  // when we reach whitespace, if it parses create a ListItem
2736-  rule [stdinParseString]:
--
2741-       </stdin>
2742-    requires findChar(S, Delimiters, 0) =/=Int -1 // [stdin]
2743-       [stream]
2744-
2745-  // a hack: handle the case when we read integers without the help of the IO server
2746-  rule [stdinParseInt]:
2747-       <stdin>
2748-       (ListItem(#parseInput("Int", Delimiters:String))
2749:       => ListItem(String2Int(substrString(S, 0, findChar(S, Delimiters, 0)))))
2750:       ListItem(#buffer(S:String => substrString(S,findChar(S, Delimiters, 0) +Int 1, lengthString(S))))
2751-       _:List
2752-       </stdin>
2753-    requires findChar(S, Delimiters, 0) =/=Int -1
2754:       andBool lengthString(S) >Int 1 // [stdin]
2755-       [stream]
2756-
2757-  rule [stdinTrim]:
2758-       <stdin>
2759-       ListItem(#parseInput(Sort:String, Delimiters:String))
2760:       ListItem(#buffer(S:String => substrString(S, 1, lengthString(S))))
2761-       _:List
2762-       </stdin>
2763-    requires findChar(S, Delimiters, 0) =/=Int -1
2764-       andBool Sort =/=String "String"
2765:       andBool lengthString(S) <=Int 1 // [stdin]
2766-       [stream]
2767-
2768-  // NOTE: This unblocking rule will be instantiated and inserted carefully
2769-  // when necessary according to user-defined rules, since otherwise it will
2770-  // lead to a diverging (i.e., non-terminating) transition system definition.
2771-  // Currently, it supports only a simple pattern matching on the top of the
2772-  // input stream cell, e.g.,
2773-  //   rule <k> read() => V ... </k> <in> ListItem(V:Int) => .List ...  </in>
--
2802-
2803-  configuration <stdout> ListItem(#ostream(#stdout)) ListItem($IO:String) ListItem(#buffer("")) </stdout>
2804-//configuration <stderr> ListItem(#ostream(#stderr)) ListItem($IO:String) ListItem(#buffer("")) </stderr>
2805-
2806-  rule [stdoutBufferFloat]:
2807-       <stdout>
2808-       ListItem(#ostream(_))
2809-       ListItem(_)
2810:       ListItem(#buffer(Buffer:String => Buffer +String Float2String(F)))
2811-       (ListItem(F:Float) => .List)
2812-       _:List
2813-       </stdout>
2814-       // [stdout, stderr]
2815-       [stream, priority(25)]
2816-  rule [stdoutBufferInt]:
2817-       <stdout>
2818-       ListItem(#ostream(_))
2819-       ListItem(_)
2820:       ListItem(#buffer(Buffer:String => Buffer +String Int2String(I)))
2821-       (ListItem(I:Int) => .List)
2822-       _:List
2823-       </stdout>
/usr/include/kframework/builtin/domains.md:1849:using `countAllOccurrences`.
/usr/include/kframework/builtin/domains.md:1855:  syntax Int ::= "countAllOccurrences" "(" haystack: String "," needle: String ")"            [function, total, hook(STRING.countAllOccurrences)]
/usr/include/kframework/builtin/domains.md:1896:  rule countAllOccurrences(Source:String, ToCount:String) => 0
/usr/include/kframework/builtin/domains.md:1898:  rule countAllOccurrences(Source:String, ToCount:String) => 1 +Int countAllOccurrences(substrString(Source, findString(Source, ToCount, 0) +Int lengthString(ToCount), lengthString(Source)), ToCount)
/usr/include/kframework/builtin/domains.md:1917:  rule replaceAll(Source:String, ToReplace:String, Replacement:String) => replace(Source, ToReplace, Replacement, countAllOccurrences(Source, ToReplace))
EXIT_STATUS: 0
