COMMAND: krun runtime_probe.mpy --definition runtime-kompiled
<generatedTop>
  <k>
    .K
  </k>
  <env>
    0
  </env>
  <scopes>
    -1 |-> scope ( "abs" |-> builtinV ( "abs" )
    "all" |-> builtinV ( "all" )
    "any" |-> builtinV ( "any" )
    "bin" |-> builtinV ( "bin" )
    "chr" |-> builtinV ( "chr" )
    "enumerate" |-> builtinV ( "enumerate" )
    "eval" |-> builtinV ( "eval" )
    "float" |-> typeV ( "float" )
    "int" |-> typeV ( "int" )
    "isinstance" |-> builtinV ( "isinstance" )
    "len" |-> builtinV ( "len" )
    "list" |-> builtinV ( "list" )
    "map" |-> builtinV ( "map" )
    "max" |-> builtinV ( "max" )
    "min" |-> builtinV ( "min" )
    "ord" |-> builtinV ( "ord" )
    "range" |-> builtinV ( "range" )
    "round" |-> builtinV ( "round" )
    "set" |-> builtinV ( "set" )
    "sorted" |-> builtinV ( "sorted" )
    "str" |-> typeV ( "str" )
    "sum" |-> builtinV ( "sum" )
    "zip" |-> builtinV ( "zip" ) , root )
    0 |-> scope ( "find_zero" |-> closureVal ( "xs" , .ParamNames , Assign ( Name ( "begin" ) , BinOp ( "/" , Call ( Name ( "len" ) , Name ( "xs" ) , .Exprs ) , UnaryOp ( "-" , Call ( Name ( "len" ) , Name ( "xs" ) , .Exprs ) ) ) )  Assign ( Name ( "end" ) , BinOp ( "/" , Call ( Name ( "len" ) , Name ( "xs" ) , .Exprs ) , Call ( Name ( "len" ) , Name ( "xs" ) , .Exprs ) ) )  Assign ( Name ( "center" ) , Float ( 0.00000000000000000e0 ) )  While ( Compare ( BinOp ( "*" , Call ( Name ( "poly" ) , Name ( "xs" ) , Name ( "begin" ) , .Exprs ) , Call ( Name ( "poly" ) , Name ( "xs" ) , Name ( "end" ) , .Exprs ) ) , CmpOp ( ">" , Float ( 0.00000000000000000e0 ) ) ) , Assign ( Name ( "begin" ) , BinOp ( "*" , Name ( "begin" ) , Float ( 0.20000000000000000e1 ) ) )  Assign ( Name ( "end" ) , BinOp ( "*" , Name ( "end" ) , Float ( 0.20000000000000000e1 ) ) )  .Stmts )  While ( Compare ( BinOp ( "-" , Name ( "end" ) , Name ( "begin" ) ) , CmpOp ( ">" , Float ( 0.10000000000000000e-9 ) ) ) , Assign ( Name ( "center" ) , BinOp ( "/" , BinOp ( "+" , Name ( "begin" ) , Name ( "end" ) ) , Float ( 0.20000000000000000e1 ) ) )  If ( Compare ( BinOp ( "*" , Call ( Name ( "poly" ) , Name ( "xs" ) , Name ( "center" ) , .Exprs ) , Call ( Name ( "poly" ) , Name ( "xs" ) , Name ( "begin" ) , .Exprs ) ) , CmpOp ( ">" , Float ( 0.00000000000000000e0 ) ) ) , Assign ( Name ( "begin" ) , Name ( "center" ) )  .Stmts , Assign ( Name ( "end" ) , Name ( "center" ) )  .Stmts )  .Stmts )  Return ( Name ( "begin" ) )  .Stmts , 0 )
    "poly" |-> closureVal ( "xs" , "x" , .ParamNames , Assign ( Name ( "value" ) , Float ( 0.00000000000000000e0 ) )  Assign ( Name ( "power" ) , Float ( 0.10000000000000000e1 ) )  Assign ( Name ( "coeff" ) , Float ( 0.00000000000000000e0 ) )  For ( Name ( "coeff" ) , Name ( "xs" ) , Assign ( Name ( "value" ) , BinOp ( "+" , Name ( "value" ) , BinOp ( "*" , Name ( "coeff" ) , Name ( "power" ) ) ) )  Assign ( Name ( "power" ) , BinOp ( "*" , Name ( "power" ) , Name ( "x" ) ) )  .Stmts )  Return ( Name ( "value" ) )  .Stmts , 0 ) , parent ( -1 ) )
  </scopes>
  <scopeLoc>
    1
  </scopeLoc>
  <heap>
    0 |-> list ( vCons ( 1 , vCons ( 2 , .ValSeq ) ) )
    1 |-> list ( vCons ( -6 , vCons ( 11 , vCons ( -6 , vCons ( 1 , .ValSeq ) ) ) ) )
    2 |-> list ( vCons ( 10 , vCons ( 0 , vCons ( 0 , vCons ( 1 , .ValSeq ) ) ) ) )
  </heap>
  <heapLoc>
    3
  </heapLoc>
  <stack>
    .List
  </stack>
  <ret>
    noRet
  </ret>
  <exc>
    NoExc
  </exc>
  <exit-code>
    0
  </exit-code>
</generatedTop>
EXIT: 0
