$ find /candidate -maxdepth 1 -type f -name "*.k" -printf "%f\n" | sort
semantic.k
spec.k
verification.k
exit_status=0
$ sha256sum /candidate/semantic.k /candidate/verification.k /candidate/spec.k /tmp/audit-work/audit147/semantic.k /tmp/audit-work/audit147/verification.k /tmp/audit-work/audit147/spec.k
ad0d9cabcc77461152e3589a251a1bd4085b0072b1557e6a49aad242d5c04df8  /candidate/semantic.k
4a366e9e0d63d8e26123e0ff6c326cdd9ba588f2da3c00ed81cbd4f350dc15a3  /candidate/verification.k
f6350fe20fb4297c09b91e7a9d119b90b8882978c9a2dd00bc56c2163d21e804  /candidate/spec.k
ad0d9cabcc77461152e3589a251a1bd4085b0072b1557e6a49aad242d5c04df8  /tmp/audit-work/audit147/semantic.k
4a366e9e0d63d8e26123e0ff6c326cdd9ba588f2da3c00ed81cbd4f350dc15a3  /tmp/audit-work/audit147/verification.k
f6350fe20fb4297c09b91e7a9d119b90b8882978c9a2dd00bc56c2163d21e804  /tmp/audit-work/audit147/spec.k
exit_status=0
$ nl -ba /tmp/audit-work/audit147/semantic.k
     1	// A deliberately small semantics for the exact Python subset used by solution.py.
     2	// The surface constructors are those emitted, without desugaring, by py2mpy.py.
     3	module MPY-SYNTAX
     4	  imports INT-SYNTAX
     5	  imports STRING-SYNTAX
     6	
     7	  syntax Pgm
     8	  syntax Params
     9	  syntax Stmt
    10	  syntax Expr
    11	  syntax Value
    12	
    13	  syntax Pgm ::= "Module" "(" Stmt ")"
    14	  syntax Params ::= "Params" "(" String ")"
    15	  syntax Stmt ::= "FuncDef" "(" String "," Params "," Stmt ")"
    16	                | "Return" "(" Expr ")" [strict]
    17	  syntax Value ::= "Int" "(" Int ")"
    18	  syntax Expr ::= Value
    19	                | "Name" "(" String ")"
    20	                | "BinOp" "(" String "," Expr "," Expr ")" [seqstrict(2,3)]
    21	endmodule
    22	
    23	module MPY
    24	  imports MPY-SYNTAX
    25	  imports INT
    26	  imports STRING
    27	  imports MAP
    28	
    29	  syntax KResult ::= Value
    30	
    31	  syntax Result ::= "noResult" | "result" "(" Int ")"
    32	
    33	  configuration
    34	    <mpy>
    35	      <k> $PGM:Pgm </k>
    36	      <input> $N:Int </input>
    37	      <env> .Map </env>
    38	      <result> noResult </result>
    39	    </mpy>
    40	
    41	  // Loading the sole top-level definition also invokes it on the configured
    42	  // integer input. This is the entry-point convention of this semantics.
    43	  rule <k> Module(FuncDef(_FN, Params(X), BODY)) => BODY </k>
    44	       <input> N </input>
    45	       <env> .Map => X |-> N </env>
    46	
    47	  rule <k> Name(X) => Int(I) ...</k>
    48	       <env>... X |-> I ...</env>
    49	
    50	  rule BinOp("+",  Int(I), Int(J)) => Int(I +Int J)
    51	  rule BinOp("-",  Int(I), Int(J)) => Int(I -Int J)
    52	  rule BinOp("*",  Int(I), Int(J)) => Int(I *Int J)
    53	  rule BinOp("//", Int(I), Int(J)) => Int(I divInt J)
    54	    requires J =/=Int 0
    55	
    56	  rule <k> Return(Int(I)) => .K </k>
    57	       <result> noResult => result(I) </result>
    58	endmodule
exit_status=0
$ nl -ba /tmp/audit-work/audit147/verification.k
     1	requires "semantic.k"
     2	
     3	// Mathematical contract used to verify get_max_triples.
     4	module VERIFICATION
     5	  imports MPY
     6	
     7	  // Number of unordered ways to choose three indices from a class of size X.
     8	  syntax Int ::= choose3(Int) [function, total]
     9	  rule choose3(X) => (X *Int (X -Int 1) *Int (X -Int 2)) divInt 6
    10	
    11	  // For i >= 1, i*i-i+1 is 0 modulo 3 precisely when i is 2 modulo 3;
    12	  // otherwise it is 1 modulo 3.  Hence a divisible sum contains either three
    13	  // zero-residue entries or three one-residue entries.  Among 1..N the class
    14	  // sizes are (N+1)//3 and N-(N+1)//3, respectively.
    15	  syntax Int ::= validTripleCount(Int) [function, total]
    16	  rule validTripleCount(N) =>
    17	    choose3((N +Int 1) divInt 3)
    18	    +Int choose3(N -Int ((N +Int 1) divInt 3))
    19	endmodule
exit_status=0
$ nl -ba /tmp/audit-work/audit147/spec.k
     1	requires "verification.k"
     2	
     3	module SPEC
     4	  imports VERIFICATION
     5	
     6	  claim
     7	      <k>
     8	        Module(FuncDef("get_max_triples", Params("n"),
     9	          Return(
    10	            BinOp("+",
    11	              BinOp("//",
    12	                BinOp("*",
    13	                  BinOp("*",
    14	                    BinOp("//", BinOp("+", Name("n"), Int(1)), Int(3)),
    15	                    BinOp("-",
    16	                      BinOp("//", BinOp("+", Name("n"), Int(1)), Int(3)),
    17	                      Int(1))),
    18	                  BinOp("-",
    19	                    BinOp("//", BinOp("+", Name("n"), Int(1)), Int(3)),
    20	                    Int(2))),
    21	                Int(6)),
    22	              BinOp("//",
    23	                BinOp("*",
    24	                  BinOp("*",
    25	                    BinOp("-", Name("n"),
    26	                      BinOp("//", BinOp("+", Name("n"), Int(1)), Int(3))),
    27	                    BinOp("-",
    28	                      BinOp("-", Name("n"),
    29	                        BinOp("//", BinOp("+", Name("n"), Int(1)), Int(3))),
    30	                      Int(1))),
    31	                  BinOp("-",
    32	                    BinOp("-", Name("n"),
    33	                      BinOp("//", BinOp("+", Name("n"), Int(1)), Int(3))),
    34	                    Int(2))),
    35	                Int(6))))))
    36	        => .K
    37	      </k>
    38	      <input> N </input>
    39	      <env> .Map => "n" |-> N </env>
    40	      <result> noResult => result(validTripleCount(N)) </result>
    41	    requires N >=Int 1
    42	endmodule
exit_status=0
$ rg -n "syntax|configuration|rule|claim|function|total|functional|opaque|priority|simplification|strict|seqstrict" /tmp/audit-work/audit147/{semantic.k,verification.k,spec.k}
/tmp/audit-work/audit147/spec.k:6:  claim
/tmp/audit-work/audit147/verification.k:8:  syntax Int ::= choose3(Int) [function, total]
/tmp/audit-work/audit147/verification.k:9:  rule choose3(X) => (X *Int (X -Int 1) *Int (X -Int 2)) divInt 6
/tmp/audit-work/audit147/verification.k:15:  syntax Int ::= validTripleCount(Int) [function, total]
/tmp/audit-work/audit147/verification.k:16:  rule validTripleCount(N) =>
/tmp/audit-work/audit147/semantic.k:7:  syntax Pgm
/tmp/audit-work/audit147/semantic.k:8:  syntax Params
/tmp/audit-work/audit147/semantic.k:9:  syntax Stmt
/tmp/audit-work/audit147/semantic.k:10:  syntax Expr
/tmp/audit-work/audit147/semantic.k:11:  syntax Value
/tmp/audit-work/audit147/semantic.k:13:  syntax Pgm ::= "Module" "(" Stmt ")"
/tmp/audit-work/audit147/semantic.k:14:  syntax Params ::= "Params" "(" String ")"
/tmp/audit-work/audit147/semantic.k:15:  syntax Stmt ::= "FuncDef" "(" String "," Params "," Stmt ")"
/tmp/audit-work/audit147/semantic.k:16:                | "Return" "(" Expr ")" [strict]
/tmp/audit-work/audit147/semantic.k:17:  syntax Value ::= "Int" "(" Int ")"
/tmp/audit-work/audit147/semantic.k:18:  syntax Expr ::= Value
/tmp/audit-work/audit147/semantic.k:20:                | "BinOp" "(" String "," Expr "," Expr ")" [seqstrict(2,3)]
/tmp/audit-work/audit147/semantic.k:29:  syntax KResult ::= Value
/tmp/audit-work/audit147/semantic.k:31:  syntax Result ::= "noResult" | "result" "(" Int ")"
/tmp/audit-work/audit147/semantic.k:33:  configuration
/tmp/audit-work/audit147/semantic.k:43:  rule <k> Module(FuncDef(_FN, Params(X), BODY)) => BODY </k>
/tmp/audit-work/audit147/semantic.k:47:  rule <k> Name(X) => Int(I) ...</k>
/tmp/audit-work/audit147/semantic.k:50:  rule BinOp("+",  Int(I), Int(J)) => Int(I +Int J)
/tmp/audit-work/audit147/semantic.k:51:  rule BinOp("-",  Int(I), Int(J)) => Int(I -Int J)
/tmp/audit-work/audit147/semantic.k:52:  rule BinOp("*",  Int(I), Int(J)) => Int(I *Int J)
/tmp/audit-work/audit147/semantic.k:53:  rule BinOp("//", Int(I), Int(J)) => Int(I divInt J)
/tmp/audit-work/audit147/semantic.k:56:  rule <k> Return(Int(I)) => .K </k>
exit_status=0
script_exit_status=0
