Script started on 2026-07-26 19:57:31-05:00 [<not executed on terminal>]
1145	candidate:spec.k	84	132	claim	false	false	false	false	false	false	false	CIRCULAR_OUTER_LOOP:exact_candidate_bridge_supplies_poststate	claim <k> #loop( list(vCons(str(CS:IntSeq), REST:ValSeq)), Name("digits"), ODD-OUTER-BODY) ~> CONT:K => CONT </k> <env> 1 </env> <scopes> -1 |-> builtinsScope 0 |-> scope( "odd_count" |-> closureVal("lst", ODD-COUNT-BODY, 0), parent(-1)) 1 |-> scope( ("lst" |-> list(WHOLE:ValSeq)) ("result" |-> ref(OUT:Int)) ("digits" |-> str(.IntSeq)) ("count" |-> 0) ("digit" |-> str(.IntSeq)) ("text" |-> str(.IntSeq)), parent(0)) => -1 |-> builtinsScope 0 |-> scope( "odd_count" |-> closureVal("lst", ODD-COUNT-BODY, 0), parent(-1)) 1 |-> scope( ("lst" |-> list(WHOLE)) ("result" |-> ref(OUT)) ("digits" |-> str(.IntSeq)) ("count" |-> 0) ("digit" |-> str(.IntSeq)) ("text" |-> str(.IntSeq)), parent(0)) </scopes> <heap> OUT |-> list(ACC:ValSeq) => OUT |-> list( oddCountFrom( ACC, vCons(str(CS), REST))) </heap> requires allDigit(CS) andBool validDigitStrings(REST) [label(outer-loop)]
1146	candidate:spec.k	133	162	claim	false	false	false	false	false	false	false	TARGET:real_program_pinned_but_result_oracle_and_outer_bridge	claim <k> #loadAll(ODD-COUNT-PROGRAM) ~> Call(Name("odd_count"), list(INPUT:ValSeq)) => ref(0) </k> <env> 0 </env> <scopes> -1 |-> builtinsScope 0 |-> scope(.Map, parent(-1)) => -1 |-> builtinsScope 0 |-> scope( "odd_count" |-> closureVal("lst", ODD-COUNT-BODY, 0), parent(-1)) </scopes> <scopeLoc> 1 </scopeLoc> <heap> .Map => 0 |-> list(oddCountSpec(INPUT)) </heap> <heapLoc> 0 => 1 </heapLoc> <stack> .List </stack> <ret> noRet </ret> <exc> NoExc </exc> <exit-code> 0 </exit-code> requires validDigitStrings(INPUT) [label(target)]
1147	candidate:spec.k	163	163	endmodule	false	false	false	false	false	false	false	MODULE_STRUCTURE	endmodule
# COUNTS
# claim=4
# configuration=1
# context=5
# endmodule=27
# flag:function=156
# flag:macro=8
# flag:opaque_symbol=26
# flag:priority=47
# flag:simplification=1
# flag:total=116
# imports=88
# module=27
# requires=25
# rule=727
# syntax=243
# records=1147

Script done on 2026-07-26 19:57:31-05:00 [COMMAND_EXIT_CODE="0"]
