COMMAND: bash /audit-output/evidence/06_static_checks.sh
STAGE: fixed-semantics generated sort predicate and proof projection equations
RUN: extract bounded KORE rule comments for isInt and intValue
16684:// rule `intValue(_)_BRIDGE-BASE_Int_Val`(inj{Int,Val}(I))=>I requires #token("true","Bool") ensures #token("true","Bool") [UNIQUE_ID(1e428c4e7c20071a4d34a436df78b6ef1688f7087bbd4e22a176d8ee51a63909), org.kframework.attributes.Location(Location(9,8,9,28)), org.kframework.attributes.Source(Source(/tmp/audit-work/reconstruction/bridge-base.k)), org.kframework.definition.Production(syntax #RuleContent ::= #RuleBody [symbol(#ruleNoConditions)])]
18430:// rule isInt(K)=>#token("false","Bool") requires #token("true","Bool") ensures #token("true","Bool") [UNIQUE_ID(105572a4ac107eeb518b37c4d6ed3e28732b83afb0ba085d02d339c4fc2140a0), owise]
18466:// rule isInt(inj{Int,KItem}(Int))=>#token("true","Bool") requires #token("true","Bool") ensures #token("true","Bool") [UNIQUE_ID(92664aa821c8898ff16b4e72ad0bdf363f755c7660d28dcb69c129a2c94bc6b5)]
EXIT KORE predicate extraction: 0
STAGE: proof-definition exclusion of concrete-only rules
concrete.k source rules in proof definition=0 expected=0
STAGE: proof-local guard overlap, coverage, and source-equation checks
RUN: python3 /audit-output/evidence/extension_equation_checks.py
step_pairs_checked=1681
negStep_guard_matches_per_pair=1
posStep_guard_matches_per_pair=1
step_equations_match_source_conditionals=true
fold_sequences_checked=3906
negFold_extremum_and_A<=0_preservation=true
posFold_extremum_and_B>=0_preservation=true
optional_guard_coverage_and_disjointness=true
EXIT equation checks: 0
STAGE: candidate proof-local special attributes
RUN: rg attributes in verification.k
9:  syntax Int ::= intValue(Val) [function, total]
15:    [priority(40)]
19:  syntax Stmts ::= "scanBody" [function]
20:                 | "finishBody" [function]
21:                 | "solutionBody" [function]
58:  syntax Module ::= "largestSmallestModule" [function]
65:  syntax Int ::= negStep(Int, Int) [function, total]
66:               | posStep(Int, Int) [function, total]
67:               | negFold(ValSeq, Int) [function, total]
68:               | posFold(ValSeq, Int) [function, total]
69:               | finalValue(ValSeq, Int) [function, total]
104:  syntax Bool ::= allInts(ValSeq) [function, total]
109:  syntax Val ::= optionalNeg(Int) [function, total]
110:               | optionalPos(Int) [function, total]
EXIT proof-local attribute inventory: 0
FINAL EXIT: 0
