COMMAND: bash /audit-output/evidence/07_nonvacuity.sh
MUTATION: force the positive return component to noneV
SATISFYING COUNTEREXAMPLE: VS=[1], allInts(VS)=true
trusted canonical([1])=(None, 1)
candidate Python([1])=(None, 1)
mutated K postcondition at VS=[1]=(None, None)
RUN: kprove spec-vacuity.k --definition fresh-verification-kompiled --spec-module SPEC-VACUITY --dry-run
kore-exec /tmp/audit-work/reconstruction/./fresh-verification-kompiled/definition.kore --module VERIFICATION --prove /tmp/.kprove-2026-07-26-02-53-43-681-d9108578-40b7-426c-a717-e46fe6470993/spec.kore --spec-module SPEC-VACUITY --output /tmp/.kprove-2026-07-26-02-53-43-681-d9108578-40b7-426c-a717-e46fe6470993/result.kore
[Warning] Compiler: Variable 'As' defined but not used. Prefix variable name
with underscore if this is intentional.
	Source(/tmp/audit-work/reconstruction/reference-semantics/semantics/str.k)
	Location(52,27,52,29)
	52 |	  rule strLt(iCons(A:Int, As:IntSeq), iCons(B:Int, Bs:IntSeq)) => true   
      requires A  <Int B
	   .	                          ^~
[Warning] Compiler: Variable 'Bs' defined but not used. Prefix variable name
with underscore if this is intentional.
	Source(/tmp/audit-work/reconstruction/reference-semantics/semantics/str.k)
	Location(52,52,52,54)
	52 |	  rule strLt(iCons(A:Int, As:IntSeq), iCons(B:Int, Bs:IntSeq)) => true   
      requires A  <Int B
	   .	                                                   ^~
[Warning] Compiler: Variable 'As' defined but not used. Prefix variable name
with underscore if this is intentional.
	Source(/tmp/audit-work/reconstruction/reference-semantics/semantics/str.k)
	Location(53,27,53,29)
	53 |	  rule strLt(iCons(A:Int, As:IntSeq), iCons(B:Int, Bs:IntSeq)) => false  
      requires A  >Int B
	   .	                          ^~
[Warning] Compiler: Variable 'Bs' defined but not used. Prefix variable name
with underscore if this is intentional.
	Source(/tmp/audit-work/reconstruction/reference-semantics/semantics/str.k)
	Location(53,52,53,54)
	53 |	  rule strLt(iCons(A:Int, As:IntSeq), iCons(B:Int, Bs:IntSeq)) => false  
      requires A  >Int B
	   .	                                                   ^~
[Warning] Compiler: Variable 'INPUT' defined but not used. Prefix variable name
with underscore if this is intentional.
	Source(/tmp/audit-work/reconstruction/spec-vacuity.k)
	Location(13,36,13,41)
	13 |	        ("lst"                 |-> INPUT:Val)
	   .	                                   ^~~~~
EXIT mutation dry-run: 0
RUN: timeout 180 kprove spec-vacuity.k --definition fresh-verification-kompiled --spec-module SPEC-VACUITY
kore-exec: [20277941] Error (ErrorException):
    Error: missing hook
    Symbol
        LblminFloat'LParUndsCommUndsRParUnds'FLOAT'Unds'Float'Unds'Float'Unds'Float{}
    declared with attribute
        hook{}("FLOAT.min")
    We don't recognize that hook and it was not given any rules.
    Please open a feature request at
        https://github.com/runtimeverification/haskell-backend/issues
    and include the text of this message.
    Workaround: Give rules for LblminFloat'LParUndsCommUndsRParUnds'FLOAT'Unds'Float'Unds'Float'Unds'Float{}
    CallStack (from HasCallStack):
      error, called at src/Kore/Rewrite/Function/Evaluator.hs:377:6 in kore-0.1.135-3ZELFdwpMgyGGelTbbE1ER:Kore.Rewrite.Function.Evaluator
Error: missing hook
Symbol
    LblminFloat'LParUndsCommUndsRParUnds'FLOAT'Unds'Float'Unds'Float'Unds'Float{}
declared with attribute
    hook{}("FLOAT.min")
We don't recognize that hook and it was not given any rules.
Please open a feature request at
    https://github.com/runtimeverification/haskell-backend/issues
and include the text of this message.
Workaround: Give rules for LblminFloat'LParUndsCommUndsRParUnds'FLOAT'Unds'Float'Unds'Float'Unds'Float{}
CallStack (from HasCallStack):
  error, called at src/Kore/Rewrite/Function/Evaluator.hs:377:6 in kore-0.1.135-3ZELFdwpMgyGGelTbbE1ER:Kore.Rewrite.Function.Evaluator
Created bug report: kore-exec.tar.gz
  #Ceil ( ( "largest_smallest_integers" |-> closureVal ( "lst" , .ParamNames , Assign ( Name ( "largest_negative" ) , Int ( 0 ) )  Assign ( Name ( "smallest_positive" ) , Int ( 0 ) )  Assign ( Name ( "value" ) , Int ( 0 ) )  For ( Name ( "value" ) , Name ( "lst" ) , If ( Compare ( Name ( "value" ) , CmpOp ( "<" , Int ( 0 ) ) ) , If ( BoolOp ( "or" , Compare ( Name ( "largest_negative" ) , CmpOp ( "==" , Int ( 0 ) ) ) , Compare ( Name ( "value" ) , CmpOp ( ">" , Name ( "largest_negative" ) ) ) , .Exprs ) , Assign ( Name ( "largest_negative" ) , Name ( "value" ) )  .Stmts , .Stmts )  .Stmts , .Stmts )  If ( Compare ( Name ( "value" ) , CmpOp ( ">" , Int ( 0 ) ) ) , If ( BoolOp ( "or" , Compare ( Name ( "smallest_positive" ) , CmpOp ( "==" , Int ( 0 ) ) ) , Compare ( Name ( "value" ) , CmpOp ( "<" , Name ( "smallest_positive" ) ) ) , .Exprs ) , Assign ( Name ( "smallest_positive" ) , Name ( "value" ) )  .Stmts , .Stmts )  .Stmts , .Stmts )  .Stmts )  If ( Compare ( Name ( "largest_negative" ) , CmpOp ( "==" , Int ( 0 ) ) ) , Assign ( Name ( "largest_negative" ) , NoneVal )  .Stmts , .Stmts )  If ( Compare ( Name ( "smallest_positive" ) , CmpOp ( "==" , Int ( 0 ) ) ) , Assign ( Name ( "smallest_positive" ) , NoneVal )  .Stmts , .Stmts )  Return ( TupleExpr ( Name ( "largest_negative" ) , Name ( "smallest_positive" ) , .Exprs ) )  .Stmts , 0 ) ) [ X:String ] )
#And
  #Ceil ( dictSet ( project:Val ( ( "largest_smallest_integers" |-> closureVal ( "lst" , .ParamNames , Assign ( Name ( "largest_negative" ) , Int ( 0 ) )  Assign ( Name ( "smallest_positive" ) , Int ( 0 ) )  Assign ( Name ( "value" ) , Int ( 0 ) )  For ( Name ( "value" ) , Name ( "lst" ) , If ( Compare ( Name ( "value" ) , CmpOp ( "<" , Int ( 0 ) ) ) , If ( BoolOp ( "or" , Compare ( Name ( "largest_negative" ) , CmpOp ( "==" , Int ( 0 ) ) ) , Compare ( Name ( "value" ) , CmpOp ( ">" , Name ( "largest_negative" ) ) ) , .Exprs ) , Assign ( Name ( "largest_negative" ) , Name ( "value" ) )  .Stmts , .Stmts )  .Stmts , .Stmts )  If ( Compare ( Name ( "value" ) , CmpOp ( ">" , Int ( 0 ) ) ) , If ( BoolOp ( "or" , Compare ( Name ( "smallest_positive" ) , CmpOp ( "==" , Int ( 0 ) ) ) , Compare ( Name ( "value" ) , CmpOp ( "<" , Name ( "smallest_positive" ) ) ) , .Exprs ) , Assign ( Name ( "smallest_positive" ) , Name ( "value" ) )  .Stmts , .Stmts )  .Stmts , .Stmts )  .Stmts )  If ( Compare ( Name ( "largest_negative" ) , CmpOp ( "==" , Int ( 0 ) ) ) , Assign ( Name ( "largest_negative" ) , NoneVal )  .Stmts , .Stmts )  If ( Compare ( Name ( "smallest_positive" ) , CmpOp ( "==" , Int ( 0 ) ) ) , Assign ( Name ( "smallest_positive" ) , NoneVal )  .Stmts , .Stmts )  Return ( TupleExpr ( Name ( "largest_negative" ) , Name ( "smallest_positive" ) , .Exprs ) )  .Stmts , 0 ) ) [ X:String ] ~> .K ) , tuple ( vCons ( negFold ( VS , 0 ) , vCons ( posFold ( VS , 0 ) , .ValSeq ) ) ) , VV ) )
#And
  #Ceil ( project:Val ( ( "largest_smallest_integers" |-> closureVal ( "lst" , .ParamNames , Assign ( Name ( "largest_negative" ) , Int ( 0 ) )  Assign ( Name ( "smallest_positive" ) , Int ( 0 ) )  Assign ( Name ( "value" ) , Int ( 0 ) )  For ( Name ( "value" ) , Name ( "lst" ) , If ( Compare ( Name ( "value" ) , CmpOp ( "<" , Int ( 0 ) ) ) , If ( BoolOp ( "or" , Compare ( Name ( "largest_negative" ) , CmpOp ( "==" , Int ( 0 ) ) ) , Compare ( Name ( "value" ) , CmpOp ( ">" , Name ( "largest_negative" ) ) ) , .Exprs ) , Assign ( Name ( "largest_negative" ) , Name ( "value" ) )  .Stmts , .Stmts )  .Stmts , .Stmts )  If ( Compare ( Name ( "value" ) , CmpOp ( ">" , Int ( 0 ) ) ) , If ( BoolOp ( "or" , Compare ( Name ( "smallest_positive" ) , CmpOp ( "==" , Int ( 0 ) ) ) , Compare ( Name ( "value" ) , CmpOp ( "<" , Name ( "smallest_positive" ) ) ) , .Exprs ) , Assign ( Name ( "smallest_positive" ) , Name ( "value" ) )  .Stmts , .Stmts )  .Stmts , .Stmts )  .Stmts )  If ( Compare ( Name ( "largest_negative" ) , CmpOp ( "==" , Int ( 0 ) ) ) , Assign ( Name ( "largest_negative" ) , NoneVal )  .Stmts , .Stmts )  If ( Compare ( Name ( "smallest_positive" ) , CmpOp ( "==" , Int ( 0 ) ) ) , Assign ( Name ( "smallest_positive" ) , NoneVal )  .Stmts , .Stmts )  Return ( TupleExpr ( Name ( "largest_negative" ) , Name ( "smallest_positive" ) , .Exprs ) )  .Stmts , 0 ) ) [ X:String ] ~> .K ) )
#And
  #Not ( {
    0
  #Equals
    negFold ( VS , 0 )
  } )
#And
  #Not ( {
    0
  #Equals
    posFold ( VS , 0 )
  } )
#And
  <generatedTop>
    <k>
      #minAccF ( R , minFloat ( M , project:Float ( V:Val ~> .K ) ) ) ~> _DotVar3 ~> .K
    </k>
    <env>
      0
    </env>
    <scopes>
      -1 |-> scope ( "abs" |-> builtinV ( "abs" )
      "all" |-> builtinV ( "all" )
      "any" |-> builtinV ( "any" )
      "bin" |-> builtinV ( "bin" )
      "chr" |-> builtinV ( "chr" )
      "enumerate" |-> builtinV ( "enumerate" )
      "eval" |-> builtinV ( "eval" )
      "float" |-> typeV ( "float" )
      "int" |-> typeV ( "int" )
      "isinstance" |-> builtinV ( "isinstance" )
      "len" |-> builtinV ( "len" )
      "list" |-> builtinV ( "list" )
      "map" |-> builtinV ( "map" )
      "max" |-> builtinV ( "max" )
      "min" |-> builtinV ( "min" )
      "ord" |-> builtinV ( "ord" )
      "range" |-> builtinV ( "range" )
      "round" |-> builtinV ( "round" )
      "set" |-> builtinV ( "set" )
      "sorted" |-> builtinV ( "sorted" )
      "str" |-> typeV ( "str" )
      "sum" |-> builtinV ( "sum" )
      "zip" |-> builtinV ( "zip" ) , root )
      0 |-> scope ( ( "largest_smallest_integers" |-> closureVal ( "lst" , .ParamNames , Assign ( Name ( "largest_negative" ) , Int ( 0 ) )  Assign ( Name ( "smallest_positive" ) , Int ( 0 ) )  Assign ( Name ( "value" ) , Int ( 0 ) )  For ( Name ( "value" ) , Name ( "lst" ) , If ( Compare ( Name ( "value" ) , CmpOp ( "<" , Int ( 0 ) ) ) , If ( BoolOp ( "or" , Compare ( Name ( "largest_negative" ) , CmpOp ( "==" , Int ( 0 ) ) ) , Compare ( Name ( "value" ) , CmpOp ( ">" , Name ( "largest_negative" ) ) ) , .Exprs ) , Assign ( Name ( "largest_negative" ) , Name ( "value" ) )  .Stmts , .Stmts )  .Stmts , .Stmts )  If ( Compare ( Name ( "value" ) , CmpOp ( ">" , Int ( 0 ) ) ) , If ( BoolOp ( "or" , Compare ( Name ( "smallest_positive" ) , CmpOp ( "==" , Int ( 0 ) ) ) , Compare ( Name ( "value" ) , CmpOp ( "<" , Name ( "smallest_positive" ) ) ) , .Exprs ) , Assign ( Name ( "smallest_positive" ) , Name ( "value" ) )  .Stmts , .Stmts )  .Stmts , .Stmts )  .Stmts )  If ( Compare ( Name ( "largest_negative" ) , CmpOp ( "==" , Int ( 0 ) ) ) , Assign ( Name ( "largest_negative" ) , NoneVal )  .Stmts , .Stmts )  If ( Compare ( Name ( "smallest_positive" ) , CmpOp ( "==" , Int ( 0 ) ) ) , Assign ( Name ( "smallest_positive" ) , NoneVal )  .Stmts , .Stmts )  Return ( TupleExpr ( Name ( "largest_negative" ) , Name ( "smallest_positive" ) , .Exprs ) )  .Stmts , 0 ) ) [ X:String <- dictSet ( project:Val ( ( "largest_smallest_integers" |-> closureVal ( "lst" , .ParamNames , Assign ( Name ( "largest_negative" ) , Int ( 0 ) )  Assign ( Name ( "smallest_positive" ) , Int ( 0 ) )  Assign ( Name ( "value" ) , Int ( 0 ) )  For ( Name ( "value" ) , Name ( "lst" ) , If ( Compare ( Name ( "value" ) , CmpOp ( "<" , Int ( 0 ) ) ) , If ( BoolOp ( "or" , Compare ( Name ( "largest_negative" ) , CmpOp ( "==" , Int ( 0 ) ) ) , Compare ( Name ( "value" ) , CmpOp ( ">" , Name ( "largest_negative" ) ) ) , .Exprs ) , Assign ( Name ( "largest_negative" ) , Name ( "value" ) )  .Stmts , .Stmts )  .Stmts , .Stmts )  If ( Compare ( Name ( "value" ) , CmpOp ( ">" , Int ( 0 ) ) ) , If ( BoolOp ( "or" , Compare ( Name ( "smallest_positive" ) , CmpOp ( "==" , Int ( 0 ) ) ) , Compare ( Name ( "value" ) , CmpOp ( "<" , Name ( "smallest_positive" ) ) ) , .Exprs ) , Assign ( Name ( "smallest_positive" ) , Name ( "value" ) )  .Stmts , .Stmts )  .Stmts , .Stmts )  .Stmts )  If ( Compare ( Name ( "largest_negative" ) , CmpOp ( "==" , Int ( 0 ) ) ) , Assign ( Name ( "largest_negative" ) , NoneVal )  .Stmts , .Stmts )  If ( Compare ( Name ( "smallest_positive" ) , CmpOp ( "==" , Int ( 0 ) ) ) , Assign ( Name ( "smallest_positive" ) , NoneVal )  .Stmts , .Stmts )  Return ( TupleExpr ( Name ( "largest_negative" ) , Name ( "smallest_positive" ) , .Exprs ) )  .Stmts , 0 ) ) [ X:String ] ~> .K ) , tuple ( vCons ( negFold ( VS , 0 ) , vCons ( posFold ( VS , 0 ) , .ValSeq ) ) ) , VV ) ] , parent ( -1 ) )
    </scopes>
    <scopeLoc>
      1
    </scopeLoc>
    <heap>
      .Map
    </heap>
    <heapLoc>
      0
    </heapLoc>
    <stack>
      .List
    </stack>
    <ret>
      noRet
    </ret>
    <exc>
      NoExc
    </exc>
    <exit-code>
      0
    </exit-code>
  </generatedTop>
#And
  {
    _DotVar1
  #Equals
    #dsetK ( X , VV ) ~> #iterYield ( V , R ) ~> #minContF ( M ) ~> _DotVar3 ~> .K
  }
#And
  {
    _DotVar2
  #Equals
    #iterYield ( V , R ) ~> #minContF ( M ) ~> _DotVar3 ~> .K
  }
#And
  {
    false
  #Equals
    isRefV ( project:Val ( ( "largest_smallest_integers" |-> closureVal ( "lst" , .ParamNames , Assign ( Name ( "largest_negative" ) , Int ( 0 ) )  Assign ( Name ( "smallest_positive" ) , Int ( 0 ) )  Assign ( Name ( "value" ) , Int ( 0 ) )  For ( Name ( "value" ) , Name ( "lst" ) , If ( Compare ( Name ( "value" ) , CmpOp ( "<" , Int ( 0 ) ) ) , If ( BoolOp ( "or" , Compare ( Name ( "largest_negative" ) , CmpOp ( "==" , Int ( 0 ) ) ) , Compare ( Name ( "value" ) , CmpOp ( ">" , Name ( "largest_negative" ) ) ) , .Exprs ) , Assign ( Name ( "largest_negative" ) , Name ( "value" ) )  .Stmts , .Stmts )  .Stmts , .Stmts )  If ( Compare ( Name ( "value" ) , CmpOp ( ">" , Int ( 0 ) ) ) , If ( BoolOp ( "or" , Compare ( Name ( "smallest_positive" ) , CmpOp ( "==" , Int ( 0 ) ) ) , Compare ( Name ( "value" ) , CmpOp ( "<" , Name ( "smallest_positive" ) ) ) , .Exprs ) , Assign ( Name ( "smallest_positive" ) , Name ( "value" ) )  .Stmts , .Stmts )  .Stmts , .Stmts )  .Stmts )  If ( Compare ( Name ( "largest_negative" ) , CmpOp ( "==" , Int ( 0 ) ) ) , Assign ( Name ( "largest_negative" ) , NoneVal )  .Stmts , .Stmts )  If ( Compare ( Name ( "smallest_positive" ) , CmpOp ( "==" , Int ( 0 ) ) ) , Assign ( Name ( "smallest_positive" ) , NoneVal )  .Stmts , .Stmts )  Return ( TupleExpr ( Name ( "largest_negative" ) , Name ( "smallest_positive" ) , .Exprs ) )  .Stmts , 0 ) ) [ X:String ] ~> .K ) )
  }
#And
  {
    true
  #Equals
    X:String in_keys ( "largest_smallest_integers" |-> closureVal ( "lst" , .ParamNames , Assign ( Name ( "largest_negative" ) , Int ( 0 ) )  Assign ( Name ( "smallest_positive" ) , Int ( 0 ) )  Assign ( Name ( "value" ) , Int ( 0 ) )  For ( Name ( "value" ) , Name ( "lst" ) , If ( Compare ( Name ( "value" ) , CmpOp ( "<" , Int ( 0 ) ) ) , If ( BoolOp ( "or" , Compare ( Name ( "largest_negative" ) , CmpOp ( "==" , Int ( 0 ) ) ) , Compare ( Name ( "value" ) , CmpOp ( ">" , Name ( "largest_negative" ) ) ) , .Exprs ) , Assign ( Name ( "largest_negative" ) , Name ( "value" ) )  .Stmts , .Stmts )  .Stmts , .Stmts )  If ( Compare ( Name ( "value" ) , CmpOp ( ">" , Int ( 0 ) ) ) , If ( BoolOp ( "or" , Compare ( Name ( "smallest_positive" ) , CmpOp ( "==" , Int ( 0 ) ) ) , Compare ( Name ( "value" ) , CmpOp ( "<" , Name ( "smallest_positive" ) ) ) , .Exprs ) , Assign ( Name ( "smallest_positive" ) , Name ( "value" ) )  .Stmts , .Stmts )  .Stmts , .Stmts )  .Stmts )  If ( Compare ( Name ( "largest_negative" ) , CmpOp ( "==" , Int ( 0 ) ) ) , Assign ( Name ( "largest_negative" ) , NoneVal )  .Stmts , .Stmts )  If ( Compare ( Name ( "smallest_positive" ) , CmpOp ( "==" , Int ( 0 ) ) ) , Assign ( Name ( "smallest_positive" ) , NoneVal )  .Stmts , .Stmts )  Return ( TupleExpr ( Name ( "largest_negative" ) , Name ( "smallest_positive" ) , .Exprs ) )  .Stmts , 0 ) )
  }
#And
  {
    true
  #Equals
    allInts ( VS )
  }
#And
  {
    true
  #Equals
    isFloat ( V:Val ~> .K )
  }
[Warning] Compiler: Variable 'As' defined but not used. Prefix variable name
with underscore if this is intentional.
	Source(/tmp/audit-work/reconstruction/reference-semantics/semantics/str.k)
	Location(52,27,52,29)
	52 |	  rule strLt(iCons(A:Int, As:IntSeq), iCons(B:Int, Bs:IntSeq)) => true   
      requires A  <Int B
	   .	                          ^~
[Warning] Compiler: Variable 'Bs' defined but not used. Prefix variable name
with underscore if this is intentional.
	Source(/tmp/audit-work/reconstruction/reference-semantics/semantics/str.k)
	Location(52,52,52,54)
	52 |	  rule strLt(iCons(A:Int, As:IntSeq), iCons(B:Int, Bs:IntSeq)) => true   
      requires A  <Int B
	   .	                                                   ^~
[Warning] Compiler: Variable 'As' defined but not used. Prefix variable name
with underscore if this is intentional.
	Source(/tmp/audit-work/reconstruction/reference-semantics/semantics/str.k)
	Location(53,27,53,29)
	53 |	  rule strLt(iCons(A:Int, As:IntSeq), iCons(B:Int, Bs:IntSeq)) => false  
      requires A  >Int B
	   .	                          ^~
[Warning] Compiler: Variable 'Bs' defined but not used. Prefix variable name
with underscore if this is intentional.
	Source(/tmp/audit-work/reconstruction/reference-semantics/semantics/str.k)
	Location(53,52,53,54)
	53 |	  rule strLt(iCons(A:Int, As:IntSeq), iCons(B:Int, Bs:IntSeq)) => false  
      requires A  >Int B
	   .	                                                   ^~
[Warning] Compiler: Variable 'INPUT' defined but not used. Prefix variable name
with underscore if this is intentional.
	Source(/tmp/audit-work/reconstruction/spec-vacuity.k)
	Location(13,36,13,41)
	13 |	        ("lst"                 |-> INPUT:Val)
	   .	                                   ^~~~~
[Error] Prover: backend terminated because the configuration cannot be
rewritten further. See output for more details.
EXIT false mutation proof: 1
EXPECTED WarnStuckClaimState: absent
UNRELATED build/parser failure marker: absent
FINAL EXIT: 1
