WORKDIR: /audit-output
COMMAND: python3 /audit-output/evidence/differential_test.py
----- OUTPUT -----
ORACLE: trusted /reference/canonical.py copied to scratch and imported independently
SUBJECT: candidate solution.py copied to scratch and imported independently
DOCUMENTED_CASES: 5
BOUNDARY_CASES: 19
EXHAUSTIVE_SCOPE: all key subsets of sizes 0..4 from ['a', 'b2', 'A', 'B2', 'Aa', '123', '', '!', 'é', 'É', 0, 1, None, False, ('x',)]
EXHAUSTIVE_CASES: 1941
RANDOM_SCOPE: seed=950026, 2000 dictionaries, 0..8 generated keys
RANDOM_CASES: 2000
TOTAL_CASES: 3965
CASES_SHA256: c40edadcb86f79556e4790e71d1fab96b5c8023ba1a21ad459f293e4cf431c8e
MISMATCHES: 244
[
  {
    "canonical": true,
    "dict_repr": "{'a': 0, 'b2': 1, 'A': 2}",
    "generated": false,
    "group": "exhaustive_combinations",
    "index": 121
  },
  {
    "canonical": true,
    "dict_repr": "{'a': 0, 'b2': 1, 'B2': 2}",
    "generated": false,
    "group": "exhaustive_combinations",
    "index": 122
  },
  {
    "canonical": true,
    "dict_repr": "{'a': 0, 'b2': 1, 'Aa': 2}",
    "generated": false,
    "group": "exhaustive_combinations",
    "index": 123
  },
  {
    "canonical": true,
    "dict_repr": "{'a': 0, 'b2': 1, '123': 2}",
    "generated": false,
    "group": "exhaustive_combinations",
    "index": 124
  },
  {
    "canonical": true,
    "dict_repr": "{'a': 0, 'b2': 1, '': 2}",
    "generated": false,
    "group": "exhaustive_combinations",
    "index": 125
  },
  {
    "canonical": true,
    "dict_repr": "{'a': 0, 'b2': 1, '!': 2}",
    "generated": false,
    "group": "exhaustive_combinations",
    "index": 126
  },
  {
    "canonical": true,
    "dict_repr": "{'a': 0, 'b2': 1, '\u00c9': 2}",
    "generated": false,
    "group": "exhaustive_combinations",
    "index": 128
  },
  {
    "canonical": true,
    "dict_repr": "{'a': 0, 'b2': 1, 0: 2}",
    "generated": false,
    "group": "exhaustive_combinations",
    "index": 129
  },
  {
    "canonical": true,
    "dict_repr": "{'a': 0, 'b2': 1, 1: 2}",
    "generated": false,
    "group": "exhaustive_combinations",
    "index": 130
  },
  {
    "canonical": true,
    "dict_repr": "{'a': 0, 'b2': 1, None: 2}",
    "generated": false,
    "group": "exhaustive_combinations",
    "index": 131
  },
  {
    "canonical": true,
    "dict_repr": "{'a': 0, 'b2': 1, False: 2}",
    "generated": false,
    "group": "exhaustive_combinations",
    "index": 132
  },
  {
    "canonical": true,
    "dict_repr": "{'a': 0, 'b2': 1, ('x',): 2}",
    "generated": false,
    "group": "exhaustive_combinations",
    "index": 133
  },
  {
    "canonical": true,
    "dict_repr": "{'a': 0, '\u00e9': 1, '\u00c9': 2}",
    "generated": false,
    "group": "exhaustive_combinations",
    "index": 191
  },
  {
    "canonical": true,
    "dict_repr": "{'a': 0, '\u00e9': 1, 0: 2}",
    "generated": false,
    "group": "exhaustive_combinations",
    "index": 192
  },
  {
    "canonical": true,
    "dict_repr": "{'a': 0, '\u00e9': 1, 1: 2}",
    "generated": false,
    "group": "exhaustive_combinations",
    "index": 193
  },
  {
    "canonical": true,
    "dict_repr": "{'a': 0, '\u00e9': 1, None: 2}",
    "generated": false,
    "group": "exhaustive_combinations",
    "index": 194
  },
  {
    "canonical": true,
    "dict_repr": "{'a': 0, '\u00e9': 1, False: 2}",
    "generated": false,
    "group": "exhaustive_combinations",
    "index": 195
  },
  {
    "canonical": true,
    "dict_repr": "{'a': 0, '\u00e9': 1, ('x',): 2}",
    "generated": false,
    "group": "exhaustive_combinations",
    "index": 196
  },
  {
    "canonical": true,
    "dict_repr": "{'b2': 0, '\u00e9': 1, '\u00c9': 2}",
    "generated": false,
    "group": "exhaustive_combinations",
    "index": 269
  },
  {
    "canonical": true,
    "dict_repr": "{'b2': 0, '\u00e9': 1, 0: 2}",
    "generated": false,
    "group": "exhaustive_combinations",
    "index": 270
  }
]
----- END OUTPUT -----
EXIT_STATUS: 1
