<generatedTop>
  <k>
    .K
  </k>
  <env>
    0
  </env>
  <scopes>
    -1 |-> scope ( "abs" |-> builtinV ( "abs" )
    "all" |-> builtinV ( "all" )
    "any" |-> builtinV ( "any" )
    "bin" |-> builtinV ( "bin" )
    "chr" |-> builtinV ( "chr" )
    "enumerate" |-> builtinV ( "enumerate" )
    "eval" |-> builtinV ( "eval" )
    "float" |-> typeV ( "float" )
    "int" |-> typeV ( "int" )
    "isinstance" |-> builtinV ( "isinstance" )
    "len" |-> builtinV ( "len" )
    "list" |-> builtinV ( "list" )
    "map" |-> builtinV ( "map" )
    "max" |-> builtinV ( "max" )
    "min" |-> builtinV ( "min" )
    "ord" |-> builtinV ( "ord" )
    "range" |-> builtinV ( "range" )
    "round" |-> builtinV ( "round" )
    "set" |-> builtinV ( "set" )
    "sorted" |-> builtinV ( "sorted" )
    "str" |-> typeV ( "str" )
    "sum" |-> builtinV ( "sum" )
    "zip" |-> builtinV ( "zip" ) , root )
    0 |-> scope ( "compare_one" |-> closureVal ( "a" , "b" , .ParamNames , If ( Call ( Name ( "isinstance" ) , Name ( "a" ) , Name ( "str" ) , .Exprs ) , Assign ( Name ( "a_value" ) , Call ( Name ( "float" ) , Call ( Attribute ( Name ( "a" ) , "replace" ) , Str ( "," ) , Str ( "." ) , .Exprs ) , .Exprs ) )  .Stmts , Assign ( Name ( "a_value" ) , Name ( "a" ) )  .Stmts )  If ( Call ( Name ( "isinstance" ) , Name ( "b" ) , Name ( "str" ) , .Exprs ) , Assign ( Name ( "b_value" ) , Call ( Name ( "float" ) , Call ( Attribute ( Name ( "b" ) , "replace" ) , Str ( "," ) , Str ( "." ) , .Exprs ) , .Exprs ) )  .Stmts , Assign ( Name ( "b_value" ) , Name ( "b" ) )  .Stmts )  If ( Compare ( Name ( "a_value" ) , CmpOp ( ">" , Name ( "b_value" ) ) ) , Return ( Name ( "a" ) )  .Stmts , .Stmts )  If ( Compare ( Name ( "b_value" ) , CmpOp ( ">" , Name ( "a_value" ) ) ) , Return ( Name ( "b" ) )  .Stmts , .Stmts )  Return ( NoneVal )  .Stmts , 0 ) , parent ( -1 ) )
  </scopes>
  <scopeLoc>
    1
  </scopeLoc>
  <heap>
    .Map
  </heap>
  <heapLoc>
    0
  </heapLoc>
  <stack>
    .List
  </stack>
  <ret>
    noRet
  </ret>
  <exc>
    NoExc
  </exc>
  <exit-code>
    0
  </exit-code>
</generatedTop>
COMMAND: krun k_concrete_smoke.mpy --definition runtime-kompiled
EXIT_STATUS: 0
