COMMAND: kprove spec.k --definition proof-kompiled --spec-module SPLIT-WORDS-SPEC
EXIT_STATUS: 0
OUTPUT_LINES: 17
--- OUTPUT BEGIN ---
kore-exec: [3472561] Warning (WarnTrivialClaim):
    Claim proven without rewriting at: /tmp/audit-work/fresh/candidate/spec.k:8:9-15:52
kore-exec: [3473553] Warning (WarnTrivialClaim):
    Claim proven without rewriting at: /tmp/audit-work/fresh/candidate/spec.k:18:9-19:78
kore-exec: [3474343] Warning (WarnTrivialClaim):
    Claim proven without rewriting at: /tmp/audit-work/fresh/candidate/spec.k:21:9-22:78
kore-exec: [3474893] Warning (WarnTrivialClaim):
    Claim proven without rewriting at: /tmp/audit-work/fresh/candidate/spec.k:24:9-24:66
kore-exec: [3475423] Warning (WarnTrivialClaim):
    Claim proven without rewriting at: /tmp/audit-work/fresh/candidate/spec.k:28:9-28:60
kore-exec: [3476208] Warning (WarnTrivialClaim):
    Claim proven without rewriting at: /tmp/audit-work/fresh/candidate/spec.k:30:9-31:71
kore-exec: [3476987] Warning (WarnTrivialClaim):
    Claim proven without rewriting at: /tmp/audit-work/fresh/candidate/spec.k:33:9-34:76
kore-exec: [3478036] Warning (WarnTrivialClaim):
    Claim proven without rewriting at: /tmp/audit-work/fresh/candidate/spec.k:36:9-41:44
#Top
--- OUTPUT END ---
