Script started on 2026-07-28 17:35:41-05:00 [<not executed on terminal>]
{
  "designated_sorry_count": 0,
  "diagnostics": [
    {
      "command": [
        "lake",
        "clean"
      ],
      "exit_code": 0,
      "output_sha256": "e3b0c44298fc1c149afbf4c8996fb92427ae41e4649b934ca495991b7852b855",
      "output_tail": ""
    },
    {
      "command": [
        "lake",
        "build"
      ],
      "exit_code": 0,
      "output_sha256": "952b35e624e77db8a24a1c7a83faada258d7974895ce642accadcbbf32200d72",
      "output_tail": "\u2714 [2/9] Built Klean44ChangeBase.Prelude\n\u2714 [3/9] Built Klean44ChangeBase.Sorts\n\u2714 [4/9] Built Klean44ChangeBase.Inj\n\u2714 [5/9] Built Klean44ChangeBase.Func\n\u26a0 [6/9] Built Klean44ChangeBase.Lemmas\nwarning: Klean44ChangeBase/Lemmas.lean:18:36: unused variable `h`\n\nNote: This linter can be disabled with `set_option linter.unusedVariables false`\nwarning: Klean44ChangeBase/Lemmas.lean:19:54: unused variable `h`\n\nNote: This linter can be disabled with `set_option linter.unusedVariables false`\nwarning: Klean44ChangeBase/Lemmas.lean:20:54: unused variable `h`\n\nNote: This linter can be disabled with `set_option linter.unusedVariables false`\n\u2714 [7/9] Built Klean44ChangeBase.Rewrite\n\u2714 [8/9] Built Klean44ChangeBase\nBuild completed successfully.\n"
    }
  ],
  "frozen_input_sha256": "e9a23df24f6e150a621b95cc3896d3334a6721006aa3daa238f6b33f4eca43c6",
  "generated_tree_sha256": "abc17ba024518dea8fc6aa8e9394a007440a5d2481d7ff0cb5a91c70af6b2d7f",
  "obligation_count": 3,
  "schema_version": 3,
  "stage1_workspace_sha256": "e9a23df24f6e150a621b95cc3896d3334a6721006aa3daa238f6b33f4eca43c6",
  "stage3_discovery_manifest_sha256": "c15a16b5f8644134ffb1b27b9db35def15bf64c5316594202e8b4e61134ba10c",
  "status": "PASS",
  "target": {
    "declaration": "Klean44ChangeBase.Lemmas.targetStatement",
    "definition_sha256": "b43e9673d8693e5757a3d1fed845040b09093eff429efa616a1390a877ed13d5",
    "file": "Klean44ChangeBase/Lemmas.lean",
    "parameters": [
      {
        "binding_sha256": "60d9ad2d5b945bce3a66351aa7c691ce2e99440405dabc2fbc2f39f92d36c38d",
        "kore_symbol": "Lbl'Unds'Map'Unds'",
        "name": "_Map_",
        "source_rule_ids": [
          "rule-746c49465cb8335d005b3a331b93eb26bdf586974933b9d025250760d4d0c29d",
          "rule-82f2c726c84180f9e0c75a16a31dd3a15476f84ccb4dacad03db18bcaca52fda"
        ],
        "type": "SortMap \u2192 SortMap \u2192 SortMap"
      },
      {
        "binding_sha256": "d5449e9ff641711ba4f4f6e14ef83c98f447c90e164aafdbca3a89ab78688e7c",
        "kore_symbol": "Lbl'Unds'in'Unds'keys'LParUndsRParUnds'MAP'Unds'Bool'Unds'KItem'Unds'Map",
        "name": "\u00ab_in_keys(_)_MAP_Bool_KItem_Map\u00bb",
        "source_rule_ids": [
          "rule-437465420fc6223721ad7c1f90c24fba6434c7a8d0b69e9c65c7139faac9cb24",
          "rule-746c49465cb8335d005b3a331b93eb26bdf586974933b9d025250760d4d0c29d",
          "rule-82f2c726c84180f9e0c75a16a31dd3a15476f84ccb4dacad03db18bcaca52fda"
        ],
        "type": "SortKItem \u2192 SortMap \u2192 SortBool"
      },
      {
        "binding_sha256": "b84219355ceaf7bb499b3f80c16bc22f1eb089e517dc5fc154404e073311eefc",
        "kore_symbol": "Lbl'UndsLSqBUnds-LT-'-undef'RSqB'",
        "name": "\u00ab_[_<-undef]\u00bb",
        "source_rule_ids": [
          "rule-82f2c726c84180f9e0c75a16a31dd3a15476f84ccb4dacad03db18bcaca52fda"
        ],
        "type": "SortMap \u2192 SortKItem \u2192 SortMap"
      },
      {
        "binding_sha256": "14e1c7c9f13e9b7b43ea6018b3bdb3787644fc0fe305793641615df6bbdd3ab9",
        "kore_symbol": "Lbl'UndsPipe'-'-GT-Unds'",
        "name": "\u00ab_|->_\u00bb",
        "source_rule_ids": [
          "rule-746c49465cb8335d005b3a331b93eb26bdf586974933b9d025250760d4d0c29d",
          "rule-82f2c726c84180f9e0c75a16a31dd3a15476f84ccb4dacad03db18bcaca52fda"
        ],
        "type": "SortKItem \u2192 SortKItem \u2192 SortMap"
      },
      {
        "binding_sha256": "d2a506b8a0fd04ae3643304e35400c54748206e435c2b81f74ee9e9a07aebaf2",
        "kore_symbol": "LblMap'Coln'update",
        "name": "\u00abMap:update\u00bb",
        "source_rule_ids": [
          "rule-746c49465cb8335d005b3a331b93eb26bdf586974933b9d025250760d4d0c29d"
        ],
        "type": "SortMap \u2192 SortKItem \u2192 SortKItem \u2192 SortMap"
      },
      {
        "binding_sha256": "84e95d0ff504d11696d9169678d1495b88a34691a48549aead3c2f3ef668b1a0",
        "kore_symbol": "LblfreshScopes'LParUndsCommUndsRParUnds'VERIFICATION'Unds'Bool'Unds'Int'Unds'Map",
        "name": "\u00abfreshScopes(_,_)_VERIFICATION_Bool_Int_Map\u00bb",
        "source_rule_ids": [
          "rule-437465420fc6223721ad7c1f90c24fba6434c7a8d0b69e9c65c7139faac9cb24"
        ],
        "type": "SortInt \u2192 SortMap \u2192 SortBool"
      },
      {
        "binding_sha256": "5670a7ef125aec2caea2df0f17d95223c4e7003113210e608eeb0cf9d429e8cc",
        "kore_symbol": "LblnotBool'Unds'",
        "name": "notBool_",
        "source_rule_ids": [
          "rule-746c49465cb8335d005b3a331b93eb26bdf586974933b9d025250760d4d0c29d",
          "rule-82f2c726c84180f9e0c75a16a31dd3a15476f84ccb4dacad03db18bcaca52fda"
        ],
        "type": "SortBool \u2192 SortBool"
      }
    ],
    "statement": "Klean44ChangeBase.Lemmas.targetStatement _Map_ \u00ab_in_keys(_)_MAP_Bool_KItem_Map\u00bb \u00ab_[_<-undef]\u00bb \u00ab_|->_\u00bb \u00abMap:update\u00bb \u00abfreshScopes(_,_)_VERIFICATION_Bool_Int_Map\u00bb notBool_",
    "statement_sha256": "2a804177099020b3bed3c9f65c86b600719e83289e894e73dd3791741e22e009"
  },
  "trust_declaration_count": 50
}

Script done on 2026-07-28 17:36:08-05:00 [COMMAND_EXIT_CODE="0"]
