COMMAND: command -v kompile
/usr/bin/kompile
EXIT_STATUS: 0
COMMAND: command -v kprove
/usr/bin/kprove
EXIT_STATUS: 0
COMMAND: command -v krun
/usr/bin/krun
EXIT_STATUS: 0
COMMAND: command -v kast
/usr/bin/kast
EXIT_STATUS: 0
COMMAND: command -v python3
/opt/runtimeverification-k/pyk/.venv/bin/python3
EXIT_STATUS: 0
COMMAND: kompile --version
K version:    v7.1.337
Build date:   Thu Jun 18 07:59:56 CDT 2026
EXIT_STATUS: 0
COMMAND: kprove --version
K version:    v7.1.337
Build date:   Thu Jun 18 07:59:56 CDT 2026
EXIT_STATUS: 0
