COMMAND: bash -lc export\ PATH=\"\$HOME/.nix-profile/bin:\$PATH\"\;\ kprove\ /audit-output/evidence/outside-domain-overlap.k\ -I\ /tmp/audit-work/candidate-src\ --definition\ /tmp/audit-work/build/verification-kompiled\ --spec-module\ OUTSIDE-DOMAIN-OVERLAP\ --claims\ OUTSIDE-DOMAIN-OVERLAP.to-e
kore-exec: [266039] Warning (WarnStuckClaimState):
    The configuration's term doesn't unify with the destination's term and the configuration cannot be rewritten further. Location: /audit-output/evidence/outside-domain-overlap.k:12:5-12:46
Context:
    (InfoReachability) while checking the implication
<mpy>
  <k>
    str ( "A" ) ~> .K
  </k>
  <input>
    _Gen4
  </input>
  <env>
    _Gen5
  </env>
  <result>
    _Gen6
  </result>
</mpy>
[Error] Prover: backend terminated because the configuration cannot be
rewritten further. See output for more details.
EXIT STATUS: 1
