COMMAND: bash -lc export\ PATH=\"\$HOME/.nix-profile/bin:\$PATH\"\;\ kprove\ /audit-output/evidence/spec-vacuity.k\ -I\ /tmp/audit-work/candidate-src\ --definition\ /tmp/audit-work/build/verification-kompiled\ --spec-module\ SPEC-VACUITY
kore-exec: [380991] Warning (WarnStuckClaimState):
    The configuration's term doesn't unify with the destination's term and the configuration cannot be rewritten further. Location: /audit-output/evidence/spec-vacuity.k:10:5-19:59
Context:
    (InfoReachability) while checking the implication
<mpy>
  <k>
    .K
  </k>
  <input>
    num ( 4 , 1 ) :: .Vals
  </input>
  <env>
    "grade" |-> num ( 4 , 1 )
    "grades" |-> list ( num ( 4 , 1 ) :: .Vals )
    "result" |-> list ( str ( "A+" ) :: .Vals )
  </env>
  <result>
    list ( str ( "A+" ) :: .Vals )
  </result>
</mpy>
[Error] Prover: backend terminated because the configuration cannot be
rewritten further. See output for more details.
EXIT STATUS: 1
