COMMAND: bash -lc printf\ \"expectedGrades\ uses\\n\"\;\ rg\ -n\ \"expectedGrades\"\ /tmp/audit-work/candidate-src/\{semantic.k\,verification.k\,spec.k\}\;\ printf\ \"expectedGrade\ uses\\n\"\;\ rg\ -n\ \"expectedGrade\"\ /tmp/audit-work/candidate-src/\{semantic.k\,verification.k\,spec.k\}\;\ printf\ \"extension\ attributes\\n\"\;\ rg\ -n\ \"\\\[\(function\|total\|functional\|simplification\|priority\|concrete\|opaque\)\"\ /tmp/audit-work/candidate-src/\{semantic.k\,verification.k\,spec.k\}\ \|\|\ true\;\ printf\ \"claim\ declarations\\n\"\;\ rg\ -n\ \"\^\[\[:space:\]\]\*claim\"\ /tmp/audit-work/candidate-src/spec.k
expectedGrades uses
/tmp/audit-work/candidate-src/verification.k:37:  syntax Vals ::= expectedGrades(Vals) [function, total]
/tmp/audit-work/candidate-src/verification.k:38:  rule expectedGrades(.Vals) => .Vals
/tmp/audit-work/candidate-src/verification.k:39:  rule expectedGrades(num(P, Q) :: REST)
/tmp/audit-work/candidate-src/verification.k:40:    => expectedGrade(P, Q) :: expectedGrades(REST)
expectedGrade uses
/tmp/audit-work/candidate-src/spec.k:27:        "result" |-> list(expectedGrade(P, Q) :: .Vals)
/tmp/audit-work/candidate-src/spec.k:29:    <result> noResult => list(expectedGrade(P, Q) :: .Vals) </result>
/tmp/audit-work/candidate-src/spec.k:45:      ("result" |-> list(append(OUT, expectedGrade(P, Q))))
/tmp/audit-work/candidate-src/spec.k:64:      ("result" |-> list(append(OUT, expectedGrade(P, Q))))
/tmp/audit-work/candidate-src/verification.k:9:  syntax Value ::= expectedGrade(Int, Int) [function, total]
/tmp/audit-work/candidate-src/verification.k:10:  rule expectedGrade(P, Q) => str("A+")
/tmp/audit-work/candidate-src/verification.k:12:  rule expectedGrade(P, Q) => str("A")
/tmp/audit-work/candidate-src/verification.k:14:  rule expectedGrade(P, Q) => str("A-")
/tmp/audit-work/candidate-src/verification.k:16:  rule expectedGrade(P, Q) => str("B+")
/tmp/audit-work/candidate-src/verification.k:18:  rule expectedGrade(P, Q) => str("B")
/tmp/audit-work/candidate-src/verification.k:20:  rule expectedGrade(P, Q) => str("B-")
/tmp/audit-work/candidate-src/verification.k:22:  rule expectedGrade(P, Q) => str("C+")
/tmp/audit-work/candidate-src/verification.k:24:  rule expectedGrade(P, Q) => str("C")
/tmp/audit-work/candidate-src/verification.k:26:  rule expectedGrade(P, Q) => str("C-")
/tmp/audit-work/candidate-src/verification.k:28:  rule expectedGrade(P, Q) => str("D+")
/tmp/audit-work/candidate-src/verification.k:30:  rule expectedGrade(P, Q) => str("D")
/tmp/audit-work/candidate-src/verification.k:32:  rule expectedGrade(P, Q) => str("D-")
/tmp/audit-work/candidate-src/verification.k:34:  rule expectedGrade(P, _Q) => str("E")
/tmp/audit-work/candidate-src/verification.k:37:  syntax Vals ::= expectedGrades(Vals) [function, total]
/tmp/audit-work/candidate-src/verification.k:38:  rule expectedGrades(.Vals) => .Vals
/tmp/audit-work/candidate-src/verification.k:39:  rule expectedGrades(num(P, Q) :: REST)
/tmp/audit-work/candidate-src/verification.k:40:    => expectedGrade(P, Q) :: expectedGrades(REST)
extension attributes
/tmp/audit-work/candidate-src/verification.k:9:  syntax Value ::= expectedGrade(Int, Int) [function, total]
/tmp/audit-work/candidate-src/verification.k:37:  syntax Vals ::= expectedGrades(Vals) [function, total]
/tmp/audit-work/candidate-src/verification.k:44:  syntax Stmts ::= "gradingBody" [function, total]
/tmp/audit-work/candidate-src/verification.k:74:  syntax Module ::= "solutionProgram" [function, total]
/tmp/audit-work/candidate-src/semantic.k:73:  syntax Vals ::= append(Vals, Value) [function, total]
claim declarations
7:  claim [empty-input]:
19:  claim [all-single-grades]:
35:  claim [loop-step-new-variable]:
52:  claim [loop-step-existing-variable]:
68:  claim [loop-empty]:
73:  claim [prompt-example]:
EXIT STATUS: 0
