COMMAND: verify seven required stage headings
EXIT_STATUS: 0
COMMAND: verify exact terminal verdict pair
VERDICT: CONCERNS
LEGITIMACY: LEGIT
EXIT_STATUS: 0
COMMAND: shell syntax-check reviewer scripts
EXIT_STATUS: 0
COMMAND: ensure evidence top-level entries are not symlinks
SYMLINK_COUNT: 0
EXIT_STATUS: 0
COMMAND: list final review/evidence sizes
  420  3916 29042 /audit-output/REVIEW.md
00_provenance.log|104284
00_provenance.sh|2332
01_differential_test.py|2494
01_fidelity_and_differential.log|24064
01_fidelity_and_differential.sh|951
02_claim_reconstruction.log|396
02_claim_reconstruction.sh|1738
02_clean_rebuild.log|5281
02_clean_rebuild.sh|4625
02_concrete_compare.log|4164
02_concrete_compare.py|2924
02_kompile_semantic.log|15
02_kompile_verification.log|15
02_kprove_all.log|20
02_kprove_loop_invariant.log|20
02_kprove_main_correct.log|0
02_kprove_main_with_proved_loop.log|20
02_kprove_main_without_helper.log|80
02_krun_input_0.log|419
02_krun_input_1.log|437
02_krun_input_10.log|822
02_krun_input_2.log|475
02_krun_input_5.log|596
02_krun_input_8.log|726
03_expected-ground-0.log|153
03_expected-ground-0_first_attempt.log|118
03_expected-ground-5.log|240
03_expected-ground-5_first_attempt.log|118
03_ground_witnesses.log|1218
03_ground_witnesses.sh|2022
03_ground_witnesses_first_attempt.log|933
03_kompile_ground_harness.log|15
03_kompile_loop_witness.log|15
03_loop-completion-ground.log|240
03_loop-completion-ground_first_attempt.log|118
03_loop_state_witness.log|621
03_loop_state_witness.sh|1207
03_loop_state_witness_krun.log|468
04_static_inventory.log|16833
04_static_inventory.sh|1313
05_nonvacuity.log|3866
05_nonvacuity.sh|2386
05_vacuity_dry_run.log|327
05_vacuity_kprove.log|1103
06_body_sensitivity.log|3315
06_body_sensitivity.sh|2775
06_kompile_body_mutation.log|15
06_kprove_body_mutation.log|1164
99_final_checks.log|392
99_final_checks.sh|1413
spec-body-mutation.k|1200
spec-vacuity.k|1348
verification-body-mutation.k|2490
SCRIPT_EXIT_STATUS: 0
