+ sed -n 212,340p /opt/runtimeverification-k/k-distribution/include/kframework/builtin/domains.md
module MAP
  imports private BOOL-SYNTAX
  imports private INT-SYNTAX
  imports private LIST
  imports private SET

  syntax Map [hook(MAP.Map)]
```

### Map concatenation

The `Map` sort represents a generalized associative array. Each key can be
paired with an arbitrary value, and can be used to reference its associated
value. Multiple bindings for the same key are not allowed.

You can construct a new Map consisting of key/value pairs of two Maps. The
result is `#False` if the maps have keys in common (in particular, this will
yield an exception during concrete execution). This operation is O(N*log(M))
where N is the size of the smaller map, when it appears on the right hand side.
When it appears on the left hand side and all variables are bound, it is
O(N*log(M)) where M is the size of the map it is matching and N is the number
of elements being matched. When it appears on the left hand side containing
variables not bound elsewhere in the term, it is O(N^K) where N is the size of
the map it is matching and K is the number of unbound keys being matched. In
other words, one unbound variable is linear, two is quadratic, three is cubic,
etc.

```k
  syntax Map ::= Map Map                        [left, function, hook(MAP.concat), symbol(_Map_), assoc, comm, unit(.Map), element(_|->_), index(0), format(%1%n%2)]
```

### Map unit

The map with zero elements is represented by `.Map`.

```k
  syntax Map ::= ".Map"                         [function, total, hook(MAP.unit), symbol(.Map)]
```

### Map elements

An element of a `Map` is constructed via the `|->` operator. The key is on the
left and the value is on the right.

```k
  syntax Map ::= KItem "|->" KItem                      [function, total, hook(MAP.element), symbol(_|->_), injective]

  syntax priority _|->_ > _Map_ .Map
  syntax non-assoc _|->_
```

### Map lookup

You can look up the value associated with the key of a map in O(log(N)) time.
Note that the base of the logarithm is a relatively high number and thus the
time is effectively constant. The value is `#False` if the key is not in the
map (in particular, this will yield an exception during concrete execution).

```k
  syntax KItem ::= Map "[" KItem "]"                    [function, hook(MAP.lookup), symbol(Map:lookup)]
```

### Map lookup with default

You can also look up the value associated with the key of a map using a
total function that assigns a specific default value if the key is not present
in the map. This operation is also O(log(N)), or effectively constant.

```k
  syntax KItem ::= Map "[" KItem "]" "orDefault" KItem      [function, total, hook(MAP.lookupOrDefault), symbol(Map:lookupOrDefault)]
```

### Map update

You can insert a key/value pair into a map in O(log(N)) time, or effectively
constant.

```k
  syntax Map ::= Map "[" key: KItem "<-" value: KItem "]"           [function, total, symbol(Map:update), hook(MAP.update), prefer]
```

### Map delete

You can remove a key/value pair from a map via its key in O(log(N)) time, or
effectively constant.

```k
  syntax Map ::= Map "[" KItem "<-" "undef" "]"     [function, total, hook(MAP.remove), symbol(_[_<-undef])]
```

### Map difference

You can remove the key/value pairs in a map that are present in another map in
O(N*log(M)) time (where M is the size of the first map and N is the size of the
second), or effectively linear. Note that only keys whose value is the same
in both maps are removed. To remove all the keys in one map from another map,
you can say `removeAll(M1, keys(M2))`.

```k
  syntax Map ::= Map "-Map" Map                 [function, total, hook(MAP.difference)]
```

### Multiple map update

You can update a map by adding all the key/value pairs in the second map in
O(N*log(M)) time (where M is the size of the first map and N is the size of the
second map), or effectively linear. If any keys are present in both maps, the
value from the second map overwrites the value in the first. This function is
total, which is distinct from map concatenation, a partial function only
defined on maps with disjoint keys.

```k
  syntax Map ::= updateMap(Map, Map)            [function, total, hook(MAP.updateAll)]
```

### Multiple map removal

You can remove a `Set` of keys from a map in O(N*log(M)) time (where M is the
size of the `Map` and `N` is the size of the `Set`), or effectively linear.

```k
  syntax Map ::= removeAll(Map, Set)            [function, total, hook(MAP.removeAll)]
```

### Map keys (as `Set`)

You can get a `Set` of all the keys in a Map in O(N) time.

```k
+ sed -n 1710,1785p /opt/runtimeverification-k/k-distribution/include/kframework/builtin/domains.md

module STRING-COMMON
  imports STRING-SYNTAX
  imports private INT
  imports private FLOAT-SYNTAX
  imports private K-EQUAL
  imports private BOOL
```

### String concatenation

You can concatenate two strings in O(N) time. For successive concatenation
operations, it may be better to use the `STRING-BUFFER` module.

```k
  syntax String ::= String "+String" String    [function, total, left, hook(STRING.concat)]
```

### String length

You can get the length of a string in O(1) time.

```k
  syntax Int ::= lengthString ( String ) [function, total, hook(STRING.length)]
```

### Character and integer conversion

You can convert between a character (as represented by a string containing
a single code point) and an integer in O(1) time.

```k
  syntax String ::= chrChar ( Int )      [function, hook(STRING.chr)]
  syntax Int ::= ordChar ( String )      [function, hook(STRING.ord)]
```

### String substring

You can compute a substring of a string in O(N) time (where N is the
length of the substring). There are two important facts to note:

1.  the range generated includes the character at `startIndex` but excludes the
    character at `endIndex`, i.e., the range is `[startIndex..endIndex)`.
2.  this function is only defined on valid indices (i.e., it is defined when
    `startIndex < endIndex` and `endIndex` is less than or equal to the string
    length).

```k
  syntax String ::= substrString ( String , startIndex: Int , endIndex: Int ) [function, total, hook(STRING.substr)]
```

### String search

You can find the first (respectively, last) occurrence of a substring, starting
at a certain `index`, in another string in O(N*M) time.
Returns `-1` if the substring is not found.

```k
  syntax Int ::= findString ( haystack: String , needle: String , index: Int )   [function, hook(STRING.find)]
  syntax Int ::= rfindString ( haystack: String , needle: String , index: Int )  [function, hook(STRING.rfind)]
```

### String character search

You can find the first (respectively, last) occurrence of one of the characters
of the search string, starting at a certain `index`, in another string in
O(N*M) time.

```k
  syntax Int ::= findChar ( haystack: String , needles: String , index: Int )     [function, hook(STRING.findChar)]
  syntax Int ::= rfindChar ( haystack: String , needles: String , index: Int )    [function, hook(STRING.rfindChar)]
```

### String and Bool conversion

```k
+ sed -n 75,110p /opt/runtimeverification-k/k-distribution/k-tutorial/1_basic/10_strings/README.md
Note that this operator is `O(N)`, so repeated concatenations are inefficient.
For information about efficient string concatenation, refer to
[Lesson 2.14](../../2_intermediate/14_string_buffers_and_bytes/README.md).

### String length

The function to return the length of a string is `lengthString`. For example,
`lengthString("foo")` will return 3, and `lengthString("")` will return 0.
The return value is the length of the string in **code points**.

### Substring computation

The function to compute the substring of a string is `substrString`. It
takes two string indices, starting from 0, and returns the substring within the
range [start..end). It is only defined if `end >= start`, `start >= 0`, and
`end <= length of string`. Here, for example, we return the first 5 characters
of a string:

```
substrString(S, 0, 5)
```

Here we return all but the first 3 characters:

```
substrString(S, 3, lengthString(S))
```

## Exercises

1. Write a function that takes a paragraph of text (i.e., a sequence of
sentences, each ending in a period), and constructs a new (nonsense) sentence
composed of the first word of each sentence, followed by a period. Do not
worry about capitalization or periods within the sentence which do not end the
sentence (e.g. "Dr."). You can assume that all whitespace within the paragraph
are spaces. For more information about the functions over strings required to
+ sed -n 85,115p /opt/runtimeverification-k/k-distribution/k-tutorial/1_basic/16_collections/README.md
```

There are several new features in this definition. First, note we import
the module `ID-SYNTAX`. This module is defined in `domains.md` and provides a
basic syntax for identifiers. We are using the `Id` sort provided by this
module in this definition to implement the names of program variables. This
syntax is only imported when parsing programs, not when parsing rules. Later in
this lesson we will see how to reference specific concrete identifiers in a
rule.

Second, we introduce a single new function over the `Map` sort. This function,
which is represented by the symbol
`syntax Map ::= Map "[" KItem "<-" KItem "]"`, represents the map update
operation. Other functions over the `Map` sort can be found in `domains.md`.

Finally, we have used the `...` syntax on a cell containing a Map. In this
case, the meaning of `<state>... Pattern ...</state>`,
`<state>... Pattern </state>`, and `<state> Pattern ...</state>` are the same:
it is equivalent to writing `<state> (Pattern) _:Map </state>`.

Consider the following program (`a.decl`):

```
int x = 0;
int y = 1;
int a = x;
```

If we run this program with `krun`, we will get the following result:

```
