WORKDIR: /tmp/audit-work/src
COMMAND: kprove spec-vacuity-audit.k --definition audit-verification-kompiled --spec-module SPEC-VACUITY-AUDIT
--- OUTPUT ---
kore-exec: [2475010] Error (DecidePredicateUnknown):
    Failed to decide predicate.
Context:
    (DebugEvaluateCondition) while evaluating predicate
        (DecidePredicateUnknown) while applying equation
                                 in Kore.Rewrite.RewriteStep:311:47
Failed to decide predicate.
Created bug report: kore-exec.tar.gz
  <py>
    <k>
      eval ( R ) ~> cmpApply ( OP , pyStr ( .PString ) ) ~> _DotVar2 ~> .K
    </k>
    <input>
      _INPUT
    </input>
    <env>
      _ENV
    </env>
    <funs>
      fun ( "_drop_spaces" , Params ( "text" , .Ids ) , If ( Compare ( Name ( "text" ) , CmpOp ( "==" , Str ( "" ) ) , .CmpOps ) , Return ( Str ( "" ) )  .Stmts , .Stmts )  If ( Compare ( Subscript ( Name ( "text" ) , Int ( 0 ) ) , CmpOp ( "==" , Str ( " " ) ) , .CmpOps ) , Return ( Call ( Name ( "_drop_spaces" ) , Subscript ( Name ( "text" ) , Slice ( Int ( 1 ) , NoBound , NoBound ) ) , .Exprs ) )  .Stmts , .Stmts )  Return ( Call ( Name ( "fix_spaces" ) , Name ( "text" ) , .Exprs ) )  .Stmts , fun ( "fix_spaces" , Params ( "text" , .Ids ) , If ( Compare ( Name ( "text" ) , CmpOp ( "==" , Str ( "" ) ) , .CmpOps ) , Return ( Str ( "" ) )  .Stmts , .Stmts )  If ( Compare ( Subscript ( Name ( "text" ) , Int ( 0 ) ) , CmpOp ( "==" , Str ( " " ) ) , .CmpOps ) , If ( Compare ( Call ( Name ( "len" ) , Name ( "text" ) , .Exprs ) , CmpOp ( ">" , Int ( 2 ) ) , .CmpOps ) , If ( Compare ( Subscript ( Name ( "text" ) , Slice ( Int ( 0 ) , Int ( 3 ) , NoBound ) ) , CmpOp ( "==" , Str ( "   " ) ) , .CmpOps ) , Return ( BinOp ( "+" , Str ( "-" ) , Call ( Name ( "_drop_spaces" ) , Subscript ( Name ( "text" ) , Slice ( Int ( 3 ) , NoBound , NoBound ) ) , .Exprs ) ) )  .Stmts , .Stmts )  .Stmts , .Stmts )  Return ( BinOp ( "+" , Str ( "_" ) , Call ( Name ( "fix_spaces" ) , Subscript ( Name ( "text" ) , Slice ( Int ( 1 ) , NoBound , NoBound ) ) , .Exprs ) ) )  .Stmts , .Stmts )  Return ( BinOp ( "+" , Subscript ( Name ( "text" ) , Int ( 0 ) ) , Call ( Name ( "fix_spaces" ) , Subscript ( Name ( "text" ) , Slice ( Int ( 1 ) , NoBound , NoBound ) ) , .Exprs ) ) )  .Stmts , .Funs ) )
    </funs>
    <result>
      _RESULT
    </result>
  </py>
#And
  {
    K
  #Equals
    cmpRight ( OP , R ) ~> _DotVar2 ~> .K
  }
#And
  {
    S
  #Equals
    .PString
  }
[Error] Prover: backend terminated because the configuration cannot be
rewritten further. See output for more details.
--- END OUTPUT ---
EXIT_STATUS: 1
