COMMAND: kompile --version
K version:    v7.1.293
Build date:   Fri Oct 03 13:32:35 CDT 2025
KOMPILE_VERSION_EXIT_STATUS: 0
COMMAND: kprove --version
K version:    v7.1.293
Build date:   Fri Oct 03 13:32:35 CDT 2025
KPROVE_VERSION_EXIT_STATUS: 0
COMMAND: cmp -s /candidate/prompt.py /reference/prompt.py
PROMPT_CMP_EXIT_STATUS: 0
COMMAND: cmp -s /candidate/py2mpy.py /reference/py2mpy.py
TRANSLATOR_CMP_EXIT_STATUS: 0
COMMAND: test ! -e /reference/reference-semantics
GENERATED_MODE_ABSENCE_EXIT_STATUS: 0
COMMAND: find /candidate -type l -print
FIND_EXIT_STATUS: 0
NO_SYMLINKS_TEST_EXIT_STATUS: 0
746b974c17bfa8fea903c131acce2f7af0d087460803f42cb265a26d69e5089a  /candidate/prompt.py
746b974c17bfa8fea903c131acce2f7af0d087460803f42cb265a26d69e5089a  /reference/prompt.py
406485eac118431c08ef59f30f79dfa6aa9d5825408917fc5ce7c806e664db16  /candidate/py2mpy.py
406485eac118431c08ef59f30f79dfa6aa9d5825408917fc5ce7c806e664db16  /reference/py2mpy.py
