$ mechanical constructor-level pinning
regenerated_term Module(FuncDef("max_element",Params("l"),Return(Call(Name("max"),Name("l")))))
exact_program_term_occurrences_in_spec 4
expected_equals_regenerated True
exact_expected_occurrences_in_spec 4
exact_body_occurrences_in_spec 8
$ fixed configuration
    44	  // ==== configuration =======================================================
    45	  // The builtins namespace is a real scope at reserved location -1 (the bottom of every
    46	  // chain; scopeLoc only allocates >=1, so -1 never collides). The module scope (loc 0)
    47	  // has it as parent, so an unbound name resolves there last — exactly LEGB. `int`/`str`
    48	  // resolve to their type objects; any local/global binding shadows them via normal lookup.
    49	  configuration
    50	    <k>       #loadAll($PGM:Module) </k>
    51	    <env>     0 </env>
    52	    <scopes>   0     |-> scope(.Map, parent(-1))
    53	              -1    |-> builtinsScope </scopes>
    54	    <scopeLoc> 1 </scopeLoc>
    55	    <heap>    .Map </heap>
    56	    <heapLoc> 0 </heapLoc>
    57	    <stack>   .List </stack>
    58	    <ret>     noRet </ret>
    59	    <exc>     NoExc </exc>
    60	    <exit-code exit=""> 0 </exit-code>
    61	
    62	  // ==== heap allocation (constructed lists become objects) ==================
    63	  // Cons-form emission with a freshness guard (the heap-list-probe discipline:
    64	  // an update-form H[N <- _] never re-normalizes symbolically). heapLoc is
    65	  // monotonic — it does NOT wind back at #pop: returned lists escape by ref.
    66	  // A bare list(VS) Val stays legal (read-only inputs in claims flow unboxed);
    67	  // only CONSTRUCTORS in program syntax allocate.
    68	  syntax Bool ::= isRefV(Val) [function, total]
    69	  rule isRefV(ref(_:Int)) => true
    70	  rule isRefV(_:Val)      => false [owise]
    71	
    72	  // closure cells (Python-faithful capture): the heap holds cellV(V); a
$ actual-program construct/rule map
/reference/reference-semantics/semantics/call.k-17-
/reference/reference-semantics/semantics/call.k-18-  // evaluate callee, then args ([owise]: problem-local Call interceptions beat this)
/reference/reference-semantics/semantics/call.k-19-  syntax KItem ::= #callee(Exprs)
/reference/reference-semantics/semantics/call.k:20:  rule <k> Call(Fe:Expr, ARGS:Exprs) => Fe ~> #callee(ARGS) ... </k> [owise]
/reference/reference-semantics/semantics/call.k:21:  rule <k> CV:Val ~> #callee(ARGS:Exprs) => #evalArgs(ARGS, .Vals, toCall(CV)) ... </k>
/reference/reference-semantics/semantics/call.k-22-
/reference/reference-semantics/semantics/call.k-23-  // ==== dispatch on the callee value ========================================
/reference/reference-semantics/semantics/call.k:24:  rule <k> #applyK(toCall(boundMethodV(OBJ:Val, M:String)), ACC:Vals) => applyMethod(OBJ, M, ACC) ... </k>
/reference/reference-semantics/semantics/call.k-25-
/reference/reference-semantics/semantics/call.k:26:  rule <k> #applyK(toCall(builtinV("sum")), (OBJ:Iterable, .Vals)) => #sumAcc(OBJ, 0) ... </k>
/reference/reference-semantics/semantics/call.k:27:  rule <k> #applyK(toCall(builtinV("all")), (OBJ:Iterable, .Vals)) => #allAcc(OBJ)    ... </k>
/reference/reference-semantics/semantics/call.k:28:  rule <k> #applyK(toCall(builtinV("any")), (OBJ:Iterable, .Vals)) => #anyAcc(OBJ)    ... </k>
/reference/reference-semantics/semantics/call.k:29:  rule <k> #applyK(toCall(builtinV("max")), (OBJ:Iterable, .Vals)) => #maxAcc0(OBJ)   ... </k>
/reference/reference-semantics/semantics/call.k:30:  rule <k> #applyK(toCall(builtinV("min")), (OBJ:Iterable, .Vals)) => #minAcc0(OBJ)   ... </k>
/reference/reference-semantics/semantics/call.k:31:  rule <k> #applyK(toCall(builtinV(BN:String)), ACC:Vals) => applyBuiltin(BN, ACC) ... </k> [owise]
/reference/reference-semantics/semantics/call.k:32:  rule <k> #applyK(toCall(typeV(T:String)),     ACC:Vals) => applyBuiltin(T, ACC)  ... </k>
/reference/reference-semantics/semantics/call.k-33-
/reference/reference-semantics/semantics/call.k-34-  // ==== heap-object arguments/receivers =====================================
/reference/reference-semantics/semantics/call.k-35-  // Builtins and type calls READ structure — deref the first two arg positions
/reference/reference-semantics/semantics/call.k-36-  // (covers len/sum/all/any/max/min/sorted/list/set + zip's pair). Mutating list
/reference/reference-semantics/semantics/call.k-37-  // methods take the ref itself; every other method receiver is deref'd.
/reference/reference-semantics/semantics/call.k:38:  rule <k> #applyK(toCall(builtinV(BN:String)), (ref(H:Int), REST:Vals))
/reference/reference-semantics/semantics/call.k:39:        => #applyK(toCall(builtinV(BN)), (V, REST)) ... </k>
/reference/reference-semantics/semantics/call.k-40-       <heap> ... H |-> V:Val ... </heap>
/reference/reference-semantics/semantics/call.k-41-       [priority(40)]
/reference/reference-semantics/semantics/call.k:42:  rule <k> #applyK(toCall(builtinV(BN:String)), (A:Val, ref(H:Int), REST:Vals))
/reference/reference-semantics/semantics/call.k:43:        => #applyK(toCall(builtinV(BN)), (A, V, REST)) ... </k>
/reference/reference-semantics/semantics/call.k-44-       <heap> ... H |-> V:Val ... </heap>
/reference/reference-semantics/semantics/call.k-45-       requires notBool isRefV(A)
/reference/reference-semantics/semantics/call.k-46-       [priority(40)]
/reference/reference-semantics/semantics/call.k:47:  rule <k> #applyK(toCall(typeV(T:String)), (ref(H:Int), REST:Vals))
/reference/reference-semantics/semantics/call.k:48:        => #applyK(toCall(typeV(T)), (V, REST)) ... </k>
/reference/reference-semantics/semantics/call.k-49-       <heap> ... H |-> V:Val ... </heap>
/reference/reference-semantics/semantics/call.k-50-       [priority(40)]
/reference/reference-semantics/semantics/call.k-51-
--
/reference/reference-semantics/semantics/call.k-53-  rule isMutMethod(M:String)
/reference/reference-semantics/semantics/call.k-54-    => M ==String "append" orBool M ==String "sort" orBool M ==String "extend"
/reference/reference-semantics/semantics/call.k-55-       orBool M ==String "insert" orBool M ==String "pop" orBool M ==String "remove"
/reference/reference-semantics/semantics/call.k:56:  rule <k> #applyK(toCall(boundMethodV(ref(H:Int), M:String)), ACC:Vals)
/reference/reference-semantics/semantics/call.k:57:        => #applyK(toCall(boundMethodV(V, M)), ACC) ... </k>
/reference/reference-semantics/semantics/call.k-58-       <heap> ... H |-> V:Val ... </heap>
/reference/reference-semantics/semantics/call.k-59-       requires notBool isMutMethod(M)
/reference/reference-semantics/semantics/call.k-60-       [priority(40)]
/reference/reference-semantics/semantics/call.k-61-  // non-mutating methods READ their heap-object arguments too (join's list);
/reference/reference-semantics/semantics/call.k-62-  // mutators keep refs (append of a list into a list-of-lists stays aliased)
/reference/reference-semantics/semantics/call.k:63:  rule <k> #applyK(toCall(boundMethodV(OBJ:Val, M:String)), (ref(H:Int), REST:Vals))
/reference/reference-semantics/semantics/call.k:64:        => #applyK(toCall(boundMethodV(OBJ, M)), (V, REST)) ... </k>
/reference/reference-semantics/semantics/call.k-65-       <heap> ... H |-> V:Val ... </heap>
/reference/reference-semantics/semantics/call.k-66-       requires notBool isMutMethod(M) andBool notBool isRefV(OBJ)
/reference/reference-semantics/semantics/call.k-67-       [priority(40)]
/reference/reference-semantics/semantics/call.k-68-
/reference/reference-semantics/semantics/call.k:69:  rule <k> #applyK(toCall(closureVal(PNS:ParamNames, BODY:Stmts, DEFL:Int)), ACC:Vals) ~> CONT
/reference/reference-semantics/semantics/call.k:70:        => #bindP(PNS, ACC) ~> BODY ~> #endcall </k>
/reference/reference-semantics/semantics/call.k-71-       <env>     CALLERL:Int => NEWL </env>
/reference/reference-semantics/semantics/call.k-72-       <scopes>   STORE:Map => STORE [ NEWL <- scope(.Map, parent(DEFL)) ] </scopes>
/reference/reference-semantics/semantics/call.k-73-       <scopeLoc> NEWL:Int => NEWL +Int 1 </scopeLoc>
--
/reference/reference-semantics/semantics/call.k-76-  // annotated closure: the frame starts with the captured freevar cells, its
/reference/reference-semantics/semantics/call.k-77-  // parent is the module scope (all enclosing-local reads go through cells),
/reference/reference-semantics/semantics/call.k-78-  // and the cellvars' fresh cells allocate before params bind (a cellvar param
/reference/reference-semantics/semantics/call.k:79:  // then writes through its cell in #bindP).
/reference/reference-semantics/semantics/call.k:80:  rule <k> #applyK(toCall(closureValC(PNS:ParamNames, CVS:ParamNames, BODY:Stmts, CM:Map)), ACC:Vals) ~> CONT
/reference/reference-semantics/semantics/call.k:81:        => #allocCells(CVS) ~> #bindP(PNS, ACC) ~> BODY ~> #endcall </k>
/reference/reference-semantics/semantics/call.k-82-       <env>     CALLERL:Int => NEWL </env>
/reference/reference-semantics/semantics/call.k-83-       <scopes>   STORE:Map => STORE [ NEWL <- scope(CM [ "$cells" <- cellsMark(CVS) ], parent(0)) ] </scopes>
/reference/reference-semantics/semantics/call.k-84-       <scopeLoc> NEWL:Int => NEWL +Int 1 </scopeLoc>
--
/reference/reference-semantics/semantics/controls.k-6-  imports MPY-ITER
/reference/reference-semantics/semantics/controls.k-7-
/reference/reference-semantics/semantics/controls.k-8-  // ==== Assign / AugAssign (write the current scope; RHS evaluated by strictness) ==
/reference/reference-semantics/semantics/controls.k:9:  rule <k> Assign(Name(X:String), V:Val) => .K ... </k>
/reference/reference-semantics/semantics/controls.k-10-       <env> L:Int </env>
/reference/reference-semantics/semantics/controls.k-11-       <scopes> ... L |-> scope(M:Map => M [ X <- V ], _) ... </scopes>
/reference/reference-semantics/semantics/controls.k:12:  rule <k> Assign(Name(X:String), V:Val) => #cellW({M[X]}:>Val, V) ... </k>
/reference/reference-semantics/semantics/controls.k-13-       <env> L:Int </env>
/reference/reference-semantics/semantics/controls.k-14-       <scopes> ... L |-> scope(M:Map, _) ... </scopes>
/reference/reference-semantics/semantics/controls.k-15-       requires "$cells" in_keys(M)
--
/reference/reference-semantics/semantics/controls.k-17-        andBool X in_keys(M) andBool isCellRef({M[X]}:>Val)
/reference/reference-semantics/semantics/controls.k-18-       [priority(40)]
/reference/reference-semantics/semantics/controls.k-19-
/reference/reference-semantics/semantics/controls.k:20:  rule <k> AugAssign(Name(X:String), OP:String, V:Val) => .K ... </k>
/reference/reference-semantics/semantics/controls.k-21-       <env> L:Int </env>
/reference/reference-semantics/semantics/controls.k-22-       <scopes> ... L |-> scope(M:Map => M [ X <- applyBin(OP, {M[X]}:>Val, V) ], _) ... </scopes>
/reference/reference-semantics/semantics/controls.k-23-       requires X in_keys(M)
/reference/reference-semantics/semantics/controls.k-24-  // `lst += [..]` where lst is a heap ref: the generic rule leaves applyBin(OP, ref, V) — but the
/reference/reference-semantics/semantics/controls.k-25-  // ref-deref preemption is BinOp-level (operators.k), so applyBin never derefs and it sticks. Route
/reference/reference-semantics/semantics/controls.k-26-  // the ref case through BinOp so the deref + list-concat + #alloc path fires (result is a fresh ref).
/reference/reference-semantics/semantics/controls.k:27:  rule <k> AugAssign(Name(X:String), OP:String, V:Val) => Assign(Name(X), BinOp(OP, Name(X), V)) ... </k>
/reference/reference-semantics/semantics/controls.k-28-       <env> L:Int </env>
/reference/reference-semantics/semantics/controls.k-29-       <scopes> ... L |-> scope(M:Map, _) ... </scopes>
/reference/reference-semantics/semantics/controls.k-30-       requires X in_keys(M) andBool isRefV({M[X]}:>Val)
--
/reference/reference-semantics/semantics/core.k-47-  // has it as parent, so an unbound name resolves there last — exactly LEGB. `int`/`str`
/reference/reference-semantics/semantics/core.k-48-  // resolve to their type objects; any local/global binding shadows them via normal lookup.
/reference/reference-semantics/semantics/core.k-49-  configuration
/reference/reference-semantics/semantics/core.k:50:    <k>       #loadAll($PGM:Module) </k>
/reference/reference-semantics/semantics/core.k-51-    <env>     0 </env>
/reference/reference-semantics/semantics/core.k-52-    <scopes>   0     |-> scope(.Map, parent(-1))
/reference/reference-semantics/semantics/core.k-53-              -1    |-> builtinsScope </scopes>
--
/reference/reference-semantics/semantics/core.k-62-  // ==== heap allocation (constructed lists become objects) ==================
/reference/reference-semantics/semantics/core.k-63-  // Cons-form emission with a freshness guard (the heap-list-probe discipline:
/reference/reference-semantics/semantics/core.k-64-  // an update-form H[N <- _] never re-normalizes symbolically). heapLoc is
/reference/reference-semantics/semantics/core.k:65:  // monotonic — it does NOT wind back at #pop: returned lists escape by ref.
/reference/reference-semantics/semantics/core.k-66-  // A bare list(VS) Val stays legal (read-only inputs in claims flow unboxed);
/reference/reference-semantics/semantics/core.k-67-  // only CONSTRUCTORS in program syntax allocate.
/reference/reference-semantics/semantics/core.k-68-  syntax Bool ::= isRefV(Val) [function, total]
--
/reference/reference-semantics/semantics/core.k-81-  // DECIDABLY inapplicable in plain frames — an unguarded rule lets the
/reference/reference-semantics/semantics/core.k-82-  // prover narrow abstract k-top values into cellRef junk (probed on
/reference/reference-semantics/semantics/core.k-83-  // 26-remove-duplicates). Cross-frame reads (a comprehension closure
/reference/reference-semantics/semantics/core.k:84:  // reading the enclosing function's cellvar) deref inside #look instead.
/reference/reference-semantics/semantics/core.k-85-  rule <k> cellRef(H:Int) => V ... </k>
/reference/reference-semantics/semantics/core.k-86-       <env> L:Int </env>
/reference/reference-semantics/semantics/core.k-87-       <scopes> ... L |-> scope(M:Map, _) ... </scopes>
--
/reference/reference-semantics/semantics/core.k-89-       requires "$cells" in_keys(M)
/reference/reference-semantics/semantics/core.k-90-       [priority(40)]
/reference/reference-semantics/semantics/core.k-91-
/reference/reference-semantics/semantics/core.k:92:  // write through a cell (Assign / #bindP / #bindTgt dispatch here on
/reference/reference-semantics/semantics/core.k-93-  // cell-bound names)
/reference/reference-semantics/semantics/core.k-94-  // a keyword argument cools to a TAGGED value (consumed by kw-aware builtins)
/reference/reference-semantics/semantics/core.k-95-  syntax Val ::= kwV(String, Val)
--
/reference/reference-semantics/semantics/core.k-121-       requires notBool N in_keys(H)
/reference/reference-semantics/semantics/core.k-122-
/reference/reference-semantics/semantics/core.k-123-  // ==== module load + statement sequencing ==================================
/reference/reference-semantics/semantics/core.k:124:  syntax KItem ::= #loadAll(Module)
/reference/reference-semantics/semantics/core.k:125:  rule <k> #loadAll(Module(SS:Stmts)) => SS ... </k>
/reference/reference-semantics/semantics/core.k-126-  rule <k> (S:Stmt SS:Stmts):Stmts => S ~> SS ... </k>
/reference/reference-semantics/semantics/core.k-127-  rule <k> .Stmts => .K ... </k>
/reference/reference-semantics/semantics/core.k-128-
/reference/reference-semantics/semantics/core.k-129-  // ==== Name lookup (walk the scope chain; builtins live in the -1 scope) ====
/reference/reference-semantics/semantics/core.k:130:  syntax KItem ::= #look(String, Int)
/reference/reference-semantics/semantics/core.k:131:  rule <k> Name(X:String) => #look(X, L) ... </k> <env> L:Int </env>
/reference/reference-semantics/semantics/core.k:132:  rule <k> #look(X:String, L:Int) => {M[X]}:>Val ... </k>
/reference/reference-semantics/semantics/core.k-133-       <scopes> ... L |-> scope(M:Map, _:Parent) ... </scopes>
/reference/reference-semantics/semantics/core.k-134-       requires X in_keys(M)
/reference/reference-semantics/semantics/core.k-135-  // a SYNTACTICALLY cell-bound name reads through the heap cell AT THE
--
/reference/reference-semantics/semantics/core.k-142-  // non-cell names prune outright, so an abstract looked-up value never
/reference/reference-semantics/semantics/core.k-143-  // drags a narrowing cellV heap match along (probed on 5-intersperse and
/reference/reference-semantics/semantics/core.k-144-  // Q4's abstract `numbers` in the annotated frame)
/reference/reference-semantics/semantics/core.k:145:  rule <k> #look(X:String, L:Int) => V ... </k>
/reference/reference-semantics/semantics/core.k-146-       <scopes> ... L |-> scope(M:Map, _:Parent) ... </scopes>
/reference/reference-semantics/semantics/core.k-147-       <heap> ... H |-> cellV(V:Val) ... </heap>
/reference/reference-semantics/semantics/core.k-148-       requires X in_keys(M) andBool "$cells" in_keys(M)
/reference/reference-semantics/semantics/core.k-149-        andBool pnMember(X, cellsOf({M["$cells"]}:>Val))
/reference/reference-semantics/semantics/core.k-150-        andBool {M[X]}:>Val ==K cellRef(H)
/reference/reference-semantics/semantics/core.k-151-       [priority(40)]
/reference/reference-semantics/semantics/core.k:152:  rule <k> #look(X:String, L:Int) => #look(X, P) ... </k>
/reference/reference-semantics/semantics/core.k-153-       <scopes> ... L |-> scope(M:Map, parent(P:Int)) ... </scopes>
/reference/reference-semantics/semantics/core.k-154-       requires notBool (X in_keys(M))
/reference/reference-semantics/semantics/core.k-155-
--
/reference/reference-semantics/semantics/core.k-182-
/reference/reference-semantics/semantics/core.k-183-  // ==== argument/element evaluation: ONE left-to-right loop, tagged by destination ==
/reference/reference-semantics/semantics/core.k-184-  // (list/tuple literals and calls all use it; modules extend ApplyK with their tags)
/reference/reference-semantics/semantics/core.k:185:  syntax ApplyK ::= toCall(Val)
/reference/reference-semantics/semantics/core.k-186-  syntax KItem  ::= #evalArgs(Exprs, Vals, ApplyK)
/reference/reference-semantics/semantics/core.k-187-                  | #evalArgCont(Exprs, Vals, ApplyK)
/reference/reference-semantics/semantics/core.k-188-                  | #applyK(ApplyK, Vals)
--
/reference/reference-semantics/semantics/functions.k-6-  // call routing + callee/arg evaluation (#callee/#args/#argCont) live in call.k;
/reference/reference-semantics/semantics/functions.k-7-  // this module owns the frame lifecycle (bind params, return, pop).
/reference/reference-semantics/semantics/functions.k-8-  syntax KItem ::= frame(continuation: K, callerEnv: Int, savedLoc: Int)
/reference/reference-semantics/semantics/functions.k:9:                 | #bindP(ParamNames, Vals)
/reference/reference-semantics/semantics/functions.k:10:                 | "#pop"
/reference/reference-semantics/semantics/functions.k:11:                 | "#endcall"
/reference/reference-semantics/semantics/functions.k-12-
/reference/reference-semantics/semantics/functions.k-13-  // ==== def / anonymous closure =============================================
/reference/reference-semantics/semantics/functions.k:14:  rule <k> FuncDef(F:String, Params(PNS:ParamNames), BODY:Stmts) => .K ... </k>
/reference/reference-semantics/semantics/functions.k-15-       <env> L:Int </env>
/reference/reference-semantics/semantics/functions.k-16-       <scopes> ... L |-> scope(M:Map => M [ F <- closureVal(PNS, BODY, L) ], _) ... </scopes>
/reference/reference-semantics/semantics/functions.k-17-
--
/reference/reference-semantics/semantics/functions.k-30-  // (FuncDef) or yield (Lambda) the closure value.
/reference/reference-semantics/semantics/functions.k-31-  syntax KItem ::= #mkClosure(String, ParamNames, ParamNames, ParamNames, Stmts, Map)
/reference/reference-semantics/semantics/functions.k-32-                 | #mkLambda(ParamNames, ParamNames, ParamNames, Stmts, Map)
/reference/reference-semantics/semantics/functions.k:33:  rule <k> FuncDef(F:String, Params(PNS:ParamNames), CellVars(CVS:ParamNames),
/reference/reference-semantics/semantics/functions.k-34-                   FreeVars(FVS:ParamNames), BODY:Stmts)
/reference/reference-semantics/semantics/functions.k-35-        => #mkClosure(F, PNS, CVS, FVS, BODY, .Map) ... </k>
/reference/reference-semantics/semantics/functions.k-36-  rule <k> #mkClosure(F:String, PNS:ParamNames, CVS:ParamNames,
--
/reference/reference-semantics/semantics/functions.k-45-       <scopes> ... L |-> scope(M:Map => M [ F <- closureValC(PNS, CVS, BODY, CM) ], _) ... </scopes>
/reference/reference-semantics/semantics/functions.k-46-
/reference/reference-semantics/semantics/functions.k-47-  rule <k> Lambda(Params(PNS:ParamNames), E:Expr)
/reference/reference-semantics/semantics/functions.k:48:        => closureVal(PNS, Return(E) .Stmts, L) ... </k>
/reference/reference-semantics/semantics/functions.k-49-       <env> L:Int </env>
/reference/reference-semantics/semantics/functions.k-50-  rule <k> Lambda(Params(PNS:ParamNames), CellVars(CVS:ParamNames),
/reference/reference-semantics/semantics/functions.k-51-                  FreeVars(FVS:ParamNames), E:Expr)
/reference/reference-semantics/semantics/functions.k:52:        => #mkLambda(PNS, CVS, FVS, Return(E) .Stmts, .Map) ... </k>
/reference/reference-semantics/semantics/functions.k-53-  rule <k> #mkLambda(PNS:ParamNames, CVS:ParamNames,
/reference/reference-semantics/semantics/functions.k-54-                     (FV:String, FVR:ParamNames), BODY:Stmts, CM:Map)
/reference/reference-semantics/semantics/functions.k-55-        => #mkLambda(PNS, CVS, FVR, BODY, CM [ FV <- {M[FV]}:>Val ]) ... </k>
--
/reference/reference-semantics/semantics/functions.k-60-        => closureValC(PNS, CVS, BODY, CM) ... </k>
/reference/reference-semantics/semantics/functions.k-61-
/reference/reference-semantics/semantics/functions.k-62-  // ==== bind params ========================================================
/reference/reference-semantics/semantics/functions.k:63:  rule <k> #bindP(.ParamNames, .Vals) => .K ... </k>
/reference/reference-semantics/semantics/functions.k:64:  rule <k> #bindP((P:String, PS:ParamNames), (V:Val, VS:Vals)) => #bindP(PS, VS) ... </k>
/reference/reference-semantics/semantics/functions.k-65-       <env> L:Int </env>
/reference/reference-semantics/semantics/functions.k-66-       <scopes> ... L |-> scope(M:Map => M [ P <- V ], _) ... </scopes>
/reference/reference-semantics/semantics/functions.k-67-  // a param that is a cellvar was pre-bound to its cell at frame entry
/reference/reference-semantics/semantics/functions.k:68:  rule <k> #bindP((P:String, PS:ParamNames), (V:Val, VS:Vals))
/reference/reference-semantics/semantics/functions.k:69:        => #cellW({M[P]}:>Val, V) ~> #bindP(PS, VS) ... </k>
/reference/reference-semantics/semantics/functions.k-70-       <env> L:Int </env>
/reference/reference-semantics/semantics/functions.k-71-       <scopes> ... L |-> scope(M:Map, _) ... </scopes>
/reference/reference-semantics/semantics/functions.k-72-       requires "$cells" in_keys(M)
--
/reference/reference-semantics/semantics/functions.k-75-       [priority(40)]
/reference/reference-semantics/semantics/functions.k-76-
/reference/reference-semantics/semantics/functions.k-77-  // ==== return / pop the frame (the returned expr evaluates by strictness) ==
/reference/reference-semantics/semantics/functions.k:78:  rule <k> Return(V:Val) ~> _ => #pop </k>
/reference/reference-semantics/semantics/functions.k-79-       <ret> noRet => retV(V) </ret>
/reference/reference-semantics/semantics/functions.k:80:  rule <k> #endcall => #pop ... </k>
/reference/reference-semantics/semantics/functions.k-81-       <ret> noRet => retV(noneV) </ret>
/reference/reference-semantics/semantics/functions.k-82-  // pop: restore env, DEALLOCATE the callee frame, and wind scopeLoc back (LIFO allocation
/reference/reference-semantics/semantics/functions.k-83-  // makes the saved loc the callee frame's own loc). Sound because no closureVal outlives its
/reference/reference-semantics/semantics/functions.k-84-  // defining frame (frontend subset: no returned/stored closures; module defs live in loc 0).
/reference/reference-semantics/semantics/functions.k:85:  rule <k> #pop => V ~> CONT </k>
/reference/reference-semantics/semantics/functions.k-86-       <ret>   retV(V) => noRet </ret>
/reference/reference-semantics/semantics/functions.k-87-       <stack> ListItem(frame(CONT:K, CALLERL:Int, SAVEDL:Int)) => .List ... </stack>
/reference/reference-semantics/semantics/functions.k-88-       <env>   L:Int => CALLERL </env>
