$ kprove bridgefree-spec.k --definition bridgefree-kompiled --spec-module BRIDGEFREE-SPEC
kore-exec: [1073995] Warning (WarnTrivialClaim):
    Claim proven without rewriting at: /tmp/audit-work/rebuild/bridgefree-spec.k:7:5-8:60
kore-exec: [1076622] Warning (WarnTrivialClaim):
    Claim proven without rewriting at: /tmp/audit-work/rebuild/bridgefree-spec.k:11:5-12:60
kore-exec: [1078956] Warning (WarnTrivialClaim):
    Claim proven without rewriting at: /tmp/audit-work/rebuild/bridgefree-spec.k:15:5-16:60
kore-exec: [1081509] Warning (WarnTrivialClaim):
    Claim proven without rewriting at: /tmp/audit-work/rebuild/bridgefree-spec.k:19:5-20:62
kore-exec: [1084437] Warning (WarnTrivialClaim):
    Claim proven without rewriting at: /tmp/audit-work/rebuild/bridgefree-spec.k:23:5-24:62
kore-exec: [1087229] Warning (WarnTrivialClaim):
    Claim proven without rewriting at: /tmp/audit-work/rebuild/bridgefree-spec.k:27:5-28:60
kore-exec: [1089776] Warning (WarnTrivialClaim):
    Claim proven without rewriting at: /tmp/audit-work/rebuild/bridgefree-spec.k:31:5-32:60
kore-exec: [1092180] Warning (WarnTrivialClaim):
    Claim proven without rewriting at: /tmp/audit-work/rebuild/bridgefree-spec.k:35:5-36:60
kore-exec: [1094641] Warning (WarnTrivialClaim):
    Claim proven without rewriting at: /tmp/audit-work/rebuild/bridgefree-spec.k:39:5-40:60
kore-exec: [1096154] Warning (WarnTrivialClaim):
    Claim proven without rewriting at: /tmp/audit-work/rebuild/bridgefree-spec.k:43:5-44:50
#Top
[Warning] Compiler: Variable 'As' defined but not used. Prefix variable name
with underscore if this is intentional.
	Source(/tmp/audit-work/rebuild/reference-semantics/semantics/str.k)
	Location(52,27,52,29)
	52 |	  rule strLt(iCons(A:Int, As:IntSeq), iCons(B:Int, Bs:IntSeq)) => true   
      requires A  <Int B
	   .	                          ^~
[Warning] Compiler: Variable 'Bs' defined but not used. Prefix variable name
with underscore if this is intentional.
	Source(/tmp/audit-work/rebuild/reference-semantics/semantics/str.k)
	Location(52,52,52,54)
	52 |	  rule strLt(iCons(A:Int, As:IntSeq), iCons(B:Int, Bs:IntSeq)) => true   
      requires A  <Int B
	   .	                                                   ^~
[Warning] Compiler: Variable 'As' defined but not used. Prefix variable name
with underscore if this is intentional.
	Source(/tmp/audit-work/rebuild/reference-semantics/semantics/str.k)
	Location(53,27,53,29)
	53 |	  rule strLt(iCons(A:Int, As:IntSeq), iCons(B:Int, Bs:IntSeq)) => false  
      requires A  >Int B
	   .	                          ^~
[Warning] Compiler: Variable 'Bs' defined but not used. Prefix variable name
with underscore if this is intentional.
	Source(/tmp/audit-work/rebuild/reference-semantics/semantics/str.k)
	Location(53,52,53,54)
	53 |	  rule strLt(iCons(A:Int, As:IntSeq), iCons(B:Int, Bs:IntSeq)) => false  
      requires A  >Int B
	   .	                                                   ^~
kprove exit=0
