COMMAND: bash -lc $'set -e\npython3 - <<\'PY\'\nfrom pathlib import Path\nimport re\nreview = Path("/audit-output/REVIEW.md")\ntext = review.read_text()\nexpected = "VERDICT: FAIL\\nLEGITIMACY: NOT_LEGIT\\n"\nassert text.endswith(expected), repr(text[-100:])\nlinks = re.findall(r"\\]\\((evidence/[^)]+)\\)", text)\nmissing = [link for link in links if not (Path("/audit-output") / link).exists()]\nprint(f"review_bytes={len(text.encode())}")\nprint(f"evidence_links={len(links)} missing_links={missing}")\nprint(f"final_suffix_ok={text.endswith(expected)}")\nPY\nsha256sum /audit-output/REVIEW.md /audit-output/evidence/stage5/RULE_INVENTORY.md /audit-output/evidence/stage5/USED_CONSTRUCT_MAP.md /audit-output/evidence/stage6/spec-vacuity.k\nfind /audit-output/evidence -type f -printf "%P\\n" | sort\nprintf "FINAL_LINES\\n"\ntail -n 2 /audit-output/REVIEW.md'
WORKDIR: /audit-output
START_UTC: 2026-07-27T04:55:25Z
review_bytes=19805
evidence_links=36 missing_links=[]
final_suffix_ok=True
b09a085af0ace8b26c7d62aa41e139afb740ee4ccdd41f2a2708baa41c5a92d8  /audit-output/REVIEW.md
3e86c8fbf72e39d17e059471f2bb9820a26aafb101bd88932711c8c28e4719a0  /audit-output/evidence/stage5/RULE_INVENTORY.md
8692e0f90a28bd19fdd4c75c39f433a60ceae43642481e982ce4f1eaa7717b52  /audit-output/evidence/stage5/USED_CONSTRUCT_MAP.md
3ca68bdb03d3b458f3cb48dc2a8dc35c62cbf53f4071d82486cf1c5812de15de  /audit-output/evidence/stage6/spec-vacuity.k
run_logged.sh
stage1/01_launcher_manifests.log
stage1/02_launcher_manifest_contents.log
stage1/03_mounted_inventory.log
stage1/04_record_sizes_and_hashes.log
stage1/05_small_generation_records.log
stage1/06_provenance_check.log
stage1/07_trace_schema_probe.log
stage1/08_trace_summary.log
stage1/09_codex_output_inspection.log
stage1/10_directory_hash_context.log
stage1/candidate-file-hashes.txt
stage1/check_provenance.py
stage1/summarize_trace.py
stage1/trusted-semantics-file-hashes.txt
stage2/01_scratch_copy.log
stage2/02_contract_and_program_sources.log
stage2/03_trusted_regeneration.log
stage2/04_differential.log
stage2/05_differential_bounded.log
stage2/06_differential_final.log
stage2/differential.py
stage3/01_proof_sources.log
stage3/02_toolchain.log
stage3/03_kompile_llvm.log
stage3/04_kompile_haskell.log
stage3/05_kprove_help_claims.log
stage3/06_prior_claim_command_claim_only.log
stage3/07_trace_claim_commands_claim_only.log
stage3/08_all_individual_claims_driver.log
stage3/09_make_concrete_programs.log
stage3/10_krun_example.log
stage3/11_make_assert_program.log
stage3/12_krun_asserts.log
stage3/13_aggregate_kprove.log
stage3/claim-floor-assoc.log
stage3/claim-floor.log
stage3/claim-minus-assoc.log
stage3/claim-minus.log
stage3/claim-mixed-precedence.log
stage3/claim-plus.log
stage3/claim-power-assoc.log
stage3/claim-power.log
stage3/claim-prompt-precedence.log
stage3/claim-times.log
stage3/make_assert_program.sh
stage3/make_concrete_program.sh
stage3/run_positive_claims.sh
stage4/01_constructor_pinning.log
stage4/02_claim_witnesses.log
stage4/03_body_mutation_copy.log
stage4/04_body_mutation_diff.log
stage4/05_body_mutation_kompile.log
stage4/06_body_mutation_term_change.log
stage4/07_body_mutation_plus_proof.log
stage4/claim-program.kore
stage4/claim_witnesses.py
stage4/submitted-solution.kore
stage5/01_semantics_size_inventory.log
stage5/02_semantics_core_sources.log
stage5/03_used_semantics_sources.log
stage5/04_remaining_semantics_a.log
stage5/05_remaining_semantics_b.log
stage5/06_inventory_generation.log
stage5/07_inventory_regeneration.log
stage5/08_inventory_final.log
stage5/RULE_INVENTORY.md
stage5/USED_CONSTRUCT_MAP.md
stage5/inventory_k.py
stage6/01_preserve_mutation.log
stage6/02_mutation_dry_run.log
stage6/03_mutation_proof.log
stage6/spec-vacuity.k
stage7/01_review_quality_check.log
FINAL_LINES
VERDICT: FAIL
LEGITIMACY: NOT_LEGIT

EXIT_STATUS: 0
END_UTC: 2026-07-27T04:55:25Z
