{"candidate": {"kind": "return", "type": "int", "value": 3}, "canonical": {"kind": "return", "type": "int", "value": 3}, "case": "documented_odd", "input": [3, 1, 2, 4, 5], "match": true}
{"candidate": {"kind": "return", "type": "float", "value": 15.0}, "canonical": {"kind": "return", "type": "float", "value": 8.0}, "case": "documented_even", "input": [-10, 4, 6, 1000, 10, 20], "match": false}
{"candidate": {"kind": "exception", "message": "list index out of range", "type": "IndexError"}, "canonical": {"kind": "exception", "message": "list index out of range", "type": "IndexError"}, "case": "empty", "input": [], "match": true}
{"candidate": {"kind": "return", "type": "int", "value": 7}, "canonical": {"kind": "return", "type": "int", "value": 7}, "case": "singleton", "input": [7], "match": true}
{"candidate": {"kind": "exception", "message": "list index out of range", "type": "IndexError"}, "canonical": {"kind": "return", "type": "float", "value": 6.0}, "case": "smallest_even", "input": [2, 10], "match": false}
{"candidate": {"kind": "return", "type": "int", "value": 5}, "canonical": {"kind": "return", "type": "int", "value": 5}, "case": "smallest_odd_gt_one", "input": [9, 1, 5], "match": true}
{"candidate": {"kind": "return", "type": "float", "value": 3.5}, "canonical": {"kind": "return", "type": "float", "value": 2.5}, "case": "even_four_sorted", "input": [1, 2, 3, 4], "match": false}
{"candidate": {"kind": "return", "type": "float", "value": 3.5}, "canonical": {"kind": "return", "type": "float", "value": 2.5}, "case": "even_four_reverse", "input": [4, 3, 2, 1], "match": false}
{"candidate": {"kind": "return", "type": "float", "value": 5.0}, "canonical": {"kind": "return", "type": "float", "value": 5.0}, "case": "even_duplicates", "input": [5, 5, 5, 5], "match": true}
{"candidate": {"kind": "return", "type": "int", "value": -4}, "canonical": {"kind": "return", "type": "int", "value": -4}, "case": "negative_odd", "input": [-8, -1, -4], "match": true}
{"candidate": {"kind": "return", "type": "float", "value": 1.5}, "canonical": {"kind": "return", "type": "float", "value": 1.5}, "case": "mixed_float_odd", "input": [1.5, -2.0, 8], "match": true}
{"candidate": {"kind": "return", "type": "float", "value": 6.125}, "canonical": {"kind": "return", "type": "float", "value": 2.875}, "case": "mixed_float_even", "input": [1.5, -2.0, 8, 4.25], "match": false}
{"candidate": {"kind": "return", "type": "int", "value": -88}, "canonical": {"kind": "return", "type": "int", "value": -88}, "case": "generated_int_n1_s0", "input": [-88], "match": true}
{"candidate": {"kind": "return", "type": "int", "value": 18}, "canonical": {"kind": "return", "type": "int", "value": 18}, "case": "generated_int_n1_s1", "input": [18], "match": true}
{"candidate": {"kind": "return", "type": "int", "value": -31}, "canonical": {"kind": "return", "type": "int", "value": -31}, "case": "generated_int_n1_s2", "input": [-31], "match": true}
{"candidate": {"kind": "return", "type": "int", "value": -76}, "canonical": {"kind": "return", "type": "int", "value": -76}, "case": "generated_int_n1_s3", "input": [-76], "match": true}
{"candidate": {"kind": "return", "type": "int", "value": 93}, "canonical": {"kind": "return", "type": "int", "value": 93}, "case": "generated_int_n1_s4", "input": [93], "match": true}
{"candidate": {"kind": "return", "type": "int", "value": -54}, "canonical": {"kind": "return", "type": "int", "value": -54}, "case": "generated_int_n1_s5", "input": [-54], "match": true}
{"candidate": {"kind": "return", "type": "int", "value": -16}, "canonical": {"kind": "return", "type": "int", "value": -16}, "case": "generated_int_n1_s6", "input": [-16], "match": true}
{"candidate": {"kind": "return", "type": "int", "value": -37}, "canonical": {"kind": "return", "type": "int", "value": -37}, "case": "generated_int_n1_s7", "input": [-37], "match": true}
{"candidate": {"kind": "return", "type": "int", "value": -34}, "canonical": {"kind": "return", "type": "int", "value": -34}, "case": "generated_int_n1_s8", "input": [-34], "match": true}
{"candidate": {"kind": "return", "type": "int", "value": -99}, "canonical": {"kind": "return", "type": "int", "value": -99}, "case": "generated_int_n1_s9", "input": [-99], "match": true}
{"candidate": {"kind": "exception", "message": "list index out of range", "type": "IndexError"}, "canonical": {"kind": "return", "type": "float", "value": -20.5}, "case": "generated_int_n2_s0", "input": [-60, 19], "match": false}
{"candidate": {"kind": "exception", "message": "list index out of range", "type": "IndexError"}, "canonical": {"kind": "return", "type": "float", "value": -49.5}, "case": "generated_int_n2_s1", "input": [-95, -4], "match": false}
{"candidate": {"kind": "exception", "message": "list index out of range", "type": "IndexError"}, "canonical": {"kind": "return", "type": "float", "value": 27.0}, "case": "generated_int_n2_s2", "input": [64, -10], "match": false}
{"candidate": {"kind": "exception", "message": "list index out of range", "type": "IndexError"}, "canonical": {"kind": "return", "type": "float", "value": -6.0}, "case": "generated_int_n2_s3", "input": [81, -93], "match": false}
{"candidate": {"kind": "exception", "message": "list index out of range", "type": "IndexError"}, "canonical": {"kind": "return", "type": "float", "value": -18.5}, "case": "generated_int_n2_s4", "input": [5, -42], "match": false}
{"candidate": {"kind": "exception", "message": "list index out of range", "type": "IndexError"}, "canonical": {"kind": "return", "type": "float", "value": 1.0}, "case": "generated_int_n2_s5", "input": [-26, 28], "match": false}
{"candidate": {"kind": "exception", "message": "list index out of range", "type": "IndexError"}, "canonical": {"kind": "return", "type": "float", "value": -25.0}, "case": "generated_int_n2_s6", "input": [-8, -42], "match": false}
{"candidate": {"kind": "exception", "message": "list index out of range", "type": "IndexError"}, "canonical": {"kind": "return", "type": "float", "value": -32.0}, "case": "generated_int_n2_s7", "input": [1, -65], "match": false}
{"candidate": {"kind": "exception", "message": "list index out of range", "type": "IndexError"}, "canonical": {"kind": "return", "type": "float", "value": -55.0}, "case": "generated_int_n2_s8", "input": [-18, -92], "match": false}
{"candidate": {"kind": "exception", "message": "list index out of range", "type": "IndexError"}, "canonical": {"kind": "return", "type": "float", "value": 82.0}, "case": "generated_int_n2_s9", "input": [84, 80], "match": false}
{"candidate": {"kind": "return", "type": "int", "value": 59}, "canonical": {"kind": "return", "type": "int", "value": 59}, "case": "generated_int_n3_s0", "input": [11, 64, 59], "match": true}
{"candidate": {"kind": "return", "type": "int", "value": 37}, "canonical": {"kind": "return", "type": "int", "value": 37}, "case": "generated_int_n3_s1", "input": [37, -79, 95], "match": true}
{"candidate": {"kind": "return", "type": "int", "value": -48}, "canonical": {"kind": "return", "type": "int", "value": -48}, "case": "generated_int_n3_s2", "input": [18, -48, -86], "match": true}
{"candidate": {"kind": "return", "type": "int", "value": -13}, "canonical": {"kind": "return", "type": "int", "value": -13}, "case": "generated_int_n3_s3", "input": [31, -13, -56], "match": true}
{"candidate": {"kind": "return", "type": "int", "value": -52}, "canonical": {"kind": "return", "type": "int", "value": -52}, "case": "generated_int_n3_s4", "input": [-52, -42, -75], "match": true}
{"candidate": {"kind": "return", "type": "int", "value": 30}, "canonical": {"kind": "return", "type": "int", "value": 30}, "case": "generated_int_n3_s5", "input": [36, -69, 30], "match": true}
{"candidate": {"kind": "return", "type": "int", "value": -34}, "canonical": {"kind": "return", "type": "int", "value": -34}, "case": "generated_int_n3_s6", "input": [-34, -75, -27], "match": true}
{"candidate": {"kind": "return", "type": "int", "value": -48}, "canonical": {"kind": "return", "type": "int", "value": -48}, "case": "generated_int_n3_s7", "input": [-74, -48, 9], "match": true}
{"candidate": {"kind": "return", "type": "int", "value": -65}, "canonical": {"kind": "return", "type": "int", "value": -65}, "case": "generated_int_n3_s8", "input": [-65, -99, 19], "match": true}
{"candidate": {"kind": "return", "type": "int", "value": -92}, "canonical": {"kind": "return", "type": "int", "value": -92}, "case": "generated_int_n3_s9", "input": [2, -92, -93], "match": true}
{"candidate": {"kind": "return", "type": "float", "value": 70.5}, "canonical": {"kind": "return", "type": "float", "value": 5.5}, "case": "generated_int_n4_s0", "input": [-51, -97, 79, 62], "match": false}
{"candidate": {"kind": "return", "type": "float", "value": 40.0}, "canonical": {"kind": "return", "type": "float", "value": -8.5}, "case": "generated_int_n4_s1", "input": [-22, 75, -93, 5], "match": false}
{"candidate": {"kind": "return", "type": "float", "value": 73.0}, "canonical": {"kind": "return", "type": "float", "value": 42.0}, "case": "generated_int_n4_s2", "input": [51, -91, 95, 33], "match": false}
{"candidate": {"kind": "return", "type": "float", "value": 32.5}, "canonical": {"kind": "return", "type": "float", "value": -32.0}, "case": "generated_int_n4_s3", "input": [44, -85, 21, -94], "match": false}
{"candidate": {"kind": "return", "type": "float", "value": 17.0}, "canonical": {"kind": "return", "type": "float", "value": -51.0}, "case": "generated_int_n4_s4", "input": [66, -93, -32, -70], "match": false}
{"candidate": {"kind": "return", "type": "float", "value": 28.5}, "canonical": {"kind": "return", "type": "float", "value": -34.5}, "case": "generated_int_n4_s5", "input": [-58, 77, -49, -20], "match": false}
{"candidate": {"kind": "return", "type": "float", "value": 41.5}, "canonical": {"kind": "return", "type": "float", "value": -2.5}, "case": "generated_int_n4_s6", "input": [-38, 6, 77, -11], "match": false}
{"candidate": {"kind": "return", "type": "float", "value": 60.0}, "canonical": {"kind": "return", "type": "float", "value": 24.0}, "case": "generated_int_n4_s7", "input": [85, 13, 35, -71], "match": false}
{"candidate": {"kind": "return", "type": "float", "value": 78.0}, "canonical": {"kind": "return", "type": "float", "value": 42.0}, "case": "generated_int_n4_s8", "input": [1, 78, 78, 6], "match": false}
{"candidate": {"kind": "return", "type": "float", "value": 66.5}, "canonical": {"kind": "return", "type": "float", "value": 39.0}, "case": "generated_int_n4_s9", "input": [51, 27, -67, 82], "match": false}
{"candidate": {"kind": "return", "type": "int", "value": -32}, "canonical": {"kind": "return", "type": "int", "value": -32}, "case": "generated_int_n5_s0", "input": [-60, 36, -32, 83, -40], "match": true}
{"candidate": {"kind": "return", "type": "int", "value": 33}, "canonical": {"kind": "return", "type": "int", "value": 33}, "case": "generated_int_n5_s1", "input": [-46, -31, 68, 53, 33], "match": true}
{"candidate": {"kind": "return", "type": "int", "value": -4}, "canonical": {"kind": "return", "type": "int", "value": -4}, "case": "generated_int_n5_s2", "input": [56, 37, -4, -43, -74], "match": true}
{"candidate": {"kind": "return", "type": "int", "value": -39}, "canonical": {"kind": "return", "type": "int", "value": -39}, "case": "generated_int_n5_s3", "input": [-35, -80, 57, -83, -39], "match": true}
{"candidate": {"kind": "return", "type": "int", "value": -17}, "canonical": {"kind": "return", "type": "int", "value": -17}, "case": "generated_int_n5_s4", "input": [24, -52, -17, 57, -17], "match": true}
{"candidate": {"kind": "return", "type": "int", "value": -37}, "canonical": {"kind": "return", "type": "int", "value": -37}, "case": "generated_int_n5_s5", "input": [-37, -83, 37, -32, -65], "match": true}
{"candidate": {"kind": "return", "type": "int", "value": -48}, "canonical": {"kind": "return", "type": "int", "value": -48}, "case": "generated_int_n5_s6", "input": [-89, -48, 83, 13, -48], "match": true}
{"candidate": {"kind": "return", "type": "int", "value": -21}, "canonical": {"kind": "return", "type": "int", "value": -21}, "case": "generated_int_n5_s7", "input": [70, -21, -42, -54, 92], "match": true}
{"candidate": {"kind": "return", "type": "int", "value": 27}, "canonical": {"kind": "return", "type": "int", "value": 27}, "case": "generated_int_n5_s8", "input": [27, -25, 71, 30, 15], "match": true}
{"candidate": {"kind": "return", "type": "int", "value": -62}, "canonical": {"kind": "return", "type": "int", "value": -62}, "case": "generated_int_n5_s9", "input": [-29, -78, 27, -62, -65], "match": true}
{"candidate": {"kind": "return", "type": "float", "value": 25.5}, "canonical": {"kind": "return", "type": "float", "value": 1.0}, "case": "generated_int_n6_s0", "input": [9, -7, 64, -35, 42, -18], "match": false}
{"candidate": {"kind": "return", "type": "float", "value": 44.0}, "canonical": {"kind": "return", "type": "float", "value": 4.0}, "case": "generated_int_n6_s1", "input": [-22, 58, 85, 30, -45, -59], "match": false}
{"candidate": {"kind": "return", "type": "float", "value": 33.5}, "canonical": {"kind": "return", "type": "float", "value": 20.0}, "case": "generated_int_n6_s2", "input": [-17, 49, 29, 38, 11, -65], "match": false}
{"candidate": {"kind": "return", "type": "float", "value": -0.5}, "canonical": {"kind": "return", "type": "float", "value": -17.0}, "case": "generated_int_n6_s3", "input": [-19, 29, 14, -21, -76, -15], "match": false}
{"candidate": {"kind": "return", "type": "float", "value": 35.5}, "canonical": {"kind": "return", "type": "float", "value": 20.0}, "case": "generated_int_n6_s4", "input": [92, -35, -44, 42, 29, 11], "match": false}
{"candidate": {"kind": "return", "type": "float", "value": -20.5}, "canonical": {"kind": "return", "type": "float", "value": -42.0}, "case": "generated_int_n6_s5", "input": [39, -4, -37, -47, -88, -66], "match": false}
{"candidate": {"kind": "return", "type": "float", "value": -2.0}, "canonical": {"kind": "return", "type": "float", "value": -31.0}, "case": "generated_int_n6_s6", "input": [-34, 55, 24, -28, -59, -97], "match": false}
{"candidate": {"kind": "return", "type": "float", "value": 2.0}, "canonical": {"kind": "return", "type": "float", "value": -49.0}, "case": "generated_int_n6_s7", "input": [-85, 77, -90, -43, 47, -55], "match": false}
{"candidate": {"kind": "return", "type": "float", "value": 37.0}, "canonical": {"kind": "return", "type": "float", "value": 27.0}, "case": "generated_int_n6_s8", "input": [-80, 47, -70, 52, 27, 27], "match": false}
{"candidate": {"kind": "return", "type": "float", "value": -4.5}, "canonical": {"kind": "return", "type": "float", "value": -23.0}, "case": "generated_int_n6_s9", "input": [-77, -37, 0, 51, -9, -58], "match": false}
{"candidate": {"kind": "return", "type": "int", "value": 62}, "canonical": {"kind": "return", "type": "int", "value": 62}, "case": "generated_int_n7_s0", "input": [-12, 87, -88, -52, 62, 66, 64], "match": true}
{"candidate": {"kind": "return", "type": "int", "value": 41}, "canonical": {"kind": "return", "type": "int", "value": 41}, "case": "generated_int_n7_s1", "input": [41, 85, 96, 72, 14, -6, -20], "match": true}
{"candidate": {"kind": "return", "type": "int", "value": 45}, "canonical": {"kind": "return", "type": "int", "value": 45}, "case": "generated_int_n7_s2", "input": [66, 31, 47, 64, 43, -90, 45], "match": true}
{"candidate": {"kind": "return", "type": "int", "value": -68}, "canonical": {"kind": "return", "type": "int", "value": -68}, "case": "generated_int_n7_s3", "input": [-18, -94, -84, -68, -79, 23, 73], "match": true}
{"candidate": {"kind": "return", "type": "int", "value": 44}, "canonical": {"kind": "return", "type": "int", "value": 44}, "case": "generated_int_n7_s4", "input": [44, 86, -43, 99, -57, 37, 62], "match": true}
{"candidate": {"kind": "return", "type": "int", "value": 6}, "canonical": {"kind": "return", "type": "int", "value": 6}, "case": "generated_int_n7_s5", "input": [6, -52, -82, -85, 20, 65, 92], "match": true}
{"candidate": {"kind": "return", "type": "int", "value": -24}, "canonical": {"kind": "return", "type": "int", "value": -24}, "case": "generated_int_n7_s6", "input": [42, -73, -49, -24, 73, -79, -14], "match": true}
{"candidate": {"kind": "return", "type": "int", "value": 2}, "canonical": {"kind": "return", "type": "int", "value": 2}, "case": "generated_int_n7_s7", "input": [-86, -79, 28, 2, -41, 8, 41], "match": true}
{"candidate": {"kind": "return", "type": "int", "value": 22}, "canonical": {"kind": "return", "type": "int", "value": 22}, "case": "generated_int_n7_s8", "input": [18, 28, -93, 78, 22, -39, 34], "match": true}
{"candidate": {"kind": "return", "type": "int", "value": -16}, "canonical": {"kind": "return", "type": "int", "value": -16}, "case": "generated_int_n7_s9", "input": [97, -71, -13, -52, 27, -95, -16], "match": true}
{"candidate": {"kind": "return", "type": "float", "value": 9.0}, "canonical": {"kind": "return", "type": "float", "value": -6.5}, "case": "generated_int_n8_s0", "input": [-73, -92, -20, -23, 61, 7, 64, 11], "match": false}
{"candidate": {"kind": "return", "type": "float", "value": 10.0}, "canonical": {"kind": "return", "type": "float", "value": -9.5}, "case": "generated_int_n8_s1", "input": [-32, -22, 80, 3, -38, 17, -92, 21], "match": false}
{"candidate": {"kind": "return", "type": "float", "value": 11.5}, "canonical": {"kind": "return", "type": "float", "value": -34.0}, "case": "generated_int_n8_s2", "input": [-46, -59, 56, 45, -53, 70, -84, -22], "match": false}
{"candidate": {"kind": "return", "type": "float", "value": 25.5}, "canonical": {"kind": "return", "type": "float", "value": -26.5}, "case": "generated_int_n8_s3", "input": [49, 87, -59, 93, -82, 2, -75, -55], "match": false}
{"candidate": {"kind": "return", "type": "float", "value": 36.5}, "canonical": {"kind": "return", "type": "float", "value": 14.0}, "case": "generated_int_n8_s4", "input": [-65, 42, 68, -37, 51, -3, 31, -79], "match": false}
{"candidate": {"kind": "return", "type": "float", "value": 51.0}, "canonical": {"kind": "return", "type": "float", "value": 32.5}, "case": "generated_int_n8_s5", "input": [-58, 84, 60, 88, 42, -34, -26, 23], "match": false}
{"candidate": {"kind": "return", "type": "float", "value": 5.5}, "canonical": {"kind": "return", "type": "float", "value": -27.5}, "case": "generated_int_n8_s6", "input": [-49, -6, 91, -85, -51, 84, 17, -63], "match": false}
{"candidate": {"kind": "return", "type": "float", "value": 55.0}, "canonical": {"kind": "return", "type": "float", "value": 37.0}, "case": "generated_int_n8_s7", "input": [86, -70, 21, 57, -58, 93, -82, 53], "match": false}
{"candidate": {"kind": "return", "type": "float", "value": -5.0}, "canonical": {"kind": "return", "type": "float", "value": -37.0}, "case": "generated_int_n8_s8", "input": [8, 70, -57, -74, -18, -56, -78, 65], "match": false}
{"candidate": {"kind": "return", "type": "float", "value": 24.0}, "canonical": {"kind": "return", "type": "float", "value": -16.5}, "case": "generated_int_n8_s9", "input": [-71, 2, -40, 98, 64, -35, 46, -93], "match": false}
{"candidate": {"kind": "return", "type": "int", "value": -16}, "canonical": {"kind": "return", "type": "int", "value": -16}, "case": "generated_int_n9_s0", "input": [-7, 25, -57, -31, -16, 17, 28, -66, -61], "match": true}
{"candidate": {"kind": "return", "type": "int", "value": -27}, "canonical": {"kind": "return", "type": "int", "value": -27}, "case": "generated_int_n9_s1", "input": [-77, -40, 42, 26, 14, -99, -27, -93, 35], "match": true}
{"candidate": {"kind": "return", "type": "int", "value": -43}, "canonical": {"kind": "return", "type": "int", "value": -43}, "case": "generated_int_n9_s2", "input": [-76, -93, 96, 73, -4, -78, -43, 74, -75], "match": true}
{"candidate": {"kind": "return", "type": "int", "value": -16}, "canonical": {"kind": "return", "type": "int", "value": -16}, "case": "generated_int_n9_s3", "input": [80, -68, 82, -16, -23, 69, -25, -20, 16], "match": true}
{"candidate": {"kind": "return", "type": "int", "value": 8}, "canonical": {"kind": "return", "type": "int", "value": 8}, "case": "generated_int_n9_s4", "input": [8, 43, -43, -86, 9, 48, 58, -72, -93], "match": true}
{"candidate": {"kind": "return", "type": "int", "value": -12}, "canonical": {"kind": "return", "type": "int", "value": -12}, "case": "generated_int_n9_s5", "input": [-12, 49, -9, -50, -79, 73, -50, -83, 24], "match": true}
{"candidate": {"kind": "return", "type": "int", "value": -41}, "canonical": {"kind": "return", "type": "int", "value": -41}, "case": "generated_int_n9_s6", "input": [-22, 47, -50, 35, -47, 59, -91, -41, -59], "match": true}
{"candidate": {"kind": "return", "type": "int", "value": 18}, "canonical": {"kind": "return", "type": "int", "value": 18}, "case": "generated_int_n9_s7", "input": [18, 38, -45, -20, 77, 22, -95, -87, 50], "match": true}
{"candidate": {"kind": "return", "type": "int", "value": -10}, "canonical": {"kind": "return", "type": "int", "value": -10}, "case": "generated_int_n9_s8", "input": [-96, -10, -17, -74, -7, -74, -6, 88, 38], "match": true}
{"candidate": {"kind": "return", "type": "int", "value": -49}, "canonical": {"kind": "return", "type": "int", "value": -49}, "case": "generated_int_n9_s9", "input": [-74, -49, 84, -46, -57, -76, 53, -45, -76], "match": true}
{"candidate": {"kind": "return", "type": "float", "value": 30.0}, "canonical": {"kind": "return", "type": "float", "value": -3.5}, "case": "generated_int_n10_s0", "input": [2, -57, 67, 79, 58, -87, 92, -59, -62, -9], "match": false}
{"candidate": {"kind": "return", "type": "float", "value": 13.0}, "canonical": {"kind": "return", "type": "float", "value": 2.5}, "case": "generated_int_n10_s1", "input": [39, -81, -97, 63, -92, 2, 3, -17, 75, 23], "match": false}
{"candidate": {"kind": "return", "type": "float", "value": 45.0}, "canonical": {"kind": "return", "type": "float", "value": 20.5}, "case": "generated_int_n10_s2", "input": [-35, 70, 29, 97, 73, 12, -39, -14, 61, -96], "match": false}
{"candidate": {"kind": "return", "type": "float", "value": 18.5}, "canonical": {"kind": "return", "type": "float", "value": -16.5}, "case": "generated_int_n10_s3", "input": [43, 62, 57, -91, -46, -55, 2, -35, -64, 35], "match": false}
{"candidate": {"kind": "return", "type": "float", "value": 39.5}, "canonical": {"kind": "return", "type": "float", "value": 28.5}, "case": "generated_int_n10_s4", "input": [54, -50, -89, 40, -28, 51, 18, -94, 39, 74], "match": false}
{"candidate": {"kind": "return", "type": "float", "value": 17.5}, "canonical": {"kind": "return", "type": "float", "value": -12.0}, "case": "generated_int_n10_s5", "input": [89, -51, -85, 68, 97, -20, -25, -4, -37, 39], "match": false}
{"candidate": {"kind": "return", "type": "float", "value": -5.0}, "canonical": {"kind": "return", "type": "float", "value": -19.5}, "case": "generated_int_n10_s6", "input": [89, 2, 32, -94, -77, -70, -27, -12, 28, -43], "match": false}
{"candidate": {"kind": "return", "type": "float", "value": -21.0}, "canonical": {"kind": "return", "type": "float", "value": -31.5}, "case": "generated_int_n10_s7", "input": [-77, -35, -99, 76, -70, -28, -14, -90, -6, 61], "match": false}
{"candidate": {"kind": "return", "type": "float", "value": 9.0}, "canonical": {"kind": "return", "type": "float", "value": -1.0}, "case": "generated_int_n10_s8", "input": [-30, -61, -45, 9, 49, 16, 9, -11, -96, 97], "match": false}
{"candidate": {"kind": "return", "type": "float", "value": -21.5}, "canonical": {"kind": "return", "type": "float", "value": -32.5}, "case": "generated_int_n10_s9", "input": [-34, -12, -55, -31, 94, 5, -36, 67, -69, -48], "match": false}
{"candidate": {"kind": "return", "type": "int", "value": -49}, "canonical": {"kind": "return", "type": "int", "value": -49}, "case": "generated_int_n11_s0", "input": [-73, -67, 26, 18, 18, 69, -50, -75, -54, 24, -49], "match": true}
{"candidate": {"kind": "return", "type": "int", "value": -40}, "canonical": {"kind": "return", "type": "int", "value": -40}, "case": "generated_int_n11_s1", "input": [13, -40, -44, -46, 90, -85, 88, 3, -54, 35, -54], "match": true}
{"candidate": {"kind": "return", "type": "int", "value": 18}, "canonical": {"kind": "return", "type": "int", "value": 18}, "case": "generated_int_n11_s2", "input": [96, 13, -52, 18, 54, 13, 15, -85, 95, 58, 73], "match": true}
{"candidate": {"kind": "return", "type": "int", "value": -10}, "canonical": {"kind": "return", "type": "int", "value": -10}, "case": "generated_int_n11_s3", "input": [-71, 5, -100, -72, 51, 4, 65, -49, -26, 11, -10], "match": true}
{"candidate": {"kind": "return", "type": "int", "value": 17}, "canonical": {"kind": "return", "type": "int", "value": 17}, "case": "generated_int_n11_s4", "input": [-55, -67, -69, 17, 63, 37, 48, -98, 33, -39, 19], "match": true}
{"candidate": {"kind": "return", "type": "int", "value": 44}, "canonical": {"kind": "return", "type": "int", "value": 44}, "case": "generated_int_n11_s5", "input": [-48, 70, 78, -29, 86, 8, -52, 44, 57, -87, 86], "match": true}
{"candidate": {"kind": "return", "type": "int", "value": -18}, "canonical": {"kind": "return", "type": "int", "value": -18}, "case": "generated_int_n11_s6", "input": [-23, -82, -30, 90, -18, 45, 31, 79, -56, 80, -47], "match": true}
{"candidate": {"kind": "return", "type": "int", "value": -9}, "canonical": {"kind": "return", "type": "int", "value": -9}, "case": "generated_int_n11_s7", "input": [-68, 15, 12, -14, -27, -9, 32, -84, 56, -85, 51], "match": true}
{"candidate": {"kind": "return", "type": "int", "value": -13}, "canonical": {"kind": "return", "type": "int", "value": -13}, "case": "generated_int_n11_s8", "input": [73, -72, -13, -56, -12, -51, 17, 61, 58, -46, -85], "match": true}
{"candidate": {"kind": "return", "type": "int", "value": 23}, "canonical": {"kind": "return", "type": "int", "value": 23}, "case": "generated_int_n11_s9", "input": [33, 64, -98, -78, 23, -63, 85, 85, 2, 63, -19], "match": true}
{"candidate": {"kind": "return", "type": "float", "value": 49.0}, "canonical": {"kind": "return", "type": "float", "value": 35.5}, "case": "generated_int_n12_s0", "input": [-55, 14, 59, 55, 66, -15, -24, -43, 28, 74, 72, 43], "match": false}
{"candidate": {"kind": "return", "type": "float", "value": 22.0}, "canonical": {"kind": "return", "type": "float", "value": 5.5}, "case": "generated_int_n12_s1", "input": [100, 65, -7, -79, 28, 16, -32, 72, -5, 63, -74, -41], "match": false}
{"candidate": {"kind": "return", "type": "float", "value": -27.0}, "canonical": {"kind": "return", "type": "float", "value": -39.0}, "case": "generated_int_n12_s2", "input": [64, 0, -40, -88, 65, -38, -95, -68, -45, -74, 88, -16], "match": false}
{"candidate": {"kind": "return", "type": "float", "value": 14.0}, "canonical": {"kind": "return", "type": "float", "value": 0.5}, "case": "generated_int_n12_s3", "input": [-40, 36, -79, -95, -87, -9, 10, -98, 65, 18, 85, 72], "match": false}
{"candidate": {"kind": "return", "type": "float", "value": -36.0}, "canonical": {"kind": "return", "type": "float", "value": -40.0}, "case": "generated_int_n12_s4", "input": [24, -45, -90, -12, -36, 21, -76, -64, -36, -89, -9, -44], "match": false}
{"candidate": {"kind": "return", "type": "float", "value": 28.0}, "canonical": {"kind": "return", "type": "float", "value": 12.5}, "case": "generated_int_n12_s5", "input": [85, 16, 9, -72, -84, 40, 64, -14, -91, 74, -52, 100], "match": false}
{"candidate": {"kind": "return", "type": "float", "value": 13.5}, "canonical": {"kind": "return", "type": "float", "value": 5.0}, "case": "generated_int_n12_s6", "input": [11, -68, -75, 16, -1, -72, 37, 100, 93, 69, -58, -91], "match": false}
{"candidate": {"kind": "return", "type": "float", "value": 22.0}, "canonical": {"kind": "return", "type": "float", "value": 6.5}, "case": "generated_int_n12_s7", "input": [-57, 10, 90, 3, -99, 34, -64, -35, 35, 43, -49, 63], "match": false}
{"candidate": {"kind": "return", "type": "float", "value": 22.0}, "canonical": {"kind": "return", "type": "float", "value": 10.5}, "case": "generated_int_n12_s8", "input": [35, 61, 11, -45, 53, -73, -81, -37, 33, 10, -45, 75], "match": false}
{"candidate": {"kind": "return", "type": "float", "value": 9.0}, "canonical": {"kind": "return", "type": "float", "value": -10.0}, "case": "generated_int_n12_s9", "input": [-96, -51, -33, -60, 100, -19, 65, 19, 40, -24, 97, -1], "match": false}
{"candidate": {"kind": "return", "type": "float", "value": -7.0}, "canonical": {"kind": "return", "type": "float", "value": -7.0}, "case": "generated_float_n1_s0", "input": [-7.0], "match": true}
{"candidate": {"kind": "return", "type": "float", "value": -10.0}, "canonical": {"kind": "return", "type": "float", "value": -10.0}, "case": "generated_float_n1_s1", "input": [-10.0], "match": true}
{"candidate": {"kind": "return", "type": "float", "value": 7.25}, "canonical": {"kind": "return", "type": "float", "value": 7.25}, "case": "generated_float_n1_s2", "input": [7.25], "match": true}
{"candidate": {"kind": "return", "type": "float", "value": -6.25}, "canonical": {"kind": "return", "type": "float", "value": -6.25}, "case": "generated_float_n1_s3", "input": [-6.25], "match": true}
{"candidate": {"kind": "exception", "message": "list index out of range", "type": "IndexError"}, "canonical": {"kind": "return", "type": "float", "value": -1.0}, "case": "generated_float_n2_s0", "input": [-9.25, 7.25], "match": false}
{"candidate": {"kind": "exception", "message": "list index out of range", "type": "IndexError"}, "canonical": {"kind": "return", "type": "float", "value": 3.5}, "case": "generated_float_n2_s1", "input": [2.25, 4.75], "match": false}
{"candidate": {"kind": "exception", "message": "list index out of range", "type": "IndexError"}, "canonical": {"kind": "return", "type": "float", "value": 6.75}, "case": "generated_float_n2_s2", "input": [6.0, 7.5], "match": false}
{"candidate": {"kind": "exception", "message": "list index out of range", "type": "IndexError"}, "canonical": {"kind": "return", "type": "float", "value": 1.375}, "case": "generated_float_n2_s3", "input": [-5.75, 8.5], "match": false}
{"candidate": {"kind": "return", "type": "float", "value": -7.25}, "canonical": {"kind": "return", "type": "float", "value": -7.25}, "case": "generated_float_n3_s0", "input": [-7.25, -7.75, 0.75], "match": true}
{"candidate": {"kind": "return", "type": "float", "value": -4.25}, "canonical": {"kind": "return", "type": "float", "value": -4.25}, "case": "generated_float_n3_s1", "input": [-9.25, 8.5, -4.25], "match": true}
{"candidate": {"kind": "return", "type": "float", "value": 7.75}, "canonical": {"kind": "return", "type": "float", "value": 7.75}, "case": "generated_float_n3_s2", "input": [7.75, 8.75, 0.0], "match": true}
{"candidate": {"kind": "return", "type": "float", "value": -4.5}, "canonical": {"kind": "return", "type": "float", "value": -4.5}, "case": "generated_float_n3_s3", "input": [8.0, -4.5, -4.75], "match": true}
{"candidate": {"kind": "return", "type": "float", "value": 4.375}, "canonical": {"kind": "return", "type": "float", "value": 0.375}, "case": "generated_float_n4_s0", "input": [1.75, 7.0, -1.0, -7.75], "match": false}
{"candidate": {"kind": "return", "type": "float", "value": 3.625}, "canonical": {"kind": "return", "type": "float", "value": -0.125}, "case": "generated_float_n4_s1", "input": [-1.5, -4.75, 1.25, 6.0], "match": false}
{"candidate": {"kind": "return", "type": "float", "value": 4.875}, "canonical": {"kind": "return", "type": "float", "value": -0.5}, "case": "generated_float_n4_s2", "input": [-3.75, -2.75, 1.75, 8.0], "match": false}
{"candidate": {"kind": "return", "type": "float", "value": 5.375}, "canonical": {"kind": "return", "type": "float", "value": 2.75}, "case": "generated_float_n4_s3", "input": [1.5, 7.25, 3.5, 2.0], "match": false}
{"candidate": {"kind": "return", "type": "float", "value": -0.75}, "canonical": {"kind": "return", "type": "float", "value": -0.75}, "case": "generated_float_n5_s0", "input": [-0.75, -1.75, 7.75, 4.75, -5.25], "match": true}
{"candidate": {"kind": "return", "type": "float", "value": -5.25}, "canonical": {"kind": "return", "type": "float", "value": -5.25}, "case": "generated_float_n5_s1", "input": [-4.0, -9.75, -5.25, -1.0, -9.5], "match": true}
{"candidate": {"kind": "return", "type": "float", "value": 1.25}, "canonical": {"kind": "return", "type": "float", "value": 1.25}, "case": "generated_float_n5_s2", "input": [-6.75, 5.0, -8.5, 1.5, 1.25], "match": true}
{"candidate": {"kind": "return", "type": "float", "value": 5.25}, "canonical": {"kind": "return", "type": "float", "value": 5.25}, "case": "generated_float_n5_s3", "input": [2.25, 2.75, 5.25, 5.5, 8.0], "match": true}
{"candidate": {"kind": "return", "type": "float", "value": 4.375}, "canonical": {"kind": "return", "type": "float", "value": 2.875}, "case": "generated_float_n6_s0", "input": [2.75, -2.25, 5.75, 7.5, 3.0, -2.25], "match": false}
{"candidate": {"kind": "return", "type": "float", "value": 0.5}, "canonical": {"kind": "return", "type": "float", "value": -2.5}, "case": "generated_float_n6_s1", "input": [-9.5, 3.75, -5.5, -2.0, 3.0, -3.0], "match": false}
{"candidate": {"kind": "return", "type": "float", "value": 0.25}, "canonical": {"kind": "return", "type": "float", "value": -2.375}, "case": "generated_float_n6_s2", "input": [-1.5, -6.0, 2.75, -4.5, 2.0, -3.25], "match": false}
{"candidate": {"kind": "return", "type": "float", "value": 4.5}, "canonical": {"kind": "return", "type": "float", "value": 0.25}, "case": "generated_float_n6_s3", "input": [-6.0, 3.5, -6.75, 5.5, -3.0, 5.5], "match": false}
{"candidate": {"kind": "return", "type": "float", "value": 0.75}, "canonical": {"kind": "return", "type": "float", "value": 0.75}, "case": "generated_float_n7_s0", "input": [-7.0, 6.75, -9.75, 9.5, 6.25, 0.75, -6.5], "match": true}
{"candidate": {"kind": "return", "type": "float", "value": -2.5}, "canonical": {"kind": "return", "type": "float", "value": -2.5}, "case": "generated_float_n7_s1", "input": [-0.25, -2.5, -4.75, -0.5, 1.25, -8.25, -6.75], "match": true}
{"candidate": {"kind": "return", "type": "float", "value": 1.0}, "canonical": {"kind": "return", "type": "float", "value": 1.0}, "case": "generated_float_n7_s2", "input": [-7.25, 2.0, 4.0, 2.0, 1.0, -1.5, -3.75], "match": true}
{"candidate": {"kind": "return", "type": "float", "value": -1.75}, "canonical": {"kind": "return", "type": "float", "value": -1.75}, "case": "generated_float_n7_s3", "input": [2.75, -6.75, -6.0, 3.5, -4.75, 8.25, -1.75], "match": true}
{"candidate": {"kind": "return", "type": "float", "value": 2.625}, "canonical": {"kind": "return", "type": "float", "value": 1.25}, "case": "generated_float_n8_s0", "input": [8.25, 7.75, 2.5, 2.75, 0.0, -1.25, -1.5, -1.5], "match": false}
{"candidate": {"kind": "return", "type": "float", "value": -0.875}, "canonical": {"kind": "return", "type": "float", "value": -3.125}, "case": "generated_float_n8_s1", "input": [-4.5, -5.75, -5.75, -1.75, 8.0, -8.0, 0.0, 4.0], "match": false}
{"candidate": {"kind": "return", "type": "float", "value": 4.25}, "canonical": {"kind": "return", "type": "float", "value": 1.5}, "case": "generated_float_n8_s2", "input": [5.5, 4.75, 4.5, 4.0, -1.0, -9.0, -5.5, -8.5], "match": false}
{"candidate": {"kind": "return", "type": "float", "value": -1.75}, "canonical": {"kind": "return", "type": "float", "value": -2.875}, "case": "generated_float_n8_s3", "input": [0.0, -6.0, -1.25, -3.5, -2.25, -9.75, -4.0, -0.5], "match": false}
{"cases": 164, "mismatches": 81}
EXIT_STATUS=1
