input=[9, 1, 5] length=3 satisfies_len_ge_3=True
claimed_K_result=intVal(5)
candidate_python=5
canonical_python=5
input=[1, 2, 3, 4] length=4 satisfies_len_ge_3=True
claimed_K_result=floatVal(7,2)
candidate_python=3.5
canonical_python=2.5
PYTHON_EXIT_STATUS=0
<median>
  <k>
    .K
  </k>
  <input>
    cons ( 9 , cons ( 1 , cons ( 5 , nil ) ) )
  </input>
  <result>
    intVal ( 5 )
  </result>
</median>
KRUN_ODD_EXIT_STATUS=0
<median>
  <k>
    .K
  </k>
  <input>
    cons ( 1 , cons ( 2 , cons ( 3 , cons ( 4 , nil ) ) ) )
  </input>
  <result>
    floatVal ( 7 , 2 )
  </result>
</median>
KRUN_EVEN_EXIT_STATUS=0
