WORKDIR: /audit-output
COMMAND: bash -lc rm\ -r\ /tmp/audit-work/161-solve/__pycache__\;\ for\ f\ in\ /reference/prompt.py\ /reference/canonical.py\ /candidate/solution.py\ /candidate/solution.mpy\ /candidate/spec.k\ /candidate/verification.k\ /candidate/prove.sh\;\ do\ printf\ \"=====\ %s\ =====\\n\"\ \"\$f\"\;\ nl\ -ba\ \"\$f\"\;\ done
===== /reference/prompt.py =====
     1	
     2	def solve(s):
     3	    """You are given a string s.
     4	    if s[i] is a letter, reverse its case from lower to upper or vise versa, 
     5	    otherwise keep it as it is.
     6	    If the string contains no letters, reverse the string.
     7	    The function should return the resulted string.
     8	    Examples
     9	    solve("1234") = "4321"
    10	    solve("ab") = "AB"
    11	    solve("#a@C") = "#A@c"
    12	    """
===== /reference/canonical.py =====
     1	# canonical.py — the UNMODIFIED HumanEval/161 reference solution (from the dataset).
     2	# Co-located with solution.py (the proof rewrite) to make the original<->rewrite link
     3	# explicit & auditable.  entry point: solve
     4	
     5	
     6	def solve(s):
     7	    """You are given a string s.
     8	    if s[i] is a letter, reverse its case from lower to upper or vise versa, 
     9	    otherwise keep it as it is.
    10	    If the string contains no letters, reverse the string.
    11	    The function should return the resulted string.
    12	    Examples
    13	    solve("1234") = "4321"
    14	    solve("ab") = "AB"
    15	    solve("#a@C") = "#A@c"
    16	    """
    17	    flg = 0
    18	    idx = 0
    19	    new_str = list(s)
    20	    for i in s:
    21	        if i.isalpha():
    22	            new_str[idx] = i.swapcase()
    23	            flg = 1
    24	        idx += 1
    25	    s = ""
    26	    for i in new_str:
    27	        s += i
    28	    if flg == 0:
    29	        return s[len(s)::-1]
    30	    return s
===== /candidate/solution.py =====
     1	def solve(s):
     2	    result = s.swapcase()
     3	    if result == s:
     4	        return s[::-1]
     5	    return result
===== /candidate/solution.mpy =====
     1	Module(
     2	  FuncDef("solve", Params("s"),
     3	    Assign(Name("result"), Call(Attribute(Name("s"), "swapcase"), ))
     4	    If(Compare(Name("result"), CmpOp("==", Name("s"))),
     5	      Return(
     6	        Subscript(
     7	          Name("s"),
     8	          Slice(NoBound, NoBound, UnaryOp("-", Int(1))))),
     9	      )
    10	    Return(Name("result"))))
===== /candidate/spec.k =====
     1	requires "verification.k"
     2	
     3	module SPEC
     4	  imports VERIFICATION
     5	
     6	  claim [swaps-when-a-letter-exists]:
     7	    <k> #runSolve(CS:IntSeq) => str(mapSwap(CS)) </k>
     8	    <env> 0 </env>
     9	    <scopes>
    10	      0  |-> scope(.Map => "solve" |-> solutionClosure(), parent(-1))
    11	      -1 |-> builtinsScope
    12	    </scopes>
    13	    <scopeLoc> 1 </scopeLoc>
    14	    <heap> .Map </heap>
    15	    <heapLoc> 0 </heapLoc>
    16	    <stack> .List </stack>
    17	    <ret> noRet </ret>
    18	    <exc> NoExc </exc>
    19	    <exit-code> 0 </exit-code>
    20	    requires notBool (CS ==K mapSwap(CS))
    21	
    22	  claim [reverses-when-no-letter-exists]:
    23	    <k> #runSolve(CS:IntSeq) => str(revIS(CS)) </k>
    24	    <env> 0 </env>
    25	    <scopes>
    26	      0  |-> scope(.Map => "solve" |-> solutionClosure(), parent(-1))
    27	      -1 |-> builtinsScope
    28	    </scopes>
    29	    <scopeLoc> 1 </scopeLoc>
    30	    <heap> .Map </heap>
    31	    <heapLoc> 0 </heapLoc>
    32	    <stack> .List </stack>
    33	    <ret> noRet </ret>
    34	    <exc> NoExc </exc>
    35	    <exit-code> 0 </exit-code>
    36	    requires CS ==K mapSwap(CS)
    37	endmodule
===== /candidate/verification.k =====
     1	requires "reference-semantics/semantics.k"
     2	
     3	module VERIFICATION
     4	  imports MPY
     5	
     6	  // The exact constructor tree emitted in solution.mpy.
     7	  syntax Stmts ::= solveBody ( ) [function, total]
     8	  rule solveBody()
     9	    => Assign(Name("result"),
    10	         Call(Attribute(Name("s"), "swapcase"), .Exprs))
    11	       If(Compare(Name("result"), CmpOp("==", Name("s"))),
    12	         Return(Subscript(Name("s"),
    13	           Slice(NoBound, NoBound, UnaryOp("-", Int(1))))) .Stmts,
    14	         .Stmts)
    15	       Return(Name("result")) .Stmts
    16	
    17	  syntax Module ::= solutionModule ( ) [function, total]
    18	  rule solutionModule()
    19	    => Module(FuncDef("solve", Params("s"), solveBody()))
    20	
    21	  syntax Val ::= solutionClosure ( ) [function, total]
    22	  rule solutionClosure()
    23	    => closureVal("s", .ParamNames, solveBody(), 0)
    24	
    25	  // Natural contract on the reference semantics' ASCII code-sequence model.
    26	  syntax Bool ::= containsLetter ( IntSeq ) [function, total]
    27	  rule containsLetter(CS) => notBool (mapSwap(CS) ==K CS)
    28	
    29	  syntax IntSeq ::= solveSpec ( IntSeq ) [function, total]
    30	  rule solveSpec(CS)
    31	    => #if containsLetter(CS)
    32	       #then mapSwap(CS)
    33	       #else revIS(CS)
    34	       #fi
    35	
    36	  // Sound proof lemma connecting a full negative-step slice to reversal.
    37	  rule doSlice(str(CS), noB, noB, someB(-1))
    38	    => str(revIS(CS))
    39	    [simplification]
    40	
    41	  rule buildIS(CS, isLen(CS) +Int -1, -1, -1)
    42	    => revIS(CS)
    43	    [simplification]
    44	
    45	  syntax KItem ::= #runSolve ( IntSeq )
    46	  rule <k> #runSolve(CS)
    47	        => #loadAll(solutionModule())
    48	        ~> Call(Name("solve"), (str(CS), .Exprs)) ... </k>
    49	endmodule
    50	
    51	module VERIFICATION-SYNTAX
    52	  imports VERIFICATION
    53	endmodule
===== /candidate/prove.sh =====
     1	#!/usr/bin/env bash
     2	set -euo pipefail
     3	
     4	python3 py2mpy.py solution.py > solution.mpy
     5	python3 py2mpy.py concrete_tests.py > concrete_tests.mpy
     6	
     7	kompile reference-semantics/semantics.k \
     8	  --backend llvm \
     9	  --main-module MPY-KRUN \
    10	  --syntax-module MPY-SYNTAX \
    11	  --output-definition runtime-kompiled
    12	
    13	krun solution.mpy --definition runtime-kompiled
    14	krun concrete_tests.mpy --definition runtime-kompiled
    15	
    16	kompile verification.k \
    17	  --backend haskell \
    18	  --main-module VERIFICATION \
    19	  --syntax-module VERIFICATION-SYNTAX \
    20	  --output-definition verification-kompiled
    21	
    22	kprove spec.k \
    23	  --definition verification-kompiled \
    24	  --spec-module SPEC

EXIT_STATUS: 0
