WORKDIR: /tmp/audit-work/161-solve
COMMAND: bash -lc for\ f\ in\ reference-semantics/semantics/subscript.k\ reference-semantics/semantics/controls.k\;\ do\ printf\ \"=====\ %s\ =====\\n\"\ \"\$f\"\;\ nl\ -ba\ \"\$f\"\;\ done
===== reference-semantics/semantics/subscript.k =====
     1	// reference/src/semantics/subscript.k — MPY-SUBSCRIPT
     2	
     3	module MPY-SUBSCRIPT
     4	  imports MPY-CORE
     5	
     6	  // ==== positional access + negative-index normalization (used only here) ===
     7	  // valSeqAt is [total]: in-bounds vCons access reduces as usual; on an OPAQUE sequence (e.g.
     8	  // a trusted sort's sortVS(VS)) or OOB it stays an abstract total value — so indexing the
     9	  // opaque sorted list is DEFINED (no undischarged #Ceil), matching the old semantics' total
    10	  // atK. K trusts the [total] annotation; valid programs index in-bounds.
    11	  syntax Val ::= valSeqAt(ValSeq, Int) [function, total]
    12	  rule valSeqAt(vCons(V:Val, _:ValSeq), 0)     => V
    13	  rule valSeqAt(vCons(_:Val, S:ValSeq), I:Int) => valSeqAt(S, I -Int 1)
    14	       requires I >Int 0
    15	
    16	  syntax Int ::= intSeqAt(IntSeq, Int) [function]
    17	  rule intSeqAt(iCons(C:Int, _:IntSeq), 0)     => C
    18	  rule intSeqAt(iCons(_:Int, S:IntSeq), I:Int) => intSeqAt(S, I -Int 1)
    19	       requires I >Int 0
    20	
    21	  syntax Int ::= normIdx(Int, Int) [function, total]
    22	  rule normIdx(I:Int, LEN:Int) => I +Int LEN requires I  <Int 0
    23	  rule normIdx(I:Int, _:Int)   => I          requires I >=Int 0
    24	
    25	  // ==== Subscript: indexing obj[i] (list / tuple / str) =====================
    26	  // contexts (not strict attrs): the Index slot's Slice alternative must never heat
    27	  context Subscript(HOLE, _)
    28	  context Subscript(_:Val, HOLE:Expr)
    29	
    30	  // heap-object deref (covers both the index and slice forms via the Index slot)
    31	  rule <k> Subscript(ref(H:Int), IX:Index) => Subscript(V, IX) ... </k>
    32	       <heap> ... H |-> V:Val ... </heap>
    33	       [priority(40)]
    34	
    35	  rule <k> Subscript(OBJ:Val, I:Int) => applyIndex(OBJ, I) ... </k>
    36	
    37	  syntax Val ::= applyIndex(Val, Int) [function]
    38	  rule applyIndex(list(VS:ValSeq),  I:Int) => valSeqAt(VS, normIdx(I, vsLen(VS)))
    39	  rule applyIndex(tuple(VS:ValSeq), I:Int) => valSeqAt(VS, normIdx(I, vsLen(VS)))
    40	  rule applyIndex(str(IS:IntSeq),   I:Int)
    41	    => str(iCons(intSeqAt(IS, normIdx(I, isLen(IS))), .IntSeq))
    42	
    43	  // ==== Slice: obj[lo:hi:step] (list / str) — CPython slice.indices ==========
    44	  syntax KItem ::= #evalB(Bound) | "#toSome"
    45	                 | #slLo(Val, Bound, Bound)
    46	                 | #slHi(Val, OptInt, Bound)
    47	                 | #slStep(Val, OptInt, OptInt)
    48	
    49	  syntax OptInt ::= "noB" | someB(Int)
    50	  rule <k> #evalB(NoBound)  => noB ... </k>
    51	  rule <k> #evalB(E:Expr)   => E ~> #toSome ... </k>
    52	  rule <k> I:Int ~> #toSome => someB(I) ... </k>
    53	
    54	  rule <k> Subscript(OBJ:Val, Slice(LO:Bound, HI:Bound, ST:Bound)) => #evalB(LO) ~> #slLo(OBJ, HI, ST) ... </k>
    55	  rule <k> LO:OptInt ~> #slLo(OBJ:Val, HI:Bound, ST:Bound)   => #evalB(HI) ~> #slHi(OBJ, LO, ST) ... </k>
    56	  rule <k> HI:OptInt ~> #slHi(OBJ:Val, LO:OptInt, ST:Bound)  => #evalB(ST) ~> #slStep(OBJ, LO, HI) ... </k>
    57	  // a list slice constructs a NEW object; a str slice stays a value
    58	  rule <k> ST:OptInt ~> #slStep(list(VS:ValSeq), LO:OptInt, HI:OptInt)
    59	        => #alloc(doSlice(list(VS), LO, HI, ST)) ... </k>
    60	       [priority(45)]
    61	  rule <k> ST:OptInt ~> #slStep(OBJ:Val, LO:OptInt, HI:OptInt) => doSlice(OBJ, LO, HI, ST) ... </k>
    62	
    63	  syntax Val ::= doSlice(Val, OptInt, OptInt, OptInt) [function]
    64	  rule doSlice(list(VS:ValSeq), LO:OptInt, HI:OptInt, ST:OptInt)
    65	    => list(buildVS(VS, slStart(LO, ST, vsLen(VS)), slStop(HI, ST, vsLen(VS)), slStep(ST)))
    66	  rule doSlice(tuple(VS:ValSeq), LO:OptInt, HI:OptInt, ST:OptInt)
    67	    => tuple(buildVS(VS, slStart(LO, ST, vsLen(VS)), slStop(HI, ST, vsLen(VS)), slStep(ST)))
    68	  rule doSlice(str(IS:IntSeq), LO:OptInt, HI:OptInt, ST:OptInt)
    69	    => str(buildIS(IS, slStart(LO, ST, isLen(IS)), slStop(HI, ST, isLen(IS)), slStep(ST)))
    70	
    71	  // ==== slice.indices: step / start / stop / clamp ==========================
    72	  syntax Int ::= slStep(OptInt) [function, total]
    73	  rule slStep(noB)          => 1
    74	  rule slStep(someB(S:Int)) => S
    75	
    76	  syntax Int ::= slStart(OptInt, OptInt, Int) [function]
    77	  rule slStart(noB,          ST:OptInt, _LEN:Int) => 0
    78	       requires slStep(ST) >Int 0
    79	  rule slStart(noB,          ST:OptInt, LEN:Int)  => LEN -Int 1
    80	       requires slStep(ST) <Int 0
    81	  rule slStart(someB(I:Int), ST:OptInt, LEN:Int)  => slAdjust(I, LEN, slStep(ST))
    82	
    83	  syntax Int ::= slStop(OptInt, OptInt, Int) [function]
    84	  rule slStop(noB,          ST:OptInt, LEN:Int)  => LEN
    85	       requires slStep(ST) >Int 0
    86	  rule slStop(noB,          ST:OptInt, _LEN:Int) => -1
    87	       requires slStep(ST) <Int 0
    88	  rule slStop(someB(I:Int), ST:OptInt, LEN:Int)  => slAdjust(I, LEN, slStep(ST))
    89	
    90	  syntax Int ::= slAdjust(Int, Int, Int) [function, total]
    91	  rule slAdjust(I:Int, LEN:Int, STEP:Int) => clampLo(I +Int LEN, STEP)
    92	       requires I  <Int 0
    93	  rule slAdjust(I:Int, LEN:Int, STEP:Int) => clampHi(I, LEN, STEP)
    94	       requires I >=Int 0
    95	
    96	  syntax Int ::= clampLo(Int, Int) [function, total]
    97	  rule clampLo(J:Int, _STEP:Int) => J
    98	       requires J >=Int 0
    99	  rule clampLo(J:Int, STEP:Int)  => #if STEP <Int 0 #then -1 #else 0 #fi
   100	       requires J <Int 0
   101	
   102	  syntax Int ::= clampHi(Int, Int, Int) [function, total]
   103	  rule clampHi(I:Int, LEN:Int, _STEP:Int) => I
   104	       requires I  <Int LEN
   105	  rule clampHi(I:Int, LEN:Int, STEP:Int)  => #if STEP <Int 0 #then LEN -Int 1 #else LEN #fi
   106	       requires I >=Int LEN
   107	
   108	  // ==== build the strided sub-sequence (indices in range by construction) ====
   109	  syntax ValSeq ::= buildVS(ValSeq, Int, Int, Int) [function]
   110	  rule buildVS(VS:ValSeq, I:Int, STOP:Int, STEP:Int)
   111	    => vCons(valSeqAt(VS, I), buildVS(VS, I +Int STEP, STOP, STEP))
   112	       requires (STEP >Int 0 andBool I <Int STOP) orBool (STEP <Int 0 andBool I >Int STOP)
   113	  rule buildVS(_:ValSeq, I:Int, STOP:Int, STEP:Int) => .ValSeq
   114	       requires notBool ((STEP >Int 0 andBool I <Int STOP) orBool (STEP <Int 0 andBool I >Int STOP))
   115	
   116	  syntax IntSeq ::= buildIS(IntSeq, Int, Int, Int) [function]
   117	  rule buildIS(IS:IntSeq, I:Int, STOP:Int, STEP:Int)
   118	    => iCons(intSeqAt(IS, I), buildIS(IS, I +Int STEP, STOP, STEP))
   119	       requires (STEP >Int 0 andBool I <Int STOP) orBool (STEP <Int 0 andBool I >Int STOP)
   120	  rule buildIS(_:IntSeq, I:Int, STOP:Int, STEP:Int) => .IntSeq
   121	       requires notBool ((STEP >Int 0 andBool I <Int STOP) orBool (STEP <Int 0 andBool I >Int STOP))
   122	endmodule
===== reference-semantics/semantics/controls.k =====
     1	// reference/src/semantics/controls.k — MPY-CONTROLS
     2	
     3	module MPY-CONTROLS
     4	  imports MPY-CORE
     5	  imports MPY-TUPLE
     6	  imports MPY-ITER
     7	
     8	  // ==== Assign / AugAssign (write the current scope; RHS evaluated by strictness) ==
     9	  rule <k> Assign(Name(X:String), V:Val) => .K ... </k>
    10	       <env> L:Int </env>
    11	       <scopes> ... L |-> scope(M:Map => M [ X <- V ], _) ... </scopes>
    12	  rule <k> Assign(Name(X:String), V:Val) => #cellW({M[X]}:>Val, V) ... </k>
    13	       <env> L:Int </env>
    14	       <scopes> ... L |-> scope(M:Map, _) ... </scopes>
    15	       requires "$cells" in_keys(M)
    16	        andBool pnMember(X, cellsOf({M["$cells"]}:>Val))
    17	        andBool X in_keys(M) andBool isCellRef({M[X]}:>Val)
    18	       [priority(40)]
    19	
    20	  rule <k> AugAssign(Name(X:String), OP:String, V:Val) => .K ... </k>
    21	       <env> L:Int </env>
    22	       <scopes> ... L |-> scope(M:Map => M [ X <- applyBin(OP, {M[X]}:>Val, V) ], _) ... </scopes>
    23	       requires X in_keys(M)
    24	  // `lst += [..]` where lst is a heap ref: the generic rule leaves applyBin(OP, ref, V) — but the
    25	  // ref-deref preemption is BinOp-level (operators.k), so applyBin never derefs and it sticks. Route
    26	  // the ref case through BinOp so the deref + list-concat + #alloc path fires (result is a fresh ref).
    27	  rule <k> AugAssign(Name(X:String), OP:String, V:Val) => Assign(Name(X), BinOp(OP, Name(X), V)) ... </k>
    28	       <env> L:Int </env>
    29	       <scopes> ... L |-> scope(M:Map, _) ... </scopes>
    30	       requires X in_keys(M) andBool isRefV({M[X]}:>Val)
    31	       [priority(40)]
    32	
    33	  // ==== import trivia: `from math import floor, ceil` binds the supported
    34	  // names as builtins in the current scope; every other import is a no-op
    35	  rule <k> ImportFrom("math", NS:ParamNames) => #bindImports(NS) ... </k>
    36	  rule <k> ImportFrom(_:String, _:ParamNames) => .K ... </k> [owise]
    37	  syntax KItem ::= #bindImports(ParamNames)
    38	  rule <k> #bindImports(.ParamNames) => .K ... </k>
    39	  rule <k> #bindImports((N:String, NS:ParamNames)) => #bindImports(NS) ... </k>
    40	       <env> L:Int </env>
    41	       <scopes> ... L |-> scope(M:Map => M [ N <- builtinV(N) ], _) ... </scopes>
    42	       requires N ==String "floor" orBool N ==String "ceil"
    43	  rule <k> #bindImports((N:String, NS:ParamNames)) => #bindImports(NS) ... </k>
    44	       requires notBool (N ==String "floor" orBool N ==String "ceil")
    45	
    46	  // ==== Expr statement: evaluate for effect, discard the value ===============
    47	  // (bare calls — mutator methods, docstrings; the WP0 statement-trivia rung)
    48	  rule <k> Expr(_:Val) => .K ... </k>
    49	
    50	  // ==== If (condition evaluated by strictness) ==============================
    51	  syntax KItem ::= #branch(Bool, Stmts, Stmts)
    52	  rule <k> If(C:Val, T:Stmts, E:Stmts) => #branch(truthy(C), T, E) ... </k>
    53	  rule <k> #branch(true,  T:Stmts, _:Stmts) => T ... </k>
    54	  rule <k> #branch(false, _:Stmts, E:Stmts) => E ... </k>
    55	
    56	  // ==== IfExp: ternary T if C else E ========================================
    57	  rule <k> IfExp(V:Val, T:Expr, _:Expr) => T ... </k>
    58	       requires truthy(V)
    59	  rule <k> IfExp(V:Val, _:Expr, E:Expr) => E ... </k>
    60	       requires notBool truthy(V)
    61	
    62	  // ==== For: one loop, in-cell continuation, over #iterNext =================
    63	  // (the iterable is evaluated once, by strictness; the protocol stays rewrites —
    64	  // circularities anchor on #loop and narrowing substitutes the structure)
    65	  syntax KItem ::= #loop(Val, Expr, Stmts) | #loopStep(Expr, Stmts)
    66	                 | #while(Expr, Stmts) | #whileCond(Expr, Stmts)
    67	                 | #loopLbl(K) | "#cont" | "#brk"
    68	
    69	  rule <k> For(T:Expr, OBJ:Val, B:Stmts) => #loop(OBJ, T, B) ... </k>
    70	
    71	  rule <k> #loop(IT:Iterable, T:Expr, B:Stmts) => #iterNext(IT) ~> #loopStep(T, B) ... </k>
    72	  rule <k> #iterDone ~> #loopStep(_:Expr, _:Stmts) => .K ... </k>
    73	  rule <k> #iterYield(V:Val, REST:Iterable) ~> #loopStep(T:Expr, B:Stmts)
    74	        => #bindTgt(T, V) ~> B ~> #loopLbl(#loop(REST, T, B)) ... </k>
    75	
    76	  // ==== While ==============================================================
    77	  rule <k> While(C:Expr, B:Stmts) => #while(C, B) ... </k>
    78	  rule <k> #while(C:Expr, B:Stmts) => C ~> #whileCond(C, B) ... </k>
    79	  rule <k> V:Val ~> #whileCond(C:Expr, B:Stmts) => B ~> #loopLbl(#while(C, B)) ... </k>
    80	       requires truthy(V)
    81	  rule <k> V:Val ~> #whileCond(_C:Expr, _B:Stmts) => .K ... </k>
    82	       requires notBool truthy(V)
    83	
    84	  // ==== loop control (break / continue) =====================================
    85	  rule <k> #loopLbl(NEXT:K) => NEXT ... </k>
    86	  rule <k> Continue => #cont ... </k>
    87	  rule <k> Break => #brk ... </k>
    88	  rule <k> #cont ~> #loopLbl(NEXT:K) => NEXT ... </k>
    89	  rule <k> #cont ~> (_:KItem => .K) ... </k> [owise]
    90	  rule <k> #brk ~> #loopLbl(_:K) => .K ... </k>
    91	  rule <k> #brk ~> (_:KItem => .K) ... </k> [owise]
    92	
    93	  // ==== heap-object deref at the truthiness/iteration consumers ==============
    94	  // (priority(40) preempts the generic Val rules so truthy/#loop never see a ref)
    95	  rule <k> If(ref(H:Int), T:Stmts, E:Stmts) => If(V, T, E) ... </k>
    96	       <heap> ... H |-> V:Val ... </heap>
    97	       [priority(40)]
    98	  rule <k> IfExp(ref(H:Int), T:Expr, E:Expr) => IfExp(V, T, E) ... </k>
    99	       <heap> ... H |-> V:Val ... </heap>
   100	       [priority(40)]
   101	  rule <k> ref(H:Int) ~> #whileCond(C:Expr, B:Stmts) => V ~> #whileCond(C, B) ... </k>
   102	       <heap> ... H |-> V:Val ... </heap>
   103	       [priority(40)]
   104	  // For derefs its iterable ONCE at loop start (iteration is over the snapshot;
   105	  // mutating the iterated list inside its own loop is outside the subset)
   106	  rule <k> For(T:Expr, ref(H:Int), B:Stmts) => For(T, V, B) ... </k>
   107	       <heap> ... H |-> V:Val ... </heap>
   108	       [priority(40)]
   109	endmodule

EXIT_STATUS: 0
