WORKDIR: /tmp/audit-work/161-solve
COMMAND: python3 /audit-output/evidence/differential_test.py
total_cases=16112
canonical_letter_branch=16080
canonical_no_letter_branch=32
mismatch_count=1858
MISMATCH label=uncased-unicode-plus-digit input='1中' canonical='1中' candidate='中1'
MISMATCH label=uncased-unicode-two input='中文' canonical='中文' candidate='文中'
MISMATCH label=generated-len-2 input='aΣ' canonical='Aσ' candidate='Aς'
MISMATCH label=generated-len-2 input='ZΣ' canonical='zσ' candidate='zς'
MISMATCH label=generated-len-2 input='0中' canonical='0中' candidate='中0'
MISMATCH label=generated-len-2 input='0文' canonical='0文' candidate='文0'
MISMATCH label=generated-len-2 input='#中' canonical='#中' candidate='中#'
MISMATCH label=generated-len-2 input='#文' canonical='#文' candidate='文#'
MISMATCH label=generated-len-2 input='éΣ' canonical='Éσ' candidate='Éς'
MISMATCH label=generated-len-2 input='ßΣ' canonical='SSσ' candidate='SSς'
MISMATCH label=generated-len-2 input='中0' canonical='中0' candidate='0中'
MISMATCH label=generated-len-2 input='中#' canonical='中#' candidate='#中'
MISMATCH label=generated-len-2 input='文0' canonical='文0' candidate='0文'
MISMATCH label=generated-len-2 input='文#' canonical='文#' candidate='#文'
MISMATCH label=generated-len-2 input='文中' canonical='文中' candidate='中文'
MISMATCH label=generated-len-2 input='ΣΣ' canonical='σσ' candidate='σς'
MISMATCH label=generated-len-2 input='ςΣ' canonical='Σσ' candidate='Σς'
MISMATCH label=generated-len-2 input='İΣ' canonical='i̇σ' candidate='i̇ς'
MISMATCH label=generated-len-3 input='aaΣ' canonical='AAσ' candidate='AAς'
MISMATCH label=generated-len-3 input='aZΣ' canonical='Azσ' candidate='Azς'

EXIT_STATUS: 0
