kore-exec: [1709530] Warning (WarnStuckClaimState):
    The configuration's term doesn't unify with the destination's term and the configuration cannot be rewritten further. Location: /tmp/audit-work/fruit67/body-sensitivity.k:8:5-47:31
Context:
    (InfoReachability) while checking the implication
<generatedTop>
  <k>
    20 ~> .K
  </k>
  <env>
    0
  </env>
  <scopes>
    -1 |-> scope ( "abs" |-> builtinV ( "abs" )
    "all" |-> builtinV ( "all" )
    "any" |-> builtinV ( "any" )
    "bin" |-> builtinV ( "bin" )
    "chr" |-> builtinV ( "chr" )
    "enumerate" |-> builtinV ( "enumerate" )
    "eval" |-> builtinV ( "eval" )
    "float" |-> typeV ( "float" )
    "int" |-> typeV ( "int" )
    "isinstance" |-> builtinV ( "isinstance" )
    "len" |-> builtinV ( "len" )
    "list" |-> builtinV ( "list" )
    "map" |-> builtinV ( "map" )
    "max" |-> builtinV ( "max" )
    "min" |-> builtinV ( "min" )
    "ord" |-> builtinV ( "ord" )
    "range" |-> builtinV ( "range" )
    "round" |-> builtinV ( "round" )
    "set" |-> builtinV ( "set" )
    "sorted" |-> builtinV ( "sorted" )
    "str" |-> typeV ( "str" )
    "sum" |-> builtinV ( "sum" )
    "zip" |-> builtinV ( "zip" ) , root )
    0 |-> scope ( .Map , parent ( -1 ) )
  </scopes>
  <scopeLoc>
    1
  </scopeLoc>
  <heap>
    0 |-> list ( vCons ( str ( iCons ( 53 , .IntSeq ) ) , vCons ( str ( iCons ( 97 , iCons ( 112 , iCons ( 112 , iCons ( 108 , iCons ( 101 , iCons ( 115 , .IntSeq ) ) ) ) ) ) ) , vCons ( str ( iCons ( 97 , iCons ( 110 , iCons ( 100 , .IntSeq ) ) ) ) , vCons ( str ( iCons ( 54 , .IntSeq ) ) , vCons ( str ( iCons ( 111 , iCons ( 114 , iCons ( 97 , iCons ( 110 , iCons ( 103 , iCons ( 101 , iCons ( 115 , .IntSeq ) ) ) ) ) ) ) ) , .ValSeq ) ) ) ) ) )
    1 |-> list ( vCons ( str ( iCons ( 53 , .IntSeq ) ) , vCons ( str ( iCons ( 97 , iCons ( 112 , iCons ( 112 , iCons ( 108 , iCons ( 101 , iCons ( 115 , .IntSeq ) ) ) ) ) ) ) , vCons ( str ( iCons ( 97 , iCons ( 110 , iCons ( 100 , .IntSeq ) ) ) ) , vCons ( str ( iCons ( 54 , .IntSeq ) ) , vCons ( str ( iCons ( 111 , iCons ( 114 , iCons ( 97 , iCons ( 110 , iCons ( 103 , iCons ( 101 , iCons ( 115 , .IntSeq ) ) ) ) ) ) ) ) , .ValSeq ) ) ) ) ) )
  </heap>
  <heapLoc>
    2
  </heapLoc>
  <stack>
    .List
  </stack>
  <ret>
    noRet
  </ret>
  <exc>
    NoExc
  </exc>
  <exit-code>
    0
  </exit-code>
</generatedTop>
[Warning] Compiler: Variable '?FINALHEAP' defined but not used. Prefix variable
name with underscore if this is intentional.
	Source(/tmp/audit-work/fruit67/body-sensitivity.k)
	Location(42,20,42,30)
	42 |	    <heap> .Map => ?FINALHEAP:Map </heap>
	   .	                   ^~~~~~~~~~
[Warning] Compiler: Variable '?FINALHEAPLOC' defined but not used. Prefix
variable name with underscore if this is intentional.
	Source(/tmp/audit-work/fruit67/body-sensitivity.k)
	Location(43,20,43,33)
	43 |	    <heapLoc> 0 => ?FINALHEAPLOC:Int </heapLoc>
	   .	                   ^~~~~~~~~~~~~
[Warning] Compiler: Variable 'As' defined but not used. Prefix variable name
with underscore if this is intentional.
	Source(/tmp/audit-work/fruit67/reference-semantics/semantics/str.k)
	Location(52,27,52,29)
	52 |	  rule strLt(iCons(A:Int, As:IntSeq), iCons(B:Int, Bs:IntSeq)) => true   
      requires A  <Int B
	   .	                          ^~
[Warning] Compiler: Variable 'Bs' defined but not used. Prefix variable name
with underscore if this is intentional.
	Source(/tmp/audit-work/fruit67/reference-semantics/semantics/str.k)
	Location(52,52,52,54)
	52 |	  rule strLt(iCons(A:Int, As:IntSeq), iCons(B:Int, Bs:IntSeq)) => true   
      requires A  <Int B
	   .	                                                   ^~
[Warning] Compiler: Variable 'As' defined but not used. Prefix variable name
with underscore if this is intentional.
	Source(/tmp/audit-work/fruit67/reference-semantics/semantics/str.k)
	Location(53,27,53,29)
	53 |	  rule strLt(iCons(A:Int, As:IntSeq), iCons(B:Int, Bs:IntSeq)) => false  
      requires A  >Int B
	   .	                          ^~
[Warning] Compiler: Variable 'Bs' defined but not used. Prefix variable name
with underscore if this is intentional.
	Source(/tmp/audit-work/fruit67/reference-semantics/semantics/str.k)
	Location(53,52,53,54)
	53 |	  rule strLt(iCons(A:Int, As:IntSeq), iCons(B:Int, Bs:IntSeq)) => false  
      requires A  >Int B
	   .	                                                   ^~
[Error] Prover: backend terminated because the configuration cannot be
rewritten further. See output for more details.
EXIT_STATUS=1
