COMMAND: bash /audit-output/evidence/05b_body_sensitivity.sh
MUTATION: actual loaded function body changed from conditional append to unconditional append
SATISFYING_INPUT: strings=["abc","bcd"], prefix="a"
ORIGINAL_EXPECTATION: ["abc"]; MUTANT_EXECUTION: ["abc","bcd"]
COMMAND: kprove auditor-body-sensitivity.k --definition auditor-verification-kompiled --spec-module AUDITOR-BODY-SENSITIVITY --dry-run
EXIT[dry-run]=0
COMMAND: kprove auditor-body-sensitivity.k --definition auditor-verification-kompiled --spec-module AUDITOR-BODY-SENSITIVITY
EXIT[mutant-proof]=1
kore-exec: [1933022] Warning (WarnStuckClaimState):
    The configuration's term doesn't unify with the destination's term and the configuration cannot be rewritten further. Location: /tmp/audit-work/work/auditor-body-sensitivity.k:9:5-69:23
Context:
    (InfoReachability) while checking the implication
<generatedTop>
  <k>
    ref ( 0 ) ~> .K
  </k>
  <env>
    0
  </env>
  <scopes>
    -1 |-> scope ( "abs" |-> builtinV ( "abs" )
    "all" |-> builtinV ( "all" )
    "any" |-> builtinV ( "any" )
    "bin" |-> builtinV ( "bin" )
    "chr" |-> builtinV ( "chr" )
    "enumerate" |-> builtinV ( "enumerate" )
    "eval" |-> builtinV ( "eval" )
    "float" |-> typeV ( "float" )
    "int" |-> typeV ( "int" )
    "isinstance" |-> builtinV ( "isinstance" )
    "len" |-> builtinV ( "len" )
    "list" |-> builtinV ( "list" )
    "map" |-> builtinV ( "map" )
    "max" |-> builtinV ( "max" )
    "min" |-> builtinV ( "min" )
    "ord" |-> builtinV ( "ord" )
    "range" |-> builtinV ( "range" )
    "round" |-> builtinV ( "round" )
    "set" |-> builtinV ( "set" )
    "sorted" |-> builtinV ( "sorted" )
    "str" |-> typeV ( "str" )
    "sum" |-> builtinV ( "sum" )
    "zip" |-> builtinV ( "zip" ) , root )
    0 |-> scope ( "filter_by_prefix" |-> closureVal ( "strings" , "prefix" , .ParamNames , Assign ( Name ( "result" ) , ListExpr ( .Exprs ) )  Assign ( Name ( "string" ) , Str ( "" ) )  For ( Name ( "string" ) , Name ( "strings" ) , Expr ( Call ( Attribute ( Name ( "result" ) , "append" ) , Name ( "string" ) , .Exprs ) )  .Stmts )  Return ( Name ( "result" ) )  .Stmts , 0 ) , parent ( -1 ) )
  </scopes>
  <scopeLoc>
    1
  </scopeLoc>
  <heap>
    0 |-> list ( vCons ( str ( iCons ( 97 , iCons ( 98 , iCons ( 99 , .IntSeq ) ) ) ) , vCons ( str ( iCons ( 98 , iCons ( 99 , iCons ( 100 , .IntSeq ) ) ) ) , .ValSeq ) ) )
  </heap>
  <heapLoc>
    1
  </heapLoc>
  <stack>
    .List
  </stack>
  <ret>
    noRet
  </ret>
  <exc>
    NoExc
  </exc>
  <exit-code>
    _DotVar1
  </exit-code>
</generatedTop>
[Warning] Compiler: Variable 'As' defined but not used. Prefix variable name
with underscore if this is intentional.
	Source(/tmp/audit-work/work/reference-semantics/semantics/str.k)
	Location(52,27,52,29)
	52 |	  rule strLt(iCons(A:Int, As:IntSeq), iCons(B:Int, Bs:IntSeq)) => true   
      requires A  <Int B
	   .	                          ^~
[Warning] Compiler: Variable 'Bs' defined but not used. Prefix variable name
with underscore if this is intentional.
	Source(/tmp/audit-work/work/reference-semantics/semantics/str.k)
	Location(52,52,52,54)
	52 |	  rule strLt(iCons(A:Int, As:IntSeq), iCons(B:Int, Bs:IntSeq)) => true   
      requires A  <Int B
	   .	                                                   ^~
[Warning] Compiler: Variable 'As' defined but not used. Prefix variable name
with underscore if this is intentional.
	Source(/tmp/audit-work/work/reference-semantics/semantics/str.k)
	Location(53,27,53,29)
	53 |	  rule strLt(iCons(A:Int, As:IntSeq), iCons(B:Int, Bs:IntSeq)) => false  
      requires A  >Int B
	   .	                          ^~
[Warning] Compiler: Variable 'Bs' defined but not used. Prefix variable name
with underscore if this is intentional.
	Source(/tmp/audit-work/work/reference-semantics/semantics/str.k)
	Location(53,52,53,54)
	53 |	  rule strLt(iCons(A:Int, As:IntSeq), iCons(B:Int, Bs:IntSeq)) => false  
      requires A  >Int B
	   .	                                                   ^~
[Warning] Compiler: Variable 'ORIGINAL' defined but not used. Prefix variable
name with underscore if this is intentional.
	Source(/tmp/audit-work/work/verification.k)
	Location(24,34,24,42)
	24 |	              "strings" |-> list(ORIGINAL:ValSeq)
	   .	                                 ^~~~~~~~
[Warning] Compiler: Variable 'OLD' defined but not used. Prefix variable name
with underscore if this is intentional.
	Source(/tmp/audit-work/work/verification.k)
	Location(27,32,27,35)
	27 |	              "string" |-> str(OLD:IntSeq),
	   .	                               ^~~
[Warning] Compiler: Variable 'HP' defined but not used. Prefix variable name
with underscore if this is intentional.
	Source(/tmp/audit-work/work/verification.k)
	Location(33,7,33,9)
	33 |	      HP:Map
	   .	      ^~
[Warning] Compiler: Variable 'NEXT' defined but not used. Prefix variable name
with underscore if this is intentional.
	Source(/tmp/audit-work/work/verification.k)
	Location(38,15,38,19)
	38 |	    <heapLoc> NEXT:Int </heapLoc>
	   .	              ^~~~
[Error] Prover: backend terminated because the configuration cannot be
rewritten further. See output for more details.
RESULT: PASS (actual-body mutation is not captured by the original loop bridge)
