<generatedTop>
  <k>
    .K
  </k>
  <env>
    0
  </env>
  <scopes>
    -1 |-> scope ( "abs" |-> builtinV ( "abs" )
    "all" |-> builtinV ( "all" )
    "any" |-> builtinV ( "any" )
    "bin" |-> builtinV ( "bin" )
    "chr" |-> builtinV ( "chr" )
    "enumerate" |-> builtinV ( "enumerate" )
    "eval" |-> builtinV ( "eval" )
    "float" |-> typeV ( "float" )
    "int" |-> typeV ( "int" )
    "isinstance" |-> builtinV ( "isinstance" )
    "len" |-> builtinV ( "len" )
    "list" |-> builtinV ( "list" )
    "map" |-> builtinV ( "map" )
    "max" |-> builtinV ( "max" )
    "min" |-> builtinV ( "min" )
    "ord" |-> builtinV ( "ord" )
    "range" |-> builtinV ( "range" )
    "round" |-> builtinV ( "round" )
    "set" |-> builtinV ( "set" )
    "sorted" |-> builtinV ( "sorted" )
    "str" |-> typeV ( "str" )
    "sum" |-> builtinV ( "sum" )
    "zip" |-> builtinV ( "zip" ) , root )
    0 |-> scope ( "sorted_list_sum" |-> closureVal ( "lst" , .ParamNames , Assign ( Name ( "even_words" ) , ListExpr ( .Exprs ) )  For ( Name ( "word" ) , Name ( "lst" ) , If ( Compare ( BinOp ( "%" , Call ( Name ( "len" ) , Name ( "word" ) , .Exprs ) , Int ( 2 ) ) , CmpOp ( "==" , Int ( 0 ) ) ) , Expr ( Call ( Attribute ( Name ( "even_words" ) , "append" ) , Name ( "word" ) , .Exprs ) )  .Stmts , .Stmts )  .Stmts )  Return ( Call ( Name ( "sorted" ) , Call ( Name ( "sorted" ) , Name ( "even_words" ) , .Exprs ) , KwArg ( "key" , Name ( "len" ) ) , .Exprs ) )  .Stmts , 0 ) , parent ( -1 ) )
  </scopes>
  <scopeLoc>
    1
  </scopeLoc>
  <heap>
    0 |-> list ( vCons ( str ( iCons ( 97 , iCons ( 97 , .IntSeq ) ) ) , vCons ( str ( iCons ( 97 , .IntSeq ) ) , vCons ( str ( iCons ( 97 , iCons ( 97 , iCons ( 97 , .IntSeq ) ) ) ) , .ValSeq ) ) ) )
    1 |-> list ( vCons ( str ( iCons ( 97 , iCons ( 97 , .IntSeq ) ) ) , .ValSeq ) )
    2 |-> list ( vCons ( str ( iCons ( 97 , iCons ( 97 , .IntSeq ) ) ) , .ValSeq ) )
    3 |-> list ( vCons ( str ( iCons ( 97 , iCons ( 97 , .IntSeq ) ) ) , .ValSeq ) )
    4 |-> list ( vCons ( str ( iCons ( 97 , iCons ( 97 , .IntSeq ) ) ) , .ValSeq ) )
    5 |-> list ( vCons ( str ( iCons ( 97 , iCons ( 98 , .IntSeq ) ) ) , vCons ( str ( iCons ( 97 , .IntSeq ) ) , vCons ( str ( iCons ( 97 , iCons ( 97 , iCons ( 97 , .IntSeq ) ) ) ) , vCons ( str ( iCons ( 99 , iCons ( 100 , .IntSeq ) ) ) , .ValSeq ) ) ) ) )
    6 |-> list ( vCons ( str ( iCons ( 97 , iCons ( 98 , .IntSeq ) ) ) , vCons ( str ( iCons ( 99 , iCons ( 100 , .IntSeq ) ) ) , .ValSeq ) ) )
    7 |-> list ( vCons ( str ( iCons ( 97 , iCons ( 98 , .IntSeq ) ) ) , vCons ( str ( iCons ( 99 , iCons ( 100 , .IntSeq ) ) ) , .ValSeq ) ) )
    8 |-> list ( vCons ( str ( iCons ( 97 , iCons ( 98 , .IntSeq ) ) ) , vCons ( str ( iCons ( 99 , iCons ( 100 , .IntSeq ) ) ) , .ValSeq ) ) )
    9 |-> list ( vCons ( str ( iCons ( 97 , iCons ( 98 , .IntSeq ) ) ) , vCons ( str ( iCons ( 99 , iCons ( 100 , .IntSeq ) ) ) , .ValSeq ) ) )
    10 |-> list ( .ValSeq )
    11 |-> list ( .ValSeq )
    12 |-> list ( .ValSeq )
    13 |-> list ( .ValSeq )
    14 |-> list ( .ValSeq )
    15 |-> list ( vCons ( str ( iCons ( 122 , iCons ( 122 , .IntSeq ) ) ) , vCons ( str ( iCons ( 97 , .IntSeq ) ) , vCons ( str ( iCons ( 98 , iCons ( 98 , iCons ( 98 , iCons ( 98 , .IntSeq ) ) ) ) ) , vCons ( str ( iCons ( 97 , iCons ( 97 , .IntSeq ) ) ) , vCons ( str ( iCons ( 99 , iCons ( 99 , .IntSeq ) ) ) , vCons ( str ( iCons ( 111 , iCons ( 100 , iCons ( 100 , .IntSeq ) ) ) ) , .ValSeq ) ) ) ) ) ) )
    16 |-> list ( vCons ( str ( iCons ( 122 , iCons ( 122 , .IntSeq ) ) ) , vCons ( str ( iCons ( 98 , iCons ( 98 , iCons ( 98 , iCons ( 98 , .IntSeq ) ) ) ) ) , vCons ( str ( iCons ( 97 , iCons ( 97 , .IntSeq ) ) ) , vCons ( str ( iCons ( 99 , iCons ( 99 , .IntSeq ) ) ) , .ValSeq ) ) ) ) )
    17 |-> list ( vCons ( str ( iCons ( 97 , iCons ( 97 , .IntSeq ) ) ) , vCons ( str ( iCons ( 98 , iCons ( 98 , iCons ( 98 , iCons ( 98 , .IntSeq ) ) ) ) ) , vCons ( str ( iCons ( 99 , iCons ( 99 , .IntSeq ) ) ) , vCons ( str ( iCons ( 122 , iCons ( 122 , .IntSeq ) ) ) , .ValSeq ) ) ) ) )
    18 |-> list ( vCons ( str ( iCons ( 97 , iCons ( 97 , .IntSeq ) ) ) , vCons ( str ( iCons ( 99 , iCons ( 99 , .IntSeq ) ) ) , vCons ( str ( iCons ( 122 , iCons ( 122 , .IntSeq ) ) ) , vCons ( str ( iCons ( 98 , iCons ( 98 , iCons ( 98 , iCons ( 98 , .IntSeq ) ) ) ) ) , .ValSeq ) ) ) ) )
    19 |-> list ( vCons ( str ( iCons ( 97 , iCons ( 97 , .IntSeq ) ) ) , vCons ( str ( iCons ( 99 , iCons ( 99 , .IntSeq ) ) ) , vCons ( str ( iCons ( 122 , iCons ( 122 , .IntSeq ) ) ) , vCons ( str ( iCons ( 98 , iCons ( 98 , iCons ( 98 , iCons ( 98 , .IntSeq ) ) ) ) ) , .ValSeq ) ) ) ) )
    20 |-> list ( vCons ( str ( iCons ( 98 , iCons ( 98 , .IntSeq ) ) ) , vCons ( str ( iCons ( 97 , iCons ( 97 , .IntSeq ) ) ) , vCons ( str ( iCons ( 98 , iCons ( 98 , .IntSeq ) ) ) , vCons ( str ( iCons ( 120 , .IntSeq ) ) , .ValSeq ) ) ) ) )
    21 |-> list ( vCons ( str ( iCons ( 98 , iCons ( 98 , .IntSeq ) ) ) , vCons ( str ( iCons ( 97 , iCons ( 97 , .IntSeq ) ) ) , vCons ( str ( iCons ( 98 , iCons ( 98 , .IntSeq ) ) ) , .ValSeq ) ) ) )
    22 |-> list ( vCons ( str ( iCons ( 97 , iCons ( 97 , .IntSeq ) ) ) , vCons ( str ( iCons ( 98 , iCons ( 98 , .IntSeq ) ) ) , vCons ( str ( iCons ( 98 , iCons ( 98 , .IntSeq ) ) ) , .ValSeq ) ) ) )
    23 |-> list ( vCons ( str ( iCons ( 97 , iCons ( 97 , .IntSeq ) ) ) , vCons ( str ( iCons ( 98 , iCons ( 98 , .IntSeq ) ) ) , vCons ( str ( iCons ( 98 , iCons ( 98 , .IntSeq ) ) ) , .ValSeq ) ) ) )
    24 |-> list ( vCons ( str ( iCons ( 97 , iCons ( 97 , .IntSeq ) ) ) , vCons ( str ( iCons ( 98 , iCons ( 98 , .IntSeq ) ) ) , vCons ( str ( iCons ( 98 , iCons ( 98 , .IntSeq ) ) ) , .ValSeq ) ) ) )
  </heap>
  <heapLoc>
    25
  </heapLoc>
  <stack>
    .List
  </stack>
  <ret>
    noRet
  </ret>
  <exc>
    NoExc
  </exc>
  <exit-code>
    0
  </exit-code>
</generatedTop>
