COMMAND: /audit-output/evidence/run_generated_semantics_cases.sh /tmp/audit-work/32-find-zero-audit /tmp/audit-work/32-find-zero-audit/audit-semantic-haskell-kompiled
a7f52038845dd7610b47d75d1529889ed263fabcc408da8ff81c0a1a331cb3fc  /tmp/audit-work/32-find-zero-audit/solution.mpy

CASE: prompt-linear
COMMAND: krun --definition /tmp/audit-work/32-find-zero-audit/audit-semantic-haskell-kompiled -cPGM=$'Module(\n  FuncDef("evaluate_polynomial", Params("xs", "x"),\n    Assign(Name("value"), Int(0))\n    Assign(Name("power"), Int(1))\n    For(Name("coefficient"), Name("xs"),\n      Assign(\n        Name("value"),\n        BinOp(\n          "+",\n          Name("value"),\n          BinOp("*", Name("coefficient"), Name("power"))))\n      Assign(Name("power"), BinOp("*", Name("power"), Name("x"))))\n    Return(Name("value")))\n  FuncDef("find_zero", Params("xs"),\n    Assign(Name("left"), UnaryOp("-", Int(1)))\n    Assign(Name("right"), Int(1))\n    While(Compare(\n      BinOp(\n        "*",\n        Call(Name("evaluate_polynomial"), Name("xs"), Name("left")),\n        Call(Name("evaluate_polynomial"), Name("xs"), Name("right"))),\n      CmpOp(">", Int(0))),\n      Assign(Name("left"), BinOp("*", Name("left"), Int(2)))\n      Assign(Name("right"), BinOp("*", Name("right"), Int(2))))\n    While(Compare(\n      BinOp("-", Name("right"), Name("left")),\n      CmpOp(">", BinOp("/", Int(1), Int(10000000000)))),\n      Assign(\n        Name("middle"),\n        BinOp("/", BinOp("+", Name("left"), Name("right")), Int(2)))\n      If(Compare(\n        BinOp(\n          "*",\n          Call(Name("evaluate_polynomial"), Name("xs"), Name("middle")),\n          Call(Name("evaluate_polynomial"), Name("xs"), Name("left"))),\n        CmpOp(">", Int(0))),\n        Assign(Name("left"), Name("middle")),\n        Assign(Name("right"), Name("middle"))))\n    Return(BinOp("/", BinOp("+", Name("left"), Name("right")), Int(2))))) ;; Invoke("find_zero", list(ListItem(rat(1, 1)) ListItem(rat(2, 1))))' --output pretty
<T>
  <k>
    rat ( -17179869185 , 34359738368 ) ~> .K
  </k>
  <env>
    .Map
  </env>
  <functions>
    .Map
  </functions>
  <stack>
    .List
  </stack>
</T>
CASE_EXIT_STATUS: 0

CASE: prompt-cubic
COMMAND: krun --definition /tmp/audit-work/32-find-zero-audit/audit-semantic-haskell-kompiled -cPGM=$'Module(\n  FuncDef("evaluate_polynomial", Params("xs", "x"),\n    Assign(Name("value"), Int(0))\n    Assign(Name("power"), Int(1))\n    For(Name("coefficient"), Name("xs"),\n      Assign(\n        Name("value"),\n        BinOp(\n          "+",\n          Name("value"),\n          BinOp("*", Name("coefficient"), Name("power"))))\n      Assign(Name("power"), BinOp("*", Name("power"), Name("x"))))\n    Return(Name("value")))\n  FuncDef("find_zero", Params("xs"),\n    Assign(Name("left"), UnaryOp("-", Int(1)))\n    Assign(Name("right"), Int(1))\n    While(Compare(\n      BinOp(\n        "*",\n        Call(Name("evaluate_polynomial"), Name("xs"), Name("left")),\n        Call(Name("evaluate_polynomial"), Name("xs"), Name("right"))),\n      CmpOp(">", Int(0))),\n      Assign(Name("left"), BinOp("*", Name("left"), Int(2)))\n      Assign(Name("right"), BinOp("*", Name("right"), Int(2))))\n    While(Compare(\n      BinOp("-", Name("right"), Name("left")),\n      CmpOp(">", BinOp("/", Int(1), Int(10000000000)))),\n      Assign(\n        Name("middle"),\n        BinOp("/", BinOp("+", Name("left"), Name("right")), Int(2)))\n      If(Compare(\n        BinOp(\n          "*",\n          Call(Name("evaluate_polynomial"), Name("xs"), Name("middle")),\n          Call(Name("evaluate_polynomial"), Name("xs"), Name("left"))),\n        CmpOp(">", Int(0))),\n        Assign(Name("left"), Name("middle")),\n        Assign(Name("right"), Name("middle"))))\n    Return(BinOp("/", BinOp("+", Name("left"), Name("right")), Int(2))))) ;; Invoke("find_zero", list(ListItem(rat(-6, 1)) ListItem(rat(11, 1)) ListItem(rat(-6, 1)) ListItem(rat(1, 1))))' --output pretty
<T>
  <k>
    rat ( 34359738367 , 34359738368 ) ~> .K
  </k>
  <env>
    .Map
  </env>
  <functions>
    .Map
  </functions>
  <stack>
    .List
  </stack>
</T>
CASE_EXIT_STATUS: 0

CASE: midpoint-root
COMMAND: krun --definition /tmp/audit-work/32-find-zero-audit/audit-semantic-haskell-kompiled -cPGM=$'Module(\n  FuncDef("evaluate_polynomial", Params("xs", "x"),\n    Assign(Name("value"), Int(0))\n    Assign(Name("power"), Int(1))\n    For(Name("coefficient"), Name("xs"),\n      Assign(\n        Name("value"),\n        BinOp(\n          "+",\n          Name("value"),\n          BinOp("*", Name("coefficient"), Name("power"))))\n      Assign(Name("power"), BinOp("*", Name("power"), Name("x"))))\n    Return(Name("value")))\n  FuncDef("find_zero", Params("xs"),\n    Assign(Name("left"), UnaryOp("-", Int(1)))\n    Assign(Name("right"), Int(1))\n    While(Compare(\n      BinOp(\n        "*",\n        Call(Name("evaluate_polynomial"), Name("xs"), Name("left")),\n        Call(Name("evaluate_polynomial"), Name("xs"), Name("right"))),\n      CmpOp(">", Int(0))),\n      Assign(Name("left"), BinOp("*", Name("left"), Int(2)))\n      Assign(Name("right"), BinOp("*", Name("right"), Int(2))))\n    While(Compare(\n      BinOp("-", Name("right"), Name("left")),\n      CmpOp(">", BinOp("/", Int(1), Int(10000000000)))),\n      Assign(\n        Name("middle"),\n        BinOp("/", BinOp("+", Name("left"), Name("right")), Int(2)))\n      If(Compare(\n        BinOp(\n          "*",\n          Call(Name("evaluate_polynomial"), Name("xs"), Name("middle")),\n          Call(Name("evaluate_polynomial"), Name("xs"), Name("left"))),\n        CmpOp(">", Int(0))),\n        Assign(Name("left"), Name("middle")),\n        Assign(Name("right"), Name("middle"))))\n    Return(BinOp("/", BinOp("+", Name("left"), Name("right")), Int(2))))) ;; Invoke("find_zero", list(ListItem(rat(0, 1)) ListItem(rat(1, 1))))' --output pretty
<T>
  <k>
    rat ( -1 , 34359738368 ) ~> .K
  </k>
  <env>
    .Map
  </env>
  <functions>
    .Map
  </functions>
  <stack>
    .List
  </stack>
</T>
CASE_EXIT_STATUS: 0

CASE: expansion-positive
COMMAND: krun --definition /tmp/audit-work/32-find-zero-audit/audit-semantic-haskell-kompiled -cPGM=$'Module(\n  FuncDef("evaluate_polynomial", Params("xs", "x"),\n    Assign(Name("value"), Int(0))\n    Assign(Name("power"), Int(1))\n    For(Name("coefficient"), Name("xs"),\n      Assign(\n        Name("value"),\n        BinOp(\n          "+",\n          Name("value"),\n          BinOp("*", Name("coefficient"), Name("power"))))\n      Assign(Name("power"), BinOp("*", Name("power"), Name("x"))))\n    Return(Name("value")))\n  FuncDef("find_zero", Params("xs"),\n    Assign(Name("left"), UnaryOp("-", Int(1)))\n    Assign(Name("right"), Int(1))\n    While(Compare(\n      BinOp(\n        "*",\n        Call(Name("evaluate_polynomial"), Name("xs"), Name("left")),\n        Call(Name("evaluate_polynomial"), Name("xs"), Name("right"))),\n      CmpOp(">", Int(0))),\n      Assign(Name("left"), BinOp("*", Name("left"), Int(2)))\n      Assign(Name("right"), BinOp("*", Name("right"), Int(2))))\n    While(Compare(\n      BinOp("-", Name("right"), Name("left")),\n      CmpOp(">", BinOp("/", Int(1), Int(10000000000)))),\n      Assign(\n        Name("middle"),\n        BinOp("/", BinOp("+", Name("left"), Name("right")), Int(2)))\n      If(Compare(\n        BinOp(\n          "*",\n          Call(Name("evaluate_polynomial"), Name("xs"), Name("middle")),\n          Call(Name("evaluate_polynomial"), Name("xs"), Name("left"))),\n        CmpOp(">", Int(0))),\n        Assign(Name("left"), Name("middle")),\n        Assign(Name("right"), Name("middle"))))\n    Return(BinOp("/", BinOp("+", Name("left"), Name("right")), Int(2))))) ;; Invoke("find_zero", list(ListItem(rat(-8, 1)) ListItem(rat(0, 1)) ListItem(rat(0, 1)) ListItem(rat(1, 1))))' --output pretty
<T>
  <k>
    rat ( 68719476735 , 34359738368 ) ~> .K
  </k>
  <env>
    .Map
  </env>
  <functions>
    .Map
  </functions>
  <stack>
    .List
  </stack>
</T>
CASE_EXIT_STATUS: 0

CASE: expansion-negative
COMMAND: krun --definition /tmp/audit-work/32-find-zero-audit/audit-semantic-haskell-kompiled -cPGM=$'Module(\n  FuncDef("evaluate_polynomial", Params("xs", "x"),\n    Assign(Name("value"), Int(0))\n    Assign(Name("power"), Int(1))\n    For(Name("coefficient"), Name("xs"),\n      Assign(\n        Name("value"),\n        BinOp(\n          "+",\n          Name("value"),\n          BinOp("*", Name("coefficient"), Name("power"))))\n      Assign(Name("power"), BinOp("*", Name("power"), Name("x"))))\n    Return(Name("value")))\n  FuncDef("find_zero", Params("xs"),\n    Assign(Name("left"), UnaryOp("-", Int(1)))\n    Assign(Name("right"), Int(1))\n    While(Compare(\n      BinOp(\n        "*",\n        Call(Name("evaluate_polynomial"), Name("xs"), Name("left")),\n        Call(Name("evaluate_polynomial"), Name("xs"), Name("right"))),\n      CmpOp(">", Int(0))),\n      Assign(Name("left"), BinOp("*", Name("left"), Int(2)))\n      Assign(Name("right"), BinOp("*", Name("right"), Int(2))))\n    While(Compare(\n      BinOp("-", Name("right"), Name("left")),\n      CmpOp(">", BinOp("/", Int(1), Int(10000000000)))),\n      Assign(\n        Name("middle"),\n        BinOp("/", BinOp("+", Name("left"), Name("right")), Int(2)))\n      If(Compare(\n        BinOp(\n          "*",\n          Call(Name("evaluate_polynomial"), Name("xs"), Name("middle")),\n          Call(Name("evaluate_polynomial"), Name("xs"), Name("left"))),\n        CmpOp(">", Int(0))),\n        Assign(Name("left"), Name("middle")),\n        Assign(Name("right"), Name("middle"))))\n    Return(BinOp("/", BinOp("+", Name("left"), Name("right")), Int(2))))) ;; Invoke("find_zero", list(ListItem(rat(8, 1)) ListItem(rat(0, 1)) ListItem(rat(0, 1)) ListItem(rat(1, 1))))' --output pretty
<T>
  <k>
    rat ( -68719476735 , 34359738368 ) ~> .K
  </k>
  <env>
    .Map
  </env>
  <functions>
    .Map
  </functions>
  <stack>
    .List
  </stack>
</T>
CASE_EXIT_STATUS: 0

EXIT_STATUS: 0
