COMMAND: bash -lc find\ /opt/elan\ -maxdepth\ 4\ -printf\ \"%y\ %p\ -\>\ %l\\n\"\ 2\>/dev/null\ \|\ head\ -240\;\ printf\ \"\\nLake\ dynamic\ info\\n\"\;\ file\ /opt/elan/bin/lake\ /opt/elan/bin/lean\;\ ldd\ /opt/elan/bin/lake\ 2\>\&1\ \|\ head\ -80\;\ printf\ \"\\nRelevant\ variables\\n\"\;\ env\ \|\ cut\ -d=\ -f1\ \|\ sort\ \|\ rg\ \"\^\(ELAN\|LEAN\|LAKE\|PATH\|XDG\|HOME\)\"

d /opt/elan -> 
f /opt/elan/env -> 
d /opt/elan/bin -> 
f /opt/elan/bin/lean -> 
f /opt/elan/bin/leanchecker -> 
f /opt/elan/bin/leanpkg -> 
f /opt/elan/bin/elan -> 
f /opt/elan/bin/leanmake -> 
f /opt/elan/bin/leanc -> 
f /opt/elan/bin/lake -> 
f /opt/elan/settings.toml -> 
d /opt/elan/toolchains -> 
d /opt/elan/toolchains/leanprover--lean4---v4.22.0 -> 
d /opt/elan/toolchains/leanprover--lean4---v4.22.0/include -> 
d /opt/elan/toolchains/leanprover--lean4---v4.22.0/include/lean -> 
d /opt/elan/toolchains/leanprover--lean4---v4.22.0/include/clang -> 
d /opt/elan/toolchains/leanprover--lean4---v4.22.0/lib -> 
l /opt/elan/toolchains/leanprover--lean4---v4.22.0/lib/libclang-cpp.so -> libclang-cpp.so.19.1
f /opt/elan/toolchains/leanprover--lean4---v4.22.0/lib/libLLVM.so.19.1 -> 
d /opt/elan/toolchains/leanprover--lean4---v4.22.0/lib/lean -> 
f /opt/elan/toolchains/leanprover--lean4---v4.22.0/lib/crtn.o -> 
f /opt/elan/toolchains/leanprover--lean4---v4.22.0/lib/libc++.a -> 
f /opt/elan/toolchains/leanprover--lean4---v4.22.0/lib/libc++abi.so.1.0 -> 
d /opt/elan/toolchains/leanprover--lean4---v4.22.0/lib/glibc -> 
l /opt/elan/toolchains/leanprover--lean4---v4.22.0/lib/libatomic.so.1 -> libatomic.so.1.2.0
d /opt/elan/toolchains/leanprover--lean4---v4.22.0/lib/clang -> 
f /opt/elan/toolchains/leanprover--lean4---v4.22.0/lib/libz.so.1.2.11 -> 
l /opt/elan/toolchains/leanprover--lean4---v4.22.0/lib/libunwind.so.1 -> libunwind.so.1.0
l /opt/elan/toolchains/leanprover--lean4---v4.22.0/lib/libc++abi.so -> libc++abi.so.1
l /opt/elan/toolchains/leanprover--lean4---v4.22.0/lib/libatomic.so -> libatomic.so.1.2.0
f /opt/elan/toolchains/leanprover--lean4---v4.22.0/lib/libc++.modules.json -> 
l /opt/elan/toolchains/leanprover--lean4---v4.22.0/lib/libunwind.so -> libunwind.so.1
f /opt/elan/toolchains/leanprover--lean4---v4.22.0/lib/libc++.so.1.0 -> 
l /opt/elan/toolchains/leanprover--lean4---v4.22.0/lib/libc++abi.so.1 -> libc++abi.so.1.0
f /opt/elan/toolchains/leanprover--lean4---v4.22.0/lib/libc++abi.a -> 
l /opt/elan/toolchains/leanprover--lean4---v4.22.0/lib/libLLVM-19.so -> libLLVM.so.19.1
f /opt/elan/toolchains/leanprover--lean4---v4.22.0/lib/libgmp.a -> 
l /opt/elan/toolchains/leanprover--lean4---v4.22.0/lib/libz.so.1 -> libz.so.1.2.11
f /opt/elan/toolchains/leanprover--lean4---v4.22.0/lib/libgcc_s.so -> 
f /opt/elan/toolchains/leanprover--lean4---v4.22.0/lib/libgcc_s.so.1 -> 
l /opt/elan/toolchains/leanprover--lean4---v4.22.0/lib/libLLVM.so -> libLLVM.so.19.1
f /opt/elan/toolchains/leanprover--lean4---v4.22.0/lib/Mcrt1.o -> 
f /opt/elan/toolchains/leanprover--lean4---v4.22.0/lib/Scrt1.o -> 
l /opt/elan/toolchains/leanprover--lean4---v4.22.0/lib/libz.so -> libz.so.1.2.11
f /opt/elan/toolchains/leanprover--lean4---v4.22.0/lib/libunwind.a -> 
f /opt/elan/toolchains/leanprover--lean4---v4.22.0/lib/crt1.o -> 
f /opt/elan/toolchains/leanprover--lean4---v4.22.0/lib/libclang-cpp.so.19.1 -> 
f /opt/elan/toolchains/leanprover--lean4---v4.22.0/lib/libuv.a -> 
f /opt/elan/toolchains/leanprover--lean4---v4.22.0/lib/libunwind.so.1.0 -> 
f /opt/elan/toolchains/leanprover--lean4---v4.22.0/lib/libc++.so -> 
f /opt/elan/toolchains/leanprover--lean4---v4.22.0/lib/crti.o -> 
l /opt/elan/toolchains/leanprover--lean4---v4.22.0/lib/libc++.so.1 -> libc++.so.1.0
f /opt/elan/toolchains/leanprover--lean4---v4.22.0/lib/libatomic.so.1.2.0 -> 
f /opt/elan/toolchains/leanprover--lean4---v4.22.0/lib/gcrt1.o -> 
f /opt/elan/toolchains/leanprover--lean4---v4.22.0/LICENSES -> 
d /opt/elan/toolchains/leanprover--lean4---v4.22.0/bin -> 
f /opt/elan/toolchains/leanprover--lean4---v4.22.0/bin/lean -> 
f /opt/elan/toolchains/leanprover--lean4---v4.22.0/bin/clang -> 
f /opt/elan/toolchains/leanprover--lean4---v4.22.0/bin/cadical -> 
f /opt/elan/toolchains/leanprover--lean4---v4.22.0/bin/ld.lld -> 
f /opt/elan/toolchains/leanprover--lean4---v4.22.0/bin/leanmake -> 
f /opt/elan/toolchains/leanprover--lean4---v4.22.0/bin/leanc -> 
f /opt/elan/toolchains/leanprover--lean4---v4.22.0/bin/lake -> 
f /opt/elan/toolchains/leanprover--lean4---v4.22.0/bin/llvm-ar -> 
f /opt/elan/toolchains/leanprover--lean4---v4.22.0/LICENSE -> 
d /opt/elan/toolchains/leanprover--lean4---v4.22.0/share -> 
d /opt/elan/toolchains/leanprover--lean4---v4.22.0/share/lean -> 
d /opt/elan/toolchains/leanprover--lean4---v4.22.0/src -> 
d /opt/elan/toolchains/leanprover--lean4---v4.22.0/src/lean -> 
d /opt/elan/tmp -> 

Lake dynamic info
bash: line 1: file: command not found
	statically linked

Relevant variables
ELAN_HOME
HOME
PATH

EXIT_CODE: 0
