kore-exec: [2456532] Warning (WarnStuckClaimState):
    The configuration's term unifies with the destination's term, but the implication check between the conditions has failed. Location: /tmp/audit-work/reconstruction/spec-body-mutation.k:9:5-35:14
Context:
    (InfoReachability) while checking the implication
kore-exec: [2459963] Warning (WarnUnexploredBranches):
    1 branches were still unexplored when the action failed.
  #Not ( {
    xorAcc ( seqConcat ( R , iCons ( 48 , .IntSeq ) ) , As , Bs )
  #Equals
    xorAcc ( seqConcat ( R , iCons ( 49 , .IntSeq ) ) , As , Bs )
  } )
#And
  <generatedTop>
    <k>
      _DotVar1
    </k>
    <env>
      L
    </env>
    <scopes>
      L:Int |-> scope ( "a" |-> str ( A0 )
      "b" |-> str ( B0 )
      "result" |-> str ( xorAcc ( seqConcat ( R , iCons ( 49 , .IntSeq ) ) , As , Bs ) )
      "x" |-> lastX ( str ( iCons ( B1 , .IntSeq ) ) , As , Bs )
      "y" |-> lastY ( str ( iCons ( B1 , .IntSeq ) ) , As , Bs ) , P )
      _DotVar2
    </scopes>
    <scopeLoc>
      _Gen8
    </scopeLoc>
    <heap>
      _Gen9
    </heap>
    <heapLoc>
      _Gen10
    </heapLoc>
    <stack>
      _Gen11
    </stack>
    <ret>
      _Gen12
    </ret>
    <exc>
      _Gen13
    </exc>
    <exit-code>
      _Gen14
    </exit-code>
  </generatedTop>
#And
  {
    A1
  #Equals
    B1
  }
#And
  {
    A
  #Equals
    iCons ( B1 , As )
  }
#And
  {
    B
  #Equals
    iCons ( B1 , Bs )
  }
#And
  {
    false
  #Equals
    L:Int in_keys ( _DotVar2 )
  }
[Warning] Compiler: Variable 'As' defined but not used. Prefix variable name
with underscore if this is intentional.
	Source(/tmp/audit-work/reconstruction/reference-semantics/semantics/str.k)
	Location(52,27,52,29)
	52 |	  rule strLt(iCons(A:Int, As:IntSeq), iCons(B:Int, Bs:IntSeq)) => true   
      requires A  <Int B
	   .	                          ^~
[Warning] Compiler: Variable 'Bs' defined but not used. Prefix variable name
with underscore if this is intentional.
	Source(/tmp/audit-work/reconstruction/reference-semantics/semantics/str.k)
	Location(52,52,52,54)
	52 |	  rule strLt(iCons(A:Int, As:IntSeq), iCons(B:Int, Bs:IntSeq)) => true   
      requires A  <Int B
	   .	                                                   ^~
[Warning] Compiler: Variable 'As' defined but not used. Prefix variable name
with underscore if this is intentional.
	Source(/tmp/audit-work/reconstruction/reference-semantics/semantics/str.k)
	Location(53,27,53,29)
	53 |	  rule strLt(iCons(A:Int, As:IntSeq), iCons(B:Int, Bs:IntSeq)) => false  
      requires A  >Int B
	   .	                          ^~
[Warning] Compiler: Variable 'Bs' defined but not used. Prefix variable name
with underscore if this is intentional.
	Source(/tmp/audit-work/reconstruction/reference-semantics/semantics/str.k)
	Location(53,52,53,54)
	53 |	  rule strLt(iCons(A:Int, As:IntSeq), iCons(B:Int, Bs:IntSeq)) => false  
      requires A  >Int B
	   .	                                                   ^~
[Warning] Compiler: Variable 'A0' defined but not used. Prefix variable name
with underscore if this is intentional.
	Source(/tmp/audit-work/reconstruction/spec-body-mutation.k)
	Location(27,26,27,28)
	27 |	        "a"      |-> str(A0:IntSeq)
	   .	                         ^~
[Warning] Compiler: Variable 'B0' defined but not used. Prefix variable name
with underscore if this is intentional.
	Source(/tmp/audit-work/reconstruction/spec-body-mutation.k)
	Location(28,26,28,28)
	28 |	        "b"      |-> str(B0:IntSeq)
	   .	                         ^~
[Warning] Compiler: Variable 'P' defined but not used. Prefix variable name
with underscore if this is intentional.
	Source(/tmp/audit-work/reconstruction/spec-body-mutation.k)
	Location(32,9,32,10)
	32 |	        P:Parent
	   .	        ^
[Error] Prover: backend terminated because the configuration cannot be
rewritten further. See output for more details.
EXIT_STATUS=1
