OUTPUT /audit-output/evidence/k-rule-inventory.tsv
ITEMS total=1120
CLASS concrete-rule count=35
CLASS configuration count=1
CLASS context count=5
CLASS endmodule count=29
CLASS function-declaration count=128
CLASS imports count=90
CLASS module count=29
CLASS opaque-function-declaration count=22
CLASS ordinary-rule count=615
CLASS priority-rule count=46
CLASS reachability-claim count=2
CLASS requires count=25
CLASS simplification-rule count=12
CLASS syntax-declaration count=81
DECISION ACCEPTED_CANDIDATE_LOCAL count=17
DECISION ACCEPTED_UNUSED_BASELINE count=831
DECISION ACCEPTED_USED_BASELINE count=147
DECISION STRUCTURE count=123
DECISION TARGET_CLAIM count=2
OPAQUE count=22 locations=semantics/builtins.k:285,semantics/float.k:24,semantics/float.k:30,semantics/float.k:37,semantics/float.k:50,semantics/float.k:54,semantics/float.k:103,semantics/float.k:107,semantics/float.k:111,semantics/float.k:115,semantics/float.k:119,semantics/float.k:125,semantics/float.k:142,semantics/float.k:160,semantics/float.k:190,semantics/float.k:195,semantics/float.k:209,semantics/float.k:217,semantics/float.k:223,semantics/float.k:230,semantics/sort.k:18,semantics/sort.k:49
EXIT_STATUS=0
1121 /audit-output/evidence/k-rule-inventory.tsv
