COMMAND: timeout 90 kprove spec-vacuity.k --definition audit-verification-kompiled --spec-module SPEC-VACUITY
kore-exec: [480602] Warning (WarnStuckClaimState):
    The configuration's term unifies with the destination's term, but the implication check between the conditions has failed. Location: /tmp/audit-work/119-audit.IbWUru/spec-vacuity.k:10:5-14:53
Context:
    (InfoReachability) while checking the implication
kore-exec: [484178] Warning (WarnUnexploredBranches):
    1 branches were still unexplored when the action failed.
  #Ceil ( contractAnswer ( A , B ) )
#And
  #Not ( {
    yesString
  #Equals
    contractAnswer ( A , B )
  } )
#And
  <mpy>
    <k>
      .K
    </k>
    <input>
      ListExpr ( PStr ( A ) , PStr ( B ) , .Exprs )
    </input>
    <env>
      .Map
    </env>
    <functions>
      "is_balanced" |-> closure ( "is_balanced" , Params ( "s" , "depth" , .Strings ) , If ( Compare ( Name ( "depth" ) , CmpOp ( "<" , Int ( 0 ) ) , .CmpOps ) , Return ( Bool ( false ) )  .Stmts , .Stmts )  If ( Compare ( Name ( "s" ) , CmpOp ( "==" , Str ( "" ) ) , .CmpOps ) , Return ( Compare ( Name ( "depth" ) , CmpOp ( "==" , Int ( 0 ) ) , .CmpOps ) )  .Stmts , .Stmts )  If ( Compare ( Subscript ( Name ( "s" ) , Int ( 0 ) ) , CmpOp ( "==" , Str ( "(" ) ) , .CmpOps ) , Return ( Call ( Name ( "is_balanced" ) , Subscript ( Name ( "s" ) , Slice ( Int ( 1 ) , NoBound , NoBound ) ) , BinOp ( "+" , Name ( "depth" ) , Int ( 1 ) ) , .Exprs ) )  .Stmts , .Stmts )  Return ( Call ( Name ( "is_balanced" ) , Subscript ( Name ( "s" ) , Slice ( Int ( 1 ) , NoBound , NoBound ) ) , BinOp ( "-" , Name ( "depth" ) , Int ( 1 ) ) , .Exprs ) )  .Stmts )
      "match_parens" |-> closure ( "match_parens" , Params ( "lst" , .Strings ) , If ( Call ( Name ( "is_balanced" ) , BinOp ( "+" , Subscript ( Name ( "lst" ) , Int ( 0 ) ) , Subscript ( Name ( "lst" ) , Int ( 1 ) ) ) , Int ( 0 ) , .Exprs ) , Return ( Str ( "Yes" ) )  .Stmts , .Stmts )  If ( Call ( Name ( "is_balanced" ) , BinOp ( "+" , Subscript ( Name ( "lst" ) , Int ( 1 ) ) , Subscript ( Name ( "lst" ) , Int ( 0 ) ) ) , Int ( 0 ) , .Exprs ) , Return ( Str ( "Yes" ) )  .Stmts , .Stmts )  Return ( Str ( "No" ) )  .Stmts )
    </functions>
    <result>
      strVal ( contractAnswer ( A , B ) )
    </result>
  </mpy>
[Warning] Compiler: Variable 'A' defined but not used. Prefix variable name
with underscore if this is intentional.
	Source(/tmp/audit-work/119-audit.IbWUru/spec-vacuity.k)
	Location(11,27,11,28)
	11 |	    <input> ListExpr(PStr(A), PStr(B)) </input>
	   .	                          ^
[Warning] Compiler: Variable 'B' defined but not used. Prefix variable name
with underscore if this is intentional.
	Source(/tmp/audit-work/119-audit.IbWUru/spec-vacuity.k)
	Location(11,36,11,37)
	11 |	    <input> ListExpr(PStr(A), PStr(B)) </input>
	   .	                                   ^
[Error] Prover: backend terminated because the configuration cannot be
rewritten further. See output for more details.
EXIT_STATUS: 1
