$ kprove spec-vacuity.k --definition audit-verification-kompiled --spec-module SPEC-VACUITY
kore-exec: [383318] Warning (WarnFunctionWithoutEvaluators):
    No evaluators for function symbol:
        LblarrayAt'LParUndsCommUndsRParUnds'SEMANTIC'Unds'Int'Unds'Int'Unds'Int{} (<no label>)
    defined at: /tmp/audit-work/candidate/semantic.k:69:18-69:65
Context:
    (InfoReachability) while simplifying the claim
kore-exec: [384389] Warning (WarnFunctionWithoutEvaluators):
    No evaluators for function symbol:
        LblarrayAt'LParUndsCommUndsRParUnds'SEMANTIC'Unds'Int'Unds'Int'Unds'Int{} (<no label>)
    defined at: /tmp/audit-work/candidate/semantic.k:69:18-69:65
Context:
    (InfoReachability) while simplifying the claim
kore-exec: [385250] Warning (WarnFunctionWithoutEvaluators):
    No evaluators for function symbol:
        LblarrayAt'LParUndsCommUndsRParUnds'SEMANTIC'Unds'Int'Unds'Int'Unds'Int{} (<no label>)
    defined at: /tmp/audit-work/candidate/semantic.k:69:18-69:65
Context:
    (InfoReachability) while simplifying the claim
kore-exec: [385854] Warning (WarnFunctionWithoutEvaluators):
    No evaluators for function symbol:
        LblarrayAt'LParUndsCommUndsRParUnds'SEMANTIC'Unds'Int'Unds'Int'Unds'Int{} (<no label>)
    defined at: /tmp/audit-work/candidate/semantic.k:69:18-69:65
Context:
    (InfoReachability) while simplifying the claim
kore-exec: [389624] Warning (WarnFunctionWithoutEvaluators):
    No evaluators for function symbol:
        LblarrayAt'LParUndsCommUndsRParUnds'SEMANTIC'Unds'Int'Unds'Int'Unds'Int{} (<no label>)
    defined at: /tmp/audit-work/candidate/semantic.k:69:18-69:65
Context:
    (InfoReachability) while simplifying the claim
kore-exec: [390414] Warning (WarnFunctionWithoutEvaluators):
    No evaluators for function symbol:
        LblarrayAt'LParUndsCommUndsRParUnds'SEMANTIC'Unds'Int'Unds'Int'Unds'Int{} (<no label>)
    defined at: /tmp/audit-work/candidate/semantic.k:69:18-69:65
Context:
    (InfoReachability) while simplifying the claim
kore-exec: [391560] Warning (WarnFunctionWithoutEvaluators):
    No evaluators for function symbol:
        LblarrayAt'LParUndsCommUndsRParUnds'SEMANTIC'Unds'Int'Unds'Int'Unds'Int{} (<no label>)
    defined at: /tmp/audit-work/candidate/semantic.k:69:18-69:65
Context:
    (InfoReachability) while simplifying the claim
kore-exec: [393632] Warning (WarnFunctionWithoutEvaluators):
    No evaluators for function symbol:
        LblarrayAt'LParUndsCommUndsRParUnds'SEMANTIC'Unds'Int'Unds'Int'Unds'Int{} (<no label>)
    defined at: /tmp/audit-work/candidate/semantic.k:69:18-69:65
Context:
    (InfoReachability) while simplifying the claim
kore-exec: [403715] Warning (WarnFunctionWithoutEvaluators):
    No evaluators for function symbol:
        LblarrayAt'LParUndsCommUndsRParUnds'SEMANTIC'Unds'Int'Unds'Int'Unds'Int{} (<no label>)
    defined at: /tmp/audit-work/candidate/semantic.k:69:18-69:65
Context:
    (InfoReachability) while checking the implication
kore-exec: [404402] Warning (WarnFunctionWithoutEvaluators):
    No evaluators for function symbol:
        LblarrayAt'LParUndsCommUndsRParUnds'SEMANTIC'Unds'Int'Unds'Int'Unds'Int{} (<no label>)
    defined at: /tmp/audit-work/candidate/semantic.k:69:18-69:65
Context:
    (InfoReachability) while checking the implication
kore-exec: [404835] Warning (WarnFunctionWithoutEvaluators):
    No evaluators for function symbol:
        LblarrayAt'LParUndsCommUndsRParUnds'SEMANTIC'Unds'Int'Unds'Int'Unds'Int{} (<no label>)
    defined at: /tmp/audit-work/candidate/semantic.k:69:18-69:65
Context:
    (InfoReachability) while checking the implication
kore-exec: [407346] Warning (WarnFunctionWithoutEvaluators):
    No evaluators for function symbol:
        LblarrayAt'LParUndsCommUndsRParUnds'SEMANTIC'Unds'Int'Unds'Int'Unds'Int{} (<no label>)
    defined at: /tmp/audit-work/candidate/semantic.k:69:18-69:65
Context:
    (InfoReachability) while checking the implication
kore-exec: [408018] Warning (WarnFunctionWithoutEvaluators):
    No evaluators for function symbol:
        LblarrayAt'LParUndsCommUndsRParUnds'SEMANTIC'Unds'Int'Unds'Int'Unds'Int{} (<no label>)
    defined at: /tmp/audit-work/candidate/semantic.k:69:18-69:65
Context:
    (InfoReachability) while checking the implication
kore-exec: [409027] Warning (WarnFunctionWithoutEvaluators):
    No evaluators for function symbol:
        LblarrayAt'LParUndsCommUndsRParUnds'SEMANTIC'Unds'Int'Unds'Int'Unds'Int{} (<no label>)
    defined at: /tmp/audit-work/candidate/semantic.k:69:18-69:65
Context:
    (InfoReachability) while checking the implication
kore-exec: [411335] Warning (WarnFunctionWithoutEvaluators):
    No evaluators for function symbol:
        LblarrayAt'LParUndsCommUndsRParUnds'SEMANTIC'Unds'Int'Unds'Int'Unds'Int{} (<no label>)
    defined at: /tmp/audit-work/candidate/semantic.k:69:18-69:65
Context:
    (InfoReachability) while checking the implication
kore-exec: [412021] Warning (WarnFunctionWithoutEvaluators):
    No evaluators for function symbol:
        LblarrayAt'LParUndsCommUndsRParUnds'SEMANTIC'Unds'Int'Unds'Int'Unds'Int{} (<no label>)
    defined at: /tmp/audit-work/candidate/semantic.k:69:18-69:65
Context:
    (InfoReachability) while checking the implication
kore-exec: [412421] Warning (WarnFunctionWithoutEvaluators):
    No evaluators for function symbol:
        LblarrayAt'LParUndsCommUndsRParUnds'SEMANTIC'Unds'Int'Unds'Int'Unds'Int{} (<no label>)
    defined at: /tmp/audit-work/candidate/semantic.k:69:18-69:65
Context:
    (InfoReachability) while checking the implication
kore-exec: [415421] Warning (WarnFunctionWithoutEvaluators):
    No evaluators for function symbol:
        LblarrayAt'LParUndsCommUndsRParUnds'SEMANTIC'Unds'Int'Unds'Int'Unds'Int{} (<no label>)
    defined at: /tmp/audit-work/candidate/semantic.k:69:18-69:65
Context:
    (InfoReachability) while checking the implication
kore-exec: [416468] Warning (WarnFunctionWithoutEvaluators):
    No evaluators for function symbol:
        LblarrayAt'LParUndsCommUndsRParUnds'SEMANTIC'Unds'Int'Unds'Int'Unds'Int{} (<no label>)
    defined at: /tmp/audit-work/candidate/semantic.k:69:18-69:65
Context:
    (InfoReachability) while checking the implication
kore-exec: [417642] Warning (WarnFunctionWithoutEvaluators):
    No evaluators for function symbol:
        LblarrayAt'LParUndsCommUndsRParUnds'SEMANTIC'Unds'Int'Unds'Int'Unds'Int{} (<no label>)
    defined at: /tmp/audit-work/candidate/semantic.k:69:18-69:65
Context:
    (InfoReachability) while checking the implication
kore-exec: [420062] Warning (WarnFunctionWithoutEvaluators):
    No evaluators for function symbol:
        LblarrayAt'LParUndsCommUndsRParUnds'SEMANTIC'Unds'Int'Unds'Int'Unds'Int{} (<no label>)
    defined at: /tmp/audit-work/candidate/semantic.k:69:18-69:65
Context:
    (InfoReachability) while checking the implication
kore-exec: [420724] Warning (WarnFunctionWithoutEvaluators):
    No evaluators for function symbol:
        LblarrayAt'LParUndsCommUndsRParUnds'SEMANTIC'Unds'Int'Unds'Int'Unds'Int{} (<no label>)
    defined at: /tmp/audit-work/candidate/semantic.k:69:18-69:65
Context:
    (InfoReachability) while checking the implication
kore-exec: [421145] Warning (WarnFunctionWithoutEvaluators):
    No evaluators for function symbol:
        LblarrayAt'LParUndsCommUndsRParUnds'SEMANTIC'Unds'Int'Unds'Int'Unds'Int{} (<no label>)
    defined at: /tmp/audit-work/candidate/semantic.k:69:18-69:65
Context:
    (InfoReachability) while checking the implication
kore-exec: [423293] Warning (WarnFunctionWithoutEvaluators):
    No evaluators for function symbol:
        LblarrayAt'LParUndsCommUndsRParUnds'SEMANTIC'Unds'Int'Unds'Int'Unds'Int{} (<no label>)
    defined at: /tmp/audit-work/candidate/semantic.k:69:18-69:65
Context:
    (InfoReachability) while checking the implication
kore-exec: [423903] Warning (WarnFunctionWithoutEvaluators):
    No evaluators for function symbol:
        LblarrayAt'LParUndsCommUndsRParUnds'SEMANTIC'Unds'Int'Unds'Int'Unds'Int{} (<no label>)
    defined at: /tmp/audit-work/candidate/semantic.k:69:18-69:65
Context:
    (InfoReachability) while checking the implication
kore-exec: [424976] Warning (WarnFunctionWithoutEvaluators):
    No evaluators for function symbol:
        LblarrayAt'LParUndsCommUndsRParUnds'SEMANTIC'Unds'Int'Unds'Int'Unds'Int{} (<no label>)
    defined at: /tmp/audit-work/candidate/semantic.k:69:18-69:65
Context:
    (InfoReachability) while checking the implication
kore-exec: [428220] Warning (WarnFunctionWithoutEvaluators):
    No evaluators for function symbol:
        LblarrayAt'LParUndsCommUndsRParUnds'SEMANTIC'Unds'Int'Unds'Int'Unds'Int{} (<no label>)
    defined at: /tmp/audit-work/candidate/semantic.k:69:18-69:65
Context:
    (InfoReachability) while checking the implication
kore-exec: [429024] Warning (WarnFunctionWithoutEvaluators):
    No evaluators for function symbol:
        LblarrayAt'LParUndsCommUndsRParUnds'SEMANTIC'Unds'Int'Unds'Int'Unds'Int{} (<no label>)
    defined at: /tmp/audit-work/candidate/semantic.k:69:18-69:65
Context:
    (InfoReachability) while checking the implication
kore-exec: [429773] Warning (WarnFunctionWithoutEvaluators):
    No evaluators for function symbol:
        LblarrayAt'LParUndsCommUndsRParUnds'SEMANTIC'Unds'Int'Unds'Int'Unds'Int{} (<no label>)
    defined at: /tmp/audit-work/candidate/semantic.k:69:18-69:65
Context:
    (InfoReachability) while checking the implication
kore-exec: [430329] Warning (WarnFunctionWithoutEvaluators):
    No evaluators for function symbol:
        LblarrayAt'LParUndsCommUndsRParUnds'SEMANTIC'Unds'Int'Unds'Int'Unds'Int{} (<no label>)
    defined at: /tmp/audit-work/candidate/semantic.k:69:18-69:65
Context:
    (InfoReachability) while checking the implication
kore-exec: [432607] Warning (WarnFunctionWithoutEvaluators):
    No evaluators for function symbol:
        LblarrayAt'LParUndsCommUndsRParUnds'SEMANTIC'Unds'Int'Unds'Int'Unds'Int{} (<no label>)
    defined at: /tmp/audit-work/candidate/semantic.k:69:18-69:65
Context:
    (InfoReachability) while checking the implication
kore-exec: [433188] Warning (WarnFunctionWithoutEvaluators):
    No evaluators for function symbol:
        LblarrayAt'LParUndsCommUndsRParUnds'SEMANTIC'Unds'Int'Unds'Int'Unds'Int{} (<no label>)
    defined at: /tmp/audit-work/candidate/semantic.k:69:18-69:65
Context:
    (InfoReachability) while checking the implication
kore-exec: [434170] Warning (WarnFunctionWithoutEvaluators):
    No evaluators for function symbol:
        LblarrayAt'LParUndsCommUndsRParUnds'SEMANTIC'Unds'Int'Unds'Int'Unds'Int{} (<no label>)
    defined at: /tmp/audit-work/candidate/semantic.k:69:18-69:65
Context:
    (InfoReachability) while checking the implication
kore-exec: [435769] Warning (WarnFunctionWithoutEvaluators):
    No evaluators for function symbol:
        LblarrayAt'LParUndsCommUndsRParUnds'SEMANTIC'Unds'Int'Unds'Int'Unds'Int{} (<no label>)
    defined at: /tmp/audit-work/candidate/semantic.k:69:18-69:65
Context:
    (InfoReachability) while checking the implication
kore-exec: [436451] Warning (WarnFunctionWithoutEvaluators):
    No evaluators for function symbol:
        LblarrayAt'LParUndsCommUndsRParUnds'SEMANTIC'Unds'Int'Unds'Int'Unds'Int{} (<no label>)
    defined at: /tmp/audit-work/candidate/semantic.k:69:18-69:65
Context:
    (InfoReachability) while checking the implication
kore-exec: [437111] Warning (WarnFunctionWithoutEvaluators):
    No evaluators for function symbol:
        LblarrayAt'LParUndsCommUndsRParUnds'SEMANTIC'Unds'Int'Unds'Int'Unds'Int{} (<no label>)
    defined at: /tmp/audit-work/candidate/semantic.k:69:18-69:65
Context:
    (InfoReachability) while checking the implication
kore-exec: [437776] Warning (WarnFunctionWithoutEvaluators):
    No evaluators for function symbol:
        LblarrayAt'LParUndsCommUndsRParUnds'SEMANTIC'Unds'Int'Unds'Int'Unds'Int{} (<no label>)
    defined at: /tmp/audit-work/candidate/semantic.k:69:18-69:65
Context:
    (InfoReachability) while checking the implication
kore-exec: [438198] Warning (WarnFunctionWithoutEvaluators):
    No evaluators for function symbol:
        LblarrayAt'LParUndsCommUndsRParUnds'SEMANTIC'Unds'Int'Unds'Int'Unds'Int{} (<no label>)
    defined at: /tmp/audit-work/candidate/semantic.k:69:18-69:65
Context:
    (InfoReachability) while checking the implication
kore-exec: [440347] Warning (WarnFunctionWithoutEvaluators):
    No evaluators for function symbol:
        LblarrayAt'LParUndsCommUndsRParUnds'SEMANTIC'Unds'Int'Unds'Int'Unds'Int{} (<no label>)
    defined at: /tmp/audit-work/candidate/semantic.k:69:18-69:65
Context:
    (InfoReachability) while checking the implication
kore-exec: [440943] Warning (WarnFunctionWithoutEvaluators):
    No evaluators for function symbol:
        LblarrayAt'LParUndsCommUndsRParUnds'SEMANTIC'Unds'Int'Unds'Int'Unds'Int{} (<no label>)
    defined at: /tmp/audit-work/candidate/semantic.k:69:18-69:65
Context:
    (InfoReachability) while checking the implication
kore-exec: [441964] Warning (WarnFunctionWithoutEvaluators):
    No evaluators for function symbol:
        LblarrayAt'LParUndsCommUndsRParUnds'SEMANTIC'Unds'Int'Unds'Int'Unds'Int{} (<no label>)
    defined at: /tmp/audit-work/candidate/semantic.k:69:18-69:65
Context:
    (InfoReachability) while checking the implication
kore-exec: [444353] Warning (WarnStuckClaimState):
    The configuration's term unifies with the destination's term, but the implication check between the conditions has failed. Location: /tmp/audit-work/candidate/spec-vacuity.k:11:5-18:10
Context:
    (InfoReachability) while checking the implication
  #Not ( {
    VList ( .Ints )
  #Equals
    specConsiderArray ( arrayAt ( ID , 0 ) , ID , 0 , 1 , 0 , 0 , 0 , 0 )
  } )
#And
  <py>
    <k>
      .K
    </k>
    <args>
      VArray ( ID , 0 , 1 )
    </args>
    <env>
      .Map
    </env>
    <funs>
      "pluck" |-> fun ( Params ( "arr" , .Strings ) , Return ( Call ( Name ( "min" ) , ListComp ( ListExpr ( Name ( "value" ) , Name ( "index" ) , .Exprs ) , CompFor ( TupleExpr ( Name ( "index" ) , Name ( "value" ) , .Exprs ) , Call ( Name ( "enumerate" ) , Name ( "arr" ) , .Exprs ) , Compare ( BinOp ( "%" , Name ( "value" ) , Int ( 2 ) ) , CmpOp ( "==" , Int ( 0 ) ) , .CmpOps ) , .Exprs )  .CompFors ) , KwArg ( "default" , ListExpr ( .Exprs ) ) , .Exprs ) )  .Stmts )
    </funs>
    <stack>
      .List
    </stack>
    <result>
      specConsiderArray ( arrayAt ( ID , 0 ) , ID , 0 , 1 , 0 , 0 , 0 , 0 )
    </result>
  </py>
[Warning] Compiler: Use of deprecated production found; this syntax may be
removed in the future.
	Source(/tmp/audit-work/candidate/semantic.k)
	Location(131,24,131,25)
	131 |	  rule exec(.Stmts) => .
	    .	                       ^
[Warning] Compiler: Use of deprecated production found; this syntax may be
removed in the future.
	Source(/tmp/audit-work/candidate/semantic.k)
	Location(134,45,134,46)
	134 |	  rule <k> execStmt(FuncDef(F, P, BODY)) => . ... </k>
	    .	                                            ^
[Warning] Compiler: Use of deprecated production found; this syntax may be
removed in the future.
	Source(/tmp/audit-work/candidate/semantic.k)
	Location(139,29,139,30)
	139 |	  rule <k> V:Val ~> done => . ... </k>
	    .	                            ^
[Warning] Compiler: Use of deprecated production found; this syntax may be
removed in the future.
	Source(/tmp/audit-work/candidate/semantic.k)
	Location(144,38,144,39)
	144 |	  rule <k> V:Val ~> assignName(X) => . ... </k>
	    .	                                     ^
[Warning] Compiler: Variable 'ID' defined but not used. Prefix variable name
with underscore if this is intentional.
	Source(/tmp/audit-work/candidate/spec-vacuity.k)
	Location(13,21,13,23)
	13 |	      <args> VArray(ID, 0, 1) </args>
	   .	                    ^~
[Error] Prover: backend terminated because the configuration cannot be
rewritten further. See output for more details.
[exit_status=1]
