$ krun solution.mpy --definition witness-kompiled -cARGS=VArray\(68\,\ 0\,\ 3\)
<py>
  <k>
    .K
  </k>
  <args>
    VArray ( 68 , 0 , 3 )
  </args>
  <env>
    .Map
  </env>
  <funs>
    "pluck" |-> fun ( Params ( "arr" , .Strings ) , Return ( Call ( Name ( "min" ) , ListComp ( ListExpr ( Name ( "value" ) , Name ( "index" ) , .Exprs ) , CompFor ( TupleExpr ( Name ( "index" ) , Name ( "value" ) , .Exprs ) , Call ( Name ( "enumerate" ) , Name ( "arr" ) , .Exprs ) , Compare ( BinOp ( "%" , Name ( "value" ) , Int ( 2 ) ) , CmpOp ( "==" , Int ( 0 ) ) , .CmpOps ) , .Exprs )  .CompFors ) , KwArg ( "default" , ListExpr ( .Exprs ) ) , .Exprs ) )  .Stmts )
  </funs>
  <stack>
    .List
  </stack>
  <result>
    VList ( 2 , 1 , .Ints )
  </result>
</py>
[exit_status=0]
