$ kprove spec-no-bridge.k --definition no-bridge-kompiled --spec-module SPEC-NO-BRIDGE
kore-exec: [407583] Warning (WarnFunctionWithoutEvaluators):
    No evaluators for function symbol:
        LblminEvenArray'LParUndsCommUndsCommUndsRParUnds'SEMANTIC'Unds'Val'Unds'Int'Unds'Int'Unds'Int{} (<no label>)
    defined at: /tmp/audit-work/candidate/semantic.k:60:18-61:37
Context:
    (InfoReachability) while simplifying the claim
kore-exec: [408205] Warning (WarnFunctionWithoutEvaluators):
    No evaluators for function symbol:
        LblminEvenArray'LParUndsCommUndsCommUndsRParUnds'SEMANTIC'Unds'Val'Unds'Int'Unds'Int'Unds'Int{} (<no label>)
    defined at: /tmp/audit-work/candidate/semantic.k:60:18-61:37
Context:
    (InfoReachability) while simplifying the claim
kore-exec: [444135] Warning (WarnFunctionWithoutEvaluators):
    No evaluators for function symbol:
        LblminEvenArray'LParUndsCommUndsCommUndsRParUnds'SEMANTIC'Unds'Val'Unds'Int'Unds'Int'Unds'Int{} (<no label>)
    defined at: /tmp/audit-work/candidate/semantic.k:60:18-61:37
Context:
    (InfoReachability) while checking the implication
kore-exec: [444570] Warning (WarnFunctionWithoutEvaluators):
    No evaluators for function symbol:
        LblminEvenArray'LParUndsCommUndsCommUndsRParUnds'SEMANTIC'Unds'Val'Unds'Int'Unds'Int'Unds'Int{} (<no label>)
    defined at: /tmp/audit-work/candidate/semantic.k:60:18-61:37
Context:
    (InfoReachability) while checking the implication
kore-exec: [448971] Warning (WarnFunctionWithoutEvaluators):
    No evaluators for function symbol:
        LblminEvenArray'LParUndsCommUndsCommUndsRParUnds'SEMANTIC'Unds'Val'Unds'Int'Unds'Int'Unds'Int{} (<no label>)
    defined at: /tmp/audit-work/candidate/semantic.k:60:18-61:37
Context:
    (InfoReachability) while checking the implication
kore-exec: [475981] Warning (WarnStuckClaimState):
    The configuration's term unifies with the destination's term, but the implication check between the conditions has failed. Location: /tmp/audit-work/candidate/spec-no-bridge.k:10:5-19:28
Context:
    (InfoReachability) while checking the implication
  #Not ( {
    minEvenArray ( ID , 0 , LENGTH )
  #Equals
    specScanArray ( ID , 0 , LENGTH , 0 , 0 , 0 , 0 )
  } )
#And
  <py>
    <k>
      .K
    </k>
    <args>
      VArray ( ID , 0 , LENGTH )
    </args>
    <env>
      .Map
    </env>
    <funs>
      "pluck" |-> fun ( Params ( "arr" , .Strings ) , Return ( Call ( Name ( "min" ) , ListComp ( ListExpr ( Name ( "value" ) , Name ( "index" ) , .Exprs ) , CompFor ( TupleExpr ( Name ( "index" ) , Name ( "value" ) , .Exprs ) , Call ( Name ( "enumerate" ) , Name ( "arr" ) , .Exprs ) , Compare ( BinOp ( "%" , Name ( "value" ) , Int ( 2 ) ) , CmpOp ( "==" , Int ( 0 ) ) , .CmpOps ) , .Exprs )  .CompFors ) , KwArg ( "default" , ListExpr ( .Exprs ) ) , .Exprs ) )  .Stmts )
    </funs>
    <stack>
      .List
    </stack>
    <result>
      minEvenArray ( ID , 0 , LENGTH )
    </result>
  </py>
#And
  {
    true
  #Equals
    LENGTH >=Int 0
  }
[Warning] Compiler: Use of deprecated production found; this syntax may be
removed in the future.
	Source(/tmp/audit-work/candidate/semantic.k)
	Location(131,24,131,25)
	131 |	  rule exec(.Stmts) => .
	    .	                       ^
[Warning] Compiler: Use of deprecated production found; this syntax may be
removed in the future.
	Source(/tmp/audit-work/candidate/semantic.k)
	Location(134,45,134,46)
	134 |	  rule <k> execStmt(FuncDef(F, P, BODY)) => . ... </k>
	    .	                                            ^
[Warning] Compiler: Use of deprecated production found; this syntax may be
removed in the future.
	Source(/tmp/audit-work/candidate/semantic.k)
	Location(139,29,139,30)
	139 |	  rule <k> V:Val ~> done => . ... </k>
	    .	                            ^
[Warning] Compiler: Use of deprecated production found; this syntax may be
removed in the future.
	Source(/tmp/audit-work/candidate/semantic.k)
	Location(144,38,144,39)
	144 |	  rule <k> V:Val ~> assignName(X) => . ... </k>
	    .	                                     ^
[Error] Prover: backend terminated because the configuration cannot be
rewritten further. See output for more details.
[exit_status=1]
