+ diff -u solution.py /dev/fd/63
++ sed -n 1,3p k_concrete_tests.py
+ python3 py2mpy.py k_concrete_tests.py
+ krun k_concrete_tests.mpy --definition runtime-audit-kompiled --output pretty
<generatedTop>
  <k>
    .K
  </k>
  <env>
    0
  </env>
  <scopes>
    -1 |-> scope ( "abs" |-> builtinV ( "abs" )
    "all" |-> builtinV ( "all" )
    "any" |-> builtinV ( "any" )
    "bin" |-> builtinV ( "bin" )
    "chr" |-> builtinV ( "chr" )
    "enumerate" |-> builtinV ( "enumerate" )
    "eval" |-> builtinV ( "eval" )
    "float" |-> typeV ( "float" )
    "int" |-> typeV ( "int" )
    "isinstance" |-> builtinV ( "isinstance" )
    "len" |-> builtinV ( "len" )
    "list" |-> builtinV ( "list" )
    "map" |-> builtinV ( "map" )
    "max" |-> builtinV ( "max" )
    "min" |-> builtinV ( "min" )
    "ord" |-> builtinV ( "ord" )
    "range" |-> builtinV ( "range" )
    "round" |-> builtinV ( "round" )
    "set" |-> builtinV ( "set" )
    "sorted" |-> builtinV ( "sorted" )
    "str" |-> typeV ( "str" )
    "sum" |-> builtinV ( "sum" )
    "zip" |-> builtinV ( "zip" ) , root )
    0 |-> scope ( "fruit_distribution" |-> closureVal ( "s" , "n" , .ParamNames , Assign ( Name ( "fruits" ) , Call ( Attribute ( Name ( "s" ) , "split" ) , .Exprs ) )  Return ( BinOp ( "-" , BinOp ( "-" , Name ( "n" ) , Call ( Name ( "int" ) , Subscript ( Name ( "fruits" ) , Int ( 0 ) ) , .Exprs ) ) , Call ( Name ( "int" ) , Subscript ( Name ( "fruits" ) , Int ( 3 ) ) , .Exprs ) ) )  .Stmts , 0 ) , parent ( -1 ) )
  </scopes>
  <scopeLoc>
    1
  </scopeLoc>
  <heap>
    0 |-> list ( vCons ( str ( iCons ( 53 , .IntSeq ) ) , vCons ( str ( iCons ( 97 , iCons ( 112 , iCons ( 112 , iCons ( 108 , iCons ( 101 , iCons ( 115 , .IntSeq ) ) ) ) ) ) ) , vCons ( str ( iCons ( 97 , iCons ( 110 , iCons ( 100 , .IntSeq ) ) ) ) , vCons ( str ( iCons ( 54 , .IntSeq ) ) , vCons ( str ( iCons ( 111 , iCons ( 114 , iCons ( 97 , iCons ( 110 , iCons ( 103 , iCons ( 101 , iCons ( 115 , .IntSeq ) ) ) ) ) ) ) ) , .ValSeq ) ) ) ) ) )
    1 |-> list ( vCons ( str ( iCons ( 48 , .IntSeq ) ) , vCons ( str ( iCons ( 97 , iCons ( 112 , iCons ( 112 , iCons ( 108 , iCons ( 101 , iCons ( 115 , .IntSeq ) ) ) ) ) ) ) , vCons ( str ( iCons ( 97 , iCons ( 110 , iCons ( 100 , .IntSeq ) ) ) ) , vCons ( str ( iCons ( 49 , .IntSeq ) ) , vCons ( str ( iCons ( 111 , iCons ( 114 , iCons ( 97 , iCons ( 110 , iCons ( 103 , iCons ( 101 , iCons ( 115 , .IntSeq ) ) ) ) ) ) ) ) , .ValSeq ) ) ) ) ) )
    2 |-> list ( vCons ( str ( iCons ( 50 , .IntSeq ) ) , vCons ( str ( iCons ( 97 , iCons ( 112 , iCons ( 112 , iCons ( 108 , iCons ( 101 , iCons ( 115 , .IntSeq ) ) ) ) ) ) ) , vCons ( str ( iCons ( 97 , iCons ( 110 , iCons ( 100 , .IntSeq ) ) ) ) , vCons ( str ( iCons ( 51 , .IntSeq ) ) , vCons ( str ( iCons ( 111 , iCons ( 114 , iCons ( 97 , iCons ( 110 , iCons ( 103 , iCons ( 101 , iCons ( 115 , .IntSeq ) ) ) ) ) ) ) ) , .ValSeq ) ) ) ) ) )
    3 |-> list ( vCons ( str ( iCons ( 49 , iCons ( 48 , iCons ( 48 , .IntSeq ) ) ) ) , vCons ( str ( iCons ( 97 , iCons ( 112 , iCons ( 112 , iCons ( 108 , iCons ( 101 , iCons ( 115 , .IntSeq ) ) ) ) ) ) ) , vCons ( str ( iCons ( 97 , iCons ( 110 , iCons ( 100 , .IntSeq ) ) ) ) , vCons ( str ( iCons ( 49 , .IntSeq ) ) , vCons ( str ( iCons ( 111 , iCons ( 114 , iCons ( 97 , iCons ( 110 , iCons ( 103 , iCons ( 101 , iCons ( 115 , .IntSeq ) ) ) ) ) ) ) ) , .ValSeq ) ) ) ) ) )
    4 |-> list ( vCons ( str ( iCons ( 48 , .IntSeq ) ) , vCons ( str ( iCons ( 97 , iCons ( 112 , iCons ( 112 , iCons ( 108 , iCons ( 101 , iCons ( 115 , .IntSeq ) ) ) ) ) ) ) , vCons ( str ( iCons ( 97 , iCons ( 110 , iCons ( 100 , .IntSeq ) ) ) ) , vCons ( str ( iCons ( 48 , .IntSeq ) ) , vCons ( str ( iCons ( 111 , iCons ( 114 , iCons ( 97 , iCons ( 110 , iCons ( 103 , iCons ( 101 , iCons ( 115 , .IntSeq ) ) ) ) ) ) ) ) , .ValSeq ) ) ) ) ) )
    5 |-> list ( vCons ( str ( iCons ( 48 , iCons ( 48 , iCons ( 48 , iCons ( 53 , .IntSeq ) ) ) ) ) , vCons ( str ( iCons ( 97 , iCons ( 112 , iCons ( 112 , iCons ( 108 , iCons ( 101 , iCons ( 115 , .IntSeq ) ) ) ) ) ) ) , vCons ( str ( iCons ( 97 , iCons ( 110 , iCons ( 100 , .IntSeq ) ) ) ) , vCons ( str ( iCons ( 48 , iCons ( 48 , iCons ( 48 , iCons ( 54 , .IntSeq ) ) ) ) ) , vCons ( str ( iCons ( 111 , iCons ( 114 , iCons ( 97 , iCons ( 110 , iCons ( 103 , iCons ( 101 , iCons ( 115 , .IntSeq ) ) ) ) ) ) ) ) , .ValSeq ) ) ) ) ) )
    6 |-> list ( vCons ( str ( iCons ( 53 , .IntSeq ) ) , vCons ( str ( iCons ( 97 , iCons ( 112 , iCons ( 112 , iCons ( 108 , iCons ( 101 , iCons ( 115 , .IntSeq ) ) ) ) ) ) ) , vCons ( str ( iCons ( 97 , iCons ( 110 , iCons ( 100 , .IntSeq ) ) ) ) , vCons ( str ( iCons ( 54 , .IntSeq ) ) , vCons ( str ( iCons ( 111 , iCons ( 114 , iCons ( 97 , iCons ( 110 , iCons ( 103 , iCons ( 101 , iCons ( 115 , .IntSeq ) ) ) ) ) ) ) ) , .ValSeq ) ) ) ) ) )
    7 |-> list ( vCons ( str ( iCons ( 57 , iCons ( 57 , iCons ( 57 , iCons ( 57 , iCons ( 57 , iCons ( 57 , .IntSeq ) ) ) ) ) ) ) , vCons ( str ( iCons ( 97 , iCons ( 112 , iCons ( 112 , iCons ( 108 , iCons ( 101 , iCons ( 115 , .IntSeq ) ) ) ) ) ) ) , vCons ( str ( iCons ( 97 , iCons ( 110 , iCons ( 100 , .IntSeq ) ) ) ) , vCons ( str ( iCons ( 49 , .IntSeq ) ) , vCons ( str ( iCons ( 111 , iCons ( 114 , iCons ( 97 , iCons ( 110 , iCons ( 103 , iCons ( 101 , iCons ( 115 , .IntSeq ) ) ) ) ) ) ) ) , .ValSeq ) ) ) ) ) )
  </heap>
  <heapLoc>
    8
  </heapLoc>
  <stack>
    .List
  </stack>
  <ret>
    noRet
  </ret>
  <exc>
    NoExc
  </exc>
  <exit-code>
    0
  </exit-code>
</generatedTop>
+ status=0
+ set +x
EXIT_STATUS=0
