COMMAND: kprove spec.k --definition fresh-lemma-kompiled --spec-module ROMAN-LEMMA-SPEC --claims ROMAN-LEMMA-SPEC.thousandsHelper
EXIT: 0
RESULT: #Top
COMMAND: kprove spec.k --definition fresh-lemma-kompiled --spec-module ROMAN-LEMMA-SPEC --claims ROMAN-LEMMA-SPEC.hundredsHelper
EXIT: 0
RESULT: #Top
COMMAND: kprove spec.k --definition fresh-lemma-kompiled --spec-module ROMAN-LEMMA-SPEC --claims ROMAN-LEMMA-SPEC.tensHelper
EXIT: 0
RESULT: #Top
COMMAND: kprove spec.k --definition fresh-lemma-kompiled --spec-module ROMAN-LEMMA-SPEC --claims ROMAN-LEMMA-SPEC.onesHelper
EXIT: 0
RESULT: #Top
COMMAND: kprove spec.k --definition fresh-lemma-kompiled --spec-module ROMAN-LEMMA-SPEC --claims ROMAN-LEMMA-SPEC.thousandsIndexRange
EXIT: 0
RESULT: #Top
COMMAND: kprove spec.k --definition fresh-lemma-kompiled --spec-module ROMAN-LEMMA-SPEC --claims ROMAN-LEMMA-SPEC.hundredsIndexRange
EXIT: 0
RESULT: #Top
COMMAND: kprove spec.k --definition fresh-lemma-kompiled --spec-module ROMAN-LEMMA-SPEC --claims ROMAN-LEMMA-SPEC.tensIndexRange
EXIT: 0
RESULT: #Top
COMMAND: kprove spec.k --definition fresh-lemma-kompiled --spec-module ROMAN-LEMMA-SPEC --claims ROMAN-LEMMA-SPEC.onesIndexRange
EXIT: 0
RESULT: #Top
COMMAND: kprove spec.k --definition fresh-verification-kompiled --spec-module ROMAN-SPEC --claims ROMAN-SPEC.romanCorrect
EXIT: 0
RESULT: #Top
OVERALL_EXIT: 0
