COMMAND: python3 /audit-output/evidence/k_inventory.py /tmp/audit-work/51-remove-vowels/candidate --json /audit-output/evidence/k-inventory.json --tsv /audit-output/evidence/k-inventory.tsv
{
  "by_attribute": {
    "concrete": 35,
    "function": 149,
    "macro": 8,
    "macro-rec": 1,
    "owise": 26,
    "priority": 46,
    "seqstrict": 1,
    "strict": 2,
    "symbol": 25,
    "total": 110
  },
  "by_kind": {
    "claim": 4,
    "configuration": 1,
    "context": 5,
    "rule": 705,
    "syntax": 234
  },
  "by_origin": {
    "CANDIDATE_LOCAL": 21,
    "SUPPLIED_SEMANTICS": 928
  },
  "files": 26,
  "records": 949
}
EXIT_STATUS: 0
