COMMAND: kprove spec.k --definition verification-audit-kompiled --spec-module SPEC --claims SPEC.outer-one-past --depth 240
  #Not ( {
    L
  #Equals
    0
  } )
#And
  <generatedTop>
    <k>
      4 <Int N ~> #whileCond ( Compare ( Name ( "j" ) , CmpOp ( "<" , Name ( "n" ) ) ) , If ( Compare ( Subscript ( Subscript ( Name ( "grid" ) , Name ( "i" ) ) , Name ( "j" ) ) , CmpOp ( "==" , Int ( 1 ) ) ) , Assign ( Name ( "row" ) , Name ( "i" ) )  Assign ( Name ( "col" ) , Name ( "j" ) )  .Stmts , .Stmts )  Assign ( Name ( "j" ) , BinOp ( "+" , Name ( "j" ) , Int ( 1 ) ) )  .Stmts ) ~> Assign ( Name ( "i" ) , BinOp ( "+" , Name ( "i" ) , Int ( 1 ) ) )  .Stmts ~> #loopLbl ( #while ( Compare ( Name ( "i" ) , CmpOp ( "<" , Name ( "n" ) ) ) , Assign ( Name ( "j" ) , Int ( 0 ) )  While ( Compare ( Name ( "j" ) , CmpOp ( "<" , Name ( "n" ) ) ) , If ( Compare ( Subscript ( Subscript ( Name ( "grid" ) , Name ( "i" ) ) , Name ( "j" ) ) , CmpOp ( "==" , Int ( 1 ) ) ) , Assign ( Name ( "row" ) , Name ( "i" ) )  Assign ( Name ( "col" ) , Name ( "j" ) )  .Stmts , .Stmts )  Assign ( Name ( "j" ) , BinOp ( "+" , Name ( "j" ) , Int ( 1 ) ) )  .Stmts )  Assign ( Name ( "i" ) , BinOp ( "+" , Name ( "i" ) , Int ( 1 ) ) )  .Stmts ) ~> .K ) ~> _DotVar1 ~> .K
    </k>
    <env>
      L
    </env>
    <scopes>
      0 |-> scope ( "$perm" |-> str ( P )
      GLOBALS , parent ( -1 ) )
      L:Int |-> scope ( "col" |-> C:Int
      "grid" |-> list ( gridRows ( P , N ) )
      "i" |-> I:Int
      "j" |-> 4
      "k" |-> _K:Int
      "n" |-> N:Int
      "row" |-> R:Int , parent ( 0 ) )
      RESTSCOPES
    </scopes>
    <scopeLoc>
      _Gen8
    </scopeLoc>
    <heap>
      _Gen9
    </heap>
    <heapLoc>
      _Gen10
    </heapLoc>
    <stack>
      _Gen11
    </stack>
    <ret>
      _Gen12
    </ret>
    <exc>
      _Gen13
    </exc>
    <exit-code>
      _Gen14
    </exit-code>
  </generatedTop>
#And
  {
    false
  #Equals
    0 in_keys ( RESTSCOPES )
  }
#And
  {
    false
  #Equals
    "$perm" in_keys ( GLOBALS )
  }
#And
  {
    false
  #Equals
    I ==Int oneRow ( P , N ) andBool 0 ==Int oneCol ( P , N )
  }
#And
  {
    false
  #Equals
    I ==Int oneRow ( P , N ) andBool 1 ==Int oneCol ( P , N )
  }
#And
  {
    false
  #Equals
    I ==Int oneRow ( P , N ) andBool 2 ==Int oneCol ( P , N )
  }
#And
  {
    false
  #Equals
    I ==Int oneRow ( P , N ) andBool 3 ==Int oneCol ( P , N )
  }
#And
  {
    false
  #Equals
    L:Int in_keys ( RESTSCOPES )
  }
#And
  {
    true
  #Equals
    0 <Int N
  }
#And
  {
    true
  #Equals
    1 <Int N
  }
#And
  {
    true
  #Equals
    2 <Int N
  }
#And
  {
    true
  #Equals
    3 <Int N
  }
#And
  {
    true
  #Equals
    I <=Int N
  }
#And
  {
    true
  #Equals
    I <Int N
  }
#And
  {
    true
  #Equals
    I >=Int 0
  }
#And
  {
    true
  #Equals
    I >Int oneRow ( P , N )
  }
#And
  {
    true
  #Equals
    N >=Int 2
  }
#And
  {
    true
  #Equals
    oneCol ( P , N ) <Int N
  }
#And
  {
    true
  #Equals
    oneCol ( P , N ) >=Int 0
  }
#And
  {
    true
  #Equals
    oneRow ( P , N ) <Int N
  }
#And
  {
    true
  #Equals
    oneRow ( P , N ) >=Int 0
  }
#And
  {
    true
  #Equals
    validPerm ( P , N *Int N )
  }
[Warning] Compiler: Variable 'As' defined but not used. Prefix variable name
with underscore if this is intentional.
	Source(/tmp/audit-work/minpath-129/reference-semantics/semantics/str.k)
	Location(52,27,52,29)
	52 |	  rule strLt(iCons(A:Int, As:IntSeq), iCons(B:Int, Bs:IntSeq)) => true   
      requires A  <Int B
	   .	                          ^~
[Warning] Compiler: Variable 'Bs' defined but not used. Prefix variable name
with underscore if this is intentional.
	Source(/tmp/audit-work/minpath-129/reference-semantics/semantics/str.k)
	Location(52,52,52,54)
	52 |	  rule strLt(iCons(A:Int, As:IntSeq), iCons(B:Int, Bs:IntSeq)) => true   
      requires A  <Int B
	   .	                                                   ^~
[Warning] Compiler: Variable 'As' defined but not used. Prefix variable name
with underscore if this is intentional.
	Source(/tmp/audit-work/minpath-129/reference-semantics/semantics/str.k)
	Location(53,27,53,29)
	53 |	  rule strLt(iCons(A:Int, As:IntSeq), iCons(B:Int, Bs:IntSeq)) => false  
      requires A  >Int B
	   .	                          ^~
[Warning] Compiler: Variable 'Bs' defined but not used. Prefix variable name
with underscore if this is intentional.
	Source(/tmp/audit-work/minpath-129/reference-semantics/semantics/str.k)
	Location(53,52,53,54)
	53 |	  rule strLt(iCons(A:Int, As:IntSeq), iCons(B:Int, Bs:IntSeq)) => false  
      requires A  >Int B
	   .	                                                   ^~
[Warning] Compiler: Variable 'GLOBALS' defined but not used. Prefix variable
name with underscore if this is intentional.
	Source(/tmp/audit-work/minpath-129/spec.k)
	Location(22,40,22,47)
	22 |	      0 |-> scope(("$perm" |-> str(P)) GLOBALS:Map, parent(-1))
	   .	                                       ^~~~~~~
[Warning] Compiler: Variable 'RESTSCOPES' defined but not used. Prefix variable
name with underscore if this is intentional.
	Source(/tmp/audit-work/minpath-129/spec.k)
	Location(23,7,23,17)
	23 |	      RESTSCOPES:Map
	   .	      ^~~~~~~~~~
[Warning] Compiler: Variable 'R' defined but not used. Prefix variable name
with underscore if this is intentional.
	Source(/tmp/audit-work/minpath-129/spec.k)
	Location(42,20,42,21)
	42 |	        ("row" |-> R:Int)
	   .	                   ^
[Warning] Compiler: Variable 'C' defined but not used. Prefix variable name
with underscore if this is intentional.
	Source(/tmp/audit-work/minpath-129/spec.k)
	Location(43,20,43,21)
	43 |	        ("col" |-> C:Int),
	   .	                   ^
[Warning] Compiler: Variable 'GLOBALS' defined but not used. Prefix variable
name with underscore if this is intentional.
	Source(/tmp/audit-work/minpath-129/spec.k)
	Location(45,40,45,47)
	45 |	      0 |-> scope(("$perm" |-> str(P)) GLOBALS:Map, parent(-1))
	   .	                                       ^~~~~~~
[Warning] Compiler: Variable 'RESTSCOPES' defined but not used. Prefix variable
name with underscore if this is intentional.
	Source(/tmp/audit-work/minpath-129/spec.k)
	Location(46,7,46,17)
	46 |	      RESTSCOPES:Map
	   .	      ^~~~~~~~~~
[Warning] Compiler: Variable 'GLOBALS' defined but not used. Prefix variable
name with underscore if this is intentional.
	Source(/tmp/audit-work/minpath-129/spec.k)
	Location(71,40,71,47)
	71 |	      0 |-> scope(("$perm" |-> str(P)) GLOBALS:Map, parent(-1))
	   .	                                       ^~~~~~~
[Warning] Compiler: Variable 'RESTSCOPES' defined but not used. Prefix variable
name with underscore if this is intentional.
	Source(/tmp/audit-work/minpath-129/spec.k)
	Location(72,7,72,17)
	72 |	      RESTSCOPES:Map
	   .	      ^~~~~~~~~~
[Warning] Compiler: Variable 'R' defined but not used. Prefix variable name
with underscore if this is intentional.
	Source(/tmp/audit-work/minpath-129/spec.k)
	Location(90,20,90,21)
	90 |	        ("row" |-> R:Int)
	   .	                   ^
[Warning] Compiler: Variable 'C' defined but not used. Prefix variable name
with underscore if this is intentional.
	Source(/tmp/audit-work/minpath-129/spec.k)
	Location(91,20,91,21)
	91 |	        ("col" |-> C:Int),
	   .	                   ^
[Warning] Compiler: Variable 'GLOBALS' defined but not used. Prefix variable
name with underscore if this is intentional.
	Source(/tmp/audit-work/minpath-129/spec.k)
	Location(93,40,93,47)
	93 |	      0 |-> scope(("$perm" |-> str(P)) GLOBALS:Map, parent(-1))
	   .	                                       ^~~~~~~
[Warning] Compiler: Variable 'RESTSCOPES' defined but not used. Prefix variable
name with underscore if this is intentional.
	Source(/tmp/audit-work/minpath-129/spec.k)
	Location(94,7,94,17)
	94 |	      RESTSCOPES:Map
	   .	      ^~~~~~~~~~
[Warning] Compiler: Variable 'GLOBALS' defined but not used. Prefix variable
name with underscore if this is intentional.
	Source(/tmp/audit-work/minpath-129/spec.k)
	Location(125,40,125,47)
	125 |	      0 |-> scope(("$perm" |-> str(P)) GLOBALS:Map, parent(-1))
	    .	                                       ^~~~~~~
[Warning] Compiler: Variable 'RESTSCOPES' defined but not used. Prefix variable
name with underscore if this is intentional.
	Source(/tmp/audit-work/minpath-129/spec.k)
	Location(126,7,126,17)
	126 |	      RESTSCOPES:Map
	    .	      ^~~~~~~~~~
[Warning] Compiler: Variable 'K' defined but not used. Prefix variable name
with underscore if this is intentional.
	Source(/tmp/audit-work/minpath-129/spec.k)
	Location(140,18,140,19)
	140 |	        ("k" |-> K:Int) ("n" |-> N)
	    .	                 ^
[Warning] Compiler: Variable 'GLOBALS' defined but not used. Prefix variable
name with underscore if this is intentional.
	Source(/tmp/audit-work/minpath-129/spec.k)
	Location(146,40,146,47)
	146 |	      0 |-> scope(("$perm" |-> str(P)) GLOBALS:Map, parent(-1))
	    .	                                       ^~~~~~~
[Warning] Compiler: Variable 'RESTSCOPES' defined but not used. Prefix variable
name with underscore if this is intentional.
	Source(/tmp/audit-work/minpath-129/spec.k)
	Location(147,7,147,17)
	147 |	      RESTSCOPES:Map
	    .	      ^~~~~~~~~~
[Error] Prover: backend terminated because the configuration cannot be
rewritten further. See output for more details.
EXIT_STATUS: 1
