kore-exec: [6655939] Warning (WarnStuckClaimState):
    The configuration's term doesn't unify with the destination's term and the configuration cannot be rewritten further. Location: /workspace/spec-vacuity.k:8:5-33:31
Context:
    (InfoReachability) while checking the implication
<generatedTop>
  <k>
    ref ( 0 ) ~> .K
  </k>
  <env>
    0
  </env>
  <scopes>
    -1 |-> scope ( "abs" |-> builtinV ( "abs" )
    "all" |-> builtinV ( "all" )
    "any" |-> builtinV ( "any" )
    "bin" |-> builtinV ( "bin" )
    "chr" |-> builtinV ( "chr" )
    "enumerate" |-> builtinV ( "enumerate" )
    "eval" |-> builtinV ( "eval" )
    "float" |-> typeV ( "float" )
    "int" |-> typeV ( "int" )
    "isinstance" |-> builtinV ( "isinstance" )
    "len" |-> builtinV ( "len" )
    "list" |-> builtinV ( "list" )
    "map" |-> builtinV ( "map" )
    "max" |-> builtinV ( "max" )
    "min" |-> builtinV ( "min" )
    "ord" |-> builtinV ( "ord" )
    "range" |-> builtinV ( "range" )
    "round" |-> builtinV ( "round" )
    "set" |-> builtinV ( "set" )
    "sorted" |-> builtinV ( "sorted" )
    "str" |-> typeV ( "str" )
    "sum" |-> builtinV ( "sum" )
    "zip" |-> builtinV ( "zip" ) , root )
    0 |-> scope ( "tri" |-> closureVal ( "n" , .ParamNames , Assign ( Name ( "values" ) , ListExpr ( .Exprs ) )  Assign ( Name ( "i" ) , Int ( 0 ) )  While ( Compare ( Name ( "i" ) , CmpOp ( "<=" , Name ( "n" ) ) ) , If ( Compare ( Name ( "i" ) , CmpOp ( "==" , Int ( 0 ) ) ) , Expr ( Call ( Attribute ( Name ( "values" ) , "append" ) , Int ( 1 ) , .Exprs ) )  .Stmts , If ( Compare ( Name ( "i" ) , CmpOp ( "==" , Int ( 1 ) ) ) , Expr ( Call ( Attribute ( Name ( "values" ) , "append" ) , Int ( 3 ) , .Exprs ) )  .Stmts , If ( Compare ( BinOp ( "%" , Name ( "i" ) , Int ( 2 ) ) , CmpOp ( "==" , Int ( 0 ) ) ) , Expr ( Call ( Attribute ( Name ( "values" ) , "append" ) , BinOp ( "+" , Int ( 1 ) , BinOp ( "//" , Name ( "i" ) , Int ( 2 ) ) ) , .Exprs ) )  .Stmts , Expr ( Call ( Attribute ( Name ( "values" ) , "append" ) , BinOp ( "*" , BinOp ( "+" , BinOp ( "//" , Name ( "i" ) , Int ( 2 ) ) , Int ( 1 ) ) , BinOp ( "+" , BinOp ( "//" , Name ( "i" ) , Int ( 2 ) ) , Int ( 3 ) ) ) , .Exprs ) )  .Stmts )  .Stmts )  .Stmts )  AugAssign ( Name ( "i" ) , "+" , Int ( 1 ) )  .Stmts )  Return ( Name ( "values" ) )  .Stmts , 0 ) , parent ( -1 ) )
  </scopes>
  <scopeLoc>
    1
  </scopeLoc>
  <heap>
    0 |-> list ( vCons ( 1 , vCons ( 3 , vCons ( 2 , vCons ( 8 , .ValSeq ) ) ) ) )
  </heap>
  <heapLoc>
    1
  </heapLoc>
  <stack>
    .List
  </stack>
  <ret>
    noRet
  </ret>
  <exc>
    NoExc
  </exc>
  <exit-code>
    0
  </exit-code>
</generatedTop>
[Warning] Compiler: Variable 'As' defined but not used. Prefix variable name
with underscore if this is intentional.
	Source(/workspace/reference-semantics/semantics/str.k)
	Location(52,27,52,29)
	52 |	  rule strLt(iCons(A:Int, As:IntSeq), iCons(B:Int, Bs:IntSeq)) => true   
      requires A  <Int B
	   .	                          ^~
[Warning] Compiler: Variable 'Bs' defined but not used. Prefix variable name
with underscore if this is intentional.
	Source(/workspace/reference-semantics/semantics/str.k)
	Location(52,52,52,54)
	52 |	  rule strLt(iCons(A:Int, As:IntSeq), iCons(B:Int, Bs:IntSeq)) => true   
      requires A  <Int B
	   .	                                                   ^~
[Warning] Compiler: Variable 'As' defined but not used. Prefix variable name
with underscore if this is intentional.
	Source(/workspace/reference-semantics/semantics/str.k)
	Location(53,27,53,29)
	53 |	  rule strLt(iCons(A:Int, As:IntSeq), iCons(B:Int, Bs:IntSeq)) => false  
      requires A  >Int B
	   .	                          ^~
[Warning] Compiler: Variable 'Bs' defined but not used. Prefix variable name
with underscore if this is intentional.
	Source(/workspace/reference-semantics/semantics/str.k)
	Location(53,52,53,54)
	53 |	  rule strLt(iCons(A:Int, As:IntSeq), iCons(B:Int, Bs:IntSeq)) => false  
      requires A  >Int B
	   .	                                                   ^~
[Warning] Compiler: Variable '?FINALSCOPES' defined but not used. Prefix
variable name with underscore if this is intentional.
	Source(/workspace/spec-vacuity.k)
	Location(17,7,17,19)
	17 |	      ?FINALSCOPES:Map
	   .	      ^~~~~~~~~~~~
[Error] Prover: backend terminated because the configuration cannot be
rewritten further. See output for more details.
