COMMAND: /audit-output/evidence/09_kprove_claim_subsets.sh
WORKDIR: /tmp/audit-work/132-is-nested
----- OUTPUT -----
TARGET_MODULE=AUDIT-SPEC-LOOP3
COMMAND: kprove claim-subsets.k --definition audit-verification-kompiled --spec-module AUDIT-SPEC-LOOP3
#Top
TARGET_EXIT=0
TARGET_MODULE=AUDIT-SPEC-LOOP2
COMMAND: kprove claim-subsets.k --definition audit-verification-kompiled --spec-module AUDIT-SPEC-LOOP2
#Top
TARGET_EXIT=0
TARGET_MODULE=AUDIT-SPEC-LOOP1
COMMAND: kprove claim-subsets.k --definition audit-verification-kompiled --spec-module AUDIT-SPEC-LOOP1
#Top
TARGET_EXIT=0
TARGET_MODULE=AUDIT-SPEC-LOOP0
COMMAND: kprove claim-subsets.k --definition audit-verification-kompiled --spec-module AUDIT-SPEC-LOOP0
#Top
TARGET_EXIT=0
----- END OUTPUT -----
EXIT_STATUS: 0
