COMMAND: /audit-output/evidence/19_vacuity_expected_failure.sh
WORKDIR: /tmp/audit-work/132-is-nested
----- OUTPUT -----
SATISFYING_WITNESS: BS = lbr lbr rbr rbr .BString ("[[]]"), functions=.Map, env=.Map, result=noResult
ORACLES: trusted canonical=True, submitted Python=True, fresh concrete K result=boolVal(true)
MUTATED_OBLIGATION: result must be boolVal(false)
kore-exec: [679393] Warning (WarnStuckClaimState):
    The configuration's term unifies with the destination's term, but the implication check between the conditions has failed. Location: /tmp/audit-work/132-is-nested/spec-vacuity-fresh.k:61:5-64:50
Context:
    (InfoReachability) while checking the implication
  #Not ( {
    false
  #Equals
    scan ( 0 , BS )
  } )
#And
  <py>
    <k>
      .K
    </k>
    <functions>
      .Map
    </functions>
    <env>
      .Map
    </env>
    <result>
      boolVal ( scan ( 0 , BS ) )
    </result>
  </py>
[Warning] Compiler: Variable 'BS' defined but not used. Prefix variable name
with underscore if this is intentional.
	Source(/tmp/audit-work/132-is-nested/spec-vacuity-fresh.k)
	Location(61,30,61,32)
	61 |	    <k> theSolution ~> start(BS:BString) => .K </k>
	   .	                             ^~
[Error] Prover: backend terminated because the configuration cannot be
rewritten further. See output for more details.
vacuity_inner_kprove_exit=1
EXPECTED_FALSE_POSTCONDITION_FAILURE_CONFIRMED
----- END OUTPUT -----
EXIT_STATUS: 0
