Satisfying original precondition witness: N=1, input=cube(1)=1.
Original claim requires BoolVal(true); mutation requires BoolVal(false).
$ nl -ba spec-vacuity-review.k
     1	requires "verification.k"
     2	
     3	module AUDIT-VACUITY-SPEC
     4	  imports VERIFICATION
     5	
     6	  // False for the satisfying original witness N=1: iscube(1) returns true.
     7	  claim [false-result-on-one]:
     8	    <k>
     9	      iscubeProgram ~> invoke(IntVal(1)) => .K
    10	    </k>
    11	    <funs> .Map => ?_ </funs>
    12	    <env> .Map => ?_ </env>
    13	    <result> .K => BoolVal(false) ~> .K </result>
    14	endmodule
[exit 0]

$ kprove /tmp/audit-work/77-iscube/candidate-src/spec-vacuity-review.k --definition /tmp/audit-work/77-iscube/audit-cube-verification-kompiled --spec-module AUDIT-VACUITY-SPEC --dry-run > /tmp/audit-work/77-iscube/vacuity-dry-run.stdout 2> /tmp/audit-work/77-iscube/vacuity-dry-run.stderr
[exit 0]
327 /tmp/audit-work/77-iscube/vacuity-dry-run.stdout
  0 /tmp/audit-work/77-iscube/vacuity-dry-run.stderr
327 total
f33c7e3638510fe85115af37313f272364096f901c8b660c643df2aa58185b8b  /tmp/audit-work/77-iscube/vacuity-dry-run.stdout
e3b0c44298fc1c149afbf4c8996fb92427ae41e4649b934ca495991b7852b855  /tmp/audit-work/77-iscube/vacuity-dry-run.stderr

$ kprove /tmp/audit-work/77-iscube/candidate-src/spec-vacuity-review.k --definition /tmp/audit-work/77-iscube/audit-cube-verification-kompiled --spec-module AUDIT-VACUITY-SPEC
kore-exec: [5614653] Warning (WarnStuckClaimState):
    The configuration's term doesn't unify with the destination's term and the configuration cannot be rewritten further. Location: /tmp/audit-work/77-iscube/candidate-src/spec-vacuity-review.k:8:5-13:50
Context:
    (InfoReachability) while checking the implication
kore-exec: [5617043] Warning (WarnUnexploredBranches):
    127 branches were still unexplored when the action failed.
<mpy>
  <k>
    .K
  </k>
  <funs>
    "iscube" |-> function ( "a" , If ( Compare ( Name ( "a" ) , CmpOp ( "<" , Int ( 0 ) ) ) , Assign ( Name ( "a" ) , UnaryOp ( "-" , Name ( "a" ) ) )  .Stmts , .Stmts )  Assign ( Name ( "n" ) , Int ( 0 ) )  While ( Compare ( BinOp ( "*" , BinOp ( "*" , Name ( "n" ) , Name ( "n" ) ) , Name ( "n" ) ) , CmpOp ( "<" , Name ( "a" ) ) ) , Assign ( Name ( "n" ) , BinOp ( "+" , Name ( "n" ) , Int ( 1 ) ) )  .Stmts )  Return ( Compare ( BinOp ( "*" , BinOp ( "*" , Name ( "n" ) , Name ( "n" ) ) , Name ( "n" ) ) , CmpOp ( "==" , Name ( "a" ) ) ) )  .Stmts )
  </funs>
  <env>
    "a" |-> IntVal ( 1 )
    "n" |-> IntVal ( 1 )
  </env>
  <result>
    BoolVal ( true ) ~> .K
  </result>
</mpy>
[Error] Prover: backend terminated because the configuration cannot be
rewritten further. See output for more details.
[exit 1; nonzero is expected]
NONVACUITY=PASS
[script exit 0]
