$ rg -n "^[[:space:]]*(requires|module|imports|syntax|configuration|rule|claim|endmodule)\\b|\\[(function|total|functional|macro|simplification|priority|owise|anywhere|opaque|concrete)" semantic.k verification.k spec.k
spec.k:1:requires "verification.k"
spec.k:3:module SPEC
spec.k:4:  imports VERIFICATION
spec.k:10:  claim
spec.k:16:    requires O >=Int 0
spec.k:20:endmodule
verification.k:1:requires "semantic.k"
verification.k:3:module VERIFICATION
verification.k:4:  imports MPY
verification.k:9:  syntax Int ::= "answer" "(" Arr "," Int "," Int ")" [function, total]
verification.k:10:               | "answerStep" "(" Int "," Int "," Int ")" [function, total]
verification.k:12:  rule answer(A, O, N) => -1
verification.k:13:       requires N <=Int 1
verification.k:14:  rule answer(A, O, N)
verification.k:19:       requires N >Int 1
verification.k:21:  rule answerStep(R, X, Y) => R +Int 1
verification.k:22:       requires R =/=Int -1
verification.k:23:  rule answerStep(R, X, Y) => 1
verification.k:24:       requires R ==Int -1 andBool Y <Int X
verification.k:25:  rule answerStep(R, X, Y) => -1
verification.k:26:       requires R ==Int -1 andBool Y >=Int X
verification.k:31:  syntax Function ::= "canArrangeFunction" [macro]
verification.k:32:  rule canArrangeFunction =>
verification.k:47:  syntax Pgm ::= "solutionProgram" [macro]
verification.k:48:  rule solutionProgram =>
verification.k:63:endmodule
semantic.k:1:requires "domains.md"
semantic.k:3:module MPY-SYNTAX
semantic.k:4:  imports INT-SYNTAX
semantic.k:5:  imports BOOL-SYNTAX
semantic.k:6:  imports STRING-SYNTAX
semantic.k:7:  imports MAP
semantic.k:8:  imports LIST
semantic.k:10:  syntax Pgm ::= "Module" "(" Stmts ")"
semantic.k:12:  syntax Stmts ::= List{Stmt, ""}
semantic.k:13:  syntax Params ::= "Params" "(" Strings ")"
semantic.k:14:  syntax Strings ::= List{String, ","}
semantic.k:15:  syntax Exps ::= List{Exp, ","}
semantic.k:16:  syntax CmpOps ::= List{CmpOp, ","}
semantic.k:18:  syntax Stmt ::= "FuncDef" "(" String "," Params "," Stmts ")"
semantic.k:23:  syntax Exp ::= "Int" "(" Int ")"
semantic.k:32:  syntax Bound ::= Exp | "NoBound"
semantic.k:33:  syntax CmpOp ::= "CmpOp" "(" String "," Exp ")"
semantic.k:38:  syntax Ints ::= List{Int, ","}
semantic.k:39:  syntax Arr ::= "seq" "(" Ints ")"
semantic.k:40:  syntax Val ::= "intVal" "(" Int ")"
semantic.k:44:  syntax Function ::= "function" "(" Params "," Stmts ")"
semantic.k:46:endmodule
semantic.k:48:module MPY
semantic.k:49:  imports MPY-SYNTAX
semantic.k:50:  imports INT
semantic.k:51:  imports BOOL
semantic.k:52:  imports STRING
semantic.k:53:  imports MAP
semantic.k:54:  imports LIST
semantic.k:56:  syntax KItem ::= "invokeEntry" "(" Val ")"
semantic.k:77:  syntax Stmts ::= "appendStmts" "(" Stmts "," Stmts ")" [function, total]
semantic.k:78:  rule appendStmts(.Stmts, MORE) => MORE
semantic.k:79:  rule appendStmts(S REST, MORE) => S appendStmts(REST, MORE)
semantic.k:81:  configuration
semantic.k:91:  rule <k> Module(SS) => load(SS) ... </k>
semantic.k:92:  rule <k> load(.Stmts) => .K ... </k>
semantic.k:93:  rule <k> load(FuncDef(F, PS, BODY) REST)
semantic.k:95:  rule <k> install(F, PS, BODY) => .K ... </k>
semantic.k:97:  rule <k> invokeEntry(V) => invoke("can_arrange", V) ... </k>
semantic.k:102:  rule <k> invoke(F, V) => exec(BODY) ~> noReturn ... </k>
semantic.k:107:  rule <k> exec(.Stmts) => .K ... </k>
semantic.k:108:  rule <k> exec(Assign(Name(X), E) REST)
semantic.k:110:  rule <k> value(V) ~> assignTo(X) => .K ... </k>
semantic.k:113:  rule <k> exec(If(COND, THEN, ELSE) REST)
semantic.k:115:  rule <k> value(boolVal(true)) ~> branch(THEN, _ELSE, REST)
semantic.k:117:  rule <k> value(boolVal(false)) ~> branch(_THEN, ELSE, REST)
semantic.k:120:  rule <k> exec(Return(E) REST) => eval(E) ~> doReturn ... </k>
semantic.k:121:  rule <k> value(V) ~> doReturn ~> noReturn => value(V) ... </k>
semantic.k:126:  rule <k> eval(Int(I)) => value(intVal(I)) ... </k>
semantic.k:127:  rule <k> eval(Name(X)) => value(V) ... </k>
semantic.k:130:  rule <k> eval(UnaryOp("-", E)) => eval(E) ~> unaryMinus ... </k>
semantic.k:131:  rule <k> value(intVal(I)) ~> unaryMinus => value(intVal(0 -Int I)) ... </k>
semantic.k:133:  rule <k> eval(Call(Name("len"), E, .Exps)) => eval(E) ~> applyLen ... </k>
semantic.k:134:  rule <k> value(arrayVal(A, O, N)) ~> applyLen => value(intVal(N)) ... </k>
semantic.k:136:  rule <k> eval(Call(Name(F), E, .Exps)) => eval(E) ~> callValue(F) ... </k>
semantic.k:137:       requires F =/=String "len"
semantic.k:138:  rule <k> value(V) ~> callValue(F) => invoke(F, V) ... </k>
semantic.k:140:  rule <k> eval(Subscript(E, Slice(Int(1), NoBound, NoBound)))
semantic.k:142:  rule <k> value(arrayVal(A, O, N)) ~> sliceFromOne
semantic.k:145:  rule <k> eval(Subscript(E, Int(I))) => eval(E) ~> indexAt(I) ... </k>
semantic.k:146:  rule <k> value(arrayVal(A, O, N)) ~> indexAt(I)
semantic.k:149:  rule <k> eval(BinOp(OP, LEFT, RIGHT))
semantic.k:151:  rule <k> value(V) ~> binLeft(OP, RIGHT)
semantic.k:153:  rule <k> value(intVal(J)) ~> binRight("+", intVal(I))
semantic.k:156:  rule <k> eval(Compare(LEFT, CmpOp(OP, RIGHT), .CmpOps))
semantic.k:158:  rule <k> value(V) ~> cmpLeft(OP, RIGHT)
semantic.k:160:  rule <k> value(intVal(J)) ~> cmpRight("<=", intVal(I))
semantic.k:162:  rule <k> value(intVal(J)) ~> cmpRight("!=", intVal(I))
semantic.k:164:  rule <k> value(intVal(J)) ~> cmpRight("<", intVal(I))
semantic.k:169:  syntax Int ::= "get" "(" Arr "," Int ")" [function, total]
semantic.k:170:               | "arrSize" "(" Arr ")" [function, total]
semantic.k:171:               | "intsSize" "(" Ints ")" [function, total]
semantic.k:172:  rule arrSize(seq(IS)) => intsSize(IS)
semantic.k:173:  rule intsSize(.Ints) => 0
semantic.k:174:  rule intsSize(I, REST) => 1 +Int intsSize(REST)
semantic.k:175:  rule get(seq(I, REST), 0) => I
semantic.k:176:  rule get(seq(I, REST), N) => get(seq(REST), N -Int 1)
semantic.k:177:       requires N >Int 0
semantic.k:179:endmodule
EXIT_STATUS=0
$ rule/declaration counts
semantic.k rules=41 claims= syntax_heads=17 configurations=1
verification.k rules=7 claims= syntax_heads=3 configurations=
spec.k rules= claims=1 syntax_heads= configurations=
