COMMAND: env PYTHONDONTWRITEBYTECODE=1 python3 /audit-output/evidence/stage4/precondition_witnesses.py
CLAIM_FAMILY: program-base / math-base
WITNESS: []
PRECONDITION: size(L) <= 1
FORMAL_RHS: program RHS finish(0); math RHS 0
CANDIDATE_PYTHON_FINAL: 0
CANONICAL_PYTHON_FINAL: 0
CLAIM_FAMILY: program-equal / math-equal
WITNESS: [1, 9, 1]
PRECONDITION: size(L) > 1 and L[0] == L[-1]
FORMAL_RHS: program RHS recur(body,[9],body); math RHS minimum([9])
CANDIDATE_PYTHON_FINAL: 0
CANONICAL_PYTHON_FINAL: 0
CLAIM_FAMILY: program-unequal / math-unequal
WITNESS: [1, 9, 2]
PRECONDITION: size(L) > 1 and L[0] != L[-1]
FORMAL_RHS: program RHS recur(body,[9],body) ~> addResult(1); math RHS 1 + minimum([9])
CANDIDATE_PYTHON_FINAL: 1
CANONICAL_PYTHON_FINAL: 1
EXAMPLE_CLAIM_1: [1, 2, 3, 5, 4, 7, 9, 6]
CANDIDATE_PYTHON_FINAL: 4
CANONICAL_PYTHON_FINAL: 4
EXAMPLE_CLAIM_2: [1, 2, 3, 4, 3, 2, 2]
CANDIDATE_PYTHON_FINAL: 1
CANONICAL_PYTHON_FINAL: 1
EXAMPLE_CLAIM_3: [1, 2, 3, 2, 1]
CANDIDATE_PYTHON_FINAL: 0
CANONICAL_PYTHON_FINAL: 0

EXIT_STATUS: 0
