Script started on 2026-07-26 02:47:36-05:00 [<not executed on terminal>]
MUTATION: solutionProgram returns (smallest_positive, largest_negative)
COMMAND: diff -u reconstruction/verification.k body-mutation/verification.k
--- /tmp/audit-work/reconstruction/verification.k	2026-07-26 02:42:10.881104205 -0500
+++ /tmp/audit-work/body-mutation/verification.k	2026-07-26 02:47:09.379805597 -0500
@@ -64,6 +64,6 @@
               .Stmts)),
           .Stmts))
       Return(
-        TupleExpr(Name("largest_negative"), Name("smallest_positive")))))
+        TupleExpr(Name("smallest_positive"), Name("largest_negative")))))
 
 endmodule
DIFF_EXIT_STATUS=1 (1 means the intended mutation is present)
COMMAND: timeout 900 kompile verification.k --backend haskell --main-module VERIFICATION --syntax-module MPY-SYNTAX --output-definition body-mutation-kompiled
[0m[0mBUILD_EXIT_STATUS=0
COMMAND: timeout 900 kprove spec.k --definition body-mutation-kompiled --spec-module SPEC
kore-exec: [396745] Warning (WarnStuckClaimState):
    The configuration's term doesn't unify with the destination's term and the configuration cannot be rewritten further. Location: /tmp/audit-work/body-mutation/spec.k:11:5-35:23
Context:
    (InfoReachability) while checking the implication
kore-exec: [399148] Warning (WarnUnexploredBranches):
    2 branches were still unexplored when the action failed.
  <mpy>
    <k>
      pyTuple ( pyNone , pyNone ) ~> .K
    </k>
    <env>
      "largest_negative" |-> pyNone
      "lst" |-> pyIntList ( nil )
      "smallest_positive" |-> pyNone
    </env>
    <steps>
      0
    </steps>
  </mpy>
#And
  {
    IS
  #Equals
    nil
  }
[Error] Prover: backend terminated because the configuration cannot be
rewritten further. See output for more details.
PROOF_EXIT_STATUS=1
BODY_SENSITIVITY=PASS (mutated executed constructor term was rejected)
OVERALL_EXIT_STATUS=0

Script done on 2026-07-26 02:47:40-05:00 [COMMAND_EXIT_CODE="0"]
