Script started on 2026-07-26 02:49:17-05:00 [<not executed on terminal>]
COMMAND: find candidate source root for K files (compiled directories excluded)
semantic.k
spec.k
verification.k
EXIT_STATUS=0
FILE=semantic.k
866cba9c79c263594884e19a9348b12c898964d5a64df2cc9542dbad37e90291  /tmp/audit-work/reconstruction/semantic.k
DECLARATION_STARTS:
10:  syntax Program ::= "Module" "(" Stmts ")"
12:  syntax Stmts ::= List{Stmt, ""}
13:  syntax Exprs ::= List{Expr, ","}
15:  syntax Params ::= "Params" "(" String ")"
16:  syntax CmpOp ::= "CmpOp" "(" String "," Expr ")"
17:  syntax IntSeq ::= "nil"
20:  syntax Stmt ::= "FuncDef" "(" String "," Params "," Stmts ")"
26:  syntax Expr ::= "Name" "(" String ")"
34:  syntax OptInt ::= "pyInt" "(" Int ")"
37:  syntax PyVal ::= OptInt
43:  syntax KResult ::= PyVal
54:  configuration
61:  syntax KItem ::= "run" "(" Program "," Expr ")"
79:  rule <k> run(P, E) => E ~> start(P) ... </k>
80:  rule <k> V:PyVal ~> start(
85:  rule <k> bind(X, V) => .K ... </k>
87:  rule <k> bind(X, V) => .K ... </k>
91:  rule <k> exec(.Stmts) => .K ... </k>
92:  rule <k> exec(S:Stmt SS:Stmts) => S ~> exec(SS) ... </k>
94:  rule <k> Int(I) => pyInt(I) ... </k>
95:  rule <k> NoneVal => pyNone ... </k>
96:  rule <k> Value(V) => V ... </k>
97:  rule <k> Name(X) => V ... </k>
100:  rule <k> Assign(Name(X), E) => E ~> store(X) ... </k>
101:  rule <k> V:PyVal ~> store(X) => .K ... </k>
103:  rule <k> V:PyVal ~> store(X) => .K ... </k>
107:  rule <k> Compare(E1, CmpOp(OP, E2))
109:  rule <k> V1:PyVal ~> compareLeft(OP, E2)
111:  rule <k> pyInt(I2) ~> compareRight("<", pyInt(I1))
113:  rule <k> pyInt(I2) ~> compareRight(">", pyInt(I1))
115:  rule <k> pyNone ~> compareRight("is", pyNone)
117:  rule <k> pyNone ~> compareRight("is", pyInt(_I))
120:  rule <k> If(E, THEN, ELSE)
122:  rule <k> pyBool(true) ~> branch(THEN, _ELSE)
124:  rule <k> pyBool(false) ~> branch(_THEN, ELSE)
127:  rule <k> TupleExpr(E1, E2) => E1 ~> tupleLeft(E2) ... </k>
128:  rule <k> V1:PyVal ~> tupleLeft(E2)
130:  rule <k> V2:PyVal ~> tupleRight(V1)
133:  rule <k> ListExpr(ES) => makeList(ES, .List) ... </k>
134:  rule <k> makeList(.Exprs, VS) => pyList(VS) ... </k>
135:  rule <k> makeList(E:Expr, VS)
137:  rule <k> makeList(E:Expr, ES:Exprs, VS)
139:  rule <k> V:PyVal ~> listValue(ES, VS)
142:  rule <k> For(Name(X), E, BODY)
144:  rule <k> pyList(VS) ~> loop(X, BODY)
146:  rule <k> pyIntList(IS) ~> loop(X, BODY)
148:  rule <k> iterate(_X, .List, _BODY) => .K ... </k>
149:  rule <k> iterate(X, ListItem(V) REST, BODY)
154:  rule <k> iterateIntSeq(_X, nil, _BODY) => .K ... </k>
155:  rule <k> iterateIntSeq(X, icon(I, IS), BODY)
160:  rule <k> bindIteration(X, V) => .K ... </k>
162:  rule <k> bindIteration(X, V) => .K ... </k>
165:  rule <k> iterationDone => .K ... </k>
169:  rule <k> Return(E) ~> exec(_SS) => E ... </k>
DECLARATION_SCAN_EXIT_STATUS=0
ATTRIBUTES_AND_REVIEW_KEYWORDS:
KEYWORD_SCAN_EXIT_STATUS=1 (1 means no matching attributes)
FILE=verification.k
a54766e74afa56d501e8880c29aacebec2884555ba27c801af7a1bbb614859db  /tmp/audit-work/reconstruction/verification.k
DECLARATION_STARTS:
8:  syntax OptInt ::= "#negFold" "(" IntSeq "," OptInt ")" [function, total]
15:  rule #negFold(nil, N) => N
16:  rule #negFold(icon(I, IS), N)
18:  rule #posFold(nil, P) => P
19:  rule #posFold(icon(I, IS), P)
22:  rule #negStep(I, N)
27:  rule #negCandidate(I, pyNone) => pyInt(I)
28:  rule #negCandidate(I, pyInt(N))
34:  rule #posStep(I, P)
39:  rule #posCandidate(I, pyNone) => pyInt(I)
40:  rule #posCandidate(I, pyInt(P))
46:  syntax Program ::= "solutionProgram" [macro]
47:  rule solutionProgram => Module(
DECLARATION_SCAN_EXIT_STATUS=0
ATTRIBUTES_AND_REVIEW_KEYWORDS:
8:  syntax OptInt ::= "#negFold" "(" IntSeq "," OptInt ")" [function, total]
9:                  | "#posFold" "(" IntSeq "," OptInt ")" [function, total]
10:                  | "#negStep" "(" Int "," OptInt ")" [function, total]
11:                  | "#posStep" "(" Int "," OptInt ")" [function, total]
12:                  | "#negCandidate" "(" Int "," OptInt ")" [function, total]
13:                  | "#posCandidate" "(" Int "," OptInt ")" [function, total]
46:  syntax Program ::= "solutionProgram" [macro]
KEYWORD_SCAN_EXIT_STATUS=0 (1 means no matching attributes)
FILE=spec.k
ebba4a3a3ced4d16f4d14b8ad117c151ce4f8c9453374d1d36a0fda4eddc80a6  /tmp/audit-work/reconstruction/spec.k
DECLARATION_STARTS:
10:  claim
43:  claim
77:  claim
DECLARATION_SCAN_EXIT_STATUS=0
ATTRIBUTES_AND_REVIEW_KEYWORDS:
KEYWORD_SCAN_EXIT_STATUS=1 (1 means no matching attributes)
COUNTS:
semantic syntax starts=12
semantic rule starts=41
verification syntax starts=2
verification rule starts=11
spec claim starts=3
RULE_INVENTORY_COMPLETE=YES
OVERALL_EXIT_STATUS=0

Script done on 2026-07-26 02:49:17-05:00 [COMMAND_EXIT_CODE="0"]
