Script started on 2026-07-23 06:54:41-05:00 [<not executed on terminal>]
COMMAND: kompile --backend haskell semantic.k --main-module SEMANTIC --syntax-module VERIFICATION --output-definition /tmp/audit-work/body-mutant-kompiled

EXIT: 0

COMMAND: kprove spec.k --definition /tmp/audit-work/body-mutant-kompiled --spec-module SPEC
kore-exec: [869616] Warning (WarnStuckClaimState):
    The configuration's term unifies with the destination's term, but the implication check between the conditions has failed. Location: /tmp/audit-work/body-mutant/spec.k:6:5-15:74
Context:
    (InfoReachability) while checking the implication
  #Ceil ( appendOne ( ACC , H ) )
#And
  #Ceil ( filterAcc ( T , PREFIX , appendOne ( ACC , H ) ) )
#And
  #Not ( #Ceil ( filterAcc ( cons ( H , T ) , PREFIX , ACC ) )
  #And
    {
      filterAcc ( cons ( H , T ) , PREFIX , ACC )
    #Equals
      filterAcc ( T , PREFIX , appendOne ( ACC , H ) )
    } )
#And
  <t>
    <k>
      .K
    </k>
    <env>
      ?_Gen0
    </env>
    <functions>
      _FUNCTIONS
    </functions>
    <input>
      _ALLINPUT
    </input>
    <prefix>
      PREFIX
    </prefix>
    <output>
      listVal ( filterAcc ( T , PREFIX , appendOne ( ACC , H ) ) )
    </output>
  </t>
#And
  {
    INPUT
  #Equals
    cons ( H , T )
  }
#And
  {
    false
  #Equals
    "prefix" in_keys ( _RESTENV )
  }
#And
  {
    false
  #Equals
    "result" in_keys ( _RESTENV )
  }
[Error] Prover: backend terminated because the configuration cannot be
rewritten further. See output for more details.
EXIT: 1

MUTATION: loop body appends every string and omits startswith/If
FALSE_WITNESS: strings=["b"], prefix="a"; mutant returns ["b"], spec requires []
proof_rejected=True
stuck_claim_residual=True

Script done on 2026-07-23 06:54:46-05:00 [COMMAND_EXIT_CODE="0"]
