Script started on 2026-07-28 18:13:00-05:00 [<not executed on terminal>]
--- /tmp/audit-work/stage5-clean-project/Proof.lean	2026-07-28 16:46:04.123949834 -0500
+++ /tmp/audit-work/mutation-nsscan/Proof.lean	2026-07-28 18:10:30.375649892 -0500
@@ -459,30 +459,8 @@
 
 /- KORE symbol: LblnsScan'LParUndsCommUndsCommUndsCommUndsRParUnds'NEXT-SMALLEST-VERIFICATION'Unds'Val'Unds'Ints'Unds'Int'Unds'Int'Unds'Int; frozen source obligations: rule-24e0b061b3462f2b6e58444f2f4c1b2a9c99ebe7e02e89ff2bfabb146ab52cba. Replace this stub with its honest total meaning from the frozen K semantics. -/
 def «nsScan(_,_,_,_)_NEXT-SMALLEST-VERIFICATION_Val_Ints_Int_Int_Int»
-    : SortInts → SortInt → SortInt → SortInt → SortVal
-  | SortInts.«nilInts_NEXT-SMALLEST-VERIFICATION_Ints», _, second, count =>
-      if count = 2 then SortVal.inj_SortInt second
-      else SortVal.«noneV_MPY-CORE_Val»
-  | SortInts.«consInts(_,_)_NEXT-SMALLEST-VERIFICATION_Ints_Int_Ints»
-        value rest, smallest, second, count =>
-      if count = 0 then
-        «nsScan(_,_,_,_)_NEXT-SMALLEST-VERIFICATION_Val_Ints_Int_Int_Int»
-          rest value second 1
-      else if value < smallest then
-        «nsScan(_,_,_,_)_NEXT-SMALLEST-VERIFICATION_Val_Ints_Int_Int_Int»
-          rest value smallest 2
-      else if value = smallest then
-        «nsScan(_,_,_,_)_NEXT-SMALLEST-VERIFICATION_Val_Ints_Int_Int_Int»
-          rest smallest second count
-      else if count = 1 then
-        «nsScan(_,_,_,_)_NEXT-SMALLEST-VERIFICATION_Val_Ints_Int_Int_Int»
-          rest smallest value 2
-      else if value < second then
-        «nsScan(_,_,_,_)_NEXT-SMALLEST-VERIFICATION_Val_Ints_Int_Int_Int»
-          rest smallest value 2
-      else
-        «nsScan(_,_,_,_)_NEXT-SMALLEST-VERIFICATION_Val_Ints_Int_Int_Int»
-          rest smallest second count
+    : SortInts → SortInt → SortInt → SortInt → SortVal :=
+  fun _ _ _ _ => SortVal.«noneV_MPY-CORE_Val»
 
 noncomputable def functionFrame
     (oldValue : SortInt) (lst : SortVal) (smallest second count : SortInt) :

Script done on 2026-07-28 18:13:00-05:00 [COMMAND_EXIT_CODE="1"]
