COMMAND (shell-escaped):
 bash -lc python3\ /audit-output/evidence/k_rule_inventory.py\ --output\ /audit-output/evidence/k-rule-inventory.txt\ reference-semantics\ verification.k\ spec.k\;\ status=\$\?\;\ echo\ inventory_script_status=\$status\;\ sha256sum\ /audit-output/evidence/k-rule-inventory.txt\;\ wc\ -l\ -c\ /audit-output/evidence/k-rule-inventory.txt\;\ sed\ -n\ \"1\,40p\"\ /audit-output/evidence/k-rule-inventory.txt\;\ exit\ \$status
WORKDIR: /tmp/audit-work/review-90
START_UTC: 2026-07-31T16:00:46Z
OUTPUT:
inventory_script_status=0
9e55e1a39226fb4eaac57bfe22ccc8d014cad48e4cd3c7d3024971fa67aa4d48  /audit-output/evidence/k-rule-inventory.txt
  4489 176303 /audit-output/evidence/k-rule-inventory.txt
K SOURCE DECLARATION AND RULE INVENTORY
files=26
lexical_declaration_starts=978
captured_records=978
counts:
  claim=2
  configuration=1
  context=5
  flag:concrete=36
  flag:function=161
  flag:macro=4
  flag:opaque/no-evaluators=23
  flag:owise=26
  flag:preserves-definedness=2
  flag:priority=45
  flag:simplification=26
  flag:strictness=2
  flag:symbolic=1
  flag:total=119
  rule=727
  syntax=243

RECORD 1: reference-semantics/semantics/assert.k:6 kind=rule flags=none
  rule <k> Assert(V:Val) => .K ... </k>
       requires truthy(V)
END_RECORD

RECORD 2: reference-semantics/semantics/assert.k:8 kind=rule flags=none
  rule <k> Assert(V:Val) ~> _ => .K </k>
       <exc> NoExc => AssertionError </exc>
       <exit-code> _ => 1 </exit-code>
       requires notBool truthy(V)
END_RECORD

RECORD 3: reference-semantics/semantics/assert.k:13 kind=rule flags=priority
  rule <k> Assert(ref(H:Int)) => Assert(V) ... </k>
       <heap> ... H |-> V:Val ... </heap>
       [priority(40)]
END_RECORD


EXIT_STATUS: 0
END_UTC: 2026-07-31T16:00:46Z
