COMMAND (shell-escaped):
 kprove fresh-false-spec.k --definition verification-kompiled-fresh --spec-module FRESH-FALSE-SPEC
WORKDIR: /tmp/audit-work/review-90
START_UTC: 2026-07-31T16:03:05Z
OUTPUT:
kore-exec: [9870528] Warning (WarnStuckClaimState):
    The configuration's term doesn't unify with the destination's term and the configuration cannot be rewritten further. Location: /tmp/audit-work/review-90/fresh-false-spec.k:30:5-49:25
Context:
    (InfoReachability) while checking the implication
  <generatedTop>
    <k>
      scanSecond ( scanVS ( VS , 0 , false , 0 , false ) ) ~> .K
    </k>
    <env>
      0
    </env>
    <scopes>
      -1 |-> scope ( "abs" |-> builtinV ( "abs" )
      "all" |-> builtinV ( "all" )
      "any" |-> builtinV ( "any" )
      "bin" |-> builtinV ( "bin" )
      "chr" |-> builtinV ( "chr" )
      "enumerate" |-> builtinV ( "enumerate" )
      "eval" |-> builtinV ( "eval" )
      "float" |-> typeV ( "float" )
      "int" |-> typeV ( "int" )
      "isinstance" |-> builtinV ( "isinstance" )
      "len" |-> builtinV ( "len" )
      "list" |-> builtinV ( "list" )
      "map" |-> builtinV ( "map" )
      "max" |-> builtinV ( "max" )
      "min" |-> builtinV ( "min" )
      "ord" |-> builtinV ( "ord" )
      "range" |-> builtinV ( "range" )
      "round" |-> builtinV ( "round" )
      "set" |-> builtinV ( "set" )
      "sorted" |-> builtinV ( "sorted" )
      "str" |-> typeV ( "str" )
      "sum" |-> builtinV ( "sum" )
      "zip" |-> builtinV ( "zip" ) , root )
      0 |-> scope ( "next_smallest" |-> closureVal ( "lst" , .ParamNames , Expr ( Str ( "\n    Return the second-smallest distinct integer in lst, or None when it\n    does not exist.\n    " ) )  Assign ( Name ( "found_smallest" ) , Bool ( false ) )  Assign ( Name ( "found_second" ) , Bool ( false ) )  Assign ( Name ( "smallest" ) , Int ( 0 ) )  Assign ( Name ( "second" ) , Int ( 0 ) )  Assign ( Name ( "x" ) , Int ( 0 ) )  For ( Name ( "x" ) , Name ( "lst" ) , Assign ( Name ( "x" ) , BinOp ( "+" , Name ( "x" ) , Int ( 0 ) ) )  If ( UnaryOp ( "not" , Name ( "found_smallest" ) ) , Assign ( Name ( "smallest" ) , Name ( "x" ) )  Assign ( Name ( "found_smallest" ) , Bool ( true ) )  .Stmts , If ( Compare ( Name ( "x" ) , CmpOp ( "<" , Name ( "smallest" ) ) ) , Assign ( Name ( "second" ) , Name ( "smallest" ) )  Assign ( Name ( "found_second" ) , Bool ( true ) )  Assign ( Name ( "smallest" ) , Name ( "x" ) )  .Stmts , If ( BoolOp ( "and" , Compare ( Name ( "x" ) , CmpOp ( "!=" , Name ( "smallest" ) ) ) , BoolOp ( "or" , UnaryOp ( "not" , Name ( "found_second" ) ) , Compare ( Name ( "x" ) , CmpOp ( "<" , Name ( "second" ) ) ) , .Exprs ) , .Exprs ) , Assign ( Name ( "second" ) , Name ( "x" ) )  Assign ( Name ( "found_second" ) , Bool ( true ) )  .Stmts , .Stmts )  .Stmts )  .Stmts )  .Stmts )  If ( Name ( "found_second" ) , Return ( Name ( "second" ) )  .Stmts , .Stmts )  Return ( NoneVal )  .Stmts , 0 ) , parent ( -1 ) )
    </scopes>
    <scopeLoc>
      1
    </scopeLoc>
    <heap>
      .Map
    </heap>
    <heapLoc>
      0
    </heapLoc>
    <stack>
      .List
    </stack>
    <ret>
      noRet
    </ret>
    <exc>
      NoExc
    </exc>
    <exit-code>
      0
    </exit-code>
  </generatedTop>
#And
  {
    true
  #Equals
    allInts ( VS )
  }
#And
  {
    true
  #Equals
    scanFoundSecond ( scanVS ( VS , 0 , false , 0 , false ) )
  }
[Warning] Compiler: Variable 'ORIG' defined but not used. Prefix variable name
with underscore if this is intentional.
	Source(/tmp/audit-work/review-90/fresh-false-spec.k)
	Location(14,24,14,28)
	14 |	        "lst" |-> list(ORIG:ValSeq)
	   .	                       ^~~~
[Warning] Compiler: Variable 'As' defined but not used. Prefix variable name
with underscore if this is intentional.
	Source(/tmp/audit-work/review-90/reference-semantics/semantics/str.k)
	Location(52,27,52,29)
	52 |	  rule strLt(iCons(A:Int, As:IntSeq), iCons(B:Int, Bs:IntSeq)) => true   
      requires A  <Int B
	   .	                          ^~
[Warning] Compiler: Variable 'Bs' defined but not used. Prefix variable name
with underscore if this is intentional.
	Source(/tmp/audit-work/review-90/reference-semantics/semantics/str.k)
	Location(52,52,52,54)
	52 |	  rule strLt(iCons(A:Int, As:IntSeq), iCons(B:Int, Bs:IntSeq)) => true   
      requires A  <Int B
	   .	                                                   ^~
[Warning] Compiler: Variable 'As' defined but not used. Prefix variable name
with underscore if this is intentional.
	Source(/tmp/audit-work/review-90/reference-semantics/semantics/str.k)
	Location(53,27,53,29)
	53 |	  rule strLt(iCons(A:Int, As:IntSeq), iCons(B:Int, Bs:IntSeq)) => false  
      requires A  >Int B
	   .	                          ^~
[Warning] Compiler: Variable 'Bs' defined but not used. Prefix variable name
with underscore if this is intentional.
	Source(/tmp/audit-work/review-90/reference-semantics/semantics/str.k)
	Location(53,52,53,54)
	53 |	  rule strLt(iCons(A:Int, As:IntSeq), iCons(B:Int, Bs:IntSeq)) => false  
      requires A  >Int B
	   .	                                                   ^~
[Warning] Compiler: Variable 'A' defined but not used. Prefix variable name
with underscore if this is intentional.
	Source(/tmp/audit-work/review-90/verification.k)
	Location(97,24,97,25)
	97 |	  rule scanStep(X:Int, A:Int, false, B:Int, HB:Bool)
	   .	                       ^
[Warning] Compiler: Variable 'B' defined but not used. Prefix variable name
with underscore if this is intentional.
	Source(/tmp/audit-work/review-90/verification.k)
	Location(101,37,101,38)
	101 |	  rule scanStep(X:Int, A:Int, true, B:Int, HB:Bool)
	    .	                                    ^
[Warning] Compiler: Variable 'HB' defined but not used. Prefix variable name
with underscore if this is intentional.
	Source(/tmp/audit-work/review-90/verification.k)
	Location(101,44,101,46)
	101 |	  rule scanStep(X:Int, A:Int, true, B:Int, HB:Bool)
	    .	                                           ^~
[Warning] Compiler: Variable 'B' defined but not used. Prefix variable name
with underscore if this is intentional.
	Source(/tmp/audit-work/review-90/verification.k)
	Location(111,37,111,38)
	111 |	  rule scanStep(X:Int, A:Int, true, B:Int, false)
	    .	                                    ^
[Error] Prover: backend terminated because the configuration cannot be
rewritten further. See output for more details.

EXIT_STATUS: 1
END_UTC: 2026-07-31T16:03:18Z
