COMMAND: kprove spec-helper-only.k --definition /tmp/audit-work/palindrome-audit/verification-kompiled --spec-module SPEC-HELPER-ONLY
#Top
[Warning] Compiler: Variable 'As' defined but not used. Prefix variable name
with underscore if this is intentional.
	Source(/tmp/audit-work/palindrome-audit/candidate/reference-semantics/semantics/str.k)
	Location(52,27,52,29)
	52 |	  rule strLt(iCons(A:Int, As:IntSeq), iCons(B:Int, Bs:IntSeq)) => true   
      requires A  <Int B
	   .	                          ^~
[Warning] Compiler: Variable 'Bs' defined but not used. Prefix variable name
with underscore if this is intentional.
	Source(/tmp/audit-work/palindrome-audit/candidate/reference-semantics/semantics/str.k)
	Location(52,52,52,54)
	52 |	  rule strLt(iCons(A:Int, As:IntSeq), iCons(B:Int, Bs:IntSeq)) => true   
      requires A  <Int B
	   .	                                                   ^~
[Warning] Compiler: Variable 'As' defined but not used. Prefix variable name
with underscore if this is intentional.
	Source(/tmp/audit-work/palindrome-audit/candidate/reference-semantics/semantics/str.k)
	Location(53,27,53,29)
	53 |	  rule strLt(iCons(A:Int, As:IntSeq), iCons(B:Int, Bs:IntSeq)) => false  
      requires A  >Int B
	   .	                          ^~
[Warning] Compiler: Variable 'Bs' defined but not used. Prefix variable name
with underscore if this is intentional.
	Source(/tmp/audit-work/palindrome-audit/candidate/reference-semantics/semantics/str.k)
	Location(53,52,53,54)
	53 |	  rule strLt(iCons(A:Int, As:IntSeq), iCons(B:Int, Bs:IntSeq)) => false  
      requires A  >Int B
	   .	                                                   ^~
[Warning] Compiler: Variable 'HH' defined but not used. Prefix variable name
with underscore if this is intentional.
	Source(/tmp/audit-work/palindrome-audit/candidate/spec-helper-only.k)
	Location(22,12,22,14)
	22 |	    <heap> HH:Map </heap>
	   .	           ^~
[Warning] Compiler: Variable 'NN' defined but not used. Prefix variable name
with underscore if this is intentional.
	Source(/tmp/audit-work/palindrome-audit/candidate/spec-helper-only.k)
	Location(23,15,23,17)
	23 |	    <heapLoc> NN:Int </heapLoc>
	   .	              ^~
EXIT_STATUS: 0
