COMMAND: kprove spec-vacuity-fresh.k --definition /tmp/audit-work/palindrome-audit/verification-kompiled --spec-module SPEC-VACUITY-FRESH --dry-run
kore-exec /tmp/audit-work/palindrome-audit/verification-kompiled/definition.kore --module VERIFICATION --prove /tmp/.kprove-2026-07-24-04-22-25-054-8745113e-9c81-4ee3-84dd-266e7e553e8a/spec.kore --spec-module SPEC-VACUITY-FRESH --output /tmp/.kprove-2026-07-24-04-22-25-054-8745113e-9c81-4ee3-84dd-266e7e553e8a/result.kore
[Warning] Compiler: Variable 'As' defined but not used. Prefix variable name
with underscore if this is intentional.
	Source(/tmp/audit-work/palindrome-audit/candidate/reference-semantics/semantics/str.k)
	Location(52,27,52,29)
	52 |	  rule strLt(iCons(A:Int, As:IntSeq), iCons(B:Int, Bs:IntSeq)) => true   
      requires A  <Int B
	   .	                          ^~
[Warning] Compiler: Variable 'Bs' defined but not used. Prefix variable name
with underscore if this is intentional.
	Source(/tmp/audit-work/palindrome-audit/candidate/reference-semantics/semantics/str.k)
	Location(52,52,52,54)
	52 |	  rule strLt(iCons(A:Int, As:IntSeq), iCons(B:Int, Bs:IntSeq)) => true   
      requires A  <Int B
	   .	                                                   ^~
[Warning] Compiler: Variable 'As' defined but not used. Prefix variable name
with underscore if this is intentional.
	Source(/tmp/audit-work/palindrome-audit/candidate/reference-semantics/semantics/str.k)
	Location(53,27,53,29)
	53 |	  rule strLt(iCons(A:Int, As:IntSeq), iCons(B:Int, Bs:IntSeq)) => false  
      requires A  >Int B
	   .	                          ^~
[Warning] Compiler: Variable 'Bs' defined but not used. Prefix variable name
with underscore if this is intentional.
	Source(/tmp/audit-work/palindrome-audit/candidate/reference-semantics/semantics/str.k)
	Location(53,52,53,54)
	53 |	  rule strLt(iCons(A:Int, As:IntSeq), iCons(B:Int, Bs:IntSeq)) => false  
      requires A  >Int B
	   .	                                                   ^~
[Warning] Compiler: Variable 'H' defined but not used. Prefix variable name
with underscore if this is intentional.
	Source(/tmp/audit-work/palindrome-audit/candidate/spec-vacuity-fresh.k)
	Location(49,12,49,13)
	49 |	    <heap> H:Map </heap>
	   .	           ^
[Warning] Compiler: Variable 'N' defined but not used. Prefix variable name
with underscore if this is intentional.
	Source(/tmp/audit-work/palindrome-audit/candidate/spec-vacuity-fresh.k)
	Location(50,15,50,16)
	50 |	    <heapLoc> N:Int </heapLoc>
	   .	              ^
EXIT_STATUS: 0
