TOOLCHAIN:
kompile --version
K version: v7.1.293
kprove --version
K version: v7.1.293

COMMAND 1 (cwd=/tmp/audit-work/143):
kompile verification.k --backend haskell --main-module VERIFICATION \
  --syntax-module MPY-SYNTAX --output-definition verification-kompiled
EXIT STATUS: 0
RELEVANT OUTPUT: completed with only unused-variable warnings.

COMMAND 2 (cwd=/tmp/audit-work/143):
kprove spec.k --definition verification-kompiled --spec-module SPEC \
  --claims SPEC.loop-invariant --output pretty
EXIT STATUS: 0
RELEVANT OUTPUT:
#Top

COMMAND 3 (cwd=/tmp/audit-work/143):
kprove spec.k --definition verification-kompiled --spec-module SPEC \
  --claims SPEC.loop-invariant,SPEC.words-in-sentence-correct \
  --trusted SPEC.loop-invariant --output pretty
EXIT STATUS: 0
RELEVANT OUTPUT:
#Top

Both proof commands also emitted the same bounded compiler warnings:
unused variables in supplied strLt rules and in candidate scope patterns.
