COMMAND: bash -c for\ f\ in\ reference-semantics/semantics/assert.k\ reference-semantics/semantics/bool.k\ reference-semantics/semantics/comprehension.k\ reference-semantics/semantics/concrete.k\ reference-semantics/semantics/dict.k\ reference-semantics/semantics/float.k\ reference-semantics/semantics/iter.k\ reference-semantics/semantics/list.k\ reference-semantics/semantics/methods.k\ reference-semantics/semantics/range.k\ reference-semantics/semantics/set.k\ reference-semantics/semantics/sort.k\ reference-semantics/semantics/subscript.k\ reference-semantics/semantics/tuple.k\;\ do\ printf\ \"=====\ %s\ =====\\n\"\ \"\$f\"\;\ nl\ -ba\ \"\$f\"\;\ done
WORKDIR: /tmp/audit-work/44-change-base
--- OUTPUT ---
===== reference-semantics/semantics/assert.k =====
     1	// reference/src/semantics/assert.k — MPY-ASSERT
     2	
     3	module MPY-ASSERT
     4	  imports MPY-CORE
     5	
     6	  rule <k> Assert(V:Val) => .K ... </k>
     7	       requires truthy(V)
     8	  rule <k> Assert(V:Val) ~> _ => .K </k>
     9	       <exc> NoExc => AssertionError </exc>
    10	       <exit-code> _ => 1 </exit-code>
    11	       requires notBool truthy(V)
    12	
    13	  rule <k> Assert(ref(H:Int)) => Assert(V) ... </k>
    14	       <heap> ... H |-> V:Val ... </heap>
    15	       [priority(40)]
    16	endmodule
===== reference-semantics/semantics/bool.k =====
     1	// reference/src/semantics/bool.k — MPY-BOOL
     2	// Bool operator cases + the truthy boolean operations (not / and / or; and-or are
     3	// value-returning short-circuit over any Vals, per Python).
     4	
     5	module MPY-BOOL
     6	  imports MPY-CORE
     7	
     8	  rule applyUn("not", V:Val) => notBool truthy(V)
     9	
    10	  rule applyCmp("==", B1:Bool, B2:Bool) => B1 ==Bool B2
    11	  rule applyCmp("!=", B1:Bool, B2:Bool) => B1 =/=Bool B2
    12	
    13	  // ==== BoolOp: short-circuit, value-returning and / or =====================
    14	  // the node is its own accumulator: heat the HEAD element only, then either return it
    15	  // (short-circuit) or drop it and continue
    16	  context BoolOp(_, (HOLE:Expr, _:Exprs))
    17	  rule <k> BoolOp(_:String, (V:Val, .Exprs)) => V ... </k>
    18	  rule <k> BoolOp("and", (V:Val, A:Expr, REST:Exprs)) => BoolOp("and", (A, REST)) ... </k>
    19	       requires truthy(V)
    20	  rule <k> BoolOp("and", (V:Val, _:Expr, _:Exprs)) => V ... </k>
    21	       requires notBool truthy(V)
    22	  rule <k> BoolOp("or",  (V:Val, _:Expr, _:Exprs)) => V ... </k>
    23	       requires truthy(V)
    24	  rule <k> BoolOp("or",  (V:Val, A:Expr, REST:Exprs)) => BoolOp("or", (A, REST)) ... </k>
    25	       requires notBool truthy(V)
    26	
    27	  // ==== heap-object head: decide truthiness THROUGH the heap, never rewrite the
    28	  // operand — and/or return the OBJECT itself (Python identity), not its structure
    29	  rule <k> BoolOp(_:String, (ref(H:Int), .Exprs)) => ref(H) ... </k>
    30	       [priority(40)]
    31	  rule <k> BoolOp("and", (ref(H:Int), A:Expr, REST:Exprs)) => BoolOp("and", (A, REST)) ... </k>
    32	       <heap> ... H |-> V:Val ... </heap>
    33	       requires truthy(V)
    34	       [priority(40)]
    35	  rule <k> BoolOp("and", (ref(H:Int), _:Expr, _:Exprs)) => ref(H) ... </k>
    36	       <heap> ... H |-> V:Val ... </heap>
    37	       requires notBool truthy(V)
    38	       [priority(40)]
    39	  rule <k> BoolOp("or", (ref(H:Int), _:Expr, _:Exprs)) => ref(H) ... </k>
    40	       <heap> ... H |-> V:Val ... </heap>
    41	       requires truthy(V)
    42	       [priority(40)]
    43	  rule <k> BoolOp("or", (ref(H:Int), A:Expr, REST:Exprs)) => BoolOp("or", (A, REST)) ... </k>
    44	       <heap> ... H |-> V:Val ... </heap>
    45	       requires notBool truthy(V)
    46	       [priority(40)]
    47	endmodule
===== reference-semantics/semantics/comprehension.k =====
     1	// reference/src/semantics/comprehension.k — MPY-COMPREHENSION
     2	
     3	module MPY-COMPREHENSION
     4	  imports MPY-CORE
     5	  imports MPY-OPERATORS
     6	  imports MPY-LIST
     7	  imports MPY-CONTROLS
     8	  imports MPY-FUNCTIONS
     9	
    10	  // A comprehension is pure syntactic sugar
    11	  rule ListComp(ELT:Expr, Gs:CompFors) => Call(closureExpr(.ParamNames, compBody(Gs, ELT)), .Exprs)
    12	  rule GenExp(ELT:Expr, Gs:CompFors)   => Call(closureExpr(.ParamNames, compBody(Gs, ELT)), .Exprs)
    13	
    14	  syntax Stmts ::= compBody(CompFors, Expr) [macro]
    15	  rule compBody(Gs:CompFors, ELT:Expr)
    16	    => Assign(Name("$acc"), ListExpr(.Exprs)) compNest(Gs, ELT) Return(Name("$acc"))
    17	
    18	  syntax Stmt ::= compNest(CompFors, Expr) [macro-rec]
    19	  rule compNest(.CompFors, ELT:Expr)
    20	    => Assign(Name("$acc"), BinOp("+", Name("$acc"), ListExpr(ELT)))
    21	  rule compNest((CompFor(T:Expr, ITER:Expr, Fs:Exprs) GRest:CompFors), ELT:Expr)
    22	    => For(T, ITER, If(compGuard(Fs), compNest(GRest, ELT), .Stmts))
    23	
    24	  syntax Expr ::= compGuard(Exprs) [macro]
    25	  rule compGuard(.Exprs)             => Bool(true)
    26	  rule compGuard((F:Expr, Fs:Exprs)) => BoolOp("and", (F, Fs))
    27	endmodule
===== reference-semantics/semantics/concrete.k =====
     1	// reference/src/semantics/concrete.k — MPY-CONCRETE
     2	// Concrete-execution-only rules, visible ONLY to the llvm build (run.sh kompiles
     3	// MPY-CONCRETE; verification builds import MPY and never see these). Rationale:
     4	// a k-cell rule matching value constructors NARROWS abstract Vals in the haskell
     5	// backend ([concrete] is not respected on rewrite rules) — probed on
     6	// 26-remove-duplicates, where element compares branched into deepEqVS.
     7	
     8	module MPY-CONCRETE
     9	  imports MPY
    10	
    11	  // deep equality for list compares whose elements are heap objects
    12	  // (list-of-lists): Python == is structural at every depth.
    13	  rule <k> Compare(list(A:ValSeq), CmpOp("==", list(B:ValSeq))) => deepEqVS(A, B, HP) ... </k>
    14	       <heap> HP:Map </heap>
    15	       requires hasRefVS(A) orBool hasRefVS(B)
    16	  rule <k> Compare(list(A:ValSeq), CmpOp("!=", list(B:ValSeq))) => notBool deepEqVS(A, B, HP) ... </k>
    17	       <heap> HP:Map </heap>
    18	       requires hasRefVS(A) orBool hasRefVS(B)
    19	
    20	  // ==== keyed sort, concrete leg ============================================
    21	  // Computes each key by a REAL call through the uniform #callee machinery
    22	  // (closures, len, type objects all work), stable-inserts on the key, and
    23	  // allocates the result. priority(40) beats sort.k's opaque rules, so krun
    24	  // runs this and proofs (which never see MPY-CONCRETE) keep sortKeyVS.
    25	  syntax Val ::= kvP(Val, Val)
    26	  syntax KItem ::= #ksort(ValSeq, Val, ValSeq, Bool)
    27	                 | #ksIns(Val, ValSeq, Val, ValSeq, Bool)
    28	  rule <k> #applyK(toCall(builtinV("sorted")), (list(VS:ValSeq), kwV("key", KV:Val), .Vals))
    29	        => #ksort(VS, KV, .ValSeq, false) ... </k>
    30	       [priority(40)]
    31	  rule <k> #applyK(toCall(builtinV("sorted")), (list(VS:ValSeq), kwV("key", KV:Val), kwV("reverse", RB:Bool), .Vals))
    32	        => #ksort(VS, KV, .ValSeq, RB) ... </k>
    33	       [priority(40)]
    34	  rule <k> #ksort(.ValSeq, _:Val, ACC:ValSeq, RB:Bool)
    35	        => #alloc(list(condRev(unpairVS(ACC), RB))) ... </k>
    36	  rule <k> #ksort(vCons(V:Val, R:ValSeq), KV:Val, ACC:ValSeq, RB:Bool)
    37	        => KV ~> #callee((V, .Exprs)) ~> #ksIns(V, R, KV, ACC, RB) ... </k>
    38	  rule <k> K:Val ~> #ksIns(V:Val, R:ValSeq, KV:Val, ACC:ValSeq, RB:Bool)
    39	        => #ksort(R, KV, insPair(ACC, K, V), RB) ... </k>
    40	       requires notBool isKwV(K)
    41	
    42	  syntax ValSeq ::= insPair(ValSeq, Val, Val) [function]
    43	  rule insPair(.ValSeq, K:Val, V:Val) => vCons(kvP(K, V), .ValSeq)
    44	  rule insPair(vCons(kvP(K2:Val, V2:Val), R:ValSeq), K:Val, V:Val)
    45	    => vCons(kvP(K, V), vCons(kvP(K2, V2), R))
    46	       requires kLt(K, K2)
    47	  rule insPair(vCons(kvP(K2:Val, V2:Val), R:ValSeq), K:Val, V:Val)
    48	    => vCons(kvP(K2, V2), insPair(R, K, V))
    49	       requires notBool kLt(K, K2)
    50	
    51	  syntax Bool ::= kLt(Val, Val) [function]
    52	  rule kLt(I1:Int, I2:Int)             => I1 <Int I2
    53	  rule kLt(F1:Float, F2:Float)         => F1 <Float F2
    54	  rule kLt(str(A:IntSeq), str(B:IntSeq)) => strLt(A, B)
    55	
    56	  syntax ValSeq ::= unpairVS(ValSeq) [function, total]
    57	  rule unpairVS(.ValSeq) => .ValSeq
    58	  rule unpairVS(vCons(kvP(_:Val, V:Val), R:ValSeq)) => vCons(V, unpairVS(R))
    59	  rule unpairVS(vCons(V:Val, R:ValSeq)) => vCons(V, unpairVS(R)) [owise]
    60	endmodule
===== reference-semantics/semantics/dict.k =====
     1	// reference/src/semantics/dict.k — MPY-DICT
     2	//
     3	// Minimal dict support. A dict value is `dictV(KS, VS)`: PARALLEL insertion-ordered key/value
     4	// ValSeqs (Python dict order; keys distinct; re-inserting a key updates its value in place, keeping
     5	// the original position). Concrete for krun (the ordered build + `.keys()` are the real ops); a proof
     6	// over a SYMBOLIC dict passes `dictV(KS, WS)` with a symbolic key sequence KS and reads
     7	// `d.keys() = list(KS)`, then keeps each key opaque problem-locally.
     8	//
     9	// Only the pieces needed so far: a dict VALUE (so `{}` inside a mixed list evaluates and
    10	// `isinstance(x, int)` rejects it), the `{k: v, ...}` literal, and `.keys()`. More dict ops (subscript
    11	// / `.get()` / `.values()` / dict `==`) are added as dict problems need them — kept minimal + additive.
    12	
    13	module MPY-DICT
    14	  imports MPY-CORE
    15	  imports MPY-ITER
    16	  imports MPY-METHODS
    17	  imports MPY-LIST
    18	
    19	  // dict as PARALLEL ordered key/value ValSeqs (same length; keys distinct).
    20	  syntax Val ::= dictV(ValSeq, ValSeq)
    21	
    22	  // ==== DictExpr: {k: v, ...} literal. Eval each key then value, left to right, insert-with-dedup.
    23	  syntax KItem ::= #dictAcc(Entries, ValSeq, ValSeq)
    24	                 | #dictKey(Expr, Entries, ValSeq, ValSeq)
    25	                 | #dictVal(Val, Entries, ValSeq, ValSeq)
    26	  rule <k> DictExpr(ES:Entries) => #dictAcc(ES, .ValSeq, .ValSeq) ... </k>
    27	  rule <k> #dictAcc(.Entries, KS:ValSeq, VS:ValSeq) => dictV(KS, VS) ... </k>
    28	  rule <k> #dictAcc((Entry(K:Expr, V:Expr), REST:Entries), KS:ValSeq, VS:ValSeq)
    29	        => K ~> #dictKey(V, REST, KS, VS) ... </k>
    30	  rule <k> KV:Val ~> #dictKey(V:Expr, REST:Entries, KS:ValSeq, VS:ValSeq)
    31	        => V ~> #dictVal(KV, REST, KS, VS) ... </k>
    32	  rule <k> VV:Val ~> #dictVal(KV:Val, REST:Entries, KS:ValSeq, VS:ValSeq)
    33	        => #dictAcc(REST, dPutK(KS, KV), dPutV(KS, VS, KV, VV)) ... </k>
    34	
    35	  // insert-with-dedup helpers (concrete Val key equality via ==K). [total] so buildFold over a dict is
    36	  // total (its #Ceil is #Top) — needed when a symbolic proof carries a built dict as a config value.
    37	  syntax Bool ::= dHasKey(ValSeq, Val) [function, total]
    38	  rule dHasKey(.ValSeq, _:Val)                => false
    39	  rule dHasKey(vCons(A:Val, _:ValSeq), K:Val) => true          requires A ==K K
    40	  rule dHasKey(vCons(A:Val, R:ValSeq), K:Val) => dHasKey(R, K) requires notBool (A ==K K)
    41	
    42	  // dPutK: KS unchanged if K already present, else append K (keep-first-position).
    43	  syntax ValSeq ::= dPutK(ValSeq, Val) [function, total]
    44	  rule dPutK(KS:ValSeq, K:Val) => KS                                  requires dHasKey(KS, K)
    45	  rule dPutK(KS:ValSeq, K:Val) => valSeqConcat(KS, vCons(K, .ValSeq)) requires notBool dHasKey(KS, K)
    46	
    47	  // dPutV: parallel to KS — set the value at K's position if present, else append V at the end. The
    48	  // [owise] catch-all covers the degenerate mismatched-length case (never reached for a well-formed dict).
    49	  syntax ValSeq ::= dPutV(ValSeq, ValSeq, Val, Val) [function, total]
    50	  rule dPutV(vCons(A:Val, _:ValSeq), vCons(_:Val, VR:ValSeq), K:Val, V:Val)  => vCons(V, VR)
    51	       requires A ==K K
    52	  rule dPutV(vCons(A:Val, KR:ValSeq), vCons(B:Val, VR:ValSeq), K:Val, V:Val) => vCons(B, dPutV(KR, VR, K, V))
    53	       requires notBool (A ==K K)
    54	  rule dPutV(_KS:ValSeq, VS:ValSeq, _K:Val, V:Val) => valSeqConcat(VS, vCons(V, .ValSeq)) [owise]
    55	
    56	  // ==== dict methods ========================================================
    57	  // d.keys() -> a FRESH list object of the ordered keys (k-cell: it allocates).
    58	  rule <k> #applyK(toCall(boundMethodV(dictV(KS:ValSeq, _:ValSeq), "keys")), .Vals)
    59	        => #alloc(list(KS)) ... </k>
    60	       [priority(40)]
    61	
    62	  // ==== dict subscript READ: d[k] (assoc lookup; KeyError is out of subset) ==
    63	  rule applyIndexD(dictV(KS:ValSeq, VS:ValSeq), K:Val) => dGet(KS, VS, K)
    64	  syntax Val ::= applyIndexD(Val, Val) [function]
    65	  rule <k> Subscript(dictV(KS:ValSeq, VS:ValSeq), K:Val) => applyIndexD(dictV(KS, VS), K) ... </k>
    66	       [priority(45)]
    67	
    68	  // ==== dict subscript-assign: d[k] = v (insert/update in place) =============
    69	  // Only for a LOCAL dict variable X (the current scope holds it). Reuses dPutK/dPutV.
    70	  syntax Val ::= dictSet(Val, Val, Val) [function]
    71	  rule dictSet(dictV(KS:ValSeq, VS:ValSeq), K:Val, V:Val) => dictV(dPutK(KS, K), dPutV(KS, VS, K, V))
    72	
    73	  // RHS evaluates first (Assign strictness), then the key. Dispatch on the scope
    74	  // value: a bare dict updates in the scope (dicts stay values); a ref (a heap
    75	  // list — or a heap dict later) writes the heap in place.
    76	  syntax KItem ::= #dsetK(String, Val)
    77	  rule <k> Assign(Subscript(Name(X:String), K:Expr), VV:Val) => K ~> #dsetK(X, VV) ... </k>
    78	  rule <k> KV:Val ~> #dsetK(X:String, VV:Val) => .K ... </k>
    79	       <env> L:Int </env>
    80	       <scopes> ... L |-> scope(M:Map => M [ X <- dictSet({M[X]}:>Val, KV, VV) ], _) ... </scopes>
    81	       requires X in_keys(M) andBool notBool isRefV({M[X]}:>Val)
    82	  rule <k> KV:Val ~> #dsetK(X:String, VV:Val) => #dsetV({M[X]}:>Val, KV, VV) ... </k>
    83	       <env> L:Int </env>
    84	       <scopes> ... L |-> scope(M:Map, _) ... </scopes>
    85	       requires X in_keys(M) andBool isRefV({M[X]}:>Val)
    86	  syntax KItem ::= #dsetV(Val, Val, Val)
    87	  rule <k> #dsetV(ref(H:Int), I:Int, VV:Val) => .K ... </k>
    88	       <heap> ... H |-> list(VS:ValSeq => setVSAt(VS, normIdxD(I, vsLen(VS)), VV)) ... </heap>
    89	  // negative-index normalization local to the write (subscript.k's is not imported here)
    90	  syntax Int ::= normIdxD(Int, Int) [function, total]
    91	  rule normIdxD(I:Int, LEN:Int) => I +Int LEN requires I  <Int 0
    92	  rule normIdxD(I:Int, _:Int)   => I          requires I >=Int 0
    93	
    94	  // ==== dict == (order-insensitive: same size + same key->value pairs) =======
    95	  rule applyCmp("==", dictV(KS1:ValSeq, VS1:ValSeq), dictV(KS2:ValSeq, VS2:ValSeq))
    96	    => (vsLen(KS1) ==Int vsLen(KS2)) andBool dSubset(KS1, VS1, KS2, VS2)
    97	  syntax Bool ::= dSubset(ValSeq, ValSeq, ValSeq, ValSeq) [function]
    98	  rule dSubset(.ValSeq, .ValSeq, _:ValSeq, _:ValSeq) => true
    99	  rule dSubset(vCons(K:Val, KR:ValSeq), vCons(V:Val, VR:ValSeq), KS2:ValSeq, VS2:ValSeq)
   100	    => dHasKey(KS2, K) andBool (dGet(KS2, VS2, K) ==K V) andBool dSubset(KR, VR, KS2, VS2)
   101	  syntax Val ::= dGet(ValSeq, ValSeq, Val) [function]
   102	  rule dGet(vCons(A:Val, _:ValSeq), vCons(B:Val, _:ValSeq), K:Val) => B                requires A ==K K
   103	  rule dGet(vCons(A:Val, KR:ValSeq), vCons(_:Val, VR:ValSeq), K:Val) => dGet(KR, VR, K) requires notBool (A ==K K)
   104	endmodule
===== reference-semantics/semantics/float.k =====
     1	// reference/src/semantics/float.k — MPY-FLOAT
     2	//
     3	// Minimal, TRUSTED float support. K/Haskell (kprove) has no usable symbolic IEEE-754 theory and
     4	// no Int2Float hook, so a float value stays an OPAQUE proof-domain primitive: `intFloatDiv(I, F)`
     5	// (the Python true division I / F) is `[no-evaluators]` for kprove — it never reduces on symbolic
     6	// input, and the proof verifies only the STRUCTURE (the result is the exact term the program
     7	// builds). The `[concrete]` rule evaluates it for krun (llvm HAS the Int2Float / /Float hooks), so
     8	// smoke tests run the real float value.
     9	//
    10	// Only the pieces needed so far: Float as a Val, the float literal, and Int / float true division
    11	// (the `a * h / 2.0` idiom). More float ops (float +/-/*, comparison) are added as float problems
    12	// need them — kept minimal + sound.
    13	
    14	module MPY-FLOAT
    15	  imports MPY-OPERATORS
    16	  imports MPY-BUILTINS
    17	  imports FLOAT
    18	
    19	  // Float is a value; the float literal evaluates to the K Float.
    20	  syntax Val ::= Float
    21	  rule <k> Float(F:Float) => F ... </k>
    22	
    23	  // Int / float true division. OPAQUE for kprove (no-evaluators); concrete for krun.
    24	  syntax Float ::= intFloatDiv(Int, Float) [function, total, symbol(intFloatDiv), no-evaluators]
    25	  rule intFloatDiv(I:Int, F:Float) => Int2Float(I, 53, 11) /Float F [concrete]
    26	
    27	  rule applyBin("/", I:Int, F:Float) => intFloatDiv(I, F)
    28	
    29	  // Int / Int true division (Python: always a float). OPAQUE for kprove; concrete for krun.
    30	  syntax Float ::= divII(Int, Int) [function, total, symbol(divII), no-evaluators]
    31	  rule divII(I1:Int, I2:Int) => Int2Float(I1, 53, 11) /Float Int2Float(I2, 53, 11) [concrete]
    32	  rule applyBin("/", I1:Int, I2:Int) => divII(I1, I2)
    33	
    34	  // float % float (e.g. `number % 1.0` = the fractional part). OPAQUE for kprove, concrete for
    35	  // krun. Python's float `%` is floor-based: a % b = a - floor(a/b)*b (K's %Float is IEEE
    36	  // remainder, which differs — 3.5 %Float 1.0 = -0.5 vs Python 0.5 — so it is NOT used).
    37	  syntax Float ::= floatMod(Float, Float) [function, total, symbol(floatMod), no-evaluators]
    38	  rule floatMod(F1:Float, F2:Float) => F1 -Float (floorFloat(F1 /Float F2) *Float F2) [concrete]
    39	  rule applyBin("%", F1:Float, F2:Float) => floatMod(F1, F2)
    40	
    41	  // float equality — for concrete krun asserts (e.g. `area == 7.5`); the FLOAT.eq hook is fine on
    42	  // concrete floats. kprove proofs return floats structurally and do not compare them.
    43	  rule applyCmp("==", F1:Float, F2:Float) => F1 ==Float F2
    44	  rule applyCmp("!=", F1:Float, F2:Float) => notBool (F1 ==Float F2)
    45	
    46	  // float `<` and abs — OPAQUE for kprove ([no-evaluators], so a SYMBOLIC float compare stays an
    47	  // uninterpreted Bool a proof case-splits on — a SINGLE compare per branch, not a nonlinear cascade),
    48	  // [concrete] for krun. Additive, sort-disjoint from the Int rules. (has_close_elements: the pairwise
    49	  // `abs(a-b) < t` proximity test.)
    50	  syntax Bool ::= floatLt(Float, Float) [function, total, symbol(floatLt), no-evaluators]
    51	  rule floatLt(F1:Float, F2:Float) => F1 <Float F2 [concrete]
    52	  rule applyCmp("<", F1:Float, F2:Float) => floatLt(F1, F2)
    53	
    54	  syntax Float ::= absF(Float) [function, total, symbol(absF), no-evaluators]
    55	  rule absF(F:Float) => absFloat(F) [concrete]
    56	  rule applyBuiltin("abs", F:Float, .Vals) => absF(F)
    57	
    58	  // ==== math.ceil ===========================================================
    59	  // `import X` is a no-op (we intercept the specific math functions syntactically; `math` itself is
    60	  // never bound as a value).
    61	  rule <k> Import(_:String) => .K ... </k>
    62	
    63	  // math.ceil(x): ceiling to an int. Intercepted at the Call BEFORE `math` is looked up (higher
    64	  // priority than the generic Attribute/method dispatch in call.k).
    65	  syntax KItem ::= "#mathCeil"
    66	  rule <k> Call(Attribute(Name("math"), "ceil"), (E:Expr, .Exprs)) => E ~> #mathCeil ... </k> [priority(40)]
    67	  rule <k> V:Val ~> #mathCeil => ceilF(V) ... </k>
    68	
    69	  // math.floor(x) — same interception shape as math.ceil
    70	  syntax KItem ::= "#mathFloor"
    71	  rule <k> Call(Attribute(Name("math"), "floor"), (E:Expr, .Exprs)) => E ~> #mathFloor ... </k> [priority(40)]
    72	  rule <k> V:Val ~> #mathFloor => floorFI(V) ... </k>
    73	  syntax Int ::= floorFI(Val) [function, total, symbol(floorFI)]
    74	  rule floorFI(I:Int)   => I                        [concrete]
    75	  rule floorFI(F:Float) => Float2Int(floorFloat(F)) [concrete]
    76	
    77	  // bare floor/ceil (bound by `from math import floor, ceil`)
    78	  rule applyBuiltin("floor", V:Val, .Vals) => floorFI(V)
    79	  rule applyBuiltin("ceil",  V:Val, .Vals) => ceilF(V)
    80	
    81	  // math.pow(x, y) — a two-arg interception onto powF (ints promote)
    82	  syntax KItem ::= #mathPow1(Expr) | #mathPow2(Val)
    83	  rule <k> Call(Attribute(Name("math"), "pow"), (E1:Expr, E2:Expr, .Exprs)) => E1 ~> #mathPow1(E2) ... </k> [priority(40)]
    84	  rule <k> V1:Val ~> #mathPow1(E2:Expr) => E2 ~> #mathPow2(V1) ... </k>
    85	  rule <k> V2:Val ~> #mathPow2(V1:Val) => powF(toF(V1), toF(V2)) ... </k>
    86	  syntax Float ::= toF(Val) [function, total, symbol(toF)]
    87	  rule toF(F:Float) => F        [concrete]
    88	  rule toF(I:Int)   => intToF(I) [concrete]
    89	
    90	  // ceilF: math.ceil as an Int. TOTAL (K trusts it; a symbolic list element stays opaque for
    91	  // kprove — structural). [concrete] so the Int2Float/ceilFloat hooks only run for krun (llvm).
    92	  // Matches Python incl. negatives: ceil(-2.4) = -2 = Float2Int(ceilFloat(-2.4)).
    93	  syntax Int ::= ceilF(Val) [function, total, symbol(ceilF)]
    94	  rule ceilF(I:Int)   => I                       [concrete]
    95	  rule ceilF(F:Float) => Float2Int(ceilFloat(F)) [concrete]
    96	
    97	  // unary minus on a float (e.g. the literal -2.4 = UnaryOp("-", Float(2.4))). Concrete for krun;
    98	  // proofs use symbolic elements, never a float literal.
    99	  rule applyUn("-", F:Float) => 0.0 -Float F
   100	
   101	  // ---- float - / / / + (OPAQUE for kprove [no-evaluators], concrete for krun) — for float-list
   102	  // element maps (x - lo) / (hi - lo). Mirror intFloatDiv: additive, sort-disjoint from the Int rules.
   103	  syntax Float ::= subF(Float, Float) [function, total, symbol(subF), no-evaluators]
   104	  rule subF(F1:Float, F2:Float) => F1 -Float F2 [concrete]
   105	  rule applyBin("-", F1:Float, F2:Float) => subF(F1, F2)
   106	
   107	  syntax Float ::= divF(Float, Float) [function, total, symbol(divF), no-evaluators]
   108	  rule divF(F1:Float, F2:Float) => F1 /Float F2 [concrete]
   109	  rule applyBin("/", F1:Float, F2:Float) => divF(F1, F2)
   110	
   111	  syntax Float ::= addF(Float, Float) [function, total, symbol(addF), no-evaluators]
   112	  rule addF(F1:Float, F2:Float) => F1 +Float F2 [concrete]
   113	  rule applyBin("+", F1:Float, F2:Float) => addF(F1, F2)
   114	
   115	  syntax Float ::= mulF(Float, Float) [function, total, symbol(mulF), no-evaluators]
   116	  rule mulF(F1:Float, F2:Float) => F1 *Float F2 [concrete]
   117	  rule applyBin("*", F1:Float, F2:Float) => mulF(F1, F2)
   118	
   119	  syntax Float ::= powF(Float, Float) [function, total, symbol(powF), no-evaluators]
   120	  rule powF(F1:Float, F2:Float) => F1 ^Float F2 [concrete]
   121	  rule applyBin("**", F1:Float, F2:Float) => powF(F1, F2)
   122	
   123	  // ---- the remaining comparisons (gtF promoted from find_zero — its summaries
   124	  //      case-split on the atom; >= / <= derive from the two opaque compares) ----
   125	  syntax Bool ::= gtF(Float, Float) [function, total, symbol(gtF), no-evaluators]
   126	  rule gtF(F1:Float, F2:Float) => F1 >Float F2 [concrete]
   127	  rule applyCmp(">",  F1:Float, F2:Float) => gtF(F1, F2)
   128	  rule applyCmp(">=", F1:Float, F2:Float) => notBool floatLt(F1, F2)
   129	  rule applyCmp("<=", F1:Float, F2:Float) => notBool gtF(F1, F2)
   130	
   131	  // ---- mixed Int/Float operators promote the Int side (n ** 0.5 etc.) ----
   132	  rule applyBin("**", I:Int, F:Float) => powF(intToF(I), F)
   133	  rule applyBin("**", F:Float, I:Int) => powF(F, intToF(I))
   134	  rule applyBin("-",  I:Int, F:Float) => subF(intToF(I), F)
   135	  rule applyBin("-",  F:Float, I:Int) => subF(F, intToF(I))
   136	  rule applyBin("+",  I:Int, F:Float) => addF(intToF(I), F)
   137	  rule applyBin("+",  F:Float, I:Int) => addF(F, intToF(I))
   138	  rule applyBin("*",  I:Int, F:Float) => mulF(intToF(I), F)
   139	  rule applyBin("*",  F:Float, I:Int) => mulF(F, intToF(I))
   140	
   141	  // ---- mixed Int == Float (shared eqF; opaque symbolic / concrete twin) ----
   142	  syntax Bool ::= eqF(Float, Float) [function, total, symbol(eqF), no-evaluators]
   143	  rule eqF(F1:Float, F2:Float) => F1 ==Float F2 [concrete]
   144	  rule applyCmp("==", I:Int, F:Float) => eqF(intToF(I), F)
   145	  rule applyCmp("==", F:Float, I:Int) => eqF(F, intToF(I))
   146	  rule applyCmp("!=", I:Int, F:Float) => notBool eqF(intToF(I), F)
   147	  rule applyCmp("!=", F:Float, I:Int) => notBool eqF(F, intToF(I))
   148	  rule applyCmp("<",  I:Int, F:Float) => floatLt(intToF(I), F)
   149	  rule applyCmp("<",  F:Float, I:Int) => floatLt(F, intToF(I))
   150	  rule applyCmp(">",  I:Int, F:Float) => gtF(intToF(I), F)
   151	  rule applyCmp(">",  F:Float, I:Int) => gtF(F, intToF(I))
   152	
   153	  // ---- x == None (promoted from 137; `is` cases live in operators.k) ----
   154	  rule applyCmp("==", V:Val, noneV) => V ==K noneV
   155	  rule applyCmp("!=", V:Val, noneV) => notBool (V ==K noneV)
   156	
   157	  // ---- float(str): decimal parse (promoted from 137's defined chain) ----
   158	  // digits '.' digits, optional leading '-'; concrete evaluation only (the
   159	  // symbolic side stays an opaque decStrToF term a proof case-splits on).
   160	  syntax Float ::= decStrToF(IntSeq) [function, total, symbol(decStrToF), no-evaluators]
   161	  rule decStrToF(iCons(45, CS:IntSeq)) => 0.0 -Float decStrToF(CS) [concrete]
   162	  rule decStrToF(CS:IntSeq)
   163	    => intToF(intPart(CS)) +Float (intToF(fracPart(CS)) /Float intToF(fracScale(CS)))
   164	       requires isLen(CS) >Int 0 andBool headIS(CS) =/=Int 45 [concrete]
   165	  syntax Int ::= headIS(IntSeq) [function]
   166	  rule headIS(iCons(C:Int, _:IntSeq)) => C
   167	  syntax Int ::= intPart(IntSeq) [function, total] | intPartAcc(IntSeq, Int) [function, total]
   168	  rule intPart(CS:IntSeq) => intPartAcc(CS, 0)
   169	  rule intPartAcc(.IntSeq, A:Int) => A
   170	  rule intPartAcc(iCons(46, _:IntSeq), A:Int) => A
   171	  rule intPartAcc(iCons(C:Int, R:IntSeq), A:Int) => intPartAcc(R, A *Int 10 +Int (C -Int 48))
   172	       requires C =/=Int 46
   173	  syntax Int ::= fracPart(IntSeq) [function, total] | fracAcc(IntSeq, Int) [function, total]
   174	  rule fracPart(.IntSeq) => 0
   175	  rule fracPart(iCons(46, R:IntSeq)) => fracAcc(R, 0)
   176	  rule fracPart(iCons(C:Int, R:IntSeq)) => fracPart(R) requires C =/=Int 46
   177	  rule fracAcc(.IntSeq, A:Int) => A
   178	  rule fracAcc(iCons(C:Int, R:IntSeq), A:Int) => fracAcc(R, A *Int 10 +Int (C -Int 48))
   179	  syntax Int ::= fracScale(IntSeq) [function, total] | fscAcc(IntSeq, Int) [function, total]
   180	  rule fracScale(.IntSeq) => 1
   181	  rule fracScale(iCons(46, R:IntSeq)) => fscAcc(R, 1)
   182	  rule fracScale(iCons(C:Int, R:IntSeq)) => fracScale(R) requires C =/=Int 46
   183	  rule fscAcc(.IntSeq, A:Int) => A
   184	  rule fscAcc(iCons(_:Int, R:IntSeq), A:Int) => fscAcc(R, A *Int 10)
   185	  rule applyBuiltin("float", str(CS:IntSeq), .Vals) => decStrToF(CS)
   186	  rule applyBuiltin("float", I:Int, .Vals)          => intToF(I)
   187	  rule applyBuiltin("float", F:Float, .Vals)        => F
   188	
   189	  // ---- float / int division (promoted from mean_absolute_deviation) ----
   190	  syntax Float ::= divFloatIntV(Float, Int) [function, total, symbol(divFloatIntV), no-evaluators]
   191	  rule divFloatIntV(F:Float, I:Int) => F /Float Int2Float(I, 53, 11) [concrete]
   192	  rule applyBin("/", F:Float, I:Int) => divFloatIntV(F, I)
   193	
   194	  // ---- int -> float promotion for the remaining mixed arithmetic/compares ----
   195	  syntax Float ::= intToF(Int) [function, total, symbol(intToF), no-evaluators]
   196	  rule intToF(I:Int) => Int2Float(I, 53, 11) [concrete]
   197	  rule applyBin("+", I:Int, F:Float) => addF(intToF(I), F)
   198	  rule applyBin("+", F:Float, I:Int) => addF(F, intToF(I))
   199	  rule applyBin("-", I:Int, F:Float) => subF(intToF(I), F)
   200	  rule applyBin("-", F:Float, I:Int) => subF(F, intToF(I))
   201	  rule applyBin("*", I:Int, F:Float) => mulF(intToF(I), F)
   202	  rule applyBin("*", F:Float, I:Int) => mulF(F, intToF(I))
   203	  rule applyCmp("<", I:Int, F:Float) => floatLt(intToF(I), F)
   204	  rule applyCmp("<", F:Float, I:Int) => floatLt(F, intToF(I))
   205	  rule applyCmp(">", I:Int, F:Float) => gtF(intToF(I), F)
   206	  rule applyCmp(">", F:Float, I:Int) => gtF(F, intToF(I))
   207	
   208	  // ---- conversions: int(float) truncates toward zero; float(int); round; math.sqrt ----
   209	  syntax Int ::= truncF(Float) [function, total, symbol(truncF), no-evaluators]
   210	  rule truncF(F:Float) => #if F >=Float 0.0 #then Float2Int(floorFloat(F)) #else Float2Int(ceilFloat(F)) #fi [concrete]
   211	  rule applyBuiltin("int", F:Float, .Vals) => truncF(F)
   212	
   213	  rule applyBuiltin("float", I:Int, .Vals)   => intToF(I)
   214	  rule applyBuiltin("float", F:Float, .Vals) => F
   215	
   216	  // round: Python half-even (banker's); round(F, N) scales by 10^N
   217	  syntax Int ::= roundF(Float) [function, total, symbol(roundF), no-evaluators]
   218	  rule roundF(F:Float)
   219	    => #if (F -Float floorFloat(F)) ==Float 0.5
   220	       #then (#if Float2Int(floorFloat(F)) %Int 2 ==Int 0
   221	              #then Float2Int(floorFloat(F)) #else Float2Int(ceilFloat(F)) #fi)
   222	       #else Float2Int(floorFloat(F +Float 0.5)) #fi [concrete]
   223	  syntax Float ::= roundFN(Float, Int) [function, total, symbol(roundFN), no-evaluators]
   224	  rule roundFN(F:Float, N:Int)
   225	    => Int2Float(roundF(F *Float Int2Float(10 ^Int N, 53, 11)), 53, 11)
   226	       /Float Int2Float(10 ^Int N, 53, 11) [concrete]
   227	  rule applyBuiltin("round", F:Float, .Vals)        => roundF(F)
   228	  rule applyBuiltin("round", F:Float, N:Int, .Vals) => roundFN(F, N)
   229	
   230	  syntax Float ::= sqrtF(Float) [function, total, symbol(sqrtF), no-evaluators]
   231	  rule sqrtF(F:Float) => sqrtFloat(F) [concrete]
   232	  syntax KItem ::= "#mathSqrt"
   233	  rule <k> Call(Attribute(Name("math"), "sqrt"), (E:Expr, .Exprs)) => E ~> #mathSqrt ... </k> [priority(40)]
   234	  rule <k> F:Float ~> #mathSqrt => sqrtF(F) ... </k>
   235	  rule <k> I:Int ~> #mathSqrt => sqrtF(intToF(I)) ... </k>
   236	
   237	  // ---- min / max over a FLOAT list — FLOAT branch of the shared #minCont0/#maxCont0 folds (which
   238	  // seed/step with `requires isInt(V)`, so they are STUCK on floats). These add the `requires
   239	  // isFloat(V)` seed + a Float-accumulator fold via K's minFloat/maxFloat — concrete for krun. A proof
   240	  // over a SYMBOLIC float list intercepts min/max problem-locally to an opaque minVF/maxVF (at
   241	  // #applyK, priority 40, in its verification.k) BEFORE #minAcc0, so this fold is krun-only. Additive:
   242	  // the isFloat guard is disjoint from the existing isInt one.
   243	  syntax KItem ::= #maxAccF(Iterable, Float) | #maxContF(Float)
   244	  rule <k> #iterYield(V:Val, R:Iterable) ~> #maxCont0 => #maxAccF(R, {V}:>Float) ... </k> requires isFloat(V)
   245	  rule <k> #maxAccF(IT:Iterable, M:Float) => #iterNext(IT) ~> #maxContF(M) ... </k>
   246	  rule <k> #iterDone ~> #maxContF(M:Float) => M ... </k>
   247	  rule <k> #iterYield(V:Val, R:Iterable) ~> #maxContF(M:Float) => #maxAccF(R, maxFloat(M, {V}:>Float)) ... </k>
   248	       requires isFloat(V)
   249	
   250	  syntax KItem ::= #minAccF(Iterable, Float) | #minContF(Float)
   251	  rule <k> #iterYield(V:Val, R:Iterable) ~> #minCont0 => #minAccF(R, {V}:>Float) ... </k> requires isFloat(V)
   252	  rule <k> #minAccF(IT:Iterable, M:Float) => #iterNext(IT) ~> #minContF(M) ... </k>
   253	  rule <k> #iterDone ~> #minContF(M:Float) => M ... </k>
   254	  rule <k> #iterYield(V:Val, R:Iterable) ~> #minContF(M:Float) => #minAccF(R, minFloat(M, {V}:>Float)) ... </k>
   255	       requires isFloat(V)
   256	
   257	  // ---- sum over a float list (krun; mirrors the min/max float paths). The Int-only shared
   258	  // #sumCont sticks on a Float yield; switch to a Float-headed fold via addF (concrete twin).
   259	  // The switch guard carries the SYNTACTIC negation of the Int rule's guard so a symbolic proof
   260	  // with isInt(V) in its path condition refutes this branch without sort reasoning.
   261	  syntax KItem ::= #sumAccF(Iterable, Float) | #sumContF(Float)
   262	  rule <k> #iterYield(V:Val, R:Iterable) ~> #sumCont(ACC:Int)
   263	        => #sumAccF(R, addF(intToF(ACC), {V}:>Float)) ... </k>
   264	       requires isFloat(V) andBool notBool (isInt(V) orBool isBool(V))
   265	  rule <k> #sumAccF(IT:Iterable, ACC:Float) => #iterNext(IT) ~> #sumContF(ACC) ... </k>
   266	  rule <k> #iterDone ~> #sumContF(ACC:Float) => ACC ... </k>
   267	  rule <k> #iterYield(V:Val, R:Iterable) ~> #sumContF(ACC:Float)
   268	        => #sumAccF(R, addF(ACC, {V}:>Float)) ... </k>
   269	       requires isFloat(V)
   270	  rule <k> #iterYield(V:Val, R:Iterable) ~> #sumContF(ACC:Float)
   271	        => #sumAccF(R, addF(ACC, intToF(intOf(V)))) ... </k>
   272	       requires isInt(V) orBool isBool(V)
   273	endmodule
===== reference-semantics/semantics/iter.k =====
     1	// reference/src/semantics/iter.k — MPY-ITER
     2	// The iterator protocol, DECLARATION ONLY. Each iterable's #iterNext case lives in that
     3	// iterable's own module (list/tuple/str in their modules, rangeObj in range.k, zip in
     4	// builtins.k). Consumers (the for-loop, `x in _`, sum/all/any/max/min) import this.
     5	
     6	module MPY-ITER
     7	  imports MPY-CORE
     8	  syntax KItem ::= #iterNext(Iterable) | "#iterDone" | #iterYield(Val, Iterable)
     9	endmodule
===== reference-semantics/semantics/list.k =====
     1	// reference/src/semantics/list.k — MPY-LIST
     2	
     3	module MPY-LIST
     4	  imports MPY-CORE
     5	  imports MPY-ITER
     6	  imports MPY-OPERATORS
     7	
     8	  // ==== iteration (the iterator protocol's list case) =======================
     9	  rule <k> #iterNext(list(.ValSeq))                => #iterDone ... </k>
    10	  rule <k> #iterNext(list(vCons(V:Val, R:ValSeq))) => #iterYield(V, list(R)) ... </k>
    11	
    12	  // ==== ListExpr: [...] literal -> a fresh heap object =======================
    13	  syntax ApplyK ::= "toList"
    14	  rule <k> ListExpr(ES:Exprs) => #evalArgs(ES, .Vals, toList) ... </k>
    15	  rule <k> #applyK(toList, ACC:Vals) => #alloc(list(vals2valSeq(ACC))) ... </k>
    16	
    17	  // ==== list ops: + / == / != ===============================================
    18	  syntax ValSeq ::= valSeqConcat(ValSeq, ValSeq) [function, total]
    19	  rule valSeqConcat(.ValSeq, T:ValSeq)                => T
    20	  rule valSeqConcat(vCons(V:Val, S:ValSeq), T:ValSeq) => vCons(V, valSeqConcat(S, T))
    21	
    22	  // list + list constructs a NEW object (k-cell — it allocates; operands land here
    23	  // already deref'd). priority(45) beats the generic BinOp dispatch.
    24	  rule <k> BinOp("+", list(A:ValSeq), list(B:ValSeq)) => #alloc(list(valSeqConcat(A, B))) ... </k>
    25	       [priority(45)]
    26	
    27	  rule applyCmp("==", list(A:ValSeq), list(B:ValSeq)) => A ==K B
    28	  rule applyCmp("!=", list(A:ValSeq), list(B:ValSeq)) => notBool (A ==K B)
    29	
    30	  // ==== deep equality when elements are heap objects (list-of-lists) ========
    31	  // Python == is structural at every depth. Fires ONLY when a ref is present
    32	  // (the guard decides on concrete seqs); the plain ==K path above is unchanged.
    33	  syntax Bool ::= hasRefVS(ValSeq) [function, total]
    34	  rule hasRefVS(.ValSeq)                => false
    35	  rule hasRefVS(vCons(V:Val, R:ValSeq)) => isRefV(V) orBool hasRefVS(R)
    36	
    37	  syntax Bool ::= deepEqVS(ValSeq, ValSeq, Map) [function]
    38	                | deepEqV(Val, Val, Map)        [function]
    39	  rule deepEqVS(.ValSeq, .ValSeq, _:Map)                   => true
    40	  rule deepEqVS(.ValSeq, vCons(_:Val, _:ValSeq), _:Map)    => false
    41	  rule deepEqVS(vCons(_:Val, _:ValSeq), .ValSeq, _:Map)    => false
    42	  rule deepEqVS(vCons(A:Val, As:ValSeq), vCons(B:Val, Bs:ValSeq), HP:Map)
    43	    => deepEqV(A, B, HP) andBool deepEqVS(As, Bs, HP)
    44	
    45	  rule deepEqV(ref(H:Int), B:Val, HP:Map) => deepEqV({HP[H]}:>Val, B, HP)
    46	       requires H in_keys(HP)
    47	  rule deepEqV(A:Val, ref(H:Int), HP:Map) => deepEqV(A, {HP[H]}:>Val, HP)
    48	       requires notBool isRefV(A) andBool H in_keys(HP)
    49	  rule deepEqV(list(A:ValSeq), list(B:ValSeq), HP:Map) => deepEqVS(A, B, HP)
    50	  rule deepEqV(A:Val, B:Val, _:Map) => A ==K B [owise]
    51	
    52	  // ==== mutator: xs.append(v) — an in-place heap write ======================
    53	  rule <k> #applyK(toCall(boundMethodV(ref(H:Int), "append")), (V:Val, .Vals)) => noneV ... </k>
    54	       <heap> ... H |-> list(VS:ValSeq => valSeqConcat(VS, vCons(V, .ValSeq))) ... </heap>
    55	       [priority(40)]
    56	
    57	  // ==== `x in list` — a <k>-cell fold over #iterNext ========================
    58	  syntax KItem ::= #memberAcc(Val, Iterable) | #memberCont(Val) | "#notB"
    59	  rule <k> Compare(LV:Val, CmpOp("in",     list(VS:ValSeq))) => #memberAcc(LV, list(VS)) ... </k>
    60	  rule <k> Compare(LV:Val, CmpOp("not in", list(VS:ValSeq))) => #memberAcc(LV, list(VS)) ~> #notB ... </k>
    61	  rule <k> #memberAcc(V:Val, IT:Iterable) => #iterNext(IT) ~> #memberCont(V) ... </k>
    62	  rule <k> #iterDone ~> #memberCont(_V:Val) => false ... </k>
    63	  rule <k> #iterYield(E:Val, _:Iterable) ~> #memberCont(V:Val) => true ... </k>
    64	       requires E ==K V
    65	  rule <k> #iterYield(E:Val, R:Iterable) ~> #memberCont(V:Val) => #memberAcc(V, R) ... </k>
    66	       requires notBool (E ==K V)
    67	  rule <k> B:Bool ~> #notB => notBool B ... </k>
    68	endmodule
===== reference-semantics/semantics/methods.k =====
     1	// reference/src/semantics/methods.k — MPY-METHODS
     2	
     3	module MPY-METHODS
     4	  imports MPY-CORE
     5	  imports K-EQUAL
     6	  imports MPY-STR
     7	  imports MPY-LIST
     8	
     9	  // method-call routing + arg-eval live in call.k; this module owns applyMethod.
    10	  syntax Val ::= applyMethod(Val, String, Vals) [function]
    11	
    12	  // ==== string predicates (Python semantics) =================================
    13	  rule applyMethod(str(CS:IntSeq), "isupper", .Vals) => hasUpper(CS) andBool notBool hasLower(CS)
    14	  rule applyMethod(str(CS:IntSeq), "islower", .Vals) => hasLower(CS) andBool notBool hasUpper(CS)
    15	  rule applyMethod(str(CS:IntSeq), "isalpha", .Vals) => notBool (CS ==K .IntSeq) andBool allAlpha(CS)
    16	  rule applyMethod(str(CS:IntSeq), "isdigit", .Vals) => notBool (CS ==K .IntSeq) andBool allDigit(CS)
    17	
    18	  // ==== case maps ============================================================
    19	  rule applyMethod(str(CS:IntSeq), "lower",    .Vals) => str(mapLower(CS))
    20	  rule applyMethod(str(CS:IntSeq), "upper",    .Vals) => str(mapUpper(CS))
    21	  rule applyMethod(str(CS:IntSeq), "swapcase", .Vals) => str(mapSwap(CS))
    22	
    23	  // ==== join / count / strip / encode ========================================
    24	  // S.join(list-of-str): fold with separator codes (receiver + arg deref'd by
    25	  // the call layer; the result str is a value)
    26	  rule applyMethod(str(SEP:IntSeq), "join", list(VS:ValSeq), .Vals) => str(joinCodes(SEP, VS))
    27	  syntax IntSeq ::= joinCodes(IntSeq, ValSeq) [function, total]
    28	  rule joinCodes(_:IntSeq, .ValSeq) => .IntSeq
    29	  rule joinCodes(_:IntSeq, vCons(str(CS:IntSeq), .ValSeq)) => CS
    30	  rule joinCodes(SEP:IntSeq, vCons(str(CS:IntSeq), vCons(V:Val, R:ValSeq)))
    31	    => seqConcat(CS, seqConcat(SEP, joinCodes(SEP, vCons(V, R))))
    32	
    33	  // S.count(sub): non-overlapping window scan (Python str.count)
    34	  rule applyMethod(str(CS:IntSeq), "count", str(PC:IntSeq), .Vals) => cntSub(CS, PC)
    35	  syntax Int ::= cntSub(IntSeq, IntSeq) [function]
    36	  rule cntSub(.IntSeq, _:IntSeq) => 0
    37	  rule cntSub(iCons(C:Int, R:IntSeq), PC:IntSeq) => 1 +Int cntSub(dropIS(iCons(C, R), isLen(PC)), PC)
    38	       requires strPrefix(PC, iCons(C, R)) andBool isLen(PC) >Int 0
    39	  rule cntSub(iCons(C:Int, R:IntSeq), PC:IntSeq) => cntSub(R, PC)
    40	       requires notBool strPrefix(PC, iCons(C, R)) orBool isLen(PC) <=Int 0
    41	  syntax IntSeq ::= dropIS(IntSeq, Int) [function, total]
    42	  rule dropIS(S:IntSeq, N:Int) => S requires N <=Int 0
    43	  rule dropIS(.IntSeq, _:Int) => .IntSeq [owise]
    44	  rule dropIS(iCons(_:Int, R:IntSeq), N:Int) => dropIS(R, N -Int 1) requires N >Int 0
    45	
    46	  // S.strip(): trim whitespace runs from both ends
    47	  rule applyMethod(str(CS:IntSeq), "strip", .Vals) => str(revIS(trimWS(revIS(trimWS(CS)))))
    48	  syntax IntSeq ::= trimWS(IntSeq) [function, total]
    49	  rule trimWS(.IntSeq) => .IntSeq
    50	  rule trimWS(iCons(C:Int, R:IntSeq)) => trimWS(R) requires isWSC(C)
    51	  rule trimWS(iCons(C:Int, R:IntSeq)) => iCons(C, R) requires notBool isWSC(C)
    52	  syntax IntSeq ::= revIS(IntSeq) [function, total] | revISAcc(IntSeq, IntSeq) [function, total]
    53	  rule revIS(S:IntSeq) => revISAcc(S, .IntSeq)
    54	  rule revISAcc(.IntSeq, A:IntSeq) => A
    55	  rule revISAcc(iCons(C:Int, R:IntSeq), A:IntSeq) => revISAcc(R, iCons(C, A))
    56	
    57	  // S.encode('ascii'): identity on the code-sequence model (bytes == codes)
    58	  rule applyMethod(str(CS:IntSeq), "encode", str(_:IntSeq), .Vals) => str(CS)
    59	
    60	  // ==== prefix ===============================================================
    61	  rule applyMethod(str(XC:IntSeq), "startswith", str(PC:IntSeq), .Vals) => startsWith(PC, XC)
    62	
    63	  // ==== list.count(v) — number of occurrences of v in the list (concrete for krun) ==========
    64	  rule applyMethod(list(VS:ValSeq), "count", V:Val, .Vals) => cntOccVS(VS, V)
    65	  syntax Int ::= cntOccVS(ValSeq, Val) [function, total]
    66	  rule cntOccVS(.ValSeq, _:Val)                => 0
    67	  rule cntOccVS(vCons(A:Val, R:ValSeq), V:Val) => 1 +Int cntOccVS(R, V) requires A ==K V
    68	  rule cntOccVS(vCons(A:Val, R:ValSeq), V:Val) => cntOccVS(R, V)        requires notBool (A ==K V)
    69	
    70	  // ==== split (no-arg: on whitespace runs, dropping empty tokens) + replace (single char) ==========
    71	  // Concrete string ops for krun. A proof over a symbolic string intercepts the split problem-locally.
    72	  rule <k> #applyK(toCall(boundMethodV(str(CS:IntSeq), "split")), .Vals)
    73	        => #alloc(list(splitWS(CS, .IntSeq, .ValSeq))) ... </k>
    74	       [priority(40)]
    75	  syntax ValSeq ::= splitWS(IntSeq, IntSeq, ValSeq) [function]  // remaining, current token, result
    76	  rule splitWS(.IntSeq, CUR:IntSeq, ACC:ValSeq) => flushTok(ACC, CUR)
    77	  rule splitWS(iCons(C:Int, R:IntSeq), CUR:IntSeq, ACC:ValSeq) => splitWS(R, .IntSeq, flushTok(ACC, CUR))
    78	       requires isWSC(C)
    79	  rule splitWS(iCons(C:Int, R:IntSeq), CUR:IntSeq, ACC:ValSeq) => splitWS(R, seqConcat(CUR, iCons(C, .IntSeq)), ACC)
    80	       requires notBool isWSC(C)
    81	  // flush the current token to the result list iff non-empty.
    82	  syntax ValSeq ::= flushTok(ValSeq, IntSeq) [function]
    83	  rule flushTok(ACC:ValSeq, .IntSeq)            => ACC
    84	  rule flushTok(ACC:ValSeq, iCons(C:Int, T:IntSeq)) => valSeqConcat(ACC, vCons(str(iCons(C, T)), .ValSeq))
    85	  syntax Bool ::= isWSC(Int) [function, total]
    86	  rule isWSC(C:Int) => C ==Int 32 orBool C ==Int 9 orBool C ==Int 10 orBool C ==Int 13
    87	
    88	  // split(sep='x') keyword form delegates to the positional k-cell rule
    89	  rule <k> #applyK(toCall(boundMethodV(str(CS:IntSeq), "split")), (kwV("sep", str(S:IntSeq)), .Vals))
    90	        => #applyK(toCall(boundMethodV(str(CS), "split")), (str(S), .Vals)) ... </k>
    91	       [priority(39)]
    92	
    93	  // str.split(sep) — single-char separator, KEEPING empty parts (Python's sep-split; len == #sep + 1).
    94	  rule <k> #applyK(toCall(boundMethodV(str(CS:IntSeq), "split")), (str(iCons(SEP:Int, .IntSeq)), .Vals))
    95	        => #alloc(list(splitSep(CS, SEP, .IntSeq))) ... </k>
    96	       [priority(40)]
    97	  syntax ValSeq ::= splitSep(IntSeq, Int, IntSeq) [function]  // remaining, sep code, current token
    98	  rule splitSep(.IntSeq, _SEP:Int, CUR:IntSeq)              => vCons(str(CUR), .ValSeq)
    99	  rule splitSep(iCons(C:Int, R:IntSeq), SEP:Int, CUR:IntSeq) => vCons(str(CUR), splitSep(R, SEP, .IntSeq))
   100	       requires C ==Int SEP
   101	  rule splitSep(iCons(C:Int, R:IntSeq), SEP:Int, CUR:IntSeq) => splitSep(R, SEP, seqConcat(CUR, iCons(C, .IntSeq)))
   102	       requires notBool (C ==Int SEP)
   103	
   104	  rule applyMethod(str(CS:IntSeq), "replace", str(iCons(A:Int, .IntSeq)), str(iCons(B:Int, .IntSeq)), .Vals)
   105	    => str(replaceC(CS, A, B))
   106	  syntax IntSeq ::= replaceC(IntSeq, Int, Int) [function, total]
   107	  rule replaceC(.IntSeq, _:Int, _:Int)             => .IntSeq
   108	  rule replaceC(iCons(C:Int, R:IntSeq), A:Int, B:Int) => iCons(B, replaceC(R, A, B)) requires C ==Int A
   109	  rule replaceC(iCons(C:Int, R:IntSeq), A:Int, B:Int) => iCons(C, replaceC(R, A, B)) requires notBool (C ==Int A)
   110	
   111	  // ==== char helpers =========================================================
   112	  syntax Bool ::= isUpperC(Int) [function, total]
   113	  rule isUpperC(C:Int) => C >=Int 65 andBool C <=Int 90
   114	
   115	  syntax Bool ::= isLowerC(Int) [function, total]
   116	  rule isLowerC(C:Int) => C >=Int 97 andBool C <=Int 122
   117	
   118	  syntax Bool ::= isAlphaC(Int) [function, total]
   119	  rule isAlphaC(C:Int) => isUpperC(C) orBool isLowerC(C)
   120	
   121	  syntax Bool ::= isDigitC(Int) [function, total]
   122	  rule isDigitC(C:Int) => C >=Int 48 andBool C <=Int 57
   123	
   124	  syntax Bool ::= hasUpper(IntSeq) [function, total]
   125	  rule hasUpper(.IntSeq) => false
   126	  rule hasUpper(iCons(C:Int, S:IntSeq)) => isUpperC(C) orBool hasUpper(S)
   127	
   128	  syntax Bool ::= hasLower(IntSeq) [function, total]
   129	  rule hasLower(.IntSeq) => false
   130	  rule hasLower(iCons(C:Int, S:IntSeq)) => isLowerC(C) orBool hasLower(S)
   131	
   132	  syntax Bool ::= allAlpha(IntSeq) [function, total]
   133	  rule allAlpha(.IntSeq) => true
   134	  rule allAlpha(iCons(C:Int, S:IntSeq)) => isAlphaC(C) andBool allAlpha(S)
   135	
   136	  syntax Bool ::= allDigit(IntSeq) [function, total]
   137	  rule allDigit(.IntSeq) => true
   138	  rule allDigit(iCons(C:Int, S:IntSeq)) => isDigitC(C) andBool allDigit(S)
   139	
   140	  syntax Int ::= lowerC(Int) [function, total]
   141	
   142	  rule lowerC(C:Int) => C +Int 32 requires isUpperC(C)
   143	  rule lowerC(C:Int) => C         [owise]
   144	
   145	  syntax Int ::= upperC(Int) [function, total]
   146	  rule upperC(C:Int) => C -Int 32 requires isLowerC(C)
   147	  rule upperC(C:Int) => C         [owise]
   148	
   149	  syntax Int ::= swapC(Int) [function, total]
   150	  rule swapC(C:Int) => C +Int 32 requires isUpperC(C)
   151	  rule swapC(C:Int) => C -Int 32 requires isLowerC(C)
   152	  rule swapC(C:Int) => C         [owise]
   153	
   154	  syntax IntSeq ::= mapLower(IntSeq) [function, total]
   155	  rule mapLower(.IntSeq) => .IntSeq
   156	  rule mapLower(iCons(C:Int, S:IntSeq)) => iCons(lowerC(C), mapLower(S))
   157	
   158	  syntax IntSeq ::= mapUpper(IntSeq) [function, total]
   159	  rule mapUpper(.IntSeq) => .IntSeq
   160	  rule mapUpper(iCons(C:Int, S:IntSeq)) => iCons(upperC(C), mapUpper(S))
   161	
   162	  syntax IntSeq ::= mapSwap(IntSeq) [function, total]
   163	  rule mapSwap(.IntSeq) => .IntSeq
   164	  rule mapSwap(iCons(C:Int, S:IntSeq)) => iCons(swapC(C), mapSwap(S))
   165	
   166	  syntax Bool ::= startsWith(IntSeq, IntSeq) [function, total]
   167	  rule startsWith(.IntSeq, _:IntSeq)               => true
   168	  rule startsWith(iCons(_:Int, _:IntSeq), .IntSeq) => false
   169	  rule startsWith(iCons(A:Int, As:IntSeq), iCons(B:Int, Bs:IntSeq)) => A ==Int B andBool startsWith(As, Bs)
   170	endmodule
===== reference-semantics/semantics/range.k =====
     1	// reference/src/semantics/range.k — MPY-RANGE
     2	// rangeObj: the range helpers (inRange / rangeLen) + its #iterNext case. rangeObj itself is
     3	// declared in MPY-CORE's Iterable union; this module owns its behavior.
     4	
     5	module MPY-RANGE
     6	  imports MPY-CORE
     7	  imports MPY-ITER
     8	
     9	  syntax Bool ::= inRange(Int, Int, Int) [function, total]
    10	  rule inRange(I:Int, HI:Int, ST:Int) => (ST >Int 0 andBool I <Int HI) orBool (ST <Int 0 andBool I >Int HI)
    11	
    12	  syntax Int ::= rangeLen(Int, Int, Int) [function]
    13	  rule rangeLen(LO:Int, HI:Int, ST:Int) => (HI -Int LO +Int ST -Int 1) /Int ST
    14	       requires ST >Int 0 andBool HI >Int LO
    15	  rule rangeLen(LO:Int, HI:Int, ST:Int) => (LO -Int HI -Int ST -Int 1) /Int (0 -Int ST)
    16	       requires ST <Int 0 andBool HI <Int LO
    17	  rule rangeLen(LO:Int, HI:Int, ST:Int) => 0
    18	       requires (ST >Int 0 andBool HI <=Int LO) orBool (ST <Int 0 andBool HI >=Int LO)
    19	
    20	  rule <k> #iterNext(rangeObj(I:Int, HI:Int, ST:Int))
    21	        => #iterYield(I, rangeObj(I +Int ST, HI, ST)) ... </k>
    22	       requires inRange(I, HI, ST)
    23	  rule <k> #iterNext(rangeObj(I:Int, HI:Int, ST:Int)) => #iterDone ... </k>
    24	       requires notBool inRange(I, HI, ST)
    25	endmodule
===== reference-semantics/semantics/set.k =====
     1	// reference/src/semantics/set.k — MPY-SET
     2	
     3	module MPY-SET
     4	  imports MPY-CORE
     5	
     6	  // a set value, carried as its distinct codes in first-seen order (order is irrelevant
     7	  // to membership/cardinality — the two observations sets support here).
     8	  syntax Val ::= setV(IntSeq)
     9	
    10	  // membership of a code in the accumulated distinct-code sequence
    11	  syntax Bool ::= codeIn(Int, IntSeq) [function, total]
    12	  rule codeIn(_:Int, .IntSeq)                => false
    13	  rule codeIn(C:Int, iCons(H:Int, T:IntSeq)) => C ==Int H orBool codeIn(C, T)
    14	
    15	  // the distinct codes of CS (insert-if-absent fold, first-seen order)
    16	  syntax IntSeq ::= dedupCodes(IntSeq)         [function, total]
    17	                  | dedupFrom(IntSeq, IntSeq)  [function, total]
    18	  rule dedupCodes(CS:IntSeq) => dedupFrom(CS, .IntSeq)
    19	  rule dedupFrom(.IntSeq, ACC:IntSeq) => ACC
    20	  rule dedupFrom(iCons(C:Int, S:IntSeq), ACC:IntSeq) => dedupFrom(S, ACC)
    21	       requires codeIn(C, ACC)
    22	  rule dedupFrom(iCons(C:Int, S:IntSeq), ACC:IntSeq) => dedupFrom(S, snocCode(ACC, C))
    23	       requires notBool codeIn(C, ACC)
    24	
    25	  syntax IntSeq ::= snocCode(IntSeq, Int) [function, total]
    26	  rule snocCode(.IntSeq, C:Int)                => iCons(C, .IntSeq)
    27	  rule snocCode(iCons(H:Int, T:IntSeq), C:Int) => iCons(H, snocCode(T, C))
    28	
    29	  // ==== set equality: two sets are equal iff mutually subsuming ==============
    30	  // subsetCodes(A, B) — every code of A occurs in B (duplicates in A are harmless).
    31	  syntax Bool ::= subsetCodes(IntSeq, IntSeq) [function, total]
    32	  rule subsetCodes(.IntSeq, _:IntSeq)                => true
    33	  rule subsetCodes(iCons(C:Int, S:IntSeq), B:IntSeq) => codeIn(C, B) andBool subsetCodes(S, B)
    34	
    35	  syntax Bool ::= sameSet(IntSeq, IntSeq) [function, total]
    36	  rule sameSet(A:IntSeq, B:IntSeq) => subsetCodes(A, B) andBool subsetCodes(B, A)
    37	
    38	  // set == set  (the only comparison sets support here)
    39	  rule applyCmp("==", setV(A:IntSeq), setV(B:IntSeq)) => sameSet(A, B)
    40	endmodule
===== reference-semantics/semantics/sort.k =====
     1	// reference/src/semantics/sort.k — MPY-SORT
     2	// Trusted sorted(): sorted(list) as an opaque ascending permutation `sortVS` — opaque symbolic
     3	// for kprove (a trusted primitive, correctness/ordering proved in Lean / notes/sort-probe),
     4	// and a concrete insertion sort for krun. Wrappers verify the logic AROUND the sort (index /
     5	// slice / filter / dedup); indexing an opaque sortVS(VS) carries through as an opaque term, so
     6	// no ordering lemma is needed in K — the trust (sortVS = real sorted) is discharged by each
     7	// problem's differential test. Only int lists (compared by projectIntTotal); keyed / string
     8	// sorts are separate. Fires only via the "sorted" builtin, so inert for non-sorting programs.
     9	
    10	module MPY-SORT
    11	  imports MPY-BUILTINS
    12	  imports MPY-SUBSCRIPT
    13	
    14	  // sortVS(VS): the ascending sort of the Val list VS. Opaque for symbolic VS (no-evaluators);
    15	  // concrete insertion sort for krun.
    16	  // Concrete sort matches Int-sorted elements directly (an int Val IS an Int); projectIntTotal
    17	  // (lemmas-only) is not available in the semantics. Int and str lists.
    18	  syntax ValSeq ::= sortVS(ValSeq) [function, total, symbol(sortVS), no-evaluators]
    19	  syntax ValSeq ::= insVS(Int, ValSeq) [function]
    20	  rule sortVS(.ValSeq)                => .ValSeq          [concrete]
    21	  rule sortVS(vCons(X:Int, R:ValSeq)) => insVS(X, sortVS(R)) [concrete]
    22	  rule insVS(X:Int, .ValSeq)                => vCons(X, .ValSeq) [concrete]
    23	  rule insVS(X:Int, vCons(Y:Int, R:ValSeq)) => vCons(X, vCons(Y, R)) requires X <=Int Y [concrete]
    24	  rule insVS(X:Int, vCons(Y:Int, R:ValSeq)) => vCons(Y, insVS(X, R)) requires X  >Int Y [concrete]
    25	  // str elements insert by the shared lexicographic strLt (methods.k)
    26	  syntax ValSeq ::= insVSs(IntSeq, ValSeq) [function]
    27	  rule sortVS(vCons(str(CS:IntSeq), R:ValSeq)) => insVSs(CS, sortVS(R)) [concrete]
    28	  rule insVSs(A:IntSeq, .ValSeq) => vCons(str(A), .ValSeq) [concrete]
    29	  rule insVSs(A:IntSeq, vCons(str(B:IntSeq), R:ValSeq)) => vCons(str(A), vCons(str(B), R))
    30	       requires strLt(A, B) orBool A ==K B [concrete]
    31	  rule insVSs(A:IntSeq, vCons(str(B:IntSeq), R:ValSeq)) => vCons(str(B), insVSs(A, R))
    32	       requires notBool (strLt(A, B) orBool A ==K B) [concrete]
    33	
    34	  // sorted(list) constructs a NEW object: k-cell pre-dispatch (beats the [owise]
    35	  // applyBuiltin routing in call.k) so the result allocates.
    36	  rule <k> #applyK(toCall(builtinV("sorted")), (list(VS:ValSeq), .Vals))
    37	        => #alloc(list(sortVS(VS))) ... </k>
    38	
    39	  // mutator: xs.sort() — the in-place heap write over the same trusted sortVS
    40	  rule <k> #applyK(toCall(boundMethodV(ref(H:Int), "sort")), .Vals) => noneV ... </k>
    41	       <heap> ... H |-> list(VS:ValSeq => sortVS(VS)) ... </heap>
    42	       [priority(40)]
    43	
    44	  // ==== keyed / reversed sorted() (WP2) =====================================
    45	  // sortKeyVS(VS, KV): the stable ascending sort of VS by the key value KV
    46	  // (a closure/builtin/type — anything callable). OPAQUE here; the concrete
    47	  // leg (MPY-CONCRETE, llvm only) computes keys by REAL calls and stable-
    48	  // inserts, at priority(40) over these.
    49	  syntax ValSeq ::= sortKeyVS(ValSeq, Val) [function, total, symbol(sortKeyVS), no-evaluators]
    50	
    51	  syntax ValSeq ::= revVS(ValSeq) [function, total]
    52	                  | revVSAcc(ValSeq, ValSeq) [function, total]
    53	  rule revVS(S:ValSeq) => revVSAcc(S, .ValSeq)
    54	  rule revVSAcc(.ValSeq, A:ValSeq) => A
    55	  rule revVSAcc(vCons(V:Val, R:ValSeq), A:ValSeq) => revVSAcc(R, vCons(V, A))
    56	
    57	  syntax ValSeq ::= condRev(ValSeq, Bool) [function, total]
    58	  rule condRev(S:ValSeq, false) => S
    59	  rule condRev(S:ValSeq, true)  => revVS(S)
    60	
    61	  rule <k> #applyK(toCall(builtinV("sorted")), (list(VS:ValSeq), kwV("key", KV:Val), .Vals))
    62	        => #alloc(list(sortKeyVS(VS, KV))) ... </k>
    63	  rule <k> #applyK(toCall(builtinV("sorted")), (list(VS:ValSeq), kwV("key", KV:Val), kwV("reverse", RB:Bool), .Vals))
    64	        => #alloc(list(condRev(sortKeyVS(VS, KV), RB))) ... </k>
    65	  rule <k> #applyK(toCall(builtinV("sorted")), (list(VS:ValSeq), kwV("reverse", RB:Bool), .Vals))
    66	        => #alloc(list(condRev(sortVS(VS), RB))) ... </k>
    67	
    68	  // Indexing the opaque sorted list: `valSeqAt(sortVS(VS), I)` is DEFINED because valSeqAt is
    69	  // [total] (subscript.k) — it stays an abstract total value for a symbolic sort and reduces
    70	  // over the concrete sort for krun. No separate sortedAt indirection is needed; wrappers write
    71	  // their postcondition directly as valSeqAt(sortVS(VS), …).
    72	endmodule
===== reference-semantics/semantics/subscript.k =====
     1	// reference/src/semantics/subscript.k — MPY-SUBSCRIPT
     2	
     3	module MPY-SUBSCRIPT
     4	  imports MPY-CORE
     5	
     6	  // ==== positional access + negative-index normalization (used only here) ===
     7	  // valSeqAt is [total]: in-bounds vCons access reduces as usual; on an OPAQUE sequence (e.g.
     8	  // a trusted sort's sortVS(VS)) or OOB it stays an abstract total value — so indexing the
     9	  // opaque sorted list is DEFINED (no undischarged #Ceil), matching the old semantics' total
    10	  // atK. K trusts the [total] annotation; valid programs index in-bounds.
    11	  syntax Val ::= valSeqAt(ValSeq, Int) [function, total]
    12	  rule valSeqAt(vCons(V:Val, _:ValSeq), 0)     => V
    13	  rule valSeqAt(vCons(_:Val, S:ValSeq), I:Int) => valSeqAt(S, I -Int 1)
    14	       requires I >Int 0
    15	
    16	  syntax Int ::= intSeqAt(IntSeq, Int) [function]
    17	  rule intSeqAt(iCons(C:Int, _:IntSeq), 0)     => C
    18	  rule intSeqAt(iCons(_:Int, S:IntSeq), I:Int) => intSeqAt(S, I -Int 1)
    19	       requires I >Int 0
    20	
    21	  syntax Int ::= normIdx(Int, Int) [function, total]
    22	  rule normIdx(I:Int, LEN:Int) => I +Int LEN requires I  <Int 0
    23	  rule normIdx(I:Int, _:Int)   => I          requires I >=Int 0
    24	
    25	  // ==== Subscript: indexing obj[i] (list / tuple / str) =====================
    26	  // contexts (not strict attrs): the Index slot's Slice alternative must never heat
    27	  context Subscript(HOLE, _)
    28	  context Subscript(_:Val, HOLE:Expr)
    29	
    30	  // heap-object deref (covers both the index and slice forms via the Index slot)
    31	  rule <k> Subscript(ref(H:Int), IX:Index) => Subscript(V, IX) ... </k>
    32	       <heap> ... H |-> V:Val ... </heap>
    33	       [priority(40)]
    34	
    35	  rule <k> Subscript(OBJ:Val, I:Int) => applyIndex(OBJ, I) ... </k>
    36	
    37	  syntax Val ::= applyIndex(Val, Int) [function]
    38	  rule applyIndex(list(VS:ValSeq),  I:Int) => valSeqAt(VS, normIdx(I, vsLen(VS)))
    39	  rule applyIndex(tuple(VS:ValSeq), I:Int) => valSeqAt(VS, normIdx(I, vsLen(VS)))
    40	  rule applyIndex(str(IS:IntSeq),   I:Int)
    41	    => str(iCons(intSeqAt(IS, normIdx(I, isLen(IS))), .IntSeq))
    42	
    43	  // ==== Slice: obj[lo:hi:step] (list / str) — CPython slice.indices ==========
    44	  syntax KItem ::= #evalB(Bound) | "#toSome"
    45	                 | #slLo(Val, Bound, Bound)
    46	                 | #slHi(Val, OptInt, Bound)
    47	                 | #slStep(Val, OptInt, OptInt)
    48	
    49	  syntax OptInt ::= "noB" | someB(Int)
    50	  rule <k> #evalB(NoBound)  => noB ... </k>
    51	  rule <k> #evalB(E:Expr)   => E ~> #toSome ... </k>
    52	  rule <k> I:Int ~> #toSome => someB(I) ... </k>
    53	
    54	  rule <k> Subscript(OBJ:Val, Slice(LO:Bound, HI:Bound, ST:Bound)) => #evalB(LO) ~> #slLo(OBJ, HI, ST) ... </k>
    55	  rule <k> LO:OptInt ~> #slLo(OBJ:Val, HI:Bound, ST:Bound)   => #evalB(HI) ~> #slHi(OBJ, LO, ST) ... </k>
    56	  rule <k> HI:OptInt ~> #slHi(OBJ:Val, LO:OptInt, ST:Bound)  => #evalB(ST) ~> #slStep(OBJ, LO, HI) ... </k>
    57	  // a list slice constructs a NEW object; a str slice stays a value
    58	  rule <k> ST:OptInt ~> #slStep(list(VS:ValSeq), LO:OptInt, HI:OptInt)
    59	        => #alloc(doSlice(list(VS), LO, HI, ST)) ... </k>
    60	       [priority(45)]
    61	  rule <k> ST:OptInt ~> #slStep(OBJ:Val, LO:OptInt, HI:OptInt) => doSlice(OBJ, LO, HI, ST) ... </k>
    62	
    63	  syntax Val ::= doSlice(Val, OptInt, OptInt, OptInt) [function]
    64	  rule doSlice(list(VS:ValSeq), LO:OptInt, HI:OptInt, ST:OptInt)
    65	    => list(buildVS(VS, slStart(LO, ST, vsLen(VS)), slStop(HI, ST, vsLen(VS)), slStep(ST)))
    66	  rule doSlice(tuple(VS:ValSeq), LO:OptInt, HI:OptInt, ST:OptInt)
    67	    => tuple(buildVS(VS, slStart(LO, ST, vsLen(VS)), slStop(HI, ST, vsLen(VS)), slStep(ST)))
    68	  rule doSlice(str(IS:IntSeq), LO:OptInt, HI:OptInt, ST:OptInt)
    69	    => str(buildIS(IS, slStart(LO, ST, isLen(IS)), slStop(HI, ST, isLen(IS)), slStep(ST)))
    70	
    71	  // ==== slice.indices: step / start / stop / clamp ==========================
    72	  syntax Int ::= slStep(OptInt) [function, total]
    73	  rule slStep(noB)          => 1
    74	  rule slStep(someB(S:Int)) => S
    75	
    76	  syntax Int ::= slStart(OptInt, OptInt, Int) [function]
    77	  rule slStart(noB,          ST:OptInt, _LEN:Int) => 0
    78	       requires slStep(ST) >Int 0
    79	  rule slStart(noB,          ST:OptInt, LEN:Int)  => LEN -Int 1
    80	       requires slStep(ST) <Int 0
    81	  rule slStart(someB(I:Int), ST:OptInt, LEN:Int)  => slAdjust(I, LEN, slStep(ST))
    82	
    83	  syntax Int ::= slStop(OptInt, OptInt, Int) [function]
    84	  rule slStop(noB,          ST:OptInt, LEN:Int)  => LEN
    85	       requires slStep(ST) >Int 0
    86	  rule slStop(noB,          ST:OptInt, _LEN:Int) => -1
    87	       requires slStep(ST) <Int 0
    88	  rule slStop(someB(I:Int), ST:OptInt, LEN:Int)  => slAdjust(I, LEN, slStep(ST))
    89	
    90	  syntax Int ::= slAdjust(Int, Int, Int) [function, total]
    91	  rule slAdjust(I:Int, LEN:Int, STEP:Int) => clampLo(I +Int LEN, STEP)
    92	       requires I  <Int 0
    93	  rule slAdjust(I:Int, LEN:Int, STEP:Int) => clampHi(I, LEN, STEP)
    94	       requires I >=Int 0
    95	
    96	  syntax Int ::= clampLo(Int, Int) [function, total]
    97	  rule clampLo(J:Int, _STEP:Int) => J
    98	       requires J >=Int 0
    99	  rule clampLo(J:Int, STEP:Int)  => #if STEP <Int 0 #then -1 #else 0 #fi
   100	       requires J <Int 0
   101	
   102	  syntax Int ::= clampHi(Int, Int, Int) [function, total]
   103	  rule clampHi(I:Int, LEN:Int, _STEP:Int) => I
   104	       requires I  <Int LEN
   105	  rule clampHi(I:Int, LEN:Int, STEP:Int)  => #if STEP <Int 0 #then LEN -Int 1 #else LEN #fi
   106	       requires I >=Int LEN
   107	
   108	  // ==== build the strided sub-sequence (indices in range by construction) ====
   109	  syntax ValSeq ::= buildVS(ValSeq, Int, Int, Int) [function]
   110	  rule buildVS(VS:ValSeq, I:Int, STOP:Int, STEP:Int)
   111	    => vCons(valSeqAt(VS, I), buildVS(VS, I +Int STEP, STOP, STEP))
   112	       requires (STEP >Int 0 andBool I <Int STOP) orBool (STEP <Int 0 andBool I >Int STOP)
   113	  rule buildVS(_:ValSeq, I:Int, STOP:Int, STEP:Int) => .ValSeq
   114	       requires notBool ((STEP >Int 0 andBool I <Int STOP) orBool (STEP <Int 0 andBool I >Int STOP))
   115	
   116	  syntax IntSeq ::= buildIS(IntSeq, Int, Int, Int) [function]
   117	  rule buildIS(IS:IntSeq, I:Int, STOP:Int, STEP:Int)
   118	    => iCons(intSeqAt(IS, I), buildIS(IS, I +Int STEP, STOP, STEP))
   119	       requires (STEP >Int 0 andBool I <Int STOP) orBool (STEP <Int 0 andBool I >Int STOP)
   120	  rule buildIS(_:IntSeq, I:Int, STOP:Int, STEP:Int) => .IntSeq
   121	       requires notBool ((STEP >Int 0 andBool I <Int STOP) orBool (STEP <Int 0 andBool I >Int STOP))
   122	endmodule
===== reference-semantics/semantics/tuple.k =====
     1	// reference/src/semantics/tuple.k — MPY-TUPLE
     2	
     3	module MPY-TUPLE
     4	  imports MPY-CORE
     5	  imports MPY-ITER
     6	  imports MPY-LIST
     7	  imports MPY-METHODS
     8	
     9	  // ==== iteration (the iterator protocol's tuple case) ======================
    10	  rule <k> #iterNext(tuple(.ValSeq))                => #iterDone ... </k>
    11	  rule <k> #iterNext(tuple(vCons(V:Val, R:ValSeq))) => #iterYield(V, tuple(R)) ... </k>
    12	
    13	  // ==== TupleExpr: tuple(ValSeq) literal + == != ===========================
    14	  syntax ApplyK ::= "toTuple"
    15	  rule <k> TupleExpr(ES:Exprs) => #evalArgs(ES, .Vals, toTuple) ... </k>
    16	  rule <k> #applyK(toTuple, ACC:Vals) => tuple(vals2valSeq(ACC)) ... </k>
    17	
    18	  rule applyCmp("==", tuple(A:ValSeq), tuple(B:ValSeq)) => A ==K B
    19	  // membership routes through the same k-cell fold as lists (list.k)
    20	  rule <k> Compare(LV:Val, CmpOp("in",     tuple(VS:ValSeq))) => #memberAcc(LV, tuple(VS)) ... </k>
    21	  rule <k> Compare(LV:Val, CmpOp("not in", tuple(VS:ValSeq))) => #memberAcc(LV, tuple(VS)) ~> #notB ... </k>
    22	  // t.index(v): first index of v (ValueError out of subset)
    23	  rule applyMethod(tuple(VS:ValSeq), "index", V:Val, .Vals) => idxOfVS(VS, V, 0)
    24	  syntax Int ::= idxOfVS(ValSeq, Val, Int) [function]
    25	  rule idxOfVS(vCons(A:Val, _:ValSeq), V:Val, I:Int) => I requires A ==K V
    26	  rule idxOfVS(vCons(A:Val, R:ValSeq), V:Val, I:Int) => idxOfVS(R, V, I +Int 1)
    27	       requires notBool (A ==K V)
    28	  rule applyCmp("!=", tuple(A:ValSeq), tuple(B:ValSeq)) => notBool (A ==K B)
    29	
    30	  // ==== target binding: bind a Name or a TupleExpr target to a value ========
    31	  syntax KItem ::= #bindTgt(Expr, Val)
    32	  rule <k> #bindTgt(Name(X:String), V:Val) => .K ... </k>
    33	       <env> L:Int </env>
    34	       <scopes> ... L |-> scope(M:Map => M [ X <- V ], _) ... </scopes>
    35	  rule <k> #bindTgt(Name(X:String), V:Val) => #cellW({M[X]}:>Val, V) ... </k>
    36	       <env> L:Int </env>
    37	       <scopes> ... L |-> scope(M:Map, _) ... </scopes>
    38	       requires "$cells" in_keys(M)
    39	        andBool pnMember(X, cellsOf({M["$cells"]}:>Val))
    40	        andBool X in_keys(M) andBool isCellRef({M[X]}:>Val)
    41	       [priority(40)]
    42	  rule <k> #bindTgt(TupleExpr(TS:Exprs), tuple(VS:ValSeq)) => #unpackSeq(TS, VS) ... </k>
    43	  rule <k> #bindTgt(TupleExpr(TS:Exprs), list(VS:ValSeq))  => #unpackSeq(TS, VS) ... </k>
    44	  rule <k> #bindTgt(TupleExpr(TS:Exprs), ref(H:Int)) => #bindTgt(TupleExpr(TS), V) ... </k>
    45	       <heap> ... H |-> V:Val ... </heap>
    46	       [priority(40)]
    47	
    48	  // ==== unpacking: a, b = <tuple|list> (RHS evaluated by strictness) ========
    49	  syntax KItem ::= #unpackSeq(Exprs, ValSeq)
    50	  rule <k> Assign(TupleExpr(TS:Exprs), tuple(VS:ValSeq)) => #unpackSeq(TS, VS) ... </k>
    51	  rule <k> Assign(TupleExpr(TS:Exprs), list(VS:ValSeq))  => #unpackSeq(TS, VS) ... </k>
    52	  rule <k> Assign(TupleExpr(TS:Exprs), ref(H:Int)) => Assign(TupleExpr(TS), V) ... </k>
    53	       <heap> ... H |-> V:Val ... </heap>
    54	       [priority(40)]
    55	  rule <k> #unpackSeq((T:Expr, TS:Exprs), vCons(V:Val, VS:ValSeq))
    56	        => #bindTgt(T, V) ~> #unpackSeq(TS, VS) ... </k>
    57	  rule <k> #unpackSeq(.Exprs, .ValSeq) => .K ... </k>
    58	endmodule
--- END OUTPUT ---
EXIT STATUS: 0
