Script started on 2026-07-28 17:37:41-05:00 [<not executed on terminal>]
{
  "all_parameters_have_exactly_one_candidate_definition": true,
  "candidate": "/candidate/Proof.lean",
  "parameter_count": 12,
  "parameters": [
    {
      "binding_sha256": "f65d775f6d5289411002f8f0d7f1680ac1c3f7d26d0bc62b5edbe7369ad429bd",
      "candidate_definition_count": 1,
      "candidate_definitions": [
        {
          "start_line": 46,
          "text": "def \u00ab_-Int_\u00bb (a b : SortInt) : SortInt := a - b"
        }
      ],
      "kore_symbol": "Lbl'Unds'-Int'Unds'",
      "name": "\u00ab_-Int_\u00bb",
      "source_classifications": [
        "DOMAIN_LEMMA"
      ],
      "source_rule_ids": [
        "rule-4281e752ff9a8d5db579bbac5643ad5601381eaf22b096d29d92335d12d66f5d"
      ],
      "type": "SortInt \u2192 SortInt \u2192 SortInt"
    },
    {
      "binding_sha256": "2de89a36fe9fa9fb9915ad2f70547941f860a887f2032990fb629ccd896e0208",
      "candidate_definition_count": 1,
      "candidate_definitions": [
        {
          "start_line": 48,
          "text": "def _Map_ (left right : SortMap) : SortMap :=\n  \u27e8left.coll ++ right.coll\u27e9"
        }
      ],
      "kore_symbol": "Lbl'Unds'Map'Unds'",
      "name": "_Map_",
      "source_classifications": [
        "DOMAIN_LEMMA",
        "DOMAIN_LEMMA"
      ],
      "source_rule_ids": [
        "rule-f0db16212bf58f7561bc29b239623e9a2ac5f7372a7228b99c3baf953e83b63c",
        "rule-d7d11f1fc9fe34f62521436622edf9d5bea2ea8bfb4c788542b09eb6d23ffab9"
      ],
      "type": "SortMap \u2192 SortMap \u2192 SortMap"
    },
    {
      "binding_sha256": "34f8fcf44f1e2a0d476afd9fdc3bd539159f199c4cb3d16091be7bf766fcc78b",
      "candidate_definition_count": 1,
      "candidate_definitions": [
        {
          "start_line": 51,
          "text": "noncomputable def \u00ab_in_keys(_)_MAP_Bool_KItem_Map\u00bb\n    (key : SortKItem) (map : SortMap) : SortBool :=\n  map.coll.any (fun entry => kItemEq key entry.1)"
        }
      ],
      "kore_symbol": "Lbl'Unds'in'Unds'keys'LParUndsRParUnds'MAP'Unds'Bool'Unds'KItem'Unds'Map",
      "name": "\u00ab_in_keys(_)_MAP_Bool_KItem_Map\u00bb",
      "source_classifications": [
        "DOMAIN_LEMMA"
      ],
      "source_rule_ids": [
        "rule-75fa33282a96ce93976534a56a3cbca68ee1b3b3369c99ec1a39f0690d886745"
      ],
      "type": "SortKItem \u2192 SortMap \u2192 SortBool"
    },
    {
      "binding_sha256": "c91da816be448a6d0b2e5f00ed1f5b03721c44f4dca97520aafc1957265cfb64",
      "candidate_definition_count": 1,
      "candidate_definitions": [
        {
          "start_line": 55,
          "text": "def \u00ab_>=Int_\u00bb (a b : SortInt) : SortBool := decide (a \u2265 b)"
        }
      ],
      "kore_symbol": "Lbl'Unds-GT-Eqls'Int'Unds'",
      "name": "\u00ab_>=Int_\u00bb",
      "source_classifications": [
        "DOMAIN_LEMMA",
        "DOMAIN_LEMMA"
      ],
      "source_rule_ids": [
        "rule-4281e752ff9a8d5db579bbac5643ad5601381eaf22b096d29d92335d12d66f5d",
        "rule-e4afafd317ff2760b1290163a9583c9ff2cefc541daf634480a32a004199a9f2"
      ],
      "type": "SortInt \u2192 SortInt \u2192 SortBool"
    },
    {
      "binding_sha256": "19b119414fd0ebfb2120dea0a7c7c4e9b4a83bfd4e204ab6521807b48016ed62",
      "candidate_definition_count": 1,
      "candidate_definitions": [
        {
          "start_line": 57,
          "text": "noncomputable def \u00ab_[_<-undef]\u00bb (map : SortMap) (key : SortKItem) : SortMap :=\n  \u27e8eraseMapKey key map.coll\u27e9"
        }
      ],
      "kore_symbol": "Lbl'UndsLSqBUnds-LT-'-undef'RSqB'",
      "name": "\u00ab_[_<-undef]\u00bb",
      "source_classifications": [
        "DOMAIN_LEMMA"
      ],
      "source_rule_ids": [
        "rule-d7d11f1fc9fe34f62521436622edf9d5bea2ea8bfb4c788542b09eb6d23ffab9"
      ],
      "type": "SortMap \u2192 SortKItem \u2192 SortMap"
    },
    {
      "binding_sha256": "4269752af74f57f7c9a1b0437f83a966c14b31c394fc79068987a3f0519680eb",
      "candidate_definition_count": 1,
      "candidate_definitions": [
        {
          "start_line": 60,
          "text": "def \u00ab_|->_\u00bb (key value : SortKItem) : SortMap :=\n  \u27e8[(key, value)]\u27e9"
        }
      ],
      "kore_symbol": "Lbl'UndsPipe'-'-GT-Unds'",
      "name": "\u00ab_|->_\u00bb",
      "source_classifications": [
        "DOMAIN_LEMMA",
        "DOMAIN_LEMMA"
      ],
      "source_rule_ids": [
        "rule-f0db16212bf58f7561bc29b239623e9a2ac5f7372a7228b99c3baf953e83b63c",
        "rule-d7d11f1fc9fe34f62521436622edf9d5bea2ea8bfb4c788542b09eb6d23ffab9"
      ],
      "type": "SortKItem \u2192 SortKItem \u2192 SortMap"
    },
    {
      "binding_sha256": "6b5903c254bf60f99e55a5f5f27797ed2c70a031ac069897af61544578cf2c0f",
      "candidate_definition_count": 1,
      "candidate_definitions": [
        {
          "start_line": 63,
          "text": "def \u00ab_+Int_\u00bb (a b : SortInt) : SortInt := a + b"
        }
      ],
      "kore_symbol": "Lbl'UndsPlus'Int'Unds'",
      "name": "\u00ab_+Int_\u00bb",
      "source_classifications": [
        "DOMAIN_LEMMA"
      ],
      "source_rule_ids": [
        "rule-12b6390dc702f6660b47ee0c0a9b53b2797cbb240846a822a143c2125bd020b7"
      ],
      "type": "SortInt \u2192 SortInt \u2192 SortInt"
    },
    {
      "binding_sha256": "e6008224264e6eb36dd0873ccf90d281927d5326251585062b99427cd1f5c5fa",
      "candidate_definition_count": 1,
      "candidate_definitions": [
        {
          "start_line": 65,
          "text": "noncomputable def \u00abMap:update\u00bb (map : SortMap) (key value : SortKItem) : SortMap :=\n  \u27e8(key, value) :: eraseMapKey key map.coll\u27e9"
        }
      ],
      "kore_symbol": "LblMap'Coln'update",
      "name": "\u00abMap:update\u00bb",
      "source_classifications": [
        "DOMAIN_LEMMA"
      ],
      "source_rule_ids": [
        "rule-f0db16212bf58f7561bc29b239623e9a2ac5f7372a7228b99c3baf953e83b63c"
      ],
      "type": "SortMap \u2192 SortKItem \u2192 SortKItem \u2192 SortMap"
    },
    {
      "binding_sha256": "62ec5661454bc64249b483cae8d93dfb5c42fc93835a4fd0ee348d4d8b2558c3",
      "candidate_definition_count": 1,
      "candidate_definitions": [
        {
          "start_line": 68,
          "text": "def \u00abbuildIS(_,_,_,_)_MPY-SUBSCRIPT_IntSeq_IntSeq_Int_Int_Int\u00bb\n    (seq : SortIntSeq) (start stop step : SortInt) : SortIntSeq :=\n  let xs := intSeqToList seq\n  if step = 1 then\n    listToIntSeq ((xs.drop start.toNat).take (stop - start).toNat)\n  else\n    listToIntSeq (buildISAux xs stop step xs.length start)"
        }
      ],
      "kore_symbol": "LblbuildIS'LParUndsCommUndsCommUndsCommUndsRParUnds'MPY-SUBSCRIPT'Unds'IntSeq'Unds'IntSeq'Unds'Int'Unds'Int'Unds'Int",
      "name": "\u00abbuildIS(_,_,_,_)_MPY-SUBSCRIPT_IntSeq_IntSeq_Int_Int_Int\u00bb",
      "source_classifications": [
        "DOMAIN_LEMMA"
      ],
      "source_rule_ids": [
        "rule-4281e752ff9a8d5db579bbac5643ad5601381eaf22b096d29d92335d12d66f5d"
      ],
      "type": "SortIntSeq \u2192 SortInt \u2192 SortInt \u2192 SortInt \u2192 SortIntSeq"
    },
    {
      "binding_sha256": "a16bb610718b5a0a51464c16c2f833ff5dc11f664582c8836ad71228d017f038",
      "candidate_definition_count": 1,
      "candidate_definitions": [
        {
          "start_line": 76,
          "text": "def \u00abclampHi(_,_,_)_MPY-SUBSCRIPT_Int_Int_Int_Int\u00bb\n    (index len step : SortInt) : SortInt :=\n  if index < len then index else if step < 0 then len - 1 else len"
        }
      ],
      "kore_symbol": "LblclampHi'LParUndsCommUndsCommUndsRParUnds'MPY-SUBSCRIPT'Unds'Int'Unds'Int'Unds'Int'Unds'Int",
      "name": "\u00abclampHi(_,_,_)_MPY-SUBSCRIPT_Int_Int_Int_Int\u00bb",
      "source_classifications": [
        "DOMAIN_LEMMA",
        "DOMAIN_LEMMA"
      ],
      "source_rule_ids": [
        "rule-4281e752ff9a8d5db579bbac5643ad5601381eaf22b096d29d92335d12d66f5d",
        "rule-e4afafd317ff2760b1290163a9583c9ff2cefc541daf634480a32a004199a9f2"
      ],
      "type": "SortInt \u2192 SortInt \u2192 SortInt \u2192 SortInt"
    },
    {
      "binding_sha256": "8fecd5863fb7dbb10b63b16916887c139ee45b4b93da2391e67c99bd0986c885",
      "candidate_definition_count": 1,
      "candidate_definitions": [
        {
          "start_line": 80,
          "text": "def \u00abisLen(_)_MPY-CORE_Int_IntSeq\u00bb (seq : SortIntSeq) : SortInt :=\n  Int.ofNat (intSeqToList seq).length"
        }
      ],
      "kore_symbol": "LblisLen'LParUndsRParUnds'MPY-CORE'Unds'Int'Unds'IntSeq",
      "name": "\u00abisLen(_)_MPY-CORE_Int_IntSeq\u00bb",
      "source_classifications": [
        "DOMAIN_LEMMA",
        "DOMAIN_LEMMA"
      ],
      "source_rule_ids": [
        "rule-4281e752ff9a8d5db579bbac5643ad5601381eaf22b096d29d92335d12d66f5d",
        "rule-e4afafd317ff2760b1290163a9583c9ff2cefc541daf634480a32a004199a9f2"
      ],
      "type": "SortIntSeq \u2192 SortInt"
    },
    {
      "binding_sha256": "800dfb53d9e7a3be4213132dd5d7f50c7cea4f36e1081709115b47a3c0242a80",
      "candidate_definition_count": 1,
      "candidate_definitions": [
        {
          "start_line": 83,
          "text": "def \u00abkeysBelow(_,_)_VERIFICATION_Bool_Map_Int\u00bb\n    (map : SortMap) (bound : SortInt) : SortBool :=\n  map.coll.all (fun entry => mapEntryBelow entry bound)"
        }
      ],
      "kore_symbol": "LblkeysBelow'LParUndsCommUndsRParUnds'VERIFICATION'Unds'Bool'Unds'Map'Unds'Int",
      "name": "\u00abkeysBelow(_,_)_VERIFICATION_Bool_Map_Int\u00bb",
      "source_classifications": [
        "DOMAIN_LEMMA",
        "DOMAIN_LEMMA",
        "DOMAIN_LEMMA",
        "DOMAIN_LEMMA"
      ],
      "source_rule_ids": [
        "rule-12b6390dc702f6660b47ee0c0a9b53b2797cbb240846a822a143c2125bd020b7",
        "rule-75fa33282a96ce93976534a56a3cbca68ee1b3b3369c99ec1a39f0690d886745",
        "rule-f0db16212bf58f7561bc29b239623e9a2ac5f7372a7228b99c3baf953e83b63c",
        "rule-d7d11f1fc9fe34f62521436622edf9d5bea2ea8bfb4c788542b09eb6d23ffab9"
      ],
      "type": "SortMap \u2192 SortInt \u2192 SortBool"
    }
  ]
}

Script done on 2026-07-28 17:37:41-05:00 [COMMAND_EXIT_CODE="0"]
