COMMAND: bash -lc set\ -euo\ pipefail\;\ cp\ /tmp/audit-work/reconstruction/spec-vacuity.k\ /audit-output/evidence/spec-vacuity.k\;\ cmp\ /tmp/audit-work/reconstruction/spec-vacuity.k\ /audit-output/evidence/spec-vacuity.k\;\ kprove\ spec-vacuity.k\ --definition\ verification-kompiled\ --spec-module\ SPEC-VACUITY\ --trusted\ SPEC-VACUITY.entry-call\ --dry-run
WORKDIR: /tmp/audit-work/reconstruction
START_UTC: 2026-07-24T13:13:31Z
kore-exec /tmp/audit-work/reconstruction/./verification-kompiled/definition.kore --module VERIFICATION --prove /tmp/.kprove-2026-07-24-08-13-32-124-2ee952f4-cd58-4247-aec2-5d76323ffa6c/spec.kore --spec-module SPEC-VACUITY --output /tmp/.kprove-2026-07-24-08-13-32-124-2ee952f4-cd58-4247-aec2-5d76323ffa6c/result.kore
[Warning] Compiler: Variable 'As' defined but not used. Prefix variable name
with underscore if this is intentional.
	Source(/tmp/audit-work/reconstruction/reference-semantics/semantics/str.k)
	Location(52,27,52,29)
	52 |	  rule strLt(iCons(A:Int, As:IntSeq), iCons(B:Int, Bs:IntSeq)) => true   
      requires A  <Int B
	   .	                          ^~
[Warning] Compiler: Variable 'Bs' defined but not used. Prefix variable name
with underscore if this is intentional.
	Source(/tmp/audit-work/reconstruction/reference-semantics/semantics/str.k)
	Location(52,52,52,54)
	52 |	  rule strLt(iCons(A:Int, As:IntSeq), iCons(B:Int, Bs:IntSeq)) => true   
      requires A  <Int B
	   .	                                                   ^~
[Warning] Compiler: Variable 'As' defined but not used. Prefix variable name
with underscore if this is intentional.
	Source(/tmp/audit-work/reconstruction/reference-semantics/semantics/str.k)
	Location(53,27,53,29)
	53 |	  rule strLt(iCons(A:Int, As:IntSeq), iCons(B:Int, Bs:IntSeq)) => false  
      requires A  >Int B
	   .	                          ^~
[Warning] Compiler: Variable 'Bs' defined but not used. Prefix variable name
with underscore if this is intentional.
	Source(/tmp/audit-work/reconstruction/reference-semantics/semantics/str.k)
	Location(53,52,53,54)
	53 |	  rule strLt(iCons(A:Int, As:IntSeq), iCons(B:Int, Bs:IntSeq)) => false  
      requires A  >Int B
	   .	                                                   ^~
[Warning] Compiler: Variable 'L' defined but not used. Prefix variable name
with underscore if this is intentional.
	Source(/tmp/audit-work/reconstruction/spec-vacuity.k)
	Location(16,11,16,12)
	16 |	    <env> L </env>
	   .	          ^
[Warning] Compiler: Variable 'H' defined but not used. Prefix variable name
with underscore if this is intentional.
	Source(/tmp/audit-work/reconstruction/spec-vacuity.k)
	Location(25,12,25,13)
	25 |	    <heap> H </heap>
	   .	           ^
[Warning] Compiler: Variable 'HL' defined but not used. Prefix variable name
with underscore if this is intentional.
	Source(/tmp/audit-work/reconstruction/spec-vacuity.k)
	Location(26,15,26,17)
	26 |	    <heapLoc> HL </heapLoc>
	   .	              ^~
[Warning] Compiler: Variable 'ST' defined but not used. Prefix variable name
with underscore if this is intentional.
	Source(/tmp/audit-work/reconstruction/spec-vacuity.k)
	Location(27,13,27,15)
	27 |	    <stack> ST </stack>
	   .	            ^~
[Warning] Compiler: Variable 'EC' defined but not used. Prefix variable name
with underscore if this is intentional.
	Source(/tmp/audit-work/reconstruction/spec-vacuity.k)
	Location(30,17,30,19)
	30 |	    <exit-code> EC </exit-code>
	   .	                ^~
[Warning] Compiler: Variable 'V' defined but not used. Prefix variable name
with underscore if this is intentional.
	Source(/tmp/audit-work/reconstruction/verification.k)
	Location(19,20,19,21)
	19 |	  rule ((L:Int |-> V:Scope) S:Map) [ L <- undef ] => S
	   .	                   ^
EXIT_STATUS: 0
END_UTC: 2026-07-24T13:13:34Z
