Script started on 2026-07-26 15:46:24-05:00 [<not executed on terminal>]
COMMAND python3 /audit-output/evidence/04_extract_claim_program.py 0 > claim-program-odd.mpy
EXTRACTED_CALLS=2
ODD_EXTRACT_EXIT=0
COMMAND python3 /audit-output/evidence/04_extract_claim_program.py 1 > claim-program-even.mpy
EXTRACTED_CALLS=2
EVEN_EXTRACT_EXIT=0
COMMAND kast solution.mpy --definition verification-kompiled --sort Module --output kore > solution.kore
[0mSOLUTION_PARSE_EXIT=0
COMMAND kast claim-program-odd.mpy --definition verification-kompiled --sort Module --output kore > claim-program-odd.kore
[0mODD_PARSE_EXIT=0
COMMAND kast claim-program-even.mpy --definition verification-kompiled --sort Module --output kore > claim-program-even.kore
[0mEVEN_PARSE_EXIT=0
COMMAND cmp -s solution.kore claim-program-odd.kore
ODD_CONSTRUCTOR_CMP_EXIT=0
COMMAND cmp -s solution.kore claim-program-even.kore
EVEN_CONSTRUCTOR_CMP_EXIT=0
COMMAND sha256sum solution.kore claim-program-odd.kore claim-program-even.kore
675cedbb35d3f092a97ce9196d00d18534bfd9440567a8a85ad3e4891cf4aa1d  solution.kore
675cedbb35d3f092a97ce9196d00d18534bfd9440567a8a85ad3e4891cf4aa1d  claim-program-odd.kore
675cedbb35d3f092a97ce9196d00d18534bfd9440567a8a85ad3e4891cf4aa1d  claim-program-even.kore
KORE_HASH_EXIT=0
COMMAND python3 /audit-output/evidence/04_ground_claims.py
{"allInts": true, "branch": "odd", "candidate_python": 2, "canonical_python": 2, "formula": "sorted(values)[(3-1)//2]", "input": [3, 1, 2], "interpreted_claim_result": 2, "length": 3, "precondition_satisfied": true, "pyMod(length,2)": 1}
{"allInts": true, "branch": "even", "candidate_python": 3.5, "canonical_python": 2.5, "formula": "(sorted(values)[4//2] + sorted(values)[4//2+1]) / 2.0", "input": [4, 1, 3, 2], "interpreted_claim_result": 3.5, "length": 4, "precondition_satisfied": true, "pyMod(length,2)": 0}
{"allInts": true, "branch": "even", "candidate_python": 15.0, "canonical_python": 8.0, "formula": "(sorted(values)[6//2] + sorted(values)[6//2+1]) / 2.0", "input": [-10, 4, 6, 1000, 10, 20], "interpreted_claim_result": 15.0, "length": 6, "precondition_satisfied": true, "pyMod(length,2)": 0}
RESULT PASS: every witness satisfies its entry precondition
GROUND_WITNESS_EXIT=0
SUMMARY odd_extract=0 even_extract=0 solution_parse=0 odd_parse=0 even_parse=0 odd_cmp=0 even_cmp=0 hashes=0 ground=0

Script done on 2026-07-26 15:46:26-05:00 [COMMAND_EXIT_CODE="0"]
