COMMAND: kprove spec-ground-witness.k --definition verification-kompiled --spec-module TRIANGLE-AREA-SPEC-GROUND-WITNESS
WORKDIR: /tmp/audit-work/review-45-triangle-area-20260724/candidate
--- OUTPUT ---
kore-exec: [1413756] Error (ErrorException):
    Error: missing hook
    Symbol
        LblInt2Float'LParUndsCommUndsCommUndsRParUnds'FLOAT'Unds'Float'Unds'Int'Unds'Int'Unds'Int{}
    declared with attribute
        hook{}("FLOAT.int2float")
    We don't recognize that hook and it was not given any rules.
    Please open a feature request at
        https://github.com/runtimeverification/haskell-backend/issues
    and include the text of this message.
    Workaround: Give rules for LblInt2Float'LParUndsCommUndsCommUndsRParUnds'FLOAT'Unds'Float'Unds'Int'Unds'Int'Unds'Int{}
    CallStack (from HasCallStack):
      error, called at src/Kore/Rewrite/Function/Evaluator.hs:377:6 in kore-0.1.155-4JBi7ASQvFVEaCqpWzFsxO:Kore.Rewrite.Function.Evaluator
Error: missing hook
Symbol
    LblInt2Float'LParUndsCommUndsCommUndsRParUnds'FLOAT'Unds'Float'Unds'Int'Unds'Int'Unds'Int{}
declared with attribute
    hook{}("FLOAT.int2float")
We don't recognize that hook and it was not given any rules.
Please open a feature request at
    https://github.com/runtimeverification/haskell-backend/issues
and include the text of this message.
Workaround: Give rules for LblInt2Float'LParUndsCommUndsCommUndsRParUnds'FLOAT'Unds'Float'Unds'Int'Unds'Int'Unds'Int{}
CallStack (from HasCallStack):
  error, called at src/Kore/Rewrite/Function/Evaluator.hs:377:6 in kore-0.1.155-4JBi7ASQvFVEaCqpWzFsxO:Kore.Rewrite.Function.Evaluator
Created bug report: kore-exec.tar.gz
<generatedTop>
  <k>
    #loadAll ( Module ( FuncDef ( "triangle_area" , Params ( "a" , "h" , .ParamNames ) , Return ( BinOp ( "/" , BinOp ( "*" , Name ( "a" ) , Name ( "h" ) ) , Int ( 2 ) ) )  .Stmts )  .Stmts ) ) ~> Call ( Name ( "triangle_area" ) , Int ( 5 ) , Int ( 3 ) , .Exprs ) ~> .K
  </k>
  <env>
    0
  </env>
  <scopes>
    -1 |-> scope ( "abs" |-> builtinV ( "abs" )
    "all" |-> builtinV ( "all" )
    "any" |-> builtinV ( "any" )
    "bin" |-> builtinV ( "bin" )
    "chr" |-> builtinV ( "chr" )
    "enumerate" |-> builtinV ( "enumerate" )
    "eval" |-> builtinV ( "eval" )
    "float" |-> typeV ( "float" )
    "int" |-> typeV ( "int" )
    "isinstance" |-> builtinV ( "isinstance" )
    "len" |-> builtinV ( "len" )
    "list" |-> builtinV ( "list" )
    "map" |-> builtinV ( "map" )
    "max" |-> builtinV ( "max" )
    "min" |-> builtinV ( "min" )
    "ord" |-> builtinV ( "ord" )
    "range" |-> builtinV ( "range" )
    "round" |-> builtinV ( "round" )
    "set" |-> builtinV ( "set" )
    "sorted" |-> builtinV ( "sorted" )
    "str" |-> typeV ( "str" )
    "sum" |-> builtinV ( "sum" )
    "zip" |-> builtinV ( "zip" ) , root )
    0 |-> scope ( .Map , parent ( -1 ) )
  </scopes>
  <scopeLoc>
    1
  </scopeLoc>
  <heap>
    .Map
  </heap>
  <heapLoc>
    0
  </heapLoc>
  <stack>
    .List
  </stack>
  <ret>
    noRet
  </ret>
  <exc>
    NoExc
  </exc>
  <exit-code>
    0
  </exit-code>
</generatedTop>
[Warning] Compiler: Variable 'As' defined but not used. Prefix variable name
with underscore if this is intentional.
	Source(/tmp/audit-work/review-45-triangle-area-20260724/candidate/reference-semantics/semantics/str.k)
	Location(52,27,52,29)
	52 |	  rule strLt(iCons(A:Int, As:IntSeq), iCons(B:Int, Bs:IntSeq)) => true   
      requires A  <Int B
	   .	                          ^~
[Warning] Compiler: Variable 'Bs' defined but not used. Prefix variable name
with underscore if this is intentional.
	Source(/tmp/audit-work/review-45-triangle-area-20260724/candidate/reference-semantics/semantics/str.k)
	Location(52,52,52,54)
	52 |	  rule strLt(iCons(A:Int, As:IntSeq), iCons(B:Int, Bs:IntSeq)) => true   
      requires A  <Int B
	   .	                                                   ^~
[Warning] Compiler: Variable 'As' defined but not used. Prefix variable name
with underscore if this is intentional.
	Source(/tmp/audit-work/review-45-triangle-area-20260724/candidate/reference-semantics/semantics/str.k)
	Location(53,27,53,29)
	53 |	  rule strLt(iCons(A:Int, As:IntSeq), iCons(B:Int, Bs:IntSeq)) => false  
      requires A  >Int B
	   .	                          ^~
[Warning] Compiler: Variable 'Bs' defined but not used. Prefix variable name
with underscore if this is intentional.
	Source(/tmp/audit-work/review-45-triangle-area-20260724/candidate/reference-semantics/semantics/str.k)
	Location(53,52,53,54)
	53 |	  rule strLt(iCons(A:Int, As:IntSeq), iCons(B:Int, Bs:IntSeq)) => false  
      requires A  >Int B
	   .	                                                   ^~
[Error] Prover: backend terminated because the configuration cannot be
rewritten further. See output for more details.
--- END OUTPUT ---
EXIT_STATUS: 1
