Script started on 2026-08-01 08:42:24-05:00 [<not executed on terminal>]
{
  "comparisons": [
    {
      "claim": "CONNECTION-SPEC.helper-vowel",
      "claim_counter_is_fresh_existential_rewrite": true,
      "claim_generated_counter": {
        "args": [
          {
            "lhs": {
              "name": "_Gen0",
              "node": "KVariable",
              "sort": {
                "name": "Int",
                "node": "KSort"
              }
            },
            "node": "KRewrite",
            "rhs": {
              "name": "?_Gen1",
              "node": "KVariable",
              "sort": {
                "name": "Int",
                "node": "KSort"
              }
            }
          }
        ],
        "arity": 1,
        "label": {
          "name": "<generatedCounter>",
          "node": "KLabel",
          "params": []
        },
        "node": "KApply"
      },
      "installed_counter_is_one_preserved_dot_variable": true,
      "mandatory_residual_caveat_recorded": true,
      "ordinary_lhs_guard_cells_claim_sha256": "d03edb6f79d3ae68dd87719b124ef13a21044db4cdb9bf83ad7dc0a370d6262b",
      "ordinary_lhs_guard_cells_rule_sha256": "d03edb6f79d3ae68dd87719b124ef13a21044db4cdb9bf83ad7dc0a370d6262b",
      "ordinary_lhs_matches": true,
      "ordinary_rhs_guard_cells_claim_sha256": "9a06ccf13aac3ca9b9a679b0465381204daf218013b6114564c18b7f444fdc32",
      "ordinary_rhs_guard_cells_rule_sha256": "9a06ccf13aac3ca9b9a679b0465381204daf218013b6114564c18b7f444fdc32",
      "ordinary_rhs_matches": true,
      "rule_generated_counter": {
        "name": "_DotVar0",
        "node": "KVariable",
        "sort": {
          "name": "GeneratedCounterCell",
          "node": "KSort"
        }
      },
      "source_rule_id": "rule-284c4c4d20e7564f3b85f9ae093aa32298e088fc96aae41906f05d8ef3f0ef15"
    },
    {
      "claim": "CONNECTION-SPEC.helper-consonant",
      "claim_counter_is_fresh_existential_rewrite": true,
      "claim_generated_counter": {
        "args": [
          {
            "lhs": {
              "name": "_Gen0",
              "node": "KVariable",
              "sort": {
                "name": "Int",
                "node": "KSort"
              }
            },
            "node": "KRewrite",
            "rhs": {
              "name": "?_Gen1",
              "node": "KVariable",
              "sort": {
                "name": "Int",
                "node": "KSort"
              }
            }
          }
        ],
        "arity": 1,
        "label": {
          "name": "<generatedCounter>",
          "node": "KLabel",
          "params": []
        },
        "node": "KApply"
      },
      "installed_counter_is_one_preserved_dot_variable": true,
      "mandatory_residual_caveat_recorded": true,
      "ordinary_lhs_guard_cells_claim_sha256": "4614be79c0377dca6fccd8ea0293e6a6f0ac4c8c6aca88cda2acf33f193fbf11",
      "ordinary_lhs_guard_cells_rule_sha256": "4614be79c0377dca6fccd8ea0293e6a6f0ac4c8c6aca88cda2acf33f193fbf11",
      "ordinary_lhs_matches": true,
      "ordinary_rhs_guard_cells_claim_sha256": "27a8d377ff4124c12e4e7cb8225c4a391bdfce31f592d3dd7477dbbf6be99028",
      "ordinary_rhs_guard_cells_rule_sha256": "27a8d377ff4124c12e4e7cb8225c4a391bdfce31f592d3dd7477dbbf6be99028",
      "ordinary_rhs_matches": true,
      "rule_generated_counter": {
        "name": "_DotVar0",
        "node": "KVariable",
        "sort": {
          "name": "GeneratedCounterCell",
          "node": "KSort"
        }
      },
      "source_rule_id": "rule-08d6a79c00e8974a6bd055b18bc2d39ca1d25c682c2008be19c209f460d89d5d"
    },
    {
      "claim": "LOOP-CONNECTION-SPEC.loop-invariant",
      "claim_counter_is_fresh_existential_rewrite": true,
      "claim_generated_counter": {
        "args": [
          {
            "lhs": {
              "name": "_Gen0",
              "node": "KVariable",
              "sort": {
                "name": "Int",
                "node": "KSort"
              }
            },
            "node": "KRewrite",
            "rhs": {
              "name": "?_Gen1",
              "node": "KVariable",
              "sort": {
                "name": "Int",
                "node": "KSort"
              }
            }
          }
        ],
        "arity": 1,
        "label": {
          "name": "<generatedCounter>",
          "node": "KLabel",
          "params": []
        },
        "node": "KApply"
      },
      "installed_counter_is_one_preserved_dot_variable": true,
      "mandatory_residual_caveat_recorded": true,
      "ordinary_lhs_guard_cells_claim_sha256": "3eb3bd6e0c155dd9fbca51739ace2ba9a51a898eff0029ba01c17cf4b15e09b0",
      "ordinary_lhs_guard_cells_rule_sha256": "3eb3bd6e0c155dd9fbca51739ace2ba9a51a898eff0029ba01c17cf4b15e09b0",
      "ordinary_lhs_matches": true,
      "ordinary_rhs_guard_cells_claim_sha256": "9e6fda3cdbeb12c45d6f965a604cc577e6d63de26a2d20e4a07e2ff8acfc7ab8",
      "ordinary_rhs_guard_cells_rule_sha256": "9e6fda3cdbeb12c45d6f965a604cc577e6d63de26a2d20e4a07e2ff8acfc7ab8",
      "ordinary_rhs_matches": true,
      "rule_generated_counter": {
        "name": "_DotVar0",
        "node": "KVariable",
        "sort": {
          "name": "GeneratedCounterCell",
          "node": "KSort"
        }
      },
      "source_rule_id": "rule-c20cac6fc636336fce2d7dbc24f7aa987c09ce9dd8b4b8e10851db71031a2574"
    }
  ],
  "connection_definition_contains_final_loop_installed_source": false,
  "connection_definition_contains_helper_installed_source": false,
  "connection_definition_main_module": "FOUNDATION",
  "fixed_semantics_generated_counter_mentions": [],
  "loop_connection_definition_contains_final_loop_installed_source": false,
  "loop_connection_definition_contains_helper_installed_source": true,
  "loop_connection_definition_main_module": "HELPER-VERIFICATION"
}

Script done on 2026-08-01 08:42:24-05:00 [COMMAND_EXIT_CODE="0"]
