Script started on 2026-08-01 08:34:05-05:00 [<not executed on terminal>]
{
  "actual_file_sha256": {
    "klean.py": "659c1d1c627ff2ca101ab8f9b5a1f1d73968e019e2a305f4ec1d1afa2d8c5a91",
    "klean_export.py": "f1a7004c0ec7b8be2646f9fdedbc9a9975903f9797e34cdf8b3e4ecb1df3ed59"
  },
  "actual_producer_tree_sha256": "4e8e6f4034c71ffec87e9018e4dbac9ee47a416fcd0a3edc558cee1cea1c9e4b",
  "audit_input_producer_path_image_id": "sha256:853cc3153c8c3a393e12a3bbc09f51f7f1384695616f4490f55b252c156a3d0e",
  "audit_input_producer_tree_sha256": "3141041ba4f4427b633483489102d026b053f5f382041e7ae1d1041689619478",
  "audit_mode_env": "CLASSIFICATION_AND_PROOF",
  "audit_mode_json": "CLASSIFICATION_AND_PROOF",
  "file_hashes_match_generator_manifest": true,
  "file_hashes_match_source_manifest": true,
  "generator_manifest_file_sha256": {
    "klean.py": "659c1d1c627ff2ca101ab8f9b5a1f1d73968e019e2a305f4ec1d1afa2d8c5a91",
    "klean_export.py": "f1a7004c0ec7b8be2646f9fdedbc9a9975903f9797e34cdf8b3e4ecb1df3ed59"
  },
  "generator_manifest_image_id": "sha256:853cc3153c8c3a393e12a3bbc09f51f7f1384695616f4490f55b252c156a3d0e",
  "image_ids_match": true,
  "producer_tree_matches_audit_input": false,
  "semantics_mode": "SUPPLIED_SEMANTICS",
  "source_manifest_file_sha256": {
    "klean.py": "659c1d1c627ff2ca101ab8f9b5a1f1d73968e019e2a305f4ec1d1afa2d8c5a91",
    "klean_export.py": "f1a7004c0ec7b8be2646f9fdedbc9a9975903f9797e34cdf8b3e4ecb1df3ed59"
  },
  "source_manifest_image_id": "sha256:853cc3153c8c3a393e12a3bbc09f51f7f1384695616f4490f55b252c156a3d0e"
}

Script done on 2026-08-01 08:34:05-05:00 [COMMAND_EXIT_CODE="1"]
