COMMAND:
PYTHONPATH=/reference python - <<'PY'
import json
from pathlib import Path
from tools.klean_preflight import check_generation
result = check_generation(
    Path('/reference/k-proof'),
    Path('/reference/lemma-discovery.json'),
    Path('/reference/klean-generation'),
    toolchain_lock=Path('/reference/klean-toolchain.lock.json'),
)
print(json.dumps(result, indent=2, sort_keys=True))
PY

EXIT CODE: 1

OUTPUT:
Traceback (most recent call last):
  File "<stdin>", line 4, in <module>
  File "/reference/tools/klean_preflight.py", line 582, in check_generation
    raise KleanPreflightError(
tools.klean_preflight.KleanPreflightError: lake clean failed (1): error: could not detect the configuration of the Lake installation

DIAGNOSIS:
The sandbox exposes /proc/self/exe but not the numeric PID path used by
Lean 4.22's IO.appPath. The evidence-only compatibility source is
proc_self_exe_shim.c. It changes only readlink/readlinkat requests matching
/proc/<digits>/exe to /proc/self/exe.
