MUTATION: append an extra trailing 0 to the result-constraining heap value
SATISFYING_WITNESS: S codes "()" satisfy parenInput; actual=[1], false obligation=[1,0]
COMMAND: kprove spec-vacuity-audit.k --definition audit-verification-kompiled --spec-module SPEC-VACUITY-AUDIT --dry-run --output none
kore-exec /tmp/audit-work/reconstruction/./audit-verification-kompiled/definition.kore --module VERIFICATION --prove /tmp/.kprove-2026-07-26-13-33-28-066-d987811b-a4dc-4527-b259-7ff9677e7dc8/spec.kore --spec-module SPEC-VACUITY-AUDIT --output /tmp/.kprove-2026-07-26-13-33-28-066-d987811b-a4dc-4527-b259-7ff9677e7dc8/result.kore
[Warning] Compiler: Variable 'As' defined but not used. Prefix variable name
with underscore if this is intentional.
	Source(/tmp/audit-work/reconstruction/reference-semantics/semantics/str.k)
	Location(52,27,52,29)
	52 |	  rule strLt(iCons(A:Int, As:IntSeq), iCons(B:Int, Bs:IntSeq)) => true   
      requires A  <Int B
	   .	                          ^~
[Warning] Compiler: Variable 'Bs' defined but not used. Prefix variable name
with underscore if this is intentional.
	Source(/tmp/audit-work/reconstruction/reference-semantics/semantics/str.k)
	Location(52,52,52,54)
	52 |	  rule strLt(iCons(A:Int, As:IntSeq), iCons(B:Int, Bs:IntSeq)) => true   
      requires A  <Int B
	   .	                                                   ^~
[Warning] Compiler: Variable 'As' defined but not used. Prefix variable name
with underscore if this is intentional.
	Source(/tmp/audit-work/reconstruction/reference-semantics/semantics/str.k)
	Location(53,27,53,29)
	53 |	  rule strLt(iCons(A:Int, As:IntSeq), iCons(B:Int, Bs:IntSeq)) => false  
      requires A  >Int B
	   .	                          ^~
[Warning] Compiler: Variable 'Bs' defined but not used. Prefix variable name
with underscore if this is intentional.
	Source(/tmp/audit-work/reconstruction/reference-semantics/semantics/str.k)
	Location(53,52,53,54)
	53 |	  rule strLt(iCons(A:Int, As:IntSeq), iCons(B:Int, Bs:IntSeq)) => false  
      requires A  >Int B
	   .	                                                   ^~
[Warning] Compiler: Variable 'D' defined but not used. Prefix variable name
with underscore if this is intentional.
	Source(/tmp/audit-work/reconstruction/verification.k)
	Location(54,40,54,41)
	54 |	  rule scanParens(iCons(32, R:IntSeq), D:Int, M:Int, VS:ValSeq)
	   .	                                       ^
[Warning] Compiler: Variable 'C' defined but not used. Prefix variable name
with underscore if this is intentional.
	Source(/tmp/audit-work/reconstruction/verification.k)
	Location(56,25,56,26)
	56 |	  rule scanParens(iCons(C:Int, R:IntSeq), D:Int, M:Int, VS:ValSeq)
	   .	                        ^
MUTATION_BUILD_EXIT_STATUS: 0
COMMAND: kprove spec-vacuity-audit.k --definition audit-verification-kompiled --spec-module SPEC-VACUITY-AUDIT --output pretty
kore-exec: [2575201] Warning (WarnStuckClaimState):
    The configuration's term doesn't unify with the destination's term and the configuration cannot be rewritten further. Location: /tmp/audit-work/reconstruction/spec-vacuity-audit.k:10:5-27:27
Context:
    (InfoReachability) while checking the implication
kore-exec: [2578166] Warning (WarnUnexploredBranches):
    2 branches were still unexplored when the action failed.
  <generatedTop>
    <k>
      ref ( 0 ) ~> .K
    </k>
    <env>
      0
    </env>
    <scopes>
      -1 |-> scope ( "abs" |-> builtinV ( "abs" )
      "all" |-> builtinV ( "all" )
      "any" |-> builtinV ( "any" )
      "bin" |-> builtinV ( "bin" )
      "chr" |-> builtinV ( "chr" )
      "enumerate" |-> builtinV ( "enumerate" )
      "eval" |-> builtinV ( "eval" )
      "float" |-> typeV ( "float" )
      "int" |-> typeV ( "int" )
      "isinstance" |-> builtinV ( "isinstance" )
      "len" |-> builtinV ( "len" )
      "list" |-> builtinV ( "list" )
      "map" |-> builtinV ( "map" )
      "max" |-> builtinV ( "max" )
      "min" |-> builtinV ( "min" )
      "ord" |-> builtinV ( "ord" )
      "range" |-> builtinV ( "range" )
      "round" |-> builtinV ( "round" )
      "set" |-> builtinV ( "set" )
      "sorted" |-> builtinV ( "sorted" )
      "str" |-> typeV ( "str" )
      "sum" |-> builtinV ( "sum" )
      "zip" |-> builtinV ( "zip" ) , root )
      0 |-> scope ( .Map , parent ( -1 ) )
    </scopes>
    <scopeLoc>
      1
    </scopeLoc>
    <heap>
      0 |-> list ( vCons ( 0 , .ValSeq ) )
    </heap>
    <heapLoc>
      1
    </heapLoc>
    <stack>
      .List
    </stack>
    <ret>
      noRet
    </ret>
    <exc>
      NoExc
    </exc>
    <exit-code>
      0
    </exit-code>
  </generatedTop>
#And
  {
    S
  #Equals
    .IntSeq
  }
[Warning] Compiler: Variable 'As' defined but not used. Prefix variable name
with underscore if this is intentional.
	Source(/tmp/audit-work/reconstruction/reference-semantics/semantics/str.k)
	Location(52,27,52,29)
	52 |	  rule strLt(iCons(A:Int, As:IntSeq), iCons(B:Int, Bs:IntSeq)) => true   
      requires A  <Int B
	   .	                          ^~
[Warning] Compiler: Variable 'Bs' defined but not used. Prefix variable name
with underscore if this is intentional.
	Source(/tmp/audit-work/reconstruction/reference-semantics/semantics/str.k)
	Location(52,52,52,54)
	52 |	  rule strLt(iCons(A:Int, As:IntSeq), iCons(B:Int, Bs:IntSeq)) => true   
      requires A  <Int B
	   .	                                                   ^~
[Warning] Compiler: Variable 'As' defined but not used. Prefix variable name
with underscore if this is intentional.
	Source(/tmp/audit-work/reconstruction/reference-semantics/semantics/str.k)
	Location(53,27,53,29)
	53 |	  rule strLt(iCons(A:Int, As:IntSeq), iCons(B:Int, Bs:IntSeq)) => false  
      requires A  >Int B
	   .	                          ^~
[Warning] Compiler: Variable 'Bs' defined but not used. Prefix variable name
with underscore if this is intentional.
	Source(/tmp/audit-work/reconstruction/reference-semantics/semantics/str.k)
	Location(53,52,53,54)
	53 |	  rule strLt(iCons(A:Int, As:IntSeq), iCons(B:Int, Bs:IntSeq)) => false  
      requires A  >Int B
	   .	                                                   ^~
[Warning] Compiler: Variable 'D' defined but not used. Prefix variable name
with underscore if this is intentional.
	Source(/tmp/audit-work/reconstruction/verification.k)
	Location(54,40,54,41)
	54 |	  rule scanParens(iCons(32, R:IntSeq), D:Int, M:Int, VS:ValSeq)
	   .	                                       ^
[Warning] Compiler: Variable 'C' defined but not used. Prefix variable name
with underscore if this is intentional.
	Source(/tmp/audit-work/reconstruction/verification.k)
	Location(56,25,56,26)
	56 |	  rule scanParens(iCons(C:Int, R:IntSeq), D:Int, M:Int, VS:ValSeq)
	   .	                        ^
[Error] Prover: backend terminated because the configuration cannot be
rewritten further. See output for more details.
MUTATION_PROOF_EXIT_STATUS: 1
NONVACUITY=EXPECTED_FALSE_CLAIM_FAILURE
