Script started on 2026-07-31 07:46:48-05:00 [<not executed on terminal>]
/opt/elan:
total 44
dr-xr-xr-x 1 nobody nogroup 4096 Jul 24 22:06 .
drwxr-xr-x 1 nobody nogroup 4096 Jul 31 07:24 ..
dr-xr-xr-x 1 nobody nogroup 4096 Jul 24 22:05 bin
-r--r--r-- 1 nobody nogroup   34 Jul 24 22:05 env
-r--r--r-- 1 nobody nogroup   93 Jul 24 22:06 settings.toml
dr-xr-xr-x 1 nobody nogroup 4096 Jul 24 22:06 tmp
dr-xr-xr-x 1 nobody nogroup 4096 Jul 24 22:06 toolchains

/opt/elan/bin:
total 90736
dr-xr-xr-x 1 nobody nogroup     4096 Jul 24 22:05 .
dr-xr-xr-x 1 nobody nogroup     4096 Jul 24 22:06 ..
-r-xr-xr-x 1 nobody nogroup 13270264 Jul 24 22:05 elan
-r-xr-xr-x 1 nobody nogroup 13270264 Jul 24 22:05 lake
-r-xr-xr-x 1 nobody nogroup 13270264 Jul 24 22:05 lean
-r-xr-xr-x 1 nobody nogroup 13270264 Jul 24 22:05 leanc
-r-xr-xr-x 1 nobody nogroup 13270264 Jul 24 22:05 leanchecker
-r-xr-xr-x 1 nobody nogroup 13270264 Jul 24 22:05 leanmake
-r-xr-xr-x 1 nobody nogroup 13270264 Jul 24 22:05 leanpkg

/opt/elan/toolchains:
total 24
dr-xr-xr-x 1 nobody nogroup 4096 Jul 24 22:06 .
dr-xr-xr-x 1 nobody nogroup 4096 Jul 24 22:06 ..
dr-xr-xr-x 1 nobody nogroup 4096 Jul 24 22:06 leanprover--lean4---v4.22.0

/opt/elan/toolchains/leanprover--lean4---v4.22.0/bin:
total 6512
dr-xr-xr-x 1 nobody nogroup    4096 Jul 24 22:06 .
dr-xr-xr-x 1 nobody nogroup    4096 Jul 24 22:06 ..
-r-xr-xr-x 1 nobody nogroup 1109192 Aug 13  2025 cadical
-r-xr-xr-x 1 nobody nogroup  119208 Aug 13  2025 clang
-r-xr-xr-x 1 nobody nogroup   12064 Aug 13  2025 lake
-r-xr-xr-x 1 nobody nogroup 5271616 Aug 13  2025 ld.lld
-r-xr-xr-x 1 nobody nogroup    8992 Aug 13  2025 lean
-r-xr-xr-x 1 nobody nogroup   36384 Aug 13  2025 leanc
-r-xr-xr-x 1 nobody nogroup     839 Aug 13  2025 leanmake
-r-xr-xr-x 1 nobody nogroup   76888 Aug 13  2025 llvm-ar
sh: 1: file: not found
/opt/elan/bin/lake
sh: 1: /opt/elan/elan: not found
sh: 1: /opt/elan/elan: not found
error: failed to locate application
Lake version 5.0.0-src+ba2cbbf (Lean version 4.22.0)

Script done on 2026-07-31 07:46:48-05:00 [COMMAND_EXIT_CODE="0"]
