Script started on 2026-07-31 07:46:54-05:00 [<not executed on terminal>]
leanprover/lean4:v4.22.0 (default)
(error reading lean version)
leanprover/lean4:v4.22.0
LICENSE
LICENSES
bin/cadical
bin/clang
bin/lake
bin/ld.lld
bin/lean
bin/leanc
bin/leanmake
bin/llvm-ar
include/clang/__stdarg___gnuc_va_list.h
include/clang/__stdarg___va_copy.h
include/clang/__stdarg_header_macro.h
include/clang/__stdarg_va_arg.h
include/clang/__stdarg_va_copy.h
include/clang/__stdarg_va_list.h
include/clang/__stddef_header_macro.h
include/clang/__stddef_max_align_t.h
include/clang/__stddef_null.h
include/clang/__stddef_nullptr_t.h
include/clang/__stddef_offsetof.h
include/clang/__stddef_ptrdiff_t.h
include/clang/__stddef_rsize_t.h
include/clang/__stddef_size_t.h
include/clang/__stddef_unreachable.h
include/clang/__stddef_wchar_t.h
include/clang/__stddef_wint_t.h
include/clang/limits.h
include/clang/stdalign.h
include/clang/stdarg.h
include/clang/stdatomic.h
include/clang/stdbool.h
include/clang/stdckdint.h
include/clang/stddef.h
include/clang/stdint.h
include/clang/stdnoreturn.h
include/lean/config.h
include/lean/lean.h
include/lean/lean_gmp.h
include/lean/lean_libuv.h
include/lean/mimalloc.h
include/lean/version.h
lib/Mcrt1.o
lib/Scrt1.o
lib/crt1.o
lib/crti.o
lib/crtn.o
lib/gcrt1.o
lib/glibc/ld-linux-x86.so
lib/glibc/ld.so
lib/glibc/libc.so
lib/glibc/libc_nonshared.a
lib/glibc/libdl.so
lib/glibc/libm.so
lib/glibc/libpthread.so
lib/glibc/libpthread_nonshared.a
lib/glibc/librt.so
lib/lean/Init.ilean
lib/lean/Init.ir
lib/lean/Init.olean
lib/lean/Init.olean.private
lib/lean/Init.olean.server
lib/lean/Lake.ilean
lib/lean/Lake.olean
lib/lean/LakeMain.ilean
lib/lean/LakeMain.olean
lib/lean/Lean.ilean
lib/lean/Lean.olean
lib/lean/Leanc.ilean
lib/lean/Leanc.olean
lib/lean/Std.ilean
lib/lean/Std.olean
lib/lean/libInit.a
lib/lean/libInit_shared.so
lib/lean/libLake.a
lib/lean/libLake_shared.so
lib/lean/libLean.a
lib/lean/libLeanc.a
lib/lean/libStd.a
lib/lean/libleancpp.a
lib/lean/libleanmanifest.a
lib/lean/libleanrt.a
lib/lean/libleanshared.so
lib/lean/libleanshared_1.so
lib/libLLVM.so.19.1
lib/libatomic.so.1.2.0
lib/libc++.a
lib/libc++.modules.json
lib/libc++.so
lib/libc++.so.1.0
lib/libc++abi.a
lib/libc++abi.so.1.0
lib/libclang-cpp.so.19.1
lib/libgcc_s.so
lib/libgcc_s.so.1
lib/libgmp.a
lib/libunwind.a
lib/libunwind.so.1.0
lib/libuv.a
lib/libz.so.1.2.11
share/lean/lean.mk
src/lean/Init.lean
src/lean/Lean.lean
src/lean/Leanc.lean
src/lean/Std.lean
/opt/elan/toolchains/leanprover--lean4---v4.22.0/lib:
total 144592
dr-xr-xr-x 1 nobody nogroup     4096 Jul 24 22:06 .
dr-xr-xr-x 1 nobody nogroup     4096 Jul 24 22:06 ..
-r--r--r-- 1 nobody nogroup     1304 Aug 13  2025 Mcrt1.o
-r--r--r-- 1 nobody nogroup     3896 Aug 13  2025 Scrt1.o
dr-xr-xr-x 1 nobody nogroup     4096 Jul 24 22:06 clang
-r--r--r-- 1 nobody nogroup     3896 Aug 13  2025 crt1.o
-r--r--r-- 1 nobody nogroup     2608 Aug 13  2025 crti.o
-r--r--r-- 1 nobody nogroup     2336 Aug 13  2025 crtn.o
-r--r--r-- 1 nobody nogroup     6184 Aug 13  2025 gcrt1.o
dr-xr-xr-x 1 nobody nogroup     4096 Jul 24 22:06 glibc
dr-xr-xr-x 1 nobody nogroup     4096 Jul 24 22:06 lean
lrwxrwxrwx 1 nobody nogroup       15 Aug 13  2025 libLLVM-19.so -> libLLVM.so.19.1
lrwxrwxrwx 1 nobody nogroup       15 Aug 13  2025 libLLVM.so -> libLLVM.so.19.1
-r--r--r-- 1 nobody nogroup 69336792 Aug 13  2025 libLLVM.so.19.1
lrwxrwxrwx 1 nobody nogroup       18 Aug 13  2025 libatomic.so -> libatomic.so.1.2.0
lrwxrwxrwx 1 nobody nogroup       18 Aug 13  2025 libatomic.so.1 -> libatomic.so.1.2.0
-r--r--r-- 1 nobody nogroup    26416 Aug 13  2025 libatomic.so.1.2.0
-r--r--r-- 1 nobody nogroup  2351478 Aug 13  2025 libc++.a
-r--r--r-- 1 nobody nogroup      561 Aug 13  2025 libc++.modules.json
-r--r--r-- 1 nobody nogroup       37 Aug 13  2025 libc++.so
lrwxrwxrwx 1 nobody nogroup       13 Aug 13  2025 libc++.so.1 -> libc++.so.1.0
-r--r--r-- 1 nobody nogroup  1264080 Aug 13  2025 libc++.so.1.0
-r--r--r-- 1 nobody nogroup   696718 Aug 13  2025 libc++abi.a
lrwxrwxrwx 1 nobody nogroup       14 Aug 13  2025 libc++abi.so -> libc++abi.so.1
lrwxrwxrwx 1 nobody nogroup       16 Aug 13  2025 libc++abi.so.1 -> libc++abi.so.1.0
-r--r--r-- 1 nobody nogroup   392928 Aug 13  2025 libc++abi.so.1.0
lrwxrwxrwx 1 nobody nogroup       20 Aug 13  2025 libclang-cpp.so -> libclang-cpp.so.19.1
-r--r--r-- 1 nobody nogroup 71591648 Aug 13  2025 libclang-cpp.so.19.1
-r--r--r-- 1 nobody nogroup      132 Aug 13  2025 libgcc_s.so
-r--r--r-- 1 nobody nogroup   102664 Aug 13  2025 libgcc_s.so.1
-r--r--r-- 1 nobody nogroup  1526240 Aug 13  2025 libgmp.a
-r--r--r-- 1 nobody nogroup   133690 Aug 13  2025 libunwind.a
lrwxrwxrwx 1 nobody nogroup       14 Aug 13  2025 libunwind.so -> libunwind.so.1
lrwxrwxrwx 1 nobody nogroup       16 Aug 13  2025 libunwind.so.1 -> libunwind.so.1.0
-r--r--r-- 1 nobody nogroup    69568 Aug 13  2025 libunwind.so.1.0
-r--r--r-- 1 nobody nogroup   362414 Aug 13  2025 libuv.a
lrwxrwxrwx 1 nobody nogroup       14 Aug 13  2025 libz.so -> libz.so.1.2.11
lrwxrwxrwx 1 nobody nogroup       14 Aug 13  2025 libz.so.1 -> libz.so.1.2.11
-r--r--r-- 1 nobody nogroup   100640 Aug 13  2025 libz.so.1.2.11

/opt/elan/toolchains/leanprover--lean4---v4.22.0/lib/lean:
total 370324
dr-xr-xr-x 1 nobody nogroup      4096 Jul 24 22:06 .
dr-xr-xr-x 1 nobody nogroup      4096 Jul 24 22:06 ..
dr-xr-xr-x 1 nobody nogroup     12288 Jul 24 22:06 Init
-r--r--r-- 1 nobody nogroup      1410 Aug 13  2025 Init.ilean
-r--r--r-- 1 nobody nogroup      4624 Aug 13  2025 Init.ir
-r--r--r-- 1 nobody nogroup     22432 Aug 13  2025 Init.olean
-r--r--r-- 1 nobody nogroup        96 Aug 13  2025 Init.olean.private
-r--r--r-- 1 nobody nogroup        96 Aug 13  2025 Init.olean.server
dr-xr-xr-x 1 nobody nogroup      4096 Jul 24 22:06 Lake
-r--r--r-- 1 nobody nogroup       267 Aug 13  2025 Lake.ilean
-r--r--r-- 1 nobody nogroup     19296 Aug 13  2025 Lake.olean
-r--r--r-- 1 nobody nogroup       807 Aug 13  2025 LakeMain.ilean
-r--r--r-- 1 nobody nogroup     27208 Aug 13  2025 LakeMain.olean
dr-xr-xr-x 1 nobody nogroup      4096 Jul 24 22:06 Lean
-r--r--r-- 1 nobody nogroup      1652 Aug 13  2025 Lean.ilean
-r--r--r-- 1 nobody nogroup     22584 Aug 13  2025 Lean.olean
dr-xr-xr-x 1 nobody nogroup      4096 Jul 24 22:06 Leanc
-r--r--r-- 1 nobody nogroup      5339 Aug 13  2025 Leanc.ilean
-r--r--r-- 1 nobody nogroup    244040 Aug 13  2025 Leanc.olean
dr-xr-xr-x 1 nobody nogroup      4096 Jul 24 22:06 Std
-r--r--r-- 1 nobody nogroup       346 Aug 13  2025 Std.ilean
-r--r--r-- 1 nobody nogroup     19464 Aug 13  2025 Std.olean
-r--r--r-- 1 nobody nogroup  12408992 Aug 13  2025 libInit.a
-r--r--r-- 1 nobody nogroup      6232 Aug 13  2025 libInit_shared.so
-r--r--r-- 1 nobody nogroup  14407328 Aug 13  2025 libLake.a
-r--r--r-- 1 nobody nogroup   9830728 Aug 13  2025 libLake_shared.so
-r--r--r-- 1 nobody nogroup 174001570 Aug 13  2025 libLean.a
-r--r--r-- 1 nobody nogroup     34942 Aug 13  2025 libLeanc.a
-r--r--r-- 1 nobody nogroup  15398952 Aug 13  2025 libStd.a
-r--r--r-- 1 nobody nogroup   4929496 Aug 13  2025 libleancpp.a
-r--r--r-- 1 nobody nogroup       872 Aug 13  2025 libleanmanifest.a
-r--r--r-- 1 nobody nogroup   1072384 Aug 13  2025 libleanrt.a
-r--r--r-- 1 nobody nogroup 146618112 Aug 13  2025 libleanshared.so
-r--r--r-- 1 nobody nogroup      6232 Aug 13  2025 libleanshared_1.so

Script done on 2026-07-31 07:46:54-05:00 [COMMAND_EXIT_CODE="0"]
