Script started on 2026-07-31 07:55:18-05:00 [<not executed on terminal>]
{
  "checks": {
    "all_obligation_counts_zero": true,
    "fixed_generated_target_absent": true,
    "independent_classification_covers_inventory_in_order": true,
    "independent_domain_set_is_empty": true,
    "input_manifest_source_rules_match_domain_set": true,
    "no_duplicate_obligations": true,
    "no_stage5_candidate": true,
    "obligation_map_source_rules_match_domain_set": true,
    "obligations_biject_with_domain_set": true,
    "stage3_domain_set_matches_independent_set": true,
    "stage4_status_is_no_obligations": true
  },
  "discovery_domain_ids": [],
  "generated_target": null,
  "independent_classification": {
    "rule-581f4df071fdd7d974c5141cf36a1e876f38b798cc51952636578533c09a0f8a": {
      "classification": "DEFINITION",
      "judgment": "structural recurrence for allIntVS on the strict ValSeq tail"
    },
    "rule-7a08aa58034b9a659c1e60660998e0b301a0f3e3408204cc84b658c58946b4d0": {
      "classification": "DEFINITION",
      "judgment": "nonnegative defining equation for the named popcountAbs summary"
    },
    "rule-caabcce04b85453cd68f8e2e64ab67393a09fdfcffd4cf6a5de838b958201752": {
      "classification": "DEFINITION",
      "judgment": "negative defining equation for popcountAbs via integer magnitude"
    },
    "rule-f5c7b761ec71892275f909c07e8f29124daca7a634e74c5709cda21666d9b165": {
      "classification": "DEFINITION",
      "judgment": "base equation for the newly declared allIntVS summary"
    }
  },
  "independent_domain_ids": [],
  "inventory_ids": [
    "rule-f5c7b761ec71892275f909c07e8f29124daca7a634e74c5709cda21666d9b165",
    "rule-581f4df071fdd7d974c5141cf36a1e876f38b798cc51952636578533c09a0f8a",
    "rule-7a08aa58034b9a659c1e60660998e0b301a0f3e3408204cc84b658c58946b4d0",
    "rule-caabcce04b85453cd68f8e2e64ab67393a09fdfcffd4cf6a5de838b958201752"
  ],
  "obligation_source_ids": [],
  "overall": true
}

Script done on 2026-07-31 07:55:18-05:00 [COMMAND_EXIT_CODE="0"]
