#Top
[Warning] Compiler: Use of deprecated production found; this syntax may be
removed in the future.
	Source(/work/semantic.k)
	Location(54,24,54,25)
	54 |	  rule exec(.Stmts) => .
	   .	                       ^
[Warning] Compiler: Use of deprecated production found; this syntax may be
removed in the future.
	Source(/work/semantic.k)
	Location(57,43,57,44)
	57 |	  rule <k> FuncDef(F, Params(P), BODY) => . ... </k>
	   .	                                          ^
[Warning] Compiler: Variable 'A' defined but not used. Prefix variable name
with underscore if this is intentional.
	Source(/work/spec.k)
	Location(8,11,8,12)
	8 |	    <arg> A </arg>
	  .	          ^
[Warning] Compiler: Variable 'RHO' defined but not used. Prefix variable name
with underscore if this is intentional.
	Source(/work/spec.k)
	Location(9,11,9,14)
	9 |	    <env> RHO </env>
	  .	          ^~~
