[Warning] Compiler: Non exhaustive match detected:
`mapStrVS(_)_MPY-BUILTINS_ValSeq_ValSeq`(`vCons(_,_)_MPY-CORE_ValSeq_Val_ValSeq`(`cellsMark(_)_MPY-CORE_Val_ParamNames`(_),_))
	Source(/workspace/reference-semantics/semantics/builtins.k)
	Location(134,21,134,55)
	134 |	  syntax ValSeq ::= mapStrVS(ValSeq) [function, total]
	    .	                    ^~~~~~~~~~~~~~~~~~~~~~~~~~~~~~~~~~
[Warning] Compiler: Non exhaustive match detected:
floorFI(`cellsMark(_)_MPY-CORE_Val_ParamNames`(_))
	Source(/workspace/reference-semantics/semantics/float.k)
	Location(73,18,73,65)
	73 |	  syntax Int ::= floorFI(Val) [function, total, symbol(floorFI)]
	   .	                 ^~~~~~~~~~~~~~~~~~~~~~~~~~~~~~~~~~~~~~~~~~~~~~~
[Warning] Compiler: Non exhaustive match detected:
toF(`cellsMark(_)_MPY-CORE_Val_ParamNames`(_))
	Source(/workspace/reference-semantics/semantics/float.k)
	Location(86,20,86,59)
	86 |	  syntax Float ::= toF(Val) [function, total, symbol(toF)]
	   .	                   ^~~~~~~~~~~~~~~~~~~~~~~~~~~~~~~~~~~~~~~
[Warning] Compiler: Non exhaustive match detected:
ceilF(`cellsMark(_)_MPY-CORE_Val_ParamNames`(_))
	Source(/workspace/reference-semantics/semantics/float.k)
	Location(93,18,93,61)
	93 |	  syntax Int ::= ceilF(Val) [function, total, symbol(ceilF)]
	   .	                 ^~~~~~~~~~~~~~~~~~~~~~~~~~~~~~~~~~~~~~~~~~~
[Warning] Compiler: Non exhaustive match detected:
`joinCodes(_,_)_MPY-METHODS_IntSeq_IntSeq_ValSeq`(_,`vCons(_,_)_MPY-CORE_ValSeq_Val_ValSeq`(`cellsMark(_)_MPY-CORE_Val_ParamNames`(_),_))
	Source(/workspace/reference-semantics/semantics/methods.k)
	Location(27,21,27,64)
	27 |	  syntax IntSeq ::= joinCodes(IntSeq, ValSeq) [function, total]
	   .	                    ^~~~~~~~~~~~~~~~~~~~~~~~~~~~~~~~~~~~~~~~~~~
[Warning] Compiler: Variable 'As' defined but not used. Prefix variable name
with underscore if this is intentional.
	Source(/workspace/reference-semantics/semantics/str.k)
	Location(52,27,52,29)
	52 |	  rule strLt(iCons(A:Int, As:IntSeq), iCons(B:Int, Bs:IntSeq)) => true   
      requires A  <Int B
	   .	                          ^~
[Warning] Compiler: Variable 'Bs' defined but not used. Prefix variable name
with underscore if this is intentional.
	Source(/workspace/reference-semantics/semantics/str.k)
	Location(52,52,52,54)
	52 |	  rule strLt(iCons(A:Int, As:IntSeq), iCons(B:Int, Bs:IntSeq)) => true   
      requires A  <Int B
	   .	                                                   ^~
[Warning] Compiler: Variable 'As' defined but not used. Prefix variable name
with underscore if this is intentional.
	Source(/workspace/reference-semantics/semantics/str.k)
	Location(53,27,53,29)
	53 |	  rule strLt(iCons(A:Int, As:IntSeq), iCons(B:Int, Bs:IntSeq)) => false  
      requires A  >Int B
	   .	                          ^~
[Warning] Compiler: Variable 'Bs' defined but not used. Prefix variable name
with underscore if this is intentional.
	Source(/workspace/reference-semantics/semantics/str.k)
	Location(53,52,53,54)
	53 |	  rule strLt(iCons(A:Int, As:IntSeq), iCons(B:Int, Bs:IntSeq)) => false  
      requires A  >Int B
	   .	                                                   ^~
[Warning] Compiler: Non exhaustive match detected:
`valSeqAt(_,_)_MPY-SUBSCRIPT_Val_ValSeq_Int`(`.ValSeq_MPY-CORE_ValSeq`(.KList),_)
	Source(/workspace/reference-semantics/semantics/subscript.k)
	Location(11,18,11,57)
	11 |	  syntax Val ::= valSeqAt(ValSeq, Int) [function, total]
	   .	                 ^~~~~~~~~~~~~~~~~~~~~~~~~~~~~~~~~~~~~~~
<generatedTop>
  <k>
    .K
  </k>
  <env>
    0
  </env>
  <scopes>
    -1 |-> scope ( "abs" |-> builtinV ( "abs" )
    "all" |-> builtinV ( "all" )
    "any" |-> builtinV ( "any" )
    "bin" |-> builtinV ( "bin" )
    "chr" |-> builtinV ( "chr" )
    "enumerate" |-> builtinV ( "enumerate" )
    "eval" |-> builtinV ( "eval" )
    "float" |-> typeV ( "float" )
    "int" |-> typeV ( "int" )
    "isinstance" |-> builtinV ( "isinstance" )
    "len" |-> builtinV ( "len" )
    "list" |-> builtinV ( "list" )
    "map" |-> builtinV ( "map" )
    "max" |-> builtinV ( "max" )
    "min" |-> builtinV ( "min" )
    "ord" |-> builtinV ( "ord" )
    "range" |-> builtinV ( "range" )
    "round" |-> builtinV ( "round" )
    "set" |-> builtinV ( "set" )
    "sorted" |-> builtinV ( "sorted" )
    "str" |-> typeV ( "str" )
    "sum" |-> builtinV ( "sum" )
    "zip" |-> builtinV ( "zip" ) , root )
    0 |-> scope ( "pluck" |-> closureVal ( "arr" , .ParamNames , Assign ( Name ( "smallest" ) , UnaryOp ( "-" , Int ( 1 ) ) )  Assign ( Name ( "smallest_index" ) , Int ( 0 ) )  Assign ( Name ( "index" ) , Int ( 0 ) )  Assign ( Name ( "value" ) , Int ( 0 ) )  For ( Name ( "value" ) , Name ( "arr" ) , Assign ( Name ( "value" ) , BinOp ( "+" , Name ( "value" ) , Int ( 0 ) ) )  If ( Compare ( BinOp ( "%" , Name ( "value" ) , Int ( 2 ) ) , CmpOp ( "==" , Int ( 0 ) ) ) , If ( Compare ( Name ( "smallest" ) , CmpOp ( "<" , Int ( 0 ) ) ) , Assign ( Name ( "smallest" ) , Name ( "value" ) )  Assign ( Name ( "smallest_index" ) , Name ( "index" ) )  .Stmts , If ( Compare ( Name ( "value" ) , CmpOp ( "<" , Name ( "smallest" ) ) ) , Assign ( Name ( "smallest" ) , Name ( "value" ) )  Assign ( Name ( "smallest_index" ) , Name ( "index" ) )  .Stmts , .Stmts )  .Stmts )  .Stmts , .Stmts )  AugAssign ( Name ( "index" ) , "+" , Int ( 1 ) )  .Stmts )  If ( Compare ( Name ( "smallest" ) , CmpOp ( "<" , Int ( 0 ) ) ) , Return ( ListExpr ( .Exprs ) )  .Stmts , .Stmts )  Return ( ListExpr ( Name ( "smallest" ) , Name ( "smallest_index" ) , .Exprs ) )  .Stmts , 0 ) , parent ( -1 ) )
  </scopes>
  <scopeLoc>
    1
  </scopeLoc>
  <heap>
    0 |-> list ( vCons ( 4 , vCons ( 2 , vCons ( 3 , .ValSeq ) ) ) )
    1 |-> list ( vCons ( 2 , vCons ( 1 , .ValSeq ) ) )
    2 |-> list ( vCons ( 2 , vCons ( 1 , .ValSeq ) ) )
    3 |-> list ( vCons ( 1 , vCons ( 2 , vCons ( 3 , .ValSeq ) ) ) )
    4 |-> list ( vCons ( 2 , vCons ( 1 , .ValSeq ) ) )
    5 |-> list ( vCons ( 2 , vCons ( 1 , .ValSeq ) ) )
    6 |-> list ( .ValSeq )
    7 |-> list ( .ValSeq )
    8 |-> list ( .ValSeq )
    9 |-> list ( vCons ( 5 , vCons ( 0 , vCons ( 3 , vCons ( 0 , vCons ( 4 , vCons ( 2 , .ValSeq ) ) ) ) ) ) )
    10 |-> list ( vCons ( 0 , vCons ( 1 , .ValSeq ) ) )
    11 |-> list ( vCons ( 0 , vCons ( 1 , .ValSeq ) ) )
    12 |-> list ( vCons ( 2 , vCons ( 2 , .ValSeq ) ) )
    13 |-> list ( vCons ( 2 , vCons ( 0 , .ValSeq ) ) )
    14 |-> list ( vCons ( 2 , vCons ( 0 , .ValSeq ) ) )
    15 |-> list ( vCons ( 1 , vCons ( 3 , vCons ( 5 , .ValSeq ) ) ) )
    16 |-> list ( .ValSeq )
    17 |-> list ( .ValSeq )
  </heap>
  <heapLoc>
    18
  </heapLoc>
  <stack>
    .List
  </stack>
  <ret>
    noRet
  </ret>
  <exc>
    NoExc
  </exc>
  <exit-code>
    0
  </exit-code>
</generatedTop>
differential-tests: 56491 cases, 0 mismatches
[Warning] Compiler: Variable 'As' defined but not used. Prefix variable name
with underscore if this is intentional.
	Source(/workspace/reference-semantics/semantics/str.k)
	Location(52,27,52,29)
	52 |	  rule strLt(iCons(A:Int, As:IntSeq), iCons(B:Int, Bs:IntSeq)) => true   
      requires A  <Int B
	   .	                          ^~
[Warning] Compiler: Variable 'Bs' defined but not used. Prefix variable name
with underscore if this is intentional.
	Source(/workspace/reference-semantics/semantics/str.k)
	Location(52,52,52,54)
	52 |	  rule strLt(iCons(A:Int, As:IntSeq), iCons(B:Int, Bs:IntSeq)) => true   
      requires A  <Int B
	   .	                                                   ^~
[Warning] Compiler: Variable 'As' defined but not used. Prefix variable name
with underscore if this is intentional.
	Source(/workspace/reference-semantics/semantics/str.k)
	Location(53,27,53,29)
	53 |	  rule strLt(iCons(A:Int, As:IntSeq), iCons(B:Int, Bs:IntSeq)) => false  
      requires A  >Int B
	   .	                          ^~
[Warning] Compiler: Variable 'Bs' defined but not used. Prefix variable name
with underscore if this is intentional.
	Source(/workspace/reference-semantics/semantics/str.k)
	Location(53,52,53,54)
	53 |	  rule strLt(iCons(A:Int, As:IntSeq), iCons(B:Int, Bs:IntSeq)) => false  
      requires A  >Int B
	   .	                                                   ^~
#Top
[Warning] Compiler: Variable 'As' defined but not used. Prefix variable name
with underscore if this is intentional.
	Source(/workspace/reference-semantics/semantics/str.k)
	Location(52,27,52,29)
	52 |	  rule strLt(iCons(A:Int, As:IntSeq), iCons(B:Int, Bs:IntSeq)) => true   
      requires A  <Int B
	   .	                          ^~
[Warning] Compiler: Variable 'Bs' defined but not used. Prefix variable name
with underscore if this is intentional.
	Source(/workspace/reference-semantics/semantics/str.k)
	Location(52,52,52,54)
	52 |	  rule strLt(iCons(A:Int, As:IntSeq), iCons(B:Int, Bs:IntSeq)) => true   
      requires A  <Int B
	   .	                                                   ^~
[Warning] Compiler: Variable 'As' defined but not used. Prefix variable name
with underscore if this is intentional.
	Source(/workspace/reference-semantics/semantics/str.k)
	Location(53,27,53,29)
	53 |	  rule strLt(iCons(A:Int, As:IntSeq), iCons(B:Int, Bs:IntSeq)) => false  
      requires A  >Int B
	   .	                          ^~
[Warning] Compiler: Variable 'Bs' defined but not used. Prefix variable name
with underscore if this is intentional.
	Source(/workspace/reference-semantics/semantics/str.k)
	Location(53,52,53,54)
	53 |	  rule strLt(iCons(A:Int, As:IntSeq), iCons(B:Int, Bs:IntSeq)) => false  
      requires A  >Int B
	   .	                                                   ^~
[Warning] Compiler: Variable 'ORIGINAL' defined but not used. Prefix variable
name with underscore if this is intentional.
	Source(/workspace/spec.k)
	Location(34,35,34,43)
	34 |	        "arr"            |-> list(ORIGINAL:ValSeq)
	   .	                                  ^~~~~~~~
[Warning] Compiler: Variable '?FINAL_VALUE' defined but not used. Prefix
variable name with underscore if this is intentional.
	Source(/workspace/spec.k)
	Location(46,43,46,55)
	46 |	        "value"          |-> (_OLD:Val => ?FINAL_VALUE:Val),
	   .	                                          ^~~~~~~~~~~~
#Top
[Warning] Compiler: Variable 'As' defined but not used. Prefix variable name
with underscore if this is intentional.
	Source(/workspace/reference-semantics/semantics/str.k)
	Location(52,27,52,29)
	52 |	  rule strLt(iCons(A:Int, As:IntSeq), iCons(B:Int, Bs:IntSeq)) => true   
      requires A  <Int B
	   .	                          ^~
[Warning] Compiler: Variable 'Bs' defined but not used. Prefix variable name
with underscore if this is intentional.
	Source(/workspace/reference-semantics/semantics/str.k)
	Location(52,52,52,54)
	52 |	  rule strLt(iCons(A:Int, As:IntSeq), iCons(B:Int, Bs:IntSeq)) => true   
      requires A  <Int B
	   .	                                                   ^~
[Warning] Compiler: Variable 'As' defined but not used. Prefix variable name
with underscore if this is intentional.
	Source(/workspace/reference-semantics/semantics/str.k)
	Location(53,27,53,29)
	53 |	  rule strLt(iCons(A:Int, As:IntSeq), iCons(B:Int, Bs:IntSeq)) => false  
      requires A  >Int B
	   .	                          ^~
[Warning] Compiler: Variable 'Bs' defined but not used. Prefix variable name
with underscore if this is intentional.
	Source(/workspace/reference-semantics/semantics/str.k)
	Location(53,52,53,54)
	53 |	  rule strLt(iCons(A:Int, As:IntSeq), iCons(B:Int, Bs:IntSeq)) => false  
      requires A  >Int B
	   .	                                                   ^~
[Warning] Compiler: Variable 'ORIGINAL' defined but not used. Prefix variable
name with underscore if this is intentional.
	Source(/workspace/spec.k)
	Location(34,35,34,43)
	34 |	        "arr"            |-> list(ORIGINAL:ValSeq)
	   .	                                  ^~~~~~~~
[Warning] Compiler: Variable '?FINAL_VALUE' defined but not used. Prefix
variable name with underscore if this is intentional.
	Source(/workspace/spec.k)
	Location(46,43,46,55)
	46 |	        "value"          |-> (_OLD:Val => ?FINAL_VALUE:Val),
	   .	                                          ^~~~~~~~~~~~
kore-exec: [30543696] Warning (WarnStuckClaimState):
    The configuration's term unifies with the destination's term, but the implication check between the conditions has failed. Location: /workspace/spec-vacuity.k:9:5-62:35
Context:
    (InfoReachability) while checking the implication
  #Not ( {
    scanBestIndex ( REST , 1 , nextBest ( -1 , projectIntTotal ( HEAD ) ) , nextBestIndex ( -1 , 0 , projectIntTotal ( HEAD ) , 0 ) ) +Int 1
  #Equals
    scanBestIndex ( REST , 1 , nextBest ( -1 , projectIntTotal ( HEAD ) ) , nextBestIndex ( -1 , 0 , projectIntTotal ( HEAD ) , 0 ) )
  } )
#And
  <generatedTop>
    <k>
      ref ( 0 ) ~> .K
    </k>
    <env>
      0
    </env>
    <scopes>
      -1 |-> scope ( "abs" |-> builtinV ( "abs" )
      "all" |-> builtinV ( "all" )
      "any" |-> builtinV ( "any" )
      "bin" |-> builtinV ( "bin" )
      "chr" |-> builtinV ( "chr" )
      "enumerate" |-> builtinV ( "enumerate" )
      "eval" |-> builtinV ( "eval" )
      "float" |-> typeV ( "float" )
      "int" |-> typeV ( "int" )
      "isinstance" |-> builtinV ( "isinstance" )
      "len" |-> builtinV ( "len" )
      "list" |-> builtinV ( "list" )
      "map" |-> builtinV ( "map" )
      "max" |-> builtinV ( "max" )
      "min" |-> builtinV ( "min" )
      "ord" |-> builtinV ( "ord" )
      "range" |-> builtinV ( "range" )
      "round" |-> builtinV ( "round" )
      "set" |-> builtinV ( "set" )
      "sorted" |-> builtinV ( "sorted" )
      "str" |-> typeV ( "str" )
      "sum" |-> builtinV ( "sum" )
      "zip" |-> builtinV ( "zip" ) , root )
      0 |-> scope ( "pluck" |-> closureVal ( "arr" , .ParamNames , Assign ( Name ( "smallest" ) , UnaryOp ( "-" , Int ( 1 ) ) )  Assign ( Name ( "smallest_index" ) , Int ( 0 ) )  Assign ( Name ( "index" ) , Int ( 0 ) )  Assign ( Name ( "value" ) , Int ( 0 ) )  For ( Name ( "value" ) , Name ( "arr" ) , Assign ( Name ( "value" ) , BinOp ( "+" , Name ( "value" ) , Int ( 0 ) ) )  If ( Compare ( BinOp ( "%" , Name ( "value" ) , Int ( 2 ) ) , CmpOp ( "==" , Int ( 0 ) ) ) , If ( Compare ( Name ( "smallest" ) , CmpOp ( "<" , Int ( 0 ) ) ) , Assign ( Name ( "smallest" ) , Name ( "value" ) )  Assign ( Name ( "smallest_index" ) , Name ( "index" ) )  .Stmts , If ( Compare ( Name ( "value" ) , CmpOp ( "<" , Name ( "smallest" ) ) ) , Assign ( Name ( "smallest" ) , Name ( "value" ) )  Assign ( Name ( "smallest_index" ) , Name ( "index" ) )  .Stmts , .Stmts )  .Stmts )  .Stmts , .Stmts )  AugAssign ( Name ( "index" ) , "+" , Int ( 1 ) )  .Stmts )  If ( Compare ( Name ( "smallest" ) , CmpOp ( "<" , Int ( 0 ) ) ) , Return ( ListExpr ( .Exprs ) )  .Stmts , .Stmts )  Return ( ListExpr ( Name ( "smallest" ) , Name ( "smallest_index" ) , .Exprs ) )  .Stmts , 0 ) , parent ( -1 ) )
    </scopes>
    <scopeLoc>
      1
    </scopeLoc>
    <heap>
      0 |-> list ( vCons ( scanBest ( REST , 1 , nextBest ( -1 , projectIntTotal ( HEAD ) ) ) , vCons ( scanBestIndex ( REST , 1 , nextBest ( -1 , projectIntTotal ( HEAD ) ) , nextBestIndex ( -1 , 0 , projectIntTotal ( HEAD ) , 0 ) ) , .ValSeq ) ) )
    </heap>
    <heapLoc>
      1
    </heapLoc>
    <stack>
      .List
    </stack>
    <ret>
      noRet
    </ret>
    <exc>
      NoExc
    </exc>
    <exit-code>
      0
    </exit-code>
  </generatedTop>
#And
  {
    INPUT
  #Equals
    vCons ( HEAD , REST )
  }
#And
  {
    false
  #Equals
    scanBest ( REST , 1 , nextBest ( -1 , projectIntTotal ( HEAD ) ) ) <Int 0
  }
#And
  {
    true
  #Equals
    allNonNegative ( REST )
  }
#And
  {
    true
  #Equals
    isInt ( HEAD:Val ~> .K )
  }
#And
  {
    true
  #Equals
    projectIntTotal ( HEAD ) >=Int 0
  }
[Warning] Compiler: Variable 'As' defined but not used. Prefix variable name
with underscore if this is intentional.
	Source(/workspace/reference-semantics/semantics/str.k)
	Location(52,27,52,29)
	52 |	  rule strLt(iCons(A:Int, As:IntSeq), iCons(B:Int, Bs:IntSeq)) => true   
      requires A  <Int B
	   .	                          ^~
[Warning] Compiler: Variable 'Bs' defined but not used. Prefix variable name
with underscore if this is intentional.
	Source(/workspace/reference-semantics/semantics/str.k)
	Location(52,52,52,54)
	52 |	  rule strLt(iCons(A:Int, As:IntSeq), iCons(B:Int, Bs:IntSeq)) => true   
      requires A  <Int B
	   .	                                                   ^~
[Warning] Compiler: Variable 'As' defined but not used. Prefix variable name
with underscore if this is intentional.
	Source(/workspace/reference-semantics/semantics/str.k)
	Location(53,27,53,29)
	53 |	  rule strLt(iCons(A:Int, As:IntSeq), iCons(B:Int, Bs:IntSeq)) => false  
      requires A  >Int B
	   .	                          ^~
[Warning] Compiler: Variable 'Bs' defined but not used. Prefix variable name
with underscore if this is intentional.
	Source(/workspace/reference-semantics/semantics/str.k)
	Location(53,52,53,54)
	53 |	  rule strLt(iCons(A:Int, As:IntSeq), iCons(B:Int, Bs:IntSeq)) => false  
      requires A  >Int B
	   .	                                                   ^~
[Warning] Compiler: Variable 'ORIGINAL' defined but not used. Prefix variable
name with underscore if this is intentional.
	Source(/workspace/spec.k)
	Location(34,35,34,43)
	34 |	        "arr"            |-> list(ORIGINAL:ValSeq)
	   .	                                  ^~~~~~~~
[Warning] Compiler: Variable '?FINAL_VALUE' defined but not used. Prefix
variable name with underscore if this is intentional.
	Source(/workspace/spec.k)
	Location(46,43,46,55)
	46 |	        "value"          |-> (_OLD:Val => ?FINAL_VALUE:Val),
	   .	                                          ^~~~~~~~~~~~
[Error] Prover: backend terminated because the configuration cannot be
rewritten further. See output for more details.
EXPECTED FAILURE: false-postcondition mutation was rejected
kore-exec: [3782178] Warning (WarnStuckClaimState):
    The configuration's term doesn't unify with the destination's term and the configuration cannot be rewritten further. Location: /workspace/spec-body-mutation.k:10:5-60:31
Context:
    (InfoReachability) while checking the implication
<generatedTop>
  <k>
    ref ( 0 ) ~> .K
  </k>
  <env>
    0
  </env>
  <scopes>
    -1 |-> scope ( "abs" |-> builtinV ( "abs" )
    "all" |-> builtinV ( "all" )
    "any" |-> builtinV ( "any" )
    "bin" |-> builtinV ( "bin" )
    "chr" |-> builtinV ( "chr" )
    "enumerate" |-> builtinV ( "enumerate" )
    "eval" |-> builtinV ( "eval" )
    "float" |-> typeV ( "float" )
    "int" |-> typeV ( "int" )
    "isinstance" |-> builtinV ( "isinstance" )
    "len" |-> builtinV ( "len" )
    "list" |-> builtinV ( "list" )
    "map" |-> builtinV ( "map" )
    "max" |-> builtinV ( "max" )
    "min" |-> builtinV ( "min" )
    "ord" |-> builtinV ( "ord" )
    "range" |-> builtinV ( "range" )
    "round" |-> builtinV ( "round" )
    "set" |-> builtinV ( "set" )
    "sorted" |-> builtinV ( "sorted" )
    "str" |-> typeV ( "str" )
    "sum" |-> builtinV ( "sum" )
    "zip" |-> builtinV ( "zip" ) , root )
    0 |-> scope ( .Map , parent ( -1 ) )
  </scopes>
  <scopeLoc>
    1
  </scopeLoc>
  <heap>
    0 |-> list ( vCons ( 4 , vCons ( 0 , .ValSeq ) ) )
  </heap>
  <heapLoc>
    1
  </heapLoc>
  <stack>
    .List
  </stack>
  <ret>
    noRet
  </ret>
  <exc>
    NoExc
  </exc>
  <exit-code>
    0
  </exit-code>
</generatedTop>
[Warning] Compiler: Variable 'As' defined but not used. Prefix variable name
with underscore if this is intentional.
	Source(/workspace/reference-semantics/semantics/str.k)
	Location(52,27,52,29)
	52 |	  rule strLt(iCons(A:Int, As:IntSeq), iCons(B:Int, Bs:IntSeq)) => true   
      requires A  <Int B
	   .	                          ^~
[Warning] Compiler: Variable 'Bs' defined but not used. Prefix variable name
with underscore if this is intentional.
	Source(/workspace/reference-semantics/semantics/str.k)
	Location(52,52,52,54)
	52 |	  rule strLt(iCons(A:Int, As:IntSeq), iCons(B:Int, Bs:IntSeq)) => true   
      requires A  <Int B
	   .	                                                   ^~
[Warning] Compiler: Variable 'As' defined but not used. Prefix variable name
with underscore if this is intentional.
	Source(/workspace/reference-semantics/semantics/str.k)
	Location(53,27,53,29)
	53 |	  rule strLt(iCons(A:Int, As:IntSeq), iCons(B:Int, Bs:IntSeq)) => false  
      requires A  >Int B
	   .	                          ^~
[Warning] Compiler: Variable 'Bs' defined but not used. Prefix variable name
with underscore if this is intentional.
	Source(/workspace/reference-semantics/semantics/str.k)
	Location(53,52,53,54)
	53 |	  rule strLt(iCons(A:Int, As:IntSeq), iCons(B:Int, Bs:IntSeq)) => false  
      requires A  >Int B
	   .	                                                   ^~
[Error] Prover: backend terminated because the configuration cannot be
rewritten further. See output for more details.
EXPECTED FAILURE: mutated implementation was rejected
