+ sha256sum /reference/generation-tools/klean_export.py /reference/generation-tools/klean.py /reference/generation-tools/source-manifest.json /reference/klean-generation/generator-manifest.json /reference/klean-generation/input-manifest.json /reference/lemma-discovery.json /reference/klean-toolchain.lock.json
235473b1324d2b203cb2a49ab94e36fb7c300084d506a57fca2228381f1bdec0  /reference/generation-tools/klean_export.py
ddec66db87398459ff0c2b5aad7121fe1029b58b8d576db4203c68bf5b647d13  /reference/generation-tools/klean.py
ee7bc57154398287989c7f079c6ab04d3d2d6683213567716464de106a0fb7f6  /reference/generation-tools/source-manifest.json
c963cdc505128b5b7f9a44f115af7398591ff70c364865445a23e3754238b920  /reference/klean-generation/generator-manifest.json
ada93f8d5bde834e7c5f137085b737deb7720ee73c7e440d27b5eb071a6a6a4b  /reference/klean-generation/input-manifest.json
e1749edafdc600db7f40d9c5090f030f30afa149171d9cf12f7b96110602a97e  /reference/lemma-discovery.json
a3dc0270ff7cab64550e91f605d8f2b5f6076b75f4ec49629a0e13894455fa9f  /reference/klean-toolchain.lock.json
+ for f in /reference/generation-tools/source-manifest.json /reference/klean-generation/generator-manifest.json /reference/klean-generation/input-manifest.json /reference/klean-generation/export-result.json /reference/klean-generation/preflight.json /reference/klean-generation/generated/obligation-map.json /reference/klean-generation/trust-inventory.json /reference/lemma-discovery.json /reference/klean-toolchain.lock.json
+ printf 'FILE %s\n' /reference/generation-tools/source-manifest.json
FILE /reference/generation-tools/source-manifest.json
+ python3 -m json.tool /reference/generation-tools/source-manifest.json
{
    "files": {
        "klean.py": "ddec66db87398459ff0c2b5aad7121fe1029b58b8d576db4203c68bf5b647d13",
        "klean_export.py": "235473b1324d2b203cb2a49ab94e36fb7c300084d506a57fca2228381f1bdec0"
    },
    "generator_image_id": "sha256:e18301a8220fb0b62fabf56feffcb5e621049daa7c7a0b79eacb60cae5e57fda",
    "schema_version": 1
}
+ for f in /reference/generation-tools/source-manifest.json /reference/klean-generation/generator-manifest.json /reference/klean-generation/input-manifest.json /reference/klean-generation/export-result.json /reference/klean-generation/preflight.json /reference/klean-generation/generated/obligation-map.json /reference/klean-generation/trust-inventory.json /reference/lemma-discovery.json /reference/klean-toolchain.lock.json
+ printf 'FILE %s\n' /reference/klean-generation/generator-manifest.json
FILE /reference/klean-generation/generator-manifest.json
+ python3 -m json.tool /reference/klean-generation/generator-manifest.json
{
    "exporter_sha256": "235473b1324d2b203cb2a49ab94e36fb7c300084d506a57fca2228381f1bdec0",
    "generated_tree_sha256": "8736fb2c191115092ea856f59610ee40e7a14f31f4cd8e78203ac61a3f764f3d",
    "klean_py_sha256": "ddec66db87398459ff0c2b5aad7121fe1029b58b8d576db4203c68bf5b647d13",
    "obligation_count": 0,
    "obligation_map_sha256": "cf331f312938e04436a60d1dc49b5a1f6f60b03f3283415439a7c175e9812048",
    "provenance": {
        "generator_image_id": "sha256:e18301a8220fb0b62fabf56feffcb5e621049daa7c7a0b79eacb60cae5e57fda",
        "inventory_sha256": "a884f8ef58b1e8a15f0626a1551c3d76fe8c2d4cbcb350700cbc4602131edab0",
        "stage1_workspace_sha256": "8db7cccaf0b95cc092e258a2253f4a6bbd33472c41614be2efc5c742e42768da",
        "stage3_discovery_manifest_sha256": "e1749edafdc600db7f40d9c5090f030f30afa149171d9cf12f7b96110602a97e"
    },
    "schema_version": 3,
    "target": null,
    "toolchain": {
        "codex_cli_version": "0.144.6",
        "k_base_image": "runtimeverificationinc/kframework-k:ubuntu-jammy-7.1.293@sha256:f3f64ab72bd7b560082d50e4c6c23e107025cf217ca62ab73700104fc45de09a",
        "k_version": "7.1.293",
        "lean_commit": "ba2cbbf09d4978f416e0ebd1fceeebc2c4138c05",
        "lean_toolchain": "leanprover/lean4:v4.22.0",
        "pyk_project": "pyk@runtimeverification/k",
        "pyk_version": "7.1.293",
        "runtimeverification_k_commit": "ff15baac9e66426612ec45ff912af7f14965b64a"
    }
}
+ for f in /reference/generation-tools/source-manifest.json /reference/klean-generation/generator-manifest.json /reference/klean-generation/input-manifest.json /reference/klean-generation/export-result.json /reference/klean-generation/preflight.json /reference/klean-generation/generated/obligation-map.json /reference/klean-generation/trust-inventory.json /reference/lemma-discovery.json /reference/klean-toolchain.lock.json
+ printf 'FILE %s\n' /reference/klean-generation/input-manifest.json
FILE /reference/klean-generation/input-manifest.json
+ python3 -m json.tool /reference/klean-generation/input-manifest.json
{
    "definitions": [
        {
            "attributes": [],
            "classification": "DEFINITION",
            "end_line": 14,
            "module": "VERIFICATION",
            "normalized_sha256": "d1a23396f61dd26b11833b39066cbd64b498e0dfb07eaea1e6c090daaa0b0893",
            "rationale": "This total-function equation defines rightTriangle(A, B, C) by unfolding it to positivity checks and the three possible Pythagorean equalities; it is the mathematical summary used by the specification, not an additional fact about that summary.",
            "source_rule_id": "rule-d1a23396f61dd26b11833b39066cbd64b498e0dfb07eaea1e6c090daaa0b0893",
            "start_line": 8,
            "text": "  rule rightTriangle(A, B, C)\n       => (A >Int 0)\n          andBool (B >Int 0)\n          andBool (C >Int 0)\n          andBool (((A *Int A) +Int (B *Int B)) ==Int (C *Int C)\n                   orBool ((A *Int A) +Int (C *Int C)) ==Int (B *Int B)\n                   orBool ((B *Int B) +Int (C *Int C)) ==Int (A *Int A))"
        },
        {
            "attributes": [],
            "classification": "DEFINITION",
            "end_line": 47,
            "module": "VERIFICATION",
            "normalized_sha256": "4fee0a7dc4c0172c3b675bff411434ca46c778b577d492797129b2328534b07a",
            "rationale": "This nullary-function equation expands the named solutionProgram proof term to the exact translated Module AST, so it is a structural definition rather than an execution rule or mathematical lemma.",
            "source_rule_id": "rule-4fee0a7dc4c0172c3b675bff411434ca46c778b577d492797129b2328534b07a",
            "start_line": 19,
            "text": "  rule solutionProgram\n       => Module(\n            FuncDef(\"right_angle_triangle\", Params(\"a\", \"b\", \"c\"),\n              Return(\n                BoolOp(\n                  \"and\",\n                  Compare(Name(\"a\"), CmpOp(\">\", Int(0))),\n                  Compare(Name(\"b\"), CmpOp(\">\", Int(0))),\n                  Compare(Name(\"c\"), CmpOp(\">\", Int(0))),\n                  BoolOp(\n                    \"or\",\n                    Compare(\n                      BinOp(\n                        \"+\",\n                        BinOp(\"*\", Name(\"a\"), Name(\"a\")),\n                        BinOp(\"*\", Name(\"b\"), Name(\"b\"))),\n                      CmpOp(\"==\", BinOp(\"*\", Name(\"c\"), Name(\"c\")))),\n                    Compare(\n                      BinOp(\n                        \"+\",\n                        BinOp(\"*\", Name(\"a\"), Name(\"a\")),\n                        BinOp(\"*\", Name(\"c\"), Name(\"c\"))),\n                      CmpOp(\"==\", BinOp(\"*\", Name(\"b\"), Name(\"b\")))),\n                    Compare(\n                      BinOp(\n                        \"+\",\n                        BinOp(\"*\", Name(\"b\"), Name(\"b\")),\n                        BinOp(\"*\", Name(\"c\"), Name(\"c\"))),\n                      CmpOp(\"==\", BinOp(\"*\", Name(\"a\"), Name(\"a\")))))))))"
        }
    ],
    "frozen_input_sha256": "8db7cccaf0b95cc092e258a2253f4a6bbd33472c41614be2efc5c742e42768da",
    "inventory_sha256": "a884f8ef58b1e8a15f0626a1551c3d76fe8c2d4cbcb350700cbc4602131edab0",
    "operational_rules": [],
    "problem": "157-right-angle-triangle",
    "proved_derived_lemmas": [],
    "required_k_files": [
        "/frozen-k/semantic.k",
        "/frozen-k/verification.k"
    ],
    "schema_version": 3,
    "source_rules": [],
    "stage1_workspace_sha256": "8db7cccaf0b95cc092e258a2253f4a6bbd33472c41614be2efc5c742e42768da",
    "stage3_discovery_manifest_sha256": "e1749edafdc600db7f40d9c5090f030f30afa149171d9cf12f7b96110602a97e",
    "summary_functions": [],
    "syntax_module": "MPY-SYNTAX",
    "verification_module": "VERIFICATION",
    "verification_sha256": "f991f273eb7ffb565b8f0956150c1843ccccbe8a25bf61577e86d0b30d0f9836"
}
+ for f in /reference/generation-tools/source-manifest.json /reference/klean-generation/generator-manifest.json /reference/klean-generation/input-manifest.json /reference/klean-generation/export-result.json /reference/klean-generation/preflight.json /reference/klean-generation/generated/obligation-map.json /reference/klean-generation/trust-inventory.json /reference/lemma-discovery.json /reference/klean-toolchain.lock.json
+ printf 'FILE %s\n' /reference/klean-generation/export-result.json
FILE /reference/klean-generation/export-result.json
+ python3 -m json.tool /reference/klean-generation/export-result.json
{
    "frozen_input_sha256": "8db7cccaf0b95cc092e258a2253f4a6bbd33472c41614be2efc5c742e42768da",
    "generated_tree_sha256": "8736fb2c191115092ea856f59610ee40e7a14f31f4cd8e78203ac61a3f764f3d",
    "obligation_count": 0,
    "problem": "157-right-angle-triangle",
    "schema_version": 3,
    "stage3_discovery_manifest_sha256": "e1749edafdc600db7f40d9c5090f030f30afa149171d9cf12f7b96110602a97e",
    "status": "KLEAN_NO_OBLIGATIONS",
    "trust_inventory_sha256": "432d50bc33d619d7ae08bd6dbff7ab3b11137a9664b65951f48fcf6f5178b3f6"
}
+ for f in /reference/generation-tools/source-manifest.json /reference/klean-generation/generator-manifest.json /reference/klean-generation/input-manifest.json /reference/klean-generation/export-result.json /reference/klean-generation/preflight.json /reference/klean-generation/generated/obligation-map.json /reference/klean-generation/trust-inventory.json /reference/lemma-discovery.json /reference/klean-toolchain.lock.json
+ printf 'FILE %s\n' /reference/klean-generation/preflight.json
FILE /reference/klean-generation/preflight.json
+ python3 -m json.tool /reference/klean-generation/preflight.json
{
    "designated_sorry_count": 0,
    "diagnostics": [
        {
            "command": [
                "lake",
                "clean"
            ],
            "exit_code": 0,
            "output_sha256": "e3b0c44298fc1c149afbf4c8996fb92427ae41e4649b934ca495991b7852b855",
            "output_tail": ""
        },
        {
            "command": [
                "lake",
                "build"
            ],
            "exit_code": 0,
            "output_sha256": "e6271e088825ceb9e0c91940a9ebc7d99b5c5e3571df2c10101f235048d9ab6c",
            "output_tail": "\u2714 [2/9] Built Klean157RightAngleTriangle.Prelude\n\u2714 [3/9] Built Klean157RightAngleTriangle.Sorts\n\u2714 [4/9] Built Klean157RightAngleTriangle.Inj\n\u2714 [5/9] Built Klean157RightAngleTriangle.Func\n\u2714 [6/9] Built Klean157RightAngleTriangle.Lemmas\n\u2714 [7/9] Built Klean157RightAngleTriangle.Rewrite\n\u2714 [8/9] Built Klean157RightAngleTriangle\nBuild completed successfully.\n"
        }
    ],
    "frozen_input_sha256": "8db7cccaf0b95cc092e258a2253f4a6bbd33472c41614be2efc5c742e42768da",
    "generated_tree_sha256": "8736fb2c191115092ea856f59610ee40e7a14f31f4cd8e78203ac61a3f764f3d",
    "obligation_count": 0,
    "schema_version": 3,
    "stage1_workspace_sha256": "8db7cccaf0b95cc092e258a2253f4a6bbd33472c41614be2efc5c742e42768da",
    "stage3_discovery_manifest_sha256": "e1749edafdc600db7f40d9c5090f030f30afa149171d9cf12f7b96110602a97e",
    "status": "KLEAN_NO_OBLIGATIONS",
    "target": null,
    "trust_declaration_count": 44
}
+ for f in /reference/generation-tools/source-manifest.json /reference/klean-generation/generator-manifest.json /reference/klean-generation/input-manifest.json /reference/klean-generation/export-result.json /reference/klean-generation/preflight.json /reference/klean-generation/generated/obligation-map.json /reference/klean-generation/trust-inventory.json /reference/lemma-discovery.json /reference/klean-toolchain.lock.json
+ printf 'FILE %s\n' /reference/klean-generation/generated/obligation-map.json
FILE /reference/klean-generation/generated/obligation-map.json
+ python3 -m json.tool /reference/klean-generation/generated/obligation-map.json
{
    "obligations": [],
    "schema_version": 3,
    "source_rules": [],
    "trust_parameters": []
}
+ for f in /reference/generation-tools/source-manifest.json /reference/klean-generation/generator-manifest.json /reference/klean-generation/input-manifest.json /reference/klean-generation/export-result.json /reference/klean-generation/preflight.json /reference/klean-generation/generated/obligation-map.json /reference/klean-generation/trust-inventory.json /reference/lemma-discovery.json /reference/klean-toolchain.lock.json
+ printf 'FILE %s\n' /reference/klean-generation/trust-inventory.json
FILE /reference/klean-generation/trust-inventory.json
+ python3 -m json.tool /reference/klean-generation/trust-inventory.json
{
    "allowlist": [
        {
            "declaration_name": "concatAx",
            "kind": "axiom",
            "line": "183",
            "name": "ListHookDef.concatAx",
            "reason": "Klean-generated trust boundary",
            "source": "Klean157RightAngleTriangle/Prelude.lean",
            "type": "List T \u2192 List T \u2192 Option (List T)"
        },
        {
            "declaration_name": "elementAx",
            "kind": "axiom",
            "line": "184",
            "name": "ListHookDef.elementAx",
            "reason": "Klean-generated trust boundary",
            "source": "Klean157RightAngleTriangle/Prelude.lean",
            "type": "T \u2192 List T"
        },
        {
            "declaration_name": "fillAx",
            "kind": "axiom",
            "line": "190",
            "name": "ListHookDef.fillAx",
            "reason": "Klean-generated trust boundary",
            "source": "Klean157RightAngleTriangle/Prelude.lean",
            "type": "List T \u2192 Int \u2192 T \u2192 Option (List T)"
        },
        {
            "declaration_name": "getAx",
            "kind": "axiom",
            "line": "186",
            "name": "ListHookDef.getAx",
            "reason": "Klean-generated trust boundary",
            "source": "Klean157RightAngleTriangle/Prelude.lean",
            "type": "Int \u2192 List T \u2192 Option T"
        },
        {
            "declaration_name": "inListAx",
            "kind": "axiom",
            "line": "192",
            "name": "ListHookDef.inListAx",
            "reason": "Klean-generated trust boundary",
            "source": "Klean157RightAngleTriangle/Prelude.lean",
            "type": "T \u2192 List T \u2192 Bool"
        },
        {
            "declaration_name": "makeAx",
            "kind": "axiom",
            "line": "188",
            "name": "ListHookDef.makeAx",
            "reason": "Klean-generated trust boundary",
            "source": "Klean157RightAngleTriangle/Prelude.lean",
            "type": "Int \u2192 T \u2192 Option (List T)"
        },
        {
            "declaration_name": "pushAx",
            "kind": "axiom",
            "line": "185",
            "name": "ListHookDef.pushAx",
            "reason": "Klean-generated trust boundary",
            "source": "Klean157RightAngleTriangle/Prelude.lean",
            "type": "T \u2192 List T \u2192 List T"
        },
        {
            "declaration_name": "rangeAx",
            "kind": "axiom",
            "line": "191",
            "name": "ListHookDef.rangeAx",
            "reason": "Klean-generated trust boundary",
            "source": "Klean157RightAngleTriangle/Prelude.lean",
            "type": "List T \u2192 Int \u2192 Int \u2192 Option (List T)"
        },
        {
            "declaration_name": "sizeAx",
            "kind": "axiom",
            "line": "193",
            "name": "ListHookDef.sizeAx",
            "reason": "Klean-generated trust boundary",
            "source": "Klean157RightAngleTriangle/Prelude.lean",
            "type": "List T \u2192 Int"
        },
        {
            "declaration_name": "splitAx",
            "kind": "axiom",
            "line": "194",
            "name": "ListHookDef.splitAx",
            "reason": "Klean-generated trust boundary",
            "source": "Klean157RightAngleTriangle/Prelude.lean",
            "type": "List T \u2192 Nat \u2192 Nat \u2192 Option (List T \u00d7 List T \u00d7 List T)"
        },
        {
            "declaration_name": "unitAx",
            "kind": "axiom",
            "line": "182",
            "name": "ListHookDef.unitAx",
            "reason": "Klean-generated trust boundary",
            "source": "Klean157RightAngleTriangle/Prelude.lean",
            "type": "List T"
        },
        {
            "declaration_name": "updateAllAx",
            "kind": "axiom",
            "line": "189",
            "name": "ListHookDef.updateAllAx",
            "reason": "Klean-generated trust boundary",
            "source": "Klean157RightAngleTriangle/Prelude.lean",
            "type": "List T \u2192 Int \u2192 List T \u2192 Option (List T)"
        },
        {
            "declaration_name": "updteAx",
            "kind": "axiom",
            "line": "187",
            "name": "ListHookDef.updteAx",
            "reason": "Klean-generated trust boundary",
            "source": "Klean157RightAngleTriangle/Prelude.lean",
            "type": "Int \u2192 T \u2192 List T \u2192 Option (List T)"
        },
        {
            "declaration_name": "choiceAx",
            "kind": "axiom",
            "line": "78",
            "name": "MapHookDef.choiceAx",
            "reason": "Klean-generated trust boundary",
            "source": "Klean157RightAngleTriangle/Prelude.lean",
            "type": "List (K \u00d7 V) \u2192 K -- arbitrary key from a map"
        },
        {
            "declaration_name": "concatAx",
            "kind": "axiom",
            "line": "69",
            "name": "MapHookDef.concatAx",
            "reason": "Klean-generated trust boundary",
            "source": "Klean157RightAngleTriangle/Prelude.lean",
            "type": "List (K \u00d7 V) \u2192 List (K \u00d7 V) \u2192 Option (List (K \u00d7 V))"
        },
        {
            "declaration_name": "consAx",
            "kind": "axiom",
            "line": "64",
            "name": "MapHookDef.consAx",
            "reason": "Klean-generated trust boundary",
            "source": "Klean157RightAngleTriangle/Prelude.lean",
            "type": "K \u2192 V \u2192 List (K \u00d7 V) \u2192 List (K \u00d7 V)"
        },
        {
            "declaration_name": "deleteAx",
            "kind": "axiom",
            "line": "68",
            "name": "MapHookDef.deleteAx",
            "reason": "Klean-generated trust boundary",
            "source": "Klean157RightAngleTriangle/Prelude.lean",
            "type": "List (K \u00d7 V) \u2192 K \u2192 List (K \u00d7 V)"
        },
        {
            "declaration_name": "differenceAx",
            "kind": "axiom",
            "line": "70",
            "name": "MapHookDef.differenceAx",
            "reason": "Klean-generated trust boundary",
            "source": "Klean157RightAngleTriangle/Prelude.lean",
            "type": "List (K \u00d7 V) \u2192 List (K \u00d7 V) \u2192 List (K \u00d7 V)"
        },
        {
            "declaration_name": "in_keysAx",
            "kind": "axiom",
            "line": "74",
            "name": "MapHookDef.in_keysAx",
            "reason": "Klean-generated trust boundary",
            "source": "Klean157RightAngleTriangle/Prelude.lean",
            "type": "List (K \u00d7 V) \u2192 K \u2192 Bool"
        },
        {
            "declaration_name": "includesAx",
            "kind": "axiom",
            "line": "77",
            "name": "MapHookDef.includesAx",
            "reason": "Klean-generated trust boundary",
            "source": "Klean157RightAngleTriangle/Prelude.lean",
            "type": "List (K \u00d7 V) \u2192 List (K \u00d7 V) \u2192 Bool -- map inclusion"
        },
        {
            "declaration_name": "keysAx",
            "kind": "axiom",
            "line": "73",
            "name": "MapHookDef.keysAx",
            "reason": "Klean-generated trust boundary",
            "source": "Klean157RightAngleTriangle/Prelude.lean",
            "type": "List (K \u00d7 V) \u2192 List K"
        },
        {
            "declaration_name": "lookupAx",
            "kind": "axiom",
            "line": "65",
            "name": "MapHookDef.lookupAx",
            "reason": "Klean-generated trust boundary",
            "source": "Klean157RightAngleTriangle/Prelude.lean",
            "type": "List (K \u00d7 V) \u2192 K \u2192 Option V"
        },
        {
            "declaration_name": "lookupAx?",
            "kind": "axiom",
            "line": "66",
            "name": "MapHookDef.lookupAx?",
            "reason": "Klean-generated trust boundary",
            "source": "Klean157RightAngleTriangle/Prelude.lean",
            "type": "List (K \u00d7 V) \u2192 K \u2192 V -- lookup with default"
        },
        {
            "declaration_name": "removeAllAx",
            "kind": "axiom",
            "line": "72",
            "name": "MapHookDef.removeAllAx",
            "reason": "Klean-generated trust boundary",
            "source": "Klean157RightAngleTriangle/Prelude.lean",
            "type": "List (K \u00d7 V) \u2192 List K \u2192 List (K \u00d7 V)"
        },
        {
            "declaration_name": "sizeAx",
            "kind": "axiom",
            "line": "76",
            "name": "MapHookDef.sizeAx",
            "reason": "Klean-generated trust boundary",
            "source": "Klean157RightAngleTriangle/Prelude.lean",
            "type": "List (K \u00d7 V) \u2192 Nat"
        },
        {
            "declaration_name": "splitAx",
            "kind": "axiom",
            "line": "80",
            "name": "MapHookDef.splitAx",
            "reason": "Klean-generated trust boundary",
            "source": "Klean157RightAngleTriangle/Prelude.lean",
            "type": "List (K \u00d7 V) \u2192 List K \u2192 Option (List V \u00d7 List (K \u00d7 V))"
        },
        {
            "declaration_name": "unitAx",
            "kind": "axiom",
            "line": "63",
            "name": "MapHookDef.unitAx",
            "reason": "Klean-generated trust boundary",
            "source": "Klean157RightAngleTriangle/Prelude.lean",
            "type": "List (K \u00d7 V)"
        },
        {
            "declaration_name": "updateAx",
            "kind": "axiom",
            "line": "67",
            "name": "MapHookDef.updateAx",
            "reason": "Klean-generated trust boundary",
            "source": "Klean157RightAngleTriangle/Prelude.lean",
            "type": "K \u2192 V \u2192 List (K \u00d7 V) \u2192 List (K \u00d7 V)"
        },
        {
            "declaration_name": "updateMapAx",
            "kind": "axiom",
            "line": "71",
            "name": "MapHookDef.updateMapAx",
            "reason": "Klean-generated trust boundary",
            "source": "Klean157RightAngleTriangle/Prelude.lean",
            "type": "List (K \u00d7 V) \u2192 List (K \u00d7 V) \u2192 List (K \u00d7 V)"
        },
        {
            "declaration_name": "valuesAx",
            "kind": "axiom",
            "line": "75",
            "name": "MapHookDef.valuesAx",
            "reason": "Klean-generated trust boundary",
            "source": "Klean157RightAngleTriangle/Prelude.lean",
            "type": "List (K \u00d7 V) \u2192 List V"
        },
        {
            "declaration_name": "choiceAx",
            "kind": "axiom",
            "line": "134",
            "name": "SetHookDef.choiceAx",
            "reason": "Klean-generated trust boundary",
            "source": "Klean157RightAngleTriangle/Prelude.lean",
            "type": "List T \u2192 T"
        },
        {
            "declaration_name": "concatAx",
            "kind": "axiom",
            "line": "126",
            "name": "SetHookDef.concatAx",
            "reason": "Klean-generated trust boundary",
            "source": "Klean157RightAngleTriangle/Prelude.lean",
            "type": "List T \u2192 List T \u2192 Option (List T)"
        },
        {
            "declaration_name": "differenceAx",
            "kind": "axiom",
            "line": "130",
            "name": "SetHookDef.differenceAx",
            "reason": "Klean-generated trust boundary",
            "source": "Klean157RightAngleTriangle/Prelude.lean",
            "type": "List T \u2192 List T \u2192 List T"
        },
        {
            "declaration_name": "elementAx",
            "kind": "axiom",
            "line": "127",
            "name": "SetHookDef.elementAx",
            "reason": "Klean-generated trust boundary",
            "source": "Klean157RightAngleTriangle/Prelude.lean",
            "type": "T \u2192 List T"
        },
        {
            "declaration_name": "inSetAx",
            "kind": "axiom",
            "line": "131",
            "name": "SetHookDef.inSetAx",
            "reason": "Klean-generated trust boundary",
            "source": "Klean157RightAngleTriangle/Prelude.lean",
            "type": "T \u2192 List T \u2192 Bool"
        },
        {
            "declaration_name": "inclusionAx",
            "kind": "axiom",
            "line": "132",
            "name": "SetHookDef.inclusionAx",
            "reason": "Klean-generated trust boundary",
            "source": "Klean157RightAngleTriangle/Prelude.lean",
            "type": "List T \u2192 List T \u2192 Bool"
        },
        {
            "declaration_name": "intersectionAx",
            "kind": "axiom",
            "line": "129",
            "name": "SetHookDef.intersectionAx",
            "reason": "Klean-generated trust boundary",
            "source": "Klean157RightAngleTriangle/Prelude.lean",
            "type": "List T \u2192 List T \u2192 List T"
        },
        {
            "declaration_name": "sizeAx",
            "kind": "axiom",
            "line": "133",
            "name": "SetHookDef.sizeAx",
            "reason": "Klean-generated trust boundary",
            "source": "Klean157RightAngleTriangle/Prelude.lean",
            "type": "List T \u2192 Int"
        },
        {
            "declaration_name": "splitAx",
            "kind": "axiom",
            "line": "135",
            "name": "SetHookDef.splitAx",
            "reason": "Klean-generated trust boundary",
            "source": "Klean157RightAngleTriangle/Prelude.lean",
            "type": "List T \u2192 List T \u2192 Option (List T)"
        },
        {
            "declaration_name": "unionAx",
            "kind": "axiom",
            "line": "128",
            "name": "SetHookDef.unionAx",
            "reason": "Klean-generated trust boundary",
            "source": "Klean157RightAngleTriangle/Prelude.lean",
            "type": "List T \u2192 List T \u2192 List T"
        },
        {
            "declaration_name": "unitAx",
            "kind": "axiom",
            "line": "125",
            "name": "SetHookDef.unitAx",
            "reason": "Klean-generated trust boundary",
            "source": "Klean157RightAngleTriangle/Prelude.lean",
            "type": "List T"
        },
        {
            "declaration_name": "_Map_",
            "kind": "axiom",
            "line": "5",
            "name": "_Map_",
            "reason": "Klean-generated trust boundary",
            "source": "Klean157RightAngleTriangle/Func.lean",
            "type": "(x0 : SortMap) (x1 : SortMap) : Option SortMap"
        },
        {
            "declaration_name": "\u00ab.Map\u00bb",
            "kind": "axiom",
            "line": "7",
            "name": "\u00ab.Map\u00bb",
            "reason": "Klean-generated trust boundary",
            "source": "Klean157RightAngleTriangle/Func.lean",
            "type": "Option SortMap"
        },
        {
            "declaration_name": "\u00ab_|->_\u00bb",
            "kind": "axiom",
            "line": "3",
            "name": "\u00ab_|->_\u00bb",
            "reason": "Klean-generated trust boundary",
            "source": "Klean157RightAngleTriangle/Func.lean",
            "type": "(x0 : SortKItem) (x1 : SortKItem) : Option SortMap"
        }
    ],
    "automatic_axiomatization": [],
    "automatic_noncomputable_repair": false,
    "axioms": [
        "ListHookDef.concatAx",
        "ListHookDef.elementAx",
        "ListHookDef.fillAx",
        "ListHookDef.getAx",
        "ListHookDef.inListAx",
        "ListHookDef.makeAx",
        "ListHookDef.pushAx",
        "ListHookDef.rangeAx",
        "ListHookDef.sizeAx",
        "ListHookDef.splitAx",
        "ListHookDef.unitAx",
        "ListHookDef.updateAllAx",
        "ListHookDef.updteAx",
        "MapHookDef.choiceAx",
        "MapHookDef.concatAx",
        "MapHookDef.consAx",
        "MapHookDef.deleteAx",
        "MapHookDef.differenceAx",
        "MapHookDef.in_keysAx",
        "MapHookDef.includesAx",
        "MapHookDef.keysAx",
        "MapHookDef.lookupAx",
        "MapHookDef.lookupAx?",
        "MapHookDef.removeAllAx",
        "MapHookDef.sizeAx",
        "MapHookDef.splitAx",
        "MapHookDef.unitAx",
        "MapHookDef.updateAx",
        "MapHookDef.updateMapAx",
        "MapHookDef.valuesAx",
        "SetHookDef.choiceAx",
        "SetHookDef.concatAx",
        "SetHookDef.differenceAx",
        "SetHookDef.elementAx",
        "SetHookDef.inSetAx",
        "SetHookDef.inclusionAx",
        "SetHookDef.intersectionAx",
        "SetHookDef.sizeAx",
        "SetHookDef.splitAx",
        "SetHookDef.unionAx",
        "SetHookDef.unitAx",
        "_Map_",
        "\u00ab.Map\u00bb",
        "\u00ab_|->_\u00bb"
    ],
    "designated_sorries": 0,
    "noncomputable_definitions": [
        "ListHook",
        "MapHook",
        "SetHook"
    ],
    "other_sorries": 0
}
+ for f in /reference/generation-tools/source-manifest.json /reference/klean-generation/generator-manifest.json /reference/klean-generation/input-manifest.json /reference/klean-generation/export-result.json /reference/klean-generation/preflight.json /reference/klean-generation/generated/obligation-map.json /reference/klean-generation/trust-inventory.json /reference/lemma-discovery.json /reference/klean-toolchain.lock.json
+ printf 'FILE %s\n' /reference/lemma-discovery.json
FILE /reference/lemma-discovery.json
+ python3 -m json.tool /reference/lemma-discovery.json
{
    "schema_version": 2,
    "inventory_sha256": "a884f8ef58b1e8a15f0626a1551c3d76fe8c2d4cbcb350700cbc4602131edab0",
    "rules": [
        {
            "source_rule_id": "rule-d1a23396f61dd26b11833b39066cbd64b498e0dfb07eaea1e6c090daaa0b0893",
            "classification": "DEFINITION",
            "rationale": "This total-function equation defines rightTriangle(A, B, C) by unfolding it to positivity checks and the three possible Pythagorean equalities; it is the mathematical summary used by the specification, not an additional fact about that summary."
        },
        {
            "source_rule_id": "rule-4fee0a7dc4c0172c3b675bff411434ca46c778b577d492797129b2328534b07a",
            "classification": "DEFINITION",
            "rationale": "This nullary-function equation expands the named solutionProgram proof term to the exact translated Module AST, so it is a structural definition rather than an execution rule or mathematical lemma."
        }
    ]
}
+ for f in /reference/generation-tools/source-manifest.json /reference/klean-generation/generator-manifest.json /reference/klean-generation/input-manifest.json /reference/klean-generation/export-result.json /reference/klean-generation/preflight.json /reference/klean-generation/generated/obligation-map.json /reference/klean-generation/trust-inventory.json /reference/lemma-discovery.json /reference/klean-toolchain.lock.json
+ printf 'FILE %s\n' /reference/klean-toolchain.lock.json
FILE /reference/klean-toolchain.lock.json
+ python3 -m json.tool /reference/klean-toolchain.lock.json
{
    "codex_cli_version": "0.144.6",
    "k_base_image": "runtimeverificationinc/kframework-k:ubuntu-jammy-7.1.293@sha256:f3f64ab72bd7b560082d50e4c6c23e107025cf217ca62ab73700104fc45de09a",
    "k_version": "7.1.293",
    "lean_commit": "ba2cbbf09d4978f416e0ebd1fceeebc2c4138c05",
    "lean_toolchain": "leanprover/lean4:v4.22.0",
    "pyk_version": "7.1.293",
    "pyk_project": "pyk@runtimeverification/k",
    "runtimeverification_k_commit": "ff15baac9e66426612ec45ff912af7f14965b64a"
}
