+ sed -n 210,295p /reference/tools/klean_audit_contract.py
            path.relative_to(workspace).as_posix(): (
                pipeline_contract.sha256_file(path)
            )
            for path in pipeline_contract._walk_regular_files(
                workspace, "Stage 1 source workspace"
            )
        }
    except pipeline_contract.PipelineContractError as error:
        raise _translate(error) from error


def _generation_producer_sources(
    repo: Path, generator_manifest: dict[str, Any]
) -> tuple[Path, str]:
    provenance = generator_manifest.get("provenance")
    image_id = (
        provenance.get("generator_image_id")
        if isinstance(provenance, dict)
        else None
    )
    if not isinstance(image_id, str) or not image_id.startswith("sha256:"):
        raise KleanAuditContractError(
            "generator image ID is missing from Stage 4 provenance"
        )
    image_key = image_id.removeprefix("sha256:")
    try:
        image_key = pipeline_contract.validate_safe_component(
            image_key, "generator image ID"
        )
        bundle = pipeline_contract._require_direct_directory(
            repo / "data/stage4-producer-sources",
            image_key,
            "Stage 4 producer source bundle",
        )
        source_manifest = pipeline_contract._read_regular_json(
            bundle / "source-manifest.json",
            "Stage 4 producer source manifest",
        )
        expected_files = {
            "klean_export.py": generator_manifest.get("exporter_sha256"),
            "klean.py": generator_manifest.get("klean_py_sha256"),
        }
        if (
            set(source_manifest) != {
                "schema_version",
                "generator_image_id",
                "files",
            }
            or source_manifest.get("schema_version") != 1
            or source_manifest.get("generator_image_id") != image_id
            or source_manifest.get("files") != expected_files
        ):
            raise KleanAuditContractError(
                "Stage 4 producer source manifest differs from generator "
                "provenance"
            )
        observed_names = {
            path.relative_to(bundle).as_posix()
            for path in pipeline_contract._walk_regular_files(
                bundle, "Stage 4 producer source bundle"
            )
        }
        if observed_names != {
            "source-manifest.json",
            "klean_export.py",
            "klean.py",
        }:
            raise KleanAuditContractError(
                "Stage 4 producer source bundle has unexpected files"
            )
        for name, expected in expected_files.items():
            digest = _validate_sha256(
                expected, f"Stage 4 producer source {name} SHA-256"
            )
            source = pipeline_contract.require_regular_file(
                bundle / name, f"Stage 4 producer source {name}"
            )
            if pipeline_contract.sha256_file(source) != digest:
                raise KleanAuditContractError(
                    f"Stage 4 producer source {name} SHA-256 differs "
                    "from generator provenance"
                )
        return bundle, pipeline_contract.sha256_tree(bundle)
    except pipeline_contract.PipelineContractError as error:
        raise _translate(error) from error

+ sed -n 350,485p /reference/tools/klean_audit_contract.py
            task, "04-klean-generation", "generations"
        )
        generation_status = generation_selection.get("status")
        if generation_status not in {
            "PASS",
            "KLEAN_NO_OBLIGATIONS",
        }:
            raise KleanAuditContractError(
                "Stage 4 must have a selected passing Klean generation"
            )
        preflight = pipeline_contract._read_regular_json(
            generation / "preflight.json", "Stage 4 preflight"
        )
        if preflight.get("status") != generation_status:
            raise KleanAuditContractError(
                "Stage 4 selection status differs from its preflight"
            )
        generator_manifest = pipeline_contract._read_regular_json(
            generation / "generator-manifest.json", "generator manifest"
        )
        generation_producer_sources, producer_sources_hash = (
            _generation_producer_sources(repo, generator_manifest)
        )
        generated = pipeline_contract.require_real_directory(
            generation / "generated", "generated Klean project"
        )
        generated_hash = klean_export.tree_digest(generated)
        if generator_manifest.get("generated_tree_sha256") != generated_hash:
            raise KleanAuditContractError(
                "selected Stage 4 generation changed after preflight"
            )
        provenance = generator_manifest.get("provenance")
        if (
            not isinstance(provenance, dict)
            or provenance.get("stage1_workspace_sha256")
            != stage1_export_hash
            or provenance.get("stage3_discovery_manifest_sha256")
            != discovery.sha256
        ):
            raise KleanAuditContractError(
                "selected Stage 4 generation provenance is invalid"
            )
        target = generator_manifest.get("target")
        if generation_status == "PASS" and not isinstance(target, dict):
            raise KleanAuditContractError(
                "Stage 4 target manifest is malformed"
            )
        if (
            generation_status == "KLEAN_NO_OBLIGATIONS"
            and target is not None
        ):
            raise KleanAuditContractError(
                "no-obligation Stage 4 generation has an unexpected target"
            )

        lean_workspace: Path | None = None
        lean_invocation: Path | None = None
        lean_result: dict[str, Any] | None = None
        if generation_status == "PASS":
            mode = "CLASSIFICATION_AND_PROOF"
            lean_workspace, lean_invocation, lean_result = (
                _require_stage5(task)
            )
        else:
            mode = "CLASSIFICATION_ONLY"
            stage5_result = task / "05-lean-proof/result.json"
            if stage5_result.exists() or stage5_result.is_symlink():
                raise KleanAuditContractError(
                    "KLEAN_NO_OBLIGATIONS must not have a Stage 5 result"
                )
        condition = run.get("condition")
        if not isinstance(condition, dict):
            raise KleanAuditContractError("run condition is malformed")
        resolved = {
            "schema_version": stage6_resolution_contract.SCHEMA_VERSION,
            "run_id": run_id,
            "problem_id": problem,
            "condition": condition.get("name"),
            "mode": mode,
            "semantics_mode": (
                "SUPPLIED_SEMANTICS"
                if condition.get("semantics") is True
                else "GENERATED_SEMANTICS"
            ),
            "k_workspace": str(k_workspace),
            "k_audit": str(k_audit),
            "discovery_manifest": str(discovery.path),
            "klean_generation": str(generation),
            "generation_producer_sources": str(
                generation_producer_sources
            ),
            "lean_workspace": (
                str(lean_workspace)
                if lean_workspace is not None
                else None
            ),
            "lean_invocation": (
                str(lean_invocation)
                if lean_invocation is not None
                else None
            ),
            "target": target,
            "stage1_source_hashes": stage1_source_hashes,
            "trust_inventory": str(
                pipeline_contract.require_regular_file(
                    generation / "trust-inventory.json",
                    "Stage 4 trust inventory",
                )
            ),
            "hashes": {
                "k_workspace_sha256": k_hash,
                "stage1_export_sha256": stage1_export_hash,
                "discovery_manifest_sha256": discovery.sha256,
                "k_audit_sha256": pipeline_contract.sha256_tree(k_audit),
                "klean_generation_sha256": pipeline_contract.sha256_tree(
                    generation
                ),
                "generation_producer_sources_sha256": (
                    producer_sources_hash
                ),
                "generated_tree_sha256": generated_hash,
                "lean_workspace_sha256": (
                    pipeline_contract.sha256_tree(lean_workspace)
                    if lean_workspace is not None
                    else None
                ),
                "lean_invocation_sha256": (
                    pipeline_contract.sha256_tree(lean_invocation)
                    if lean_invocation is not None
                    else None
                ),
            },
            "selections": {
                "k_audit": k_audit_selection,
                "klean_generation": generation_selection,
            },
+ sed -n 225,260p /reference/tools/pipeline_contract.py
            try:
                size = path.stat(follow_symlinks=False).st_size
                digest.update(size.to_bytes(8, "big"))
                with path.open("rb") as stream:
                    for chunk in iter(lambda: stream.read(_HASH_CHUNK_SIZE), b""):
                        digest.update(chunk)
            except OSError as error:
                raise PipelineContractError(
                    f"cannot hash tree file {path}: {error}"
                ) from error
    return digest.hexdigest()


def write_json_atomic(path: Path, document: dict[str, Any]) -> None:
    path.parent.mkdir(parents=True, exist_ok=True)
    file_descriptor, temporary_name = tempfile.mkstemp(
        prefix=f".{path.name}.", dir=path.parent
    )
    temporary = Path(temporary_name)
    try:
        with os.fdopen(file_descriptor, "w", encoding="utf-8") as stream:
            json.dump(document, stream, indent=2, sort_keys=True)
            stream.write("\n")
            stream.flush()
            os.fsync(stream.fileno())
        os.replace(temporary, path)
    finally:
        if temporary.exists():
            temporary.unlink()


def _copy_file_atomic_no_clobber(source: Path, destination: Path) -> None:
    file_descriptor, temporary_name = tempfile.mkstemp(
        prefix=f".{destination.name}.",
        dir=destination.parent,
    )
