+ PYTHONPATH=/reference
+ python3 /audit-output/evidence/check_producer_integrity.py
{
  "actual": {
    "generator_image_id": "sha256:e18301a8220fb0b62fabf56feffcb5e621049daa7c7a0b79eacb60cae5e57fda",
    "klean.py": "ddec66db87398459ff0c2b5aad7121fe1029b58b8d576db4203c68bf5b647d13",
    "klean_export.py": "235473b1324d2b203cb2a49ab94e36fb7c300084d506a57fca2228381f1bdec0",
    "producer_tree": "363d98891cb09c42f1719e3632b09413274cb5603460fa8823003da0ffba11b0"
  },
  "all_checks_pass": true,
  "checks": {
    "image == audit-input source path": true,
    "image == source-manifest": true,
    "klean.py == generator-manifest": true,
    "klean.py == source-manifest": true,
    "klean_export.py == generator-manifest": true,
    "klean_export.py == source-manifest": true,
    "producer tree == audit-input": true
  },
  "recorded": {
    "audit_input_producer_tree": "363d98891cb09c42f1719e3632b09413274cb5603460fa8823003da0ffba11b0",
    "audit_input_source_path_image_id": "sha256:e18301a8220fb0b62fabf56feffcb5e621049daa7c7a0b79eacb60cae5e57fda",
    "generator_manifest_exporter_sha256": "235473b1324d2b203cb2a49ab94e36fb7c300084d506a57fca2228381f1bdec0",
    "generator_manifest_image_id": "sha256:e18301a8220fb0b62fabf56feffcb5e621049daa7c7a0b79eacb60cae5e57fda",
    "generator_manifest_klean_py_sha256": "ddec66db87398459ff0c2b5aad7121fe1029b58b8d576db4203c68bf5b647d13",
    "source_manifest_files": {
      "klean.py": "ddec66db87398459ff0c2b5aad7121fe1029b58b8d576db4203c68bf5b647d13",
      "klean_export.py": "235473b1324d2b203cb2a49ab94e36fb7c300084d506a57fca2228381f1bdec0"
    },
    "source_manifest_image_id": "sha256:e18301a8220fb0b62fabf56feffcb5e621049daa7c7a0b79eacb60cae5e57fda"
  }
}
