Script started on 2026-07-26 05:14:20-05:00 [<not executed on terminal>]
COMMAND[tool-kompile-version]: kompile --version
K version:    v7.1.293
Build date:   Fri Oct 03 13:32:35 CDT 2025
EXIT[tool-kompile-version]: 0
COMMAND[tool-kprove-version]: kprove --version
K version:    v7.1.293
Build date:   Fri Oct 03 13:32:35 CDT 2025
EXIT[tool-kprove-version]: 0
COMMAND[tool-krun-version]: krun --version
K version:    v7.1.293
Build date:   Fri Oct 03 13:32:35 CDT 2025
EXIT[tool-krun-version]: 0
COMMAND[kompile-llvm]: kompile semantic.k --main-module MPY-SEMANTICS --syntax-module MPY-SYNTAX --backend llvm --output-definition /tmp/audit-work/runs/semantic-kompiled
[0m[0mEXIT[kompile-llvm]: 0
COMMAND[python-oracles]: python3 /audit-output/evidence/02_concrete_oracles.py
input='(()()) ((())) () ((())()())' canonical=[2, 3, 1, 3] submitted=[2, 3, 1, 3]
input='()()' canonical=[1] submitted=[1]
input='' canonical=[] submitted=[0]
input='()  (())' canonical=[1, 2] submitted=[1, 0, 2]
EXIT[python-oracles]: 0
COMMAND[krun-normal]: krun solution.mpy --definition /tmp/audit-work/runs/semantic-kompiled -cINPUT="(()()) ((())) () ((())()())"
[0m[0m<mpy>[0m
  <k>[0m
    .K
  </k>[0m
  <input>[0m
    "(()()) ((())) () ((())()())"
  </input>[0m
  <env>[0m
    .Map[0m
  </env>[0m
  <functions>[0m
    .Map[0m
  </functions>[0m
  <result>[0m
    result[0m ([0m pyList[0m ([0m pyInt[0m ([0m 2 )[0m ::[0m pyInt[0m ([0m 3 )[0m ::[0m pyInt[0m ([0m 1 )[0m ::[0m pyInt[0m ([0m 3 )[0m ::[0m .PyVals[0m )[0m )[0m
  </result>[0m
</mpy>[0m
EXIT[krun-normal]: 0
COMMAND[krun-branch-boundary]: krun solution.mpy --definition /tmp/audit-work/runs/semantic-kompiled -cINPUT="()()"
[0m[0m<mpy>[0m
  <k>[0m
    .K
  </k>[0m
  <input>[0m
    "()()"
  </input>[0m
  <env>[0m
    .Map[0m
  </env>[0m
  <functions>[0m
    .Map[0m
  </functions>[0m
  <result>[0m
    result[0m ([0m pyList[0m ([0m pyInt[0m ([0m 1 )[0m ::[0m .PyVals[0m )[0m )[0m
  </result>[0m
</mpy>[0m
EXIT[krun-branch-boundary]: 0
COMMAND[krun-empty]: krun solution.mpy --definition /tmp/audit-work/runs/semantic-kompiled -cINPUT=""
[0m[0m<mpy>[0m
  <k>[0m
    .K
  </k>[0m
  <input>[0m
    ""
  </input>[0m
  <env>[0m
    .Map[0m
  </env>[0m
  <functions>[0m
    .Map[0m
  </functions>[0m
  <result>[0m
    result[0m ([0m pyList[0m ([0m pyInt[0m ([0m 0 )[0m ::[0m .PyVals[0m )[0m )[0m
  </result>[0m
</mpy>[0m
EXIT[krun-empty]: 0
COMMAND[krun-repeated-separator]: krun solution.mpy --definition /tmp/audit-work/runs/semantic-kompiled -cINPUT="()  (())"
[0m[0m<mpy>[0m
  <k>[0m
    .K
  </k>[0m
  <input>[0m
    "()  (())"
  </input>[0m
  <env>[0m
    .Map[0m
  </env>[0m
  <functions>[0m
    .Map[0m
  </functions>[0m
  <result>[0m
    result[0m ([0m pyList[0m ([0m pyInt[0m ([0m 1 )[0m ::[0m pyInt[0m ([0m 0 )[0m ::[0m pyInt[0m ([0m 2 )[0m ::[0m .PyVals[0m )[0m )[0m
  </result>[0m
</mpy>[0m
EXIT[krun-repeated-separator]: 0
COMMAND[kompile-haskell]: kompile verification.k --main-module MPY-VERIFICATION --syntax-module MPY-VERIFICATION --backend haskell --output-definition /tmp/audit-work/runs/verification-kompiled
[0m[0mEXIT[kompile-haskell]: 0
COMMAND[kprove-all-candidate-claims]: kprove spec.k --definition /tmp/audit-work/runs/verification-kompiled --spec-module SPEC
#Top
[0m[0mEXIT[kprove-all-candidate-claims]: 0
COMMAND[kprove-claim-example]: kprove /tmp/audit-work/runs/isolated-specs.k --definition /tmp/audit-work/runs/verification-kompiled --spec-module AUDIT-SPEC-EXAMPLE
[Error] Critical: Could not find file: verification.k
Lookup
directories:[/usr/lib/kframework/java/../../../include/kframework/builtin,
/tmp/audit-work/runs]
	Source(/tmp/audit-work/runs/isolated-specs.k)
	Location(1,1,1,26)
	1 |	requires "verification.k"
	  .	^~~~~~~~~~~~~~~~~~~~~~~~~
[0m[0mEXIT[kprove-claim-example]: 113
COMMAND[kprove-claim-increasing]: kprove /tmp/audit-work/runs/isolated-specs.k --definition /tmp/audit-work/runs/verification-kompiled --spec-module AUDIT-SPEC-INCREASING
[Error] Critical: Could not find file: verification.k
Lookup
directories:[/usr/lib/kframework/java/../../../include/kframework/builtin,
/tmp/audit-work/runs]
	Source(/tmp/audit-work/runs/isolated-specs.k)
	Location(1,1,1,26)
	1 |	requires "verification.k"
	  .	^~~~~~~~~~~~~~~~~~~~~~~~~
[0m[0mEXIT[kprove-claim-increasing]: 113
COMMAND[kprove-claim-single]: kprove /tmp/audit-work/runs/isolated-specs.k --definition /tmp/audit-work/runs/verification-kompiled --spec-module AUDIT-SPEC-SINGLE
[Error] Critical: Could not find file: verification.k
Lookup
directories:[/usr/lib/kframework/java/../../../include/kframework/builtin,
/tmp/audit-work/runs]
	Source(/tmp/audit-work/runs/isolated-specs.k)
	Location(1,1,1,26)
	1 |	requires "verification.k"
	  .	^~~~~~~~~~~~~~~~~~~~~~~~~
[0m[0mEXIT[kprove-claim-single]: 113
REBUILD_OVERALL_EXIT=1

Script done on 2026-07-26 05:14:37-05:00 [COMMAND_EXIT_CODE="1"]
