COMMAND: bash -lc for\ audit_file\ in\ \$\(rg\ --files\ reference-semantics\ verification-base.k\ verification.k\ spec.k\ loop-spec.k\ \|\ sort\)\;\ do\ syntax_count=\$\(rg\ -c\ \"\^\[\[:space:\]\]\*syntax\\\\b\"\ \"\$audit_file\"\ \|\|\ true\)\;\ rule_count=\$\(rg\ -c\ \"\^\[\[:space:\]\]\*rule\\\\b\"\ \"\$audit_file\"\ \|\|\ true\)\;\ context_count=\$\(rg\ -c\ \"\^\[\[:space:\]\]\*context\\\\b\"\ \"\$audit_file\"\ \|\|\ true\)\;\ claim_count=\$\(rg\ -c\ \"\^\[\[:space:\]\]\*claim\\\\b\"\ \"\$audit_file\"\ \|\|\ true\)\;\ printf\ \"%s\ syntax=%s\ rules=%s\ contexts=%s\ claims=%s\\n\"\ \"\$audit_file\"\ \"\$\{syntax_count:-0\}\"\ \"\$\{rule_count:-0\}\"\ \"\$\{context_count:-0\}\"\ \"\$\{claim_count:-0\}\"\;\ done
WORKDIR: /tmp/audit-work/122-add-elements
loop-spec.k syntax=0 rules=0 contexts=0 claims=1
reference-semantics/semantics.k syntax=0 rules=0 contexts=0 claims=0
reference-semantics/semantics/assert.k syntax=0 rules=3 contexts=0 claims=0
reference-semantics/semantics/bool.k syntax=0 rules=16 contexts=1 claims=0
reference-semantics/semantics/builtins.k syntax=40 rules=154 contexts=0 claims=0
reference-semantics/semantics/call.k syntax=3 rules=21 contexts=0 claims=0
reference-semantics/semantics/comprehension.k syntax=3 rules=7 contexts=0 claims=0
reference-semantics/semantics/concrete.k syntax=6 rules=26 contexts=0 claims=0
reference-semantics/semantics/controls.k syntax=3 rules=34 contexts=0 claims=0
reference-semantics/semantics/core.k syntax=41 rules=51 contexts=0 claims=0
reference-semantics/semantics/dict.k syntax=12 rules=28 contexts=0 claims=0
reference-semantics/semantics/float.k syntax=43 rules=146 contexts=0 claims=0
reference-semantics/semantics/functions.k syntax=4 rules=15 contexts=0 claims=0
reference-semantics/semantics/int.k syntax=1 rules=19 contexts=0 claims=0
reference-semantics/semantics/iter.k syntax=1 rules=0 contexts=0 claims=0
reference-semantics/semantics/list.k syntax=5 rules=27 contexts=0 claims=0
reference-semantics/semantics/methods.k syntax=27 rules=75 contexts=0 claims=0
reference-semantics/semantics/operators.k syntax=0 rules=10 contexts=2 claims=0
reference-semantics/semantics/range.k syntax=2 rules=6 contexts=0 claims=0
reference-semantics/semantics/set.k syntax=6 rules=12 contexts=0 claims=0
reference-semantics/semantics/sort.k syntax=7 rules=25 contexts=0 claims=0
reference-semantics/semantics/str.k syntax=5 rules=28 contexts=0 claims=0
reference-semantics/semantics/subscript.k syntax=15 rules=40 contexts=2 claims=0
reference-semantics/semantics/syntax.k syntax=16 rules=0 contexts=0 claims=0
reference-semantics/semantics/tuple.k syntax=4 rules=21 contexts=0 claims=0
spec.k syntax=0 rules=0 contexts=0 claims=1
verification-base.k syntax=6 rules=16 contexts=0 claims=0
verification.k syntax=0 rules=1 contexts=0 claims=0
EXIT_STATUS: 0
