COMMAND: rg -n \^\\s\*\(syntax\|rule\|claim\|configuration\)\|\\\[\(function\|total\|functional\|simplification\|priority\|concrete\) semantic.k solution-program.k verification.k verified-lemma.k loop-spec.k spec.k
WORKDIR: /tmp/audit-work/rebuild
--- OUTPUT ---
spec.k:6:  claim <mpy>
loop-spec.k:6:  claim <mpy>
verified-lemma.k:7:  rule <k>
verified-lemma.k:26:    [priority(30)]
verification.k:10:  syntax Values ::= pacc(String, Int)
verification.k:11:  rule pacc(_, 0) => vnil
verification.k:12:  rule snoc(pacc(S, N), strVal(substrString(S, 0, I)))
verification.k:15:    [simplification]
verification.k:17:  syntax Values ::= allPrefixes(String) [function]
verification.k:18:  rule allPrefixes(S) => pacc(S, lengthString(S))
solution-program.k:3:  syntax Program ::= "solutionProgram" [function]
solution-program.k:4:  rule solutionProgram =>
semantic.k:5:  syntax Program ::= "Module" "(" Stmts ")"
semantic.k:8:  syntax Stmts ::= List{Stmt, ""}
semantic.k:9:  syntax Exprs ::= NeList{Expr, ","}
semantic.k:10:  syntax Strings ::= List{String, ","}
semantic.k:12:  syntax Stmt ::= "ImportFrom" "(" String "," Strings ")"
semantic.k:19:  syntax Params ::= "Params" "(" Strings ")"
semantic.k:21:  syntax Expr ::= "Name" "(" String ")"
semantic.k:32:  syntax CmpOps ::= List{CmpOp, ","}
semantic.k:33:  syntax CmpOp ::= "CmpOp" "(" String "," Expr ")"
semantic.k:35:  syntax Index ::= Expr
semantic.k:37:  syntax Bound ::= Expr | "NoBound"
semantic.k:47:  syntax Value ::= intVal(Int)
semantic.k:52:  syntax Values ::= "vnil" | vcons(Value, Values)
semantic.k:54:  syntax Env ::= "emptyEnv" | bind(String, Value, Env)
semantic.k:55:  syntax Function ::= function(String, Stmts)
semantic.k:56:  syntax FEnv ::= "emptyFEnv" | fbind(String, Function, FEnv)
semantic.k:58:  syntax KItem ::= exec(Stmts)
semantic.k:64:  syntax Value ::= lookup(String, Env) [function]
semantic.k:65:  rule lookup(X, bind(X, V, _)) => V
semantic.k:66:  rule lookup(X, bind(Y, _, REST)) => lookup(X, REST)
semantic.k:69:  syntax Env ::= update(String, Value, Env) [function]
semantic.k:70:  rule update(X, V, emptyEnv) => bind(X, V, emptyEnv)
semantic.k:71:  rule update(X, V, bind(X, _, REST)) => bind(X, V, REST)
semantic.k:72:  rule update(X, V, bind(Y, W, REST)) => bind(Y, W, update(X, V, REST))
semantic.k:75:  syntax Function ::= flookup(String, FEnv) [function]
semantic.k:76:  rule flookup(X, fbind(X, FN, _)) => FN
semantic.k:77:  rule flookup(X, fbind(Y, _, REST)) => flookup(X, REST)
semantic.k:80:  syntax Values ::= snoc(Values, Value) [function]
semantic.k:81:  rule snoc(vnil, V) => vcons(V, vnil)
semantic.k:82:  rule snoc(vcons(H, T), V) => vcons(H, snoc(T, V))
semantic.k:84:  syntax Value ::= eval(Expr, Env) [function]
semantic.k:85:  rule eval(Int(I), _) => intVal(I)
semantic.k:86:  rule eval(Str(S), _) => strVal(S)
semantic.k:87:  rule eval(Name(X), ENV) => lookup(X, ENV)
semantic.k:88:  rule eval(ListExpr(), _) => listVal(vnil)
semantic.k:89:  rule eval(BinOp("+", A, B), ENV) => addVal(eval(A, ENV), eval(B, ENV))
semantic.k:90:  rule eval(Call(Name("len"), E), ENV) => lenVal(eval(E, ENV))
semantic.k:91:  rule eval(Compare(A, CmpOp("<=", B)), ENV)
semantic.k:93:  rule eval(Subscript(E, Slice(NoBound, HI, NoBound)), ENV)
semantic.k:96:  syntax Value ::= addVal(Value, Value) [function]
semantic.k:97:                 | lenVal(Value) [function]
semantic.k:98:                 | lessEqVal(Value, Value) [function]
semantic.k:99:                 | prefixVal(Value, Value) [function]
semantic.k:100:                 | appendVal(Value, Value) [function]
semantic.k:101:  rule addVal(intVal(I), intVal(J)) => intVal(I +Int J)
semantic.k:102:  rule lenVal(strVal(S)) => intVal(lengthString(S))
semantic.k:103:  rule lessEqVal(intVal(I), intVal(J)) => boolVal(I <=Int J)
semantic.k:104:  rule prefixVal(strVal(S), intVal(I)) => strVal(substrString(S, 0, I))
semantic.k:105:  rule appendVal(listVal(VS), V) => listVal(snoc(VS, V))
semantic.k:107:  syntax Bool ::= truth(Value) [function]
semantic.k:108:  rule truth(boolVal(B)) => B
semantic.k:110:  configuration
semantic.k:117:  rule <k> Run(Module(SS), E) => exec(SS) ~> E ... </k>
semantic.k:118:  rule <k> Module(SS) => exec(SS) ... </k>
semantic.k:120:  rule <k> exec(.Stmts) => .K ... </k>
semantic.k:121:  rule <k> exec(S SS) => S ~> exec(SS) ... </k>
semantic.k:123:  rule <k> ImportFrom(_, _) => .K ... </k>
semantic.k:124:  rule <k> FuncDef(F, Params(P), BODY) => .K ... </k>
semantic.k:126:  rule <k> Assign(Name(X), E) => .K ... </k>
semantic.k:128:  rule <k> Expr(Call(Attribute(Name(X), "append"), E)) => .K ... </k>
semantic.k:130:  rule <k> While(COND, BODY) => loop(COND, BODY) ... </k>
semantic.k:131:  rule <k> loop(COND, BODY) => exec(BODY) ~> loop(COND, BODY) ... </k>
semantic.k:134:  rule <k> loop(COND, _) => .K ... </k>
semantic.k:138:  rule <k> Call(Name(F), ARG) => invoke(flookup(F, FUNS), eval(ARG, ENV), ENV) ... </k>
semantic.k:141:  rule <k> invoke(function(P, BODY), V, OLD) => exec(BODY) ~> restoreEnv(OLD) ... </k>
semantic.k:144:  rule <k> Return(E) => returning(eval(E, ENV)) ... </k>
semantic.k:146:  rule <k> returning(V) ~> exec(_) => returning(V) ... </k>
semantic.k:147:  rule <k> returning(V) ~> restoreEnv(OLD) => V ... </k>
--- END OUTPUT ---
EXIT_STATUS: 0
