COMMAND: bash -lc mkdir\ -p\ /tmp/audit-work/proof/reference-semantics\;\ cp\ -a\ /reference/reference-semantics/.\ /tmp/audit-work/proof/reference-semantics/\;\ cp\ /candidate/solution.py\ /candidate/solution.mpy\ /candidate/verification.k\ /candidate/spec.k\ /candidate/prove.sh\ /candidate/spec-connection.k\ /candidate/spec-body-mutation.k\ /candidate/spec-vacuity.k\ /tmp/audit-work/proof/\;\ cp\ /reference/prompt.py\ /reference/canonical.py\ /reference/py2mpy.py\ /tmp/audit-work/proof/\;\ find\ /tmp/audit-work/proof\ -type\ f\ -printf\ \"%P\\n\"\ \|\ sort\;\ find\ /tmp/audit-work/proof\ -type\ f\ -print0\ \|\ sort\ -z\ \|\ xargs\ -0\ sha256sum
canonical.py
prompt.py
prove.sh
py2mpy.py
reference-semantics/semantics.k
reference-semantics/semantics/assert.k
reference-semantics/semantics/bool.k
reference-semantics/semantics/builtins.k
reference-semantics/semantics/call.k
reference-semantics/semantics/comprehension.k
reference-semantics/semantics/concrete.k
reference-semantics/semantics/controls.k
reference-semantics/semantics/core.k
reference-semantics/semantics/dict.k
reference-semantics/semantics/float.k
reference-semantics/semantics/functions.k
reference-semantics/semantics/int.k
reference-semantics/semantics/iter.k
reference-semantics/semantics/list.k
reference-semantics/semantics/methods.k
reference-semantics/semantics/operators.k
reference-semantics/semantics/range.k
reference-semantics/semantics/set.k
reference-semantics/semantics/sort.k
reference-semantics/semantics/str.k
reference-semantics/semantics/subscript.k
reference-semantics/semantics/syntax.k
reference-semantics/semantics/tuple.k
solution.mpy
solution.py
spec-body-mutation.k
spec-connection.k
spec-vacuity.k
spec.k
verification.k
c75fd5ccef340b959ef622cc396113322c76ebf084490c2d17d43b615b4bcf75  /tmp/audit-work/proof/canonical.py
278875ddc3e598e47227263e6384f3c169b8526e9ab6475e52e939d6a151f00b  /tmp/audit-work/proof/prompt.py
fdc06c417acd2a161e3f48fd287cb142c1856c2582470e52c7f5be7223e32ef2  /tmp/audit-work/proof/prove.sh
406485eac118431c08ef59f30f79dfa6aa9d5825408917fc5ce7c806e664db16  /tmp/audit-work/proof/py2mpy.py
57e8f9f3178639bbb87f95e5cc596bbaa91a6463f965b1965911eff9a0269f97  /tmp/audit-work/proof/reference-semantics/semantics.k
4258987a261d24b02ab3abfa52b3b2e013ea6323f9d5eb9a59c8f42cbcba030b  /tmp/audit-work/proof/reference-semantics/semantics/assert.k
8d6cfa9cd1ed776e51d776e4d358c418960c57715a6f9654ef9af41aea29f4fd  /tmp/audit-work/proof/reference-semantics/semantics/bool.k
fa43a855b8a4548f305f3dd210c8f6c6e7aa15b8d1cb0b8296977f061310c2dd  /tmp/audit-work/proof/reference-semantics/semantics/builtins.k
7e4d6c7cabe7bb4ccff52f21c5d5f30920ccb48d42864146ce53146509f736e4  /tmp/audit-work/proof/reference-semantics/semantics/call.k
cf7c38aad5cff698ebb05ecbadf00cbf210ddb2f54ae86f22b328311c027c6a7  /tmp/audit-work/proof/reference-semantics/semantics/comprehension.k
1ffea42a32610e9116506d709e9163413aeb5f6deb7824ea554aca8341f2d305  /tmp/audit-work/proof/reference-semantics/semantics/concrete.k
325c73757d5a7ccf541b93240accd590a2cee90d84470efa3a4a0a14165aafae  /tmp/audit-work/proof/reference-semantics/semantics/controls.k
e0fdc11dc2b9cd0acb18fe7c832c1ea1ac0c9e79cadf40c63f34276aca513d7e  /tmp/audit-work/proof/reference-semantics/semantics/core.k
779b06e18162464c8422bbd6ac35fa0b9e34ef82807d5c707c6f4552d63c0580  /tmp/audit-work/proof/reference-semantics/semantics/dict.k
5dfeee8700c90c3aa6dc515b15b74283882845fb6cdcc3627d97ef650124b70f  /tmp/audit-work/proof/reference-semantics/semantics/float.k
e4c8f67741117b29703c3c61d48a5b0f92cf7bd531e78e25c03e794a910ac193  /tmp/audit-work/proof/reference-semantics/semantics/functions.k
dc2da7d81578370651ecb6905b69cb44443cdd8db3869441242b81420382abe5  /tmp/audit-work/proof/reference-semantics/semantics/int.k
5085db2fed67b7bbd39f6289ec275905aaee742690895d7b3f843f73bd62f77f  /tmp/audit-work/proof/reference-semantics/semantics/iter.k
870c72341c25e2c16283726191a71bf5b571ed2995c8ae12e3e2923cdce5a9aa  /tmp/audit-work/proof/reference-semantics/semantics/list.k
ff9acc6dab2d1cc99ec4f2d234f27ae4526d752aae62bcfd7f9fd2a0399f7743  /tmp/audit-work/proof/reference-semantics/semantics/methods.k
f3d1fd85734f5e1757307e606cbfb8d6d4bf0893ee85ce20ec99606ade910e8b  /tmp/audit-work/proof/reference-semantics/semantics/operators.k
810e4c04b757445c03592aef25c97d6b2cc7c6fffa646288bc6cd15a3cae643d  /tmp/audit-work/proof/reference-semantics/semantics/range.k
b822c3c6944f9940a4477fa6b7a42490c407663f2a314394e9c146e8951f1ac7  /tmp/audit-work/proof/reference-semantics/semantics/set.k
df79670e4794a92e96ffc824857fbc34d3a65b6b6a3026d1dcf322128fbaba5a  /tmp/audit-work/proof/reference-semantics/semantics/sort.k
1bf0abf61d7c5df6301433a89c79d2ef4259d47a68d98385ff74618c4c310e0f  /tmp/audit-work/proof/reference-semantics/semantics/str.k
dba04c0acf213bef4f9f7b11243ca00a2b3ca5fa8666c544ede7d382d27d36a7  /tmp/audit-work/proof/reference-semantics/semantics/subscript.k
1e9e629e5e6e14bdd7f4d530375e8655a89366b5ecd0c24a3c57ad3b5708f2a6  /tmp/audit-work/proof/reference-semantics/semantics/syntax.k
41395a1ec6a58129c78facb15b44206907c54d79e86ea363ae68cb37bfc64abb  /tmp/audit-work/proof/reference-semantics/semantics/tuple.k
b9455a2ae9ed9ff9ab9de9a7f6d2dd9f8e209e09c22be9105e260af224e85169  /tmp/audit-work/proof/solution.mpy
b6417a77c0905c9b0d8d47862c47a02d21334c98d9894088ce1b1e658d5b2214  /tmp/audit-work/proof/solution.py
faf6c070f3482bb9fc3e5920b56704aae36193d73f32f92bdc7089d123ac4754  /tmp/audit-work/proof/spec-body-mutation.k
b19c79b1789990f27a84d79c9340fd8d27aec4c7377a2e96f846e309cc330133  /tmp/audit-work/proof/spec-connection.k
c4576ce3c102d14824a9c34ce00deb2a93e77075eee95088b8b7458ea37cb635  /tmp/audit-work/proof/spec-vacuity.k
bf55ac9f3e7d4efd90c566dc15e661f26ac30e519d4858abb17c4dec17bc02d7  /tmp/audit-work/proof/spec.k
b8451601fa2aaa078d50afaba6a9deea095b64e08feb21fc1ceda6e3bdc6c386  /tmp/audit-work/proof/verification.k
EXIT_STATUS: 0
