COMMAND: python3 /audit-output/evidence/differential_test.py
ORACLE=/reference/canonical.py:get_positive
GENERATED=/candidate/solution.py:get_positive
FIXED_CASES=17
RANDOM_SEED=30030
GENERATED_CASES=1000
TOTAL_CASES=1017
FIXED_INPUTS:
  0: [-1, 2, -4, 5, 6]
  1: [5, 3, -5, 2, -3, 3, 9, 0, 123, 1, -10]
  2: []
  3: [0]
  4: [0.0]
  5: [-0.0]
  6: [-1]
  7: [1]
  8: [-1.0]
  9: [1.0]
  10: [-9223372036854775808, 9223372036854775807]
  11: [-10000000000000000000000000000000000000000000000000000000000000000000000000000000000000000000000000000, 10000000000000000000000000000000000000000000000000000000000000000000000000000000000000000000000000000]
  12: [-inf, -5e-324, -0.0, 0, 0.0, 5e-324, inf]
  13: [nan, -1, 0, 1]
  14: [1, -1, 2, -2, 3, -3]
  15: [-3, -2, -1, 0]
  16: [1, 2, 3]
MISMATCHES=0
EXIT_STATUS: 0
