COMMAND: kprove spec-vacuity.k --definition proof-kompiled --spec-module ROUNDED-AVG-SPEC-VACUITY --dry-run
WORKDIR: /tmp/audit-work/reconstruction
--- OUTPUT BEGIN ---
kore-exec /tmp/audit-work/reconstruction/./proof-kompiled/definition.kore --module ROUNDED-AVG-VERIFICATION --prove /tmp/.kprove-2026-07-24-04-20-18-414-8e7478b7-9219-4d73-8bfa-57a38fb3482c/spec.kore --spec-module ROUNDED-AVG-SPEC-VACUITY --output /tmp/.kprove-2026-07-24-04-20-18-414-8e7478b7-9219-4d73-8bfa-57a38fb3482c/result.kore
[Warning] Compiler: Variable 'As' defined but not used. Prefix variable name
with underscore if this is intentional.
	Source(/tmp/audit-work/reconstruction/reference-semantics/semantics/str.k)
	Location(52,27,52,29)
	52 |	  rule strLt(iCons(A:Int, As:IntSeq), iCons(B:Int, Bs:IntSeq)) => true   
      requires A  <Int B
	   .	                          ^~
[Warning] Compiler: Variable 'Bs' defined but not used. Prefix variable name
with underscore if this is intentional.
	Source(/tmp/audit-work/reconstruction/reference-semantics/semantics/str.k)
	Location(52,52,52,54)
	52 |	  rule strLt(iCons(A:Int, As:IntSeq), iCons(B:Int, Bs:IntSeq)) => true   
      requires A  <Int B
	   .	                                                   ^~
[Warning] Compiler: Variable 'As' defined but not used. Prefix variable name
with underscore if this is intentional.
	Source(/tmp/audit-work/reconstruction/reference-semantics/semantics/str.k)
	Location(53,27,53,29)
	53 |	  rule strLt(iCons(A:Int, As:IntSeq), iCons(B:Int, Bs:IntSeq)) => false  
      requires A  >Int B
	   .	                          ^~
[Warning] Compiler: Variable 'Bs' defined but not used. Prefix variable name
with underscore if this is intentional.
	Source(/tmp/audit-work/reconstruction/reference-semantics/semantics/str.k)
	Location(53,52,53,54)
	53 |	  rule strLt(iCons(A:Int, As:IntSeq), iCons(B:Int, Bs:IntSeq)) => false  
      requires A  >Int B
	   .	                                                   ^~
--- OUTPUT END ---
EXIT_STATUS: 0
