+ '[' -z '' ']'
+ return
+ case $- in
+ return
+ python3 -c 'import json,collections; p="/reference/lemma-discovery.json"; d=json.load(open(p)); print(json.dumps({"schema_version":d.get("schema_version"),"inventory_sha256":d.get("inventory_sha256"),"rule_count":len(d.get("rules",[])),"classification_counts":collections.Counter(x.get("classification") for x in d.get("rules",[])),"rules":d.get("rules",[])},indent=2,sort_keys=True))'
{
  "classification_counts": {
    "DEFINITION": 20,
    "DOMAIN_LEMMA": 13
  },
  "inventory_sha256": "1858c992ef1e9a6b842e6b7d36b1e30b8abe0e686374e68b1766d4f9cb1e3824",
  "rule_count": 33,
  "rules": [
    {
      "classification": "DEFINITION",
      "rationale": "Defines the named prime-loop statement body by exact expansion to its MPY statement sequence.",
      "source_rule_id": "rule-dd2fa97c98ff9da568d754c34bf8ae33fa6e3cbd8f9981aaa4bd7b6f529748c9"
    },
    {
      "classification": "DEFINITION",
      "rationale": "Defines the named list-scan body by exact expansion to the translated MPY syntax.",
      "source_rule_id": "rule-00b808d699e2afd3554db8e520d3ff061fc0668e2ac28206c5d877b11692e1cf"
    },
    {
      "classification": "DEFINITION",
      "rationale": "Defines the named decimal-digit loop body by exact expansion to its two MPY updates.",
      "source_rule_id": "rule-59e9ea7317fadd4103ee90f8e6dc3bcb686098eeca881f43b8412ba64af29bbb"
    },
    {
      "classification": "DEFINITION",
      "rationale": "Defines targetBody as the exact translated function statement sequence used by the target claim.",
      "source_rule_id": "rule-c3aa454c3b2e79181e07066aa69428eb616e31841e6d1b1dbcd7500c98c47ec0"
    },
    {
      "classification": "DEFINITION",
      "rationale": "Base equation defining allInts on the empty ValSeq.",
      "source_rule_id": "rule-8277b118773512287e2b2b20da4dbf45607f85956623bafa9028b50596471d08"
    },
    {
      "classification": "DEFINITION",
      "rationale": "Structural recurrence defining allInts on a nonempty ValSeq.",
      "source_rule_id": "rule-bb65aed9f318cb650e6f3aaeb61b929864859d3dc05404f2b4a53b0d1f2058d0"
    },
    {
      "classification": "DEFINITION",
      "rationale": "Defines the proof-local projection-definedness predicate to be the generated Int sort predicate.",
      "source_rule_id": "rule-9e2ee339875a1d59e60ef1a09d50617f8c526c60d097a2a486ebed2a648461c5"
    },
    {
      "classification": "DOMAIN_LEMMA",
      "rationale": "Adds an unproved simplification fact characterizing the definedness of the pre-existing partial Val-to-Int cast.",
      "source_rule_id": "rule-0312858a8718cb93d212cdb7b679a2875534dc14191dff8edf7bccf9a96d8b43"
    },
    {
      "classification": "DEFINITION",
      "rationale": "Primary guarded equation defining projectIntTotal by the existing Val-to-Int cast.",
      "source_rule_id": "rule-ced5adecb9e0d364813f64698375904533f4eeac50b93f2799465c7b5fead6d0"
    },
    {
      "classification": "DOMAIN_LEMMA",
      "rationale": "Trusts the reverse symbolic cast-to-projection orientation; Stage 1 did not first prove this exact simplification without the rule.",
      "source_rule_id": "rule-22fa1e67d4a05b75b5a578312159b0a4e049b756806628df2540b007f43bcb5d"
    },
    {
      "classification": "DEFINITION",
      "rationale": "Defining collapse equation for projectIntTotal when its argument already has sort Int.",
      "source_rule_id": "rule-7191d5f6c9756673cca00b440958222ca4d2d1d3d4e18cbc994313a0f4340442"
    },
    {
      "classification": "DOMAIN_LEMMA",
      "rationale": "Adds the unproved idempotence simplification for nested total projections beyond the primary defining cases.",
      "source_rule_id": "rule-9e1486b6d25b62bd0949213fd58d7aac97ed89cc3e87b8c5063f915d1d6b7081"
    },
    {
      "classification": "DOMAIN_LEMMA",
      "rationale": "Unproved guarded dispatch fact lifting MPY integer greater-than from a dynamic Val through projectIntTotal.",
      "source_rule_id": "rule-835c8361eaef00ebfc5566f8c0006f3fcda1381710a9abd174ceefbad2243388"
    },
    {
      "classification": "DOMAIN_LEMMA",
      "rationale": "Unproved guarded dispatch fact lifting MPY integer greater-than-or-equal from a dynamic Val.",
      "source_rule_id": "rule-8ca093b3087d53245e9e69725c16dd38aedaf276503c27b46e0be906c3caa3c4"
    },
    {
      "classification": "DOMAIN_LEMMA",
      "rationale": "Unproved guarded dispatch fact lifting MPY integer less-than when the right operand is a dynamic Val.",
      "source_rule_id": "rule-4175c4aa98cddee27ede99babdafc67baf74a0b86e62935384b5f7edb34d2914"
    },
    {
      "classification": "DOMAIN_LEMMA",
      "rationale": "Unproved guarded dispatch fact equating dynamic-Val modulo with pyMod of its total Int projection.",
      "source_rule_id": "rule-2dd919bc012c069b3c8fffc3cbdb9c9070068f0c8eca42acdc492a3b3db5315a"
    },
    {
      "classification": "DOMAIN_LEMMA",
      "rationale": "Unproved guarded dispatch fact equating dynamic-Val addition with integer addition after projection.",
      "source_rule_id": "rule-00073d0ac825d52fc0b1b4501a73dd6bceabdcb61a3f09abaad5a18381411c17"
    },
    {
      "classification": "DEFINITION",
      "rationale": "Totalization base equation defining primeTail to be false below the divisor domain.",
      "source_rule_id": "rule-5b7a5a8c5b0b79a6600e5b1b37b21ae8e59cec0ce6ee325e42e7a003c7f5daf8"
    },
    {
      "classification": "DEFINITION",
      "rationale": "Base equation defining primeTail as true once the divisor scan has reached or passed N.",
      "source_rule_id": "rule-3b4a82170fbb388f70f21429e9e956f7d8c4231d7121b0e27f6a1b6e26cfc516"
    },
    {
      "classification": "DEFINITION",
      "rationale": "Primary recursive equation defining primeTail over the next candidate divisor.",
      "source_rule_id": "rule-3ad3aef28971f515ab5c54a242a54cdcbc03015ea80193db44180cc6343d6771"
    },
    {
      "classification": "DOMAIN_LEMMA",
      "rationale": "Adds an unproved symbolic shortcut from a zero remainder directly to false rather than serving as a primary recurrence case.",
      "source_rule_id": "rule-ca4e141078b38af84d1adcf7e28052e43ee8b187d3f9e30e56caaee0e604ec91"
    },
    {
      "classification": "DOMAIN_LEMMA",
      "rationale": "Adds an unproved backward-fold simplification for primeTail under a nonzero previous divisor.",
      "source_rule_id": "rule-ea9bd944c022c45e91082fb836fb1130b2cd059d0798ab09baa25e9067fe1c06"
    },
    {
      "classification": "DEFINITION",
      "rationale": "Defines isPrime in terms of the lower bound and the primeTail summary.",
      "source_rule_id": "rule-b78034ba7ab37f18f036d0065448793a9f65296528de6c94cf5fba8d1429c49f"
    },
    {
      "classification": "DEFINITION",
      "rationale": "Positive branch equation defining selectPrime when the candidate is larger and prime.",
      "source_rule_id": "rule-1ad2316fc814518c5a86ddb9fbf319f68759e53eb36a6307e8dd9ae7039273bb"
    },
    {
      "classification": "DEFINITION",
      "rationale": "Complementary branch equation defining selectPrime to retain the current maximum.",
      "source_rule_id": "rule-1b6accb44e5d650ab2552e7418f4631911cc8a8e678ea20e8aee8dac4e259a1c"
    },
    {
      "classification": "DEFINITION",
      "rationale": "Base equation defining largestPrime on the empty sequence.",
      "source_rule_id": "rule-feeddd7ff495f24faf2e8867b16f2910b8042350fc678c951adb88f78fd3cc96"
    },
    {
      "classification": "DEFINITION",
      "rationale": "Structural recurrence defining largestPrime for an integer-valued head.",
      "source_rule_id": "rule-332a226482b34269d8ccea1f7423a3c2c69d40fbee021d7d672651026f29f285"
    },
    {
      "classification": "DEFINITION",
      "rationale": "Totalization recurrence defining largestPrime to ignore a non-Int head.",
      "source_rule_id": "rule-1a849add29cec4756d9e847581eb3bc1b116644d4645c819706e9980e3e70311"
    },
    {
      "classification": "DEFINITION",
      "rationale": "Base equation defining digitSum as zero on nonpositive inputs.",
      "source_rule_id": "rule-becef0c1813d6c021707da54654b7ef1b73b1b17fc894cb9b58f5802e83c6a9f"
    },
    {
      "classification": "DEFINITION",
      "rationale": "Primary decimal recurrence defining digitSum on positive inputs.",
      "source_rule_id": "rule-9807cef137ed9b921a5c7bc80b8297fa4156ae8a68b99973b8a0122a7d4497e4"
    },
    {
      "classification": "DOMAIN_LEMMA",
      "rationale": "Adds the unproved reverse symbolic fold of the positive digitSum recurrence.",
      "source_rule_id": "rule-8b14fdbabbebf92572ac3c9cc4db1a74e817b9134daf88acb375104ce54f4c51"
    },
    {
      "classification": "DOMAIN_LEMMA",
      "rationale": "Adds an unproved normalized fold that expands pyMod into the underlying integer remainder expression.",
      "source_rule_id": "rule-19a4e23f1d39aa90f74d31468e8e2c52b5780ea7f27054931e8584b720b2bc0a"
    },
    {
      "classification": "DOMAIN_LEMMA",
      "rationale": "Adds the unproved accumulator-lifted digitSum fold, relying on the recurrence and integer-addition rearrangement.",
      "source_rule_id": "rule-4e535e9503b7ea5138b6ee785a3c03b7668867ee0f420c22b82e5ec29594b231"
    }
  ],
  "schema_version": 2
}
