+ '[' -z '' ']'
+ return
+ case $- in
+ return
+ rg -n -C 4 'applyCmp\(|applyBin\(|pyMod\(|:>Int|isInt\(' /reference/k-proof/reference-semantics/semantics /reference/k-proof/reference-semantics/semantics.k
/reference/k-proof/reference-semantics/semantics/core.k-205-  rule truthy(tuple(V:ValSeq)) => notBool (V ==K .ValSeq)
/reference/k-proof/reference-semantics/semantics/core.k-206-
/reference/k-proof/reference-semantics/semantics/core.k-207-  // ==== extensible operator dispatch (cases added by the construct modules) ==
/reference/k-proof/reference-semantics/semantics/core.k-208-  syntax Val  ::= applyUn(String, Val) [function]
/reference/k-proof/reference-semantics/semantics/core.k:209:  syntax Val  ::= applyBin(String, Val, Val) [function]
/reference/k-proof/reference-semantics/semantics/core.k:210:  syntax Bool ::= applyCmp(String, Val, Val) [function]
/reference/k-proof/reference-semantics/semantics/core.k-211-
/reference/k-proof/reference-semantics/semantics/core.k-212-  // ==== bool-is-a-subtype-of-int: numeric promotion helpers =================
/reference/k-proof/reference-semantics/semantics/core.k-213-  // Python: `bool` derives from `int`; True/False act as 1/0 in arithmetic and
/reference/k-proof/reference-semantics/semantics/core.k-214-  // comparison. boolAsInt is the total 0/1 coercion; the op-class predicates gate
--
/reference/k-proof/reference-semantics/semantics/sort.k-32-  syntax ValSeq ::= insVSn(Val, ValSeq) [function]
/reference/k-proof/reference-semantics/semantics/sort.k-33-  rule sortVS(vCons(X:Val, R:ValSeq)) => insVSn(X, sortVS(R))
/reference/k-proof/reference-semantics/semantics/sort.k-34-       requires isFloat(X) orBool isBool(X) [concrete]
/reference/k-proof/reference-semantics/semantics/sort.k-35-  rule insVS(X:Int, vCons(Y:Val, R:ValSeq)) => vCons(X, vCons(Y, R))
/reference/k-proof/reference-semantics/semantics/sort.k:36:       requires (isFloat(Y) orBool isBool(Y)) andBool notBool applyCmp("<", Y, X) [concrete]
/reference/k-proof/reference-semantics/semantics/sort.k-37-  rule insVS(X:Int, vCons(Y:Val, R:ValSeq)) => vCons(Y, insVS(X, R))
/reference/k-proof/reference-semantics/semantics/sort.k:38:       requires (isFloat(Y) orBool isBool(Y)) andBool applyCmp("<", Y, X) [concrete]
/reference/k-proof/reference-semantics/semantics/sort.k-39-  rule insVSn(X:Val, .ValSeq) => vCons(X, .ValSeq) [concrete]
/reference/k-proof/reference-semantics/semantics/sort.k-40-  rule insVSn(X:Val, vCons(Y:Val, R:ValSeq)) => vCons(X, vCons(Y, R))
/reference/k-proof/reference-semantics/semantics/sort.k:41:       requires notBool applyCmp("<", Y, X) [concrete]
/reference/k-proof/reference-semantics/semantics/sort.k-42-  rule insVSn(X:Val, vCons(Y:Val, R:ValSeq)) => vCons(Y, insVSn(X, R))
/reference/k-proof/reference-semantics/semantics/sort.k:43:       requires applyCmp("<", Y, X) [concrete]
/reference/k-proof/reference-semantics/semantics/sort.k-44-  // str elements insert by the shared lexicographic strLt (methods.k)
/reference/k-proof/reference-semantics/semantics/sort.k-45-  syntax ValSeq ::= insVSs(IntSeq, ValSeq) [function]
/reference/k-proof/reference-semantics/semantics/sort.k-46-  rule sortVS(vCons(str(CS:IntSeq), R:ValSeq)) => insVSs(CS, sortVS(R)) [concrete]
/reference/k-proof/reference-semantics/semantics/sort.k-47-  rule insVSs(A:IntSeq, .ValSeq) => vCons(str(A), .ValSeq) [concrete]
--
/reference/k-proof/reference-semantics/semantics/list.k-23-  // already deref'd). priority(45) beats the generic BinOp dispatch.
/reference/k-proof/reference-semantics/semantics/list.k-24-  rule <k> BinOp("+", list(A:ValSeq), list(B:ValSeq)) => #alloc(list(valSeqConcat(A, B))) ... </k>
/reference/k-proof/reference-semantics/semantics/list.k-25-       [priority(45)]
/reference/k-proof/reference-semantics/semantics/list.k-26-
/reference/k-proof/reference-semantics/semantics/list.k:27:  rule applyCmp("==", list(A:ValSeq), list(B:ValSeq)) => A ==K B
/reference/k-proof/reference-semantics/semantics/list.k:28:  rule applyCmp("!=", list(A:ValSeq), list(B:ValSeq)) => notBool (A ==K B)
/reference/k-proof/reference-semantics/semantics/list.k-29-
/reference/k-proof/reference-semantics/semantics/list.k-30-  // ==== deep equality when elements are heap objects (list-of-lists) ========
/reference/k-proof/reference-semantics/semantics/list.k-31-  // Python == is structural at every depth. Fires ONLY when a ref is present
/reference/k-proof/reference-semantics/semantics/list.k-32-  // (the guard decides on concrete seqs); the plain ==K path above is unchanged.
--
/reference/k-proof/reference-semantics/semantics/float.k-23-  // Int / float true division. OPAQUE for kprove (no-evaluators); concrete for krun.
/reference/k-proof/reference-semantics/semantics/float.k-24-  syntax Float ::= intFloatDiv(Int, Float) [function, total, symbol(intFloatDiv), no-evaluators]
/reference/k-proof/reference-semantics/semantics/float.k-25-  rule intFloatDiv(I:Int, F:Float) => Int2Float(I, 53, 11) /Float F [concrete]
/reference/k-proof/reference-semantics/semantics/float.k-26-
/reference/k-proof/reference-semantics/semantics/float.k:27:  rule applyBin("/", I:Int, F:Float) => intFloatDiv(I, F)
/reference/k-proof/reference-semantics/semantics/float.k-28-
/reference/k-proof/reference-semantics/semantics/float.k-29-  // Int / Int true division (Python: always a float). OPAQUE for kprove; concrete for krun.
/reference/k-proof/reference-semantics/semantics/float.k-30-  syntax Float ::= divII(Int, Int) [function, total, symbol(divII), no-evaluators]
/reference/k-proof/reference-semantics/semantics/float.k-31-  rule divII(I1:Int, I2:Int) => Int2Float(I1, 53, 11) /Float Int2Float(I2, 53, 11) [concrete]
/reference/k-proof/reference-semantics/semantics/float.k:32:  rule applyBin("/", I1:Int, I2:Int) => divII(I1, I2)
/reference/k-proof/reference-semantics/semantics/float.k-33-
/reference/k-proof/reference-semantics/semantics/float.k-34-  // float % float (e.g. `number % 1.0` = the fractional part). OPAQUE for kprove, concrete for
/reference/k-proof/reference-semantics/semantics/float.k-35-  // krun. Python's float `%` is floor-based: a % b = a - floor(a/b)*b (K's %Float is IEEE
/reference/k-proof/reference-semantics/semantics/float.k-36-  // remainder, which differs — 3.5 %Float 1.0 = -0.5 vs Python 0.5 — so it is NOT used).
/reference/k-proof/reference-semantics/semantics/float.k-37-  syntax Float ::= floatMod(Float, Float) [function, total, symbol(floatMod), no-evaluators]
/reference/k-proof/reference-semantics/semantics/float.k-38-  rule floatMod(F1:Float, F2:Float) => F1 -Float (floorFloat(F1 /Float F2) *Float F2) [concrete]
/reference/k-proof/reference-semantics/semantics/float.k:39:  rule applyBin("%", F1:Float, F2:Float) => floatMod(F1, F2)
/reference/k-proof/reference-semantics/semantics/float.k-40-
/reference/k-proof/reference-semantics/semantics/float.k-41-  // float equality — for concrete krun asserts (e.g. `area == 7.5`); the FLOAT.eq hook is fine on
/reference/k-proof/reference-semantics/semantics/float.k-42-  // concrete floats. kprove proofs return floats structurally and do not compare them.
/reference/k-proof/reference-semantics/semantics/float.k:43:  rule applyCmp("==", F1:Float, F2:Float) => F1 ==Float F2
/reference/k-proof/reference-semantics/semantics/float.k:44:  rule applyCmp("!=", F1:Float, F2:Float) => notBool (F1 ==Float F2)
/reference/k-proof/reference-semantics/semantics/float.k-45-
/reference/k-proof/reference-semantics/semantics/float.k-46-  // float `<` and abs — OPAQUE for kprove ([no-evaluators], so a SYMBOLIC float compare stays an
/reference/k-proof/reference-semantics/semantics/float.k-47-  // uninterpreted Bool a proof case-splits on — a SINGLE compare per branch, not a nonlinear cascade),
/reference/k-proof/reference-semantics/semantics/float.k-48-  // [concrete] for krun. Additive, sort-disjoint from the Int rules. (has_close_elements: the pairwise
/reference/k-proof/reference-semantics/semantics/float.k-49-  // `abs(a-b) < t` proximity test.)
/reference/k-proof/reference-semantics/semantics/float.k-50-  syntax Bool ::= floatLt(Float, Float) [function, total, symbol(floatLt), no-evaluators]
/reference/k-proof/reference-semantics/semantics/float.k-51-  rule floatLt(F1:Float, F2:Float) => F1 <Float F2 [concrete]
/reference/k-proof/reference-semantics/semantics/float.k:52:  rule applyCmp("<", F1:Float, F2:Float) => floatLt(F1, F2)
/reference/k-proof/reference-semantics/semantics/float.k-53-
/reference/k-proof/reference-semantics/semantics/float.k-54-  syntax Float ::= absF(Float) [function, total, symbol(absF), no-evaluators]
/reference/k-proof/reference-semantics/semantics/float.k-55-  rule absF(F:Float) => absFloat(F) [concrete]
/reference/k-proof/reference-semantics/semantics/float.k-56-  rule applyBuiltin("abs", F:Float, .Vals) => absF(F)
--
/reference/k-proof/reference-semantics/semantics/float.k-101-  // ---- float - / / / + (OPAQUE for kprove [no-evaluators], concrete for krun) — for float-list
/reference/k-proof/reference-semantics/semantics/float.k-102-  // element maps (x - lo) / (hi - lo). Mirror intFloatDiv: additive, sort-disjoint from the Int rules.
/reference/k-proof/reference-semantics/semantics/float.k-103-  syntax Float ::= subF(Float, Float) [function, total, symbol(subF), no-evaluators]
/reference/k-proof/reference-semantics/semantics/float.k-104-  rule subF(F1:Float, F2:Float) => F1 -Float F2 [concrete]
/reference/k-proof/reference-semantics/semantics/float.k:105:  rule applyBin("-", F1:Float, F2:Float) => subF(F1, F2)
/reference/k-proof/reference-semantics/semantics/float.k-106-
/reference/k-proof/reference-semantics/semantics/float.k-107-  syntax Float ::= divF(Float, Float) [function, total, symbol(divF), no-evaluators]
/reference/k-proof/reference-semantics/semantics/float.k-108-  rule divF(F1:Float, F2:Float) => F1 /Float F2 [concrete]
/reference/k-proof/reference-semantics/semantics/float.k:109:  rule applyBin("/", F1:Float, F2:Float) => divF(F1, F2)
/reference/k-proof/reference-semantics/semantics/float.k-110-
/reference/k-proof/reference-semantics/semantics/float.k-111-  syntax Float ::= addF(Float, Float) [function, total, symbol(addF), no-evaluators]
/reference/k-proof/reference-semantics/semantics/float.k-112-  rule addF(F1:Float, F2:Float) => F1 +Float F2 [concrete]
/reference/k-proof/reference-semantics/semantics/float.k:113:  rule applyBin("+", F1:Float, F2:Float) => addF(F1, F2)
/reference/k-proof/reference-semantics/semantics/float.k-114-
/reference/k-proof/reference-semantics/semantics/float.k-115-  syntax Float ::= mulF(Float, Float) [function, total, symbol(mulF), no-evaluators]
/reference/k-proof/reference-semantics/semantics/float.k-116-  rule mulF(F1:Float, F2:Float) => F1 *Float F2 [concrete]
/reference/k-proof/reference-semantics/semantics/float.k:117:  rule applyBin("*", F1:Float, F2:Float) => mulF(F1, F2)
/reference/k-proof/reference-semantics/semantics/float.k-118-
/reference/k-proof/reference-semantics/semantics/float.k-119-  syntax Float ::= powF(Float, Float) [function, total, symbol(powF), no-evaluators]
/reference/k-proof/reference-semantics/semantics/float.k-120-  rule powF(F1:Float, F2:Float) => F1 ^Float F2 [concrete]
/reference/k-proof/reference-semantics/semantics/float.k:121:  rule applyBin("**", F1:Float, F2:Float) => powF(F1, F2)
/reference/k-proof/reference-semantics/semantics/float.k-122-
/reference/k-proof/reference-semantics/semantics/float.k-123-  // ---- the remaining comparisons (gtF promoted from find_zero — its summaries
/reference/k-proof/reference-semantics/semantics/float.k-124-  //      case-split on the atom; >= / <= derive from the two opaque compares) ----
/reference/k-proof/reference-semantics/semantics/float.k-125-  syntax Bool ::= gtF(Float, Float) [function, total, symbol(gtF), no-evaluators]
/reference/k-proof/reference-semantics/semantics/float.k-126-  rule gtF(F1:Float, F2:Float) => F1 >Float F2 [concrete]
/reference/k-proof/reference-semantics/semantics/float.k:127:  rule applyCmp(">",  F1:Float, F2:Float) => gtF(F1, F2)
/reference/k-proof/reference-semantics/semantics/float.k:128:  rule applyCmp(">=", F1:Float, F2:Float) => notBool floatLt(F1, F2)
/reference/k-proof/reference-semantics/semantics/float.k:129:  rule applyCmp("<=", F1:Float, F2:Float) => notBool gtF(F1, F2)
/reference/k-proof/reference-semantics/semantics/float.k-130-
/reference/k-proof/reference-semantics/semantics/float.k-131-  // ---- mixed Int/Float operators promote the Int side (n ** 0.5 etc.) ----
/reference/k-proof/reference-semantics/semantics/float.k:132:  rule applyBin("**", I:Int, F:Float) => powF(intToF(I), F)
/reference/k-proof/reference-semantics/semantics/float.k:133:  rule applyBin("**", F:Float, I:Int) => powF(F, intToF(I))
/reference/k-proof/reference-semantics/semantics/float.k:134:  rule applyBin("-",  I:Int, F:Float) => subF(intToF(I), F)
/reference/k-proof/reference-semantics/semantics/float.k:135:  rule applyBin("-",  F:Float, I:Int) => subF(F, intToF(I))
/reference/k-proof/reference-semantics/semantics/float.k:136:  rule applyBin("+",  I:Int, F:Float) => addF(intToF(I), F)
/reference/k-proof/reference-semantics/semantics/float.k:137:  rule applyBin("+",  F:Float, I:Int) => addF(F, intToF(I))
/reference/k-proof/reference-semantics/semantics/float.k:138:  rule applyBin("*",  I:Int, F:Float) => mulF(intToF(I), F)
/reference/k-proof/reference-semantics/semantics/float.k:139:  rule applyBin("*",  F:Float, I:Int) => mulF(F, intToF(I))
/reference/k-proof/reference-semantics/semantics/float.k-140-
/reference/k-proof/reference-semantics/semantics/float.k-141-  // ---- exact mixed Int/Float comparison ------------------------------------
/reference/k-proof/reference-semantics/semantics/float.k-142-  // The old rules compared via intToF(I), which ROUNDS ints >= 2^53 to a nearby
/reference/k-proof/reference-semantics/semantics/float.k-143-  // double (so e.g. 9007199254740993 > 9007199254740992.0 came out false). Compare
--
/reference/k-proof/reference-semantics/semantics/float.k-166-    => (floorFloat(F) ==Float ceilFloat(F)) andBool (Float2Int(floorFloat(F)) ==Int I)
/reference/k-proof/reference-semantics/semantics/float.k-167-       requires floatFinite(F) [concrete]
/reference/k-proof/reference-semantics/semantics/float.k-168-  rule eqIF(I:Int, F:Float) => eqF(intToF(I), F) requires notBool floatFinite(F) [concrete]
/reference/k-proof/reference-semantics/semantics/float.k-169-
/reference/k-proof/reference-semantics/semantics/float.k:170:  rule applyCmp("==", I:Int, F:Float) => eqIF(I, F)
/reference/k-proof/reference-semantics/semantics/float.k:171:  rule applyCmp("==", F:Float, I:Int) => eqIF(I, F)
/reference/k-proof/reference-semantics/semantics/float.k:172:  rule applyCmp("!=", I:Int, F:Float) => notBool eqIF(I, F)
/reference/k-proof/reference-semantics/semantics/float.k:173:  rule applyCmp("!=", F:Float, I:Int) => notBool eqIF(I, F)
/reference/k-proof/reference-semantics/semantics/float.k:174:  rule applyCmp("<",  I:Int, F:Float) => ltIF(I, F)
/reference/k-proof/reference-semantics/semantics/float.k:175:  rule applyCmp("<",  F:Float, I:Int) => ltFI(F, I)
/reference/k-proof/reference-semantics/semantics/float.k:176:  rule applyCmp(">",  I:Int, F:Float) => ltFI(F, I)          // I >  F  <=>  F <  I
/reference/k-proof/reference-semantics/semantics/float.k:177:  rule applyCmp(">",  F:Float, I:Int) => ltIF(I, F)          // F >  I  <=>  I <  F
/reference/k-proof/reference-semantics/semantics/float.k:178:  rule applyCmp("<=", I:Int, F:Float) => notBool ltFI(F, I)  // I <= F  <=>  not (F < I)
/reference/k-proof/reference-semantics/semantics/float.k:179:  rule applyCmp("<=", F:Float, I:Int) => notBool ltIF(I, F)  // F <= I  <=>  not (I < F)
/reference/k-proof/reference-semantics/semantics/float.k:180:  rule applyCmp(">=", I:Int, F:Float) => notBool ltIF(I, F)  // I >= F  <=>  not (I < F)
/reference/k-proof/reference-semantics/semantics/float.k:181:  rule applyCmp(">=", F:Float, I:Int) => notBool ltFI(F, I)  // F >= I  <=>  not (F < I)
/reference/k-proof/reference-semantics/semantics/float.k-182-
/reference/k-proof/reference-semantics/semantics/float.k-183-  // ---- bool is a subtype of int: a Bool operand with a Float promotes to 0/1 --
/reference/k-proof/reference-semantics/semantics/float.k:184:  rule applyBin(OP:String, B:Bool, F:Float) => applyBin(OP, boolAsInt(B), F) requires isArithOp(OP)
/reference/k-proof/reference-semantics/semantics/float.k:185:  rule applyBin(OP:String, F:Float, B:Bool) => applyBin(OP, F, boolAsInt(B)) requires isArithOp(OP)
/reference/k-proof/reference-semantics/semantics/float.k:186:  rule applyCmp(OP:String, B:Bool, F:Float) => applyCmp(OP, boolAsInt(B), F) requires isEqOrdOp(OP)
/reference/k-proof/reference-semantics/semantics/float.k:187:  rule applyCmp(OP:String, F:Float, B:Bool) => applyCmp(OP, F, boolAsInt(B)) requires isEqOrdOp(OP)
/reference/k-proof/reference-semantics/semantics/float.k-188-
/reference/k-proof/reference-semantics/semantics/float.k-189-  // ---- x == None (promoted from 137; `is` cases live in operators.k) ----
/reference/k-proof/reference-semantics/semantics/float.k:190:  rule applyCmp("==", V:Val, noneV) => V ==K noneV
/reference/k-proof/reference-semantics/semantics/float.k:191:  rule applyCmp("!=", V:Val, noneV) => notBool (V ==K noneV)
/reference/k-proof/reference-semantics/semantics/float.k-192-
/reference/k-proof/reference-semantics/semantics/float.k-193-  // ---- float(str): decimal parse (promoted from 137's defined chain) ----
/reference/k-proof/reference-semantics/semantics/float.k-194-  // digits '.' digits, optional leading '-'; concrete evaluation only (the
/reference/k-proof/reference-semantics/semantics/float.k-195-  // symbolic side stays an opaque decStrToF term a proof case-splits on).
--
/reference/k-proof/reference-semantics/semantics/float.k-224-
/reference/k-proof/reference-semantics/semantics/float.k-225-  // ---- float / int division (promoted from mean_absolute_deviation) ----
/reference/k-proof/reference-semantics/semantics/float.k-226-  syntax Float ::= divFloatIntV(Float, Int) [function, total, symbol(divFloatIntV), no-evaluators]
/reference/k-proof/reference-semantics/semantics/float.k-227-  rule divFloatIntV(F:Float, I:Int) => F /Float Int2Float(I, 53, 11) [concrete]
/reference/k-proof/reference-semantics/semantics/float.k:228:  rule applyBin("/", F:Float, I:Int) => divFloatIntV(F, I)
/reference/k-proof/reference-semantics/semantics/float.k-229-
/reference/k-proof/reference-semantics/semantics/float.k-230-  // ---- int -> float promotion for the remaining mixed arithmetic/compares ----
/reference/k-proof/reference-semantics/semantics/float.k-231-  syntax Float ::= intToF(Int) [function, total, symbol(intToF), no-evaluators]
/reference/k-proof/reference-semantics/semantics/float.k-232-  rule intToF(I:Int) => Int2Float(I, 53, 11) [concrete]
/reference/k-proof/reference-semantics/semantics/float.k:233:  rule applyBin("+", I:Int, F:Float) => addF(intToF(I), F)
/reference/k-proof/reference-semantics/semantics/float.k:234:  rule applyBin("+", F:Float, I:Int) => addF(F, intToF(I))
/reference/k-proof/reference-semantics/semantics/float.k:235:  rule applyBin("-", I:Int, F:Float) => subF(intToF(I), F)
/reference/k-proof/reference-semantics/semantics/float.k:236:  rule applyBin("-", F:Float, I:Int) => subF(F, intToF(I))
/reference/k-proof/reference-semantics/semantics/float.k:237:  rule applyBin("*", I:Int, F:Float) => mulF(intToF(I), F)
/reference/k-proof/reference-semantics/semantics/float.k:238:  rule applyBin("*", F:Float, I:Int) => mulF(F, intToF(I))
/reference/k-proof/reference-semantics/semantics/float.k-239-  // (mixed Int/Float comparison is defined exactly above via ltIF/ltFI/eqIF;
/reference/k-proof/reference-semantics/semantics/float.k-240-  //  the former floatLt(intToF(...)) duplicates were removed for exactness.)
/reference/k-proof/reference-semantics/semantics/float.k-241-
/reference/k-proof/reference-semantics/semantics/float.k-242-  // ---- conversions: int(float) truncates toward zero; float(int); round; math.sqrt ----
--
/reference/k-proof/reference-semantics/semantics/float.k-317-  rule <k> F:Float ~> #mathSqrt => sqrtF(F) ... </k>
/reference/k-proof/reference-semantics/semantics/float.k-318-  rule <k> I:Int ~> #mathSqrt => sqrtF(intToF(I)) ... </k>
/reference/k-proof/reference-semantics/semantics/float.k-319-
/reference/k-proof/reference-semantics/semantics/float.k-320-  // ---- min / max over a FLOAT list — FLOAT branch of the shared #minCont0/#maxCont0 folds (which
/reference/k-proof/reference-semantics/semantics/float.k:321:  // seed/step with `requires isInt(V)`, so they are STUCK on floats). These add the `requires
/reference/k-proof/reference-semantics/semantics/float.k-322-  // isFloat(V)` seed + a Float-accumulator fold via K's minFloat/maxFloat — concrete for krun. A proof
/reference/k-proof/reference-semantics/semantics/float.k-323-  // over a SYMBOLIC float list intercepts min/max problem-locally to an opaque minVF/maxVF (at
/reference/k-proof/reference-semantics/semantics/float.k-324-  // #applyK, priority 40, in its verification.k) BEFORE #minAcc0, so this fold is krun-only. Additive:
/reference/k-proof/reference-semantics/semantics/float.k-325-  // the isFloat guard is disjoint from the existing isInt one.
--
/reference/k-proof/reference-semantics/semantics/float.k-342-  // dispatch (the exact ltIF/ltFI bridges + the bool promotion above) — mixed
/reference/k-proof/reference-semantics/semantics/float.k-343-  // lists like [2.5, 1]. Guards are disjoint from the isFloat steps above.
/reference/k-proof/reference-semantics/semantics/float.k-344-  rule <k> #iterYield(V:Val, R:Iterable) ~> #maxContF(M:Float)
/reference/k-proof/reference-semantics/semantics/float.k-345-        => #iterYield(V, R) ~> #maxContV(M) ... </k>
/reference/k-proof/reference-semantics/semantics/float.k:346:       requires isInt(V) orBool isBool(V)
/reference/k-proof/reference-semantics/semantics/float.k-347-  rule <k> #iterYield(V:Val, R:Iterable) ~> #minContF(M:Float)
/reference/k-proof/reference-semantics/semantics/float.k-348-        => #iterYield(V, R) ~> #minContV(M) ... </k>
/reference/k-proof/reference-semantics/semantics/float.k:349:       requires isInt(V) orBool isBool(V)
/reference/k-proof/reference-semantics/semantics/float.k-350-
/reference/k-proof/reference-semantics/semantics/float.k-351-  // ---- sum over a float list (krun; mirrors the min/max float paths). The Int-only shared
/reference/k-proof/reference-semantics/semantics/float.k-352-  // #sumCont sticks on a Float yield; switch to a Float-headed fold via addF (concrete twin).
/reference/k-proof/reference-semantics/semantics/float.k-353-  // The switch guard carries the SYNTACTIC negation of the Int rule's guard so a symbolic proof
/reference/k-proof/reference-semantics/semantics/float.k:354:  // with isInt(V) in its path condition refutes this branch without sort reasoning.
/reference/k-proof/reference-semantics/semantics/float.k-355-  syntax KItem ::= #sumAccF(Iterable, Float) | #sumContF(Float)
/reference/k-proof/reference-semantics/semantics/float.k-356-  rule <k> #iterYield(V:Val, R:Iterable) ~> #sumCont(ACC:Int)
/reference/k-proof/reference-semantics/semantics/float.k-357-        => #sumAccF(R, addF(intToF(ACC), {V}:>Float)) ... </k>
/reference/k-proof/reference-semantics/semantics/float.k:358:       requires isFloat(V) andBool notBool (isInt(V) orBool isBool(V))
/reference/k-proof/reference-semantics/semantics/float.k-359-  rule <k> #sumAccF(IT:Iterable, ACC:Float) => #iterNext(IT) ~> #sumContF(ACC) ... </k>
/reference/k-proof/reference-semantics/semantics/float.k-360-  rule <k> #iterDone ~> #sumContF(ACC:Float) => ACC ... </k>
/reference/k-proof/reference-semantics/semantics/float.k-361-  rule <k> #iterYield(V:Val, R:Iterable) ~> #sumContF(ACC:Float)
/reference/k-proof/reference-semantics/semantics/float.k-362-        => #sumAccF(R, addF(ACC, {V}:>Float)) ... </k>
/reference/k-proof/reference-semantics/semantics/float.k-363-       requires isFloat(V)
/reference/k-proof/reference-semantics/semantics/float.k-364-  rule <k> #iterYield(V:Val, R:Iterable) ~> #sumContF(ACC:Float)
/reference/k-proof/reference-semantics/semantics/float.k-365-        => #sumAccF(R, addF(ACC, intToF(intOf(V)))) ... </k>
/reference/k-proof/reference-semantics/semantics/float.k:366:       requires isInt(V) orBool isBool(V)
/reference/k-proof/reference-semantics/semantics/float.k-367-endmodule
--
/reference/k-proof/reference-semantics/semantics/builtins.k-48-  rule <k> #sumAcc(IT:Iterable, ACC:Int) => #iterNext(IT) ~> #sumCont(ACC) ... </k>
/reference/k-proof/reference-semantics/semantics/builtins.k-49-  rule <k> #iterDone ~> #sumCont(ACC:Int) => ACC ... </k>
/reference/k-proof/reference-semantics/semantics/builtins.k-50-  rule <k> #iterYield(V:Val, R:Iterable) ~> #sumCont(ACC:Int)
/reference/k-proof/reference-semantics/semantics/builtins.k-51-        => #sumAcc(R, ACC +Int intOf(V)) ... </k>
/reference/k-proof/reference-semantics/semantics/builtins.k:52:       requires isInt(V) orBool isBool(V)
/reference/k-proof/reference-semantics/semantics/builtins.k-53-
/reference/k-proof/reference-semantics/semantics/builtins.k-54-  syntax Int ::= intOf(Val) [function]
/reference/k-proof/reference-semantics/semantics/builtins.k-55-  rule intOf(I:Int)  => I
/reference/k-proof/reference-semantics/semantics/builtins.k-56-  rule intOf(B:Bool) => #if B #then 1 #else 0 #fi
--
/reference/k-proof/reference-semantics/semantics/builtins.k-74-
/reference/k-proof/reference-semantics/semantics/builtins.k-75-  // ==== max / min over an iterable (#iterNext folds; first element seeds) ====
/reference/k-proof/reference-semantics/semantics/builtins.k-76-  syntax KItem ::= #maxAcc0(Iterable) | "#maxCont0" | #maxAcc(Iterable, Int) | #maxCont(Int)
/reference/k-proof/reference-semantics/semantics/builtins.k-77-  rule <k> #maxAcc0(IT:Iterable) => #iterNext(IT) ~> #maxCont0 ... </k>
/reference/k-proof/reference-semantics/semantics/builtins.k:78:  rule <k> #iterYield(V:Val, R:Iterable) ~> #maxCont0 => #maxAcc(R, {V}:>Int) ... </k>
/reference/k-proof/reference-semantics/semantics/builtins.k:79:       requires isInt(V)
/reference/k-proof/reference-semantics/semantics/builtins.k-80-  rule <k> #maxAcc(IT:Iterable, M:Int) => #iterNext(IT) ~> #maxCont(M) ... </k>
/reference/k-proof/reference-semantics/semantics/builtins.k-81-  rule <k> #iterDone ~> #maxCont(M:Int) => M ... </k>
/reference/k-proof/reference-semantics/semantics/builtins.k-82-  rule <k> #iterYield(V:Val, R:Iterable) ~> #maxCont(M:Int)
/reference/k-proof/reference-semantics/semantics/builtins.k:83:        => #maxAcc(R, maxInt(M, {V}:>Int)) ... </k>
/reference/k-proof/reference-semantics/semantics/builtins.k:84:       requires isInt(V)
/reference/k-proof/reference-semantics/semantics/builtins.k-85-
/reference/k-proof/reference-semantics/semantics/builtins.k-86-  syntax KItem ::= #minAcc0(Iterable) | "#minCont0" | #minAcc(Iterable, Int) | #minCont(Int)
/reference/k-proof/reference-semantics/semantics/builtins.k-87-  rule <k> #minAcc0(IT:Iterable) => #iterNext(IT) ~> #minCont0 ... </k>
/reference/k-proof/reference-semantics/semantics/builtins.k:88:  rule <k> #iterYield(V:Val, R:Iterable) ~> #minCont0 => #minAcc(R, {V}:>Int) ... </k>
/reference/k-proof/reference-semantics/semantics/builtins.k:89:       requires isInt(V)
/reference/k-proof/reference-semantics/semantics/builtins.k-90-  rule <k> #minAcc(IT:Iterable, M:Int) => #iterNext(IT) ~> #minCont(M) ... </k>
/reference/k-proof/reference-semantics/semantics/builtins.k-91-  rule <k> #iterDone ~> #minCont(M:Int) => M ... </k>
/reference/k-proof/reference-semantics/semantics/builtins.k-92-  rule <k> #iterYield(V:Val, R:Iterable) ~> #minCont(M:Int)
/reference/k-proof/reference-semantics/semantics/builtins.k:93:        => #minAcc(R, minInt(M, {V}:>Int)) ... </k>
/reference/k-proof/reference-semantics/semantics/builtins.k:94:       requires isInt(V)
/reference/k-proof/reference-semantics/semantics/builtins.k-95-
/reference/k-proof/reference-semantics/semantics/builtins.k-96-  // ---- general Val branch of the max/min folds (v3) ------------------------
/reference/k-proof/reference-semantics/semantics/builtins.k-97-  // The Int fold above and the Float fold (float.k) cover homogeneous lists; the
/reference/k-proof/reference-semantics/semantics/builtins.k-98-  // remaining CPython-orderable seeds (Bool, str) and every cross-sort step land
--
/reference/k-proof/reference-semantics/semantics/builtins.k-110-       requires isFloat(V) orBool isBool(V)
/reference/k-proof/reference-semantics/semantics/builtins.k-111-  rule <k> #maxAccV(IT:Iterable, M:Val) => #iterNext(IT) ~> #maxContV(M) ... </k>
/reference/k-proof/reference-semantics/semantics/builtins.k-112-  rule <k> #iterDone ~> #maxContV(M:Val) => M ... </k>
/reference/k-proof/reference-semantics/semantics/builtins.k-113-  rule <k> #iterYield(V:Val, R:Iterable) ~> #maxContV(M:Val) => #maxAccV(R, V) ... </k>
/reference/k-proof/reference-semantics/semantics/builtins.k:114:       requires applyCmp(">", V, M)
/reference/k-proof/reference-semantics/semantics/builtins.k-115-  rule <k> #iterYield(V:Val, R:Iterable) ~> #maxContV(M:Val) => #maxAccV(R, M) ... </k>
/reference/k-proof/reference-semantics/semantics/builtins.k:116:       requires notBool applyCmp(">", V, M)
/reference/k-proof/reference-semantics/semantics/builtins.k-117-
/reference/k-proof/reference-semantics/semantics/builtins.k-118-  syntax KItem ::= #minAccV(Iterable, Val) | #minContV(Val)
/reference/k-proof/reference-semantics/semantics/builtins.k-119-  rule <k> #iterYield(V:Val, R:Iterable) ~> #minCont0 => #minAccV(R, V) ... </k>
/reference/k-proof/reference-semantics/semantics/builtins.k-120-       requires isBool(V) orBool isStr(V)
--
/reference/k-proof/reference-semantics/semantics/builtins.k-123-       requires isFloat(V) orBool isBool(V)
/reference/k-proof/reference-semantics/semantics/builtins.k-124-  rule <k> #minAccV(IT:Iterable, M:Val) => #iterNext(IT) ~> #minContV(M) ... </k>
/reference/k-proof/reference-semantics/semantics/builtins.k-125-  rule <k> #iterDone ~> #minContV(M:Val) => M ... </k>
/reference/k-proof/reference-semantics/semantics/builtins.k-126-  rule <k> #iterYield(V:Val, R:Iterable) ~> #minContV(M:Val) => #minAccV(R, V) ... </k>
/reference/k-proof/reference-semantics/semantics/builtins.k:127:       requires applyCmp("<", V, M)
/reference/k-proof/reference-semantics/semantics/builtins.k-128-  rule <k> #iterYield(V:Val, R:Iterable) ~> #minContV(M:Val) => #minAccV(R, M) ... </k>
/reference/k-proof/reference-semantics/semantics/builtins.k:129:       requires notBool applyCmp("<", V, M)
/reference/k-proof/reference-semantics/semantics/builtins.k-130-
/reference/k-proof/reference-semantics/semantics/builtins.k-131-  // ==== variadic max / min (a Vals fold) ====================================
/reference/k-proof/reference-semantics/semantics/builtins.k-132-  // v3: Val operands (mixed int/float/bool, str) via the same applyCmp
/reference/k-proof/reference-semantics/semantics/builtins.k-133-  // dispatch; strict > / < keeps the FIRST maximal/minimal operand (CPython's
--
/reference/k-proof/reference-semantics/semantics/builtins.k-136-  rule applyBuiltin("max", I:Int, REST:Vals) => maxVals(I, REST)
/reference/k-proof/reference-semantics/semantics/builtins.k-137-  rule applyBuiltin("max", V:Val, (V2:Val, REST:Vals)) => maxVals(V, (V2, REST))
/reference/k-proof/reference-semantics/semantics/builtins.k-138-       requires isFloat(V) orBool isBool(V) orBool isStr(V)
/reference/k-proof/reference-semantics/semantics/builtins.k-139-  rule maxVals(M:Val, .Vals)           => M
/reference/k-proof/reference-semantics/semantics/builtins.k:140:  rule maxVals(M:Val, (V:Val, R:Vals)) => maxVals(V, R) requires applyCmp(">", V, M)
/reference/k-proof/reference-semantics/semantics/builtins.k:141:  rule maxVals(M:Val, (V:Val, R:Vals)) => maxVals(M, R) requires notBool applyCmp(">", V, M)
/reference/k-proof/reference-semantics/semantics/builtins.k-142-
/reference/k-proof/reference-semantics/semantics/builtins.k-143-  syntax Val ::= minVals(Val, Vals) [function]
/reference/k-proof/reference-semantics/semantics/builtins.k-144-  rule applyBuiltin("min", I:Int, REST:Vals) => minVals(I, REST)
/reference/k-proof/reference-semantics/semantics/builtins.k-145-  rule applyBuiltin("min", V:Val, (V2:Val, REST:Vals)) => minVals(V, (V2, REST))
/reference/k-proof/reference-semantics/semantics/builtins.k-146-       requires isFloat(V) orBool isBool(V) orBool isStr(V)
/reference/k-proof/reference-semantics/semantics/builtins.k-147-  rule minVals(M:Val, .Vals)           => M
/reference/k-proof/reference-semantics/semantics/builtins.k:148:  rule minVals(M:Val, (V:Val, R:Vals)) => minVals(V, R) requires applyCmp("<", V, M)
/reference/k-proof/reference-semantics/semantics/builtins.k:149:  rule minVals(M:Val, (V:Val, R:Vals)) => minVals(M, R) requires notBool applyCmp("<", V, M)
/reference/k-proof/reference-semantics/semantics/builtins.k-150-
/reference/k-proof/reference-semantics/semantics/builtins.k-151-  // ==== bin(n) — "0b" + binary digit codes (promoted from 103's defined fold) ==
/reference/k-proof/reference-semantics/semantics/builtins.k-152-  rule applyBuiltin("bin", N:Int, .Vals) => str(iCons(48, iCons(98, binCodes(N))))
/reference/k-proof/reference-semantics/semantics/builtins.k-153-       requires N >=Int 0
--
/reference/k-proof/reference-semantics/semantics/builtins.k-160-  rule binCodes(N:Int) => binAcc(N, .IntSeq) requires N >Int 0
/reference/k-proof/reference-semantics/semantics/builtins.k-161-  syntax IntSeq ::= binAcc(Int, IntSeq) [function, total]
/reference/k-proof/reference-semantics/semantics/builtins.k-162-  rule binAcc(0, ACC:IntSeq) => ACC
/reference/k-proof/reference-semantics/semantics/builtins.k-163-  rule binAcc(N:Int, ACC:IntSeq)
/reference/k-proof/reference-semantics/semantics/builtins.k:164:    => binAcc((N -Int pyMod(N, 2)) /Int 2, iCons(48 +Int pyMod(N, 2), ACC))
/reference/k-proof/reference-semantics/semantics/builtins.k-165-       requires N >Int 0
/reference/k-proof/reference-semantics/semantics/builtins.k-166-
/reference/k-proof/reference-semantics/semantics/builtins.k-167-  // ==== enumerate(xs) — pairs (i, v); materialized eagerly over a list =========
/reference/k-proof/reference-semantics/semantics/builtins.k-168-  rule <k> #applyK(toCall(builtinV("enumerate")), (list(VS:ValSeq), .Vals))
--
/reference/k-proof/reference-semantics/semantics/str.k-20-  syntax IntSeq ::= seqConcat(IntSeq, IntSeq) [function, total]
/reference/k-proof/reference-semantics/semantics/str.k-21-  rule seqConcat(.IntSeq, T:IntSeq)                => T
/reference/k-proof/reference-semantics/semantics/str.k-22-  rule seqConcat(iCons(I:Int, S:IntSeq), T:IntSeq) => iCons(I, seqConcat(S, T))
/reference/k-proof/reference-semantics/semantics/str.k-23-
/reference/k-proof/reference-semantics/semantics/str.k:24:  rule applyBin("+",  str(A:IntSeq), str(B:IntSeq)) => str(seqConcat(A, B))
/reference/k-proof/reference-semantics/semantics/str.k:25:  rule applyCmp("==", str(A:IntSeq), str(B:IntSeq)) => A ==K B
/reference/k-proof/reference-semantics/semantics/str.k:26:  rule applyCmp("!=", str(A:IntSeq), str(B:IntSeq)) => notBool (A ==K B)
/reference/k-proof/reference-semantics/semantics/str.k-27-
/reference/k-proof/reference-semantics/semantics/str.k-28-  // substring membership: `P in X` iff the code-seq P occurs contiguously in X
/reference/k-proof/reference-semantics/semantics/str.k:29:  rule applyCmp("in",     str(P:IntSeq), str(X:IntSeq)) => strContains(P, X)
/reference/k-proof/reference-semantics/semantics/str.k:30:  rule applyCmp("not in", str(P:IntSeq), str(X:IntSeq)) => notBool strContains(P, X)
/reference/k-proof/reference-semantics/semantics/str.k-31-
/reference/k-proof/reference-semantics/semantics/str.k-32-  syntax Bool ::= strPrefix(IntSeq, IntSeq) [function, total]
/reference/k-proof/reference-semantics/semantics/str.k-33-  rule strPrefix(.IntSeq, _:IntSeq)               => true
/reference/k-proof/reference-semantics/semantics/str.k-34-  rule strPrefix(iCons(_:Int, _:IntSeq), .IntSeq) => false
--
/reference/k-proof/reference-semantics/semantics/str.k-52-  rule strLt(iCons(A:Int, As:IntSeq), iCons(B:Int, Bs:IntSeq)) => true          requires A  <Int B
/reference/k-proof/reference-semantics/semantics/str.k-53-  rule strLt(iCons(A:Int, As:IntSeq), iCons(B:Int, Bs:IntSeq)) => false         requires A  >Int B
/reference/k-proof/reference-semantics/semantics/str.k-54-  rule strLt(iCons(A:Int, As:IntSeq), iCons(B:Int, Bs:IntSeq)) => strLt(As, Bs) requires A ==Int B
/reference/k-proof/reference-semantics/semantics/str.k-55-
/reference/k-proof/reference-semantics/semantics/str.k:56:  rule applyCmp("<",  str(A:IntSeq), str(B:IntSeq)) => strLt(A, B)
/reference/k-proof/reference-semantics/semantics/str.k:57:  rule applyCmp(">",  str(A:IntSeq), str(B:IntSeq)) => strLt(B, A)
/reference/k-proof/reference-semantics/semantics/str.k:58:  rule applyCmp("<=", str(A:IntSeq), str(B:IntSeq)) => notBool strLt(B, A)
/reference/k-proof/reference-semantics/semantics/str.k:59:  rule applyCmp(">=", str(A:IntSeq), str(B:IntSeq)) => notBool strLt(A, B)
/reference/k-proof/reference-semantics/semantics/str.k-60-endmodule
--
/reference/k-proof/reference-semantics/semantics/bool.k-6-  imports MPY-CORE
/reference/k-proof/reference-semantics/semantics/bool.k-7-
/reference/k-proof/reference-semantics/semantics/bool.k-8-  rule applyUn("not", V:Val) => notBool truthy(V)
/reference/k-proof/reference-semantics/semantics/bool.k-9-
/reference/k-proof/reference-semantics/semantics/bool.k:10:  rule applyCmp("==", B1:Bool, B2:Bool) => B1 ==Bool B2
/reference/k-proof/reference-semantics/semantics/bool.k:11:  rule applyCmp("!=", B1:Bool, B2:Bool) => B1 =/=Bool B2
/reference/k-proof/reference-semantics/semantics/bool.k-12-
/reference/k-proof/reference-semantics/semantics/bool.k-13-  // bool is a subtype of int: a Bool compared with an Int promotes to 0/1 and
/reference/k-proof/reference-semantics/semantics/bool.k-14-  // re-dispatches to the Int comparison cases (True==1, False==0, True<2, ...).
/reference/k-proof/reference-semantics/semantics/bool.k-15-  // The == / != Bool x Bool cases above are kept; only the four ordering ops are
/reference/k-proof/reference-semantics/semantics/bool.k-16-  // promoted for Bool x Bool (to avoid duplicating the two rules above).
/reference/k-proof/reference-semantics/semantics/bool.k:17:  rule applyCmp(OP:String, B:Bool, I:Int) => applyCmp(OP, boolAsInt(B), I)
/reference/k-proof/reference-semantics/semantics/bool.k-18-       requires isEqOrdOp(OP)
/reference/k-proof/reference-semantics/semantics/bool.k:19:  rule applyCmp(OP:String, I:Int, B:Bool) => applyCmp(OP, I, boolAsInt(B))
/reference/k-proof/reference-semantics/semantics/bool.k-20-       requires isEqOrdOp(OP)
/reference/k-proof/reference-semantics/semantics/bool.k:21:  rule applyCmp(OP:String, B1:Bool, B2:Bool) => applyCmp(OP, boolAsInt(B1), boolAsInt(B2))
/reference/k-proof/reference-semantics/semantics/bool.k-22-       requires isOrdOp(OP)
/reference/k-proof/reference-semantics/semantics/bool.k-23-
/reference/k-proof/reference-semantics/semantics/bool.k-24-  // ==== BoolOp: short-circuit, value-returning and / or =====================
/reference/k-proof/reference-semantics/semantics/bool.k-25-  // the node is its own accumulator: heat the HEAD element only, then either return it
--
/reference/k-proof/reference-semantics/semantics/concrete.k-56-  // the bool->int promotion (True==1, False==0). Unordered pairs (int vs str)
/reference/k-proof/reference-semantics/semantics/concrete.k-57-  // stay without a leg — stuck, like CPython's TypeError.
/reference/k-proof/reference-semantics/semantics/concrete.k-58-  rule kLt(I:Int, F:Float)   => ltIF(I, F)
/reference/k-proof/reference-semantics/semantics/concrete.k-59-  rule kLt(F:Float, I:Int)   => ltFI(F, I)
/reference/k-proof/reference-semantics/semantics/concrete.k:60:  rule kLt(B:Bool, V:Val)    => kLt(boolAsInt(B), V) requires isInt(V) orBool isFloat(V)
/reference/k-proof/reference-semantics/semantics/concrete.k:61:  rule kLt(V:Val, B:Bool)    => kLt(V, boolAsInt(B)) requires isInt(V) orBool isFloat(V)
/reference/k-proof/reference-semantics/semantics/concrete.k-62-  rule kLt(B1:Bool, B2:Bool) => boolAsInt(B1) <Int boolAsInt(B2)
/reference/k-proof/reference-semantics/semantics/concrete.k-63-
/reference/k-proof/reference-semantics/semantics/concrete.k-64-  syntax ValSeq ::= unpairVS(ValSeq) [function, total]
/reference/k-proof/reference-semantics/semantics/concrete.k-65-  rule unpairVS(.ValSeq) => .ValSeq
--
/reference/k-proof/reference-semantics/semantics/concrete.k-87-  // cross-type ==K collapse never arises there.)
/reference/k-proof/reference-semantics/semantics/concrete.k-88-  // krun-only (priority 40 beats list.k's default rules); kprove uses the
/reference/k-proof/reference-semantics/semantics/concrete.k-89-  // structural ==K rules in list.k unchanged.
/reference/k-proof/reference-semantics/semantics/concrete.k-90-  syntax Bool ::= numOrKEq(Val, Val) [function]
/reference/k-proof/reference-semantics/semantics/concrete.k:91:  rule numOrKEq(A:Val, B:Val) => applyCmp("==", A, B)
/reference/k-proof/reference-semantics/semantics/concrete.k:92:       requires (isInt(A) orBool isBool(A) orBool isFloat(A))
/reference/k-proof/reference-semantics/semantics/concrete.k:93:        andBool (isInt(B) orBool isBool(B) orBool isFloat(B))
/reference/k-proof/reference-semantics/semantics/concrete.k-94-  rule numOrKEq(A:Val, B:Val) => A ==K B [owise]
/reference/k-proof/reference-semantics/semantics/concrete.k-95-
/reference/k-proof/reference-semantics/semantics/concrete.k-96-  rule <k> #iterYield(E:Val, _:Iterable) ~> #memberCont(V:Val) => true ... </k>
/reference/k-proof/reference-semantics/semantics/concrete.k-97-       requires numOrKEq(E, V) [priority(40)]
--
/reference/k-proof/reference-semantics/semantics/set.k-35-  syntax Bool ::= sameSet(IntSeq, IntSeq) [function, total]
/reference/k-proof/reference-semantics/semantics/set.k-36-  rule sameSet(A:IntSeq, B:IntSeq) => subsetCodes(A, B) andBool subsetCodes(B, A)
/reference/k-proof/reference-semantics/semantics/set.k-37-
/reference/k-proof/reference-semantics/semantics/set.k-38-  // set == set  (the only comparison sets support here)
/reference/k-proof/reference-semantics/semantics/set.k:39:  rule applyCmp("==", setV(A:IntSeq), setV(B:IntSeq)) => sameSet(A, B)
/reference/k-proof/reference-semantics/semantics/set.k-40-endmodule
--
/reference/k-proof/reference-semantics/semantics/operators.k-8-  imports MPY-ITER
/reference/k-proof/reference-semantics/semantics/operators.k-9-
/reference/k-proof/reference-semantics/semantics/operators.k-10-  rule <k> UnaryOp(OP:String, V:Val) => applyUn(OP, V) ... </k>
/reference/k-proof/reference-semantics/semantics/operators.k-11-
/reference/k-proof/reference-semantics/semantics/operators.k:12:  rule <k> BinOp(OP:String, L:Val, R:Val) => applyBin(OP, L, R) ... </k>
/reference/k-proof/reference-semantics/semantics/operators.k-13-
/reference/k-proof/reference-semantics/semantics/operators.k-14-  // Compare's right operand sits under the CmpOp wrapper — contexts instead of attributes
/reference/k-proof/reference-semantics/semantics/operators.k-15-  context Compare(HOLE, _)
/reference/k-proof/reference-semantics/semantics/operators.k-16-  context Compare(_:Val, CmpOp(_, HOLE))
/reference/k-proof/reference-semantics/semantics/operators.k:17:  rule <k> Compare(LV:Val, CmpOp(OP:String, RV:Val)) => applyCmp(OP, LV, RV) ... </k> [owise]
/reference/k-proof/reference-semantics/semantics/operators.k-18-
/reference/k-proof/reference-semantics/semantics/operators.k:19:  rule applyCmp("is",     V:Val, noneV) => V ==K noneV
/reference/k-proof/reference-semantics/semantics/operators.k:20:  rule applyCmp("is not", V:Val, noneV) => notBool (V ==K noneV)
/reference/k-proof/reference-semantics/semantics/operators.k-21-
/reference/k-proof/reference-semantics/semantics/operators.k-22-  // ==== operand deref: heap objects combine/compare by STRUCTURE ============
/reference/k-proof/reference-semantics/semantics/operators.k-23-  // (Python: list == is structural; identity only via `is`.) priority(40)
/reference/k-proof/reference-semantics/semantics/operators.k-24-  // preempts the generic dispatch so applyUn/applyBin/applyCmp never see a ref.
--
/reference/k-proof/reference-semantics/semantics/dict.k-91-  rule normIdxD(I:Int, LEN:Int) => I +Int LEN requires I  <Int 0
/reference/k-proof/reference-semantics/semantics/dict.k-92-  rule normIdxD(I:Int, _:Int)   => I          requires I >=Int 0
/reference/k-proof/reference-semantics/semantics/dict.k-93-
/reference/k-proof/reference-semantics/semantics/dict.k-94-  // ==== dict == (order-insensitive: same size + same key->value pairs) =======
/reference/k-proof/reference-semantics/semantics/dict.k:95:  rule applyCmp("==", dictV(KS1:ValSeq, VS1:ValSeq), dictV(KS2:ValSeq, VS2:ValSeq))
/reference/k-proof/reference-semantics/semantics/dict.k-96-    => (vsLen(KS1) ==Int vsLen(KS2)) andBool dSubset(KS1, VS1, KS2, VS2)
/reference/k-proof/reference-semantics/semantics/dict.k-97-  syntax Bool ::= dSubset(ValSeq, ValSeq, ValSeq, ValSeq) [function]
/reference/k-proof/reference-semantics/semantics/dict.k-98-  rule dSubset(.ValSeq, .ValSeq, _:ValSeq, _:ValSeq) => true
/reference/k-proof/reference-semantics/semantics/dict.k-99-  rule dSubset(vCons(K:Val, KR:ValSeq), vCons(V:Val, VR:ValSeq), KS2:ValSeq, VS2:ValSeq)
--
/reference/k-proof/reference-semantics/semantics/controls.k-18-       [priority(40)]
/reference/k-proof/reference-semantics/semantics/controls.k-19-
/reference/k-proof/reference-semantics/semantics/controls.k-20-  rule <k> AugAssign(Name(X:String), OP:String, V:Val) => .K ... </k>
/reference/k-proof/reference-semantics/semantics/controls.k-21-       <env> L:Int </env>
/reference/k-proof/reference-semantics/semantics/controls.k:22:       <scopes> ... L |-> scope(M:Map => M [ X <- applyBin(OP, {M[X]}:>Val, V) ], _) ... </scopes>
/reference/k-proof/reference-semantics/semantics/controls.k-23-       requires X in_keys(M)
/reference/k-proof/reference-semantics/semantics/controls.k:24:  // `lst += [..]` where lst is a heap ref: the generic rule leaves applyBin(OP, ref, V) — but the
/reference/k-proof/reference-semantics/semantics/controls.k-25-  // ref-deref preemption is BinOp-level (operators.k), so applyBin never derefs and it sticks. Route
/reference/k-proof/reference-semantics/semantics/controls.k-26-  // the ref case through BinOp so the deref + list-concat + #alloc path fires (result is a fresh ref).
/reference/k-proof/reference-semantics/semantics/controls.k-27-  rule <k> AugAssign(Name(X:String), OP:String, V:Val) => Assign(Name(X), BinOp(OP, Name(X), V)) ... </k>
/reference/k-proof/reference-semantics/semantics/controls.k-28-       <env> L:Int </env>
--
/reference/k-proof/reference-semantics/semantics/tuple.k-14-  syntax ApplyK ::= "toTuple"
/reference/k-proof/reference-semantics/semantics/tuple.k-15-  rule <k> TupleExpr(ES:Exprs) => #evalArgs(ES, .Vals, toTuple) ... </k>
/reference/k-proof/reference-semantics/semantics/tuple.k-16-  rule <k> #applyK(toTuple, ACC:Vals) => tuple(vals2valSeq(ACC)) ... </k>
/reference/k-proof/reference-semantics/semantics/tuple.k-17-
/reference/k-proof/reference-semantics/semantics/tuple.k:18:  rule applyCmp("==", tuple(A:ValSeq), tuple(B:ValSeq)) => A ==K B
/reference/k-proof/reference-semantics/semantics/tuple.k-19-  // membership routes through the same k-cell fold as lists (list.k)
/reference/k-proof/reference-semantics/semantics/tuple.k-20-  rule <k> Compare(LV:Val, CmpOp("in",     tuple(VS:ValSeq))) => #memberAcc(LV, tuple(VS)) ... </k>
/reference/k-proof/reference-semantics/semantics/tuple.k-21-  rule <k> Compare(LV:Val, CmpOp("not in", tuple(VS:ValSeq))) => #memberAcc(LV, tuple(VS)) ~> #notB ... </k>
/reference/k-proof/reference-semantics/semantics/tuple.k-22-  // t.index(v): first index of v (ValueError out of subset)
--
/reference/k-proof/reference-semantics/semantics/tuple.k-24-  syntax Int ::= idxOfVS(ValSeq, Val, Int) [function]
/reference/k-proof/reference-semantics/semantics/tuple.k-25-  rule idxOfVS(vCons(A:Val, _:ValSeq), V:Val, I:Int) => I requires A ==K V
/reference/k-proof/reference-semantics/semantics/tuple.k-26-  rule idxOfVS(vCons(A:Val, R:ValSeq), V:Val, I:Int) => idxOfVS(R, V, I +Int 1)
/reference/k-proof/reference-semantics/semantics/tuple.k-27-       requires notBool (A ==K V)
/reference/k-proof/reference-semantics/semantics/tuple.k:28:  rule applyCmp("!=", tuple(A:ValSeq), tuple(B:ValSeq)) => notBool (A ==K B)
/reference/k-proof/reference-semantics/semantics/tuple.k-29-
/reference/k-proof/reference-semantics/semantics/tuple.k-30-  // ==== target binding: bind a Name or a TupleExpr target to a value ========
/reference/k-proof/reference-semantics/semantics/tuple.k-31-  syntax KItem ::= #bindTgt(Expr, Val)
/reference/k-proof/reference-semantics/semantics/tuple.k-32-  rule <k> #bindTgt(Name(X:String), V:Val) => .K ... </k>
--
/reference/k-proof/reference-semantics/semantics/int.k-5-  imports MPY-CORE
/reference/k-proof/reference-semantics/semantics/int.k-6-
/reference/k-proof/reference-semantics/semantics/int.k-7-  rule applyUn("-", I:Int) => 0 -Int I
/reference/k-proof/reference-semantics/semantics/int.k-8-
/reference/k-proof/reference-semantics/semantics/int.k:9:  rule applyBin("+",  I1:Int, I2:Int) => I1 +Int I2
/reference/k-proof/reference-semantics/semantics/int.k-10-  // Bool participates in int arithmetic (x += (a == b))
/reference/k-proof/reference-semantics/semantics/int.k:11:  rule applyBin("+",  I:Int, B:Bool) => I +Int #if B #then 1 #else 0 #fi
/reference/k-proof/reference-semantics/semantics/int.k:12:  rule applyBin("+",  B:Bool, I:Int) => #if B #then 1 #else 0 #fi +Int I
/reference/k-proof/reference-semantics/semantics/int.k-13-  // bool is a subtype of int: any Bool operand promotes to 0/1 and re-dispatches
/reference/k-proof/reference-semantics/semantics/int.k-14-  // to the Int cases (the "+" mixed cases above are kept, so "+" is excluded here
/reference/k-proof/reference-semantics/semantics/int.k-15-  // to avoid a duplicate rule — Bool + Bool still promotes via the Bool x Bool rule).
/reference/k-proof/reference-semantics/semantics/int.k:16:  rule applyBin(OP:String, B1:Bool, B2:Bool) => applyBin(OP, boolAsInt(B1), boolAsInt(B2))
/reference/k-proof/reference-semantics/semantics/int.k-17-       requires isArithOp(OP)
/reference/k-proof/reference-semantics/semantics/int.k:18:  rule applyBin(OP:String, B:Bool, I:Int)    => applyBin(OP, boolAsInt(B), I)
/reference/k-proof/reference-semantics/semantics/int.k-19-       requires isArithOp(OP) andBool OP =/=String "+"
/reference/k-proof/reference-semantics/semantics/int.k:20:  rule applyBin(OP:String, I:Int, B:Bool)    => applyBin(OP, I, boolAsInt(B))
/reference/k-proof/reference-semantics/semantics/int.k-21-       requires isArithOp(OP) andBool OP =/=String "+"
/reference/k-proof/reference-semantics/semantics/int.k:22:  rule applyBin("-",  I1:Int, I2:Int) => I1 -Int I2
/reference/k-proof/reference-semantics/semantics/int.k:23:  rule applyBin("*",  I1:Int, I2:Int) => I1 *Int I2
/reference/k-proof/reference-semantics/semantics/int.k:24:  rule applyBin("%",  I1:Int, I2:Int) => pyMod(I1, I2)
/reference/k-proof/reference-semantics/semantics/int.k:25:  rule applyBin("//", I1:Int, I2:Int) => (I1 -Int pyMod(I1, I2)) /Int I2
/reference/k-proof/reference-semantics/semantics/int.k:26:  rule applyBin("**", I1:Int, I2:Int) => I1 ^Int I2 requires I2 >=Int 0
/reference/k-proof/reference-semantics/semantics/int.k-27-
/reference/k-proof/reference-semantics/semantics/int.k:28:  syntax Int ::= pyMod(Int, Int) [function]
/reference/k-proof/reference-semantics/semantics/int.k:29:  rule pyMod(I1:Int, I2:Int) => ((I1 %Int I2) +Int I2) %Int I2
/reference/k-proof/reference-semantics/semantics/int.k-30-
/reference/k-proof/reference-semantics/semantics/int.k:31:  rule applyCmp("<",  I1:Int, I2:Int)   => I1 <Int  I2
/reference/k-proof/reference-semantics/semantics/int.k:32:  rule applyCmp("<=", I1:Int, I2:Int)   => I1 <=Int I2
/reference/k-proof/reference-semantics/semantics/int.k:33:  rule applyCmp(">",  I1:Int, I2:Int)   => I1 >Int  I2
/reference/k-proof/reference-semantics/semantics/int.k:34:  rule applyCmp(">=", I1:Int, I2:Int)   => I1 >=Int I2
/reference/k-proof/reference-semantics/semantics/int.k:35:  rule applyCmp("==", I1:Int, I2:Int)   => I1 ==Int I2
/reference/k-proof/reference-semantics/semantics/int.k:36:  rule applyCmp("!=", I1:Int, I2:Int)   => I1 =/=Int I2
/reference/k-proof/reference-semantics/semantics/int.k-37-endmodule
