COMMAND: kprove /audit-output/evidence/bridge-state-witness.k -I /tmp/audit-work/reconstruction --definition verification-base-kompiled --spec-module BRIDGE-STATE-BASE
kore-exec: [2388901] Warning (WarnStuckClaimState):
    The configuration's term doesn't unify with the destination's term and the configuration cannot be rewritten further. Location: /audit-output/evidence/bridge-state-witness.k:9:5-32:31
Context:
    (InfoReachability) while checking the implication
<generatedTop>
  <k>
    #pop ~> .K
  </k>
  <env>
    1
  </env>
  <scopes>
    -1 |-> scope ( "abs" |-> builtinV ( "abs" )
    "all" |-> builtinV ( "all" )
    "any" |-> builtinV ( "any" )
    "bin" |-> builtinV ( "bin" )
    "chr" |-> builtinV ( "chr" )
    "enumerate" |-> builtinV ( "enumerate" )
    "eval" |-> builtinV ( "eval" )
    "float" |-> typeV ( "float" )
    "int" |-> typeV ( "int" )
    "isinstance" |-> builtinV ( "isinstance" )
    "len" |-> builtinV ( "len" )
    "list" |-> builtinV ( "list" )
    "map" |-> builtinV ( "map" )
    "max" |-> builtinV ( "max" )
    "min" |-> builtinV ( "min" )
    "ord" |-> builtinV ( "ord" )
    "range" |-> builtinV ( "range" )
    "round" |-> builtinV ( "round" )
    "set" |-> builtinV ( "set" )
    "sorted" |-> builtinV ( "sorted" )
    "str" |-> typeV ( "str" )
    "sum" |-> builtinV ( "sum" )
    "zip" |-> builtinV ( "zip" ) , root )
    0 |-> scope ( "is_happy" |-> closureVal ( "s" , .ParamNames , If ( Compare ( Call ( Name ( "len" ) , Name ( "s" ) , .Exprs ) , CmpOp ( "<" , Int ( 3 ) ) ) , Return ( Bool ( false ) )  .Stmts , .Stmts )  Assign ( Name ( "i" ) , Int ( 0 ) )  While ( Compare ( BinOp ( "+" , Name ( "i" ) , Int ( 2 ) ) , CmpOp ( "<" , Call ( Name ( "len" ) , Name ( "s" ) , .Exprs ) ) ) , If ( Compare ( Subscript ( Name ( "s" ) , Name ( "i" ) ) , CmpOp ( "==" , Subscript ( Name ( "s" ) , BinOp ( "+" , Name ( "i" ) , Int ( 1 ) ) ) ) ) , Return ( Bool ( false ) )  .Stmts , .Stmts )  If ( Compare ( Subscript ( Name ( "s" ) , Name ( "i" ) ) , CmpOp ( "==" , Subscript ( Name ( "s" ) , BinOp ( "+" , Name ( "i" ) , Int ( 2 ) ) ) ) ) , Return ( Bool ( false ) )  .Stmts , .Stmts )  If ( Compare ( Subscript ( Name ( "s" ) , BinOp ( "+" , Name ( "i" ) , Int ( 1 ) ) ) , CmpOp ( "==" , Subscript ( Name ( "s" ) , BinOp ( "+" , Name ( "i" ) , Int ( 2 ) ) ) ) ) , Return ( Bool ( false ) )  .Stmts , .Stmts )  AugAssign ( Name ( "i" ) , "+" , Int ( 1 ) )  .Stmts )  Return ( Bool ( true ) )  .Stmts , 0 ) , parent ( -1 ) )
    1 |-> scope ( "i" |-> 1
    "s" |-> str ( iCons ( 97 , iCons ( 98 , iCons ( 99 , .IntSeq ) ) ) ) , parent ( 0 ) )
  </scopes>
  <scopeLoc>
    2
  </scopeLoc>
  <heap>
    .Map
  </heap>
  <heapLoc>
    0
  </heapLoc>
  <stack>
    .List
  </stack>
  <ret>
    retV ( true )
  </ret>
  <exc>
    NoExc
  </exc>
  <exit-code>
    0
  </exit-code>
</generatedTop>
[Warning] Compiler: Variable 'As' defined but not used. Prefix variable name
with underscore if this is intentional.
	Source(/tmp/audit-work/reconstruction/reference-semantics/semantics/str.k)
	Location(52,27,52,29)
	52 |	  rule strLt(iCons(A:Int, As:IntSeq), iCons(B:Int, Bs:IntSeq)) => true   
      requires A  <Int B
	   .	                          ^~
[Warning] Compiler: Variable 'Bs' defined but not used. Prefix variable name
with underscore if this is intentional.
	Source(/tmp/audit-work/reconstruction/reference-semantics/semantics/str.k)
	Location(52,52,52,54)
	52 |	  rule strLt(iCons(A:Int, As:IntSeq), iCons(B:Int, Bs:IntSeq)) => true   
      requires A  <Int B
	   .	                                                   ^~
[Warning] Compiler: Variable 'As' defined but not used. Prefix variable name
with underscore if this is intentional.
	Source(/tmp/audit-work/reconstruction/reference-semantics/semantics/str.k)
	Location(53,27,53,29)
	53 |	  rule strLt(iCons(A:Int, As:IntSeq), iCons(B:Int, Bs:IntSeq)) => false  
      requires A  >Int B
	   .	                          ^~
[Warning] Compiler: Variable 'Bs' defined but not used. Prefix variable name
with underscore if this is intentional.
	Source(/tmp/audit-work/reconstruction/reference-semantics/semantics/str.k)
	Location(53,52,53,54)
	53 |	  rule strLt(iCons(A:Int, As:IntSeq), iCons(B:Int, Bs:IntSeq)) => false  
      requires A  >Int B
	   .	                                                   ^~
[Error] Prover: backend terminated because the configuration cannot be
rewritten further. See output for more details.
PRINTED_EXACT_TOP_LINE: no
EXIT_STATUS: 1
