COMMAND: bash -lc python3\ /audit-output/evidence/extract_claim_program.py\;\ kast\ solution.mpy\ --definition\ audit-verification-kompiled\ --module\ VERIFICATION\ --output\ json\ --output-file\ solution.kast.json\;\ kast\ claim-program.mpy\ --definition\ audit-verification-kompiled\ --module\ VERIFICATION\ --output\ json\ --output-file\ claim-program.kast.json\;\ cmp\ solution.kast.json\ claim-program.kast.json\;\ sha256sum\ solution.kast.json\ claim-program.kast.json\;\ wc\ -c\ solution.mpy\ claim-program.mpy\ solution.kast.json\ claim-program.kast.json
WORKDIR: /tmp/audit-work/111-histogram-audit
--- OUTPUT ---
extracted bytes: 2282
output: /tmp/audit-work/111-histogram-audit/claim-program.mpy
[Error] Inner Parser: Scanner error: unexpected character sequence 'E'.
	Source(/tmp/audit-work/111-histogram-audit/./claim-program.mpy)
	Location(5,46,5,47)
	5 |	            Assign(Name("result"), DictExpr(.Entries))
	  .	                                             ^
cmp: claim-program.kast.json: No such file or directory
90c2be895d4c6d55f055f208b75ea0fe659ed486a7785781bfd7b84080b8bd85  solution.kast.json
sha256sum: claim-program.kast.json: No such file or directory
 1330 solution.mpy
 2282 claim-program.mpy
21180 solution.kast.json
wc: claim-program.kast.json: No such file or directory
24792 total
--- END OUTPUT ---
EXIT STATUS: 1
