$ python3 /audit-output/evidence/05_inventory.py > /audit-output/evidence/05_rule_inventory.md
EXIT_STATUS: 0
$ rg -c "^-" /audit-output/evidence/05_rule_inventory.md
1223
EXIT_STATUS: 0
$ sha256sum /audit-output/evidence/05_rule_inventory.md
ab2ad0ce2fb7b9c44d2414455f10a358448c46185a221e249cf06556ae5eef3b  /audit-output/evidence/05_rule_inventory.md
EXIT_STATUS: 0
$ sed -n "1,90p" /audit-output/evidence/05_rule_inventory.md
# Exhaustive K source inventory

Generated directly from the trusted supplied semantics plus candidate verification/spec sources.

## Summary

- Files: 26
- Syntax declarations: 244
- Rules: 738
- Claims: 15
- Configurations: 1
- Context declarations: 5
- Function declarations: 160
- Total declarations: 114
- Functional declarations/rules: 0
- Opaque-in-proof symbol declarations: 24
- Priority rules: 43
- Ordinary operational rules: 207
- Equational rules: 433
- Concrete-only equations: 54
- Macro equations: 0
- Simplification rules: 1

## Per-file counts

- `semantics.k`: syntax=0, rules=0, claims=0, priority=0, simplification=0, opaque=0
- `semantics/assert.k`: syntax=0, rules=3, claims=0, priority=1, simplification=0, opaque=0
- `semantics/bool.k`: syntax=0, rules=16, claims=0, priority=5, simplification=0, opaque=0
- `semantics/builtins.k`: syntax=38, rules=138, claims=0, priority=1, simplification=0, opaque=1
- `semantics/call.k`: syntax=3, rules=21, claims=0, priority=5, simplification=0, opaque=0
- `semantics/comprehension.k`: syntax=3, rules=7, claims=0, priority=0, simplification=0, opaque=0
- `semantics/concrete.k`: syntax=6, rules=20, claims=0, priority=4, simplification=0, opaque=0
- `semantics/controls.k`: syntax=3, rules=34, claims=0, priority=5, simplification=0, opaque=0
- `semantics/core.k`: syntax=41, rules=51, claims=0, priority=1, simplification=0, opaque=0
- `semantics/dict.k`: syntax=12, rules=28, claims=0, priority=2, simplification=0, opaque=0
- `semantics/float.k`: syntax=43, rules=144, claims=0, priority=4, simplification=0, opaque=21
- `semantics/functions.k`: syntax=4, rules=15, claims=0, priority=0, simplification=0, opaque=0
- `semantics/int.k`: syntax=1, rules=19, claims=0, priority=0, simplification=0, opaque=0
- `semantics/iter.k`: syntax=1, rules=0, claims=0, priority=0, simplification=0, opaque=0
- `semantics/list.k`: syntax=5, rules=27, claims=0, priority=2, simplification=0, opaque=0
- `semantics/methods.k`: syntax=27, rules=75, claims=0, priority=3, simplification=0, opaque=0
- `semantics/operators.k`: syntax=0, rules=10, claims=0, priority=5, simplification=0, opaque=0
- `semantics/range.k`: syntax=2, rules=6, claims=0, priority=0, simplification=0, opaque=0
- `semantics/set.k`: syntax=6, rules=12, claims=0, priority=0, simplification=0, opaque=0
- `semantics/sort.k`: syntax=6, rules=19, claims=0, priority=1, simplification=0, opaque=2
- `semantics/str.k`: syntax=5, rules=28, claims=0, priority=0, simplification=0, opaque=0
- `semantics/subscript.k`: syntax=15, rules=40, claims=0, priority=2, simplification=0, opaque=0
- `semantics/syntax.k`: syntax=16, rules=0, claims=0, priority=0, simplification=0, opaque=0
- `semantics/tuple.k`: syntax=4, rules=21, claims=0, priority=2, simplification=0, opaque=0
- `candidate/verification.k`: syntax=3, rules=4, claims=0, priority=0, simplification=1, opaque=0
- `candidate/spec.k`: syntax=0, rules=0, claims=15, priority=0, simplification=0, opaque=0

## Complete declaration and rule listing

- `semantics.k:34` — **requires** — `requires "semantics/syntax.k"`
- `semantics.k:35` — **requires** — `requires "semantics/core.k"`
- `semantics.k:36` — **requires** — `requires "semantics/iter.k"`
- `semantics.k:37` — **requires** — `requires "semantics/range.k"`
- `semantics.k:38` — **requires** — `requires "semantics/operators.k"`
- `semantics.k:39` — **requires** — `requires "semantics/int.k"`
- `semantics.k:40` — **requires** — `requires "semantics/bool.k"`
- `semantics.k:41` — **requires** — `requires "semantics/float.k"`
- `semantics.k:42` — **requires** — `requires "semantics/str.k"`
- `semantics.k:43` — **requires** — `requires "semantics/set.k"`
- `semantics.k:44` — **requires** — `requires "semantics/list.k"`
- `semantics.k:45` — **requires** — `requires "semantics/tuple.k"`
- `semantics.k:46` — **requires** — `requires "semantics/subscript.k"`
- `semantics.k:47` — **requires** — `requires "semantics/comprehension.k"`
- `semantics.k:48` — **requires** — `requires "semantics/methods.k"`
- `semantics.k:49` — **requires** — `requires "semantics/controls.k"`
- `semantics.k:50` — **requires** — `requires "semantics/functions.k"`
- `semantics.k:51` — **requires** — `requires "semantics/builtins.k"`
- `semantics.k:52` — **requires** — `requires "semantics/call.k"`
- `semantics.k:53` — **requires** — `requires "semantics/sort.k"`
- `semantics.k:54` — **requires** — `requires "semantics/assert.k"`
- `semantics.k:55` — **requires** — `requires "semantics/dict.k"`
- `semantics.k:56` — **requires** — `requires "semantics/concrete.k"`
- `semantics.k:58` — **module** — `module MPY`
- `semantics.k:59` — **imports** — `imports MPY-CORE`
- `semantics.k:60` — **imports** — `imports MPY-ITER`
- `semantics.k:61` — **imports** — `imports MPY-RANGE`
- `semantics.k:62` — **imports** — `imports MPY-OPERATORS`
- `semantics.k:63` — **imports** — `imports MPY-INT`
- `semantics.k:64` — **imports** — `imports MPY-BOOL`
- `semantics.k:65` — **imports** — `imports MPY-FLOAT`
- `semantics.k:66` — **imports** — `imports MPY-STR`
- `semantics.k:67` — **imports** — `imports MPY-SET`
- `semantics.k:68` — **imports** — `imports MPY-LIST`
- `semantics.k:69` — **imports** — `imports MPY-TUPLE`
- `semantics.k:70` — **imports** — `imports MPY-SUBSCRIPT`
EXIT_STATUS: 0
