WITNESS: input=\<\>; mutated else branch increments depth, so mutated program returns false while bracketResult and both Python implementations return true.
COMMAND: cd /tmp/audit-work/reconstruction && timeout 300s kprove spec-body-mutation.k --definition audit-verification-kompiled --spec-module SPEC-BODY-MUTATION --claims SPEC-BODY-MUTATION.loop-zero\,SPEC-BODY-MUTATION.loop-positive\,SPEC-BODY-MUTATION.correct-bracketing --output pretty
kore-exec: [4540199] Warning (WarnStuckClaimState):
    The configuration's term doesn't unify with the destination's term and the configuration cannot be rewritten further. Location: /tmp/audit-work/reconstruction/spec-body-mutation.k:78:5-127:31
Context:
    (InfoReachability) while checking the implication
kore-exec: [4545595] Warning (WarnUnexploredBranches):
    8 branches were still unexplored when the action failed.
  #Not ( {
    C0
  #Equals
    60
  } )
#And
  <generatedTop>
    <k>
      false ~> .K
    </k>
    <env>
      0
    </env>
    <scopes>
      -1 |-> scope ( "abs" |-> builtinV ( "abs" )
      "all" |-> builtinV ( "all" )
      "any" |-> builtinV ( "any" )
      "bin" |-> builtinV ( "bin" )
      "chr" |-> builtinV ( "chr" )
      "enumerate" |-> builtinV ( "enumerate" )
      "eval" |-> builtinV ( "eval" )
      "float" |-> typeV ( "float" )
      "int" |-> typeV ( "int" )
      "isinstance" |-> builtinV ( "isinstance" )
      "len" |-> builtinV ( "len" )
      "list" |-> builtinV ( "list" )
      "map" |-> builtinV ( "map" )
      "max" |-> builtinV ( "max" )
      "min" |-> builtinV ( "min" )
      "ord" |-> builtinV ( "ord" )
      "range" |-> builtinV ( "range" )
      "round" |-> builtinV ( "round" )
      "set" |-> builtinV ( "set" )
      "sorted" |-> builtinV ( "sorted" )
      "str" |-> typeV ( "str" )
      "sum" |-> builtinV ( "sum" )
      "zip" |-> builtinV ( "zip" ) , root )
      0 |-> scope ( "correct_bracketing" |-> closureVal ( "brackets" , .ParamNames , Expr ( Str ( "Return whether the angle brackets are correctly balanced." ) )  Assign ( Name ( "depth" ) , Int ( 0 ) )  Assign ( Name ( "bracket" ) , Str ( "" ) )  For ( Name ( "bracket" ) , Name ( "brackets" ) , If ( Compare ( Name ( "bracket" ) , CmpOp ( "==" , Str ( "<" ) ) ) , AugAssign ( Name ( "depth" ) , "+" , Int ( 1 ) )  .Stmts , AugAssign ( Name ( "depth" ) , "+" , Int ( 1 ) )  .Stmts )  If ( Compare ( Name ( "depth" ) , CmpOp ( "<" , Int ( 0 ) ) ) , Return ( Bool ( false ) )  .Stmts , .Stmts )  .Stmts )  Return ( Compare ( Name ( "depth" ) , CmpOp ( "==" , Int ( 0 ) ) ) )  .Stmts , 0 ) , parent ( -1 ) )
    </scopes>
    <scopeLoc>
      1
    </scopeLoc>
    <heap>
      .Map
    </heap>
    <heapLoc>
      0
    </heapLoc>
    <stack>
      .List
    </stack>
    <ret>
      noRet
    </ret>
    <exc>
      NoExc
    </exc>
    <exit-code>
      0
    </exit-code>
  </generatedTop>
#And
  {
    C
  #Equals
    60
  }
#And
  {
    R0
  #Equals
    .IntSeq
  }
#And
  {
    R
  #Equals
    iCons ( C0 , .IntSeq )
  }
#And
  {
    S
  #Equals
    iCons ( 60 , iCons ( C0 , .IntSeq ) )
  }
[Warning] Compiler: Variable 'As' defined but not used. Prefix variable name
with underscore if this is intentional.
	Source(/tmp/audit-work/reconstruction/reference-semantics/semantics/str.k)
	Location(52,27,52,29)
	52 |	  rule strLt(iCons(A:Int, As:IntSeq), iCons(B:Int, Bs:IntSeq)) => true   
      requires A  <Int B
	   .	                          ^~
[Warning] Compiler: Variable 'Bs' defined but not used. Prefix variable name
with underscore if this is intentional.
	Source(/tmp/audit-work/reconstruction/reference-semantics/semantics/str.k)
	Location(52,52,52,54)
	52 |	  rule strLt(iCons(A:Int, As:IntSeq), iCons(B:Int, Bs:IntSeq)) => true   
      requires A  <Int B
	   .	                                                   ^~
[Warning] Compiler: Variable 'As' defined but not used. Prefix variable name
with underscore if this is intentional.
	Source(/tmp/audit-work/reconstruction/reference-semantics/semantics/str.k)
	Location(53,27,53,29)
	53 |	  rule strLt(iCons(A:Int, As:IntSeq), iCons(B:Int, Bs:IntSeq)) => false  
      requires A  >Int B
	   .	                          ^~
[Warning] Compiler: Variable 'Bs' defined but not used. Prefix variable name
with underscore if this is intentional.
	Source(/tmp/audit-work/reconstruction/reference-semantics/semantics/str.k)
	Location(53,52,53,54)
	53 |	  rule strLt(iCons(A:Int, As:IntSeq), iCons(B:Int, Bs:IntSeq)) => false  
      requires A  >Int B
	   .	                                                   ^~
[Warning] Compiler: Variable 'INPUT' defined but not used. Prefix variable name
with underscore if this is intentional.
	Source(/tmp/audit-work/reconstruction/spec-body-mutation.k)
	Location(25,30,25,35)
	25 |	          "brackets" |-> str(INPUT:IntSeq)
	   .	                             ^~~~~
[Warning] Compiler: Variable 'OLD' defined but not used. Prefix variable name
with underscore if this is intentional.
	Source(/tmp/audit-work/reconstruction/spec-body-mutation.k)
	Location(27,25,27,28)
	27 |	          "bracket" |-> OLD:Val,
	   .	                        ^~~
[Warning] Compiler: Variable 'P' defined but not used. Prefix variable name
with underscore if this is intentional.
	Source(/tmp/audit-work/reconstruction/spec-body-mutation.k)
	Location(28,11,28,12)
	28 |	          P:Parent)
	   .	          ^
[Warning] Compiler: Variable 'INPUT' defined but not used. Prefix variable name
with underscore if this is intentional.
	Source(/tmp/audit-work/reconstruction/spec-body-mutation.k)
	Location(59,30,59,35)
	59 |	          "brackets" |-> str(INPUT:IntSeq)
	   .	                             ^~~~~
[Warning] Compiler: Variable 'OLD' defined but not used. Prefix variable name
with underscore if this is intentional.
	Source(/tmp/audit-work/reconstruction/spec-body-mutation.k)
	Location(61,25,61,28)
	61 |	          "bracket" |-> OLD:Val,
	   .	                        ^~~
[Warning] Compiler: Variable 'P' defined but not used. Prefix variable name
with underscore if this is intentional.
	Source(/tmp/audit-work/reconstruction/spec-body-mutation.k)
	Location(62,11,62,12)
	62 |	          P:Parent)
	   .	          ^
[Error] Prover: backend terminated because the configuration cannot be
rewritten further. See output for more details.
EXIT_STATUS: 1
