WORKDIR: /tmp/audit-work/reconstruction
COMMAND: timeout 300s krun audit_concrete.mpy --definition audit-verification-kompiled --output pretty
<generatedTop>
  <k>
    .K
  </k>
  <env>
    0
  </env>
  <scopes>
    -1 |-> scope ( "abs" |-> builtinV ( "abs" )
    "all" |-> builtinV ( "all" )
    "any" |-> builtinV ( "any" )
    "bin" |-> builtinV ( "bin" )
    "chr" |-> builtinV ( "chr" )
    "enumerate" |-> builtinV ( "enumerate" )
    "eval" |-> builtinV ( "eval" )
    "float" |-> typeV ( "float" )
    "int" |-> typeV ( "int" )
    "isinstance" |-> builtinV ( "isinstance" )
    "len" |-> builtinV ( "len" )
    "list" |-> builtinV ( "list" )
    "map" |-> builtinV ( "map" )
    "max" |-> builtinV ( "max" )
    "min" |-> builtinV ( "min" )
    "ord" |-> builtinV ( "ord" )
    "range" |-> builtinV ( "range" )
    "round" |-> builtinV ( "round" )
    "set" |-> builtinV ( "set" )
    "sorted" |-> builtinV ( "sorted" )
    "str" |-> typeV ( "str" )
    "sum" |-> builtinV ( "sum" )
    "zip" |-> builtinV ( "zip" ) , root )
    0 |-> scope ( "correct_bracketing" |-> closureVal ( "brackets" , .ParamNames , Expr ( Str ( "Exact submitted body, followed by reviewer-selected assertions." ) )  Assign ( Name ( "depth" ) , Int ( 0 ) )  Assign ( Name ( "bracket" ) , Str ( "" ) )  For ( Name ( "bracket" ) , Name ( "brackets" ) , If ( Compare ( Name ( "bracket" ) , CmpOp ( "==" , Str ( "<" ) ) ) , AugAssign ( Name ( "depth" ) , "+" , Int ( 1 ) )  .Stmts , AugAssign ( Name ( "depth" ) , "-" , Int ( 1 ) )  .Stmts )  If ( Compare ( Name ( "depth" ) , CmpOp ( "<" , Int ( 0 ) ) ) , Return ( Bool ( false ) )  .Stmts , .Stmts )  .Stmts )  Return ( Compare ( Name ( "depth" ) , CmpOp ( "==" , Int ( 0 ) ) ) )  .Stmts , 0 ) , parent ( -1 ) )
  </scopes>
  <scopeLoc>
    1
  </scopeLoc>
  <heap>
    .Map
  </heap>
  <heapLoc>
    0
  </heapLoc>
  <stack>
    .List
  </stack>
  <ret>
    noRet
  </ret>
  <exc>
    NoExc
  </exc>
  <exit-code>
    0
  </exit-code>
</generatedTop>
EXIT_STATUS: 0
