Script started on 2026-07-31 07:46:15-05:00 [<not executed on terminal>]
	linux-vdso.so.1 (0x00007fa846bc8000)
	libInit_shared.so => /opt/elan/toolchains/leanprover--lean4---v4.22.0/bin/../lib/lean/libInit_shared.so (0x00007fa846bb8000)
	libleanshared_1.so => /opt/elan/toolchains/leanprover--lean4---v4.22.0/bin/../lib/lean/libleanshared_1.so (0x00007fa846bb4000)
	libleanshared.so => /opt/elan/toolchains/leanprover--lean4---v4.22.0/bin/../lib/lean/libleanshared.so (0x00007fa83f631000)
	libc.so.6 => /lib/x86_64-linux-gnu/libc.so.6 (0x00007fa83f404000)
	libpthread.so.0 => /lib/x86_64-linux-gnu/libpthread.so.0 (0x00007fa83f3ff000)
	libdl.so.2 => /lib/x86_64-linux-gnu/libdl.so.2 (0x00007fa83f3f8000)
	libm.so.6 => /lib/x86_64-linux-gnu/libm.so.6 (0x00007fa83f311000)
	/lib64/ld-linux-x86-64.so.2 (0x00007fa846bca000)
	librt.so.1 => /lib/x86_64-linux-gnu/librt.so.1 (0x00007fa83f30c000)
	linux-vdso.so.1 (0x00007fd7110d3000)
	libLake_shared.so => /opt/elan/toolchains/leanprover--lean4---v4.22.0/bin/../lib/lean/libLake_shared.so (0x00007fd7108be000)
	libInit_shared.so => /opt/elan/toolchains/leanprover--lean4---v4.22.0/bin/../lib/lean/libInit_shared.so (0x00007fd7108ba000)
	libleanshared_1.so => /opt/elan/toolchains/leanprover--lean4---v4.22.0/bin/../lib/lean/libleanshared_1.so (0x00007fd7108b6000)
	libleanshared.so => /opt/elan/toolchains/leanprover--lean4---v4.22.0/bin/../lib/lean/libleanshared.so (0x00007fd709333000)
	libc.so.6 => /lib/x86_64-linux-gnu/libc.so.6 (0x00007fd709106000)
	libpthread.so.0 => /lib/x86_64-linux-gnu/libpthread.so.0 (0x00007fd7090ff000)
	libdl.so.2 => /lib/x86_64-linux-gnu/libdl.so.2 (0x00007fd7090fa000)
	libm.so.6 => /lib/x86_64-linux-gnu/libm.so.6 (0x00007fd709013000)
	/lib64/ld-linux-x86-64.so.2 (0x00007fd7110d5000)
	librt.so.1 => /lib/x86_64-linux-gnu/librt.so.1 (0x00007fd70900e000)
Init.ilean 1410
Init.ir 4624
Init.olean 22432
Init.olean.private 96
Init.olean.server 96
Init/BinderNameHint.ilean 386
Init/BinderNameHint.ir 2536
Init/BinderNameHint.olean 27280
Init/BinderNameHint.olean.private 720
Init/BinderNameHint.olean.server 1448
Init/BinderPredicates.ilean 1166
Init/BinderPredicates.ir 78584
Init/BinderPredicates.olean 277848
Init/BinderPredicates.olean.private 52056
Init/BinderPredicates.olean.server 6072
Init/ByCases.ilean 2053
Init/ByCases.ir 33008
Init/ByCases.olean 133632
Init/ByCases.olean.private 28424
Init/ByCases.olean.server 3552
Init/Classical.ilean 16128
Init/Classical.ir 2920
Init/Classical.olean 65320
Init/Classical.olean.private 81264
Init/Classical.olean.server 11864
Init/Coe.ilean 12689
Init/Coe.ir 20616
Init/Coe.olean 257520
Init/Coe.olean.private 3176
Init/Coe.olean.server 17216
Init/Control.ilean 492
Init/Control.ir 1688
Init/Control.olean 19736
Init/Control.olean.private 96
Init/Control.olean.server 96
Init/Conv.ilean 10616
Init/Conv.ir 200488
Init/Conv.olean 802744
Init/Conv.olean.private 87512
Init/Conv.olean.server 17048
Init/Core.ilean 111526
Init/Core.ir 157672
Init/Core.olean 1702936
Init/Core.olean.private 547968
Init/Core.olean.server 109064
Init/Data.ilean 1748
Init/Data.ir 5240
Init/Data.olean 23288
Init/Data.olean.private 96
Init/Data.olean.server 96
Init/Dynamic.ilean 7376
Init/Dynamic.ir 6408
Init/Dynamic.olean 53192
Init/Dynamic.olean.private 10416
Init/Dynamic.olean.server 4936
Init/Ext.ilean 3529
Init/Ext.ir 34368
Init/Ext.olean 172888
Init/Ext.olean.private 152992
Init/Ext.olean.server 4232
Init/GetElem.ilean 23093
Init/GetElem.ir 90784
Init/GetElem.olean 613104
Init/GetElem.olean.private 189032
Init/GetElem.olean.server 16264
Init/Grind.ilean 705
Init/Grind.ir 2448
Init/Grind.olean 20416
Init/Grind.olean.private 96
Init/Grind.olean.server 96
Init/GrindInstances.ilean 219
Init/GrindInstances.ir 944
Init/GrindInstances.olean 18992
Init/GrindInstances.olean.private 96
Init/GrindInstances.olean.server 96
Init/Guard.ilean 3879
Init/Guard.ir 36288
Init/Guard.olean 157344
Init/Guard.olean.private 10904
Init/Guard.olean.server 6552
Init/Hints.ilean 397
Init/Hints.ir 664
Init/Hints.olean 19608
Init/Hints.olean.private 1056
Init/Hints.olean.server 1360
Init/Internal.ilean 114
Init/Internal.ir 736
Init/Internal.olean 18784
Init/Internal.olean.private 96
Init/Internal.olean.server 1608
Init/MacroTrace.ilean 892
Init/MacroTrace.ir 20480
Init/MacroTrace.olean 85568
Init/MacroTrace.olean.private 14488
Init/MacroTrace.olean.server 1480
Init/Meta.ilean 194561
Init/Meta.ir 867928
Init/Meta.olean 2765856
Init/Meta.olean.private 666968
Init/Meta.olean.server 63920
Init/MetaTypes.ilean 22264
Init/MetaTypes.ir 51752
Init/MetaTypes.olean 453816
Init/MetaTypes.olean.private 343304
Init/MetaTypes.olean.server 18040
Init/Notation.ilean 30046
Init/Notation.ir 548416
Init/Notation.olean 1932560
Init/Notation.olean.private 354176
Init/Notation.olean.server 39936
Init/NotationExtra.ilean 28987
Init/NotationExtra.ir 391816
Init/NotationExtra.olean 1397616
Init/NotationExtra.olean.private 227800
Init/NotationExtra.olean.server 16328
Init/Omega.ilean 275
Init/Omega.ir 1160
Init/Omega.olean 19168
Init/Omega.olean.private 96
Init/Omega.olean.server 96
Init/Prelude.ilean 286105
Init/Prelude.ir 303064
Init/Prelude.olean 2983424
Init/Prelude.olean.private 452432
Init/Prelude.olean.server 183624
Init/PropLemmas.ilean 44097
Init/PropLemmas.ir 11952
Init/PropLemmas.olean 270672
Init/PropLemmas.olean.private 525240
Init/PropLemmas.olean.server 52032
Init/RCases.ilean 1797
Init/RCases.ir 36888
Init/RCases.olean 172344
Init/RCases.olean.private 10368
Init/RCases.olean.server 7376
Init/ShareCommon.ilean 18321
Init/ShareCommon.ir 17776
Init/ShareCommon.olean 200896
Init/ShareCommon.olean.private 171760
Init/ShareCommon.olean.server 10576
Init/SimpLemmas.ilean 31293
Init/SimpLemmas.ir 656
Init/SimpLemmas.olean 139040
Init/SimpLemmas.olean.private 241832
Init/SimpLemmas.olean.server 35760
Init/Simproc.ilean 9003
Init/Simproc.ir 197576
Init/Simproc.olean 660424
Init/Simproc.olean.private 134616
Init/Simproc.olean.server 5848
Init/SizeOf.ilean 8815
Init/SizeOf.ir 3744
Init/SizeOf.olean 204984
Init/SizeOf.olean.private 21984
Init/SizeOf.olean.server 5392
Init/SizeOfLemmas.ilean 3490
Init/SizeOfLemmas.ir 1184
Init/SizeOfLemmas.olean 37776
Init/SizeOfLemmas.olean.private 39696
Init/SizeOfLemmas.olean.server 3304
Init/Syntax.ilean 1507
Init/Syntax.ir 5184
Init/Syntax.olean 28488
Init/Syntax.olean.private 6896
Init/Syntax.olean.server 1984
Init/System.ilean 270
Init/System.ir 1152
Init/System.olean 19200
Init/System.olean.private 96
Init/System.olean.server 96
Init/Tactics.ilean 38631
Init/Tactics.ir 650008
Init/Tactics.olean 2562160
Init/Tactics.olean.private 262728
Init/Tactics.olean.server 56824
Init/TacticsExtra.ilean 5455
Init/TacticsExtra.ir 161760
Init/TacticsExtra.olean 480016
Init/TacticsExtra.olean.private 60280
Init/TacticsExtra.olean.server 3304
Init/Task.ilean 1917
Init/Task.ir 9240
Init/Task.olean 49496
Init/Task.olean.private 12464
Init/Task.olean.server 1632
Init/Try.ilean 2333
Init/Try.ir 17848
Init/Try.olean 103800
Init/Try.olean.private 3624
Init/Try.olean.server 3472
Init/Util.ilean 8376
Init/Util.ir 23176
Init/Util.olean 87032
Init/Util.olean.private 19976
Init/Util.olean.server 5624
Init/WF.ilean 22807
Init/WF.ir 10096
Init/WF.olean 273464
Init/WF.olean.private 182608
Init/WF.olean.server 15728
Init/WFTactics.ilean 362
Init/WFTactics.ir 122144
Init/WFTactics.olean 436008
Init/WFTactics.olean.private 42896
Init/WFTactics.olean.server 3600
Init/While.ilean 3392
Init/While.ir 52672
Init/While.olean 222496
Init/While.olean.private 27784
Init/While.olean.server 4128
Lake.ilean 267
Lake.olean 19296
Lake/Build.ilean 306
Lake/Build.olean 19296
Lake/CLI.ilean 103
Lake/CLI.olean 18776
Lake/Config.ilean 110
Lake/Config.olean 18776
Lake/DSL.ilean 493
Lake/DSL.olean 19800
Lake/Load.ilean 110
Lake/Load.olean 18784
Lake/Reservoir.ilean 22110
Lake/Reservoir.olean 741872
Lake/Toml.ilean 105
Lake/Toml.olean 18776
Lake/Version.ilean 2324
Lake/Version.olean 68888
LakeMain.ilean 807
LakeMain.olean 27208
Lean.ilean 1652
Lean.olean 22584
Lean/AddDecl.ilean 28996
Lean/AddDecl.olean 588408
Lean/Attributes.ilean 73876
Lean/Attributes.olean 1624136
Lean/AuxRecursor.ilean 7268
Lean/AuxRecursor.olean 82328
Lean/BuiltinDocAttr.ilean 4290
Lean/BuiltinDocAttr.olean 204352
Lean/Class.ilean 18702
Lean/Class.olean 380136
Lean/Compiler.ilean 774
Lean/Compiler.olean 20112
Lean/CoreM.ilean 110420
Lean/CoreM.olean 3062664
Lean/Data.ilean 1035
Lean/Data.olean 21176
Lean/Declaration.ilean 62557
Lean/Declaration.olean 1286896
Lean/DeclarationRange.ilean 7348
Lean/DeclarationRange.olean 124248
Lean/DefEqAttrib.ilean 12581
Lean/DefEqAttrib.olean 660208
Lean/DocString.ilean 2700
Lean/DocString.olean 42464
Lean/Elab.ilean 2254
Lean/Elab.olean 23800
Lean/EnvExtension.ilean 29307
Lean/EnvExtension.olean 560384
/opt/elan/toolchains/leanprover--lean4---v4.22.0/lib/lean/libLake.a 14407328
/opt/elan/toolchains/leanprover--lean4---v4.22.0/lib/lean/libLake_shared.so 9830728

Script done on 2026-07-31 07:46:15-05:00 [COMMAND_EXIT_CODE="0"]
