Script started on 2026-07-31 07:47:01-05:00 [<not executed on terminal>]
def LeanInstall.ccLinkFlags (shared : Bool) (self : LeanInstall) : Array String :=
  if shared then self.ccLinkSharedFlags else self.ccLinkStaticFlags

/-- Lake executable file name. -/
def lakeExe : FilePath :=
  FilePath.addExtension "lake" FilePath.exeExtension

/-- Path information about the local Lake installation. -/
structure LakeInstall where
  home : FilePath
  srcDir := home
  binDir := home / defaultBuildDir / defaultBinDir
  libDir := home / defaultBuildDir / defaultLeanLibDir
  sharedDynlib : Dynlib := {
    name := "Lake"
    path := libDir / nameToSharedLib "Lake"
  }
  lake := binDir / lakeExe
  deriving Inhabited, Repr

@[inline] def LakeInstall.sharedLib (self : LakeInstall) : FilePath :=
  self.sharedDynlib.path

/-- Construct a Lake installation co-located with the specified Lean installation. -/
def LakeInstall.ofLean (lean : LeanInstall) : LakeInstall where
  home := lean.sysroot
  srcDir := lean.srcDir / "lake"
  binDir := lean.binDir
  libDir := lean.leanLibDir
  sharedDynlib :=
    let lib := s!"libLake_shared.{sharedLibExt}"
    let path := if Platform.isWindows then lean.binDir / lib else lean.leanLibDir / lib
    {name := "Lake_shared", path}
  lake := lean.binDir / lakeExe

/-! ## Detection Functions -/

/--
Attempt to detect an Elan installation by checking the `ELAN` and `ELAN_HOME`
environment variables. If `ELAN` is set but empty, Elan is considered disabled.
-/
def findElanInstall? : BaseIO (Option ElanInstall) := do
  if let some home ← IO.getEnv "ELAN_HOME" then
    let elan := (← IO.getEnv "ELAN").getD "elan"
    if elan.trim.isEmpty then
      return none

Script done on 2026-07-31 07:47:01-05:00 [COMMAND_EXIT_CODE="0"]
