Script started on 2026-07-26 20:25:07-05:00 [<not executed on terminal>]
COMMAND: python3 /reference/py2mpy.py solution.py > solution.regenerated.mpy
EXIT: 0
COMMAND: cmp solution.regenerated.mpy solution.mpy
EXIT: 0
COMMAND: sha256sum solution.regenerated.mpy solution.mpy
6ffc5212ff003b36c8f23490a4fbc4ce1967a453b6ef4d40d261bf4fe138a6b6  solution.regenerated.mpy
6ffc5212ff003b36c8f23490a4fbc4ce1967a453b6ef4d40d261bf4fe138a6b6  solution.mpy
EXIT: 0
COMMAND: python3 /audit-output/evidence/differential_test.py
oracle=/tmp/audit-work/reconstruction/canonical.py:get_closest_vowel
subject=/tmp/audit-work/reconstruction/solution.py:get_closest_vowel
domain=English-letter strings
scope=prompt examples; lengths 0/1/2/3; all branch patterns over 'abEyZ' through length 5; 5000 seeded ASCII-letter strings of length 0..128; patterned strings through length 503
case_count=8899
input_sequence_sha256=f724673667098466e570711ba196a4fe575486cf6ea54b81fa19bb5032a0a148
preserved_inputs=/audit-output/evidence/differential_inputs.txt
exception_count=0
mismatch_count=0
EXIT: 0

Script done on 2026-07-26 20:25:07-05:00 [COMMAND_EXIT_CODE="0"]
