COMMAND: kprove summary-ground-spec.k --definition verification-fresh-kompiled --spec-module SUMMARY-GROUND-SPEC
kore-exec: [990770] Error (ErrorException):
    Unexpected empty set of claims.
    Possible explanation: the frontend and the backend don't agree on the representation of claims.
    CallStack (from HasCallStack):
      error, called at src/Kore/Exec.hs:989:26 in kore-0.1.135-3ZELFdwpMgyGGelTbbE1ER:Kore.Exec
Unexpected empty set of claims.
Possible explanation: the frontend and the backend don't agree on the representation of claims.
CallStack (from HasCallStack):
  error, called at src/Kore/Exec.hs:989:26 in kore-0.1.135-3ZELFdwpMgyGGelTbbE1ER:Kore.Exec
Created bug report: kore-exec.tar.gz
[Warning] Compiler: Variable 'As' defined but not used. Prefix variable name
with underscore if this is intentional.
	Source(/tmp/audit-work/44-change-base/reference-semantics/semantics/str.k)
	Location(52,27,52,29)
	52 |	  rule strLt(iCons(A:Int, As:IntSeq), iCons(B:Int, Bs:IntSeq)) => true   
      requires A  <Int B
	   .	                          ^~
[Warning] Compiler: Variable 'Bs' defined but not used. Prefix variable name
with underscore if this is intentional.
	Source(/tmp/audit-work/44-change-base/reference-semantics/semantics/str.k)
	Location(52,52,52,54)
	52 |	  rule strLt(iCons(A:Int, As:IntSeq), iCons(B:Int, Bs:IntSeq)) => true   
      requires A  <Int B
	   .	                                                   ^~
[Warning] Compiler: Variable 'As' defined but not used. Prefix variable name
with underscore if this is intentional.
	Source(/tmp/audit-work/44-change-base/reference-semantics/semantics/str.k)
	Location(53,27,53,29)
	53 |	  rule strLt(iCons(A:Int, As:IntSeq), iCons(B:Int, Bs:IntSeq)) => false  
      requires A  >Int B
	   .	                          ^~
[Warning] Compiler: Variable 'Bs' defined but not used. Prefix variable name
with underscore if this is intentional.
	Source(/tmp/audit-work/44-change-base/reference-semantics/semantics/str.k)
	Location(53,52,53,54)
	53 |	  rule strLt(iCons(A:Int, As:IntSeq), iCons(B:Int, Bs:IntSeq)) => false  
      requires A  >Int B
	   .	                                                   ^~
[Warning] Compiler: Functional claims not yet supported.
https://github.com/runtimeverification/haskell-backend/issues/3010
	Source(/tmp/audit-work/44-change-base/summary-ground-spec.k)
	Location(7,5,9,34)
	  .	    v~~~~~~~~~~~~~~~~~~~~
	7 |	    changeBaseCodes(8, 3)
	8 |	    =>
	9 |	    iCons(50, iCons(50, .IntSeq))
	  .	    ~~~~~~~~~~~~~~~~~~~~~~~~~~~~^
[Warning] Compiler: Functional claims not yet supported.
https://github.com/runtimeverification/haskell-backend/issues/3010
	Source(/tmp/audit-work/44-change-base/summary-ground-spec.k)
	Location(12,5,14,23)
	   .	    v~~~~~~~~~~~~~~~~~~~~
	12 |	    changeBaseCodes(0, 2)
	13 |	    =>
	14 |	    iCons(48, .IntSeq)
	   .	    ~~~~~~~~~~~~~~~~~^
[Warning] Compiler: Functional claims not yet supported.
https://github.com/runtimeverification/haskell-backend/issues/3010
	Source(/tmp/audit-work/44-change-base/summary-ground-spec.k)
	Location(17,5,19,45)
	   .	    v~~~~~~~~~~~~~~~~~~~~~
	17 |	    changeBaseCodes(-8, 3)
	18 |	    =>
	19 |	    iCons(45, iCons(50, iCons(50, .IntSeq)))
	   .	    ~~~~~~~~~~~~~~~~~~~~~~~~~~~~~~~~~~~~~~~^
[Error] Critical: Haskell Backend execution failed with code 1 and produced no
output.
EXIT_STATUS: 113
