COMMAND: kompile semantic.k --backend llvm --main-module SEMANTIC --syntax-module SEMANTIC-SYNTAX --output-definition concrete-kompiled
[Warning] Compiler: Non exhaustive match detected:
`evalInt(_,_)_SEMANTIC_Int_Exp_Map`(`Compare(_,_)_SEMANTIC-SYNTAX_Exp_Exp_CmpOp`(_,_),_)
	Source(/tmp/audit-work/46-fib4/semantic.k)
	Location(108,18,108,65)
	108 |	  syntax Int ::= "evalInt" "(" Exp "," Map ")" [function, total]
	    .	                 ^~~~~~~~~~~~~~~~~~~~~~~~~~~~~~~~~~~~~~~~~~~~~~~
[Warning] Compiler: Non exhaustive match detected:
`evalBool(_,_)_SEMANTIC_Bool_Exp_Map`(`BinOp(_,_,_)_SEMANTIC-SYNTAX_Exp_String_Exp_Exp`(_,_,_),_)
	Source(/tmp/audit-work/46-fib4/semantic.k)
	Location(113,19,113,67)
	113 |	  syntax Bool ::= "evalBool" "(" Exp "," Map ")" [function, total]
	    .	                  ^~~~~~~~~~~~~~~~~~~~~~~~~~~~~~~~~~~~~~~~~~~~~~~~
EXIT_STATUS=0
COMMAND: kompile semantic.k --backend haskell --main-module SEMANTIC --syntax-module SEMANTIC-SYNTAX --output-definition proof-kompiled
EXIT_STATUS=0
COMMAND: krun solution.mpy -cARG=0 --definition concrete-kompiled
<fib4>
  <k>
    .K
  </k>
  <arg>
    0
  </arg>
  <env>
    "n" |-> 0
  </env>
  <result>
    result ( 0 )
  </result>
</fib4>
EXIT_STATUS=0
COMMAND: krun solution.mpy -cARG=1 --definition concrete-kompiled
<fib4>
  <k>
    .K
  </k>
  <arg>
    1
  </arg>
  <env>
    "n" |-> 1
  </env>
  <result>
    result ( 0 )
  </result>
</fib4>
EXIT_STATUS=0
COMMAND: krun solution.mpy -cARG=2 --definition concrete-kompiled
<fib4>
  <k>
    .K
  </k>
  <arg>
    2
  </arg>
  <env>
    "n" |-> 2
  </env>
  <result>
    result ( 2 )
  </result>
</fib4>
EXIT_STATUS=0
COMMAND: krun solution.mpy -cARG=3 --definition concrete-kompiled
<fib4>
  <k>
    .K
  </k>
  <arg>
    3
  </arg>
  <env>
    "n" |-> 3
  </env>
  <result>
    result ( 0 )
  </result>
</fib4>
EXIT_STATUS=0
COMMAND: krun solution.mpy -cARG=4 --definition concrete-kompiled
<fib4>
  <k>
    .K
  </k>
  <arg>
    4
  </arg>
  <env>
    "a" |-> 0
    "b" |-> 2
    "c" |-> 0
    "d" |-> 2
    "e" |-> 2
    "i" |-> 5
    "n" |-> 4
  </env>
  <result>
    result ( 2 )
  </result>
</fib4>
EXIT_STATUS=0
COMMAND: krun solution.mpy -cARG=5 --definition concrete-kompiled
<fib4>
  <k>
    .K
  </k>
  <arg>
    5
  </arg>
  <env>
    "a" |-> 2
    "b" |-> 0
    "c" |-> 2
    "d" |-> 4
    "e" |-> 4
    "i" |-> 6
    "n" |-> 5
  </env>
  <result>
    result ( 4 )
  </result>
</fib4>
EXIT_STATUS=0
COMMAND: krun solution.mpy -cARG=7 --definition concrete-kompiled
<fib4>
  <k>
    .K
  </k>
  <arg>
    7
  </arg>
  <env>
    "a" |-> 2
    "b" |-> 4
    "c" |-> 8
    "d" |-> 14
    "e" |-> 14
    "i" |-> 8
    "n" |-> 7
  </env>
  <result>
    result ( 14 )
  </result>
</fib4>
EXIT_STATUS=0
COMMAND: krun solution.mpy -cARG=10 --definition concrete-kompiled
<fib4>
  <k>
    .K
  </k>
  <arg>
    10
  </arg>
  <env>
    "a" |-> 14
    "b" |-> 28
    "c" |-> 54
    "d" |-> 104
    "e" |-> 104
    "i" |-> 11
    "n" |-> 10
  </env>
  <result>
    result ( 104 )
  </result>
</fib4>
EXIT_STATUS=0
COMMAND: krun solution.mpy -cARG=20 --definition concrete-kompiled
<fib4>
  <k>
    .K
  </k>
  <arg>
    20
  </arg>
  <env>
    "a" |-> 10270
    "b" |-> 19796
    "c" |-> 38158
    "d" |-> 73552
    "e" |-> 73552
    "i" |-> 21
    "n" |-> 20
  </env>
  <result>
    result ( 73552 )
  </result>
</fib4>
EXIT_STATUS=0
COMMAND: kprove spec.k --definition proof-kompiled --spec-module SPEC --claims SPEC.fib4-spec-link
kore-exec: [171544] Warning (WarnTrivialClaim):
    Claim proven without rewriting at: /tmp/audit-work/46-fib4/spec.k:10:5-18:23
#Top
EXIT_STATUS=0
COMMAND: kprove spec.k --definition proof-kompiled --spec-module SPEC --claims SPEC.loop-correct
#Top
EXIT_STATUS=0
COMMAND: kprove spec.k --definition proof-kompiled --spec-module SPEC --claims SPEC.fib4-inductive-init
#Top
EXIT_STATUS=0
COMMAND: kprove spec.k --definition proof-kompiled --spec-module SPEC --claims SPEC.fib4-base-0
#Top
EXIT_STATUS=0
COMMAND: kprove spec.k --definition proof-kompiled --spec-module SPEC --claims SPEC.fib4-base-1
#Top
EXIT_STATUS=0
COMMAND: kprove spec.k --definition proof-kompiled --spec-module SPEC --claims SPEC.fib4-base-2
#Top
EXIT_STATUS=0
COMMAND: kprove spec.k --definition proof-kompiled --spec-module SPEC --claims SPEC.fib4-base-3
#Top
EXIT_STATUS=0
COMMAND: kprove spec.k --definition proof-kompiled --spec-module SPEC --claims SPEC.fib4-seven
#Top
EXIT_STATUS=0
COMMAND: kprove spec.k --definition proof-kompiled --spec-module SPEC
kore-exec: [188238] Warning (WarnTrivialClaim):
    Claim proven without rewriting at: /tmp/audit-work/46-fib4/spec.k:10:5-18:23
#Top
EXIT_STATUS=0
OVERALL_EXIT_STATUS=0
SCRIPT_EXIT_STATUS=0
