MUTATION: semantic.k solutionProgram base-2 return changed Int(2) -> Int(99)
COMMAND: kompile semantic.k --backend haskell --main-module SEMANTIC --syntax-module SEMANTIC-SYNTAX --output-definition body-mutated-kompiled
BUILD_EXIT_STATUS=0
COMMAND: kprove spec.k --definition body-mutated-kompiled --spec-module SPEC --claims SPEC.fib4-base-2
kore-exec: [195898] Warning (WarnStuckClaimState):
    The configuration's term doesn't unify with the destination's term and the configuration cannot be rewritten further. Location: /tmp/audit-work/body-mutation/spec.k:106:5-111:12
Context:
    (InfoReachability) while checking the implication
<fib4>
  <k>
    .K
  </k>
  <arg>
    2
  </arg>
  <env>
    "n" |-> 2
  </env>
  <result>
    result ( 99 )
  </result>
</fib4>
[Error] Prover: backend terminated because the configuration cannot be
rewritten further. See output for more details.
PROOF_EXIT_STATUS=1
EXPECTED_BODY_SENSITIVITY=PASS
OVERALL_EXIT_STATUS=0
