+ command: python3 /audit-output/evidence/06_k_inventory.py
+ command: printf 'inventory_exit=%s\n' 0
inventory_exit=0
+ command: rg -n '(\[(function|total|functional|simplification|concrete|owise|priority|no-evaluators)|syntax|configuration|context|rule|claim)' /tmp/audit-work/candidate/reference-semantics /tmp/audit-work/candidate/verification.k /tmp/audit-work/candidate/spec.k
+ command: printf 'independent_rg_inventory_exit=%s\n' 0
independent_rg_inventory_exit=0
+ command: wc -lc /audit-output/evidence/06_rule_inventory.txt /audit-output/evidence/06_rg_inventory.txt
  4479 222571 /audit-output/evidence/06_rule_inventory.txt
  1060 138822 /audit-output/evidence/06_rg_inventory.txt
  5539 361393 total
+ command: sha256sum /audit-output/evidence/06_rule_inventory.txt /audit-output/evidence/06_rg_inventory.txt
a40278746f374d5e78cceffe93e6964a8d36b7ca64f0737a8af3c8b43353f641  /audit-output/evidence/06_rule_inventory.txt
249f4f65156390f7222cedf2f4ff1095e03137b21e9869493f6cb3d14bb09168  /audit-output/evidence/06_rg_inventory.txt
+ command: rg '^FILE |^TOTAL_KINDS' /audit-output/evidence/06_rule_inventory.txt
FILE reference-semantics/semantics/assert.k blocks=6 kinds={'module': 1, 'imports': 1, 'rule': 3, 'endmodule': 1}
FILE reference-semantics/semantics/bool.k blocks=17 kinds={'module': 1, 'imports': 1, 'rule': 13, 'context': 1, 'endmodule': 1}
FILE reference-semantics/semantics/builtins.k blocks=184 kinds={'module': 1, 'imports': 7, 'syntax': 38, 'rule': 137, 'endmodule': 1}
FILE reference-semantics/semantics/call.k blocks=29 kinds={'module': 1, 'imports': 3, 'rule': 21, 'syntax': 3, 'endmodule': 1}
FILE reference-semantics/semantics/comprehension.k blocks=17 kinds={'module': 1, 'imports': 5, 'rule': 7, 'syntax': 3, 'endmodule': 1}
FILE reference-semantics/semantics/concrete.k blocks=24 kinds={'module': 1, 'imports': 1, 'rule': 16, 'syntax': 5, 'endmodule': 1}
FILE reference-semantics/semantics/controls.k blocks=42 kinds={'module': 1, 'imports': 3, 'rule': 34, 'syntax': 3, 'endmodule': 1}
FILE reference-semantics/semantics/core.k blocks=93 kinds={'module': 1, 'imports': 7, 'syntax': 37, 'configuration': 1, 'rule': 46, 'endmodule': 1}
FILE reference-semantics/semantics/dict.k blocks=46 kinds={'module': 1, 'imports': 4, 'syntax': 12, 'rule': 28, 'endmodule': 1}
FILE reference-semantics/semantics/float.k blocks=160 kinds={'module': 1, 'imports': 3, 'syntax': 34, 'rule': 121, 'endmodule': 1}
FILE reference-semantics/semantics/functions.k blocks=22 kinds={'module': 1, 'imports': 1, 'syntax': 4, 'rule': 15, 'endmodule': 1}
FILE reference-semantics/semantics/int.k blocks=20 kinds={'module': 1, 'imports': 1, 'rule': 16, 'syntax': 1, 'endmodule': 1}
FILE reference-semantics/semantics/iter.k blocks=4 kinds={'module': 1, 'imports': 1, 'syntax': 1, 'endmodule': 1}
FILE reference-semantics/semantics/list.k blocks=37 kinds={'module': 1, 'imports': 3, 'rule': 27, 'syntax': 5, 'endmodule': 1}
FILE reference-semantics/semantics/methods.k blocks=108 kinds={'module': 1, 'imports': 4, 'syntax': 27, 'rule': 75, 'endmodule': 1}
FILE reference-semantics/semantics/operators.k blocks=16 kinds={'module': 1, 'imports': 2, 'rule': 10, 'context': 2, 'endmodule': 1}
FILE reference-semantics/semantics/range.k blocks=12 kinds={'module': 1, 'imports': 2, 'syntax': 2, 'rule': 6, 'endmodule': 1}
FILE reference-semantics/semantics/set.k blocks=21 kinds={'module': 1, 'imports': 1, 'syntax': 6, 'rule': 12, 'endmodule': 1}
FILE reference-semantics/semantics/sort.k blocks=29 kinds={'module': 1, 'imports': 2, 'syntax': 6, 'rule': 19, 'endmodule': 1}
FILE reference-semantics/semantics/str.k blocks=37 kinds={'module': 1, 'imports': 2, 'rule': 28, 'syntax': 5, 'endmodule': 1}
FILE reference-semantics/semantics/subscript.k blocks=60 kinds={'module': 1, 'imports': 1, 'syntax': 15, 'rule': 40, 'context': 2, 'endmodule': 1}
FILE reference-semantics/semantics/syntax.k blocks=22 kinds={'module': 1, 'imports': 4, 'syntax': 16, 'endmodule': 1}
FILE reference-semantics/semantics/tuple.k blocks=31 kinds={'module': 1, 'imports': 4, 'rule': 21, 'syntax': 4, 'endmodule': 1}
FILE reference-semantics/semantics.k blocks=50 kinds={'requires': 23, 'module': 2, 'imports': 23, 'endmodule': 2}
FILE verification.k blocks=39 kinds={'requires': 1, 'module': 2, 'imports': 3, 'syntax': 4, 'endmodule': 2, 'rule': 27}
FILE spec.k blocks=6 kinds={'requires': 1, 'module': 1, 'imports': 1, 'claim': 2, 'endmodule': 1}
TOTAL_KINDS {'module': 28, 'imports': 90, 'rule': 722, 'endmodule': 28, 'context': 5, 'syntax': 231, 'configuration': 1, 'requires': 25, 'claim': 2}
