Script started on 2026-07-26 18:20:02-05:00 [<not executed on terminal>]
kore-exec: [954654] Warning (WarnStuckClaimState):
    The configuration's term unifies with the destination's term, but the implication check between the conditions has failed. Location: /tmp/audit-work/reconstruction/spec-predicate-probes.k:14:9-15:56
Context:
    (InfoReachability) while checking the implication
  #Not ( {
    true
  #Equals
    outputOK ( vCons ( noneV , .ValSeq ) , 1 , 1 , 1 , 0 )
  } )
#And
  <generatedTop>
    <k>
      .K
    </k>
    <env>
      _Gen10
    </env>
    <scopes>
      _Gen11
    </scopes>
    <scopeLoc>
      _Gen12
    </scopeLoc>
    <heap>
      _Gen13
    </heap>
    <heapLoc>
      _Gen14
    </heapLoc>
    <stack>
      _Gen15
    </stack>
    <ret>
      _Gen16
    </ret>
    <exc>
      _Gen17
    </exc>
    <exit-code>
      _Gen18
    </exit-code>
  </generatedTop>
[Warning] Compiler: Variable 'As' defined but not used. Prefix variable name
with underscore if this is intentional.
	Source(/tmp/audit-work/reconstruction/reference-semantics/semantics/str.k)
	Location(52,27,52,29)
	52 |	  rule strLt(iCons(A:Int, As:IntSeq), iCons(B:Int, Bs:IntSeq)) => true   
      requires A  <Int B
	   .	                          ^~
[Warning] Compiler: Variable 'Bs' defined but not used. Prefix variable name
with underscore if this is intentional.
	Source(/tmp/audit-work/reconstruction/reference-semantics/semantics/str.k)
	Location(52,52,52,54)
	52 |	  rule strLt(iCons(A:Int, As:IntSeq), iCons(B:Int, Bs:IntSeq)) => true   
      requires A  <Int B
	   .	                                                   ^~
[Warning] Compiler: Variable 'As' defined but not used. Prefix variable name
with underscore if this is intentional.
	Source(/tmp/audit-work/reconstruction/reference-semantics/semantics/str.k)
	Location(53,27,53,29)
	53 |	  rule strLt(iCons(A:Int, As:IntSeq), iCons(B:Int, Bs:IntSeq)) => false  
      requires A  >Int B
	   .	                          ^~
[Warning] Compiler: Variable 'Bs' defined but not used. Prefix variable name
with underscore if this is intentional.
	Source(/tmp/audit-work/reconstruction/reference-semantics/semantics/str.k)
	Location(53,52,53,54)
	53 |	  rule strLt(iCons(A:Int, As:IntSeq), iCons(B:Int, Bs:IntSeq)) => false  
      requires A  >Int B
	   .	                                                   ^~
[Error] Prover: backend terminated because the configuration cannot be
rewritten further. See output for more details.
[0m[0mpredicate_wrong_type_exit_status=1

Script done on 2026-07-26 18:20:05-05:00 [COMMAND_EXIT_CODE="0"]
