Script started on 2026-07-28 17:12:12-05:00 [<not executed on terminal>]
/reference/k-proof/solution.mpy
3:  FuncDef("separate_paren_groups", Params("paren_string"),
9:        Continue,
11:      AugAssign(Name("current"), "+", Name("character"))
13:        AugAssign(Name("depth"), "+", Int(1)),
14:        AugAssign(Name("depth"), "-", Int(1)))
16:        Expr(Call(Attribute(Name("groups"), "append"), Name("current")))

/reference/k-proof/reference-semantics/semantics.k
26://   semantics/controls.k       MPY-CONTROLS     Assign/AugAssign, If, IfExp, For, While, break/continue

/reference/k-proof/reference-semantics/semantics/functions.k
14:  rule <k> FuncDef(F:String, Params(PNS:ParamNames), BODY:Stmts) => .K ... </k>
16:       <scopes> ... L |-> scope(M:Map => M [ F <- closureVal(PNS, BODY, L) ], _) ... </scopes>
19:  rule <k> closureExpr(PNS:ParamNames, BODY:Stmts) => closureVal(PNS, BODY, L) ... </k>
23:  // closureValC(params, cellvars, body, captured-cells). No frame anchor: all
27:  syntax Val ::= closureValC(ParamNames, ParamNames, Stmts, Map)
30:  // (FuncDef) or yield (Lambda) the closure value.
33:  rule <k> FuncDef(F:String, Params(PNS:ParamNames), CellVars(CVS:ParamNames),
45:       <scopes> ... L |-> scope(M:Map => M [ F <- closureValC(PNS, CVS, BODY, CM) ], _) ... </scopes>
48:        => closureVal(PNS, Return(E) .Stmts, L) ... </k>
60:        => closureValC(PNS, CVS, BODY, CM) ... </k>
78:  rule <k> Return(V:Val) ~> _ => #pop </k>
83:  // makes the saved loc the callee frame's own loc). Sound because no closureVal outlives its

/reference/k-proof/reference-semantics/semantics/comprehension.k
11:  rule ListComp(ELT:Expr, Gs:CompFors) => Call(closureExpr(.ParamNames, compBody(Gs, ELT)), .Exprs)
12:  rule GenExp(ELT:Expr, Gs:CompFors)   => Call(closureExpr(.ParamNames, compBody(Gs, ELT)), .Exprs)
14:  syntax Stmts ::= compBody(CompFors, Expr) [macro]
15:  rule compBody(Gs:CompFors, ELT:Expr)
18:  syntax Stmt ::= compNest(CompFors, Expr) [macro-rec]
19:  rule compNest(.CompFors, ELT:Expr)
21:  rule compNest((CompFor(T:Expr, ITER:Expr, Fs:Exprs) GRest:CompFors), ELT:Expr)

/reference/k-proof/reference-semantics/semantics/concrete.k
13:  rule <k> Compare(list(A:ValSeq), CmpOp("==", list(B:ValSeq))) => deepEqVS(A, B, HP) ... </k>
16:  rule <k> Compare(list(A:ValSeq), CmpOp("!=", list(B:ValSeq))) => notBool deepEqVS(A, B, HP) ... </k>
28:  rule <k> #applyK(toCall(builtinV("sorted")), (list(VS:ValSeq), kwV("key", KV:Val), .Vals))
31:  rule <k> #applyK(toCall(builtinV("sorted")), (list(VS:ValSeq), kwV("key", KV:Val), kwV("reverse", RB:Bool), .Vals))

/reference/k-proof/reference-semantics/semantics/core.k
31:                    | closureVal(ParamNames, Stmts, Int)
80:  // (AugAssign's in-place read and friends). The "$cells" guard keeps this
185:  syntax ApplyK ::= toCall(Val)
190:  rule <k> V:Val ~> #evalArgCont(REST:Exprs, ACC:Vals, K:ApplyK) => #evalArgs(REST, appendVal(ACC, V), K) ... </k>
213:  syntax Vals ::= appendVal(Vals, Val) [function, total]
214:  rule appendVal(.Vals, V:Val)              => V , .Vals
215:  rule appendVal((V0:Val, VS:Vals), V:Val)  => V0 , appendVal(VS, V)

/reference/k-proof/reference-semantics/semantics/operators.k
17:  rule <k> Compare(LV:Val, CmpOp(OP:String, RV:Val)) => applyCmp(OP, LV, RV) ... </k> [owise]
34:  rule <k> Compare(ref(H:Int), CmpOp(OP:String, R:Expr)) => Compare(V, CmpOp(OP, R)) ... </k>
38:  rule <k> Compare(L:Val, CmpOp(OP:String, ref(H:Int))) => Compare(L, CmpOp(OP, V)) ... </k>

/reference/k-proof/reference-semantics/semantics/sort.k
36:  rule <k> #applyK(toCall(builtinV("sorted")), (list(VS:ValSeq), .Vals))
40:  rule <k> #applyK(toCall(boundMethodV(ref(H:Int), "sort")), .Vals) => noneV ... </k>
61:  rule <k> #applyK(toCall(builtinV("sorted")), (list(VS:ValSeq), kwV("key", KV:Val), .Vals))
63:  rule <k> #applyK(toCall(builtinV("sorted")), (list(VS:ValSeq), kwV("key", KV:Val), kwV("reverse", RB:Bool), .Vals))
65:  rule <k> #applyK(toCall(builtinV("sorted")), (list(VS:ValSeq), kwV("reverse", RB:Bool), .Vals))

/reference/k-proof/reference-semantics/semantics/float.k
66:  rule <k> Call(Attribute(Name("math"), "ceil"), (E:Expr, .Exprs)) => E ~> #mathCeil ... </k> [priority(40)]
71:  rule <k> Call(Attribute(Name("math"), "floor"), (E:Expr, .Exprs)) => E ~> #mathFloor ... </k> [priority(40)]
83:  rule <k> Call(Attribute(Name("math"), "pow"), (E1:Expr, E2:Expr, .Exprs)) => E1 ~> #mathPow1(E2) ... </k> [priority(40)]
233:  rule <k> Call(Attribute(Name("math"), "sqrt"), (E:Expr, .Exprs)) => E ~> #mathSqrt ... </k> [priority(40)]

/reference/k-proof/reference-semantics/semantics/dict.k
42:  // dPutK: KS unchanged if K already present, else append K (keep-first-position).
45:  rule dPutK(KS:ValSeq, K:Val) => valSeqConcat(KS, vCons(K, .ValSeq)) requires notBool dHasKey(KS, K)
47:  // dPutV: parallel to KS — set the value at K's position if present, else append V at the end. The
54:  rule dPutV(_KS:ValSeq, VS:ValSeq, _K:Val, V:Val) => valSeqConcat(VS, vCons(V, .ValSeq)) [owise]
58:  rule <k> #applyK(toCall(boundMethodV(dictV(KS:ValSeq, _:ValSeq), "keys")), .Vals)

/reference/k-proof/reference-semantics/semantics/list.k
18:  syntax ValSeq ::= valSeqConcat(ValSeq, ValSeq) [function, total]
19:  rule valSeqConcat(.ValSeq, T:ValSeq)                => T
20:  rule valSeqConcat(vCons(V:Val, S:ValSeq), T:ValSeq) => vCons(V, valSeqConcat(S, T))
24:  rule <k> BinOp("+", list(A:ValSeq), list(B:ValSeq)) => #alloc(list(valSeqConcat(A, B))) ... </k>
52:  // ==== mutator: xs.append(v) — an in-place heap write ======================
53:  rule <k> #applyK(toCall(boundMethodV(ref(H:Int), "append")), (V:Val, .Vals)) => noneV ... </k>
54:       <heap> ... H |-> list(VS:ValSeq => valSeqConcat(VS, vCons(V, .ValSeq))) ... </heap>
59:  rule <k> Compare(LV:Val, CmpOp("in",     list(VS:ValSeq))) => #memberAcc(LV, list(VS)) ... </k>
60:  rule <k> Compare(LV:Val, CmpOp("not in", list(VS:ValSeq))) => #memberAcc(LV, list(VS)) ~> #notB ... </k>

/reference/k-proof/reference-semantics/semantics/syntax.k
35:  syntax CompFor  ::= "CompFor" "(" Expr "," Expr "," Exprs ")"
36:  syntax CompFors ::= List{CompFor, ""}
44:                | "AugAssign" "(" Expr "," String "," Expr ")" [strict(3)]
48:                | "Continue"
53:                | "FuncDef"   "(" String "," Params "," Stmts ")"
54:                | "FuncDef"   "(" String "," Params "," CellVars "," FreeVars "," Stmts ")"

/reference/k-proof/reference-semantics/semantics/call.k
5://   closureVal    -> bind params, push a frame (user function)
16:  rule <k> Attribute(V:Val, M:String) => boundMethodV(V, M) ... </k>
20:  rule <k> Call(Fe:Expr, ARGS:Exprs) => Fe ~> #callee(ARGS) ... </k> [owise]
21:  rule <k> CV:Val ~> #callee(ARGS:Exprs) => #evalArgs(ARGS, .Vals, toCall(CV)) ... </k>
24:  rule <k> #applyK(toCall(boundMethodV(OBJ:Val, M:String)), ACC:Vals) => applyMethod(OBJ, M, ACC) ... </k>
26:  rule <k> #applyK(toCall(builtinV("sum")), (OBJ:Iterable, .Vals)) => #sumAcc(OBJ, 0) ... </k>
27:  rule <k> #applyK(toCall(builtinV("all")), (OBJ:Iterable, .Vals)) => #allAcc(OBJ)    ... </k>
28:  rule <k> #applyK(toCall(builtinV("any")), (OBJ:Iterable, .Vals)) => #anyAcc(OBJ)    ... </k>
29:  rule <k> #applyK(toCall(builtinV("max")), (OBJ:Iterable, .Vals)) => #maxAcc0(OBJ)   ... </k>
30:  rule <k> #applyK(toCall(builtinV("min")), (OBJ:Iterable, .Vals)) => #minAcc0(OBJ)   ... </k>
31:  rule <k> #applyK(toCall(builtinV(BN:String)), ACC:Vals) => applyBuiltin(BN, ACC) ... </k> [owise]
32:  rule <k> #applyK(toCall(typeV(T:String)),     ACC:Vals) => applyBuiltin(T, ACC)  ... </k>
38:  rule <k> #applyK(toCall(builtinV(BN:String)), (ref(H:Int), REST:Vals))
39:        => #applyK(toCall(builtinV(BN)), (V, REST)) ... </k>
42:  rule <k> #applyK(toCall(builtinV(BN:String)), (A:Val, ref(H:Int), REST:Vals))
43:        => #applyK(toCall(builtinV(BN)), (A, V, REST)) ... </k>
47:  rule <k> #applyK(toCall(typeV(T:String)), (ref(H:Int), REST:Vals))
48:        => #applyK(toCall(typeV(T)), (V, REST)) ... </k>
54:    => M ==String "append" orBool M ==String "sort" orBool M ==String "extend"
56:  rule <k> #applyK(toCall(boundMethodV(ref(H:Int), M:String)), ACC:Vals)
57:        => #applyK(toCall(boundMethodV(V, M)), ACC) ... </k>
62:  // mutators keep refs (append of a list into a list-of-lists stays aliased)
63:  rule <k> #applyK(toCall(boundMethodV(OBJ:Val, M:String)), (ref(H:Int), REST:Vals))
64:        => #applyK(toCall(boundMethodV(OBJ, M)), (V, REST)) ... </k>
69:  rule <k> #applyK(toCall(closureVal(PNS:ParamNames, BODY:Stmts, DEFL:Int)), ACC:Vals) ~> CONT
80:  rule <k> #applyK(toCall(closureValC(PNS:ParamNames, CVS:ParamNames, BODY:Stmts, CM:Map)), ACC:Vals) ~> CONT

/reference/k-proof/reference-semantics/semantics/tuple.k
20:  rule <k> Compare(LV:Val, CmpOp("in",     tuple(VS:ValSeq))) => #memberAcc(LV, tuple(VS)) ... </k>
21:  rule <k> Compare(LV:Val, CmpOp("not in", tuple(VS:ValSeq))) => #memberAcc(LV, tuple(VS)) ~> #notB ... </k>

/reference/k-proof/reference-semantics/semantics/builtins.k
32:  rule <k> #applyK(toCall(builtinV("list")), (list(VS:ValSeq),  .Vals)) => #alloc(list(VS)) ... </k>
33:  rule <k> #applyK(toCall(builtinV("list")), (tuple(VS:ValSeq), .Vals)) => #alloc(list(VS)) ... </k>
34:  rule <k> #applyK(toCall(builtinV("list")), .Vals)                     => #alloc(list(.ValSeq)) ... </k>
35:  rule <k> #applyK(toCall(builtinV("list")), (str(CS:IntSeq), .Vals))   => #alloc(list(charsOf(CS))) ... </k>
124:  rule <k> #applyK(toCall(builtinV("enumerate")), (list(VS:ValSeq), .Vals))
132:  rule <k> #applyK(toCall(builtinV("map")), (typeV("str"), list(VS:ValSeq), .Vals))
136:  rule mapStrVS(vCons(I:Int, R:ValSeq)) => vCons(str(strToCodes(Int2String(I))), mapStrVS(R))
148:  rule applyBuiltin("str", I:Int, .Vals)       => str(strToCodes(Int2String(I)))
256:  rule passLGoE(_:String, CUR:Int, .OpSeq, _:IntSeq, OO:OpSeq, ON:IntSeq) => evp(OO, appendIE(ON, CUR))
261:    => passLGoE(L, N, OPS, NDS, appendOpE(OO, O), appendIE(ON, CUR))
264:    => evp(OO, appendIE(ON, CUR)) [owise]
269:  syntax OpSeq ::= appendOpE(OpSeq, String) [function, total]
270:  rule appendOpE(.OpSeq, O:String) => oCons(O, .OpSeq)
271:  rule appendOpE(oCons(H:String, T:OpSeq), O:String) => oCons(H, appendOpE(T, O))
272:  syntax IntSeq ::= appendIE(IntSeq, Int) [function, total]
273:  rule appendIE(.IntSeq, N:Int) => iCons(N, .IntSeq)
274:  rule appendIE(iCons(H:Int, T:IntSeq), N:Int) => iCons(H, appendIE(T, N))
280:  rule <k> Call(Attribute(Name("hashlib"), "md5"), (E:Expr, .Exprs)) => E ~> #md5 ... </k>

/reference/k-proof/reference-semantics/semantics/controls.k
8:  // ==== Assign / AugAssign (write the current scope; RHS evaluated by strictness) ==
20:  rule <k> AugAssign(Name(X:String), OP:String, V:Val) => .K ... </k>
27:  rule <k> AugAssign(Name(X:String), OP:String, V:Val) => Assign(Name(X), BinOp(OP, Name(X), V)) ... </k>
64:  // circularities anchor on #loop and narrowing substitutes the structure)
65:  syntax KItem ::= #loop(Val, Expr, Stmts) | #loopStep(Expr, Stmts)
67:                 | #loopLbl(K) | "#cont" | "#brk"
69:  rule <k> For(T:Expr, OBJ:Val, B:Stmts) => #loop(OBJ, T, B) ... </k>
71:  rule <k> #loop(IT:Iterable, T:Expr, B:Stmts) => #iterNext(IT) ~> #loopStep(T, B) ... </k>
72:  rule <k> #iterDone ~> #loopStep(_:Expr, _:Stmts) => .K ... </k>
73:  rule <k> #iterYield(V:Val, REST:Iterable) ~> #loopStep(T:Expr, B:Stmts)
74:        => #bindTgt(T, V) ~> B ~> #loopLbl(#loop(REST, T, B)) ... </k>
79:  rule <k> V:Val ~> #whileCond(C:Expr, B:Stmts) => B ~> #loopLbl(#while(C, B)) ... </k>
85:  rule <k> #loopLbl(NEXT:K) => NEXT ... </k>
86:  rule <k> Continue => #cont ... </k>
88:  rule <k> #cont ~> #loopLbl(NEXT:K) => NEXT ... </k>
90:  rule <k> #brk ~> #loopLbl(_:K) => .K ... </k>
94:  // (priority(40) preempts the generic Val rules so truthy/#loop never see a ref)
106:  rule <k> For(T:Expr, ref(H:Int), B:Stmts) => For(T, V, B) ... </k>

/reference/k-proof/reference-semantics/semantics/methods.k
31:    => seqConcat(CS, seqConcat(SEP, joinCodes(SEP, vCons(V, R))))
72:  rule <k> #applyK(toCall(boundMethodV(str(CS:IntSeq), "split")), .Vals)
79:  rule splitWS(iCons(C:Int, R:IntSeq), CUR:IntSeq, ACC:ValSeq) => splitWS(R, seqConcat(CUR, iCons(C, .IntSeq)), ACC)
84:  rule flushTok(ACC:ValSeq, iCons(C:Int, T:IntSeq)) => valSeqConcat(ACC, vCons(str(iCons(C, T)), .ValSeq))
89:  rule <k> #applyK(toCall(boundMethodV(str(CS:IntSeq), "split")), (kwV("sep", str(S:IntSeq)), .Vals))
90:        => #applyK(toCall(boundMethodV(str(CS), "split")), (str(S), .Vals)) ... </k>
94:  rule <k> #applyK(toCall(boundMethodV(str(CS:IntSeq), "split")), (str(iCons(SEP:Int, .IntSeq)), .Vals))
101:  rule splitSep(iCons(C:Int, R:IntSeq), SEP:Int, CUR:IntSeq) => splitSep(R, SEP, seqConcat(CUR, iCons(C, .IntSeq)))

/reference/k-proof/reference-semantics/semantics/str.k
13:  syntax IntSeq ::= strToCodes(String) [function]
14:  rule <k> Str(S:String) => str(strToCodes(S)) ... </k>
15:  rule strToCodes("") => .IntSeq
16:  rule strToCodes(S:String) => iCons(ordChar(substrString(S, 0, 1)), strToCodes(substrString(S, 1, lengthString(S))))
20:  syntax IntSeq ::= seqConcat(IntSeq, IntSeq) [function, total]
21:  rule seqConcat(.IntSeq, T:IntSeq)                => T
22:  rule seqConcat(iCons(I:Int, S:IntSeq), T:IntSeq) => iCons(I, seqConcat(S, T))
24:  rule applyBin("+",  str(A:IntSeq), str(B:IntSeq)) => str(seqConcat(A, B))

Script done on 2026-07-28 17:12:12-05:00 [COMMAND_EXIT_CODE="0"]
