$ kprove body-mutation-spec.k --definition /tmp/audit-work/proof-kompiled --spec-module BODY-MUTATION-SPEC
kore-exec: [342999] Warning (WarnStuckClaimState):
    The configuration's term doesn't unify with the destination's term and the configuration cannot be rewritten further. Location: /tmp/audit-work/candidate-src/body-mutation-spec.k:7:5-37:39
Context:
    (InfoReachability) while checking the implication
<mpy>
  <k>
    .K
  </k>
  <function>
    <funName>
      "encrypt"
    </funName>
    <parameter>
      "s"
    </parameter>
    <body>
      If ( Compare ( Name ( "s" ) , CmpOp ( "==" , Str ( "" ) ) ) , Return ( Str ( "" ) )  .Stmts , .Stmts )  Return ( BinOp ( "+" , Call ( Name ( "chr" ) , BinOp ( "+" , BinOp ( "%" , BinOp ( "+" , BinOp ( "-" , Call ( Name ( "ord" ) , Subscript ( Name ( "s" ) , Int ( 0 ) ) ) , Int ( 97 ) ) , Int ( 5 ) ) , Int ( 26 ) ) , Int ( 97 ) ) ) , Call ( Name ( "encrypt" ) , Subscript ( Name ( "s" ) , Slice ( Int ( 1 ) , NoBound , NoBound ) ) ) ) )  .Stmts
    </body>
  </function>
  <env>
    .Map
  </env>
  <stack>
    .List
  </stack>
  <result>
    "f"
  </result>
</mpy>
[Warning] Compiler: Variable '?FINALBODY' defined but not used. Prefix variable
name with underscore if this is intentional.
	Source(/tmp/audit-work/candidate-src/body-mutation-spec.k)
	Location(33,24,33,34)
	33 |	      <body> .Stmts => ?FINALBODY:Stmts </body>
	   .	                       ^~~~~~~~~~
[Error] Prover: backend terminated because the configuration cannot be
rewritten further. See output for more details.
CLAIM_EXIT_STATUS=1
EXPECTED_FAILURE
