$ kompile semantic-base.k --backend llvm --main-module MPY --syntax-module MPY-SYNTAX --output-definition /tmp/audit-work/base-kompiled
KOMPILE_EXIT_STATUS=0
$ krun solution.mpy -cINPUT="hi" --definition /tmp/audit-work/base-kompiled
<mpy>
  <k>
    .K
  </k>
  <function>
    <funName>
      "encrypt"
    </funName>
    <parameter>
      "s"
    </parameter>
    <body>
      If ( Compare ( Name ( "s" ) , CmpOp ( "==" , Str ( "" ) ) ) , Return ( Str ( "" ) )  .Stmts , .Stmts )  Return ( BinOp ( "+" , Call ( Name ( "chr" ) , BinOp ( "+" , BinOp ( "%" , BinOp ( "+" , BinOp ( "-" , Call ( Name ( "ord" ) , Subscript ( Name ( "s" ) , Int ( 0 ) ) ) , Int ( 97 ) ) , Int ( 4 ) ) , Int ( 26 ) ) , Int ( 97 ) ) ) , Call ( Name ( "encrypt" ) , Subscript ( Name ( "s" ) , Slice ( Int ( 1 ) , NoBound , NoBound ) ) ) ) )  .Stmts
    </body>
  </function>
  <env>
    .Map
  </env>
  <stack>
    .List
  </stack>
  <result>
    "lm"
  </result>
</mpy>
KRUN_EXIT_STATUS=0
