Script started on 2026-07-26 10:13:45-05:00 [<not executed on terminal>]
kore-exec: [196242] Error (ErrorException):
    Unexpected empty set of claims.
    Possible explanation: the frontend and the backend don't agree on the representation of claims.
    CallStack (from HasCallStack):
      error, called at src/Kore/Exec.hs:989:26 in kore-0.1.135-3ZELFdwpMgyGGelTbbE1ER:Kore.Exec
Unexpected empty set of claims.
Possible explanation: the frontend and the backend don't agree on the representation of claims.
CallStack (from HasCallStack):
  error, called at src/Kore/Exec.hs:989:26 in kore-0.1.135-3ZELFdwpMgyGGelTbbE1ER:Kore.Exec
Created bug report: kore-exec.tar.gz
[Warning] Compiler: Functional claims not yet supported.
https://github.com/runtimeverification/haskell-backend/issues/3010
	Source(/tmp/audit-work/candidate/identity-spec.k)
	Location(6,9,16,78)
	   .	        v~~~~~~~~~~~~~~~~~
	 6 |	  claim solutionProgram =>
	   |		...
	16 |	        Return(Call(Name("int"), BinOp("-", Name("number"),
Name("half"))))))
	   .	       
~~~~~~~~~~~~~~~~~~~~~~~~~~~~~~~~~~~~~~~~~~~~~~~~~~~~~~~~~~~~~~~~~~~~^
[Error] Critical: Haskell Backend execution failed with code 1 and produced no
output.
[0m[0m
Script done on 2026-07-26 10:13:46-05:00 [COMMAND_EXIT_CODE="113"]
