[Error] krun: kore-exec verification-lemmas-kompiled/haskellDefinition.bin 
--module PAIRS-VERIFICATION-LEMMAS --pattern 
/tmp/.krun-2026-07-24-07-53-02-TVVEtEgh6z/tmp.in.ZjVVbFmx3f --output 
/tmp/.krun-2026-07-24-07-53-02-TVVEtEgh6z/result.kore
    #Not ( {
      vsLen ( intValues ( .IntSeq ) )
    #Equals
      0
    } )
  #And
    <generatedTop>
      <k>
        .K
      </k>
      <env>
        0
      </env>
      <scopes>
        -1 |-> scope ( "abs" |-> builtinV ( "abs" )
        "all" |-> builtinV ( "all" )
        "any" |-> builtinV ( "any" )
        "bin" |-> builtinV ( "bin" )
        "chr" |-> builtinV ( "chr" )
        "enumerate" |-> builtinV ( "enumerate" )
        "eval" |-> builtinV ( "eval" )
        "float" |-> typeV ( "float" )
        "int" |-> typeV ( "int" )
        "isinstance" |-> builtinV ( "isinstance" )
        "len" |-> builtinV ( "len" )
        "list" |-> builtinV ( "list" )
        "map" |-> builtinV ( "map" )
        "max" |-> builtinV ( "max" )
        "min" |-> builtinV ( "min" )
        "ord" |-> builtinV ( "ord" )
        "range" |-> builtinV ( "range" )
        "round" |-> builtinV ( "round" )
        "set" |-> builtinV ( "set" )
        "sorted" |-> builtinV ( "sorted" )
        "str" |-> typeV ( "str" )
        "sum" |-> builtinV ( "sum" )
        "zip" |-> builtinV ( "zip" ) , root )
        0 |-> scope ( .Map , parent ( -1 ) )
      </scopes>
      <scopeLoc>
        1
      </scopeLoc>
      <heap>
        0 |-> list ( intValues ( .IntSeq ) )
      </heap>
      <heapLoc>
        1
      </heapLoc>
      <stack>
        .List
      </stack>
      <ret>
        noRet
      </ret>
      <exc>
        AssertionError
      </exc>
      <exit-code>
        1
      </exit-code>
    </generatedTop>
#Or
    <generatedTop>
      <k>
        .K
      </k>
      <env>
        0
      </env>
      <scopes>
        -1 |-> scope ( "abs" |-> builtinV ( "abs" )
        "all" |-> builtinV ( "all" )
        "any" |-> builtinV ( "any" )
        "bin" |-> builtinV ( "bin" )
        "chr" |-> builtinV ( "chr" )
        "enumerate" |-> builtinV ( "enumerate" )
        "eval" |-> builtinV ( "eval" )
        "float" |-> typeV ( "float" )
        "int" |-> typeV ( "int" )
        "isinstance" |-> builtinV ( "isinstance" )
        "len" |-> builtinV ( "len" )
        "list" |-> builtinV ( "list" )
        "map" |-> builtinV ( "map" )
        "max" |-> builtinV ( "max" )
        "min" |-> builtinV ( "min" )
        "ord" |-> builtinV ( "ord" )
        "range" |-> builtinV ( "range" )
        "round" |-> builtinV ( "round" )
        "set" |-> builtinV ( "set" )
        "sorted" |-> builtinV ( "sorted" )
        "str" |-> typeV ( "str" )
        "sum" |-> builtinV ( "sum" )
        "zip" |-> builtinV ( "zip" ) , root )
        0 |-> scope ( .Map , parent ( -1 ) )
      </scopes>
      <scopeLoc>
        1
      </scopeLoc>
      <heap>
        0 |-> list ( intValues ( .IntSeq ) )
      </heap>
      <heapLoc>
        1
      </heapLoc>
      <stack>
        .List
      </stack>
      <ret>
        noRet
      </ret>
      <exc>
        NoExc
      </exc>
      <exit-code>
        0
      </exit-code>
    </generatedTop>
  #And
    {
      0
    #Equals
      vsLen ( intValues ( .IntSeq ) )
    }
