$ python3 trusted-py2mpy.py solution.py > regenerated-solution.mpy
exit=0
$ cmp regenerated-solution.mpy solution.mpy
exit=0
$ sha256sum regenerated-solution.mpy solution.mpy
e301c4a2be59c74f263a77fad0f37b88cdf0a27f9e94341fff3e1285afe13475  regenerated-solution.mpy
e301c4a2be59c74f263a77fad0f37b88cdf0a27f9e94341fff3e1285afe13475  solution.mpy
exit=0
$ python3 /audit-output/evidence/differential.py
canonical=/reference/canonical.py
generated=/tmp/audit-work/pairs-audit/solution.py
documented_count=5
boundary_count=14
exhaustive_scope=lengths 0..6 over alphabet [-2,-1,0,1,2]
exhaustive_count=19531
random_seed=430043
random_scope=1000 lists, lengths 0..30, values -1000000..1000000
random_count=1000
total_count=20550
mismatch_count=0
exit=0
