WORKDIR: /audit-output
COMMAND: bash -c sha256sum\ REVIEW.md\;\ find\ evidence\ -maxdepth\ 1\ -type\ f\ \!\ -name\ 25-evidence-checksums.log\ -print0\ \|\ LC_ALL=C\ sort\ -z\ \|\ xargs\ -0\ sha256sum
b392d006a5ddfceedc73c4c27f3bb41b2c968126d3f7bbc9a518e994e612cc78  REVIEW.md
cbd1672857f4411738b7470ad68363708717e7f14dfd872f070e0e916469131e  evidence/00-tool-versions.log
e7a2a44d5a151b89ad442f8ab2a154b9ddd33f9c14da87b260eaf4e41721ed76  evidence/01-provenance-integrity.log
2d92d7121c8271484bb4cedf6bc180827e7191e2352136c9f7490e037c452897  evidence/02-translator-regeneration.log
660b614e13c8ea896db0e670c02b37b143cede3b8ea22633aba7dfb284abf74f  evidence/03-python-differential.log
74baa38e4cd79b4a18d3c9c9d3d6cd042413ba715c76e5bd3aa5698022b2cc37  evidence/04-k-test-translation.log
7b030444b2e05240c8d3605c8fe019cb55fc284f319c51e8152c1c6591e5aeb2  evidence/05-kompile-concrete.log
a2baca248ba9ac09d9a2dddd5517b87086caa21c286da0611c0b66f4d1a76fb8  evidence/06-krun-concrete.log
5dc22ecd5161a8863d9d6c452cf01dceb91ada1d6ae720edc3ae1b2193dca6ce  evidence/07-kompile-proof.log
54350c3bae286dde3274eae07b2a8fcbe5bf433be108a37bfa3598c2478c84f9  evidence/08-kprove-member-summary.log
5488392beb1be447668eb4459d0d9bbc5ba140b5f19c5feca11d8e7c51a6c5ad  evidence/09-kprove-unique-loop.log
766e4f30a972bc56b7349122b51beed52ce47acbd8a0806d4cb930f5d510577d  evidence/10-k-rule-inventory.md
44ad2d3727c52a4d0831c1b1cc2ad60a53217fc4a1cfe15328734ce377ab9d76  evidence/11-kprove-loop-with-dependency.log
03f61f1f761a3aa9207a8ddbb6a4b9663297d986f66113597e20de8b715db697  evidence/12-kprove-entry-with-dependencies.log
c36bd87899e2bc8ee47cf62896d84fcd23f557efe2f7caf4df2fac705acf59f5  evidence/13-kprove-all-claims.log
6e3d5c78f239c9f15dc4e1bd81cebf1fa0eb4f770df568e37f324ec3c7adfcf4  evidence/14-vacuity-dry-run.log
6e441ab66e96ba7e10540e122952a154cd655318582cd5c955e26d027a4230bf  evidence/15-vacuity-proof.log
50e9e6d7dec6de14eeea574591dacbc74112df5606d946c69a361ea224db66a5  evidence/16-ground-witnesses-dry-run.log
e4e995771d0836fce1b6e35dd47c0b8fa25342c490926f75abacc44b53c7a42e  evidence/17-ground-witnesses-dry-run.log
298fbe2b2ab1dbf6d7f4b7134bab35bfeb38bcf928eba64b962b2a46c2038838  evidence/18-ground-member.log
d3b32bd94f10423ae6a6b71f44482cc2d3f92093999deb3bf5548ee87f0c37fd  evidence/19-ground-loop.log
50de98aea42359d67cba645b5a96e9e058538695076220e2293fa53c41420ddf  evidence/20-ground-literal-entry.log
5aa26906e206f58f68267f473f73ba463b7fc4d2a5d1273e3b273255e6f0664e  evidence/21-operational-sensitivity-dry-run.log
3aa4a7f392ce019fd8c2959e3779b975534582d597e3e8428d2c3e498ce03589  evidence/22-operational-sensitivity-proof.log
e8281f944e7d0c3b3d07d51076ca58afd363188b93e0c5f12ee670096a85701a  evidence/23-scratch-source-manifest.log
e09f8917855111c036067ebba3e04d72b8dff5fe59a76b8fb9f7c00791e145f1  evidence/24-review-validation.log
ce0286d93b4126cb9b9d1c84ad72104c91adbd87861e8d98e978c7c73162ec92  evidence/README.md
6a3bbf5576d598c079bbb42620b258c3651d690a3f66651d574c2e94e392e466  evidence/differential-inputs.json
cf74e87ea4929e4fa9a49ff9e071a14f324bcac2c135188c1cd4454160e0c5c9  evidence/differential_unique.py
194d89f490a29c4878dd460f181ed6863042d938ce41028af907361758b005da  evidence/inventory_k.py
9e93d28c5df65aaf3a3bd69284282a870b6436596cabffa92d36c015779ebad9  evidence/k_concrete_tests.py
c06a5f490c276eb85db63089cbb532333dc0426d935434b18028021c34b224e0  evidence/run_logged.sh
505c312b78d704f8af4d4f11f99acc11459458f4161c2126802f63f59e5e1014  evidence/spec-ground-witnesses.k
a6f7adf6579f3d42166003ac0e5385024b830821953c566dcdbd2fa7b6a5faba  evidence/spec-operational-sensitivity.k
7f6eee8d421650357f019198a0626c8711a776dfda32b05df3c83805895b6e11  evidence/spec-vacuity.k
EXIT_STATUS: 0
