COMMAND: final check_generation rerun with namespace-only readlink correction
{
  "designated_sorry_count": 0,
  "diagnostics": [
    {
      "command": [
        "lake",
        "clean"
      ],
      "exit_code": 0,
      "output_sha256": "e3b0c44298fc1c149afbf4c8996fb92427ae41e4649b934ca495991b7852b855",
      "output_tail": ""
    },
    {
      "command": [
        "lake",
        "build"
      ],
      "exit_code": 0,
      "output_sha256": "4f4b68f2098935d580a49910446e2a0df31724f993644dc0f5c7ac593d72d5dc",
      "output_tail": "\u2714 [2/9] Built Klean99ClosestInteger.Prelude\n\u2714 [3/9] Built Klean99ClosestInteger.Sorts\n\u2714 [4/9] Built Klean99ClosestInteger.Inj\n\u2714 [5/9] Built Klean99ClosestInteger.Lemmas\n\u2714 [6/9] Built Klean99ClosestInteger.Func\n\u2714 [7/9] Built Klean99ClosestInteger.Rewrite\n\u2714 [8/9] Built Klean99ClosestInteger\nBuild completed successfully.\n"
    }
  ],
  "frozen_input_sha256": "64fd0b579473d97ccfb6e1429d32f137d2812d8d00a7da11d7597bd78f20133e",
  "generated_tree_sha256": "fb70e5cf0199a828174e17bcd1f653c96593240457485a3497146f276ffe9217",
  "obligation_count": 0,
  "schema_version": 3,
  "stage1_workspace_sha256": "64fd0b579473d97ccfb6e1429d32f137d2812d8d00a7da11d7597bd78f20133e",
  "stage3_discovery_manifest_sha256": "e13c01259eb807dd465c4db3e29a0727d9ce0eb8df88d145e8977e70f5b7fcf3",
  "status": "KLEAN_NO_OBLIGATIONS",
  "target": null,
  "trust_declaration_count": 41
}
