cwd: /audit-output
command: /audit-output/evidence/inventory_k.py
started_utc: 2026-07-26T19:23:53Z
inventory_file=/audit-output/evidence/rule-inventory.tsv
source_file_count=26
declaration_block_count=1145
kind_counts:
  candidate claim 1
  candidate endmodule 2
  candidate imports 2
  candidate module 2
  candidate requires 2
  candidate rule 32
  candidate syntax 17
  trusted_supplied_semantics configuration 1
  trusted_supplied_semantics context 5
  trusted_supplied_semantics endmodule 25
  trusted_supplied_semantics imports 86
  trusted_supplied_semantics module 25
  trusted_supplied_semantics requires 23
  trusted_supplied_semantics rule 695
  trusted_supplied_semantics syntax 227
attribute_counts:
  candidate concrete 2
  candidate function 13
  candidate macro 2
  candidate no-evaluators 1
  candidate priority 1
  candidate simplification 2
  candidate symbol 1
  candidate total 12
  trusted_supplied_semantics concrete 36
  trusted_supplied_semantics function 145
  trusted_supplied_semantics macro 3
  trusted_supplied_semantics macro-rec 1
  trusted_supplied_semantics no-evaluators 24
  trusted_supplied_semantics owise 29
  trusted_supplied_semantics priority 45
  trusted_supplied_semantics seqstrict 1
  trusted_supplied_semantics strict 2
  trusted_supplied_semantics symbol 25
  trusted_supplied_semantics total 110
file_counts:
  candidate:spec.k 5
  candidate:verification.k 53
  trusted_supplied_semantics:semantics.k 50
  trusted_supplied_semantics:semantics/assert.k 6
  trusted_supplied_semantics:semantics/bool.k 17
  trusted_supplied_semantics:semantics/builtins.k 184
  trusted_supplied_semantics:semantics/call.k 29
  trusted_supplied_semantics:semantics/comprehension.k 17
  trusted_supplied_semantics:semantics/concrete.k 24
  trusted_supplied_semantics:semantics/controls.k 42
  trusted_supplied_semantics:semantics/core.k 93
  trusted_supplied_semantics:semantics/dict.k 46
  trusted_supplied_semantics:semantics/float.k 160
  trusted_supplied_semantics:semantics/functions.k 22
  trusted_supplied_semantics:semantics/int.k 20
  trusted_supplied_semantics:semantics/iter.k 4
  trusted_supplied_semantics:semantics/list.k 37
  trusted_supplied_semantics:semantics/methods.k 108
  trusted_supplied_semantics:semantics/operators.k 16
  trusted_supplied_semantics:semantics/range.k 12
  trusted_supplied_semantics:semantics/set.k 21
  trusted_supplied_semantics:semantics/sort.k 29
  trusted_supplied_semantics:semantics/str.k 37
  trusted_supplied_semantics:semantics/subscript.k 60
  trusted_supplied_semantics:semantics/syntax.k 22
  trusted_supplied_semantics:semantics/tuple.k 31
exit_status: 0
finished_utc: 2026-07-26T19:23:53Z
