COMMAND: /audit-output/evidence/build_static_inventory.py
records=955
kinds={'claim': 5, 'configuration': 1, 'context': 5, 'rule': 711, 'syntax': 233}
flags={'concrete': 36, 'function': 151, 'macro': 4, 'opaque': 24, 'owise': 27, 'priority': 45, 'simplification': 7, 'strict': 2, 'symbol': 27, 'symbolic': 1, 'total': 113}
decisions={'MATERIAL_FIXED_DECLARATION_REVIEWED': 57, 'REVIEWED_SOUND_PROOF_EXTENSION': 16, 'REVIEWED_SOUND_REACHABILITY_CLAIM': 3, 'REVIEWED_SOUND_SUPPORTING_CLAIM': 2, 'REVIEWED_WELL_SORTED_PROOF_DECLARATION': 6, 'SOUND_ON_REAL_PROGRAM_PATH': 58, 'UNEXERCISED_FIXED_DECLARATION': 154, 'UNEXERCISED_FIXED_OPAQUE_BOUNDARY': 22, 'UNEXERCISED_NO_INTENDED_DOMAIN_FALSE_WITNESS': 637}
source_files:
  /reference/reference-semantics/semantics.k: 0
  /reference/reference-semantics/semantics/assert.k: 3
  /reference/reference-semantics/semantics/bool.k: 14
  /reference/reference-semantics/semantics/builtins.k: 175
  /reference/reference-semantics/semantics/call.k: 24
  /reference/reference-semantics/semantics/comprehension.k: 10
  /reference/reference-semantics/semantics/concrete.k: 21
  /reference/reference-semantics/semantics/controls.k: 37
  /reference/reference-semantics/semantics/core.k: 84
  /reference/reference-semantics/semantics/dict.k: 40
  /reference/reference-semantics/semantics/float.k: 155
  /reference/reference-semantics/semantics/functions.k: 19
  /reference/reference-semantics/semantics/int.k: 17
  /reference/reference-semantics/semantics/iter.k: 1
  /reference/reference-semantics/semantics/list.k: 32
  /reference/reference-semantics/semantics/methods.k: 102
  /reference/reference-semantics/semantics/operators.k: 12
  /reference/reference-semantics/semantics/range.k: 8
  /reference/reference-semantics/semantics/set.k: 18
  /reference/reference-semantics/semantics/sort.k: 25
  /reference/reference-semantics/semantics/str.k: 33
  /reference/reference-semantics/semantics/subscript.k: 57
  /reference/reference-semantics/semantics/syntax.k: 16
  /reference/reference-semantics/semantics/tuple.k: 25
  /candidate/verification.k: 22
  /candidate/spec.k: 3
  /candidate/connection-spec.k: 2
inventory=/audit-output/evidence/static-rule-inventory.tsv
EXIT_STATUS: 0
