COMMAND: kprove /audit-output/evidence/audit-body-mutation-spec.k --definition audit-verification-kompiled --spec-module AUDIT-BODY-MUTATION-SPEC --dry-run
kore-exec /tmp/audit-work/rebuild/./audit-verification-kompiled/definition.kore --module TARGET-VERIFICATION --prove /tmp/.kprove-2026-07-30-04-05-25-441-a75d33d2-2879-43ce-b7f5-d307e1996662/spec.kore --spec-module AUDIT-BODY-MUTATION-SPEC --output /tmp/.kprove-2026-07-30-04-05-25-441-a75d33d2-2879-43ce-b7f5-d307e1996662/result.kore
[Warning] Compiler: Variable 'As' defined but not used. Prefix variable name
with underscore if this is intentional.
	Source(/tmp/audit-work/rebuild/reference-semantics/semantics/str.k)
	Location(52,27,52,29)
	52 |	  rule strLt(iCons(A:Int, As:IntSeq), iCons(B:Int, Bs:IntSeq)) => true   
      requires A  <Int B
	   .	                          ^~
[Warning] Compiler: Variable 'Bs' defined but not used. Prefix variable name
with underscore if this is intentional.
	Source(/tmp/audit-work/rebuild/reference-semantics/semantics/str.k)
	Location(52,52,52,54)
	52 |	  rule strLt(iCons(A:Int, As:IntSeq), iCons(B:Int, Bs:IntSeq)) => true   
      requires A  <Int B
	   .	                                                   ^~
[Warning] Compiler: Variable 'As' defined but not used. Prefix variable name
with underscore if this is intentional.
	Source(/tmp/audit-work/rebuild/reference-semantics/semantics/str.k)
	Location(53,27,53,29)
	53 |	  rule strLt(iCons(A:Int, As:IntSeq), iCons(B:Int, Bs:IntSeq)) => false  
      requires A  >Int B
	   .	                          ^~
[Warning] Compiler: Variable 'Bs' defined but not used. Prefix variable name
with underscore if this is intentional.
	Source(/tmp/audit-work/rebuild/reference-semantics/semantics/str.k)
	Location(53,52,53,54)
	53 |	  rule strLt(iCons(A:Int, As:IntSeq), iCons(B:Int, Bs:IntSeq)) => false  
      requires A  >Int B
	   .	                                                   ^~
[Warning] Compiler: Variable 'OLD' defined but not used. Prefix variable name
with underscore if this is intentional.
	Source(/tmp/audit-work/rebuild/verification.k)
	Location(76,36,76,39)
	76 |	  rule lastCharacter(iCons(C, CS), OLD)
	   .	                                   ^~~
[Warning] Compiler: Variable 'CLASS' defined but not used. Prefix variable name
with underscore if this is intentional.
	Source(/tmp/audit-work/rebuild/verification.k)
	Location(255,33,255,38)
	255 |	           "class_name" |-> str(CLASS)
	    .	                                ^~~~~
[Warning] Compiler: Variable 'ALLEXTS' defined but not used. Prefix variable
name with underscore if this is intentional.
	Source(/tmp/audit-work/rebuild/verification.k)
	Location(256,34,256,41)
	256 |	           "extensions" |-> list(ALLEXTS)
	    .	                                 ^~~~~~~
[Warning] Compiler: Variable 'BEST' defined but not used. Prefix variable name
with underscore if this is intentional.
	Source(/tmp/audit-work/rebuild/verification.k)
	Location(257,32,257,36)
	257 |	           "strongest" |-> str(BEST)
	    .	                               ^~~~
[Warning] Compiler: Variable 'BESTVAL' defined but not used. Prefix variable
name with underscore if this is intentional.
	Source(/tmp/audit-work/rebuild/verification.k)
	Location(258,32,258,39)
	258 |	           "best_strength" |-> BESTVAL:Val
	    .	                               ^~~~~~~
[Warning] Compiler: Variable 'EXT' defined but not used. Prefix variable name
with underscore if this is intentional.
	Source(/tmp/audit-work/rebuild/verification.k)
	Location(259,32,259,35)
	259 |	           "extension" |-> str(EXT)
	    .	                               ^~~
[Warning] Compiler: Variable 'CLASS' defined but not used. Prefix variable name
with underscore if this is intentional.
	Source(/tmp/audit-work/rebuild/verification.k)
	Location(289,33,289,38)
	289 |	           "class_name" |-> str(CLASS)
	    .	                                ^~~~~
[Warning] Compiler: Variable 'ALLEXTS' defined but not used. Prefix variable
name with underscore if this is intentional.
	Source(/tmp/audit-work/rebuild/verification.k)
	Location(290,34,290,41)
	290 |	           "extensions" |-> list(ALLEXTS)
	    .	                                 ^~~~~~~
DRY_RUN_EXIT_STATUS=0
COMMAND: kprove /audit-output/evidence/audit-body-mutation-spec.k --definition audit-verification-kompiled --spec-module AUDIT-BODY-MUTATION-SPEC
kore-exec: [1110094] Warning (WarnStuckClaimState):
    The configuration's term doesn't unify with the destination's term and the configuration cannot be rewritten further. Location: /audit-output/evidence/audit-body-mutation-spec.k:9:5-50:31
Context:
    (InfoReachability) while checking the implication
<generatedTop>
  <k>
    str ( iCons ( 119 , iCons ( 114 , iCons ( 111 , iCons ( 110 , iCons ( 103 , .IntSeq ) ) ) ) ) ) ~> .K
  </k>
  <env>
    0
  </env>
  <scopes>
    -1 |-> scope ( "abs" |-> builtinV ( "abs" )
    "all" |-> builtinV ( "all" )
    "any" |-> builtinV ( "any" )
    "bin" |-> builtinV ( "bin" )
    "chr" |-> builtinV ( "chr" )
    "enumerate" |-> builtinV ( "enumerate" )
    "eval" |-> builtinV ( "eval" )
    "float" |-> typeV ( "float" )
    "int" |-> typeV ( "int" )
    "isinstance" |-> builtinV ( "isinstance" )
    "len" |-> builtinV ( "len" )
    "list" |-> builtinV ( "list" )
    "map" |-> builtinV ( "map" )
    "max" |-> builtinV ( "max" )
    "min" |-> builtinV ( "min" )
    "ord" |-> builtinV ( "ord" )
    "range" |-> builtinV ( "range" )
    "round" |-> builtinV ( "round" )
    "set" |-> builtinV ( "set" )
    "sorted" |-> builtinV ( "sorted" )
    "str" |-> typeV ( "str" )
    "sum" |-> builtinV ( "sum" )
    "zip" |-> builtinV ( "zip" ) , root )
    0 |-> scope ( "Strongest_Extension" |-> closureVal ( "class_name" , "extensions" , .ParamNames , Return ( Str ( "wrong" ) )  .Stmts , 0 ) , parent ( -1 ) )
  </scopes>
  <scopeLoc>
    1
  </scopeLoc>
  <heap>
    .Map
  </heap>
  <heapLoc>
    0
  </heapLoc>
  <stack>
    .List
  </stack>
  <ret>
    noRet
  </ret>
  <exc>
    NoExc
  </exc>
  <exit-code>
    0
  </exit-code>
</generatedTop>
[Warning] Compiler: Variable 'As' defined but not used. Prefix variable name
with underscore if this is intentional.
	Source(/tmp/audit-work/rebuild/reference-semantics/semantics/str.k)
	Location(52,27,52,29)
	52 |	  rule strLt(iCons(A:Int, As:IntSeq), iCons(B:Int, Bs:IntSeq)) => true   
      requires A  <Int B
	   .	                          ^~
[Warning] Compiler: Variable 'Bs' defined but not used. Prefix variable name
with underscore if this is intentional.
	Source(/tmp/audit-work/rebuild/reference-semantics/semantics/str.k)
	Location(52,52,52,54)
	52 |	  rule strLt(iCons(A:Int, As:IntSeq), iCons(B:Int, Bs:IntSeq)) => true   
      requires A  <Int B
	   .	                                                   ^~
[Warning] Compiler: Variable 'As' defined but not used. Prefix variable name
with underscore if this is intentional.
	Source(/tmp/audit-work/rebuild/reference-semantics/semantics/str.k)
	Location(53,27,53,29)
	53 |	  rule strLt(iCons(A:Int, As:IntSeq), iCons(B:Int, Bs:IntSeq)) => false  
      requires A  >Int B
	   .	                          ^~
[Warning] Compiler: Variable 'Bs' defined but not used. Prefix variable name
with underscore if this is intentional.
	Source(/tmp/audit-work/rebuild/reference-semantics/semantics/str.k)
	Location(53,52,53,54)
	53 |	  rule strLt(iCons(A:Int, As:IntSeq), iCons(B:Int, Bs:IntSeq)) => false  
      requires A  >Int B
	   .	                                                   ^~
[Warning] Compiler: Variable 'OLD' defined but not used. Prefix variable name
with underscore if this is intentional.
	Source(/tmp/audit-work/rebuild/verification.k)
	Location(76,36,76,39)
	76 |	  rule lastCharacter(iCons(C, CS), OLD)
	   .	                                   ^~~
[Warning] Compiler: Variable 'CLASS' defined but not used. Prefix variable name
with underscore if this is intentional.
	Source(/tmp/audit-work/rebuild/verification.k)
	Location(255,33,255,38)
	255 |	           "class_name" |-> str(CLASS)
	    .	                                ^~~~~
[Warning] Compiler: Variable 'ALLEXTS' defined but not used. Prefix variable
name with underscore if this is intentional.
	Source(/tmp/audit-work/rebuild/verification.k)
	Location(256,34,256,41)
	256 |	           "extensions" |-> list(ALLEXTS)
	    .	                                 ^~~~~~~
[Warning] Compiler: Variable 'BEST' defined but not used. Prefix variable name
with underscore if this is intentional.
	Source(/tmp/audit-work/rebuild/verification.k)
	Location(257,32,257,36)
	257 |	           "strongest" |-> str(BEST)
	    .	                               ^~~~
[Warning] Compiler: Variable 'BESTVAL' defined but not used. Prefix variable
name with underscore if this is intentional.
	Source(/tmp/audit-work/rebuild/verification.k)
	Location(258,32,258,39)
	258 |	           "best_strength" |-> BESTVAL:Val
	    .	                               ^~~~~~~
[Warning] Compiler: Variable 'EXT' defined but not used. Prefix variable name
with underscore if this is intentional.
	Source(/tmp/audit-work/rebuild/verification.k)
	Location(259,32,259,35)
	259 |	           "extension" |-> str(EXT)
	    .	                               ^~~
[Warning] Compiler: Variable 'CLASS' defined but not used. Prefix variable name
with underscore if this is intentional.
	Source(/tmp/audit-work/rebuild/verification.k)
	Location(289,33,289,38)
	289 |	           "class_name" |-> str(CLASS)
	    .	                                ^~~~~
[Warning] Compiler: Variable 'ALLEXTS' defined but not used. Prefix variable
name with underscore if this is intentional.
	Source(/tmp/audit-work/rebuild/verification.k)
	Location(290,34,290,41)
	290 |	           "extensions" |-> list(ALLEXTS)
	    .	                                 ^~~~~~~
[Error] Prover: backend terminated because the configuration cannot be
rewritten further. See output for more details.
PROOF_EXIT_STATUS=1
EXPECTED_FAILURE_CONFIRMED
