COMMAND: bash -lc $'set -x; krun solution.mpy --definition semantic-fresh-kompiled -cARGS=\'pyStr("🙂ab") pyStr("ab🙂")\'; python3 - <<\'PY\'\nimport importlib.util\ns=importlib.util.spec_from_file_location("submitted","solution.py")\nm=importlib.util.module_from_spec(s); s.loader.exec_module(m)\nprint(m.cycpattern_check("🙂ab", "ab🙂"))\nPY'
EXIT_STATUS: 0
OUTPUT_LINES: 19
--- OUTPUT BEGIN ---
+ krun solution.mpy --definition semantic-fresh-kompiled '-cARGS=pyStr("🙂ab") pyStr("ab🙂")'
<mpy>
  <k>
    .K
  </k>
  <args>
    pyStr ( "\xf0\x9f\x99\x82ab" )  pyStr ( "ab\xf0\x9f\x99\x82" )  .Values
  </args>
  <env>
    "a" |-> pyStr ( "\xf0\x9f\x99\x82ab" )
    "b" |-> pyStr ( "ab\xf0\x9f\x99\x82" )
    "i" |-> pyInt ( 2 )
  </env>
  <out>
    Result ( pyBool ( true ) )
  </out>
</mpy>
+ python3 -
True
--- OUTPUT END ---
