Stage 2 bounded command record

Command:
  python3 /tmp/audit-work/reconstruction-8-sum-product/reference/py2mpy.py
    /tmp/audit-work/reconstruction-8-sum-product/candidate/solution.py
    > /tmp/audit-work/reconstruction-8-sum-product/regenerated-solution.mpy
Exit: 0

Command:
  cmp -s /tmp/audit-work/reconstruction-8-sum-product/regenerated-solution.mpy
    /tmp/audit-work/reconstruction-8-sum-product/candidate/solution.mpy
Exit: 0

Command:
  sha256sum /tmp/audit-work/reconstruction-8-sum-product/regenerated-solution.mpy
    /tmp/audit-work/reconstruction-8-sum-product/candidate/solution.mpy
Exit: 0
Output:
  d061e06bb15ef17ff9a7b6383328564ad6c802b1d3c8c027474caa9bb9bf3f1e  regenerated-solution.mpy
  d061e06bb15ef17ff9a7b6383328564ad6c802b1d3c8c027474caa9bb9bf3f1e  candidate/solution.mpy

Command:
  python3 /audit-output/evidence/differential_test.py
Exit: 0
Output:
  {
    "entry_point": "sum_product",
    "exhaustive_lengths": [0, 1, 2, 3, 4, 5],
    "exhaustive_pool": [-3, -1, 0, 1, 2, 5],
    "first_mismatches": [],
    "mismatch_count": 0,
    "named_cases": 9,
    "total_cases": 9340
  }
