SATISFYING_INPUT n=1 precondition=(1 > 0)=true
canonical(1)=2
generated(1)=2
mutated_postcondition=result 3
demonstrably_false=True
COMMAND: kprove /audit-output/evidence/stage6_spec_vacuity.k --definition /tmp/audit-work/fresh-verification-kompiled --spec-module STAGE6-SPEC-VACUITY --claims STAGE6-SPEC-VACUITY.false-result-n1 --dry-run -I /tmp/audit-work --color off
kore-exec /tmp/audit-work/fresh-verification-kompiled/definition.kore --module VERIFICATION --prove /tmp/.kprove-2026-07-23-07-40-06-429-ae132225-b3fa-4d7e-9404-9bb3e7f73fc3/spec.kore --spec-module STAGE6-SPEC-VACUITY --output /tmp/.kprove-2026-07-23-07-40-06-429-ae132225-b3fa-4d7e-9404-9bb3e7f73fc3/result.kore
EXIT_STATUS=0
COMMAND: kprove /audit-output/evidence/stage6_spec_vacuity.k --definition /tmp/audit-work/fresh-verification-kompiled --spec-module STAGE6-SPEC-VACUITY --claims STAGE6-SPEC-VACUITY.false-result-n1 -I /tmp/audit-work --color off
kore-exec: [217026] Warning (WarnStuckClaimState):
    The configuration's term doesn't unify with the destination's term and the configuration cannot be rewritten further. Location: /audit-output/evidence/stage6_spec_vacuity.k:9:5-12:37
Context:
    (InfoReachability) while checking the implication
<mpy>
  <k>
    .K
  </k>
  <env>
    .Map
  </env>
  <n>
    1
  </n>
  <result>
    2
  </result>
</mpy>
[Error] Prover: backend terminated because the configuration cannot be
rewritten further. See output for more details.
EXIT_STATUS=1
witness_status=0
dry_run_status=0
false_proof_status=1
failures=0
SCRIPT_EXIT=0
stage6_pipeline_script_exit=0
