$ rg -n "no-evaluators|opaque|trusted|\\[(simplification|anywhere|alias|macro)|\\[priority\\(|\\[concrete\\]" reference-semantics/semantics.k reference-semantics/semantics/*.k verification.k spec.k
reference-semantics/semantics/assert.k:15:       [priority(40)]
reference-semantics/semantics.k:18://   semantics/float.k          MPY-FLOAT        Float Val: literal + opaque float ops ([concrete] for krun)
reference-semantics/semantics.k:30://   semantics/sort.k           MPY-SORT         trusted sorted(): opaque sortVS + concrete insertion sort
reference-semantics/semantics/tuple.k:41:       [priority(40)]
reference-semantics/semantics/tuple.k:46:       [priority(40)]
reference-semantics/semantics/tuple.k:54:       [priority(40)]
reference-semantics/semantics/functions.k:75:       [priority(40)]
reference-semantics/semantics/syntax.k:19:                | "ListComp"  "(" Expr "," CompFors ")" [macro]
reference-semantics/semantics/syntax.k:20:                | "GenExp"    "(" Expr "," CompFors ")" [macro]
reference-semantics/semantics/float.k:5:// (the Python true division I / F) is `[no-evaluators]` for kprove — it never reduces on symbolic
reference-semantics/semantics/float.k:7:// builds). The `[concrete]` rule evaluates it for krun (llvm HAS the Int2Float / /Float hooks), so
reference-semantics/semantics/float.k:23:  // Int / float true division. OPAQUE for kprove (no-evaluators); concrete for krun.
reference-semantics/semantics/float.k:24:  syntax Float ::= intFloatDiv(Int, Float) [function, total, symbol(intFloatDiv), no-evaluators]
reference-semantics/semantics/float.k:25:  rule intFloatDiv(I:Int, F:Float) => Int2Float(I, 53, 11) /Float F [concrete]
reference-semantics/semantics/float.k:30:  syntax Float ::= divII(Int, Int) [function, total, symbol(divII), no-evaluators]
reference-semantics/semantics/float.k:31:  rule divII(I1:Int, I2:Int) => Int2Float(I1, 53, 11) /Float Int2Float(I2, 53, 11) [concrete]
reference-semantics/semantics/float.k:37:  syntax Float ::= floatMod(Float, Float) [function, total, symbol(floatMod), no-evaluators]
reference-semantics/semantics/float.k:38:  rule floatMod(F1:Float, F2:Float) => F1 -Float (floorFloat(F1 /Float F2) *Float F2) [concrete]
reference-semantics/semantics/float.k:46:  // float `<` and abs — OPAQUE for kprove ([no-evaluators], so a SYMBOLIC float compare stays an
reference-semantics/semantics/float.k:48:  // [concrete] for krun. Additive, sort-disjoint from the Int rules. (has_close_elements: the pairwise
reference-semantics/semantics/float.k:50:  syntax Bool ::= floatLt(Float, Float) [function, total, symbol(floatLt), no-evaluators]
reference-semantics/semantics/float.k:51:  rule floatLt(F1:Float, F2:Float) => F1 <Float F2 [concrete]
reference-semantics/semantics/float.k:54:  syntax Float ::= absF(Float) [function, total, symbol(absF), no-evaluators]
reference-semantics/semantics/float.k:55:  rule absF(F:Float) => absFloat(F) [concrete]
reference-semantics/semantics/float.k:66:  rule <k> Call(Attribute(Name("math"), "ceil"), (E:Expr, .Exprs)) => E ~> #mathCeil ... </k> [priority(40)]
reference-semantics/semantics/float.k:71:  rule <k> Call(Attribute(Name("math"), "floor"), (E:Expr, .Exprs)) => E ~> #mathFloor ... </k> [priority(40)]
reference-semantics/semantics/float.k:74:  rule floorFI(I:Int)   => I                        [concrete]
reference-semantics/semantics/float.k:75:  rule floorFI(F:Float) => Float2Int(floorFloat(F)) [concrete]
reference-semantics/semantics/float.k:83:  rule <k> Call(Attribute(Name("math"), "pow"), (E1:Expr, E2:Expr, .Exprs)) => E1 ~> #mathPow1(E2) ... </k> [priority(40)]
reference-semantics/semantics/float.k:87:  rule toF(F:Float) => F        [concrete]
reference-semantics/semantics/float.k:88:  rule toF(I:Int)   => intToF(I) [concrete]
reference-semantics/semantics/float.k:90:  // ceilF: math.ceil as an Int. TOTAL (K trusts it; a symbolic list element stays opaque for
reference-semantics/semantics/float.k:91:  // kprove — structural). [concrete] so the Int2Float/ceilFloat hooks only run for krun (llvm).
reference-semantics/semantics/float.k:94:  rule ceilF(I:Int)   => I                       [concrete]
reference-semantics/semantics/float.k:95:  rule ceilF(F:Float) => Float2Int(ceilFloat(F)) [concrete]
reference-semantics/semantics/float.k:101:  // ---- float - / / / + (OPAQUE for kprove [no-evaluators], concrete for krun) — for float-list
reference-semantics/semantics/float.k:103:  syntax Float ::= subF(Float, Float) [function, total, symbol(subF), no-evaluators]
reference-semantics/semantics/float.k:104:  rule subF(F1:Float, F2:Float) => F1 -Float F2 [concrete]
reference-semantics/semantics/float.k:107:  syntax Float ::= divF(Float, Float) [function, total, symbol(divF), no-evaluators]
reference-semantics/semantics/float.k:108:  rule divF(F1:Float, F2:Float) => F1 /Float F2 [concrete]
reference-semantics/semantics/float.k:111:  syntax Float ::= addF(Float, Float) [function, total, symbol(addF), no-evaluators]
reference-semantics/semantics/float.k:112:  rule addF(F1:Float, F2:Float) => F1 +Float F2 [concrete]
reference-semantics/semantics/float.k:115:  syntax Float ::= mulF(Float, Float) [function, total, symbol(mulF), no-evaluators]
reference-semantics/semantics/float.k:116:  rule mulF(F1:Float, F2:Float) => F1 *Float F2 [concrete]
reference-semantics/semantics/float.k:119:  syntax Float ::= powF(Float, Float) [function, total, symbol(powF), no-evaluators]
reference-semantics/semantics/float.k:120:  rule powF(F1:Float, F2:Float) => F1 ^Float F2 [concrete]
reference-semantics/semantics/float.k:124:  //      case-split on the atom; >= / <= derive from the two opaque compares) ----
reference-semantics/semantics/float.k:125:  syntax Bool ::= gtF(Float, Float) [function, total, symbol(gtF), no-evaluators]
reference-semantics/semantics/float.k:126:  rule gtF(F1:Float, F2:Float) => F1 >Float F2 [concrete]
reference-semantics/semantics/float.k:141:  // ---- mixed Int == Float (shared eqF; opaque symbolic / concrete twin) ----
reference-semantics/semantics/float.k:142:  syntax Bool ::= eqF(Float, Float) [function, total, symbol(eqF), no-evaluators]
reference-semantics/semantics/float.k:143:  rule eqF(F1:Float, F2:Float) => F1 ==Float F2 [concrete]
reference-semantics/semantics/float.k:159:  // symbolic side stays an opaque decStrToF term a proof case-splits on).
reference-semantics/semantics/float.k:160:  syntax Float ::= decStrToF(IntSeq) [function, total, symbol(decStrToF), no-evaluators]
reference-semantics/semantics/float.k:161:  rule decStrToF(iCons(45, CS:IntSeq)) => 0.0 -Float decStrToF(CS) [concrete]
reference-semantics/semantics/float.k:164:       requires isLen(CS) >Int 0 andBool headIS(CS) =/=Int 45 [concrete]
reference-semantics/semantics/float.k:190:  syntax Float ::= divFloatIntV(Float, Int) [function, total, symbol(divFloatIntV), no-evaluators]
reference-semantics/semantics/float.k:191:  rule divFloatIntV(F:Float, I:Int) => F /Float Int2Float(I, 53, 11) [concrete]
reference-semantics/semantics/float.k:195:  syntax Float ::= intToF(Int) [function, total, symbol(intToF), no-evaluators]
reference-semantics/semantics/float.k:196:  rule intToF(I:Int) => Int2Float(I, 53, 11) [concrete]
reference-semantics/semantics/float.k:209:  syntax Int ::= truncF(Float) [function, total, symbol(truncF), no-evaluators]
reference-semantics/semantics/float.k:210:  rule truncF(F:Float) => #if F >=Float 0.0 #then Float2Int(floorFloat(F)) #else Float2Int(ceilFloat(F)) #fi [concrete]
reference-semantics/semantics/float.k:217:  syntax Int ::= roundF(Float) [function, total, symbol(roundF), no-evaluators]
reference-semantics/semantics/float.k:222:       #else Float2Int(floorFloat(F +Float 0.5)) #fi [concrete]
reference-semantics/semantics/float.k:223:  syntax Float ::= roundFN(Float, Int) [function, total, symbol(roundFN), no-evaluators]
reference-semantics/semantics/float.k:226:       /Float Int2Float(10 ^Int N, 53, 11) [concrete]
reference-semantics/semantics/float.k:230:  syntax Float ::= sqrtF(Float) [function, total, symbol(sqrtF), no-evaluators]
reference-semantics/semantics/float.k:231:  rule sqrtF(F:Float) => sqrtFloat(F) [concrete]
reference-semantics/semantics/float.k:233:  rule <k> Call(Attribute(Name("math"), "sqrt"), (E:Expr, .Exprs)) => E ~> #mathSqrt ... </k> [priority(40)]
reference-semantics/semantics/float.k:240:  // over a SYMBOLIC float list intercepts min/max problem-locally to an opaque minVF/maxVF (at
reference-semantics/semantics/subscript.k:8:  // a trusted sort's sortVS(VS)) or OOB it stays an abstract total value — so indexing the
reference-semantics/semantics/subscript.k:9:  // opaque sorted list is DEFINED (no undischarged #Ceil), matching the old semantics' total
reference-semantics/semantics/subscript.k:33:       [priority(40)]
reference-semantics/semantics/subscript.k:60:       [priority(45)]
reference-semantics/semantics/dict.k:7:// `d.keys() = list(KS)`, then keeps each key opaque problem-locally.
reference-semantics/semantics/dict.k:60:       [priority(40)]
reference-semantics/semantics/dict.k:66:       [priority(45)]
reference-semantics/semantics/str.k:46:  // str `<` stays a trusted opaque term the way sortVS / intFloatDiv do. Additive: fires only on
reference-semantics/semantics/core.k:90:       [priority(40)]
reference-semantics/semantics/core.k:151:       [priority(40)]
reference-semantics/semantics/sort.k:2:// Trusted sorted(): sorted(list) as an opaque ascending permutation `sortVS` — opaque symbolic
reference-semantics/semantics/sort.k:3:// for kprove (a trusted primitive, correctness/ordering proved in Lean / notes/sort-probe),
reference-semantics/semantics/sort.k:5:// slice / filter / dedup); indexing an opaque sortVS(VS) carries through as an opaque term, so
reference-semantics/semantics/sort.k:14:  // sortVS(VS): the ascending sort of the Val list VS. Opaque for symbolic VS (no-evaluators);
reference-semantics/semantics/sort.k:18:  syntax ValSeq ::= sortVS(ValSeq) [function, total, symbol(sortVS), no-evaluators]
reference-semantics/semantics/sort.k:20:  rule sortVS(.ValSeq)                => .ValSeq          [concrete]
reference-semantics/semantics/sort.k:21:  rule sortVS(vCons(X:Int, R:ValSeq)) => insVS(X, sortVS(R)) [concrete]
reference-semantics/semantics/sort.k:22:  rule insVS(X:Int, .ValSeq)                => vCons(X, .ValSeq) [concrete]
reference-semantics/semantics/sort.k:23:  rule insVS(X:Int, vCons(Y:Int, R:ValSeq)) => vCons(X, vCons(Y, R)) requires X <=Int Y [concrete]
reference-semantics/semantics/sort.k:24:  rule insVS(X:Int, vCons(Y:Int, R:ValSeq)) => vCons(Y, insVS(X, R)) requires X  >Int Y [concrete]
reference-semantics/semantics/sort.k:27:  rule sortVS(vCons(str(CS:IntSeq), R:ValSeq)) => insVSs(CS, sortVS(R)) [concrete]
reference-semantics/semantics/sort.k:28:  rule insVSs(A:IntSeq, .ValSeq) => vCons(str(A), .ValSeq) [concrete]
reference-semantics/semantics/sort.k:30:       requires strLt(A, B) orBool A ==K B [concrete]
reference-semantics/semantics/sort.k:32:       requires notBool (strLt(A, B) orBool A ==K B) [concrete]
reference-semantics/semantics/sort.k:39:  // mutator: xs.sort() — the in-place heap write over the same trusted sortVS
reference-semantics/semantics/sort.k:42:       [priority(40)]
reference-semantics/semantics/sort.k:49:  syntax ValSeq ::= sortKeyVS(ValSeq, Val) [function, total, symbol(sortKeyVS), no-evaluators]
reference-semantics/semantics/sort.k:68:  // Indexing the opaque sorted list: `valSeqAt(sortVS(VS), I)` is DEFINED because valSeqAt is
reference-semantics/semantics/controls.k:18:       [priority(40)]
reference-semantics/semantics/controls.k:31:       [priority(40)]
reference-semantics/semantics/controls.k:97:       [priority(40)]
reference-semantics/semantics/controls.k:100:       [priority(40)]
reference-semantics/semantics/controls.k:103:       [priority(40)]
reference-semantics/semantics/controls.k:108:       [priority(40)]
reference-semantics/semantics/concrete.k:5:// backend ([concrete] is not respected on rewrite rules) — probed on
reference-semantics/semantics/concrete.k:23:  // allocates the result. priority(40) beats sort.k's opaque rules, so krun
reference-semantics/semantics/concrete.k:30:       [priority(40)]
reference-semantics/semantics/concrete.k:33:       [priority(40)]
reference-semantics/semantics/comprehension.k:14:  syntax Stmts ::= compBody(CompFors, Expr) [macro]
reference-semantics/semantics/comprehension.k:18:  syntax Stmt ::= compNest(CompFors, Expr) [macro-rec]
reference-semantics/semantics/comprehension.k:24:  syntax Expr ::= compGuard(Exprs) [macro]
reference-semantics/semantics/operators.k:27:       [priority(40)]
reference-semantics/semantics/operators.k:31:       [priority(40)]
reference-semantics/semantics/operators.k:37:       [priority(40)]
reference-semantics/semantics/operators.k:42:       [priority(40)]
reference-semantics/semantics/operators.k:46:       [priority(40)]
reference-semantics/semantics/call.k:41:       [priority(40)]
reference-semantics/semantics/call.k:46:       [priority(40)]
reference-semantics/semantics/call.k:50:       [priority(40)]
reference-semantics/semantics/call.k:60:       [priority(40)]
reference-semantics/semantics/call.k:67:       [priority(40)]
reference-semantics/semantics/methods.k:74:       [priority(40)]
reference-semantics/semantics/methods.k:91:       [priority(39)]
reference-semantics/semantics/methods.k:96:       [priority(40)]
reference-semantics/semantics/builtins.k:184:  // trusted pass evaluator, now DEFINED in the reference and driven by a
reference-semantics/semantics/builtins.k:276:  // ==== hashlib.md5(S).hexdigest() — a trusted opaque digest ==================
reference-semantics/semantics/builtins.k:281:       [priority(40)]
reference-semantics/semantics/builtins.k:285:  syntax IntSeq ::= md5hexCodes(IntSeq) [function, total, symbol(md5hexCodes), no-evaluators]
reference-semantics/semantics/list.k:25:       [priority(45)]
reference-semantics/semantics/list.k:55:       [priority(40)]
reference-semantics/semantics/bool.k:30:       [priority(40)]
reference-semantics/semantics/bool.k:34:       [priority(40)]
reference-semantics/semantics/bool.k:38:       [priority(40)]
reference-semantics/semantics/bool.k:42:       [priority(40)]
reference-semantics/semantics/bool.k:46:       [priority(40)]
EXIT_STATUS=0
