$ mkdir -p /tmp/audit-work/90-next-smallest/source
[exit 0]
$ cp -p /candidate/solution.py /candidate/solution.mpy /candidate/semantic.k /candidate/verification.k /candidate/spec.k /tmp/audit-work/90-next-smallest/source/
[exit 0]
$ cp -p /reference/canonical.py /reference/prompt.py /reference/py2mpy.py /tmp/audit-work/90-next-smallest/source/
[exit 0]
$ python3 /reference/py2mpy.py /candidate/solution.py > /tmp/audit-work/90-next-smallest/source/solution.regenerated.mpy
[exit 0]
$ cmp /tmp/audit-work/90-next-smallest/source/solution.regenerated.mpy /candidate/solution.mpy
[exit 0]
$ sha256sum /tmp/audit-work/90-next-smallest/source/solution.regenerated.mpy /candidate/solution.mpy
e63a1fb4ace43a6e28f18d4f978372df2cc093a57b1b01c854ce86266fe0381b  /tmp/audit-work/90-next-smallest/source/solution.regenerated.mpy
e63a1fb4ace43a6e28f18d4f978372df2cc093a57b1b01c854ce86266fe0381b  /candidate/solution.mpy
[exit 0]
$ python3 -m py_compile /tmp/audit-work/90-next-smallest/source/solution.py
[exit 0]
Scratch source inventory (candidate compiled definitions/caches were not copied):
$ find /tmp/audit-work/90-next-smallest/source -maxdepth 1 -printf %y\ %f\ %s\ bytes\\n
d source 4096 bytes
f solution.regenerated.mpy 310 bytes
f verification.k 411 bytes
f py2mpy.py 17189 bytes
f semantic.k 6156 bytes
d __pycache__ 4096 bytes
f solution.mpy 310 bytes
f prompt.py 361 bytes
f canonical.py 657 bytes
f solution.py 110 bytes
f spec.k 872 bytes
[exit 0]
