Script started on 2026-07-29 09:04:38-05:00 [<not executed on terminal>]
SCRATCH_TOP_LEVEL
d problem-109-independent -> 
d reference-semantics -> 
f PROOF.md -> 
f canonical.py -> 
f prompt.py -> 
f prove.sh -> 
f py2mpy.py -> 
f solution.mpy -> 
f solution.py -> 
f spec.k -> 
f verification.k -> 
CANDIDATE_SOURCES
     1	def move_one_ball(arr):
     2	    if not arr:
     3	        return True
     4	
     5	    first = arr[0]
     6	    previous = first
     7	    current = first
     8	    drops = 0
     9	
    10	    for current in arr:
    11	        drops = drops + (current < previous)
    12	        previous = current
    13	
    14	    drops = drops + (first < previous)
    15	
    16	    return drops <= 1
     1	Module(
     2	  FuncDef("move_one_ball", Params("arr"),
     3	    If(UnaryOp("not", Name("arr")),
     4	      Return(Bool(true)),
     5	      )
     6	    Assign(Name("first"), Subscript(Name("arr"), Int(0)))
     7	    Assign(Name("previous"), Name("first"))
     8	    Assign(Name("current"), Name("first"))
     9	    Assign(Name("drops"), Int(0))
    10	    For(Name("current"), Name("arr"),
    11	      Assign(
    12	        Name("drops"),
    13	        BinOp(
    14	          "+",
    15	          Name("drops"),
    16	          Compare(Name("current"), CmpOp("<", Name("previous")))))
    17	      Assign(Name("previous"), Name("current")))
    18	    Assign(
    19	      Name("drops"),
    20	      BinOp(
    21	        "+",
    22	        Name("drops"),
    23	        Compare(Name("first"), CmpOp("<", Name("previous")))))
    24	    Return(Compare(Name("drops"), CmpOp("<=", Int(1))))))
     1	requires "reference-semantics/semantics.k"
     2	
     3	module VERIFICATION
     4	  imports MPY
     5	  imports INT
     6	  imports BOOL
     7	
     8	  // Exact AST aliases for solution.mpy.  These are compile-time macros: the
     9	  // fixed MPY rules still execute every statement in the function and loop.
    10	  syntax Stmts ::= "scanBody" [macro]
    11	  rule scanBody
    12	    => Assign(Name("drops"),
    13	         BinOp("+", Name("drops"),
    14	           Compare(Name("current"), CmpOp("<", Name("previous")))))
    15	       Assign(Name("previous"), Name("current"))
    16	
    17	  syntax Stmts ::= "moveOneBallBody" [macro]
    18	  rule moveOneBallBody
    19	    => If(UnaryOp("not", Name("arr")),
    20	          Return(Bool(true)),
    21	          .Stmts)
    22	       Assign(Name("first"), Subscript(Name("arr"), Int(0)))
    23	       Assign(Name("previous"), Name("first"))
    24	       Assign(Name("current"), Name("first"))
    25	       Assign(Name("drops"), Int(0))
    26	       For(Name("current"), Name("arr"), scanBody)
    27	       Assign(Name("drops"),
    28	         BinOp("+", Name("drops"),
    29	           Compare(Name("first"), CmpOp("<", Name("previous")))))
    30	       Return(Compare(Name("drops"), CmpOp("<=", Int(1))))
    31	
    32	  // The formal input-domain predicate: every MPY list element is an Int.
    33	  syntax Bool ::= allInts(ValSeq) [function, total]
    34	  rule allInts(.ValSeq)                => true
    35	  rule allInts(vCons(V:Val, R:ValSeq)) => isInt(V) andBool allInts(R)
    36	
    37	  // Sort-refinement lemma for the fixed MPY-INT comparison equation.  The
    38	  // guard states exactly when both Val-sorted operands are Int injections.
    39	  rule applyCmp("<", A:Val, B:Val)
    40	    => {A}:>Int <Int {B}:>Int
    41	    requires isInt(A) andBool isInt(B)
    42	    [simplification]
    43	
    44	  // The exact left fold performed by the loop.  These equations are
    45	  // intentionally defined only on the allInts domain.
    46	  syntax Int ::= scanDrops(Int, Val, ValSeq) [function]
    47	  rule scanDrops(D:Int, _:Val, .ValSeq) => D
    48	  rule scanDrops(D:Int, P:Val, vCons(V:Val, R:ValSeq))
    49	    => scanDrops(
    50	         D +Int (#if {V}:>Int <Int {P}:>Int #then 1 #else 0 #fi),
    51	         V,
    52	         R)
    53	    requires isInt(P) andBool isInt(V)
    54	
    55	  // The final integer after scanning VS, or P if VS is empty.
    56	  syntax Val ::= lastAfter(Val, ValSeq) [function, total]
    57	  rule lastAfter(P:Val, .ValSeq)                => P
    58	  rule lastAfter(_:Val, vCons(V:Val, R:ValSeq)) => lastAfter(V, R)
    59	
    60	  rule applyCmp("<", A:Val, lastAfter(P:Val, VS:ValSeq))
    61	    => {A}:>Int <Int {lastAfter(P, VS)}:>Int
    62	    requires isInt(A) andBool isInt(P) andBool allInts(VS)
    63	    [simplification]
    64	
    65	  // Exact result property: empty is accepted; a nonempty circular sequence is
    66	  // accepted iff it has at most one strict circular descent.
    67	  syntax Bool ::= moveSpec(ValSeq) [function]
    68	  rule moveSpec(VS:ValSeq) => true
    69	    requires VS ==K .ValSeq
    70	  rule moveSpec(VS:ValSeq)
    71	    => scanDrops(0, valSeqAt(VS, 0), VS)
    72	       +Int (#if {valSeqAt(VS, 0)}:>Int
    73	                   <Int {lastAfter(valSeqAt(VS, 0), VS)}:>Int
    74	             #then 1 #else 0 #fi)
    75	       <=Int 1
    76	    requires notBool (VS ==K .ValSeq) andBool allInts(VS)
    77	endmodule
     1	requires "verification.k"
     2	
     3	module SPEC
     4	  imports VERIFICATION
     5	
     6	  // Loop invariant.  Starting with previous=current=P and drops=D, scanning
     7	  // VS leaves both value locals at lastAfter(P, VS) and transforms D by the
     8	  // exact strict-descent accumulator fold scanDrops.
     9	  claim [scan-loop]:
    10	    <k> #loop(list(VS:ValSeq), Name("current"), scanBody)
    11	        => .K ... </k>
    12	    <env> L:Int </env>
    13	    <scopes>
    14	      SC:Map
    15	      L |-> scope(
    16	        "arr"      |-> ARR:Val
    17	        "first"    |-> F:Val
    18	        "previous" |-> (P:Val => lastAfter(P, VS))
    19	        "current"  |-> (P => lastAfter(P, VS))
    20	        "drops"    |-> (D:Int => scanDrops(D, P, VS)),
    21	        parent(0))
    22	    </scopes>
    23	    requires isInt(P) andBool allInts(VS)
    24	
    25	  // Whole-program partial correctness from the exact function binding and
    26	  // body.  The theorem covers every finite list of mathematical integers.
    27	  claim [move-one-ball]:
    28	    <k> Call(Name("move_one_ball"), (list(VS:ValSeq), .Exprs))
    29	        => moveSpec(VS) </k>
    30	    <env> 0 </env>
    31	    <scopes>
    32	      -1 |-> builtinsScope
    33	       0 |-> scope(
    34	         "move_one_ball" |-> closureVal("arr", moveOneBallBody, 0),
    35	         parent(-1))
    36	    </scopes>
    37	    <scopeLoc> 1 </scopeLoc>
    38	    <heap> .Map </heap>
    39	    <heapLoc> 0 </heapLoc>
    40	    <stack> .List </stack>
    41	    <ret> noRet </ret>
    42	    <exc> NoExc </exc>
    43	    <exit-code> 0 </exit-code>
    44	    requires allInts(VS)
    45	endmodule
TRUSTED_PROMPT
     1	
     2	def move_one_ball(arr):
     3	    """We have an array 'arr' of N integers arr[1], arr[2], ..., arr[N].The
     4	    numbers in the array will be randomly ordered. Your task is to determine if
     5	    it is possible to get an array sorted in non-decreasing order by performing 
     6	    the following operation on the given array:
     7	        You are allowed to perform right shift operation any number of times.
     8	    
     9	    One right shift operation means shifting all elements of the array by one
    10	    position in the right direction. The last element of the array will be moved to
    11	    the starting position in the array i.e. 0th index. 
    12	
    13	    If it is possible to obtain the sorted array by performing the above operation
    14	    then return True else return False.
    15	    If the given array is empty then return True.
    16	
    17	    Note: The given list is guaranteed to have unique elements.
    18	
    19	    For Example:
    20	    
    21	    move_one_ball([3, 4, 5, 1, 2])==>True
    22	    Explanation: By performin 2 right shift operations, non-decreasing order can
    23	                 be achieved for the given array.
    24	    move_one_ball([3, 5, 4, 1, 2])==>False
    25	    Explanation:It is not possible to get non-decreasing order for the given
    26	                array by performing any number of right shift operations.
    27	                
    28	    """
TRUSTED_CANONICAL
     1	# canonical.py — the UNMODIFIED HumanEval/109 reference solution (from the dataset).
     2	# Co-located with solution.py (the proof rewrite) to make the original<->rewrite link
     3	# explicit & auditable.  entry point: move_one_ball
     4	
     5	
     6	def move_one_ball(arr):
     7	    """We have an array 'arr' of N integers arr[1], arr[2], ..., arr[N].The
     8	    numbers in the array will be randomly ordered. Your task is to determine if
     9	    it is possible to get an array sorted in non-decreasing order by performing 
    10	    the following operation on the given array:
    11	        You are allowed to perform right shift operation any number of times.
    12	    
    13	    One right shift operation means shifting all elements of the array by one
    14	    position in the right direction. The last element of the array will be moved to
    15	    the starting position in the array i.e. 0th index. 
    16	
    17	    If it is possible to obtain the sorted array by performing the above operation
    18	    then return True else return False.
    19	    If the given array is empty then return True.
    20	
    21	    Note: The given list is guaranteed to have unique elements.
    22	
    23	    For Example:
    24	    
    25	    move_one_ball([3, 4, 5, 1, 2])==>True
    26	    Explanation: By performin 2 right shift operations, non-decreasing order can
    27	                 be achieved for the given array.
    28	    move_one_ball([3, 5, 4, 1, 2])==>False
    29	    Explanation:It is not possible to get non-decreasing order for the given
    30	                array by performing any number of right shift operations.
    31	                
    32	    """
    33	    if len(arr)==0:
    34	      return True
    35	    sorted_array=sorted(arr)
    36	    my_arr=[]
    37	    
    38	    min_value=min(arr)
    39	    min_index=arr.index(min_value)
    40	    my_arr=arr[min_index:]+arr[0:min_index]
    41	    for i in range(len(arr)):
    42	      if my_arr[i]!=sorted_array[i]:
    43	        return False
    44	    return True

Script done on 2026-07-29 09:04:38-05:00 [COMMAND_EXIT_CODE="0"]
