Script started on 2026-07-26 15:05:39-05:00 [<not executed on terminal>]
kore-exec: [7696130] Warning (WarnStuckClaimState):
    The configuration's term unifies with the destination's term, but the implication check between the conditions has failed. Location: /tmp/audit-work/33-sort-third/spec-vacuity.k:40:5-65:31
Context:
    (InfoReachability) while checking the implication
  #Ceil ( buildVS ( INPUT , 0 , vsLen ( INPUT ) , 3 ) )
#And
  #Not ( {
    sortThirdAcc ( INPUT , sortVS ( buildVS ( INPUT , 0 , vsLen ( INPUT ) , 3 ) ) , 0 , .ValSeq )
  #Equals
    vCons ( 999 , sortThirdAcc ( INPUT , sortVS ( buildVS ( INPUT , 0 , vsLen ( INPUT ) , 3 ) ) , 0 , .ValSeq ) )
  } )
#And
  <generatedTop>
    <k>
      ref ( 2 ) ~> .K
    </k>
    <env>
      0
    </env>
    <scopes>
      -1 |-> scope ( "abs" |-> builtinV ( "abs" )
      "all" |-> builtinV ( "all" )
      "any" |-> builtinV ( "any" )
      "bin" |-> builtinV ( "bin" )
      "chr" |-> builtinV ( "chr" )
      "enumerate" |-> builtinV ( "enumerate" )
      "eval" |-> builtinV ( "eval" )
      "float" |-> typeV ( "float" )
      "int" |-> typeV ( "int" )
      "isinstance" |-> builtinV ( "isinstance" )
      "len" |-> builtinV ( "len" )
      "list" |-> builtinV ( "list" )
      "map" |-> builtinV ( "map" )
      "max" |-> builtinV ( "max" )
      "min" |-> builtinV ( "min" )
      "ord" |-> builtinV ( "ord" )
      "range" |-> builtinV ( "range" )
      "round" |-> builtinV ( "round" )
      "set" |-> builtinV ( "set" )
      "sorted" |-> builtinV ( "sorted" )
      "str" |-> typeV ( "str" )
      "sum" |-> builtinV ( "sum" )
      "zip" |-> builtinV ( "zip" ) , root )
      0 |-> scope ( "sort_third" |-> closureVal ( "l" , .ParamNames , Expr ( Str ( "Sort the elements whose indices are divisible by three." ) )  Assign ( Name ( "thirds" ) , Call ( Name ( "sorted" ) , Subscript ( Name ( "l" ) , Slice ( NoBound , NoBound , Int ( 3 ) ) ) , .Exprs ) )  Assign ( Name ( "result" ) , ListExpr ( .Exprs ) )  Assign ( Name ( "i" ) , Int ( 0 ) )  Assign ( Name ( "value" ) , NoneVal )  For ( Name ( "value" ) , Name ( "l" ) , If ( Compare ( BinOp ( "%" , Name ( "i" ) , Int ( 3 ) ) , CmpOp ( "==" , Int ( 0 ) ) ) , Expr ( Call ( Attribute ( Name ( "result" ) , "append" ) , Subscript ( Name ( "thirds" ) , BinOp ( "//" , Name ( "i" ) , Int ( 3 ) ) ) , .Exprs ) )  .Stmts , Expr ( Call ( Attribute ( Name ( "result" ) , "append" ) , Name ( "value" ) , .Exprs ) )  .Stmts )  AugAssign ( Name ( "i" ) , "+" , Int ( 1 ) )  .Stmts )  Return ( Name ( "result" ) )  .Stmts , 0 ) , parent ( -1 ) )
    </scopes>
    <scopeLoc>
      1
    </scopeLoc>
    <heap>
      0 |-> list ( buildVS ( INPUT , 0 , vsLen ( INPUT ) , 3 ) )
      1 |-> list ( sortVS ( buildVS ( INPUT , 0 , vsLen ( INPUT ) , 3 ) ) )
      2 |-> list ( sortThirdAcc ( INPUT , sortVS ( buildVS ( INPUT , 0 , vsLen ( INPUT ) , 3 ) ) , 0 , .ValSeq ) )
    </heap>
    <heapLoc>
      3
    </heapLoc>
    <stack>
      .List
    </stack>
    <ret>
      noRet
    </ret>
    <exc>
      NoExc
    </exc>
    <exit-code>
      0
    </exit-code>
  </generatedTop>
[Warning] Compiler: Variable 'As' defined but not used. Prefix variable name
with underscore if this is intentional.
	Source(/tmp/audit-work/33-sort-third/reference-semantics/semantics/str.k)
	Location(52,27,52,29)
	52 |	  rule strLt(iCons(A:Int, As:IntSeq), iCons(B:Int, Bs:IntSeq)) => true   
      requires A  <Int B
	   .	                          ^~
[Warning] Compiler: Variable 'Bs' defined but not used. Prefix variable name
with underscore if this is intentional.
	Source(/tmp/audit-work/33-sort-third/reference-semantics/semantics/str.k)
	Location(52,52,52,54)
	52 |	  rule strLt(iCons(A:Int, As:IntSeq), iCons(B:Int, Bs:IntSeq)) => true   
      requires A  <Int B
	   .	                                                   ^~
[Warning] Compiler: Variable 'As' defined but not used. Prefix variable name
with underscore if this is intentional.
	Source(/tmp/audit-work/33-sort-third/reference-semantics/semantics/str.k)
	Location(53,27,53,29)
	53 |	  rule strLt(iCons(A:Int, As:IntSeq), iCons(B:Int, Bs:IntSeq)) => false  
      requires A  >Int B
	   .	                          ^~
[Warning] Compiler: Variable 'Bs' defined but not used. Prefix variable name
with underscore if this is intentional.
	Source(/tmp/audit-work/33-sort-third/reference-semantics/semantics/str.k)
	Location(53,52,53,54)
	53 |	  rule strLt(iCons(A:Int, As:IntSeq), iCons(B:Int, Bs:IntSeq)) => false  
      requires A  >Int B
	   .	                                                   ^~
[Warning] Compiler: Variable 'LISTARG' defined but not used. Prefix variable
name with underscore if this is intentional.
	Source(/tmp/audit-work/33-sort-third/spec-vacuity.k)
	Location(19,22,19,29)
	19 |	        "l"      |-> LISTARG:Val
	   .	                     ^~~~~~~
[Warning] Compiler: Variable 'RESTSCOPES' defined but not used. Prefix variable
name with underscore if this is intentional.
	Source(/tmp/audit-work/33-sort-third/spec-vacuity.k)
	Location(24,7,24,17)
	24 |	      RESTSCOPES:Map
	   .	      ^~~~~~~~~~
[Warning] Compiler: Variable 'RESTHEAP' defined but not used. Prefix variable
name with underscore if this is intentional.
	Source(/tmp/audit-work/33-sort-third/spec-vacuity.k)
	Location(31,7,31,15)
	31 |	      RESTHEAP:Map
	   .	      ^~~~~~~~
[Error] Prover: backend terminated because the configuration cannot be
rewritten further. See output for more details.
[0m[0m
Script done on 2026-07-26 15:05:49-05:00 [COMMAND_EXIT_CODE="1"]
