$ python3 /audit-output/evidence/provenance_checks.py
{
  "actual": {
    "discovery_manifest_sha256": "d9d3f1eae128d397f49e33d535ccd426e5809675c04dd5b8047cfabda10b7312",
    "generated_tree_sha256": "84df5ee8f24c175c97ad6b512ce5032869165c33cf62417caabb8dd73412c666",
    "generator_image_id": "sha256:b377a4d6ce1a4210c17d7e862e3737d2c348cc4be96dfaca72ef9274846f4afc",
    "producer_file_sha256": {
      "klean.py": "0e6dba9d9f456574b3bf4f4bf06933d774e9125f4d12c5a90b7314d8dd5c33a4",
      "klean_export.py": "0e653377b007bc1a742bbd8fa0dcfdf956ebb2ef2432a7137d032b0a70d59c1b"
    },
    "producer_tree_sha256": "c34a828669ef86aeb8a6cd7a3e557ef40c5d22ed3975ff3ffbada17b6c31e223",
    "stage1_tree_sha256": "9546827fde4def2f1b245e14673e6ccbc177e14641cc642db05c09278e847a2e"
  },
  "checks": {
    "audit_path_binds_image_id": true,
    "discovery_matches_audit_input": true,
    "discovery_matches_generator_manifest": true,
    "exporter_hash_matches_generator_manifest": true,
    "files_match_source_manifest": true,
    "generated_tree_matches_audit_input": true,
    "generated_tree_matches_generator_manifest": true,
    "image_ids_match_manifests": true,
    "klean_hash_matches_generator_manifest": true,
    "producer_tree_matches_audit_input": false,
    "stage1_tree_matches_audit_input_export": true,
    "stage1_tree_matches_generator_manifest": true
  },
  "expected": {
    "audit_input_discovery_sha256": "d9d3f1eae128d397f49e33d535ccd426e5809675c04dd5b8047cfabda10b7312",
    "audit_input_generated_tree_sha256": "84df5ee8f24c175c97ad6b512ce5032869165c33cf62417caabb8dd73412c666",
    "audit_input_producer_path": "/home/yuqing/Documents/Code/humaneval-benchmark/data/stage4-producer-sources/b377a4d6ce1a4210c17d7e862e3737d2c348cc4be96dfaca72ef9274846f4afc",
    "audit_input_producer_tree_sha256": "94ba4c012f48b7135094fefcc4517f5c9a5c1052fc304449c5505ddb4dca91b4",
    "audit_input_stage1_export_sha256": "9546827fde4def2f1b245e14673e6ccbc177e14641cc642db05c09278e847a2e",
    "generator_manifest_discovery_sha256": "d9d3f1eae128d397f49e33d535ccd426e5809675c04dd5b8047cfabda10b7312",
    "generator_manifest_exporter_sha256": "0e653377b007bc1a742bbd8fa0dcfdf956ebb2ef2432a7137d032b0a70d59c1b",
    "generator_manifest_generated_tree_sha256": "84df5ee8f24c175c97ad6b512ce5032869165c33cf62417caabb8dd73412c666",
    "generator_manifest_klean_py_sha256": "0e6dba9d9f456574b3bf4f4bf06933d774e9125f4d12c5a90b7314d8dd5c33a4",
    "generator_manifest_stage1_tree_sha256": "9546827fde4def2f1b245e14673e6ccbc177e14641cc642db05c09278e847a2e",
    "source_manifest_files": {
      "klean.py": "0e6dba9d9f456574b3bf4f4bf06933d774e9125f4d12c5a90b7314d8dd5c33a4",
      "klean_export.py": "0e653377b007bc1a742bbd8fa0dcfdf956ebb2ef2432a7137d032b0a70d59c1b"
    },
    "source_manifest_generator_image_id": "sha256:b377a4d6ce1a4210c17d7e862e3737d2c348cc4be96dfaca72ef9274846f4afc"
  }
}

[exit_code] 1
