Script started on 2026-07-26 08:18:33-05:00 [<not executed on terminal>]
+ cd /tmp/audit-work/64-vowels-count
+ python3 trusted-py2mpy.py solution.py
+ cmp -s regenerated.solution.mpy solution.mpy
+ printf 'translator_byte_identity=true\n'
translator_byte_identity=true
+ sha256sum solution.py solution.mpy regenerated.solution.mpy trusted-canonical.py trusted-prompt.py trusted-py2mpy.py
2bfc544ef69fab9484d6beb61d92211833d7379a9a7c23b32b9d135a5515ff8a  solution.py
ee74f8f2eee811f4cd32b2cedabc8a6567b9ea1a6332408b60b04a815ab5426c  solution.mpy
ee74f8f2eee811f4cd32b2cedabc8a6567b9ea1a6332408b60b04a815ab5426c  regenerated.solution.mpy
bf16ea088aa2ccb7c885e8d683b7092be658cfc2526db7c93dbdd7f246fc4520  trusted-canonical.py
bc81b28f391ede1728b9b45d174a5a8953119ebc8f98908735202a05f839c5d8  trusted-prompt.py
406485eac118431c08ef59f30f79dfa6aa9d5825408917fc5ce7c806e664db16  trusted-py2mpy.py
+ python3 /audit-output/evidence/differential_test.py
explicit_case_count=29
exhaustive_alphabet='aeiouAEIOUyYbcZ0é🙂'
exhaustive_lengths=1..4
exhaustive_nonempty_count=111150
random_seed=640026
random_lengths=1..40
random_case_count=3000
unique_nonempty_case_count=114036
canonical_mismatch_count=0
contract_mismatch_count=0
empty_observations={"canonical": {"exception": "IndexError", "message": "string index out of range"}, "generated": {"return": 0}, "independent_contract": {"return": 0}}
canonical_mismatches_sample=[]
contract_mismatches_sample=[]
DIFFERENTIAL_TEST_OK

Script done on 2026-07-26 08:18:33-05:00 [COMMAND_EXIT_CODE="0"]
