$ rg def tree_digest and inspect implementation
/opt/humaneval/tools/klean_export.py:494:def tree_digest(root: Path) -> str:
EXIT rg: 0
#!/usr/bin/env python3
"""Deterministically export one frozen K proof workspace to a Lean project."""

from __future__ import annotations

import argparse
import hashlib
import json
import os
import re
import shutil
import stat
import subprocess
import sys
import tempfile
from dataclasses import dataclass
from pathlib import Path
from typing import Any, Callable


REPO = Path(__file__).resolve().parent.parent
KLEAN = REPO / "tools/klean.py"
KOMPILE_TIMEOUT = 480
KLEAN_TIMEOUT = 300
BUILD_TIMEOUT = 600

K_IDENTIFIER = r"[A-Za-z][A-Za-z0-9_'-]*"
SYNTAX_BLOCK_RE = re.compile(
    rf"(?ms)^[ \t]*syntax\s+(?P<ret>{K_IDENTIFIER})\s*::=\s*"
    r"(?P<body>.*?)"
    r"(?=^[ \t]*(?:syntax|rule|module|endmodule|imports)\b|\Z)"
)
FUNC_PRODUCTION_RE = re.compile(
    r"(?:\A|^[ \t]*\|)\s*"
    rf"(?P<name>{K_IDENTIFIER})\s*\((?P<args>[^)]*)\)\s*"
    r"\[(?P<attrs>[^\]]*)\]",
    re.M,
)
K_IDENTIFIER_END = r"(?![A-Za-z0-9_'-])"
MODULE_RE = re.compile(
    rf"(?m)^[ \t]*module\s+({K_IDENTIFIER}){K_IDENTIFIER_END}"
)
MODULE_BLOCK_RE = re.compile(
    rf"(?ms)^[ \t]*module\s+(?P<name>{K_IDENTIFIER}){K_IDENTIFIER_END}"
    r"(?P<body>.*?)\bendmodule\b"
)
IMPORT_RE = re.compile(
    rf"(?m)^[ \t]*imports\s+({K_IDENTIFIER}){K_IDENTIFIER_END}"
)
REQUIRES_RE = re.compile(r'requires\s+"([^"]+)"')
_TERM_HEAD_RE = re.compile(r"fail to show termination for\s*\n\s*(«[^»]+»|\S+)")
_TERM_CALL_RE = re.compile(r"Call from («[^»]+»|\S+) to («[^»]+»|\S+)")
_DEF_RE = re.compile(r"^(\s*)(?:noncomputable\s+)?def\s+(\S+)\b")
_NONCOMPUTABLE_RE = re.compile(r"(?m)^\s*noncomputable\s+def\s+(\S+)")
_LEAN_NAMESPACE_RE = re.compile(r"^\s*namespace\s+(\S+)\s*$")
_LEAN_END_RE = re.compile(r"^\s*end(?:\s+(\S+))?\s*$")
_LEAN_TRUST_DECL_RE = re.compile(
    r"^\s*(axiom|opaque)\s+(\S+)\s+(.+?)\s*$"
)

if str(REPO) not in sys.path:
    sys.path.insert(0, str(REPO))

from tools import k_rule_inventory, lemma_discovery_contract


class KleanExportError(RuntimeError):
    pass


@dataclass(frozen=True)
class Func:
    name: str
    ret: str
    args: list[str]


@dataclass(frozen=True)
class DefinitionResolution:
    verification_file: Path
    verification_module: str
    syntax_module: str
    required_files: tuple[Path, ...]


def _workspace_k_files(workspace: Path) -> tuple[Path, ...]:
    workspace = Path(workspace)
    if not workspace.is_dir() or workspace.is_symlink():
        raise KleanExportError("K definition workspace must be a real directory")
    files = tuple(
        path.resolve()
        for _relative, kind, path in _tree_entries(workspace)
        if kind == "file" and path.suffix == ".k"
    )
    if not files:
        raise KleanExportError("K definition workspace contains no .k files")
    return tuple(sorted(files, key=str))


def _local_required_file(source: Path, required: str, workspace: Path) -> Path | None:
    candidate = Path(required)
    unresolved = (
        candidate
        if candidate.is_absolute()
        else source.parent / candidate
    )
    resolved = unresolved.resolve()
    try:
        resolved.relative_to(workspace)
    except ValueError:
        raise KleanExportError(
            "K definition requires a file outside the frozen workspace: "
            f"{required}"
        )
    if not resolved.exists():
        if resolved.suffix == ".k":
            raise KleanExportError(
                f"K definition requires a missing workspace .k file: {required}"
            )
        return None
    if unresolved.is_symlink() or not resolved.is_file() or resolved.suffix != ".k":
        raise KleanExportError(
            f"K definition require is not a regular workspace .k file: {resolved}"
        )
    return resolved


def resolve_definition_closure(workspace: Path) -> DefinitionResolution:
    original_workspace = Path(workspace)
    try:
        workspace_mode = original_workspace.stat(
            follow_symlinks=False
        ).st_mode
    except OSError as error:
        raise KleanExportError(
            "K definition workspace must be a real directory"
        ) from error
    if not stat.S_ISDIR(workspace_mode):
        raise KleanExportError(
            "K definition workspace must be a real directory"
        )
    workspace = original_workspace.resolve()
    verification_file = workspace / "verification.k"
    if not verification_file.is_file() or verification_file.is_symlink():
        raise KleanExportError(
            "K definition workspace is missing regular verification.k"
        )
    files = _workspace_k_files(workspace)
    modules: dict[str, tuple[Path, tuple[str, ...]]] = {}
    file_modules: dict[Path, tuple[str, ...]] = {}
    file_requires: dict[Path, tuple[Path, ...]] = {}
    for path in files:
        text = path.read_text()
        declared: list[str] = []
        for block in MODULE_BLOCK_RE.finditer(text):
            name = block.group("name")
            if name in modules:
                previous = modules[name][0]
                raise KleanExportError(
                    f"duplicate module definition {name}: {previous} and {path}"
                )
            imports = tuple(IMPORT_RE.findall(block.group("body")))
            modules[name] = (path, imports)
            declared.append(name)
        file_modules[path] = tuple(declared)
        file_requires[path] = tuple(
            required_path
            for required in REQUIRES_RE.findall(text)
            if (
                required_path := _local_required_file(
                    path, required, workspace
                )
            )
            is not None
        )

    verification_modules = [
        name
        for name in file_modules.get(verification_file, ())
        if name.endswith("-VERIFICATION")
EXIT sed: 0
