Script started on 2026-07-28 17:18:55-05:00 [<not executed on terminal>]
     1	import Klean14AllPrefixes.Inj
     2	
     3	/- K trust-boundary goals. The second-pass agent must replace every
     4	   writable opaque stub with an honest definition and prove this
     5	   immutable proposition in the separate Proof.lean workspace. -/
     6	
     7	namespace Klean14AllPrefixes.Lemmas
     8	
     9	end Klean14AllPrefixes.Lemmas
/reference/generation-tools/klean_export.py
770:def target_statement(generated: Path) -> dict[str, Any] | None:
855:def expected_target_definition(obligation_map: dict[str, Any]) -> str | None:
887:def _domain_source_rules(
918:def _bind_obligation_provenance(
1227:            generator_manifest = {
1235:                "obligation_count": len(obligations),
1252:                    "OK" if obligations else "KLEAN_NO_OBLIGATIONS"
1255:                "generated_tree_sha256": generator_manifest[
1263:                "obligation_count": len(obligations),
1268:                generator_manifest,

Script done on 2026-07-28 17:18:55-05:00 [COMMAND_EXIT_CODE="0"]
