Script started on 2026-07-28 17:18:58-05:00 [<not executed on terminal>]
                "type": declaration["type"],
                "source": path.relative_to(package).as_posix(),
                "line": declaration["line"],
                "reason": (
                    "deterministic Klean definition repair"
                    if declaration_name in axiomatized
                    else (
                        "Klean-generated opaque definition"
                        if kind == "opaque"
                        else "Klean-generated trust boundary"
                    )
                ),
            }
        noncomputable.update(_NONCOMPUTABLE_RE.findall(text))
        count = len(re.findall(r"\bsorry\b", text))
        if path.name == "Lemmas.lean":
            designated_sorries += count
        else:
            other_sorries += count
    return {
        "axioms": sorted(axioms),
        "automatic_axiomatization": sorted(axiomatized),
        "noncomputable_definitions": sorted(noncomputable),
        "automatic_noncomputable_repair": noncomputable_repair,
        "designated_sorries": designated_sorries,
        "other_sorries": other_sorries,
        "allowlist": [allowlist[name] for name in sorted(allowlist)],
    }


def target_statement(generated: Path) -> dict[str, Any] | None:
    obligation_map = _regular_json(generated / "obligation-map.json")
    obligations = obligation_map.get("obligations")
    parameters = obligation_map.get("trust_parameters")
    if not isinstance(obligations, list) or not isinstance(parameters, list):
        raise KleanExportError("generated obligation map is malformed")
    candidates: list[tuple[Path, str]] = []
    raw_count = 0
    for relative, kind, path in _tree_entries(generated):
        if kind != "file" or path.suffix != ".lean":
            continue
        text = path.read_text()
        raw_count += len(
            re.findall(r"(?m)^\s*def\s+targetStatement\b", text)
        )
        for match in re.finditer(
            r"(?ms)^\s*def\s+targetStatement\b.*?"
            r"(?=^\s*end\s+\S+\s*$)",
            text,
        ):
            candidates.append((path, match.group(0).strip()))
    if not obligations:
        if raw_count != 0:
            raise KleanExportError(
                "zero obligations must not generate a target proposition"
            )
        return None
    if raw_count != 1 or len(candidates) != 1:
        raise KleanExportError(
            "generated project must contain exactly one target proposition; "
            f"found {raw_count}"
        )
    path, definition = candidates[0]
    names: list[str] = []
    normalized_parameters: list[dict[str, Any]] = []
    for parameter in parameters:
        if not isinstance(parameter, dict):
            raise KleanExportError("target parameter is malformed")
        name = parameter.get("name")
        lean_type = parameter.get("type")
        kore_symbol = parameter.get("kore_symbol")
        source_rule_ids = parameter.get("source_rule_ids")
        binding_sha256 = parameter.get("binding_sha256")
        if not isinstance(name, str) or not name:
            raise KleanExportError("target parameter name is malformed")
        if not isinstance(lean_type, str) or not lean_type:
            raise KleanExportError("target parameter type is malformed")
        if not isinstance(kore_symbol, str) or not kore_symbol:
            raise KleanExportError("target KORE symbol binding is malformed")
        if (
            not isinstance(source_rule_ids, list)
            or not source_rule_ids
            or not all(
                isinstance(source_rule_id, str) and source_rule_id
                for source_rule_id in source_rule_ids
            )
        ):
            raise KleanExportError("target source-rule binding is malformed")
        binding = {
            "kore_symbol": kore_symbol,
            "name": name,
            "type": lean_type,
            "source_rule_ids": source_rule_ids,
        }
        expected_binding_sha256 = sha256_text(
            json.dumps(binding, sort_keys=True, separators=(",", ":"))
        )
        if binding_sha256 != expected_binding_sha256:
            raise KleanExportError("target parameter binding hash changed")
        names.append(name)
        normalized_parameters.append(
            {**binding, "binding_sha256": binding_sha256}
        )
    declaration = f"{path.parent.name}.Lemmas.targetStatement"
    statement = " ".join((declaration, *names))
    return {
        "declaration": declaration,
        "file": path.relative_to(generated).as_posix(),
        "statement": statement,
        "statement_sha256": sha256_text(statement),
        "definition_sha256": sha256_text(definition),
        "parameters": normalized_parameters,
    }


def expected_target_definition(obligation_map: dict[str, Any]) -> str | None:
    obligations = obligation_map.get("obligations")
    parameters = obligation_map.get("trust_parameters")
    if not isinstance(obligations, list) or not isinstance(parameters, list):
        raise KleanExportError("generated obligation map is malformed")
    if not obligations:
        return None
    lines = ["def targetStatement"]
    for parameter in parameters:
        if not isinstance(parameter, dict):
            raise KleanExportError("target parameter is malformed")
        name = parameter.get("name")
        lean_type = parameter.get("type")
        if not isinstance(name, str) or not isinstance(lean_type, str):
            raise KleanExportError("target parameter is malformed")
        lines.append(f"    ({name} : {lean_type})")
    conjuncts: list[str] = []
    for obligation in obligations:
        if not isinstance(obligation, dict):
            raise KleanExportError("generated obligation is malformed")
        conjunct = obligation.get("lean_conjunct")
        if not isinstance(conjunct, str) or not conjunct:
            raise KleanExportError("generated Lean conjunct is malformed")
        conjuncts.append(f"({conjunct})")
    lines.extend(("    : Prop :=", "    " + "\n    ∧ ".join(conjuncts)))
    return "\n".join(lines)


def _write_json(path: Path, document: dict[str, Any]) -> None:
    path.write_text(json.dumps(document, indent=2, sort_keys=True) + "\n")


def _domain_source_rules(
    validated: dict[str, Any],
    discovery_manifest_sha256: str,
) -> list[dict[str, Any]]:
    inventory_sha256 = validated["inventory_sha256"]
    return [
        {
            **rule,
            "inventory_sha256": inventory_sha256,
            "discovery_manifest_sha256": discovery_manifest_sha256,
        }
        for rule in validated["domain_lemmas"]
    ]


def _klean_source_rules(
    domain_rules: list[dict[str, Any]],
    line_offset: int,
) -> list[dict[str, Any]]:
    return [
        {
            "source_rule_id": rule["source_rule_id"],
            "start_line": rule["start_line"] + line_offset,
            "end_line": rule["end_line"] + line_offset,
            "normalized_sha256": rule["normalized_sha256"],
            "classification": "TRUST_OBLIGATION",
        }
        for rule in domain_rules
    ]


def _bind_obligation_provenance(
    package: Path,
    domain_rules: list[dict[str, Any]],
    klean_rules: list[dict[str, Any]],
) -> dict[str, Any]:
    path = package / "obligation-map.json"
    document = _regular_json(path)
    obligations = document.get("obligations")
    parameters = document.get("trust_parameters")
    if not isinstance(obligations, list) or not isinstance(parameters, list):
        raise KleanExportError("generated obligation map is malformed")
    expected_ids = [rule["source_rule_id"] for rule in domain_rules]
    observed_ids = [
        obligation.get("source_rule_id")
        if isinstance(obligation, dict)
        else None
        for obligation in obligations
    ]
    if observed_ids != expected_ids:
        raise KleanExportError(
            "validated DOMAIN_LEMMA records and generated obligations "
            "are not bijective"
        )
    enriched: list[dict[str, Any]] = []
    for obligation, rule, klean_rule in zip(
        obligations, domain_rules, klean_rules, strict=True
    ):
        if obligation.get("source_span") != {
            "start_line": klean_rule["start_line"],
            "end_line": klean_rule["end_line"],
        }:
            raise KleanExportError(
                "generated obligation source span differs from Stage 1"
            )
        enriched.append(
            {
                **obligation,
                "source_span": {
                    "start_line": rule["start_line"],
                    "end_line": rule["end_line"],
                },
                "normalized_sha256": rule["normalized_sha256"],
                "inventory_sha256": rule["inventory_sha256"],
            generated = publish_staging / "generated"
            shutil.copytree(
                package,
                generated,
                ignore=shutil.ignore_patterns(".lake", "build"),
            )
            inventory = _trust_inventory(
                generated,
                axiomatized=axiomatized,
                noncomputable_repair=noncomputable_repair,
            )
            input_manifest = {
                "schema_version": 3,
                "problem": problem,
                "frozen_input_sha256": before_hash,
                "stage1_workspace_sha256": before_hash,
                "stage3_discovery_manifest_sha256": (
                    discovery_manifest_sha256
                ),
                "verification_sha256": hashlib.sha256(
                    verification.read_bytes()
                ).hexdigest(),
                "verification_module": module,
                "syntax_module": resolution.syntax_module,
                "required_k_files": [
                    str(path) for path in resolution.required_files
                ],
                "inventory_sha256": validated["inventory_sha256"],
                "summary_functions": [
                    {
                        "name": function.name,
                        "return_sort": function.ret,
                        "argument_sorts": function.args,
                    }
                    for function in functions
                ],
                "definitions": validated["definitions"],
                "operational_rules": validated["operational_rules"],
                "proved_derived_lemmas": validated[
                    "proved_derived_lemmas"
                ],
                "source_rules": domain_rules,
            }
            obligations = obligation_map.get("obligations")
            if not isinstance(obligations, list):
                raise KleanExportError("generated obligations are malformed")
            target = target_statement(generated)
            generator_manifest = {
                "schema_version": 3,
                "toolchain": lock,
                "klean_py_sha256": hashlib.sha256(KLEAN.read_bytes()).hexdigest(),
                "exporter_sha256": hashlib.sha256(
                    Path(__file__).read_bytes()
                ).hexdigest(),
                "generated_tree_sha256": tree_digest(generated),
                "obligation_count": len(obligations),
                "obligation_map_sha256": hashlib.sha256(
                    (generated / "obligation-map.json").read_bytes()
                ).hexdigest(),
                "target": target,
                "provenance": {
                    "stage1_workspace_sha256": before_hash,
                    "stage3_discovery_manifest_sha256": (
                        discovery_manifest_sha256
                    ),
                    "inventory_sha256": validated["inventory_sha256"],
                    "generator_image_id": generator_image_id,
                },
            }
            result = {
                "schema_version": 3,
                "status": (
                    "OK" if obligations else "KLEAN_NO_OBLIGATIONS"
                ),
                "problem": problem,
                "generated_tree_sha256": generator_manifest[
                    "generated_tree_sha256"
                ],
                "frozen_input_sha256": before_hash,
                "stage3_discovery_manifest_sha256": (
                    discovery_manifest_sha256
                ),
                "trust_inventory_sha256": "",
                "obligation_count": len(obligations),
            }
            _write_json(publish_staging / "input-manifest.json", input_manifest)
            _write_json(
                publish_staging / "generator-manifest.json",
                generator_manifest,
            )
            _write_json(publish_staging / "trust-inventory.json", inventory)
            result["trust_inventory_sha256"] = hashlib.sha256(
                (publish_staging / "trust-inventory.json").read_bytes()
            ).hexdigest()
            _write_json(publish_staging / "export-result.json", result)
        publish_staging.rename(destination)
        return result
    except BaseException:
        if publish_staging.exists():
            shutil.rmtree(publish_staging)
        raise


def main(argv: list[str] | None = None) -> int:
    parser = argparse.ArgumentParser(description=__doc__)
    parser.add_argument("--input", required=True, type=Path)

Script done on 2026-07-28 17:18:58-05:00 [COMMAND_EXIT_CODE="0"]
