Trusted regeneration:
$ python3 /reference/py2mpy.py solution.py > regenerated-solution.mpy
[exit 0]
$ cmp -s regenerated-solution.mpy solution.mpy
[exit 0]
Normalize actual parsed body and solutionBody abbreviation through the module-entry step:
$ krun solution.mpy -cINPUT='""' --definition /tmp/audit-work/build/proof-kompiled --parser /audit-output/evidence/mpy-full-parser.sh --depth 1 > /tmp/audit-work/build/actual-depth0.txt
kore-exec: [129500] Warning (WarnDepthLimitExceeded):
    The depth limit 1 was exceeded.
[exit 0]
$ krun solution-symbolic.mpy -cINPUT='""' --definition /tmp/audit-work/build/proof-kompiled --parser /audit-output/evidence/mpy-full-parser.sh --depth 1 > /tmp/audit-work/build/symbolic-depth0.txt
kore-exec: [128116] Warning (WarnDepthLimitExceeded):
    The depth limit 1 was exceeded.
[exit 0]
$ cmp -s /tmp/audit-work/build/actual-depth0.txt /tmp/audit-work/build/symbolic-depth0.txt
[exit 0]
$ sha256sum /tmp/audit-work/build/actual-depth0.txt /tmp/audit-work/build/symbolic-depth0.txt
0e7bdaf2f69650dc3348c516b923fa1d50cdfea4d86caa544db3cae9f615977e  /tmp/audit-work/build/actual-depth0.txt
0e7bdaf2f69650dc3348c516b923fa1d50cdfea4d86caa544db3cae9f615977e  /tmp/audit-work/build/symbolic-depth0.txt
[exit 0]
Concrete satisfying substitutions:
$ python3 -
'' canonical= '' generated= ''
'hi' canonical= 'lm' generated= 'lm'
'A' canonical= 'A' generated= 'y'
'🙂' canonical= '🙂' generated= 't'
[exit 0]
summary regen=0 mpy_cmp=0 actual=0 symbolic=0 config_cmp=0 substitutions=0
