Script started on 2026-07-26 12:10:25-05:00 [<not executed on terminal>]
CASE documented-one input='This is a test' length=14
COMMAND krun /tmp/audit-work/clean/candidate/solution.mpy --definition /tmp/audit-work/clean/build/semantic-haskell-kompiled '-cSENTENCE="This is a test"'
EXIT 0
RESULT k='is' canonical='is' candidate='is'
MATCH True
CASE documented-two input='lets go for swimming' length=20
COMMAND krun /tmp/audit-work/clean/candidate/solution.mpy --definition /tmp/audit-work/clean/build/semantic-haskell-kompiled '-cSENTENCE="lets go for swimming"'
EXIT 0
RESULT k='go for' canonical='go for' candidate='go for'
MATCH True
CASE empty-boundary input='' length=0
COMMAND krun /tmp/audit-work/clean/candidate/solution.mpy --definition /tmp/audit-work/clean/build/semantic-haskell-kompiled '-cSENTENCE=""'
EXIT 0
RESULT k='' canonical='' candidate=''
MATCH True
CASE length-one input='a' length=1
COMMAND krun /tmp/audit-work/clean/candidate/solution.mpy --definition /tmp/audit-work/clean/build/semantic-haskell-kompiled '-cSENTENCE="a"'
EXIT 0
RESULT k='' canonical='' candidate=''
MATCH True
CASE prime-two input='aa' length=2
COMMAND krun /tmp/audit-work/clean/candidate/solution.mpy --definition /tmp/audit-work/clean/build/semantic-haskell-kompiled '-cSENTENCE="aa"'
EXIT 0
RESULT k='aa' canonical='aa' candidate='aa'
MATCH True
CASE composite-four input='aaaa' length=4
COMMAND krun /tmp/audit-work/clean/candidate/solution.mpy --definition /tmp/audit-work/clean/build/semantic-haskell-kompiled '-cSENTENCE="aaaa"'
EXIT 0
RESULT k='' canonical='' candidate=''
MATCH True
CASE both-result-branches input='aa aaa' length=6
COMMAND krun /tmp/audit-work/clean/candidate/solution.mpy --definition /tmp/audit-work/clean/build/semantic-haskell-kompiled '-cSENTENCE="aa aaa"'
EXIT 0
RESULT k='aa aaa' canonical='aa aaa' candidate='aa aaa'
MATCH True
CASE no-selected-word input='a aaaa' length=6
COMMAND krun /tmp/audit-work/clean/candidate/solution.mpy --definition /tmp/audit-work/clean/build/semantic-haskell-kompiled '-cSENTENCE="a aaaa"'
EXIT 0
RESULT k='' canonical='' candidate=''
MATCH True
CASE length-100-prime-pair input='aa aaaaaaaaaaaaaaaaaaaaaaaaaaaaaaaaaaaaaaaaaaaaaaaaaaaaaaaaaaaaaaaaaaaaaaaaaaaaaaaaaaaaaaaaaaaaaaaaa' length=100
COMMAND krun /tmp/audit-work/clean/candidate/solution.mpy --definition /tmp/audit-work/clean/build/semantic-haskell-kompiled '-cSENTENCE="aa aaaaaaaaaaaaaaaaaaaaaaaaaaaaaaaaaaaaaaaaaaaaaaaaaaaaaaaaaaaaaaaaaaaaaaaaaaaaaaaaaaaaaaaaaaaaaaaaa"'
EXIT 0
RESULT k='aa aaaaaaaaaaaaaaaaaaaaaaaaaaaaaaaaaaaaaaaaaaaaaaaaaaaaaaaaaaaaaaaaaaaaaaaaaaaaaaaaaaaaaaaaaaaaaaaaa' canonical='aa aaaaaaaaaaaaaaaaaaaaaaaaaaaaaaaaaaaaaaaaaaaaaaaaaaaaaaaaaaaaaaaaaaaaaaaaaaaaaaaaaaaaaaaaaaaaaaaaa' candidate='aa aaaaaaaaaaaaaaaaaaaaaaaaaaaaaaaaaaaaaaaaaaaaaaaaaaaaaaaaaaaaaaaaaaaaaaaaaaaaaaaaaaaaaaaaaaaaaaaaa'
MATCH True
CASE length-100-composite input='aaaaaaaaaaaaaaaaaaaaaaaaaaaaaaaaaaaaaaaaaaaaaaaaaaaaaaaaaaaaaaaaaaaaaaaaaaaaaaaaaaaaaaaaaaaaaaaaaaaa' length=100
COMMAND krun /tmp/audit-work/clean/candidate/solution.mpy --definition /tmp/audit-work/clean/build/semantic-haskell-kompiled '-cSENTENCE="aaaaaaaaaaaaaaaaaaaaaaaaaaaaaaaaaaaaaaaaaaaaaaaaaaaaaaaaaaaaaaaaaaaaaaaaaaaaaaaaaaaaaaaaaaaaaaaaaaaa"'
EXIT 0
RESULT k='' canonical='' candidate=''
MATCH True
CASE repeated-space-observation input='aa  aaa' length=7
COMMAND krun /tmp/audit-work/clean/candidate/solution.mpy --definition /tmp/audit-work/clean/build/semantic-haskell-kompiled '-cSENTENCE="aa  aaa"'
EXIT 0
RESULT k='aa aaa' canonical='aa aaa' candidate='aa aaa'
MATCH True
CASE unicode-letters input='éé λλλ' length=6
COMMAND krun /tmp/audit-work/clean/candidate/solution.mpy --definition /tmp/audit-work/clean/build/semantic-haskell-kompiled '-cSENTENCE="éé λλλ"'
EXIT 0
could not parse result cell from:
<mpy>
  <k>
    .K
  </k>
  <functions>
    "words_in_sentence" |-> function ( "sentence" , Assign ( Name ( "result" ) , Str ( "" ) )  Assign ( Name ( "word" ) , Str ( "" ) )  For ( Name ( "word" ) , Call ( Attribute ( Name ( "sentence" ) , "split" ) , Str ( " " ) , .Exprs ) , If ( Compare ( Call ( Name ( "len" ) , Name ( "word" ) , .Exprs ) , CmpOp ( "in" , ListExpr ( Int ( 2 ) , Int ( 3 ) , Int ( 5 ) , Int ( 7 ) , Int ( 11 ) , Int ( 13 ) , Int ( 17 ) , Int ( 19 ) , Int ( 23 ) , Int ( 29 ) , Int ( 31 ) , Int ( 37 ) , Int ( 41 ) , Int ( 43 ) , Int ( 47 ) , Int ( 53 ) , Int ( 59 ) , Int ( 61 ) , Int ( 67 ) , Int ( 71 ) , Int ( 73 ) , Int ( 79 ) , Int ( 83 ) , Int ( 89 ) , Int ( 97 ) , .Exprs ) ) , .CmpOps ) , If ( Compare ( Name ( "result" ) , CmpOp ( "==" , Str ( "" ) ) , .CmpOps ) , Assign ( Name ( "result" ) , Name ( "word" ) )  .Stmts , Assign ( Name ( "result" ) , BinOp ( "+" , BinOp ( "+" , Name ( "result" ) , Str ( " " ) ) , Name ( "word" ) ) )  .Stmts )  .Stmts , .Stmts )  .Stmts )  Return ( Name ( "result" ) )  .Stmts )
  </functions>
  <env>
    "result" |-> Str ( "\xe9\xe9" )
    "sentence" |-> Str ( "\xe9\xe9 \xce\xbb\xce\xbb\xce\xbb" )
    "word" |-> Str ( "\xce\xbb\xce\xbb\xce\xbb" )
  </env>
  <result>
    Str ( "\xe9\xe9" )
  </result>
</mpy>

RESULT k=None canonical='éé λλλ' candidate='éé λλλ'
MATCH False
case_count=12 failure_count=1 failures=['unicode-letters']

Script done on 2026-07-26 12:10:46-05:00 [COMMAND_EXIT_CODE="1"]
