Script started on 2026-07-31 06:52:35-05:00 [<not executed on terminal>]
7cb3ed0da718d6b07560a910b8a2b3d9295cfb330b02bf52f0a8e1129f188752  /reference/generation-tools/klean_export.py
50ca6b06c1387c7fd0a31354f65a31546227cf63ed35acd5386bef8fa118e346  /reference/generation-tools/klean.py
{
    "files": {
        "klean.py": "50ca6b06c1387c7fd0a31354f65a31546227cf63ed35acd5386bef8fa118e346",
        "klean_export.py": "7cb3ed0da718d6b07560a910b8a2b3d9295cfb330b02bf52f0a8e1129f188752"
    },
    "generator_image_id": "sha256:1b835aff66132f7ce282a7c2489b068f07401e58dc0af481344242c0e33d7ef6",
    "schema_version": 1
}
{
  "exporter_sha256": "7cb3ed0da718d6b07560a910b8a2b3d9295cfb330b02bf52f0a8e1129f188752",
  "generated_tree_sha256": "d07328eaa869c701a22c42ff7e8ae010ea0e3563e97ad614857c607e1c9b90e8",
  "klean_py_sha256": "50ca6b06c1387c7fd0a31354f65a31546227cf63ed35acd5386bef8fa118e346",
  "modeled_collection_hooks": [
    ".List",
    ".Map",
    "ListItem",
    "_List_",
    "_Map_",
    "_|->_"
  ],
  "modeled_operational_hooks": [],
  "modeled_recursive_functions": [],
  "obligation_count": 5,
  "obligation_map_sha256": "ccabc697c6aadd3b96999b806b7c135054eec70f7e439cdfb6e875edc440b230",
  "provenance": {
    "generator_image_id": "sha256:1b835aff66132f7ce282a7c2489b068f07401e58dc0af481344242c0e33d7ef6",
    "inventory_sha256": "86637211d8eb42b498d51f829d1bcd21ab5987f93b26ba91a4a35193e5b3824b",
    "stage1_workspace_sha256": "0b9500be5f09a202d093efad9f8c820dad7639990a3e7d69afd52dff5c55e346",
    "stage3_discovery_manifest_sha256": "77be13d6ea2a48897fe1570e3a22e3540f58569c942222ef4c0ef019e242355e"
  },
  "schema_version": 3,
  "target": {
    "declaration": "Klean108CountNums.Lemmas.targetStatement",
    "definition_sha256": "70f1d88809dcc5ae4f0d283099e5dae878c4385dad1fa0e44959bce6562ed6b4",
    "file": "Klean108CountNums/Lemmas.lean",
    "parameters": [
      {
        "binding_sha256": "652ba71df1227b84be099006c122975525ce318277135bcefc8614080bbcd68e",
        "kore_symbol": "Lbl'Unds'-Int'Unds'",
        "name": "\u00ab_-Int_\u00bb",
16:    "generation_producer_sources": "/home/yuqing/Documents/Code/humaneval-benchmark/data/stage4-producer-sources/1b835aff66132f7ce282a7c2489b068f07401e58dc0af481344242c0e33d7ef6",
20:      "generation_producer_sources_sha256": "bf8ab7d57561461dce9bffa6786f6cf2f7158cc274f2c4c8b26f79a20154b35e",

Script done on 2026-07-31 06:52:35-05:00 [COMMAND_EXIT_CODE="0"]
