<py>
  <k>
    .K
  </k>
  <env>
    "answer" |-> vList ( ListItem ( vInt ( 1 ) )
    ListItem ( vInt ( 2 ) )
    ListItem ( vInt ( 1 ) )
    ListItem ( vInt ( 2 ) )
    ListItem ( vInt ( 1 ) )
    ListItem ( vInt ( 2 ) )
    ListItem ( vInt ( 1 ) )
    ListItem ( vInt ( 2 ) )
    ListItem ( vInt ( 1 ) )
    ListItem ( vInt ( 2 ) ) )
    "best" |-> vInt ( 2 )
    "grid" |-> vList ( ListItem ( vList ( ListItem ( vInt ( 16 ) )
    ListItem ( vInt ( 15 ) )
    ListItem ( vInt ( 14 ) )
    ListItem ( vInt ( 13 ) ) ) )
    ListItem ( vList ( ListItem ( vInt ( 12 ) )
    ListItem ( vInt ( 1 ) )
    ListItem ( vInt ( 9 ) )
    ListItem ( vInt ( 10 ) ) ) )
    ListItem ( vList ( ListItem ( vInt ( 11 ) )
    ListItem ( vInt ( 2 ) )
    ListItem ( vInt ( 8 ) )
    ListItem ( vInt ( 7 ) ) ) )
    ListItem ( vList ( ListItem ( vInt ( 6 ) )
    ListItem ( vInt ( 5 ) )
    ListItem ( vInt ( 4 ) )
    ListItem ( vInt ( 3 ) ) ) ) )
    "i" |-> vInt ( 10 )
    "j" |-> vInt ( 4 )
    "k" |-> vInt ( 10 )
    "n" |-> vInt ( 4 )
    "x" |-> vInt ( 1 )
    "y" |-> vInt ( 1 )
  </env>
  <functions>
    "minPath" |-> fn ( Params ( "grid" , "k" , .Strings ) , Assign ( Name ( "n" ) , Call ( Name ( "len" ) , Name ( "grid" ) , .Exprs ) )  Assign ( Name ( "x" ) , Int ( 0 ) )  Assign ( Name ( "y" ) , Int ( 0 ) )  Assign ( Name ( "i" ) , Int ( 0 ) )  While ( Compare ( Name ( "i" ) , CmpOp ( "<" , Name ( "n" ) ) ) , Assign ( Name ( "j" ) , Int ( 0 ) )  While ( Compare ( Name ( "j" ) , CmpOp ( "<" , Name ( "n" ) ) ) , If ( Compare ( Subscript ( Subscript ( Name ( "grid" ) , Name ( "i" ) ) , Name ( "j" ) ) , CmpOp ( "==" , Int ( 1 ) ) ) , Assign ( Name ( "x" ) , Name ( "i" ) )  Assign ( Name ( "y" ) , Name ( "j" ) )  .Stmts , .Stmts )  Assign ( Name ( "j" ) , BinOp ( "+" , Name ( "j" ) , Int ( 1 ) ) )  .Stmts )  Assign ( Name ( "i" ) , BinOp ( "+" , Name ( "i" ) , Int ( 1 ) ) )  .Stmts )  Assign ( Name ( "best" ) , BinOp ( "+" , BinOp ( "*" , Name ( "n" ) , Name ( "n" ) ) , Int ( 1 ) ) )  If ( Compare ( Name ( "x" ) , CmpOp ( ">" , Int ( 0 ) ) ) , If ( Compare ( Subscript ( Subscript ( Name ( "grid" ) , BinOp ( "-" , Name ( "x" ) , Int ( 1 ) ) ) , Name ( "y" ) ) , CmpOp ( "<" , Name ( "best" ) ) ) , Assign ( Name ( "best" ) , Subscript ( Subscript ( Name ( "grid" ) , BinOp ( "-" , Name ( "x" ) , Int ( 1 ) ) ) , Name ( "y" ) ) )  .Stmts , .Stmts )  .Stmts , .Stmts )  If ( Compare ( BinOp ( "+" , Name ( "x" ) , Int ( 1 ) ) , CmpOp ( "<" , Name ( "n" ) ) ) , If ( Compare ( Subscript ( Subscript ( Name ( "grid" ) , BinOp ( "+" , Name ( "x" ) , Int ( 1 ) ) ) , Name ( "y" ) ) , CmpOp ( "<" , Name ( "best" ) ) ) , Assign ( Name ( "best" ) , Subscript ( Subscript ( Name ( "grid" ) , BinOp ( "+" , Name ( "x" ) , Int ( 1 ) ) ) , Name ( "y" ) ) )  .Stmts , .Stmts )  .Stmts , .Stmts )  If ( Compare ( Name ( "y" ) , CmpOp ( ">" , Int ( 0 ) ) ) , If ( Compare ( Subscript ( Subscript ( Name ( "grid" ) , Name ( "x" ) ) , BinOp ( "-" , Name ( "y" ) , Int ( 1 ) ) ) , CmpOp ( "<" , Name ( "best" ) ) ) , Assign ( Name ( "best" ) , Subscript ( Subscript ( Name ( "grid" ) , Name ( "x" ) ) , BinOp ( "-" , Name ( "y" ) , Int ( 1 ) ) ) )  .Stmts , .Stmts )  .Stmts , .Stmts )  If ( Compare ( BinOp ( "+" , Name ( "y" ) , Int ( 1 ) ) , CmpOp ( "<" , Name ( "n" ) ) ) , If ( Compare ( Subscript ( Subscript ( Name ( "grid" ) , Name ( "x" ) ) , BinOp ( "+" , Name ( "y" ) , Int ( 1 ) ) ) , CmpOp ( "<" , Name ( "best" ) ) ) , Assign ( Name ( "best" ) , Subscript ( Subscript ( Name ( "grid" ) , Name ( "x" ) ) , BinOp ( "+" , Name ( "y" ) , Int ( 1 ) ) ) )  .Stmts , .Stmts )  .Stmts , .Stmts )  Assign ( Name ( "answer" ) , ListExpr ( .Exprs ) )  Assign ( Name ( "i" ) , Int ( 0 ) )  While ( Compare ( Name ( "i" ) , CmpOp ( "<" , Name ( "k" ) ) ) , If ( Compare ( BinOp ( "%" , Name ( "i" ) , Int ( 2 ) ) , CmpOp ( "==" , Int ( 0 ) ) ) , Expr ( Call ( Attribute ( Name ( "answer" ) , "append" ) , Int ( 1 ) , .Exprs ) )  .Stmts , Expr ( Call ( Attribute ( Name ( "answer" ) , "append" ) , Name ( "best" ) , .Exprs ) )  .Stmts )  Assign ( Name ( "i" ) , BinOp ( "+" , Name ( "i" ) , Int ( 1 ) ) )  .Stmts )  Return ( Name ( "answer" ) )  .Stmts )
  </functions>
  <result>
    some ( vList ( ListItem ( vInt ( 1 ) )
    ListItem ( vInt ( 2 ) )
    ListItem ( vInt ( 1 ) )
    ListItem ( vInt ( 2 ) )
    ListItem ( vInt ( 1 ) )
    ListItem ( vInt ( 2 ) )
    ListItem ( vInt ( 1 ) )
    ListItem ( vInt ( 2 ) )
    ListItem ( vInt ( 1 ) )
    ListItem ( vInt ( 2 ) ) ) )
  </result>
</py>
