Script started on 2026-07-31 08:04:30-05:00 [<not executed on terminal>]
launcher mode versus AUDIT_MODE: MATCH
  observed=CLASSIFICATION_ONLY
  expected=CLASSIFICATION_ONLY
launcher semantics mode: MATCH
  observed=SUPPLIED_SEMANTICS
  expected=SUPPLIED_SEMANTICS
launcher problem: MATCH
  observed=125-split-words
  expected=125-split-words
launcher condition: MATCH
  observed=kit-semantics
  expected=kit-semantics
pipeline k_workspace tree: MATCH
  observed=8c168d68fc601510217060b815743335d181781116c9cf32630f14cb7ac63ee4
  expected=8c168d68fc601510217060b815743335d181781116c9cf32630f14cb7ac63ee4
pipeline k_audit tree: MATCH
  observed=265d6ac8e2fb30f3861577cd8c55edfe18dc15862474513452dd201b8e3e37f9
  expected=265d6ac8e2fb30f3861577cd8c55edfe18dc15862474513452dd201b8e3e37f9
pipeline klean_generation tree: MATCH
  observed=ef6a8b653af7f0a6722d5b880c4fc358110c6a56052592bf0e8e0a313ffb72fd
  expected=ef6a8b653af7f0a6722d5b880c4fc358110c6a56052592bf0e8e0a313ffb72fd
pipeline generation producer tree: MATCH
  observed=388cac39f4f89b5a912d2628ef5c7963e791f5ed775cf1e9606fe64dcfd5f11e
  expected=388cac39f4f89b5a912d2628ef5c7963e791f5ed775cf1e9606fe64dcfd5f11e
KLean frozen Stage 1 export tree: MATCH
  observed=ca217ad7bc611c928a843efee1ebd382ad7ff1e15374488fb5ed203a17bbbd4d
  expected=ca217ad7bc611c928a843efee1ebd382ad7ff1e15374488fb5ed203a17bbbd4d
KLean generated project tree: MATCH
  observed=9eb9a540c8122e674bfc3b3f1a58deb226c82c99ab93cda2679cc297db928364
  expected=9eb9a540c8122e674bfc3b3f1a58deb226c82c99ab93cda2679cc297db928364
Stage 3 discovery file: MATCH
  observed=2b1934a757f0f4a8b0a921d3d91cf5887e4fe9d64313b60cac7405933a474c8b
  expected=2b1934a757f0f4a8b0a921d3d91cf5887e4fe9d64313b60cac7405933a474c8b
selected K audit artifact hash: MATCH
  observed=265d6ac8e2fb30f3861577cd8c55edfe18dc15862474513452dd201b8e3e37f9
  expected=265d6ac8e2fb30f3861577cd8c55edfe18dc15862474513452dd201b8e3e37f9
selected KLean generation artifact hash: MATCH
  observed=ef6a8b653af7f0a6722d5b880c4fc358110c6a56052592bf0e8e0a313ffb72fd
  expected=ef6a8b653af7f0a6722d5b880c4fc358110c6a56052592bf0e8e0a313ffb72fd
Stage 1 per-file source hashes: MATCH
  expected_file_count=821
  observed_file_count=821
  missing=[]
  extra=[]
  mismatched=[]
producer source file map versus source manifest: MATCH
  observed={'klean_export.py': 'bbd11ce0fe6ac12ea89d4bdc70c260044bc9f87c987ff310684b637ea6464a07', 'klean.py': '42a38e6d65b74af3536acc49947b7cfbac809406bdfe5549841e3132af5a5c4d'}
  expected={'klean.py': '42a38e6d65b74af3536acc49947b7cfbac809406bdfe5549841e3132af5a5c4d', 'klean_export.py': 'bbd11ce0fe6ac12ea89d4bdc70c260044bc9f87c987ff310684b637ea6464a07'}
klean_export.py versus generator manifest: MATCH
  observed=bbd11ce0fe6ac12ea89d4bdc70c260044bc9f87c987ff310684b637ea6464a07
  expected=bbd11ce0fe6ac12ea89d4bdc70c260044bc9f87c987ff310684b637ea6464a07
klean.py versus generator manifest: MATCH
  observed=42a38e6d65b74af3536acc49947b7cfbac809406bdfe5549841e3132af5a5c4d
  expected=42a38e6d65b74af3536acc49947b7cfbac809406bdfe5549841e3132af5a5c4d
generator image: source manifest versus generator manifest: MATCH
  observed=sha256:f884238cea5ab1ed0da0a75d0c9a29ac4abe988616c3f493ba60e74ca3290cf7
  expected=sha256:f884238cea5ab1ed0da0a75d0c9a29ac4abe988616c3f493ba60e74ca3290cf7
generator image: launcher producer path versus manifest: MATCH
  observed=sha256:f884238cea5ab1ed0da0a75d0c9a29ac4abe988616c3f493ba60e74ca3290cf7
  expected=sha256:f884238cea5ab1ed0da0a75d0c9a29ac4abe988616c3f493ba60e74ca3290cf7
input frozen_input: MATCH
  observed=ca217ad7bc611c928a843efee1ebd382ad7ff1e15374488fb5ed203a17bbbd4d
  expected=ca217ad7bc611c928a843efee1ebd382ad7ff1e15374488fb5ed203a17bbbd4d
input stage1_workspace: MATCH
  observed=ca217ad7bc611c928a843efee1ebd382ad7ff1e15374488fb5ed203a17bbbd4d
  expected=ca217ad7bc611c928a843efee1ebd382ad7ff1e15374488fb5ed203a17bbbd4d
input discovery: MATCH
  observed=2b1934a757f0f4a8b0a921d3d91cf5887e4fe9d64313b60cac7405933a474c8b
  expected=2b1934a757f0f4a8b0a921d3d91cf5887e4fe9d64313b60cac7405933a474c8b
generator generated_tree: MATCH
  observed=9eb9a540c8122e674bfc3b3f1a58deb226c82c99ab93cda2679cc297db928364
  expected=9eb9a540c8122e674bfc3b3f1a58deb226c82c99ab93cda2679cc297db928364
generator provenance stage1: MATCH
  observed=ca217ad7bc611c928a843efee1ebd382ad7ff1e15374488fb5ed203a17bbbd4d
  expected=ca217ad7bc611c928a843efee1ebd382ad7ff1e15374488fb5ed203a17bbbd4d
generator provenance discovery: MATCH
  observed=2b1934a757f0f4a8b0a921d3d91cf5887e4fe9d64313b60cac7405933a474c8b
  expected=2b1934a757f0f4a8b0a921d3d91cf5887e4fe9d64313b60cac7405933a474c8b
export frozen_input: MATCH
  observed=ca217ad7bc611c928a843efee1ebd382ad7ff1e15374488fb5ed203a17bbbd4d
  expected=ca217ad7bc611c928a843efee1ebd382ad7ff1e15374488fb5ed203a17bbbd4d
export generated_tree: MATCH
  observed=9eb9a540c8122e674bfc3b3f1a58deb226c82c99ab93cda2679cc297db928364
  expected=9eb9a540c8122e674bfc3b3f1a58deb226c82c99ab93cda2679cc297db928364
export discovery: MATCH
  observed=2b1934a757f0f4a8b0a921d3d91cf5887e4fe9d64313b60cac7405933a474c8b
  expected=2b1934a757f0f4a8b0a921d3d91cf5887e4fe9d64313b60cac7405933a474c8b
preflight frozen_input: MATCH
  observed=ca217ad7bc611c928a843efee1ebd382ad7ff1e15374488fb5ed203a17bbbd4d
  expected=ca217ad7bc611c928a843efee1ebd382ad7ff1e15374488fb5ed203a17bbbd4d
preflight stage1_workspace: MATCH
  observed=ca217ad7bc611c928a843efee1ebd382ad7ff1e15374488fb5ed203a17bbbd4d
  expected=ca217ad7bc611c928a843efee1ebd382ad7ff1e15374488fb5ed203a17bbbd4d
preflight generated_tree: MATCH
  observed=9eb9a540c8122e674bfc3b3f1a58deb226c82c99ab93cda2679cc297db928364
  expected=9eb9a540c8122e674bfc3b3f1a58deb226c82c99ab93cda2679cc297db928364
preflight discovery: MATCH
  observed=2b1934a757f0f4a8b0a921d3d91cf5887e4fe9d64313b60cac7405933a474c8b
  expected=2b1934a757f0f4a8b0a921d3d91cf5887e4fe9d64313b60cac7405933a474c8b
generator obligation map: MATCH
  observed=cf331f312938e04436a60d1dc49b5a1f6f60b03f3283415439a7c175e9812048
  expected=cf331f312938e04436a60d1dc49b5a1f6f60b03f3283415439a7c175e9812048
export trust inventory: MATCH
  observed=1f1805fbb42ae82bacfd0e92af048c111a573bad41b1ab9676ea2dac00256e97
  expected=1f1805fbb42ae82bacfd0e92af048c111a573bad41b1ab9676ea2dac00256e97
OVERALL=PASS

Script done on 2026-07-31 08:04:30-05:00 [COMMAND_EXIT_CODE="0"]
