COMMAND: kompile --version
K version:    v7.1.293
Build date:   Fri Oct 03 13:32:35 CDT 2025
EXIT STATUS: 0
COMMAND: kprove --version
K version:    v7.1.293
Build date:   Fri Oct 03 13:32:35 CDT 2025
EXIT STATUS: 0
COMMAND: python3 trusted/py2mpy.py audit-concrete-tests.py > audit-concrete-tests.mpy
EXIT STATUS: 0
COMMAND: kompile --backend llvm reference-semantics/semantics.k --main-module MPY-KRUN --syntax-module MPY-SYNTAX --output-definition audit-runtime-kompiled
[Warning] Compiler: Non exhaustive match detected:
`mapStrVS(_)_MPY-BUILTINS_ValSeq_ValSeq`(`vCons(_,_)_MPY-CORE_ValSeq_Val_ValSeq`(`cellsMark(_)_MPY-CORE_Val_ParamNames`(_),_))
	Source(/tmp/audit-work/36-fizz-buzz/reference-semantics/semantics/builtins.k)
	Location(134,21,134,55)
	134 |	  syntax ValSeq ::= mapStrVS(ValSeq) [function, total]
	    .	                    ^~~~~~~~~~~~~~~~~~~~~~~~~~~~~~~~~~
[Warning] Compiler: Non exhaustive match detected:
floorFI(`cellsMark(_)_MPY-CORE_Val_ParamNames`(_))
	Source(/tmp/audit-work/36-fizz-buzz/reference-semantics/semantics/float.k)
	Location(73,18,73,65)
	73 |	  syntax Int ::= floorFI(Val) [function, total, symbol(floorFI)]
	   .	                 ^~~~~~~~~~~~~~~~~~~~~~~~~~~~~~~~~~~~~~~~~~~~~~~
[Warning] Compiler: Non exhaustive match detected:
toF(`cellsMark(_)_MPY-CORE_Val_ParamNames`(_))
	Source(/tmp/audit-work/36-fizz-buzz/reference-semantics/semantics/float.k)
	Location(86,20,86,59)
	86 |	  syntax Float ::= toF(Val) [function, total, symbol(toF)]
	   .	                   ^~~~~~~~~~~~~~~~~~~~~~~~~~~~~~~~~~~~~~~
[Warning] Compiler: Non exhaustive match detected:
ceilF(`cellsMark(_)_MPY-CORE_Val_ParamNames`(_))
	Source(/tmp/audit-work/36-fizz-buzz/reference-semantics/semantics/float.k)
	Location(93,18,93,61)
	93 |	  syntax Int ::= ceilF(Val) [function, total, symbol(ceilF)]
	   .	                 ^~~~~~~~~~~~~~~~~~~~~~~~~~~~~~~~~~~~~~~~~~~
[Warning] Compiler: Non exhaustive match detected:
`joinCodes(_,_)_MPY-METHODS_IntSeq_IntSeq_ValSeq`(_,`vCons(_,_)_MPY-CORE_ValSeq_Val_ValSeq`(`cellsMark(_)_MPY-CORE_Val_ParamNames`(_),_))
	Source(/tmp/audit-work/36-fizz-buzz/reference-semantics/semantics/methods.k)
	Location(27,21,27,64)
	27 |	  syntax IntSeq ::= joinCodes(IntSeq, ValSeq) [function, total]
	   .	                    ^~~~~~~~~~~~~~~~~~~~~~~~~~~~~~~~~~~~~~~~~~~
[Warning] Compiler: Variable 'As' defined but not used. Prefix variable name
with underscore if this is intentional.
	Source(/tmp/audit-work/36-fizz-buzz/reference-semantics/semantics/str.k)
	Location(52,27,52,29)
	52 |	  rule strLt(iCons(A:Int, As:IntSeq), iCons(B:Int, Bs:IntSeq)) => true   
      requires A  <Int B
	   .	                          ^~
[Warning] Compiler: Variable 'Bs' defined but not used. Prefix variable name
with underscore if this is intentional.
	Source(/tmp/audit-work/36-fizz-buzz/reference-semantics/semantics/str.k)
	Location(52,52,52,54)
	52 |	  rule strLt(iCons(A:Int, As:IntSeq), iCons(B:Int, Bs:IntSeq)) => true   
      requires A  <Int B
	   .	                                                   ^~
[Warning] Compiler: Variable 'As' defined but not used. Prefix variable name
with underscore if this is intentional.
	Source(/tmp/audit-work/36-fizz-buzz/reference-semantics/semantics/str.k)
	Location(53,27,53,29)
	53 |	  rule strLt(iCons(A:Int, As:IntSeq), iCons(B:Int, Bs:IntSeq)) => false  
      requires A  >Int B
	   .	                          ^~
[Warning] Compiler: Variable 'Bs' defined but not used. Prefix variable name
with underscore if this is intentional.
	Source(/tmp/audit-work/36-fizz-buzz/reference-semantics/semantics/str.k)
	Location(53,52,53,54)
	53 |	  rule strLt(iCons(A:Int, As:IntSeq), iCons(B:Int, Bs:IntSeq)) => false  
      requires A  >Int B
	   .	                                                   ^~
[Warning] Compiler: Non exhaustive match detected:
`valSeqAt(_,_)_MPY-SUBSCRIPT_Val_ValSeq_Int`(`.ValSeq_MPY-CORE_ValSeq`(.KList),_)
	Source(/tmp/audit-work/36-fizz-buzz/reference-semantics/semantics/subscript.k)
	Location(11,18,11,57)
	11 |	  syntax Val ::= valSeqAt(ValSeq, Int) [function, total]
	   .	                 ^~~~~~~~~~~~~~~~~~~~~~~~~~~~~~~~~~~~~~~
EXIT STATUS: 0
COMMAND: krun audit-concrete-tests.mpy --definition audit-runtime-kompiled
<generatedTop>
  <k>
    .K
  </k>
  <env>
    0
  </env>
  <scopes>
    -1 |-> scope ( "abs" |-> builtinV ( "abs" )
    "all" |-> builtinV ( "all" )
    "any" |-> builtinV ( "any" )
    "bin" |-> builtinV ( "bin" )
    "chr" |-> builtinV ( "chr" )
    "enumerate" |-> builtinV ( "enumerate" )
    "eval" |-> builtinV ( "eval" )
    "float" |-> typeV ( "float" )
    "int" |-> typeV ( "int" )
    "isinstance" |-> builtinV ( "isinstance" )
    "len" |-> builtinV ( "len" )
    "list" |-> builtinV ( "list" )
    "map" |-> builtinV ( "map" )
    "max" |-> builtinV ( "max" )
    "min" |-> builtinV ( "min" )
    "ord" |-> builtinV ( "ord" )
    "range" |-> builtinV ( "range" )
    "round" |-> builtinV ( "round" )
    "set" |-> builtinV ( "set" )
    "sorted" |-> builtinV ( "sorted" )
    "str" |-> typeV ( "str" )
    "sum" |-> builtinV ( "sum" )
    "zip" |-> builtinV ( "zip" ) , root )
    0 |-> scope ( "fizz_buzz" |-> closureVal ( "n" , .ParamNames , Assign ( Name ( "count" ) , Int ( 0 ) )  Assign ( Name ( "i" ) , Name ( "n" ) )  Assign ( Name ( "x" ) , Int ( 0 ) )  While ( Compare ( Name ( "i" ) , CmpOp ( ">" , Int ( 0 ) ) ) , Assign ( Name ( "i" ) , BinOp ( "-" , Name ( "i" ) , Int ( 1 ) ) )  If ( BoolOp ( "or" , Compare ( BinOp ( "%" , Name ( "i" ) , Int ( 11 ) ) , CmpOp ( "==" , Int ( 0 ) ) ) , Compare ( BinOp ( "%" , Name ( "i" ) , Int ( 13 ) ) , CmpOp ( "==" , Int ( 0 ) ) ) , .Exprs ) , Assign ( Name ( "x" ) , Name ( "i" ) )  While ( Compare ( Name ( "x" ) , CmpOp ( ">" , Int ( 0 ) ) ) , Assign ( Name ( "count" ) , BinOp ( "+" , Name ( "count" ) , Compare ( BinOp ( "%" , Name ( "x" ) , Int ( 10 ) ) , CmpOp ( "==" , Int ( 7 ) ) ) ) )  Assign ( Name ( "x" ) , BinOp ( "//" , Name ( "x" ) , Int ( 10 ) ) )  .Stmts )  .Stmts , .Stmts )  .Stmts )  Return ( Name ( "count" ) )  .Stmts , 0 ) , parent ( -1 ) )
  </scopes>
  <scopeLoc>
    1
  </scopeLoc>
  <heap>
    .Map
  </heap>
  <heapLoc>
    0
  </heapLoc>
  <stack>
    .List
  </stack>
  <ret>
    noRet
  </ret>
  <exc>
    NoExc
  </exc>
  <exit-code>
    0
  </exit-code>
</generatedTop>
EXIT STATUS: 0
COMMAND: kompile --backend haskell verification.k --main-module VERIFICATION --syntax-module MPY-SYNTAX --output-definition audit-verification-kompiled
[Warning] Compiler: Variable 'As' defined but not used. Prefix variable name
with underscore if this is intentional.
	Source(/tmp/audit-work/36-fizz-buzz/reference-semantics/semantics/str.k)
	Location(52,27,52,29)
	52 |	  rule strLt(iCons(A:Int, As:IntSeq), iCons(B:Int, Bs:IntSeq)) => true   
      requires A  <Int B
	   .	                          ^~
[Warning] Compiler: Variable 'Bs' defined but not used. Prefix variable name
with underscore if this is intentional.
	Source(/tmp/audit-work/36-fizz-buzz/reference-semantics/semantics/str.k)
	Location(52,52,52,54)
	52 |	  rule strLt(iCons(A:Int, As:IntSeq), iCons(B:Int, Bs:IntSeq)) => true   
      requires A  <Int B
	   .	                                                   ^~
[Warning] Compiler: Variable 'As' defined but not used. Prefix variable name
with underscore if this is intentional.
	Source(/tmp/audit-work/36-fizz-buzz/reference-semantics/semantics/str.k)
	Location(53,27,53,29)
	53 |	  rule strLt(iCons(A:Int, As:IntSeq), iCons(B:Int, Bs:IntSeq)) => false  
      requires A  >Int B
	   .	                          ^~
[Warning] Compiler: Variable 'Bs' defined but not used. Prefix variable name
with underscore if this is intentional.
	Source(/tmp/audit-work/36-fizz-buzz/reference-semantics/semantics/str.k)
	Location(53,52,53,54)
	53 |	  rule strLt(iCons(A:Int, As:IntSeq), iCons(B:Int, Bs:IntSeq)) => false  
      requires A  >Int B
	   .	                                                   ^~
EXIT STATUS: 0
COMMAND: kprove spec.k --definition audit-verification-kompiled --spec-module SPEC
#Top
[Warning] Compiler: Variable 'As' defined but not used. Prefix variable name
with underscore if this is intentional.
	Source(/tmp/audit-work/36-fizz-buzz/reference-semantics/semantics/str.k)
	Location(52,27,52,29)
	52 |	  rule strLt(iCons(A:Int, As:IntSeq), iCons(B:Int, Bs:IntSeq)) => true   
      requires A  <Int B
	   .	                          ^~
[Warning] Compiler: Variable 'Bs' defined but not used. Prefix variable name
with underscore if this is intentional.
	Source(/tmp/audit-work/36-fizz-buzz/reference-semantics/semantics/str.k)
	Location(52,52,52,54)
	52 |	  rule strLt(iCons(A:Int, As:IntSeq), iCons(B:Int, Bs:IntSeq)) => true   
      requires A  <Int B
	   .	                                                   ^~
[Warning] Compiler: Variable 'As' defined but not used. Prefix variable name
with underscore if this is intentional.
	Source(/tmp/audit-work/36-fizz-buzz/reference-semantics/semantics/str.k)
	Location(53,27,53,29)
	53 |	  rule strLt(iCons(A:Int, As:IntSeq), iCons(B:Int, Bs:IntSeq)) => false  
      requires A  >Int B
	   .	                          ^~
[Warning] Compiler: Variable 'Bs' defined but not used. Prefix variable name
with underscore if this is intentional.
	Source(/tmp/audit-work/36-fizz-buzz/reference-semantics/semantics/str.k)
	Location(53,52,53,54)
	53 |	  rule strLt(iCons(A:Int, As:IntSeq), iCons(B:Int, Bs:IntSeq)) => false  
      requires A  >Int B
	   .	                                                   ^~
[Warning] Compiler: Variable 'I' defined but not used. Prefix variable name
with underscore if this is intentional.
	Source(/tmp/audit-work/36-fizz-buzz/spec.k)
	Location(27,21,27,22)
	27 |	        "i"     |-> I:Int
	   .	                    ^
[Warning] Compiler: Variable 'N' defined but not used. Prefix variable name
with underscore if this is intentional.
	Source(/tmp/audit-work/36-fizz-buzz/spec.k)
	Location(28,21,28,22)
	28 |	        "n"     |-> N:Int
	   .	                    ^
[Warning] Compiler: Variable 'N' defined but not used. Prefix variable name
with underscore if this is intentional.
	Source(/tmp/audit-work/36-fizz-buzz/spec.k)
	Location(69,21,69,22)
	69 |	        "n"     |-> N:Int
	   .	                    ^
EXIT STATUS: 0
COMMAND: kprove spec.k --definition audit-verification-kompiled --spec-module SPEC --claims SPEC.inner-loop
#Top
[Warning] Compiler: Variable 'As' defined but not used. Prefix variable name
with underscore if this is intentional.
	Source(/tmp/audit-work/36-fizz-buzz/reference-semantics/semantics/str.k)
	Location(52,27,52,29)
	52 |	  rule strLt(iCons(A:Int, As:IntSeq), iCons(B:Int, Bs:IntSeq)) => true   
      requires A  <Int B
	   .	                          ^~
[Warning] Compiler: Variable 'Bs' defined but not used. Prefix variable name
with underscore if this is intentional.
	Source(/tmp/audit-work/36-fizz-buzz/reference-semantics/semantics/str.k)
	Location(52,52,52,54)
	52 |	  rule strLt(iCons(A:Int, As:IntSeq), iCons(B:Int, Bs:IntSeq)) => true   
      requires A  <Int B
	   .	                                                   ^~
[Warning] Compiler: Variable 'As' defined but not used. Prefix variable name
with underscore if this is intentional.
	Source(/tmp/audit-work/36-fizz-buzz/reference-semantics/semantics/str.k)
	Location(53,27,53,29)
	53 |	  rule strLt(iCons(A:Int, As:IntSeq), iCons(B:Int, Bs:IntSeq)) => false  
      requires A  >Int B
	   .	                          ^~
[Warning] Compiler: Variable 'Bs' defined but not used. Prefix variable name
with underscore if this is intentional.
	Source(/tmp/audit-work/36-fizz-buzz/reference-semantics/semantics/str.k)
	Location(53,52,53,54)
	53 |	  rule strLt(iCons(A:Int, As:IntSeq), iCons(B:Int, Bs:IntSeq)) => false  
      requires A  >Int B
	   .	                                                   ^~
[Warning] Compiler: Variable 'I' defined but not used. Prefix variable name
with underscore if this is intentional.
	Source(/tmp/audit-work/36-fizz-buzz/spec.k)
	Location(27,21,27,22)
	27 |	        "i"     |-> I:Int
	   .	                    ^
[Warning] Compiler: Variable 'N' defined but not used. Prefix variable name
with underscore if this is intentional.
	Source(/tmp/audit-work/36-fizz-buzz/spec.k)
	Location(28,21,28,22)
	28 |	        "n"     |-> N:Int
	   .	                    ^
[Warning] Compiler: Variable 'N' defined but not used. Prefix variable name
with underscore if this is intentional.
	Source(/tmp/audit-work/36-fizz-buzz/spec.k)
	Location(69,21,69,22)
	69 |	        "n"     |-> N:Int
	   .	                    ^
EXIT STATUS: 0
COMMAND: kprove spec.k --definition audit-verification-kompiled --spec-module SPEC --claims SPEC.outer-loop
kore-exec: [7139058] Warning (WarnStuckClaimState):
    The configuration's term unifies with the destination's term, but the implication check between the conditions has failed. Location: /tmp/audit-work/36-fizz-buzz/spec.k:37:5-74:23
Context:
    (InfoReachability) while checking the implication
kore-exec: [7142106] Warning (WarnUnexploredBranches):
    2 branches were still unexplored when the action failed.
  #Not ( #Ceil ( fizzResult ( C , I ) )
  #And
    {
      C
    #Equals
      fizzResult ( C , I )
    } )
#And
  <generatedTop>
    <k>
      _DotVar1
    </k>
    <env>
      L
    </env>
    <scopes>
      L:Int |-> scope ( "count" |-> C:Int
      "i" |-> 0
      "n" |-> N:Int
      "x" |-> 0 , parent ( 0 ) )
      _DotVar2
    </scopes>
    <scopeLoc>
      _Gen8
    </scopeLoc>
    <heap>
      _Gen9
    </heap>
    <heapLoc>
      _Gen10
    </heapLoc>
    <stack>
      _Gen11
    </stack>
    <ret>
      _Gen12
    </ret>
    <exc>
      _Gen13
    </exc>
    <exit-code>
      _Gen14
    </exit-code>
  </generatedTop>
#And
  {
    0
  #Equals
    I +Int -1
  }
#And
  {
    false
  #Equals
    L:Int in_keys ( _DotVar2 )
  }
#And
  {
    true
  #Equals
    I >=Int 0
  }
#And
  {
    true
  #Equals
    I >Int 0
  }
[Warning] Compiler: Variable 'As' defined but not used. Prefix variable name
with underscore if this is intentional.
	Source(/tmp/audit-work/36-fizz-buzz/reference-semantics/semantics/str.k)
	Location(52,27,52,29)
	52 |	  rule strLt(iCons(A:Int, As:IntSeq), iCons(B:Int, Bs:IntSeq)) => true   
      requires A  <Int B
	   .	                          ^~
[Warning] Compiler: Variable 'Bs' defined but not used. Prefix variable name
with underscore if this is intentional.
	Source(/tmp/audit-work/36-fizz-buzz/reference-semantics/semantics/str.k)
	Location(52,52,52,54)
	52 |	  rule strLt(iCons(A:Int, As:IntSeq), iCons(B:Int, Bs:IntSeq)) => true   
      requires A  <Int B
	   .	                                                   ^~
[Warning] Compiler: Variable 'As' defined but not used. Prefix variable name
with underscore if this is intentional.
	Source(/tmp/audit-work/36-fizz-buzz/reference-semantics/semantics/str.k)
	Location(53,27,53,29)
	53 |	  rule strLt(iCons(A:Int, As:IntSeq), iCons(B:Int, Bs:IntSeq)) => false  
      requires A  >Int B
	   .	                          ^~
[Warning] Compiler: Variable 'Bs' defined but not used. Prefix variable name
with underscore if this is intentional.
	Source(/tmp/audit-work/36-fizz-buzz/reference-semantics/semantics/str.k)
	Location(53,52,53,54)
	53 |	  rule strLt(iCons(A:Int, As:IntSeq), iCons(B:Int, Bs:IntSeq)) => false  
      requires A  >Int B
	   .	                                                   ^~
[Warning] Compiler: Variable 'I' defined but not used. Prefix variable name
with underscore if this is intentional.
	Source(/tmp/audit-work/36-fizz-buzz/spec.k)
	Location(27,21,27,22)
	27 |	        "i"     |-> I:Int
	   .	                    ^
[Warning] Compiler: Variable 'N' defined but not used. Prefix variable name
with underscore if this is intentional.
	Source(/tmp/audit-work/36-fizz-buzz/spec.k)
	Location(28,21,28,22)
	28 |	        "n"     |-> N:Int
	   .	                    ^
[Warning] Compiler: Variable 'N' defined but not used. Prefix variable name
with underscore if this is intentional.
	Source(/tmp/audit-work/36-fizz-buzz/spec.k)
	Location(69,21,69,22)
	69 |	        "n"     |-> N:Int
	   .	                    ^
[Error] Prover: backend terminated because the configuration cannot be
rewritten further. See output for more details.
EXIT STATUS: 1
