WORKDIR: /tmp/audit-work/reconstruction
COMMAND: timeout --signal=TERM 300s krun audit-concrete.mpy --definition runtime-kompiled
OUTPUT_BYTES: 4287
--- OUTPUT BEGIN ---
<generatedTop>
  <k>
    .K
  </k>
  <env>
    0
  </env>
  <scopes>
    -1 |-> scope ( "abs" |-> builtinV ( "abs" )
    "all" |-> builtinV ( "all" )
    "any" |-> builtinV ( "any" )
    "bin" |-> builtinV ( "bin" )
    "chr" |-> builtinV ( "chr" )
    "enumerate" |-> builtinV ( "enumerate" )
    "eval" |-> builtinV ( "eval" )
    "float" |-> typeV ( "float" )
    "int" |-> typeV ( "int" )
    "isinstance" |-> builtinV ( "isinstance" )
    "len" |-> builtinV ( "len" )
    "list" |-> builtinV ( "list" )
    "map" |-> builtinV ( "map" )
    "max" |-> builtinV ( "max" )
    "min" |-> builtinV ( "min" )
    "ord" |-> builtinV ( "ord" )
    "range" |-> builtinV ( "range" )
    "round" |-> builtinV ( "round" )
    "set" |-> builtinV ( "set" )
    "sorted" |-> builtinV ( "sorted" )
    "str" |-> typeV ( "str" )
    "sum" |-> builtinV ( "sum" )
    "zip" |-> builtinV ( "zip" ) , root )
    0 |-> scope ( "skjkasdkd" |-> closureVal ( "lst" , .ParamNames , Assign ( Name ( "largest" ) , Int ( 0 ) )  Assign ( Name ( "number" ) , Int ( 0 ) )  Assign ( Name ( "divisor" ) , Int ( 2 ) )  Assign ( Name ( "prime" ) , Bool ( false ) )  Assign ( Name ( "digit_total" ) , Int ( 0 ) )  For ( Name ( "number" ) , Name ( "lst" ) , If ( Compare ( Name ( "number" ) , CmpOp ( ">" , Name ( "largest" ) ) ) , Assign ( Name ( "divisor" ) , Int ( 2 ) )  Assign ( Name ( "prime" ) , Compare ( Name ( "number" ) , CmpOp ( ">=" , Int ( 2 ) ) ) )  While ( BoolOp ( "and" , Name ( "prime" ) , Compare ( BinOp ( "*" , Name ( "divisor" ) , Name ( "divisor" ) ) , CmpOp ( "<=" , Name ( "number" ) ) ) , .Exprs ) , If ( Compare ( BinOp ( "%" , Name ( "number" ) , Name ( "divisor" ) ) , CmpOp ( "==" , Int ( 0 ) ) ) , Assign ( Name ( "prime" ) , Bool ( false ) )  .Stmts , .Stmts )  AugAssign ( Name ( "divisor" ) , "+" , Int ( 1 ) )  .Stmts )  If ( Name ( "prime" ) , Assign ( Name ( "largest" ) , Name ( "number" ) )  .Stmts , .Stmts )  .Stmts , .Stmts )  .Stmts )  While ( Compare ( Name ( "largest" ) , CmpOp ( ">" , Int ( 0 ) ) ) , AugAssign ( Name ( "digit_total" ) , "+" , BinOp ( "%" , Name ( "largest" ) , Int ( 10 ) ) )  AugAssign ( Name ( "largest" ) , "//" , Int ( 10 ) )  .Stmts )  Return ( Name ( "digit_total" ) )  .Stmts , 0 ) , parent ( -1 ) )
  </scopes>
  <scopeLoc>
    1
  </scopeLoc>
  <heap>
    0 |-> list ( .ValSeq )
    1 |-> list ( vCons ( -5 , vCons ( -1 , vCons ( 0 , .ValSeq ) ) ) )
    2 |-> list ( vCons ( 1 , .ValSeq ) )
    3 |-> list ( vCons ( 2 , .ValSeq ) )
    4 |-> list ( vCons ( 3 , .ValSeq ) )
    5 |-> list ( vCons ( 4 , .ValSeq ) )
    6 |-> list ( vCons ( 5 , .ValSeq ) )
    7 |-> list ( vCons ( 9 , .ValSeq ) )
    8 |-> list ( vCons ( 49 , .ValSeq ) )
    9 |-> list ( vCons ( 97 , vCons ( 101 , vCons ( 99 , .ValSeq ) ) ) )
    10 |-> list ( vCons ( 0 , vCons ( 3 , vCons ( 2 , vCons ( 1 , vCons ( 3 , vCons ( 5 , vCons ( 7 , vCons ( 4 , vCons ( 5 , vCons ( 5 , vCons ( 5 , vCons ( 2 , vCons ( 181 , vCons ( 32 , vCons ( 4 , vCons ( 32 , vCons ( 3 , vCons ( 2 , vCons ( 32 , vCons ( 324 , vCons ( 4 , vCons ( 3 , .ValSeq ) ) ) ) ) ) ) ) ) ) ) ) ) ) ) ) ) ) ) ) ) ) )
    11 |-> list ( vCons ( 1 , vCons ( 0 , vCons ( 1 , vCons ( 8 , vCons ( 2 , vCons ( 4597 , vCons ( 2 , vCons ( 1 , vCons ( 3 , vCons ( 40 , vCons ( 1 , vCons ( 2 , vCons ( 1 , vCons ( 2 , vCons ( 4 , vCons ( 2 , vCons ( 5 , vCons ( 1 , .ValSeq ) ) ) ) ) ) ) ) ) ) ) ) ) ) ) ) ) ) )
    12 |-> list ( vCons ( 1 , vCons ( 3 , vCons ( 1 , vCons ( 32 , vCons ( 5107 , vCons ( 34 , vCons ( 83278 , vCons ( 109 , vCons ( 163 , vCons ( 23 , vCons ( 2323 , vCons ( 32 , vCons ( 30 , vCons ( 1 , vCons ( 9 , vCons ( 3 , .ValSeq ) ) ) ) ) ) ) ) ) ) ) ) ) ) ) ) )
    13 |-> list ( vCons ( 0 , vCons ( 724 , vCons ( 32 , vCons ( 71 , vCons ( 99 , vCons ( 32 , vCons ( 6 , vCons ( 0 , vCons ( 5 , vCons ( 91 , vCons ( 83 , vCons ( 0 , vCons ( 5 , vCons ( 6 , .ValSeq ) ) ) ) ) ) ) ) ) ) ) ) ) ) )
    14 |-> list ( vCons ( 0 , vCons ( 81 , vCons ( 12 , vCons ( 3 , vCons ( 1 , vCons ( 21 , .ValSeq ) ) ) ) ) ) )
    15 |-> list ( vCons ( 0 , vCons ( 8 , vCons ( 1 , vCons ( 2 , vCons ( 1 , vCons ( 7 , .ValSeq ) ) ) ) ) ) )
  </heap>
  <heapLoc>
    16
  </heapLoc>
  <stack>
    .List
  </stack>
  <ret>
    noRet
  </ret>
  <exc>
    NoExc
  </exc>
  <exit-code>
    0
  </exit-code>
</generatedTop>

--- OUTPUT END ---
EXIT_STATUS: 0
