
$ python3 /audit-output/evidence/extract_decode_body.py
extracted_bytes=510
source_offset=1175:1690
EXIT_STATUS=0

$ kast decode-body-from-regeneration.mpy --definition verification-kompiled --module VERIFICATION --sort Stmts --expand-macros --output kore --output-file decode-body-from-regeneration.kore
EXIT_STATUS=0

$ kast decode-body-macro.mpy --definition verification-kompiled --module VERIFICATION --sort Stmts --expand-macros --output kore --output-file decode-body-macro.kore
EXIT_STATUS=0

$ cmp decode-body-from-regeneration.kore decode-body-macro.kore
EXIT_STATUS=0

$ sha256sum decode-body-from-regeneration.kore decode-body-macro.kore
471d71efe3614c4329bc9768c93b59ff8be0916181975189607e48ec5753b08b  decode-body-from-regeneration.kore
471d71efe3614c4329bc9768c93b59ff8be0916181975189607e48ec5753b08b  decode-body-macro.kore
EXIT_STATUS=0

$ kprove spec-ground.k --definition verification-kompiled --spec-module SPEC-GROUND
#Top
[Warning] Compiler: Variable 'As' defined but not used. Prefix variable name
with underscore if this is intentional.
	Source(/tmp/audit-work/38-decode-cyclic/reference-semantics/semantics/str.k)
	Location(52,27,52,29)
	52 |	  rule strLt(iCons(A:Int, As:IntSeq), iCons(B:Int, Bs:IntSeq)) => true   
      requires A  <Int B
	   .	                          ^~
[Warning] Compiler: Variable 'Bs' defined but not used. Prefix variable name
with underscore if this is intentional.
	Source(/tmp/audit-work/38-decode-cyclic/reference-semantics/semantics/str.k)
	Location(52,52,52,54)
	52 |	  rule strLt(iCons(A:Int, As:IntSeq), iCons(B:Int, Bs:IntSeq)) => true   
      requires A  <Int B
	   .	                                                   ^~
[Warning] Compiler: Variable 'As' defined but not used. Prefix variable name
with underscore if this is intentional.
	Source(/tmp/audit-work/38-decode-cyclic/reference-semantics/semantics/str.k)
	Location(53,27,53,29)
	53 |	  rule strLt(iCons(A:Int, As:IntSeq), iCons(B:Int, Bs:IntSeq)) => false  
      requires A  >Int B
	   .	                          ^~
[Warning] Compiler: Variable 'Bs' defined but not used. Prefix variable name
with underscore if this is intentional.
	Source(/tmp/audit-work/38-decode-cyclic/reference-semantics/semantics/str.k)
	Location(53,52,53,54)
	53 |	  rule strLt(iCons(A:Int, As:IntSeq), iCons(B:Int, Bs:IntSeq)) => false  
      requires A  >Int B
	   .	                                                   ^~
EXIT_STATUS=0
