kore-exec: [451637] Warning (WarnStuckClaimState):
    The configuration's term doesn't unify with the destination's term and the configuration cannot be rewritten further. Location: /home/yuqing/Documents/Code/klever/verification/humaneval/reference/notes/digit-probe/spec-iter-int.k:5:9-5:93
Context:
    (InfoReachability) while checking the implication
kore-exec: [454150] Warning (WarnUnexploredBranches):
    3 branches were still unexplored when the action failed.
  #Not ( #Exists C . #Exists T . {
    digitCodes ( N )
  #Equals
    iCons ( C , T )
  } )
#And
  #Not ( {
    .IntSeq
  #Equals
    digitCodes ( N )
  } )
#And
  <k>
    #iter ( digitCodes ( N ) , 0 ) ~> .K
  </k>
#And
  {
    true
  #Equals
    N >=Int 0
  }
[Error] Prover: backend terminated because the configuration cannot be
rewritten further. See output for more details.
