CWD: /tmp/audit-work/source
COMMAND_ARGV: ['kprove', 'spec-vacuity.k', '--definition', '/tmp/audit-work/build/verification-kompiled', '--spec-module', 'SPEC-VACUITY', '--dry-run']
COMMAND_SHELL: kprove spec-vacuity.k --definition /tmp/audit-work/build/verification-kompiled --spec-module SPEC-VACUITY --dry-run
TIMEOUT_SECONDS: 900
--- OUTPUT ---
kore-exec /tmp/audit-work/build/verification-kompiled/definition.kore --module VERIFICATION --prove /tmp/.kprove-2026-07-26-11-04-05-612-368c8f80-34bc-4611-a8ea-e4310be95317/spec.kore --spec-module SPEC-VACUITY --output /tmp/.kprove-2026-07-26-11-04-05-612-368c8f80-34bc-4611-a8ea-e4310be95317/result.kore
[Warning] Compiler: Variable 'ENTRY' defined but not used. Prefix variable name
with underscore if this is intentional.
	Source(/tmp/audit-work/source/spec-vacuity.k)
	Location(12,15,12,20)
	12 |	      <entry> ENTRY </entry>
	   .	              ^~~~~
[Warning] Compiler: Variable 'ARGS' defined but not used. Prefix variable name
with underscore if this is intentional.
	Source(/tmp/audit-work/source/spec-vacuity.k)
	Location(13,14,13,18)
	13 |	      <args> ARGS </args>
	   .	             ^~~~
[Warning] Compiler: Variable 'RHO' defined but not used. Prefix variable name
with underscore if this is intentional.
	Source(/tmp/audit-work/source/spec-vacuity.k)
	Location(15,13,15,16)
	15 |	      <env> RHO </env>
	   .	            ^~~
[Warning] Compiler: Variable 'STACK' defined but not used. Prefix variable name
with underscore if this is intentional.
	Source(/tmp/audit-work/source/spec-vacuity.k)
	Location(16,19,16,24)
	16 |	      <callStack> STACK </callStack>
	   .	                  ^~~~~
[Warning] Compiler: Variable 'ENTRY' defined but not used. Prefix variable name
with underscore if this is intentional.
	Source(/tmp/audit-work/source/spec-vacuity.k)
	Location(25,15,25,20)
	25 |	      <entry> ENTRY </entry>
	   .	              ^~~~~
[Warning] Compiler: Variable 'ARGS' defined but not used. Prefix variable name
with underscore if this is intentional.
	Source(/tmp/audit-work/source/spec-vacuity.k)
	Location(26,14,26,18)
	26 |	      <args> ARGS </args>
	   .	             ^~~~
[Warning] Compiler: Variable 'RHO' defined but not used. Prefix variable name
with underscore if this is intentional.
	Source(/tmp/audit-work/source/spec-vacuity.k)
	Location(28,13,28,16)
	28 |	      <env> RHO </env>
	   .	            ^~~
[Warning] Compiler: Variable 'STACK' defined but not used. Prefix variable name
with underscore if this is intentional.
	Source(/tmp/audit-work/source/spec-vacuity.k)
	Location(29,19,29,24)
	29 |	      <callStack> STACK </callStack>
	   .	                  ^~~~~
--- RESULT ---
EXIT_STATUS: 0
TIMED_OUT: false
