== Concrete satisfiable entry witnesses and result substitution ==
$ python3 /audit-output/evidence/adequacy_witnesses.py
[
  {
    "claim": "empty-claim",
    "word": "",
    "code_sequence": [],
    "formal_closestVowelSpec": "",
    "canonical_python": "",
    "candidate_python": ""
  },
  {
    "claim": "one-code-claim",
    "word": "b",
    "code_sequence": [
      98
    ],
    "formal_closestVowelSpec": "",
    "canonical_python": "",
    "candidate_python": ""
  },
  {
    "claim": "two-code-claim",
    "word": "ba",
    "code_sequence": [
      98,
      97
    ],
    "formal_closestVowelSpec": "",
    "canonical_python": "",
    "candidate_python": ""
  },
  {
    "claim": "three-plus-qualifies",
    "word": "bab",
    "code_sequence": [
      98,
      97,
      98
    ],
    "formal_closestVowelSpec": "a",
    "canonical_python": "a",
    "candidate_python": "a"
  },
  {
    "claim": "three-plus-empty",
    "word": "bbb",
    "code_sequence": [
      98,
      98,
      98
    ],
    "formal_closestVowelSpec": "",
    "canonical_python": "",
    "candidate_python": ""
  },
  {
    "claim": "rightmost-choice",
    "word": "babbeb",
    "code_sequence": [
      98,
      97,
      98,
      98,
      101,
      98
    ],
    "formal_closestVowelSpec": "e",
    "canonical_python": "e",
    "candidate_python": "e"
  },
  {
    "claim": "documented-lower",
    "word": "yogurt",
    "code_sequence": [
      121,
      111,
      103,
      117,
      114,
      116
    ],
    "formal_closestVowelSpec": "u",
    "canonical_python": "u",
    "candidate_python": "u"
  },
  {
    "claim": "documented-upper",
    "word": "FULL",
    "code_sequence": [
      70,
      85,
      76,
      76
    ],
    "formal_closestVowelSpec": "U",
    "canonical_python": "U",
    "candidate_python": "U"
  }
]
[exit 0]
== Exhaustive declaration and rule inventory ==
$ python3 /audit-output/evidence/rule_inventory.py > /audit-output/evidence/rule_inventory.tsv
[exit 0]
$ wc -l /audit-output/evidence/rule_inventory.tsv
956 /audit-output/evidence/rule_inventory.tsv
[exit 0]
$ awk -F \\t NR\>1\ \{\ count\[\$4\]++\ \}\ END\ \{\ for\ \(kind\ in\ count\)\ print\ kind\,\ count\[kind\]\ \} /audit-output/evidence/rule_inventory.tsv
syntax 232
rule 713
claim 4
configuration 1
context 5
[exit 0]
$ awk -F \\t NR\>1\ \{\ count\[\$7\]++\ \}\ END\ \{\ for\ \(decision\ in\ count\)\ print\ decision\,\ count\[decision\]\ \} /audit-output/evidence/rule_inventory.tsv
ACCEPT_FIXED_BASELINE_CONFIGURATION 1
ACCEPT_FIXED_BASELINE_RULE 695
TARGET_REACHABILITY_CLAIM 4
ACCEPT_TRUTHFUL_RECURSIVE_SPECIFICATION_EQUATION 7
REJECT_CIRCULAR_RESULT_BEARING_OPERATIONAL_AXIOM 1
ACCEPT_VOWEL_CODE_MACRO 1
ACCEPT_EXACT_PROGRAM_BODY_MACRO 1
ACCEPT_DERIVABLE_SLICE_BRIDGE_CONNECTION_NOT_SUBMITTED 1
ACCEPT_TRUTHFUL_MATHEMATICAL_EQUATION 2
ACCEPT_DERIVED_STRING_MEMBERSHIP_EQUATION 1
ACCEPT_FIXED_BASELINE_EVALUATION_CONTEXT 5
ACCEPT_FRESH_MAP_UPDATE_NORMALIZATION 1
ACCEPT_STRUCTURAL_LENGTH_ARITHMETIC_SIMPLIFICATION 3
ACCEPT_PROOF_LOCAL_DECLARATION 5
ACCEPT_FIXED_BASELINE_DECLARATION 227
[exit 0]
== Function/total/functional/opaque/priority/simplification declarations ==
$ sh -c awk\ -F\ \"\\t\"\ \'NR==1\ \|\|\ \$5\ \!=\ \"\"\ \{\ print\ \}\'\ /audit-output/evidence/rule_inventory.tsv
id	file	line	kind	attributes	program_relevance	decision	declaration
K0003	reference-semantics/semantics/assert.k	13	rule	priority(40)	USED_PATH	ACCEPT_FIXED_BASELINE_RULE	rule <k> Assert(ref(H:Int)) => Assert(V) ... </k> <heap> ... H |-> V:Val ... </heap> [priority(40)]
K0013	reference-semantics/semantics/bool.k	29	rule	priority(40)	USED_PATH	ACCEPT_FIXED_BASELINE_RULE	rule <k> BoolOp(_:String, (ref(H:Int), .Exprs)) => ref(H) ... </k> [priority(40)]
K0014	reference-semantics/semantics/bool.k	31	rule	priority(40)	USED_PATH	ACCEPT_FIXED_BASELINE_RULE	"rule <k> BoolOp(""and"", (ref(H:Int), A:Expr, REST:Exprs)) => BoolOp(""and"", (A, REST)) ... </k> <heap> ... H |-> V:Val ... </heap> requires truthy(V) [priority(40)]"
K0015	reference-semantics/semantics/bool.k	35	rule	priority(40)	USED_PATH	ACCEPT_FIXED_BASELINE_RULE	"rule <k> BoolOp(""and"", (ref(H:Int), _:Expr, _:Exprs)) => ref(H) ... </k> <heap> ... H |-> V:Val ... </heap> requires notBool truthy(V) [priority(40)]"
K0016	reference-semantics/semantics/bool.k	39	rule	priority(40)	USED_PATH	ACCEPT_FIXED_BASELINE_RULE	"rule <k> BoolOp(""or"", (ref(H:Int), _:Expr, _:Exprs)) => ref(H) ... </k> <heap> ... H |-> V:Val ... </heap> requires truthy(V) [priority(40)]"
K0017	reference-semantics/semantics/bool.k	43	rule	priority(40)	USED_PATH	ACCEPT_FIXED_BASELINE_RULE	"rule <k> BoolOp(""or"", (ref(H:Int), A:Expr, REST:Exprs)) => BoolOp(""or"", (A, REST)) ... </k> <heap> ... H |-> V:Val ... </heap> requires notBool truthy(V) [priority(40)]"
K0018	reference-semantics/semantics/builtins.k	17	syntax	function	USED_PATH	ACCEPT_FIXED_BASELINE_DECLARATION	syntax Val ::= applyBuiltin(String, Vals) [function]
K0019	reference-semantics/semantics/builtins.k	20	syntax	function	USED_PATH	ACCEPT_FIXED_BASELINE_DECLARATION	syntax Int ::= seqLen(Val) [function]
K0030	reference-semantics/semantics/builtins.k	36	syntax	function, total	USED_PATH	ACCEPT_FIXED_BASELINE_DECLARATION	syntax ValSeq ::= charsOf(IntSeq) [function, total]
K0039	reference-semantics/semantics/builtins.k	54	syntax	function	USED_PATH	ACCEPT_FIXED_BASELINE_DECLARATION	syntax Int ::= intOf(Val) [function]
K0064	reference-semantics/semantics/builtins.k	97	syntax	function	USED_PATH	ACCEPT_FIXED_BASELINE_DECLARATION	syntax Int ::= maxVals(Int, Vals) [function]
K0068	reference-semantics/semantics/builtins.k	102	syntax	function	USED_PATH	ACCEPT_FIXED_BASELINE_DECLARATION	syntax Int ::= minVals(Int, Vals) [function]
K0074	reference-semantics/semantics/builtins.k	114	syntax	function, total	USED_PATH	ACCEPT_FIXED_BASELINE_DECLARATION	syntax IntSeq ::= binCodes(Int) [function, total]
K0077	reference-semantics/semantics/builtins.k	117	syntax	function, total	USED_PATH	ACCEPT_FIXED_BASELINE_DECLARATION	syntax IntSeq ::= binAcc(Int, IntSeq) [function, total]
K0081	reference-semantics/semantics/builtins.k	126	syntax	function, total	USED_PATH	ACCEPT_FIXED_BASELINE_DECLARATION	syntax ValSeq ::= enumVS(ValSeq, Int) [function, total]
K0085	reference-semantics/semantics/builtins.k	134	syntax	function, total	USED_PATH	ACCEPT_FIXED_BASELINE_DECLARATION	syntax ValSeq ::= mapStrVS(ValSeq) [function, total]
K0096	reference-semantics/semantics/builtins.k	158	syntax	function, total	USED_PATH	ACCEPT_FIXED_BASELINE_DECLARATION	syntax Int ::= intDigAcc(IntSeq, Int) [function, total]
K0111	reference-semantics/semantics/builtins.k	188	syntax	function	USED_PATH	ACCEPT_FIXED_BASELINE_DECLARATION	syntax Int ::= evalArith(IntSeq) [function]
K0114	reference-semantics/semantics/builtins.k	194	syntax	function, total	USED_PATH	ACCEPT_FIXED_BASELINE_DECLARATION	syntax Bool ::= evDigit(Int) [function, total]
K0116	reference-semantics/semantics/builtins.k	196	syntax	function, total	USED_PATH	ACCEPT_FIXED_BASELINE_DECLARATION	syntax Bool ::= evHead42(IntSeq) [function, total]
K0118	reference-semantics/semantics/builtins.k	198	rule	owise	USED_PATH	ACCEPT_FIXED_BASELINE_RULE	rule evHead42(_:IntSeq) => false [owise]
K0119	reference-semantics/semantics/builtins.k	199	syntax	function, total	USED_PATH	ACCEPT_FIXED_BASELINE_DECLARATION	syntax Bool ::= evHead47(IntSeq) [function, total]
K0121	reference-semantics/semantics/builtins.k	201	rule	owise	USED_PATH	ACCEPT_FIXED_BASELINE_RULE	rule evHead47(_:IntSeq) => false [owise]
K0122	reference-semantics/semantics/builtins.k	203	syntax	function, total	USED_PATH	ACCEPT_FIXED_BASELINE_DECLARATION	syntax OpSeq ::= tokOps(IntSeq) [function, total]
K0132	reference-semantics/semantics/builtins.k	214	syntax	function, total,function, total	USED_PATH	ACCEPT_FIXED_BASELINE_DECLARATION	syntax IntSeq ::= tokNds(IntSeq) [function, total] | tokNdAcc(Int, IntSeq) [function, total]
K0138	reference-semantics/semantics/builtins.k	223	rule	owise	USED_PATH	ACCEPT_FIXED_BASELINE_RULE	rule tokNdAcc(A:Int, S:IntSeq) => iCons(A, tokNds(S)) [owise]
K0140	reference-semantics/semantics/builtins.k	226	syntax	function, total	USED_PATH	ACCEPT_FIXED_BASELINE_DECLARATION	syntax Int ::= firstNdE(EvPair) [function, total]
K0142	reference-semantics/semantics/builtins.k	228	rule	owise	UNUSED_PATH	ACCEPT_FIXED_BASELINE_RULE	rule firstNdE(_:EvPair) => 0 [owise]
K0143	reference-semantics/semantics/builtins.k	230	syntax	function, total	USED_PATH	ACCEPT_FIXED_BASELINE_DECLARATION	syntax Int ::= applyOpE(String, Int, Int) [function, total]
K0149	reference-semantics/semantics/builtins.k	236	rule	owise	USED_PATH	ACCEPT_FIXED_BASELINE_RULE	rule applyOpE(_:String, A:Int, _:Int) => A [owise]
K0150	reference-semantics/semantics/builtins.k	238	syntax	function, total	USED_PATH	ACCEPT_FIXED_BASELINE_DECLARATION	syntax EvPair ::= passPowE(OpSeq, IntSeq) [function, total]
K0154	reference-semantics/semantics/builtins.k	243	rule	owise	USED_PATH	ACCEPT_FIXED_BASELINE_RULE	rule passPowE(_:OpSeq, .IntSeq) => evp(.OpSeq, .IntSeq) [owise]
K0155	reference-semantics/semantics/builtins.k	244	syntax	function, total	USED_PATH	ACCEPT_FIXED_BASELINE_DECLARATION	syntax EvPair ::= powCombE(Int, EvPair) [function, total]
K0158	reference-semantics/semantics/builtins.k	247	syntax	function, total	USED_PATH	ACCEPT_FIXED_BASELINE_DECLARATION	syntax EvPair ::= powCarryE(String, Int, EvPair) [function, total]
K0160	reference-semantics/semantics/builtins.k	250	syntax	function, total,function, total	UNUSED_PATH	ACCEPT_FIXED_BASELINE_DECLARATION	syntax EvPair ::= passMulE(EvPair) [function, total] | passAddE(EvPair) [function, total]
K0165	reference-semantics/semantics/builtins.k	255	syntax	function, total	USED_PATH	ACCEPT_FIXED_BASELINE_DECLARATION	syntax EvPair ::= passLGoE(String, Int, OpSeq, IntSeq, OpSeq, IntSeq) [function, total]
K0169	reference-semantics/semantics/builtins.k	263	rule	owise	USED_PATH	ACCEPT_FIXED_BASELINE_RULE	rule passLGoE(_:String, CUR:Int, oCons(_:String, _:OpSeq), .IntSeq, OO:OpSeq, ON:IntSeq) => evp(OO, appendIE(ON, CUR)) [owise]
K0170	reference-semantics/semantics/builtins.k	265	syntax	function, total	USED_PATH	ACCEPT_FIXED_BASELINE_DECLARATION	syntax Bool ::= inLevelE(String, String) [function, total]
K0173	reference-semantics/semantics/builtins.k	268	rule	owise	USED_PATH	ACCEPT_FIXED_BASELINE_RULE	rule inLevelE(_:String, _:String) => false [owise]
K0174	reference-semantics/semantics/builtins.k	269	syntax	function, total	USED_PATH	ACCEPT_FIXED_BASELINE_DECLARATION	syntax OpSeq ::= appendOpE(OpSeq, String) [function, total]
K0177	reference-semantics/semantics/builtins.k	272	syntax	function, total	USED_PATH	ACCEPT_FIXED_BASELINE_DECLARATION	syntax IntSeq ::= appendIE(IntSeq, Int) [function, total]
K0181	reference-semantics/semantics/builtins.k	280	rule	priority(40)	USED_PATH	ACCEPT_FIXED_BASELINE_RULE	"rule <k> Call(Attribute(Name(""hashlib""), ""md5""), (E:Expr, .Exprs)) => E ~> #md5 ... </k> [priority(40)]"
K0185	reference-semantics/semantics/builtins.k	285	syntax	function, total, symbol(md5hexCodes), no-evaluators	USED_PATH	ACCEPT_FIXED_BASELINE_DECLARATION	syntax IntSeq ::= md5hexCodes(IntSeq) [function, total, symbol(md5hexCodes), no-evaluators]
K0188	reference-semantics/semantics/builtins.k	293	syntax	function,function	USED_PATH	ACCEPT_FIXED_BASELINE_DECLARATION	syntax Bool ::= isIntV(Val) [function] | isStrV(Val) [function]
K0190	reference-semantics/semantics/builtins.k	295	rule	owise	USED_PATH	ACCEPT_FIXED_BASELINE_RULE	rule isIntV(_:Val) => false [owise]
K0192	reference-semantics/semantics/builtins.k	297	rule	owise	USED_PATH	ACCEPT_FIXED_BASELINE_RULE	rule isStrV(_:Val) => false [owise]
K0195	reference-semantics/semantics/call.k	20	rule	owise	USED_PATH	ACCEPT_FIXED_BASELINE_RULE	rule <k> Call(Fe:Expr, ARGS:Exprs) => Fe ~> #callee(ARGS) ... </k> [owise]
K0203	reference-semantics/semantics/call.k	31	rule	owise	USED_PATH	ACCEPT_FIXED_BASELINE_RULE	rule <k> #applyK(toCall(builtinV(BN:String)), ACC:Vals) => applyBuiltin(BN, ACC) ... </k> [owise]
K0205	reference-semantics/semantics/call.k	38	rule	priority(40)	USED_PATH	ACCEPT_FIXED_BASELINE_RULE	rule <k> #applyK(toCall(builtinV(BN:String)), (ref(H:Int), REST:Vals)) => #applyK(toCall(builtinV(BN)), (V, REST)) ... </k> <heap> ... H |-> V:Val ... </heap> [priority(40)]
K0206	reference-semantics/semantics/call.k	42	rule	priority(40)	USED_PATH	ACCEPT_FIXED_BASELINE_RULE	rule <k> #applyK(toCall(builtinV(BN:String)), (A:Val, ref(H:Int), REST:Vals)) => #applyK(toCall(builtinV(BN)), (A, V, REST)) ... </k> <heap> ... H |-> V:Val ... </heap> requires notBool isRefV(A) [priority(40)]
K0207	reference-semantics/semantics/call.k	47	rule	priority(40)	USED_PATH	ACCEPT_FIXED_BASELINE_RULE	rule <k> #applyK(toCall(typeV(T:String)), (ref(H:Int), REST:Vals)) => #applyK(toCall(typeV(T)), (V, REST)) ... </k> <heap> ... H |-> V:Val ... </heap> [priority(40)]
K0208	reference-semantics/semantics/call.k	52	syntax	function, total	USED_PATH	ACCEPT_FIXED_BASELINE_DECLARATION	syntax Bool ::= isMutMethod(String) [function, total]
K0210	reference-semantics/semantics/call.k	56	rule	priority(40)	USED_PATH	ACCEPT_FIXED_BASELINE_RULE	rule <k> #applyK(toCall(boundMethodV(ref(H:Int), M:String)), ACC:Vals) => #applyK(toCall(boundMethodV(V, M)), ACC) ... </k> <heap> ... H |-> V:Val ... </heap> requires notBool isMutMethod(M) [priority(40)]
K0211	reference-semantics/semantics/call.k	63	rule	priority(40)	USED_PATH	ACCEPT_FIXED_BASELINE_RULE	rule <k> #applyK(toCall(boundMethodV(OBJ:Val, M:String)), (ref(H:Int), REST:Vals)) => #applyK(toCall(boundMethodV(OBJ, M)), (V, REST)) ... </k> <heap> ... H |-> V:Val ... </heap> requires notBool isMutMethod(M) andBool notBool isRefV(OBJ) [priority(40)]
K0219	reference-semantics/semantics/comprehension.k	14	syntax	macro	UNUSED_PATH	ACCEPT_FIXED_BASELINE_DECLARATION	syntax Stmts ::= compBody(CompFors, Expr) [macro]
K0221	reference-semantics/semantics/comprehension.k	18	syntax	macro-rec	UNUSED_PATH	ACCEPT_FIXED_BASELINE_DECLARATION	syntax Stmt ::= compNest(CompFors, Expr) [macro-rec]
K0224	reference-semantics/semantics/comprehension.k	24	syntax	macro	UNUSED_PATH	ACCEPT_FIXED_BASELINE_DECLARATION	syntax Expr ::= compGuard(Exprs) [macro]
K0231	reference-semantics/semantics/concrete.k	28	rule	priority(40)	USED_PATH	ACCEPT_FIXED_BASELINE_RULE	"rule <k> #applyK(toCall(builtinV(""sorted"")), (list(VS:ValSeq), kwV(""key"", KV:Val), .Vals)) => #ksort(VS, KV, .ValSeq, false) ... </k> [priority(40)]"
K0232	reference-semantics/semantics/concrete.k	31	rule	priority(40)	USED_PATH	ACCEPT_FIXED_BASELINE_RULE	"rule <k> #applyK(toCall(builtinV(""sorted"")), (list(VS:ValSeq), kwV(""key"", KV:Val), kwV(""reverse"", RB:Bool), .Vals)) => #ksort(VS, KV, .ValSeq, RB) ... </k> [priority(40)]"
K0236	reference-semantics/semantics/concrete.k	42	syntax	function	UNUSED_PATH	ACCEPT_FIXED_BASELINE_DECLARATION	syntax ValSeq ::= insPair(ValSeq, Val, Val) [function]
K0240	reference-semantics/semantics/concrete.k	51	syntax	function	UNUSED_PATH	ACCEPT_FIXED_BASELINE_DECLARATION	syntax Bool ::= kLt(Val, Val) [function]
K0244	reference-semantics/semantics/concrete.k	56	syntax	function, total	UNUSED_PATH	ACCEPT_FIXED_BASELINE_DECLARATION	syntax ValSeq ::= unpairVS(ValSeq) [function, total]
K0247	reference-semantics/semantics/concrete.k	59	rule	owise	UNUSED_PATH	ACCEPT_FIXED_BASELINE_RULE	rule unpairVS(vCons(V:Val, R:ValSeq)) => vCons(V, unpairVS(R)) [owise]
K0249	reference-semantics/semantics/controls.k	12	rule	priority(40)	USED_PATH	ACCEPT_FIXED_BASELINE_RULE	"rule <k> Assign(Name(X:String), V:Val) => #cellW({M[X]}:>Val, V) ... </k> <env> L:Int </env> <scopes> ... L |-> scope(M:Map, _) ... </scopes> requires ""$cells"" in_keys(M) andBool pnMember(X, cellsOf({M[""$cells""]}:>Val)) andBool X in_keys(M) andBool isCellRef({M[X]}:>Val) [priority(40)]"
K0251	reference-semantics/semantics/controls.k	27	rule	priority(40)	USED_PATH	ACCEPT_FIXED_BASELINE_RULE	rule <k> AugAssign(Name(X:String), OP:String, V:Val) => Assign(Name(X), BinOp(OP, Name(X), V)) ... </k> <env> L:Int </env> <scopes> ... L |-> scope(M:Map, _) ... </scopes> requires X in_keys(M) andBool isRefV({M[X]}:>Val) [priority(40)]
K0253	reference-semantics/semantics/controls.k	36	rule	owise	USED_PATH	ACCEPT_FIXED_BASELINE_RULE	rule <k> ImportFrom(_:String, _:ParamNames) => .K ... </k> [owise]
K0278	reference-semantics/semantics/controls.k	89	rule	owise	UNUSED_PATH	ACCEPT_FIXED_BASELINE_RULE	rule <k> #cont ~> (_:KItem => .K) ... </k> [owise]
K0280	reference-semantics/semantics/controls.k	91	rule	owise	UNUSED_PATH	ACCEPT_FIXED_BASELINE_RULE	rule <k> #brk ~> (_:KItem => .K) ... </k> [owise]
K0281	reference-semantics/semantics/controls.k	95	rule	priority(40)	USED_PATH	ACCEPT_FIXED_BASELINE_RULE	rule <k> If(ref(H:Int), T:Stmts, E:Stmts) => If(V, T, E) ... </k> <heap> ... H |-> V:Val ... </heap> [priority(40)]
K0282	reference-semantics/semantics/controls.k	98	rule	priority(40)	USED_PATH	ACCEPT_FIXED_BASELINE_RULE	rule <k> IfExp(ref(H:Int), T:Expr, E:Expr) => IfExp(V, T, E) ... </k> <heap> ... H |-> V:Val ... </heap> [priority(40)]
K0283	reference-semantics/semantics/controls.k	101	rule	priority(40)	USED_PATH	ACCEPT_FIXED_BASELINE_RULE	rule <k> ref(H:Int) ~> #whileCond(C:Expr, B:Stmts) => V ~> #whileCond(C, B) ... </k> <heap> ... H |-> V:Val ... </heap> [priority(40)]
K0284	reference-semantics/semantics/controls.k	106	rule	priority(40)	USED_PATH	ACCEPT_FIXED_BASELINE_RULE	rule <k> For(T:Expr, ref(H:Int), B:Stmts) => For(T, V, B) ... </k> <heap> ... H |-> V:Val ... </heap> [priority(40)]
K0298	reference-semantics/semantics/core.k	68	syntax	function, total	UNUSED_PATH	ACCEPT_FIXED_BASELINE_DECLARATION	syntax Bool ::= isRefV(Val) [function, total]
K0300	reference-semantics/semantics/core.k	70	rule	owise	UNUSED_PATH	ACCEPT_FIXED_BASELINE_RULE	rule isRefV(_:Val) => false [owise]
K0302	reference-semantics/semantics/core.k	76	syntax	function, total	UNUSED_PATH	ACCEPT_FIXED_BASELINE_DECLARATION	syntax Bool ::= isCellRef(Val) [function, total]
K0304	reference-semantics/semantics/core.k	78	rule	owise	UNUSED_PATH	ACCEPT_FIXED_BASELINE_RULE	rule isCellRef(_:Val) => false [owise]
K0305	reference-semantics/semantics/core.k	85	rule	priority(40)	USED_PATH	ACCEPT_FIXED_BASELINE_RULE	"rule <k> cellRef(H:Int) => V ... </k> <env> L:Int </env> <scopes> ... L |-> scope(M:Map, _) ... </scopes> <heap> ... H |-> cellV(V:Val) ... </heap> requires ""$cells"" in_keys(M) [priority(40)]"
K0310	reference-semantics/semantics/core.k	100	syntax	function, total	UNUSED_PATH	ACCEPT_FIXED_BASELINE_DECLARATION	syntax Bool ::= isKwV(Val) [function, total]
K0312	reference-semantics/semantics/core.k	102	rule	owise	UNUSED_PATH	ACCEPT_FIXED_BASELINE_RULE	rule isKwV(_:Val) => false [owise]
K0314	reference-semantics/semantics/core.k	107	syntax	function	USED_PATH	ACCEPT_FIXED_BASELINE_DECLARATION	syntax ParamNames ::= cellsOf(Val) [function]
K0316	reference-semantics/semantics/core.k	109	syntax	function, total	USED_PATH	ACCEPT_FIXED_BASELINE_DECLARATION	syntax Bool ::= pnMember(String, ParamNames) [function, total]
K0330	reference-semantics/semantics/core.k	145	rule	priority(40)	USED_PATH	ACCEPT_FIXED_BASELINE_RULE	"rule <k> #look(X:String, L:Int) => V ... </k> <scopes> ... L |-> scope(M:Map, _:Parent) ... </scopes> <heap> ... H |-> cellV(V:Val) ... </heap> requires X in_keys(M) andBool ""$cells"" in_keys(M) andBool pnMember(X, cellsOf({M[""$cells""]}:>Val)) andBool {M[X]}:>Val ==K cellRef(H) [priority(40)]"
K0332	reference-semantics/semantics/core.k	157	syntax	function, total	USED_PATH	ACCEPT_FIXED_BASELINE_DECLARATION	"syntax Scope ::= ""builtinsScope"" [function, total]"
K0342	reference-semantics/semantics/core.k	199	syntax	function	USED_PATH	ACCEPT_FIXED_BASELINE_DECLARATION	syntax Bool ::= truthy(Val) [function]
K0349	reference-semantics/semantics/core.k	208	syntax	function	USED_PATH	ACCEPT_FIXED_BASELINE_DECLARATION	syntax Val ::= applyUn(String, Val) [function]
K0350	reference-semantics/semantics/core.k	209	syntax	function	USED_PATH	ACCEPT_FIXED_BASELINE_DECLARATION	syntax Val ::= applyBin(String, Val, Val) [function]
K0351	reference-semantics/semantics/core.k	210	syntax	function	USED_PATH	ACCEPT_FIXED_BASELINE_DECLARATION	syntax Bool ::= applyCmp(String, Val, Val) [function]
K0352	reference-semantics/semantics/core.k	213	syntax	function, total	UNUSED_PATH	ACCEPT_FIXED_BASELINE_DECLARATION	syntax Vals ::= appendVal(Vals, Val) [function, total]
K0355	reference-semantics/semantics/core.k	217	syntax	function, total	UNUSED_PATH	ACCEPT_FIXED_BASELINE_DECLARATION	syntax ValSeq ::= vals2valSeq(Vals) [function, total]
K0358	reference-semantics/semantics/core.k	223	syntax	function, total	USED_PATH	ACCEPT_FIXED_BASELINE_DECLARATION	syntax Int ::= vsLen(ValSeq) [function, total]
K0361	reference-semantics/semantics/core.k	227	syntax	function, total	USED_PATH	ACCEPT_FIXED_BASELINE_DECLARATION	syntax Int ::= isLen(IntSeq) [function, total]
K0364	reference-semantics/semantics/core.k	233	syntax	function, total	USED_PATH	ACCEPT_FIXED_BASELINE_DECLARATION	syntax ValSeq ::= setVSAt(ValSeq, Int, Val) [function, total]
K0376	reference-semantics/semantics/dict.k	37	syntax	function, total	UNUSED_PATH	ACCEPT_FIXED_BASELINE_DECLARATION	syntax Bool ::= dHasKey(ValSeq, Val) [function, total]
K0380	reference-semantics/semantics/dict.k	43	syntax	function, total	UNUSED_PATH	ACCEPT_FIXED_BASELINE_DECLARATION	syntax ValSeq ::= dPutK(ValSeq, Val) [function, total]
K0383	reference-semantics/semantics/dict.k	49	syntax	function, total	UNUSED_PATH	ACCEPT_FIXED_BASELINE_DECLARATION	syntax ValSeq ::= dPutV(ValSeq, ValSeq, Val, Val) [function, total]
K0386	reference-semantics/semantics/dict.k	54	rule	owise	UNUSED_PATH	ACCEPT_FIXED_BASELINE_RULE	rule dPutV(_KS:ValSeq, VS:ValSeq, _K:Val, V:Val) => valSeqConcat(VS, vCons(V, .ValSeq)) [owise]
K0387	reference-semantics/semantics/dict.k	58	rule	priority(40)	USED_PATH	ACCEPT_FIXED_BASELINE_RULE	"rule <k> #applyK(toCall(boundMethodV(dictV(KS:ValSeq, _:ValSeq), ""keys"")), .Vals) => #alloc(list(KS)) ... </k> [priority(40)]"
K0389	reference-semantics/semantics/dict.k	64	syntax	function	UNUSED_PATH	ACCEPT_FIXED_BASELINE_DECLARATION	syntax Val ::= applyIndexD(Val, Val) [function]
K0390	reference-semantics/semantics/dict.k	65	rule	priority(45)	USED_PATH	ACCEPT_FIXED_BASELINE_RULE	rule <k> Subscript(dictV(KS:ValSeq, VS:ValSeq), K:Val) => applyIndexD(dictV(KS, VS), K) ... </k> [priority(45)]
K0391	reference-semantics/semantics/dict.k	70	syntax	function	UNUSED_PATH	ACCEPT_FIXED_BASELINE_DECLARATION	syntax Val ::= dictSet(Val, Val, Val) [function]
K0399	reference-semantics/semantics/dict.k	90	syntax	function, total	USED_PATH	ACCEPT_FIXED_BASELINE_DECLARATION	syntax Int ::= normIdxD(Int, Int) [function, total]
K0403	reference-semantics/semantics/dict.k	97	syntax	function	UNUSED_PATH	ACCEPT_FIXED_BASELINE_DECLARATION	syntax Bool ::= dSubset(ValSeq, ValSeq, ValSeq, ValSeq) [function]
K0406	reference-semantics/semantics/dict.k	101	syntax	function	UNUSED_PATH	ACCEPT_FIXED_BASELINE_DECLARATION	syntax Val ::= dGet(ValSeq, ValSeq, Val) [function]
K0411	reference-semantics/semantics/float.k	24	syntax	function, total, symbol(intFloatDiv), no-evaluators	USED_PATH	ACCEPT_FIXED_BASELINE_DECLARATION	syntax Float ::= intFloatDiv(Int, Float) [function, total, symbol(intFloatDiv), no-evaluators]
K0412	reference-semantics/semantics/float.k	25	rule	concrete	USED_PATH	ACCEPT_FIXED_BASELINE_RULE	rule intFloatDiv(I:Int, F:Float) => Int2Float(I, 53, 11) /Float F [concrete]
K0414	reference-semantics/semantics/float.k	30	syntax	function, total, symbol(divII), no-evaluators	USED_PATH	ACCEPT_FIXED_BASELINE_DECLARATION	syntax Float ::= divII(Int, Int) [function, total, symbol(divII), no-evaluators]
K0415	reference-semantics/semantics/float.k	31	rule	concrete	USED_PATH	ACCEPT_FIXED_BASELINE_RULE	rule divII(I1:Int, I2:Int) => Int2Float(I1, 53, 11) /Float Int2Float(I2, 53, 11) [concrete]
K0417	reference-semantics/semantics/float.k	37	syntax	function, total, symbol(floatMod), no-evaluators	UNUSED_PATH	ACCEPT_FIXED_BASELINE_DECLARATION	syntax Float ::= floatMod(Float, Float) [function, total, symbol(floatMod), no-evaluators]
K0418	reference-semantics/semantics/float.k	38	rule	concrete	UNUSED_PATH	ACCEPT_FIXED_BASELINE_RULE	rule floatMod(F1:Float, F2:Float) => F1 -Float (floorFloat(F1 /Float F2) *Float F2) [concrete]
K0422	reference-semantics/semantics/float.k	50	syntax	function, total, symbol(floatLt), no-evaluators	UNUSED_PATH	ACCEPT_FIXED_BASELINE_DECLARATION	syntax Bool ::= floatLt(Float, Float) [function, total, symbol(floatLt), no-evaluators]
K0423	reference-semantics/semantics/float.k	51	rule	concrete	UNUSED_PATH	ACCEPT_FIXED_BASELINE_RULE	rule floatLt(F1:Float, F2:Float) => F1 <Float F2 [concrete]
K0425	reference-semantics/semantics/float.k	54	syntax	function, total, symbol(absF), no-evaluators	UNUSED_PATH	ACCEPT_FIXED_BASELINE_DECLARATION	syntax Float ::= absF(Float) [function, total, symbol(absF), no-evaluators]
K0426	reference-semantics/semantics/float.k	55	rule	concrete	UNUSED_PATH	ACCEPT_FIXED_BASELINE_RULE	rule absF(F:Float) => absFloat(F) [concrete]
K0430	reference-semantics/semantics/float.k	66	rule	priority(40)	USED_PATH	ACCEPT_FIXED_BASELINE_RULE	"rule <k> Call(Attribute(Name(""math""), ""ceil""), (E:Expr, .Exprs)) => E ~> #mathCeil ... </k> [priority(40)]"
K0433	reference-semantics/semantics/float.k	71	rule	priority(40)	USED_PATH	ACCEPT_FIXED_BASELINE_RULE	"rule <k> Call(Attribute(Name(""math""), ""floor""), (E:Expr, .Exprs)) => E ~> #mathFloor ... </k> [priority(40)]"
K0435	reference-semantics/semantics/float.k	73	syntax	function, total, symbol(floorFI)	USED_PATH	ACCEPT_FIXED_BASELINE_DECLARATION	syntax Int ::= floorFI(Val) [function, total, symbol(floorFI)]
K0436	reference-semantics/semantics/float.k	74	rule	concrete	USED_PATH	ACCEPT_FIXED_BASELINE_RULE	rule floorFI(I:Int) => I [concrete]
K0437	reference-semantics/semantics/float.k	75	rule	concrete	USED_PATH	ACCEPT_FIXED_BASELINE_RULE	rule floorFI(F:Float) => Float2Int(floorFloat(F)) [concrete]
K0441	reference-semantics/semantics/float.k	83	rule	priority(40)	USED_PATH	ACCEPT_FIXED_BASELINE_RULE	"rule <k> Call(Attribute(Name(""math""), ""pow""), (E1:Expr, E2:Expr, .Exprs)) => E1 ~> #mathPow1(E2) ... </k> [priority(40)]"
K0444	reference-semantics/semantics/float.k	86	syntax	function, total, symbol(toF)	UNUSED_PATH	ACCEPT_FIXED_BASELINE_DECLARATION	syntax Float ::= toF(Val) [function, total, symbol(toF)]
K0445	reference-semantics/semantics/float.k	87	rule	concrete	UNUSED_PATH	ACCEPT_FIXED_BASELINE_RULE	rule toF(F:Float) => F [concrete]
K0446	reference-semantics/semantics/float.k	88	rule	concrete	USED_PATH	ACCEPT_FIXED_BASELINE_RULE	rule toF(I:Int) => intToF(I) [concrete]
K0447	reference-semantics/semantics/float.k	93	syntax	function, total, symbol(ceilF)	USED_PATH	ACCEPT_FIXED_BASELINE_DECLARATION	syntax Int ::= ceilF(Val) [function, total, symbol(ceilF)]
K0448	reference-semantics/semantics/float.k	94	rule	concrete	USED_PATH	ACCEPT_FIXED_BASELINE_RULE	rule ceilF(I:Int) => I [concrete]
K0449	reference-semantics/semantics/float.k	95	rule	concrete	USED_PATH	ACCEPT_FIXED_BASELINE_RULE	rule ceilF(F:Float) => Float2Int(ceilFloat(F)) [concrete]
K0451	reference-semantics/semantics/float.k	103	syntax	function, total, symbol(subF), no-evaluators	UNUSED_PATH	ACCEPT_FIXED_BASELINE_DECLARATION	syntax Float ::= subF(Float, Float) [function, total, symbol(subF), no-evaluators]
K0452	reference-semantics/semantics/float.k	104	rule	concrete	UNUSED_PATH	ACCEPT_FIXED_BASELINE_RULE	rule subF(F1:Float, F2:Float) => F1 -Float F2 [concrete]
K0454	reference-semantics/semantics/float.k	107	syntax	function, total, symbol(divF), no-evaluators	UNUSED_PATH	ACCEPT_FIXED_BASELINE_DECLARATION	syntax Float ::= divF(Float, Float) [function, total, symbol(divF), no-evaluators]
K0455	reference-semantics/semantics/float.k	108	rule	concrete	UNUSED_PATH	ACCEPT_FIXED_BASELINE_RULE	rule divF(F1:Float, F2:Float) => F1 /Float F2 [concrete]
K0457	reference-semantics/semantics/float.k	111	syntax	function, total, symbol(addF), no-evaluators	UNUSED_PATH	ACCEPT_FIXED_BASELINE_DECLARATION	syntax Float ::= addF(Float, Float) [function, total, symbol(addF), no-evaluators]
K0458	reference-semantics/semantics/float.k	112	rule	concrete	UNUSED_PATH	ACCEPT_FIXED_BASELINE_RULE	rule addF(F1:Float, F2:Float) => F1 +Float F2 [concrete]
K0460	reference-semantics/semantics/float.k	115	syntax	function, total, symbol(mulF), no-evaluators	UNUSED_PATH	ACCEPT_FIXED_BASELINE_DECLARATION	syntax Float ::= mulF(Float, Float) [function, total, symbol(mulF), no-evaluators]
K0461	reference-semantics/semantics/float.k	116	rule	concrete	UNUSED_PATH	ACCEPT_FIXED_BASELINE_RULE	rule mulF(F1:Float, F2:Float) => F1 *Float F2 [concrete]
K0463	reference-semantics/semantics/float.k	119	syntax	function, total, symbol(powF), no-evaluators	UNUSED_PATH	ACCEPT_FIXED_BASELINE_DECLARATION	syntax Float ::= powF(Float, Float) [function, total, symbol(powF), no-evaluators]
K0464	reference-semantics/semantics/float.k	120	rule	concrete	UNUSED_PATH	ACCEPT_FIXED_BASELINE_RULE	rule powF(F1:Float, F2:Float) => F1 ^Float F2 [concrete]
K0466	reference-semantics/semantics/float.k	125	syntax	function, total, symbol(gtF), no-evaluators	UNUSED_PATH	ACCEPT_FIXED_BASELINE_DECLARATION	syntax Bool ::= gtF(Float, Float) [function, total, symbol(gtF), no-evaluators]
K0467	reference-semantics/semantics/float.k	126	rule	concrete	UNUSED_PATH	ACCEPT_FIXED_BASELINE_RULE	rule gtF(F1:Float, F2:Float) => F1 >Float F2 [concrete]
K0479	reference-semantics/semantics/float.k	142	syntax	function, total, symbol(eqF), no-evaluators	UNUSED_PATH	ACCEPT_FIXED_BASELINE_DECLARATION	syntax Bool ::= eqF(Float, Float) [function, total, symbol(eqF), no-evaluators]
K0480	reference-semantics/semantics/float.k	143	rule	concrete	UNUSED_PATH	ACCEPT_FIXED_BASELINE_RULE	rule eqF(F1:Float, F2:Float) => F1 ==Float F2 [concrete]
K0491	reference-semantics/semantics/float.k	160	syntax	function, total, symbol(decStrToF), no-evaluators	USED_PATH	ACCEPT_FIXED_BASELINE_DECLARATION	syntax Float ::= decStrToF(IntSeq) [function, total, symbol(decStrToF), no-evaluators]
K0492	reference-semantics/semantics/float.k	161	rule	concrete	USED_PATH	ACCEPT_FIXED_BASELINE_RULE	rule decStrToF(iCons(45, CS:IntSeq)) => 0.0 -Float decStrToF(CS) [concrete]
K0493	reference-semantics/semantics/float.k	162	rule	concrete	USED_PATH	ACCEPT_FIXED_BASELINE_RULE	rule decStrToF(CS:IntSeq) => intToF(intPart(CS)) +Float (intToF(fracPart(CS)) /Float intToF(fracScale(CS))) requires isLen(CS) >Int 0 andBool headIS(CS) =/=Int 45 [concrete]
K0494	reference-semantics/semantics/float.k	165	syntax	function	USED_PATH	ACCEPT_FIXED_BASELINE_DECLARATION	syntax Int ::= headIS(IntSeq) [function]
K0496	reference-semantics/semantics/float.k	167	syntax	function, total,function, total	USED_PATH	ACCEPT_FIXED_BASELINE_DECLARATION	syntax Int ::= intPart(IntSeq) [function, total] | intPartAcc(IntSeq, Int) [function, total]
K0501	reference-semantics/semantics/float.k	173	syntax	function, total,function, total	USED_PATH	ACCEPT_FIXED_BASELINE_DECLARATION	syntax Int ::= fracPart(IntSeq) [function, total] | fracAcc(IntSeq, Int) [function, total]
K0507	reference-semantics/semantics/float.k	179	syntax	function, total,function, total	USED_PATH	ACCEPT_FIXED_BASELINE_DECLARATION	syntax Int ::= fracScale(IntSeq) [function, total] | fscAcc(IntSeq, Int) [function, total]
K0516	reference-semantics/semantics/float.k	190	syntax	function, total, symbol(divFloatIntV), no-evaluators	USED_PATH	ACCEPT_FIXED_BASELINE_DECLARATION	syntax Float ::= divFloatIntV(Float, Int) [function, total, symbol(divFloatIntV), no-evaluators]
K0517	reference-semantics/semantics/float.k	191	rule	concrete	USED_PATH	ACCEPT_FIXED_BASELINE_RULE	rule divFloatIntV(F:Float, I:Int) => F /Float Int2Float(I, 53, 11) [concrete]
K0519	reference-semantics/semantics/float.k	195	syntax	function, total, symbol(intToF), no-evaluators	USED_PATH	ACCEPT_FIXED_BASELINE_DECLARATION	syntax Float ::= intToF(Int) [function, total, symbol(intToF), no-evaluators]
K0520	reference-semantics/semantics/float.k	196	rule	concrete	USED_PATH	ACCEPT_FIXED_BASELINE_RULE	rule intToF(I:Int) => Int2Float(I, 53, 11) [concrete]
K0531	reference-semantics/semantics/float.k	209	syntax	function, total, symbol(truncF), no-evaluators	USED_PATH	ACCEPT_FIXED_BASELINE_DECLARATION	syntax Int ::= truncF(Float) [function, total, symbol(truncF), no-evaluators]
K0532	reference-semantics/semantics/float.k	210	rule	concrete	USED_PATH	ACCEPT_FIXED_BASELINE_RULE	rule truncF(F:Float) => #if F >=Float 0.0 #then Float2Int(floorFloat(F)) #else Float2Int(ceilFloat(F)) #fi [concrete]
K0536	reference-semantics/semantics/float.k	217	syntax	function, total, symbol(roundF), no-evaluators	USED_PATH	ACCEPT_FIXED_BASELINE_DECLARATION	syntax Int ::= roundF(Float) [function, total, symbol(roundF), no-evaluators]
K0537	reference-semantics/semantics/float.k	218	rule	concrete	USED_PATH	ACCEPT_FIXED_BASELINE_RULE	rule roundF(F:Float) => #if (F -Float floorFloat(F)) ==Float 0.5 #then (#if Float2Int(floorFloat(F)) %Int 2 ==Int 0 #then Float2Int(floorFloat(F)) #else Float2Int(ceilFloat(F)) #fi) #else Float2Int(floorFloat(F +Float 0.5)) #fi [concrete]
K0538	reference-semantics/semantics/float.k	223	syntax	function, total, symbol(roundFN), no-evaluators	USED_PATH	ACCEPT_FIXED_BASELINE_DECLARATION	syntax Float ::= roundFN(Float, Int) [function, total, symbol(roundFN), no-evaluators]
K0539	reference-semantics/semantics/float.k	224	rule	concrete	USED_PATH	ACCEPT_FIXED_BASELINE_RULE	rule roundFN(F:Float, N:Int) => Int2Float(roundF(F *Float Int2Float(10 ^Int N, 53, 11)), 53, 11) /Float Int2Float(10 ^Int N, 53, 11) [concrete]
K0542	reference-semantics/semantics/float.k	230	syntax	function, total, symbol(sqrtF), no-evaluators	UNUSED_PATH	ACCEPT_FIXED_BASELINE_DECLARATION	syntax Float ::= sqrtF(Float) [function, total, symbol(sqrtF), no-evaluators]
K0543	reference-semantics/semantics/float.k	231	rule	concrete	UNUSED_PATH	ACCEPT_FIXED_BASELINE_RULE	rule sqrtF(F:Float) => sqrtFloat(F) [concrete]
K0545	reference-semantics/semantics/float.k	233	rule	priority(40)	USED_PATH	ACCEPT_FIXED_BASELINE_RULE	"rule <k> Call(Attribute(Name(""math""), ""sqrt""), (E:Expr, .Exprs)) => E ~> #mathSqrt ... </k> [priority(40)]"
K0579	reference-semantics/semantics/functions.k	68	rule	priority(40)	USED_PATH	ACCEPT_FIXED_BASELINE_RULE	"rule <k> #bindP((P:String, PS:ParamNames), (V:Val, VS:Vals)) => #cellW({M[P]}:>Val, V) ~> #bindP(PS, VS) ... </k> <env> L:Int </env> <scopes> ... L |-> scope(M:Map, _) ... </scopes> requires ""$cells"" in_keys(M) andBool pnMember(P, cellsOf({M[""$cells""]}:>Val)) andBool P in_keys(M) andBool isCellRef({M[P]}:>Val) [priority(40)]"
K0592	reference-semantics/semantics/int.k	19	syntax	function	USED_PATH	ACCEPT_FIXED_BASELINE_DECLARATION	syntax Int ::= pyMod(Int, Int) [function]
K0606	reference-semantics/semantics/list.k	18	syntax	function, total	UNUSED_PATH	ACCEPT_FIXED_BASELINE_DECLARATION	syntax ValSeq ::= valSeqConcat(ValSeq, ValSeq) [function, total]
K0609	reference-semantics/semantics/list.k	24	rule	priority(45)	UNUSED_PATH	ACCEPT_FIXED_BASELINE_RULE	"rule <k> BinOp(""+"", list(A:ValSeq), list(B:ValSeq)) => #alloc(list(valSeqConcat(A, B))) ... </k> [priority(45)]"
K0612	reference-semantics/semantics/list.k	33	syntax	function, total	UNUSED_PATH	ACCEPT_FIXED_BASELINE_DECLARATION	syntax Bool ::= hasRefVS(ValSeq) [function, total]
K0615	reference-semantics/semantics/list.k	37	syntax	function,function	UNUSED_PATH	ACCEPT_FIXED_BASELINE_DECLARATION	syntax Bool ::= deepEqVS(ValSeq, ValSeq, Map) [function] | deepEqV(Val, Val, Map) [function]
K0623	reference-semantics/semantics/list.k	50	rule	owise	UNUSED_PATH	ACCEPT_FIXED_BASELINE_RULE	rule deepEqV(A:Val, B:Val, _:Map) => A ==K B [owise]
K0624	reference-semantics/semantics/list.k	53	rule	priority(40)	USED_PATH	ACCEPT_FIXED_BASELINE_RULE	"rule <k> #applyK(toCall(boundMethodV(ref(H:Int), ""append"")), (V:Val, .Vals)) => noneV ... </k> <heap> ... H |-> list(VS:ValSeq => valSeqConcat(VS, vCons(V, .ValSeq))) ... </heap> [priority(40)]"
K0633	reference-semantics/semantics/methods.k	10	syntax	function	USED_PATH	ACCEPT_FIXED_BASELINE_DECLARATION	syntax Val ::= applyMethod(Val, String, Vals) [function]
K0642	reference-semantics/semantics/methods.k	27	syntax	function, total	USED_PATH	ACCEPT_FIXED_BASELINE_DECLARATION	syntax IntSeq ::= joinCodes(IntSeq, ValSeq) [function, total]
K0647	reference-semantics/semantics/methods.k	35	syntax	function	USED_PATH	ACCEPT_FIXED_BASELINE_DECLARATION	syntax Int ::= cntSub(IntSeq, IntSeq) [function]
K0651	reference-semantics/semantics/methods.k	41	syntax	function, total	USED_PATH	ACCEPT_FIXED_BASELINE_DECLARATION	syntax IntSeq ::= dropIS(IntSeq, Int) [function, total]
K0653	reference-semantics/semantics/methods.k	43	rule	owise	USED_PATH	ACCEPT_FIXED_BASELINE_RULE	rule dropIS(.IntSeq, _:Int) => .IntSeq [owise]
K0656	reference-semantics/semantics/methods.k	48	syntax	function, total	USED_PATH	ACCEPT_FIXED_BASELINE_DECLARATION	syntax IntSeq ::= trimWS(IntSeq) [function, total]
K0660	reference-semantics/semantics/methods.k	52	syntax	function, total,function, total	USED_PATH	ACCEPT_FIXED_BASELINE_DECLARATION	syntax IntSeq ::= revIS(IntSeq) [function, total] | revISAcc(IntSeq, IntSeq) [function, total]
K0667	reference-semantics/semantics/methods.k	65	syntax	function, total	USED_PATH	ACCEPT_FIXED_BASELINE_DECLARATION	syntax Int ::= cntOccVS(ValSeq, Val) [function, total]
K0671	reference-semantics/semantics/methods.k	72	rule	priority(40)	USED_PATH	ACCEPT_FIXED_BASELINE_RULE	"rule <k> #applyK(toCall(boundMethodV(str(CS:IntSeq), ""split"")), .Vals) => #alloc(list(splitWS(CS, .IntSeq, .ValSeq))) ... </k> [priority(40)]"
K0672	reference-semantics/semantics/methods.k	75	syntax	function	USED_PATH	ACCEPT_FIXED_BASELINE_DECLARATION	syntax ValSeq ::= splitWS(IntSeq, IntSeq, ValSeq) [function] // remaining, current token, result
K0676	reference-semantics/semantics/methods.k	82	syntax	function	USED_PATH	ACCEPT_FIXED_BASELINE_DECLARATION	syntax ValSeq ::= flushTok(ValSeq, IntSeq) [function]
K0679	reference-semantics/semantics/methods.k	85	syntax	function, total	USED_PATH	ACCEPT_FIXED_BASELINE_DECLARATION	syntax Bool ::= isWSC(Int) [function, total]
K0681	reference-semantics/semantics/methods.k	89	rule	priority(39)	USED_PATH	ACCEPT_FIXED_BASELINE_RULE	"rule <k> #applyK(toCall(boundMethodV(str(CS:IntSeq), ""split"")), (kwV(""sep"", str(S:IntSeq)), .Vals)) => #applyK(toCall(boundMethodV(str(CS), ""split"")), (str(S), .Vals)) ... </k> [priority(39)]"
K0682	reference-semantics/semantics/methods.k	94	rule	priority(40)	USED_PATH	ACCEPT_FIXED_BASELINE_RULE	"rule <k> #applyK(toCall(boundMethodV(str(CS:IntSeq), ""split"")), (str(iCons(SEP:Int, .IntSeq)), .Vals)) => #alloc(list(splitSep(CS, SEP, .IntSeq))) ... </k> [priority(40)]"
K0683	reference-semantics/semantics/methods.k	97	syntax	function	USED_PATH	ACCEPT_FIXED_BASELINE_DECLARATION	syntax ValSeq ::= splitSep(IntSeq, Int, IntSeq) [function] // remaining, sep code, current token
K0688	reference-semantics/semantics/methods.k	106	syntax	function, total	USED_PATH	ACCEPT_FIXED_BASELINE_DECLARATION	syntax IntSeq ::= replaceC(IntSeq, Int, Int) [function, total]
K0692	reference-semantics/semantics/methods.k	112	syntax	function, total	USED_PATH	ACCEPT_FIXED_BASELINE_DECLARATION	syntax Bool ::= isUpperC(Int) [function, total]
K0694	reference-semantics/semantics/methods.k	115	syntax	function, total	USED_PATH	ACCEPT_FIXED_BASELINE_DECLARATION	syntax Bool ::= isLowerC(Int) [function, total]
K0696	reference-semantics/semantics/methods.k	118	syntax	function, total	USED_PATH	ACCEPT_FIXED_BASELINE_DECLARATION	syntax Bool ::= isAlphaC(Int) [function, total]
K0698	reference-semantics/semantics/methods.k	121	syntax	function, total	USED_PATH	ACCEPT_FIXED_BASELINE_DECLARATION	syntax Bool ::= isDigitC(Int) [function, total]
K0700	reference-semantics/semantics/methods.k	124	syntax	function, total	USED_PATH	ACCEPT_FIXED_BASELINE_DECLARATION	syntax Bool ::= hasUpper(IntSeq) [function, total]
K0703	reference-semantics/semantics/methods.k	128	syntax	function, total	USED_PATH	ACCEPT_FIXED_BASELINE_DECLARATION	syntax Bool ::= hasLower(IntSeq) [function, total]
K0706	reference-semantics/semantics/methods.k	132	syntax	function, total	USED_PATH	ACCEPT_FIXED_BASELINE_DECLARATION	syntax Bool ::= allAlpha(IntSeq) [function, total]
K0709	reference-semantics/semantics/methods.k	136	syntax	function, total	USED_PATH	ACCEPT_FIXED_BASELINE_DECLARATION	syntax Bool ::= allDigit(IntSeq) [function, total]
K0712	reference-semantics/semantics/methods.k	140	syntax	function, total	USED_PATH	ACCEPT_FIXED_BASELINE_DECLARATION	syntax Int ::= lowerC(Int) [function, total]
K0714	reference-semantics/semantics/methods.k	143	rule	owise	USED_PATH	ACCEPT_FIXED_BASELINE_RULE	rule lowerC(C:Int) => C [owise]
K0715	reference-semantics/semantics/methods.k	145	syntax	function, total	USED_PATH	ACCEPT_FIXED_BASELINE_DECLARATION	syntax Int ::= upperC(Int) [function, total]
K0717	reference-semantics/semantics/methods.k	147	rule	owise	USED_PATH	ACCEPT_FIXED_BASELINE_RULE	rule upperC(C:Int) => C [owise]
K0718	reference-semantics/semantics/methods.k	149	syntax	function, total	USED_PATH	ACCEPT_FIXED_BASELINE_DECLARATION	syntax Int ::= swapC(Int) [function, total]
K0721	reference-semantics/semantics/methods.k	152	rule	owise	USED_PATH	ACCEPT_FIXED_BASELINE_RULE	rule swapC(C:Int) => C [owise]
K0722	reference-semantics/semantics/methods.k	154	syntax	function, total	USED_PATH	ACCEPT_FIXED_BASELINE_DECLARATION	syntax IntSeq ::= mapLower(IntSeq) [function, total]
K0725	reference-semantics/semantics/methods.k	158	syntax	function, total	USED_PATH	ACCEPT_FIXED_BASELINE_DECLARATION	syntax IntSeq ::= mapUpper(IntSeq) [function, total]
K0728	reference-semantics/semantics/methods.k	162	syntax	function, total	USED_PATH	ACCEPT_FIXED_BASELINE_DECLARATION	syntax IntSeq ::= mapSwap(IntSeq) [function, total]
K0731	reference-semantics/semantics/methods.k	166	syntax	function, total	USED_PATH	ACCEPT_FIXED_BASELINE_DECLARATION	syntax Bool ::= startsWith(IntSeq, IntSeq) [function, total]
K0739	reference-semantics/semantics/operators.k	17	rule	owise	USED_PATH	ACCEPT_FIXED_BASELINE_RULE	rule <k> Compare(LV:Val, CmpOp(OP:String, RV:Val)) => applyCmp(OP, LV, RV) ... </k> [owise]
K0742	reference-semantics/semantics/operators.k	25	rule	priority(40)	USED_PATH	ACCEPT_FIXED_BASELINE_RULE	rule <k> BinOp(OP:String, ref(H:Int), R:Expr) => BinOp(OP, V, R) ... </k> <heap> ... H |-> V:Val ... </heap> [priority(40)]
K0743	reference-semantics/semantics/operators.k	28	rule	priority(40)	USED_PATH	ACCEPT_FIXED_BASELINE_RULE	rule <k> BinOp(OP:String, L:Val, ref(H:Int)) => BinOp(OP, L, V) ... </k> <heap> ... H |-> V:Val ... </heap> requires notBool isRefV(L) [priority(40)]
K0744	reference-semantics/semantics/operators.k	34	rule	priority(40)	USED_PATH	ACCEPT_FIXED_BASELINE_RULE	"rule <k> Compare(ref(H:Int), CmpOp(OP:String, R:Expr)) => Compare(V, CmpOp(OP, R)) ... </k> <heap> ... H |-> V:Val ... </heap> requires OP =/=String ""in"" andBool OP =/=String ""not in"" [priority(40)]"
K0745	reference-semantics/semantics/operators.k	38	rule	priority(40)	USED_PATH	ACCEPT_FIXED_BASELINE_RULE	"rule <k> Compare(L:Val, CmpOp(OP:String, ref(H:Int))) => Compare(L, CmpOp(OP, V)) ... </k> <heap> ... H |-> V:Val ... </heap> requires notBool isRefV(L) orBool OP ==String ""in"" orBool OP ==String ""not in"" [priority(40)]"
K0746	reference-semantics/semantics/operators.k	44	rule	priority(40)	USED_PATH	ACCEPT_FIXED_BASELINE_RULE	rule <k> UnaryOp(OP:String, ref(H:Int)) => UnaryOp(OP, V) ... </k> <heap> ... H |-> V:Val ... </heap> [priority(40)]
K0747	reference-semantics/semantics/range.k	9	syntax	function, total	USED_PATH	ACCEPT_FIXED_BASELINE_DECLARATION	syntax Bool ::= inRange(Int, Int, Int) [function, total]
K0749	reference-semantics/semantics/range.k	12	syntax	function	USED_PATH	ACCEPT_FIXED_BASELINE_DECLARATION	syntax Int ::= rangeLen(Int, Int, Int) [function]
K0756	reference-semantics/semantics/set.k	11	syntax	function, total	USED_PATH	ACCEPT_FIXED_BASELINE_DECLARATION	syntax Bool ::= codeIn(Int, IntSeq) [function, total]
K0759	reference-semantics/semantics/set.k	16	syntax	function, total,function, total	USED_PATH	ACCEPT_FIXED_BASELINE_DECLARATION	syntax IntSeq ::= dedupCodes(IntSeq) [function, total] | dedupFrom(IntSeq, IntSeq) [function, total]
K0764	reference-semantics/semantics/set.k	25	syntax	function, total	USED_PATH	ACCEPT_FIXED_BASELINE_DECLARATION	syntax IntSeq ::= snocCode(IntSeq, Int) [function, total]
K0767	reference-semantics/semantics/set.k	31	syntax	function, total	USED_PATH	ACCEPT_FIXED_BASELINE_DECLARATION	syntax Bool ::= subsetCodes(IntSeq, IntSeq) [function, total]
K0770	reference-semantics/semantics/set.k	35	syntax	function, total	USED_PATH	ACCEPT_FIXED_BASELINE_DECLARATION	syntax Bool ::= sameSet(IntSeq, IntSeq) [function, total]
K0773	reference-semantics/semantics/sort.k	18	syntax	function, total, symbol(sortVS), no-evaluators	UNUSED_PATH	ACCEPT_FIXED_BASELINE_DECLARATION	syntax ValSeq ::= sortVS(ValSeq) [function, total, symbol(sortVS), no-evaluators]
K0774	reference-semantics/semantics/sort.k	19	syntax	function	USED_PATH	ACCEPT_FIXED_BASELINE_DECLARATION	syntax ValSeq ::= insVS(Int, ValSeq) [function]
K0775	reference-semantics/semantics/sort.k	20	rule	concrete	UNUSED_PATH	ACCEPT_FIXED_BASELINE_RULE	rule sortVS(.ValSeq) => .ValSeq [concrete]
K0776	reference-semantics/semantics/sort.k	21	rule	concrete	USED_PATH	ACCEPT_FIXED_BASELINE_RULE	rule sortVS(vCons(X:Int, R:ValSeq)) => insVS(X, sortVS(R)) [concrete]
K0777	reference-semantics/semantics/sort.k	22	rule	concrete	USED_PATH	ACCEPT_FIXED_BASELINE_RULE	rule insVS(X:Int, .ValSeq) => vCons(X, .ValSeq) [concrete]
K0778	reference-semantics/semantics/sort.k	23	rule	concrete	USED_PATH	ACCEPT_FIXED_BASELINE_RULE	rule insVS(X:Int, vCons(Y:Int, R:ValSeq)) => vCons(X, vCons(Y, R)) requires X <=Int Y [concrete]
K0779	reference-semantics/semantics/sort.k	24	rule	concrete	USED_PATH	ACCEPT_FIXED_BASELINE_RULE	rule insVS(X:Int, vCons(Y:Int, R:ValSeq)) => vCons(Y, insVS(X, R)) requires X >Int Y [concrete]
K0780	reference-semantics/semantics/sort.k	26	syntax	function	USED_PATH	ACCEPT_FIXED_BASELINE_DECLARATION	syntax ValSeq ::= insVSs(IntSeq, ValSeq) [function]
K0781	reference-semantics/semantics/sort.k	27	rule	concrete	USED_PATH	ACCEPT_FIXED_BASELINE_RULE	rule sortVS(vCons(str(CS:IntSeq), R:ValSeq)) => insVSs(CS, sortVS(R)) [concrete]
K0782	reference-semantics/semantics/sort.k	28	rule	concrete	USED_PATH	ACCEPT_FIXED_BASELINE_RULE	rule insVSs(A:IntSeq, .ValSeq) => vCons(str(A), .ValSeq) [concrete]
K0783	reference-semantics/semantics/sort.k	29	rule	concrete	USED_PATH	ACCEPT_FIXED_BASELINE_RULE	rule insVSs(A:IntSeq, vCons(str(B:IntSeq), R:ValSeq)) => vCons(str(A), vCons(str(B), R)) requires strLt(A, B) orBool A ==K B [concrete]
K0784	reference-semantics/semantics/sort.k	31	rule	concrete	USED_PATH	ACCEPT_FIXED_BASELINE_RULE	rule insVSs(A:IntSeq, vCons(str(B:IntSeq), R:ValSeq)) => vCons(str(B), insVSs(A, R)) requires notBool (strLt(A, B) orBool A ==K B) [concrete]
K0786	reference-semantics/semantics/sort.k	40	rule	priority(40)	USED_PATH	ACCEPT_FIXED_BASELINE_RULE	"rule <k> #applyK(toCall(boundMethodV(ref(H:Int), ""sort"")), .Vals) => noneV ... </k> <heap> ... H |-> list(VS:ValSeq => sortVS(VS)) ... </heap> [priority(40)]"
K0787	reference-semantics/semantics/sort.k	49	syntax	function, total, symbol(sortKeyVS), no-evaluators	UNUSED_PATH	ACCEPT_FIXED_BASELINE_DECLARATION	syntax ValSeq ::= sortKeyVS(ValSeq, Val) [function, total, symbol(sortKeyVS), no-evaluators]
K0788	reference-semantics/semantics/sort.k	51	syntax	function, total,function, total	UNUSED_PATH	ACCEPT_FIXED_BASELINE_DECLARATION	syntax ValSeq ::= revVS(ValSeq) [function, total] | revVSAcc(ValSeq, ValSeq) [function, total]
K0792	reference-semantics/semantics/sort.k	57	syntax	function, total	UNUSED_PATH	ACCEPT_FIXED_BASELINE_DECLARATION	syntax ValSeq ::= condRev(ValSeq, Bool) [function, total]
K0800	reference-semantics/semantics/str.k	13	syntax	function	USED_PATH	ACCEPT_FIXED_BASELINE_DECLARATION	syntax IntSeq ::= strToCodes(String) [function]
K0804	reference-semantics/semantics/str.k	20	syntax	function, total	USED_PATH	ACCEPT_FIXED_BASELINE_DECLARATION	syntax IntSeq ::= seqConcat(IntSeq, IntSeq) [function, total]
K0812	reference-semantics/semantics/str.k	32	syntax	function, total	USED_PATH	ACCEPT_FIXED_BASELINE_DECLARATION	syntax Bool ::= strPrefix(IntSeq, IntSeq) [function, total]
K0816	reference-semantics/semantics/str.k	37	syntax	function, total	USED_PATH	ACCEPT_FIXED_BASELINE_DECLARATION	syntax Bool ::= strContains(IntSeq, IntSeq) [function, total]
K0820	reference-semantics/semantics/str.k	48	syntax	function, total	USED_PATH	ACCEPT_FIXED_BASELINE_DECLARATION	syntax Bool ::= strLt(IntSeq, IntSeq) [function, total]
K0831	reference-semantics/semantics/subscript.k	11	syntax	function, total	USED_PATH	ACCEPT_FIXED_BASELINE_DECLARATION	syntax Val ::= valSeqAt(ValSeq, Int) [function, total]
K0834	reference-semantics/semantics/subscript.k	16	syntax	function	USED_PATH	ACCEPT_FIXED_BASELINE_DECLARATION	syntax Int ::= intSeqAt(IntSeq, Int) [function]
K0837	reference-semantics/semantics/subscript.k	21	syntax	function, total	USED_PATH	ACCEPT_FIXED_BASELINE_DECLARATION	syntax Int ::= normIdx(Int, Int) [function, total]
K0842	reference-semantics/semantics/subscript.k	31	rule	priority(40)	USED_PATH	ACCEPT_FIXED_BASELINE_RULE	rule <k> Subscript(ref(H:Int), IX:Index) => Subscript(V, IX) ... </k> <heap> ... H |-> V:Val ... </heap> [priority(40)]
K0844	reference-semantics/semantics/subscript.k	37	syntax	function	USED_PATH	ACCEPT_FIXED_BASELINE_DECLARATION	syntax Val ::= applyIndex(Val, Int) [function]
K0856	reference-semantics/semantics/subscript.k	58	rule	priority(45)	USED_PATH	ACCEPT_FIXED_BASELINE_RULE	rule <k> ST:OptInt ~> #slStep(list(VS:ValSeq), LO:OptInt, HI:OptInt) => #alloc(doSlice(list(VS), LO, HI, ST)) ... </k> [priority(45)]
K0858	reference-semantics/semantics/subscript.k	63	syntax	function	USED_PATH	ACCEPT_FIXED_BASELINE_DECLARATION	syntax Val ::= doSlice(Val, OptInt, OptInt, OptInt) [function]
K0862	reference-semantics/semantics/subscript.k	72	syntax	function, total	USED_PATH	ACCEPT_FIXED_BASELINE_DECLARATION	syntax Int ::= slStep(OptInt) [function, total]
K0865	reference-semantics/semantics/subscript.k	76	syntax	function	USED_PATH	ACCEPT_FIXED_BASELINE_DECLARATION	syntax Int ::= slStart(OptInt, OptInt, Int) [function]
K0869	reference-semantics/semantics/subscript.k	83	syntax	function	USED_PATH	ACCEPT_FIXED_BASELINE_DECLARATION	syntax Int ::= slStop(OptInt, OptInt, Int) [function]
K0873	reference-semantics/semantics/subscript.k	90	syntax	function, total	USED_PATH	ACCEPT_FIXED_BASELINE_DECLARATION	syntax Int ::= slAdjust(Int, Int, Int) [function, total]
K0876	reference-semantics/semantics/subscript.k	96	syntax	function, total	USED_PATH	ACCEPT_FIXED_BASELINE_DECLARATION	syntax Int ::= clampLo(Int, Int) [function, total]
K0879	reference-semantics/semantics/subscript.k	102	syntax	function, total	USED_PATH	ACCEPT_FIXED_BASELINE_DECLARATION	syntax Int ::= clampHi(Int, Int, Int) [function, total]
K0882	reference-semantics/semantics/subscript.k	109	syntax	function	USED_PATH	ACCEPT_FIXED_BASELINE_DECLARATION	syntax ValSeq ::= buildVS(ValSeq, Int, Int, Int) [function]
K0885	reference-semantics/semantics/subscript.k	116	syntax	function	USED_PATH	ACCEPT_FIXED_BASELINE_DECLARATION	syntax IntSeq ::= buildIS(IntSeq, Int, Int, Int) [function]
K0888	reference-semantics/semantics/syntax.k	9	syntax	strict(2),seqstrict(2, 3),macro,macro,strict(1),strict(1)	USED_PATH	ACCEPT_FIXED_BASELINE_DECLARATION	"syntax Expr ::= ""Int"" ""("" Int "")"" | ""Float"" ""("" Float "")"" | ""Bool"" ""("" Bool "")"" | ""Name"" ""("" String "")"" | ""Str"" ""("" String "")"" | ""UnaryOp"" ""("" String "","" Expr "")"" [strict(2)] | ""BinOp"" ""("" String "","" Expr "","" Expr "")"" [seqstrict(2, 3)] | ""BoolOp"" ""("" String "","" Exprs "")"" | ""ListExpr"" ""("" Exprs "")"" | ""DictExpr"" ""("" Entries "")"" | ""ListComp"" ""("" Expr "","" CompFors "")"" [macro] | ""GenExp"" ""("" Expr "","" CompFors "")"" [macro] | ""TupleExpr"" ""("" Exprs "")"" | ""Subscript"" ""("" Expr "","" Index "")"" | ""IfExp"" ""("" Expr "","" Expr "","" Expr "")"" [strict(1)] | ""Lambda"" ""("" Params "","" Expr "")"" | ""KwArg"" ""("" String "","" Expr "")"" | ""Lambda"" ""("" Params "","" CellVars "","" FreeVars "","" Expr "")"" | ""NoneVal"" | ""Call"" ""("" Expr "","" Exprs "")"" | ""Attribute"" ""("" Expr "","" String "")"" [strict(1)] | ""Compare"" ""("" Expr "","" CmpOp "")"""
K0897	reference-semantics/semantics/syntax.k	41	syntax	strict(2),strict(3),strict(2),strict(1),strict,strict,strict	USED_PATH	ACCEPT_FIXED_BASELINE_DECLARATION	"syntax Stmt ::= ""Assign"" ""("" Expr "","" Expr "")"" [strict(2)] | ""Import"" ""("" String "")"" | ""ImportFrom"" ""("" String "","" ParamNames "")"" | ""AugAssign"" ""("" Expr "","" String "","" Expr "")"" [strict(3)] | ""For"" ""("" Expr "","" Expr "","" Stmts "")"" [strict(2)] | ""While"" ""("" Expr "","" Stmts "")"" | ""Break"" | ""Continue"" | ""If"" ""("" Expr "","" Stmts "","" Stmts "")"" [strict(1)] | ""Return"" ""("" Expr "")"" [strict] | ""Assert"" ""("" Expr "")"" [strict] | ""Expr"" ""("" Expr "")"" [strict] | ""FuncDef"" ""("" String "","" Params "","" Stmts "")"" | ""FuncDef"" ""("" String "","" Params "","" CellVars "","" FreeVars "","" Stmts "")"""
K0913	reference-semantics/semantics/tuple.k	24	syntax	function	USED_PATH	ACCEPT_FIXED_BASELINE_DECLARATION	syntax Int ::= idxOfVS(ValSeq, Val, Int) [function]
K0919	reference-semantics/semantics/tuple.k	35	rule	priority(40)	USED_PATH	ACCEPT_FIXED_BASELINE_RULE	"rule <k> #bindTgt(Name(X:String), V:Val) => #cellW({M[X]}:>Val, V) ... </k> <env> L:Int </env> <scopes> ... L |-> scope(M:Map, _) ... </scopes> requires ""$cells"" in_keys(M) andBool pnMember(X, cellsOf({M[""$cells""]}:>Val)) andBool X in_keys(M) andBool isCellRef({M[X]}:>Val) [priority(40)]"
K0922	reference-semantics/semantics/tuple.k	44	rule	priority(40)	USED_PATH	ACCEPT_FIXED_BASELINE_RULE	rule <k> #bindTgt(TupleExpr(TS:Exprs), ref(H:Int)) => #bindTgt(TupleExpr(TS), V) ... </k> <heap> ... H |-> V:Val ... </heap> [priority(40)]
K0926	reference-semantics/semantics/tuple.k	52	rule	priority(40)	USED_PATH	ACCEPT_FIXED_BASELINE_RULE	rule <k> Assign(TupleExpr(TS:Exprs), ref(H:Int)) => Assign(TupleExpr(TS), V) ... </k> <heap> ... H |-> V:Val ... </heap> [priority(40)]
K0929	verification.k	7	syntax	macro	UNUSED_PATH	ACCEPT_PROOF_LOCAL_DECLARATION	"syntax Stmts ::= ""getClosestBody"" [macro]"
K0931	verification.k	33	syntax	function, total	USED_PATH	ACCEPT_PROOF_LOCAL_DECLARATION	syntax Bool ::= isVowelCode(Int) [function, total]
K0933	verification.k	40	syntax	function, total	USED_PATH	ACCEPT_PROOF_LOCAL_DECLARATION	syntax Bool ::= qualifyingTriple(Int, Int, Int) [function, total]
K0935	verification.k	49	syntax	function, total	USED_PATH	ACCEPT_PROOF_LOCAL_DECLARATION	syntax IntSeq ::= closestVowelSpec(IntSeq) [function, total]
K0943	verification.k	69	rule	priority(40)	USED_PATH	ACCEPT_DERIVABLE_SLICE_BRIDGE_CONNECTION_NOT_SUBMITTED	rule <k> Subscript(str(iCons(_:Int, R:IntSeq)), Slice(Int(1), NoBound, NoBound)) => str(R) ... </k> [priority(40)]
K0944	verification.k	74	syntax	macro	USED_PATH	ACCEPT_PROOF_LOCAL_DECLARATION	"syntax IntSeq ::= ""vowelCodes"" [macro]"
K0947	verification.k	87	rule	priority(40)	USED_PATH	REJECT_CIRCULAR_RESULT_BEARING_OPERATIONAL_AXIOM	"rule <k> #applyK( toCall(closureVal(""word"", getClosestBody, 0)), (str(CS:IntSeq), .Vals)) => str(closestVowelSpec(CS)) ... </k> <env> L:Int </env> requires L >Int 0 [priority(40)]"
K0948	verification.k	97	rule	simplification	USED_PATH	ACCEPT_STRUCTURAL_LENGTH_ARITHMETIC_SIMPLIFICATION	rule isLen(CS:IntSeq) <Int 0 => false [simplification]
K0949	verification.k	98	rule	simplification	USED_PATH	ACCEPT_STRUCTURAL_LENGTH_ARITHMETIC_SIMPLIFICATION	rule isLen(CS:IntSeq) >=Int 0 => true [simplification]
K0950	verification.k	99	rule	simplification	USED_PATH	ACCEPT_STRUCTURAL_LENGTH_ARITHMETIC_SIMPLIFICATION	rule isLen(CS:IntSeq) +Int 3 <Int 3 => false [simplification]
K0951	verification.k	105	rule	simplification	USED_PATH	ACCEPT_FRESH_MAP_UPDATE_NORMALIZATION	rule BASE:Map [ N:Int <- S:Scope ] => (N |-> S) BASE requires notBool N in_keys(BASE) [simplification]
[exit 0]

[script exit 0]
