COMMAND TEMPLATE: krun solution.mpy --definition audit-semantic-llvm-kompiled -cINPUT=<K-String> --output pretty
case_count=18
input='' k=0 candidate=0 canonical=0 k_candidate_match=yes k_canonical_match=yes
input='@' k=0 candidate=0 canonical=0 k_candidate_match=yes k_canonical_match=yes
input='A' k=65 candidate=65 canonical=65 k_candidate_match=yes k_canonical_match=yes
input='Z' k=90 candidate=90 canonical=90 k_candidate_match=yes k_canonical_match=yes
input='[' k=0 candidate=0 canonical=0 k_candidate_match=yes k_canonical_match=yes
input='abAB' k=131 candidate=131 canonical=131 k_candidate_match=yes k_canonical_match=yes
input='abcCd' k=67 candidate=67 canonical=67 k_candidate_match=yes k_canonical_match=yes
input='helloE' k=69 candidate=69 canonical=69 k_candidate_match=yes k_canonical_match=yes
input='woArBld' k=131 candidate=131 canonical=131 k_candidate_match=yes k_canonical_match=yes
input='aAaaaXa' k=153 candidate=153 canonical=153 k_candidate_match=yes k_canonical_match=yes
input='AZaz09' k=155 candidate=155 canonical=155 k_candidate_match=yes k_canonical_match=yes
input='A"Z' k=155 candidate=155 canonical=155 k_candidate_match=yes k_canonical_match=yes
input='A\\Z' k=155 candidate=155 canonical=155 k_candidate_match=yes k_canonical_match=yes
input='A\nZ' k=155 candidate=155 canonical=155 k_candidate_match=yes k_canonical_match=yes
input='\xc9' k=0 candidate=0 canonical=201 k_candidate_match=yes k_canonical_match=NO
input='\u03a9' k=0 candidate=0 canonical=937 k_candidate_match=yes k_canonical_match=NO
input='A\u03a9Z' k=155 candidate=155 canonical=1092 k_candidate_match=yes k_canonical_match=NO
input='\U0001d504' k=0 candidate=0 canonical=120068 k_candidate_match=yes k_canonical_match=NO
K_SEMANTICS_CANDIDATE_DIFFERENTIAL=PASS
EXIT_STATUS=0
