Script started on 2026-07-26 22:28:47-05:00 [<not executed on terminal>]

$ kprove spec-ground.k --definition audit-verification-kompiled --spec-module SUM-SQUARES-GROUND-SPEC --claims SUM-SQUARES-GROUND-SPEC.ground-empty --output pretty
#Top
[Warning] Compiler: Variable 'As' defined but not used. Prefix variable name
with underscore if this is intentional.
	Source(/tmp/audit-work/candidate/reference-semantics/semantics/str.k)
	Location(52,27,52,29)
	52 |	  rule strLt(iCons(A:Int, As:IntSeq), iCons(B:Int, Bs:IntSeq)) => true   
      requires A  <Int B
	   .	                          ^~
[Warning] Compiler: Variable 'Bs' defined but not used. Prefix variable name
with underscore if this is intentional.
	Source(/tmp/audit-work/candidate/reference-semantics/semantics/str.k)
	Location(52,52,52,54)
	52 |	  rule strLt(iCons(A:Int, As:IntSeq), iCons(B:Int, Bs:IntSeq)) => true   
      requires A  <Int B
	   .	                                                   ^~
[Warning] Compiler: Variable 'As' defined but not used. Prefix variable name
with underscore if this is intentional.
	Source(/tmp/audit-work/candidate/reference-semantics/semantics/str.k)
	Location(53,27,53,29)
	53 |	  rule strLt(iCons(A:Int, As:IntSeq), iCons(B:Int, Bs:IntSeq)) => false  
      requires A  >Int B
	   .	                          ^~
[Warning] Compiler: Variable 'Bs' defined but not used. Prefix variable name
with underscore if this is intentional.
	Source(/tmp/audit-work/candidate/reference-semantics/semantics/str.k)
	Location(53,52,53,54)
	53 |	  rule strLt(iCons(A:Int, As:IntSeq), iCons(B:Int, Bs:IntSeq)) => false  
      requires A  >Int B
	   .	                                                   ^~
[Warning] Compiler: Variable 'INPUT' defined but not used. Prefix variable name
with underscore if this is intentional.
	Source(/tmp/audit-work/candidate/verification.k)
	Location(48,21,48,26)
	48 |	          "lst" |-> INPUT:Val
	   .	                    ^~~~~
[Warning] Compiler: Variable 'PARENT' defined but not used. Prefix variable
name with underscore if this is intentional.
	Source(/tmp/audit-work/candidate/verification.k)
	Location(51,11,51,17)
	51 |	          PARENT:Parent))
	   .	          ^~~~~~
EXIT: 0

$ kprove spec-ground.k --definition audit-verification-kompiled --spec-module SUM-SQUARES-GROUND-SPEC --claims SUM-SQUARES-GROUND-SPEC.ground-ints --output pretty
#Top
[Warning] Compiler: Variable 'As' defined but not used. Prefix variable name
with underscore if this is intentional.
	Source(/tmp/audit-work/candidate/reference-semantics/semantics/str.k)
	Location(52,27,52,29)
	52 |	  rule strLt(iCons(A:Int, As:IntSeq), iCons(B:Int, Bs:IntSeq)) => true   
      requires A  <Int B
	   .	                          ^~
[Warning] Compiler: Variable 'Bs' defined but not used. Prefix variable name
with underscore if this is intentional.
	Source(/tmp/audit-work/candidate/reference-semantics/semantics/str.k)
	Location(52,52,52,54)
	52 |	  rule strLt(iCons(A:Int, As:IntSeq), iCons(B:Int, Bs:IntSeq)) => true   
      requires A  <Int B
	   .	                                                   ^~
[Warning] Compiler: Variable 'As' defined but not used. Prefix variable name
with underscore if this is intentional.
	Source(/tmp/audit-work/candidate/reference-semantics/semantics/str.k)
	Location(53,27,53,29)
	53 |	  rule strLt(iCons(A:Int, As:IntSeq), iCons(B:Int, Bs:IntSeq)) => false  
      requires A  >Int B
	   .	                          ^~
[Warning] Compiler: Variable 'Bs' defined but not used. Prefix variable name
with underscore if this is intentional.
	Source(/tmp/audit-work/candidate/reference-semantics/semantics/str.k)
	Location(53,52,53,54)
	53 |	  rule strLt(iCons(A:Int, As:IntSeq), iCons(B:Int, Bs:IntSeq)) => false  
      requires A  >Int B
	   .	                                                   ^~
[Warning] Compiler: Variable 'INPUT' defined but not used. Prefix variable name
with underscore if this is intentional.
	Source(/tmp/audit-work/candidate/verification.k)
	Location(48,21,48,26)
	48 |	          "lst" |-> INPUT:Val
	   .	                    ^~~~~
[Warning] Compiler: Variable 'PARENT' defined but not used. Prefix variable
name with underscore if this is intentional.
	Source(/tmp/audit-work/candidate/verification.k)
	Location(51,11,51,17)
	51 |	          PARENT:Parent))
	   .	          ^~~~~~
EXIT: 0

NOTE: the ground-float Haskell claim is intentionally not rerun here.
The prior retry log records the backend missing FLOAT.ceil; LLVM concrete assertions cover the float witness.

$ python3 -c canonical/candidate ground values
[] 0 0
[1, 2, 3] 14 14
[1.4, 4.2, 0] 29 29
EXIT: 0

Script done on 2026-07-26 22:28:55-05:00 [COMMAND_EXIT_CODE="0"]
