Script started on 2026-07-26 22:27:52-05:00 [<not executed on terminal>]

$ kprove spec-ground.k --definition audit-verification-kompiled --spec-module SUM-SQUARES-GROUND-SPEC --claims SUM-SQUARES-GROUND-SPEC.ground-empty --output pretty
[Warning] Compiler: Variable 'As' defined but not used. Prefix variable name
with underscore if this is intentional.
	Source(/tmp/audit-work/candidate/reference-semantics/semantics/str.k)
	Location(52,27,52,29)
	52 |	  rule strLt(iCons(A:Int, As:IntSeq), iCons(B:Int, Bs:IntSeq)) => true   
      requires A  <Int B
	   .	                          ^~
[Warning] Compiler: Variable 'Bs' defined but not used. Prefix variable name
with underscore if this is intentional.
	Source(/tmp/audit-work/candidate/reference-semantics/semantics/str.k)
	Location(52,52,52,54)
	52 |	  rule strLt(iCons(A:Int, As:IntSeq), iCons(B:Int, Bs:IntSeq)) => true   
      requires A  <Int B
	   .	                                                   ^~
[Warning] Compiler: Variable 'As' defined but not used. Prefix variable name
with underscore if this is intentional.
	Source(/tmp/audit-work/candidate/reference-semantics/semantics/str.k)
	Location(53,27,53,29)
	53 |	  rule strLt(iCons(A:Int, As:IntSeq), iCons(B:Int, Bs:IntSeq)) => false  
      requires A  >Int B
	   .	                          ^~
[Warning] Compiler: Variable 'Bs' defined but not used. Prefix variable name
with underscore if this is intentional.
	Source(/tmp/audit-work/candidate/reference-semantics/semantics/str.k)
	Location(53,52,53,54)
	53 |	  rule strLt(iCons(A:Int, As:IntSeq), iCons(B:Int, Bs:IntSeq)) => false  
      requires A  >Int B
	   .	                                                   ^~
[Error] Compiler: Found syntax declaration in proof module. Only tokens for
existing sorts are allowed.
	Source(/tmp/audit-work/candidate/spec-ground.k)
	Location(6,20,6,51)
	6 |	  syntax KItem ::= auditSumSquares(ValSeq) [macro]
	  .	                   ^~~~~~~~~~~~~~~~~~~~~~~~~~~~~~~
[Error] Compiler: Only claims and simplification rules are allowed in proof
modules.
	Source(/tmp/audit-work/candidate/spec-ground.k)
	Location(7,8,24,19)
	   .	       v~~~~~~~~~~~~~~~~~~~~~~~~~
	 7 |	  rule auditSumSquares(VS:ValSeq)
	   |		...
	24 |	         list(VS))
	   .	         ~~~~~~~~^
[Warning] Compiler: Variable 'INPUT' defined but not used. Prefix variable name
with underscore if this is intentional.
	Source(/tmp/audit-work/candidate/verification.k)
	Location(48,21,48,26)
	48 |	          "lst" |-> INPUT:Val
	   .	                    ^~~~~
[Warning] Compiler: Variable 'PARENT' defined but not used. Prefix variable
name with underscore if this is intentional.
	Source(/tmp/audit-work/candidate/verification.k)
	Location(51,11,51,17)
	51 |	          PARENT:Parent))
	   .	          ^~~~~~
[Error] Compiler: Had 2 structural errors.
EXIT: 113

Script done on 2026-07-26 22:27:54-05:00 [COMMAND_EXIT_CODE="1"]
