cwd: /audit-output
command: bash -lc for\ f\ in\ /reference/prompt.py\ /reference/canonical.py\ /reference/py2mpy.py\ /candidate/solution.py\ /candidate/solution.mpy\ /candidate/spec.k\ /candidate/verification.k\ /candidate/prove.sh\;\ do\ printf\ \"=====\ %s\ =====\\n\"\ \"\$f\"\;\ nl\ -ba\ \"\$f\"\;\ done
===== /reference/prompt.py =====
     1	
     2	def is_multiply_prime(a):
     3	    """Write a function that returns true if the given number is the multiplication of 3 prime numbers
     4	    and false otherwise.
     5	    Knowing that (a) is less then 100. 
     6	    Example:
     7	    is_multiply_prime(30) == True
     8	    30 = 2 * 3 * 5
     9	    """
===== /reference/canonical.py =====
     1	# canonical.py — the UNMODIFIED HumanEval/75 reference solution (from the dataset).
     2	# Co-located with solution.py (the proof rewrite) to make the original<->rewrite link
     3	# explicit & auditable.  entry point: is_multiply_prime
     4	
     5	
     6	def is_multiply_prime(a):
     7	    """Write a function that returns true if the given number is the multiplication of 3 prime numbers
     8	    and false otherwise.
     9	    Knowing that (a) is less then 100. 
    10	    Example:
    11	    is_multiply_prime(30) == True
    12	    30 = 2 * 3 * 5
    13	    """
    14	    def is_prime(n):
    15	        for j in range(2,n):
    16	            if n%j == 0:
    17	                return False
    18	        return True
    19	
    20	    for i in range(2,101):
    21	        if not is_prime(i): continue
    22	        for j in range(2,101):
    23	            if not is_prime(j): continue
    24	            for k in range(2,101):
    25	                if not is_prime(k): continue
    26	                if i*j*k == a: return True
    27	    return False
===== /reference/py2mpy.py =====
     1	#!/usr/bin/env python3
     2	"""py2mpy — a *pure* CPython-AST -> K-constructor transliterator.
     3	
     4	Reads a .py file and prints the matching `.mpy` term: a Lisp-indented tree of K
     5	constructors that a (future) K semantics will parse. The design rule is strict:
     6	
     7	    PURE TRANSLITERATION. Every Python AST node maps to exactly one K
     8	    constructor with the same structure. The front-end makes NO semantic
     9	    decisions — it does not desugar, simplify, normalize, or "interpret"
    10	    anything. All meaning lives in the K semantics that consumes the term.
    11	
    12	Consequences of that rule (vs. a "helpful" front-end):
    13	
    14	  * `is` / `is not` transliterate to `CmpOp("is", ...)` / `CmpOp("is not", ...)`
    15	    — NOT to `==` / `!=`. K decides what identity means.
    16	  * a chained comparison `a < b < c` stays a single `Compare` carrying the
    17	    chain (`Compare(a, CmpOp("<", b), CmpOp("<", c))`) — it is NOT pre-expanded
    18	    into `a < b and b < c`.
    19	  * a method call `x.append(v)` stays `Call(Attribute(Name("x"), "append"), v)`
    20	    — there is no special `MethodCall` constructor folding the receiver in.
    21	  * `a[i] = v` stays `Assign(Subscript(Name("a"), Name("i")), v)` — the target
    22	    is just an expression in store position; no special `SubscriptAssign`.
    23	
    24	The only choices the transliterator makes are unavoidably *syntactic* — e.g. a
    25	`bool` literal becomes `Bool(...)` not `Int(...)`, because that is the literal's
    26	actual Python type as read off the AST, not a semantic judgement.
    27	
    28	Anything outside the covered subset raises `Unsupported`, naming the node, so
    29	coverage gaps fail loudly instead of being silently dropped.
    30	
    31	Usage:
    32	    python scripts/py2mpy.py FILE.py          # print the .mpy term (default)
    33	    python scripts/py2mpy.py FILE.py --ast    # print the Python AST (ast.dump)
    34	"""
    35	from __future__ import annotations
    36	
    37	import argparse
    38	import symtable
    39	import ast
    40	import json
    41	import sys
    42	
    43	
    44	class Unsupported(Exception):
    45	    """Raised for any AST node the transliterator does not cover."""
    46	
    47	
    48	# ---------------------------------------------------------------------------
    49	# Term model: a .mpy term is a tree of these three node kinds.
    50	#   Ctor(name, *args)  -> `name(arg, arg, ...)`  (comma-separated args)
    51	#   Seq([item, ...])   -> a statement list: juxtaposed, no parens, no commas
    52	#   str                -> a leaf token already in K surface form
    53	#                         (a quoted string `"op"`, a number `0`, `true`, `Break`)
    54	# ---------------------------------------------------------------------------
    55	class Ctor:
    56	    __slots__ = ("name", "args")
    57	
    58	    def __init__(self, name: str, *args):
    59	        self.name = name
    60	        self.args = list(args)
    61	
    62	
    63	class Seq:
    64	    __slots__ = ("items",)
    65	
    66	    def __init__(self, items):
    67	        self.items = list(items)
    68	
    69	
    70	def q(s: str) -> str:
    71	    """A Python string as a K String token (double-quoted, escaped)."""
    72	    return json.dumps(s)
    73	
    74	
    75	# --- Operator spellings (string tokens carried inside constructors) ----------
    76	# These are transliterations of the operator *symbol*, not its meaning.
    77	_BINOP = {
    78	    ast.Add: "+", ast.Sub: "-", ast.Mult: "*", ast.Div: "/",
    79	    ast.FloorDiv: "//", ast.Mod: "%", ast.Pow: "**",
    80	    ast.BitOr: "|", ast.BitAnd: "&", ast.BitXor: "^",
    81	    ast.LShift: "<<", ast.RShift: ">>", ast.MatMult: "@",
    82	}
    83	_UNARY = {ast.USub: "-", ast.UAdd: "+", ast.Not: "not", ast.Invert: "~"}
    84	_BOOLOP = {ast.And: "and", ast.Or: "or"}
    85	_CMPOP = {
    86	    ast.Eq: "==", ast.NotEq: "!=", ast.Lt: "<", ast.LtE: "<=",
    87	    ast.Gt: ">", ast.GtE: ">=", ast.Is: "is", ast.IsNot: "is not",
    88	    ast.In: "in", ast.NotIn: "not in",
    89	}
    90	
    91	
    92	# ---------------------------------------------------------------------------
    93	# Closure scopes (Python's own symtable, faithfully exposed)
    94	# ---------------------------------------------------------------------------
    95	# (name, lineno) -> (cellvars, freevars, nested). A def/lambda gets the
    96	# ANNOTATED node form iff it is nested inside a function or has cells/frees;
    97	# module-level capture-free defs keep the old shape (zero churn).
    98	SCOPES: dict = {}
    99	
   100	
   101	def _frees(table):
   102	    return set(table.get_frees()) if isinstance(table, symtable.Function) else set()
   103	
   104	
   105	def _deep_frees(table):
   106	    out = _frees(table)
   107	    for g in table.get_children():
   108	        out |= _deep_frees(g) - set(table.get_locals())
   109	    return out
   110	
   111	
   112	def _walk_symtable(table, depth=0):
   113	    for child in table.get_children():
   114	        if child.get_type() in ("function", "lambda"):
   115	            frees = sorted(_frees(child))
   116	            cells = sorted(
   117	                s for s in child.get_locals()
   118	                if any(s in _deep_frees(g) for g in child.get_children())
   119	            )
   120	            SCOPES[(child.get_name(), child.get_lineno())] = (
   121	                cells, frees, depth > 0 or table.get_type() != "module")
   122	        _walk_symtable(child, depth + (1 if child.get_type() in ("function", "lambda") else 0))
   123	
   124	
   125	def scope_info(name, lineno):
   126	    return SCOPES.get((name, lineno))
   127	
   128	
   129	# ---------------------------------------------------------------------------
   130	# Expressions
   131	# ---------------------------------------------------------------------------
   132	def emit_expr(node: ast.expr):
   133	    if isinstance(node, ast.Constant):
   134	        v = node.value
   135	        if v is None:
   136	            return "NoneVal"
   137	        if isinstance(v, bool):                 # MUST precede int (bool ⊂ int)
   138	            return Ctor("Bool", "true" if v else "false")
   139	        if isinstance(v, int):
   140	            return Ctor("Int", str(v))
   141	        if isinstance(v, float):
   142	            return Ctor("Float", repr(v))
   143	        if isinstance(v, str):
   144	            return Ctor("Str", q(v))
   145	        raise Unsupported(f"Constant {type(v).__name__}")
   146	
   147	    if isinstance(node, ast.Name):
   148	        return Ctor("Name", q(node.id))
   149	
   150	    if isinstance(node, ast.Lambda):
   151	        a = node.args
   152	        if a.vararg or a.kwarg or a.kwonlyargs or a.defaults or a.kw_defaults:
   153	            raise Unsupported("complex lambda signature")
   154	        names = [p.arg for p in (a.posonlyargs + a.args)]
   155	        params = Ctor("Params", *(q(n) for n in names))
   156	        info = scope_info("lambda", node.lineno)
   157	        if info and (info[0] or info[1] or info[2]):
   158	            cells, frees, _ = info
   159	            return Ctor("Lambda", params,
   160	                        Ctor("CellVars", *(q(n) for n in cells)),
   161	                        Ctor("FreeVars", *(q(n) for n in frees)),
   162	                        emit_expr(node.body))
   163	        return Ctor("Lambda", params, emit_expr(node.body))
   164	
   165	    if isinstance(node, ast.BinOp):
   166	        op = _BINOP.get(type(node.op))
   167	        if op is None:
   168	            raise Unsupported(f"BinOp {type(node.op).__name__}")
   169	        return Ctor("BinOp", q(op), emit_expr(node.left), emit_expr(node.right))
   170	
   171	    if isinstance(node, ast.UnaryOp):
   172	        op = _UNARY.get(type(node.op))
   173	        if op is None:
   174	            raise Unsupported(f"UnaryOp {type(node.op).__name__}")
   175	        return Ctor("UnaryOp", q(op), emit_expr(node.operand))
   176	
   177	    if isinstance(node, ast.BoolOp):
   178	        op = _BOOLOP[type(node.op)]
   179	        return Ctor("BoolOp", q(op), *(emit_expr(v) for v in node.values))
   180	
   181	    if isinstance(node, ast.Compare):
   182	        # Faithful, non-desugared: left operand + a chain of (op, comparator).
   183	        # Single comparison => one CmpOp; `a < b < c` => two CmpOps.
   184	        chain = [
   185	            Ctor("CmpOp", q(_op_or_raise(_CMPOP, op, "Compare")), emit_expr(c))
   186	            for op, c in zip(node.ops, node.comparators)
   187	        ]
   188	        return Ctor("Compare", emit_expr(node.left), *chain)
   189	
   190	    if isinstance(node, ast.List):
   191	        return Ctor("ListExpr", *(emit_expr(e) for e in node.elts))
   192	
   193	    if isinstance(node, ast.Tuple):
   194	        return Ctor("TupleExpr", *(emit_expr(e) for e in node.elts))
   195	
   196	    if isinstance(node, ast.Set):
   197	        return Ctor("SetExpr", *(emit_expr(e) for e in node.elts))
   198	
   199	    if isinstance(node, ast.Dict):
   200	        entries = []
   201	        for k, v in zip(node.keys, node.values):
   202	            if k is None:
   203	                raise Unsupported("dict unpacking {**x}")
   204	            entries.append(Ctor("Entry", emit_expr(k), emit_expr(v)))
   205	        return Ctor("DictExpr", *entries)
   206	
   207	    if isinstance(node, ast.Subscript):
   208	        return Ctor("Subscript", emit_expr(node.value), emit_index(node.slice))
   209	
   210	    if isinstance(node, ast.Attribute):
   211	        return Ctor("Attribute", emit_expr(node.value), q(node.attr))
   212	
   213	    if isinstance(node, ast.Call):
   214	        if any(isinstance(a, ast.Starred) for a in node.args):
   215	            raise Unsupported("*args unpacking")
   216	        if any(kw.arg is None for kw in node.keywords):
   217	            raise Unsupported("**kwargs unpacking")
   218	        # Call grammar is `Call(Expr, Exprs)` — the comma is mandatory, so a zero-arg
   219	        # call must render as `Call(f, )` (empty Exprs), NOT `Call(f)` (which won't parse).
   220	        args = [emit_expr(a) for a in node.args]
   221	        args += [Ctor("KwArg", q(kw.arg), emit_expr(kw.value)) for kw in node.keywords]
   222	        args = args or [""]
   223	        return Ctor("Call", emit_expr(node.func), *args)
   224	
   225	    if isinstance(node, ast.IfExp):
   226	        # AST field order: test, body, orelse — kept verbatim.
   227	        return Ctor("IfExp", emit_expr(node.test),
   228	                    emit_expr(node.body), emit_expr(node.orelse))
   229	
   230	    if isinstance(node, ast.ListComp):
   231	        return Ctor("ListComp", emit_expr(node.elt), _gens(node.generators))
   232	    if isinstance(node, ast.SetComp):
   233	        return Ctor("SetComp", emit_expr(node.elt), _gens(node.generators))
   234	    if isinstance(node, ast.GeneratorExp):
   235	        return Ctor("GenExp", emit_expr(node.elt), _gens(node.generators))
   236	    if isinstance(node, ast.DictComp):
   237	        return Ctor("DictComp", emit_expr(node.key), emit_expr(node.value),
   238	                    _gens(node.generators))
   239	
   240	    raise Unsupported(f"Expr {type(node).__name__}")
   241	
   242	
   243	def _op_or_raise(table, op, label):
   244	    spelled = table.get(type(op))
   245	    if spelled is None:
   246	        raise Unsupported(f"{label} {type(op).__name__}")
   247	    return spelled
   248	
   249	
   250	def _compfor(g):
   251	    """A single generator -> CompFor(target, iter, <ifs as Exprs; .Exprs if none>)."""
   252	    if getattr(g, "is_async", 0):
   253	        raise Unsupported("async comprehension")
   254	    ifs = [emit_expr(c) for c in g.ifs] or [Ctor("Bool", "true")]
   255	    return Ctor("CompFor", emit_expr(g.target), emit_expr(g.iter), *ifs)
   256	
   257	
   258	def _gens(generators):
   259	    """The generator list -> a juxtaposed CompFors (a Seq of CompFor)."""
   260	    return Seq([_compfor(g) for g in generators])
   261	
   262	
   263	def emit_index(node: ast.expr):
   264	    """Subscript index position: an `ast.Slice` -> `Slice(...)`, else the expr."""
   265	    # Python <3.9 wrapped the index in ast.Index; unwrap if present.
   266	    inner = getattr(ast, "Index", None)
   267	    if inner is not None and isinstance(node, inner):
   268	        node = node.value
   269	    if isinstance(node, ast.Slice):
   270	        def bound(b):
   271	            # omitted bound (absent field) OR an explicit None constant -> NoBound.
   272	            # Python treats `a[None:5]` exactly like `a[:5]`; only a *value* None
   273	            # (Constant(None) outside a slice) becomes NoneVal. Keeping the two
   274	            # distinct lets NoneVal be a real value without perturbing slices.
   275	            if b is None or (isinstance(b, ast.Constant) and b.value is None):
   276	                return "NoBound"
   277	            return emit_expr(b)
   278	        return Ctor("Slice", bound(node.lower), bound(node.upper), bound(node.step))
   279	    return emit_expr(node)
   280	
   281	
   282	# ---------------------------------------------------------------------------
   283	# Statements
   284	# ---------------------------------------------------------------------------
   285	def emit_stmt(node: ast.stmt):
   286	    if isinstance(node, ast.FunctionDef):
   287	        a = node.args
   288	        if a.vararg or a.kwarg or a.kwonlyargs or a.defaults or a.kw_defaults:
   289	            raise Unsupported("complex function signature (defaults/varargs/kwonly)")
   290	        if node.decorator_list:
   291	            raise Unsupported("decorators")
   292	        names = [p.arg for p in (a.posonlyargs + a.args)]  # type annotations ignored
   293	        params = Ctor("Params", *(q(n) for n in names))
   294	        info = scope_info(node.name, node.lineno)
   295	        if info and (info[0] or info[1] or info[2]):
   296	            cells, frees, _ = info
   297	            return Ctor("FuncDef", q(node.name), params,
   298	                        Ctor("CellVars", *(q(n) for n in cells)),
   299	                        Ctor("FreeVars", *(q(n) for n in frees)),
   300	                        emit_stmts(node.body))
   301	        return Ctor("FuncDef", q(node.name), params, emit_stmts(node.body))
   302	
   303	    if isinstance(node, ast.Return):
   304	        if node.value is None:
   305	            return Ctor("Return")
   306	        return Ctor("Return", emit_expr(node.value))
   307	
   308	    if isinstance(node, ast.Assign):
   309	        if len(node.targets) != 1:
   310	            raise Unsupported("chained assignment (a = b = ...)")
   311	        # Target is just an expression in store position (Name / Tuple / Subscript / Attribute).
   312	        return Ctor("Assign", emit_expr(node.targets[0]), emit_expr(node.value))
   313	
   314	    if isinstance(node, ast.AugAssign):
   315	        op = _BINOP.get(type(node.op))
   316	        if op is None:
   317	            raise Unsupported(f"AugAssign {type(node.op).__name__}")
   318	        return Ctor("AugAssign", emit_expr(node.target), q(op), emit_expr(node.value))
   319	
   320	    if isinstance(node, ast.If):
   321	        return Ctor("If", emit_expr(node.test),
   322	                    emit_stmts(node.body), emit_stmts(node.orelse))
   323	
   324	    if isinstance(node, ast.For):
   325	        if node.orelse:
   326	            raise Unsupported("for-else")
   327	        return Ctor("For", emit_expr(node.target), emit_expr(node.iter),
   328	                    emit_stmts(node.body))
   329	
   330	    if isinstance(node, ast.While):
   331	        if node.orelse:
   332	            raise Unsupported("while-else")
   333	        return Ctor("While", emit_expr(node.test), emit_stmts(node.body))
   334	
   335	    if isinstance(node, ast.Break):
   336	        return "Break"
   337	    if isinstance(node, ast.Continue):
   338	        return "Continue"
   339	    if isinstance(node, ast.Pass):
   340	        return "Pass"
   341	
   342	    if isinstance(node, ast.Assert):
   343	        if node.msg is not None:
   344	            return Ctor("Assert", emit_expr(node.test), emit_expr(node.msg))
   345	        return Ctor("Assert", emit_expr(node.test))
   346	
   347	    if isinstance(node, ast.Expr):
   348	        return Ctor("Expr", emit_expr(node.value))
   349	
   350	    if isinstance(node, ast.Import):
   351	        return Ctor("Import", *(q(n.name) for n in node.names))
   352	    if isinstance(node, ast.ImportFrom):
   353	        mod = node.module if node.module is not None else ""
   354	        return Ctor("ImportFrom", q(mod), *(q(n.name) for n in node.names))
   355	
   356	    raise Unsupported(f"Stmt {type(node).__name__}")
   357	
   358	
   359	def emit_stmts(stmts) -> Seq:
   360	    return Seq([emit_stmt(s) for s in stmts])
   361	
   362	
   363	def emit_module(tree: ast.Module) -> Ctor:
   364	    return Ctor("Module", emit_stmts(tree.body))
   365	
   366	
   367	# ---------------------------------------------------------------------------
   368	# Lisp-style pretty printer
   369	# ---------------------------------------------------------------------------
   370	WIDTH = 72  # an expression constructor wider than this breaks onto its own lines
   371	
   372	
   373	def render(node, ind: int = 0) -> str:
   374	    if isinstance(node, str):
   375	        return node
   376	
   377	    if isinstance(node, Seq):
   378	        if not node.items:
   379	            return ""
   380	        pad = "  " * ind
   381	        return ("\n" + pad).join(render(it, ind) for it in node.items)
   382	
   383	    # Ctor
   384	    cind = ind + 1
   385	    cpad = "  " * cind
   386	    has_block = any(isinstance(a, Seq) for a in node.args)
   387	
   388	    if not has_block:
   389	        inline = node.name + "(" + ", ".join(render(a, ind) for a in node.args) + ")"
   390	        if "\n" not in inline and len("  " * ind) + len(inline) <= WIDTH:
   391	            return inline
   392	        parts = [render(a, cind) for a in node.args]
   393	        return node.name + "(\n" + cpad + (",\n" + cpad).join(parts) + ")"
   394	
   395	    # Has a statement block: inline the args before the first block, then put
   396	    # each remaining arg (blocks included) on its own indented line.
   397	    first = next(i for i, a in enumerate(node.args) if isinstance(a, Seq))
   398	    head = node.args[:first]
   399	    rest = node.args[first:]
   400	    open_line = node.name + "(" + ", ".join(render(a, ind) for a in head) + ("," if head else "")
   401	    lines = []
   402	    for k, a in enumerate(rest):
   403	        comma = "," if k < len(rest) - 1 else ""
   404	        lines.append(cpad + render(a, cind) + comma)
   405	    return open_line + "\n" + "\n".join(lines) + ")"
   406	
   407	
   408	# ---------------------------------------------------------------------------
   409	# CLI
   410	# ---------------------------------------------------------------------------
   411	def main(argv=None) -> int:
   412	    ap = argparse.ArgumentParser(
   413	        prog="py2mpy",
   414	        description="Pure CPython-AST -> K-constructor transliterator.",
   415	    )
   416	    ap.add_argument("file", help="Python source file")
   417	    ap.add_argument("--ast", action="store_true",
   418	                    help="print the Python AST (ast.dump) instead of the .mpy term")
   419	    args = ap.parse_args(argv)
   420	
   421	    with open(args.file, "r", encoding="utf-8") as fh:
   422	        src = fh.read()
   423	    tree = ast.parse(src, filename=args.file)
   424	    _walk_symtable(symtable.symtable(src, args.file, "exec"))
   425	
   426	    if args.ast:
   427	        print(ast.dump(tree, indent=2))
   428	    else:
   429	        print(render(emit_module(tree)))
   430	    return 0
   431	
   432	
   433	if __name__ == "__main__":
   434	    sys.exit(main())
===== /candidate/solution.py =====
     1	def is_multiply_prime(a):
     2	    """Return whether a has exactly three prime factors, with multiplicity."""
     3	    factor_count = 0
     4	    factor = 2
     5	
     6	    while factor * factor <= a:
     7	        if a % factor == 0:
     8	            factor_count += 1
     9	            a //= factor
    10	        else:
    11	            factor += 1
    12	
    13	    if a > 1:
    14	        factor_count += 1
    15	
    16	    return factor_count == 3
===== /candidate/solution.mpy =====
     1	Module(
     2	  FuncDef("is_multiply_prime", Params("a"),
     3	    Expr(
     4	      Str(
     5	        "Return whether a has exactly three prime factors, with multiplicity."))
     6	    Assign(Name("factor_count"), Int(0))
     7	    Assign(Name("factor"), Int(2))
     8	    While(Compare(
     9	      BinOp("*", Name("factor"), Name("factor")),
    10	      CmpOp("<=", Name("a"))),
    11	      If(Compare(
    12	        BinOp("%", Name("a"), Name("factor")),
    13	        CmpOp("==", Int(0))),
    14	        AugAssign(Name("factor_count"), "+", Int(1))
    15	        AugAssign(Name("a"), "//", Name("factor")),
    16	        AugAssign(Name("factor"), "+", Int(1))))
    17	    If(Compare(Name("a"), CmpOp(">", Int(1))),
    18	      AugAssign(Name("factor_count"), "+", Int(1)),
    19	      )
    20	    Return(Compare(Name("factor_count"), CmpOp("==", Int(3))))))
===== /candidate/spec.k =====
     1	requires "verification.k"
     2	
     3	// The prompt bounds the integer input by a < 100. SPEC-NEGATIVE proves the
     4	// unbounded negative tail (as well as 0 and 1) symbolically. The remaining
     5	// modules exhaust 2 through 99. Checkpoints can rewrite only when the function
     6	// result agrees with the independently calculated product-of-three-primes set.
     7	
     8	module SPEC-NEGATIVE
     9	  imports VERIFICATION
    10	
    11	  claim <k> #runIsMultiplyPrime(A:Int) => false </k>
    12	        <env> 0 </env>
    13	        <scopes>
    14	          0 |-> scope(.Map, parent(-1))
    15	          -1 |-> builtinsScope
    16	        </scopes>
    17	        <scopeLoc> 1 </scopeLoc>
    18	        <heap> .Map </heap>
    19	        <heapLoc> 0 </heapLoc>
    20	        <stack> .List </stack>
    21	        <ret> noRet </ret>
    22	        <exc> NoExc </exc>
    23	        <exit-code> 0 </exit-code>
    24	    requires A <Int 2
    25	endmodule
    26	
    27	module SPEC-02-11
    28	  imports VERIFICATION
    29	
    30	  claim <k>
    31	    #runIsMultiplyPrime(2) ~> #expect(false) ~>
    32	    #runIsMultiplyPrime(3) ~> #expect(false) ~>
    33	    #runIsMultiplyPrime(4) ~> #expect(false) ~>
    34	    #runIsMultiplyPrime(5) ~> #expect(false) ~>
    35	    #runIsMultiplyPrime(6) ~> #expect(false) ~>
    36	    #runIsMultiplyPrime(7) ~> #expect(false) ~>
    37	    #runIsMultiplyPrime(8) ~> #expect(true) ~>
    38	    #runIsMultiplyPrime(9) ~> #expect(false) ~>
    39	    #runIsMultiplyPrime(10) ~> #expect(false) ~>
    40	    #runIsMultiplyPrime(11) ~> #expect(false)
    41	    => .K
    42	  </k>
    43	        <env> 0 </env>
    44	        <scopes>
    45	          0 |-> scope(.Map, parent(-1))
    46	          -1 |-> builtinsScope
    47	        </scopes>
    48	        <scopeLoc> 1 </scopeLoc>
    49	        <heap> .Map </heap>
    50	        <heapLoc> 0 </heapLoc>
    51	        <stack> .List </stack>
    52	        <ret> noRet </ret>
    53	        <exc> NoExc </exc>
    54	        <exit-code> 0 </exit-code>
    55	endmodule
    56	
    57	module SPEC-12-21
    58	  imports VERIFICATION
    59	
    60	  claim <k>
    61	    #runIsMultiplyPrime(12) ~> #expect(true) ~>
    62	    #runIsMultiplyPrime(13) ~> #expect(false) ~>
    63	    #runIsMultiplyPrime(14) ~> #expect(false) ~>
    64	    #runIsMultiplyPrime(15) ~> #expect(false) ~>
    65	    #runIsMultiplyPrime(16) ~> #expect(false) ~>
    66	    #runIsMultiplyPrime(17) ~> #expect(false) ~>
    67	    #runIsMultiplyPrime(18) ~> #expect(true) ~>
    68	    #runIsMultiplyPrime(19) ~> #expect(false) ~>
    69	    #runIsMultiplyPrime(20) ~> #expect(true) ~>
    70	    #runIsMultiplyPrime(21) ~> #expect(false)
    71	    => .K
    72	  </k>
    73	        <env> 0 </env>
    74	        <scopes>
    75	          0 |-> scope(.Map, parent(-1))
    76	          -1 |-> builtinsScope
    77	        </scopes>
    78	        <scopeLoc> 1 </scopeLoc>
    79	        <heap> .Map </heap>
    80	        <heapLoc> 0 </heapLoc>
    81	        <stack> .List </stack>
    82	        <ret> noRet </ret>
    83	        <exc> NoExc </exc>
    84	        <exit-code> 0 </exit-code>
    85	endmodule
    86	
    87	module SPEC-22-31
    88	  imports VERIFICATION
    89	
    90	  claim <k>
    91	    #runIsMultiplyPrime(22) ~> #expect(false) ~>
    92	    #runIsMultiplyPrime(23) ~> #expect(false) ~>
    93	    #runIsMultiplyPrime(24) ~> #expect(false) ~>
    94	    #runIsMultiplyPrime(25) ~> #expect(false) ~>
    95	    #runIsMultiplyPrime(26) ~> #expect(false) ~>
    96	    #runIsMultiplyPrime(27) ~> #expect(true) ~>
    97	    #runIsMultiplyPrime(28) ~> #expect(true) ~>
    98	    #runIsMultiplyPrime(29) ~> #expect(false) ~>
    99	    #runIsMultiplyPrime(30) ~> #expect(true) ~>
   100	    #runIsMultiplyPrime(31) ~> #expect(false)
   101	    => .K
   102	  </k>
   103	        <env> 0 </env>
   104	        <scopes>
   105	          0 |-> scope(.Map, parent(-1))
   106	          -1 |-> builtinsScope
   107	        </scopes>
   108	        <scopeLoc> 1 </scopeLoc>
   109	        <heap> .Map </heap>
   110	        <heapLoc> 0 </heapLoc>
   111	        <stack> .List </stack>
   112	        <ret> noRet </ret>
   113	        <exc> NoExc </exc>
   114	        <exit-code> 0 </exit-code>
   115	endmodule
   116	
   117	module SPEC-32-41
   118	  imports VERIFICATION
   119	
   120	  claim <k>
   121	    #runIsMultiplyPrime(32) ~> #expect(false) ~>
   122	    #runIsMultiplyPrime(33) ~> #expect(false) ~>
   123	    #runIsMultiplyPrime(34) ~> #expect(false) ~>
   124	    #runIsMultiplyPrime(35) ~> #expect(false) ~>
   125	    #runIsMultiplyPrime(36) ~> #expect(false) ~>
   126	    #runIsMultiplyPrime(37) ~> #expect(false) ~>
   127	    #runIsMultiplyPrime(38) ~> #expect(false) ~>
   128	    #runIsMultiplyPrime(39) ~> #expect(false) ~>
   129	    #runIsMultiplyPrime(40) ~> #expect(false) ~>
   130	    #runIsMultiplyPrime(41) ~> #expect(false)
   131	    => .K
   132	  </k>
   133	        <env> 0 </env>
   134	        <scopes>
   135	          0 |-> scope(.Map, parent(-1))
   136	          -1 |-> builtinsScope
   137	        </scopes>
   138	        <scopeLoc> 1 </scopeLoc>
   139	        <heap> .Map </heap>
   140	        <heapLoc> 0 </heapLoc>
   141	        <stack> .List </stack>
   142	        <ret> noRet </ret>
   143	        <exc> NoExc </exc>
   144	        <exit-code> 0 </exit-code>
   145	endmodule
   146	
   147	module SPEC-42-51
   148	  imports VERIFICATION
   149	
   150	  claim <k>
   151	    #runIsMultiplyPrime(42) ~> #expect(true) ~>
   152	    #runIsMultiplyPrime(43) ~> #expect(false) ~>
   153	    #runIsMultiplyPrime(44) ~> #expect(true) ~>
   154	    #runIsMultiplyPrime(45) ~> #expect(true) ~>
   155	    #runIsMultiplyPrime(46) ~> #expect(false) ~>
   156	    #runIsMultiplyPrime(47) ~> #expect(false) ~>
   157	    #runIsMultiplyPrime(48) ~> #expect(false) ~>
   158	    #runIsMultiplyPrime(49) ~> #expect(false) ~>
   159	    #runIsMultiplyPrime(50) ~> #expect(true) ~>
   160	    #runIsMultiplyPrime(51) ~> #expect(false)
   161	    => .K
   162	  </k>
   163	        <env> 0 </env>
   164	        <scopes>
   165	          0 |-> scope(.Map, parent(-1))
   166	          -1 |-> builtinsScope
   167	        </scopes>
   168	        <scopeLoc> 1 </scopeLoc>
   169	        <heap> .Map </heap>
   170	        <heapLoc> 0 </heapLoc>
   171	        <stack> .List </stack>
   172	        <ret> noRet </ret>
   173	        <exc> NoExc </exc>
   174	        <exit-code> 0 </exit-code>
   175	endmodule
   176	
   177	module SPEC-52-61
   178	  imports VERIFICATION
   179	
   180	  claim <k>
   181	    #runIsMultiplyPrime(52) ~> #expect(true) ~>
   182	    #runIsMultiplyPrime(53) ~> #expect(false) ~>
   183	    #runIsMultiplyPrime(54) ~> #expect(false) ~>
   184	    #runIsMultiplyPrime(55) ~> #expect(false) ~>
   185	    #runIsMultiplyPrime(56) ~> #expect(false) ~>
   186	    #runIsMultiplyPrime(57) ~> #expect(false) ~>
   187	    #runIsMultiplyPrime(58) ~> #expect(false) ~>
   188	    #runIsMultiplyPrime(59) ~> #expect(false) ~>
   189	    #runIsMultiplyPrime(60) ~> #expect(false) ~>
   190	    #runIsMultiplyPrime(61) ~> #expect(false)
   191	    => .K
   192	  </k>
   193	        <env> 0 </env>
   194	        <scopes>
   195	          0 |-> scope(.Map, parent(-1))
   196	          -1 |-> builtinsScope
   197	        </scopes>
   198	        <scopeLoc> 1 </scopeLoc>
   199	        <heap> .Map </heap>
   200	        <heapLoc> 0 </heapLoc>
   201	        <stack> .List </stack>
   202	        <ret> noRet </ret>
   203	        <exc> NoExc </exc>
   204	        <exit-code> 0 </exit-code>
   205	endmodule
   206	
   207	module SPEC-62-71
   208	  imports VERIFICATION
   209	
   210	  claim <k>
   211	    #runIsMultiplyPrime(62) ~> #expect(false) ~>
   212	    #runIsMultiplyPrime(63) ~> #expect(true) ~>
   213	    #runIsMultiplyPrime(64) ~> #expect(false) ~>
   214	    #runIsMultiplyPrime(65) ~> #expect(false) ~>
   215	    #runIsMultiplyPrime(66) ~> #expect(true) ~>
   216	    #runIsMultiplyPrime(67) ~> #expect(false) ~>
   217	    #runIsMultiplyPrime(68) ~> #expect(true) ~>
   218	    #runIsMultiplyPrime(69) ~> #expect(false) ~>
   219	    #runIsMultiplyPrime(70) ~> #expect(true) ~>
   220	    #runIsMultiplyPrime(71) ~> #expect(false)
   221	    => .K
   222	  </k>
   223	        <env> 0 </env>
   224	        <scopes>
   225	          0 |-> scope(.Map, parent(-1))
   226	          -1 |-> builtinsScope
   227	        </scopes>
   228	        <scopeLoc> 1 </scopeLoc>
   229	        <heap> .Map </heap>
   230	        <heapLoc> 0 </heapLoc>
   231	        <stack> .List </stack>
   232	        <ret> noRet </ret>
   233	        <exc> NoExc </exc>
   234	        <exit-code> 0 </exit-code>
   235	endmodule
   236	
   237	module SPEC-72-81
   238	  imports VERIFICATION
   239	
   240	  claim <k>
   241	    #runIsMultiplyPrime(72) ~> #expect(false) ~>
   242	    #runIsMultiplyPrime(73) ~> #expect(false) ~>
   243	    #runIsMultiplyPrime(74) ~> #expect(false) ~>
   244	    #runIsMultiplyPrime(75) ~> #expect(true) ~>
   245	    #runIsMultiplyPrime(76) ~> #expect(true) ~>
   246	    #runIsMultiplyPrime(77) ~> #expect(false) ~>
   247	    #runIsMultiplyPrime(78) ~> #expect(true) ~>
   248	    #runIsMultiplyPrime(79) ~> #expect(false) ~>
   249	    #runIsMultiplyPrime(80) ~> #expect(false) ~>
   250	    #runIsMultiplyPrime(81) ~> #expect(false)
   251	    => .K
   252	  </k>
   253	        <env> 0 </env>
   254	        <scopes>
   255	          0 |-> scope(.Map, parent(-1))
   256	          -1 |-> builtinsScope
   257	        </scopes>
   258	        <scopeLoc> 1 </scopeLoc>
   259	        <heap> .Map </heap>
   260	        <heapLoc> 0 </heapLoc>
   261	        <stack> .List </stack>
   262	        <ret> noRet </ret>
   263	        <exc> NoExc </exc>
   264	        <exit-code> 0 </exit-code>
   265	endmodule
   266	
   267	module SPEC-82-91
   268	  imports VERIFICATION
   269	
   270	  claim <k>
   271	    #runIsMultiplyPrime(82) ~> #expect(false) ~>
   272	    #runIsMultiplyPrime(83) ~> #expect(false) ~>
   273	    #runIsMultiplyPrime(84) ~> #expect(false) ~>
   274	    #runIsMultiplyPrime(85) ~> #expect(false) ~>
   275	    #runIsMultiplyPrime(86) ~> #expect(false) ~>
   276	    #runIsMultiplyPrime(87) ~> #expect(false) ~>
   277	    #runIsMultiplyPrime(88) ~> #expect(false) ~>
   278	    #runIsMultiplyPrime(89) ~> #expect(false) ~>
   279	    #runIsMultiplyPrime(90) ~> #expect(false) ~>
   280	    #runIsMultiplyPrime(91) ~> #expect(false)
   281	    => .K
   282	  </k>
   283	        <env> 0 </env>
   284	        <scopes>
   285	          0 |-> scope(.Map, parent(-1))
   286	          -1 |-> builtinsScope
   287	        </scopes>
   288	        <scopeLoc> 1 </scopeLoc>
   289	        <heap> .Map </heap>
   290	        <heapLoc> 0 </heapLoc>
   291	        <stack> .List </stack>
   292	        <ret> noRet </ret>
   293	        <exc> NoExc </exc>
   294	        <exit-code> 0 </exit-code>
   295	endmodule
   296	
   297	module SPEC-92-99
   298	  imports VERIFICATION
   299	
   300	  claim <k>
   301	    #runIsMultiplyPrime(92) ~> #expect(true) ~>
   302	    #runIsMultiplyPrime(93) ~> #expect(false) ~>
   303	    #runIsMultiplyPrime(94) ~> #expect(false) ~>
   304	    #runIsMultiplyPrime(95) ~> #expect(false) ~>
   305	    #runIsMultiplyPrime(96) ~> #expect(false) ~>
   306	    #runIsMultiplyPrime(97) ~> #expect(false) ~>
   307	    #runIsMultiplyPrime(98) ~> #expect(true) ~>
   308	    #runIsMultiplyPrime(99) ~> #expect(true)
   309	    => .K
   310	  </k>
   311	        <env> 0 </env>
   312	        <scopes>
   313	          0 |-> scope(.Map, parent(-1))
   314	          -1 |-> builtinsScope
   315	        </scopes>
   316	        <scopeLoc> 1 </scopeLoc>
   317	        <heap> .Map </heap>
   318	        <heapLoc> 0 </heapLoc>
   319	        <stack> .List </stack>
   320	        <ret> noRet </ret>
   321	        <exc> NoExc </exc>
   322	        <exit-code> 0 </exit-code>
   323	endmodule
===== /candidate/verification.k =====
     1	requires "reference-semantics/semantics.k"
     2	
     3	module VERIFICATION
     4	  imports MPY
     5	
     6	  // The Module term below is the exact program generated in solution.mpy.
     7	  // #forgetEntryPoint removes only the module binding installed by #loadAll,
     8	  // restoring the initial proof state between exhaustive checkpoints.
     9	  syntax KItem ::= #runIsMultiplyPrime(Int)
    10	                 | "#forgetEntryPoint"
    11	                 | #expect(Bool)
    12	
    13	  // A concrete result can pass its checkpoint only when it is the expected
    14	  // Boolean. A wrong result leaves the proof configuration stuck.
    15	  rule <k> B:Bool ~> #expect(B) => .K ... </k>
    16	
    17	  rule <k> #runIsMultiplyPrime(A:Int)
    18	        => #loadAll(
    19	             Module(
    20	               FuncDef(
    21	                 "is_multiply_prime",
    22	                 Params("a"),
    23	                 Expr(
    24	                   Str(
    25	                     "Return whether a has exactly three prime factors, with multiplicity."))
    26	                 Assign(Name("factor_count"), Int(0))
    27	                 Assign(Name("factor"), Int(2))
    28	                 While(
    29	                   Compare(
    30	                     BinOp("*", Name("factor"), Name("factor")),
    31	                     CmpOp("<=", Name("a"))),
    32	                   If(
    33	                     Compare(
    34	                       BinOp("%", Name("a"), Name("factor")),
    35	                       CmpOp("==", Int(0))),
    36	                     AugAssign(Name("factor_count"), "+", Int(1))
    37	                     AugAssign(Name("a"), "//", Name("factor")),
    38	                     AugAssign(Name("factor"), "+", Int(1))))
    39	                 If(
    40	                   Compare(Name("a"), CmpOp(">", Int(1))),
    41	                   AugAssign(Name("factor_count"), "+", Int(1)),
    42	                   .Stmts)
    43	                 Return(
    44	                   Compare(
    45	                     Name("factor_count"),
    46	                     CmpOp("==", Int(3)))))))
    47	           ~> Call(Name("is_multiply_prime"), Int(A))
    48	           ~> #forgetEntryPoint ... </k>
    49	
    50	  rule <k> B:Bool ~> #forgetEntryPoint => B ... </k>
    51	       <scopes>
    52	         ... 0 |-> scope(
    53	           M:Map => M [ "is_multiply_prime" <- undef ],
    54	           parent(-1))
    55	         ...
    56	       </scopes>
    57	    requires "is_multiply_prime" in_keys(M)
    58	endmodule
===== /candidate/prove.sh =====
     1	#!/usr/bin/env bash
     2	set -euo pipefail
     3	
     4	# Translate the submitted implementation with the fixed front end.
     5	python3 py2mpy.py solution.py > solution.mpy
     6	
     7	# Required concrete LLVM definition and representative end-to-end execution.
     8	kompile reference-semantics/semantics.k \
     9	  --backend llvm \
    10	  --main-module MPY-KRUN \
    11	  --syntax-module MPY-SYNTAX \
    12	  --output-definition runtime-kompiled
    13	python3 py2mpy.py smoke.py > smoke.mpy
    14	krun smoke.mpy --definition runtime-kompiled
    15	
    16	# The proof definition imports MPY (not its concrete-only MPY-KRUN extension).
    17	kompile verification.k \
    18	  --backend haskell \
    19	  --main-module VERIFICATION \
    20	  --syntax-module VERIFICATION \
    21	  --output-definition verification-kompiled
    22	
    23	# Every positive target below must print #Top and exit 0. The modules partition
    24	# the bounded domain to keep each prover invocation below the 8 GB memory cap.
    25	kprove spec.k --definition verification-kompiled --spec-module SPEC-NEGATIVE
    26	kprove spec.k --definition verification-kompiled --spec-module SPEC-02-11
    27	kprove spec.k --definition verification-kompiled --spec-module SPEC-12-21
    28	kprove spec.k --definition verification-kompiled --spec-module SPEC-22-31
    29	kprove spec.k --definition verification-kompiled --spec-module SPEC-32-41
    30	kprove spec.k --definition verification-kompiled --spec-module SPEC-42-51
    31	kprove spec.k --definition verification-kompiled --spec-module SPEC-52-61
    32	kprove spec.k --definition verification-kompiled --spec-module SPEC-62-71
    33	kprove spec.k --definition verification-kompiled --spec-module SPEC-72-81
    34	kprove spec.k --definition verification-kompiled --spec-module SPEC-82-91
    35	kprove spec.k --definition verification-kompiled --spec-module SPEC-92-99
exit_status: 0
