COMMAND: bash -lc $'for f in /reference/prompt.py /reference/canonical.py /candidate/solution.py /candidate/solution.mpy /candidate/spec.k /candidate/verification.k /candidate/prove.sh /candidate/smoke.mpy; do printf "===== %s =====\\n" "$f"; nl -ba "$f"; done; printf "===== parsed-spec top-level =====\\n"; python3 - <<"PY"\nimport json\nfrom pathlib import Path\np=Path("/candidate/parsed-spec.json")\ndata=json.loads(p.read_text())\nprint(type(data).__name__)\nif isinstance(data, dict):\n    print("keys:", sorted(data))\n    for k,v in data.items():\n        if isinstance(v,(str,int,float,bool)) or v is None:\n            print(repr(k), "=", repr(v)[:500])\n        else:\n            print(repr(k), "type=", type(v).__name__, "len=", len(v) if hasattr(v,"__len__") else "n/a")\nPY'
WORKDIR: /audit-output
===== /reference/prompt.py =====
     1	
     2	
     3	def fibfib(n: int):
     4	    """The FibFib number sequence is a sequence similar to the Fibbonacci sequnece that's defined as follows:
     5	    fibfib(0) == 0
     6	    fibfib(1) == 0
     7	    fibfib(2) == 1
     8	    fibfib(n) == fibfib(n-1) + fibfib(n-2) + fibfib(n-3).
     9	    Please write a function to efficiently compute the n-th element of the fibfib number sequence.
    10	    >>> fibfib(1)
    11	    0
    12	    >>> fibfib(5)
    13	    4
    14	    >>> fibfib(8)
    15	    24
    16	    """
===== /reference/canonical.py =====
     1	# canonical.py — the UNMODIFIED HumanEval/63 reference solution (from the dataset).
     2	# Co-located with solution.py (the proof rewrite) to make the original<->rewrite link
     3	# explicit & auditable.  entry point: fibfib
     4	
     5	
     6	
     7	def fibfib(n: int):
     8	    """The FibFib number sequence is a sequence similar to the Fibbonacci sequnece that's defined as follows:
     9	    fibfib(0) == 0
    10	    fibfib(1) == 0
    11	    fibfib(2) == 1
    12	    fibfib(n) == fibfib(n-1) + fibfib(n-2) + fibfib(n-3).
    13	    Please write a function to efficiently compute the n-th element of the fibfib number sequence.
    14	    >>> fibfib(1)
    15	    0
    16	    >>> fibfib(5)
    17	    4
    18	    >>> fibfib(8)
    19	    24
    20	    """
    21	    if n == 0:
    22	        return 0
    23	    if n == 1:
    24	        return 0
    25	    if n == 2:
    26	        return 1
    27	    return fibfib(n - 1) + fibfib(n - 2) + fibfib(n - 3)
===== /candidate/solution.py =====
     1	def fibfib(n: int):
     2	    a = 0
     3	    b = 0
     4	    c = 1
     5	    i = 0
     6	    d = 0
     7	    while i < n:
     8	        d = a + b + c
     9	        a = b
    10	        b = c
    11	        c = d
    12	        i = i + 1
    13	    return a
===== /candidate/solution.mpy =====
     1	Module(
     2	  FuncDef("fibfib", Params("n"),
     3	    Assign(Name("a"), Int(0))
     4	    Assign(Name("b"), Int(0))
     5	    Assign(Name("c"), Int(1))
     6	    Assign(Name("i"), Int(0))
     7	    Assign(Name("d"), Int(0))
     8	    While(Compare(Name("i"), CmpOp("<", Name("n"))),
     9	      Assign(
    10	        Name("d"),
    11	        BinOp("+", BinOp("+", Name("a"), Name("b")), Name("c")))
    12	      Assign(Name("a"), Name("b"))
    13	      Assign(Name("b"), Name("c"))
    14	      Assign(Name("c"), Name("d"))
    15	      Assign(Name("i"), BinOp("+", Name("i"), Int(1))))
    16	    Return(Name("a"))))
===== /candidate/spec.k =====
     1	requires "verification.k"
     2	
     3	module FIBFIB-SPEC
     4	  imports FIBFIB-VERIFICATION
     5	
     6	  claim [fibfib-loop]:
     7	    <k>
     8	      #while(Compare(Name("i"), CmpOp("<", Name("n"))),
     9	        Assign(Name("d"),
    10	          BinOp("+", BinOp("+", Name("a"), Name("b")), Name("c")))
    11	        Assign(Name("a"), Name("b"))
    12	        Assign(Name("b"), Name("c"))
    13	        Assign(Name("c"), Name("d"))
    14	        Assign(Name("i"), BinOp("+", Name("i"), Int(1))))
    15	      => .K
    16	      ...
    17	    </k>
    18	    <env> L:Int </env>
    19	    <scopes>
    20	      ... L |-> scope(
    21	        "a" |-> (A:Int => fibFrom(A, B, C, N -Int I))
    22	        "b" |-> (B:Int => ?_B:Int)
    23	        "c" |-> (C:Int => ?_C:Int)
    24	        "d" |-> (_D:Int => ?_D:Int)
    25	        "i" |-> (I:Int => N:Int)
    26	        "n" |-> N,
    27	        _P:Parent) ...
    28	    </scopes>
    29	    requires 0 <=Int I andBool I <=Int N
    30	
    31	  claim [fibfib-correct]:
    32	    <k>
    33	      Call(Name("fibfib"), Int(N:Int))
    34	      => fibFrom(0, 0, 1, N)
    35	    </k>
    36	    <env> 0 </env>
    37	    <scopes>
    38	      0 |-> scope(
    39	        "fibfib" |-> closureVal(
    40	          "n", .ParamNames,
    41	          Assign(Name("a"), Int(0))
    42	          Assign(Name("b"), Int(0))
    43	          Assign(Name("c"), Int(1))
    44	          Assign(Name("i"), Int(0))
    45	          Assign(Name("d"), Int(0))
    46	          While(Compare(Name("i"), CmpOp("<", Name("n"))),
    47	            Assign(Name("d"),
    48	              BinOp("+", BinOp("+", Name("a"), Name("b")), Name("c")))
    49	            Assign(Name("a"), Name("b"))
    50	            Assign(Name("b"), Name("c"))
    51	            Assign(Name("c"), Name("d"))
    52	            Assign(Name("i"), BinOp("+", Name("i"), Int(1))))
    53	          Return(Name("a")),
    54	          0),
    55	        parent(-1))
    56	      -1 |-> builtinsScope
    57	    </scopes>
    58	    <scopeLoc> 1 </scopeLoc>
    59	    <heap> .Map </heap>
    60	    <heapLoc> 0 </heapLoc>
    61	    <stack> .List </stack>
    62	    <ret> noRet </ret>
    63	    <exc> NoExc </exc>
    64	    requires N >=Int 0
    65	
    66	  claim [example-1]:
    67	    <k> fibFrom(0, 0, 1, 1) => 0 </k>
    68	
    69	  claim [example-5]:
    70	    <k> fibFrom(0, 0, 1, 5) => 4 </k>
    71	
    72	  claim [example-8]:
    73	    <k> fibFrom(0, 0, 1, 8) => 24 </k>
    74	endmodule
===== /candidate/verification.k =====
     1	requires "reference-semantics/semantics.k"
     2	
     3	module FIBFIB-VERIFICATION
     4	  imports MPY
     5	
     6	  // fibFrom(A, B, C, N) is the first component after N shifts of
     7	  // (A, B, C) -> (B, C, A + B + C).
     8	  syntax Int ::= fibFrom(Int, Int, Int, Int) [function]
     9	  rule fibFrom(A:Int, _B:Int, _C:Int, N:Int) => A
    10	    requires N <=Int 0
    11	  rule fibFrom(A:Int, B:Int, C:Int, N:Int)
    12	    => fibFrom(B, C, A +Int B +Int C, N -Int 1)
    13	    requires N >Int 0
    14	
    15	  // Normalize the loop's incremented index to the form produced by the
    16	  // recursive fibFrom equation.
    17	  rule N:Int -Int (I:Int +Int 1) => N -Int I +Int -1 [simplification]
    18	endmodule
===== /candidate/prove.sh =====
     1	#!/usr/bin/env bash
     2	set -euo pipefail
     3	
     4	python3 py2mpy.py solution.py > solution.mpy
     5	
     6	kompile reference-semantics/semantics.k \
     7	  --backend llvm \
     8	  --main-module MPY-KRUN \
     9	  --syntax-module MPY-SYNTAX \
    10	  --output-definition runtime-kompiled
    11	
    12	krun smoke.mpy \
    13	  --definition runtime-kompiled \
    14	  --output none
    15	
    16	kompile verification.k \
    17	  --backend haskell \
    18	  --main-module FIBFIB-VERIFICATION \
    19	  --syntax-module MPY-SYNTAX \
    20	  --output-definition verification-kompiled
    21	
    22	kprove spec.k \
    23	  --definition verification-kompiled \
    24	  --spec-module FIBFIB-SPEC
===== /candidate/smoke.mpy =====
     1	Module(
     2	  FuncDef("fibfib", Params("n"),
     3	    Assign(Name("a"), Int(0))
     4	    Assign(Name("b"), Int(0))
     5	    Assign(Name("c"), Int(1))
     6	    Assign(Name("i"), Int(0))
     7	    Assign(Name("d"), Int(0))
     8	    While(Compare(Name("i"), CmpOp("<", Name("n"))),
     9	      Assign(
    10	        Name("d"),
    11	        BinOp("+", BinOp("+", Name("a"), Name("b")), Name("c")))
    12	      Assign(Name("a"), Name("b"))
    13	      Assign(Name("b"), Name("c"))
    14	      Assign(Name("c"), Name("d"))
    15	      Assign(Name("i"), BinOp("+", Name("i"), Int(1))))
    16	    Return(Name("a")))
    17	  Assert(Compare(Call(Name("fibfib"), Int(0)), CmpOp("==", Int(0))))
    18	  Assert(Compare(Call(Name("fibfib"), Int(1)), CmpOp("==", Int(0))))
    19	  Assert(Compare(Call(Name("fibfib"), Int(2)), CmpOp("==", Int(1))))
    20	  Assert(Compare(Call(Name("fibfib"), Int(5)), CmpOp("==", Int(4))))
    21	  Assert(Compare(Call(Name("fibfib"), Int(8)), CmpOp("==", Int(24)))))
===== parsed-spec top-level =====
dict
keys: ['format', 'term', 'version']
'format' = 'KAST'
'version' = 3
'term' type= dict len= 3
EXIT_STATUS: 0
