COMMAND: kprove body-sensitivity-spec.k --definition audit-body-mutated-kompiled --spec-module BODY-SENSITIVITY-SPEC
kore-exec: [2004800] Warning (WarnStuckClaimState):
    The left-hand side of the claim has been simplified to bottom. Location: /tmp/audit-work/144-simplify/body-sensitivity-spec.k:9:5-28:23
Context:
    (InfoReachability) while simplifying the claim
<generatedTop>
  <k>
    applyBin ( "%" , 0 , 0 ) ~> #freezerCompare(_,_)_MPY-SYNTAX_Expr_Expr_CmpOp0_ ( CmpOp ( "==" , Int ( 0 ) ) ~> .K ) ~> #freezerReturn(_)_MPY-SYNTAX_Stmt_Expr0_ ( ) ~> .Stmts ~> #endcall ~> .K
  </k>
  <env>
    1
  </env>
  <scopes>
    -1 |-> scope ( "abs" |-> builtinV ( "abs" )
    "all" |-> builtinV ( "all" )
    "any" |-> builtinV ( "any" )
    "bin" |-> builtinV ( "bin" )
    "chr" |-> builtinV ( "chr" )
    "enumerate" |-> builtinV ( "enumerate" )
    "eval" |-> builtinV ( "eval" )
    "float" |-> typeV ( "float" )
    "int" |-> typeV ( "int" )
    "isinstance" |-> builtinV ( "isinstance" )
    "len" |-> builtinV ( "len" )
    "list" |-> builtinV ( "list" )
    "map" |-> builtinV ( "map" )
    "max" |-> builtinV ( "max" )
    "min" |-> builtinV ( "min" )
    "ord" |-> builtinV ( "ord" )
    "range" |-> builtinV ( "range" )
    "round" |-> builtinV ( "round" )
    "set" |-> builtinV ( "set" )
    "sorted" |-> builtinV ( "sorted" )
    "str" |-> typeV ( "str" )
    "sum" |-> builtinV ( "sum" )
    "zip" |-> builtinV ( "zip" ) , root )
    0 |-> scope ( .Map , parent ( -1 ) )
    1 |-> scope ( "a" |-> 0
    "b" |-> 0
    "c" |-> 0
    "ch" |-> str ( iCons ( 49 , .IntSeq ) )
    "d" |-> 0
    "n" |-> str ( iCons ( 53 , iCons ( 47 , iCons ( 49 , .IntSeq ) ) ) )
    "part" |-> 0
    "x" |-> str ( iCons ( 49 , iCons ( 47 , iCons ( 53 , .IntSeq ) ) ) ) , parent ( 0 ) )
  </scopes>
  <scopeLoc>
    2
  </scopeLoc>
  <heap>
    .Map
  </heap>
  <heapLoc>
    0
  </heapLoc>
  <stack>
    ListItem ( frame (... continuation: .K , callerEnv: 0 , savedLoc: 1 ) )
  </stack>
  <ret>
    noRet
  </ret>
  <exc>
    NoExc
  </exc>
  <exit-code>
    _DotVar1
  </exit-code>
</generatedTop>
[Warning] Compiler: Variable 'As' defined but not used. Prefix variable name
with underscore if this is intentional.
	Source(/tmp/audit-work/144-simplify/reference-semantics/semantics/str.k)
	Location(52,27,52,29)
	52 |	  rule strLt(iCons(A:Int, As:IntSeq), iCons(B:Int, Bs:IntSeq)) => true   
      requires A  <Int B
	   .	                          ^~
[Warning] Compiler: Variable 'Bs' defined but not used. Prefix variable name
with underscore if this is intentional.
	Source(/tmp/audit-work/144-simplify/reference-semantics/semantics/str.k)
	Location(52,52,52,54)
	52 |	  rule strLt(iCons(A:Int, As:IntSeq), iCons(B:Int, Bs:IntSeq)) => true   
      requires A  <Int B
	   .	                                                   ^~
[Warning] Compiler: Variable 'As' defined but not used. Prefix variable name
with underscore if this is intentional.
	Source(/tmp/audit-work/144-simplify/reference-semantics/semantics/str.k)
	Location(53,27,53,29)
	53 |	  rule strLt(iCons(A:Int, As:IntSeq), iCons(B:Int, Bs:IntSeq)) => false  
      requires A  >Int B
	   .	                          ^~
[Warning] Compiler: Variable 'Bs' defined but not used. Prefix variable name
with underscore if this is intentional.
	Source(/tmp/audit-work/144-simplify/reference-semantics/semantics/str.k)
	Location(53,52,53,54)
	53 |	  rule strLt(iCons(A:Int, As:IntSeq), iCons(B:Int, Bs:IntSeq)) => false  
      requires A  >Int B
	   .	                                                   ^~
[Warning] Compiler: Variable 'XARG' defined but not used. Prefix variable name
with underscore if this is intentional.
	Source(/tmp/audit-work/144-simplify/verification-body-mutated.k)
	Location(195,26,195,30)
	195 |	       ==K simplifyScope(XARG, NARG, P, A, B, C, D, OLDCH)
	    .	                         ^~~~
[Warning] Compiler: Variable 'NARG' defined but not used. Prefix variable name
with underscore if this is intentional.
	Source(/tmp/audit-work/144-simplify/verification-body-mutated.k)
	Location(195,32,195,36)
	195 |	       ==K simplifyScope(XARG, NARG, P, A, B, C, D, OLDCH)
	    .	                               ^~~~
[Warning] Compiler: Variable 'OLDCH' defined but not used. Prefix variable name
with underscore if this is intentional.
	Source(/tmp/audit-work/144-simplify/verification-body-mutated.k)
	Location(195,53,195,58)
	195 |	       ==K simplifyScope(XARG, NARG, P, A, B, C, D, OLDCH)
	    .	                                                    ^~~~~
[Warning] Compiler: Variable 'XARG' defined but not used. Prefix variable name
with underscore if this is intentional.
	Source(/tmp/audit-work/144-simplify/verification-body-mutated.k)
	Location(228,26,228,30)
	228 |	       ==K simplifyScope(XARG, NARG, P, A, B, C, D, OLDCH)
	    .	                         ^~~~
[Warning] Compiler: Variable 'NARG' defined but not used. Prefix variable name
with underscore if this is intentional.
	Source(/tmp/audit-work/144-simplify/verification-body-mutated.k)
	Location(228,32,228,36)
	228 |	       ==K simplifyScope(XARG, NARG, P, A, B, C, D, OLDCH)
	    .	                               ^~~~
[Warning] Compiler: Variable 'OLDCH' defined but not used. Prefix variable name
with underscore if this is intentional.
	Source(/tmp/audit-work/144-simplify/verification-body-mutated.k)
	Location(228,53,228,58)
	228 |	       ==K simplifyScope(XARG, NARG, P, A, B, C, D, OLDCH)
	    .	                                                    ^~~~~
[Error] Prover: backend terminated because the configuration cannot be
rewritten further. See output for more details.
KPROVE_EXIT_STATUS: 1
AUDIT_EXPECTATION: expected semantic proof failure after executed-body mutation
