COMMAND: kprove stage6-spec-vacuity.k --definition verification-kompiled --spec-module UNIQUE-DIGITS-FALSE-RETURN-REF --dry-run
kore-exec /tmp/audit-work/rebuild/./verification-kompiled/definition.kore --module UNIQUE-DIGITS-VERIFICATION --prove /tmp/.kprove-2026-07-24-04-19-35-075-bc14304b-4684-4b54-863a-2077497e2a13/spec.kore --spec-module UNIQUE-DIGITS-FALSE-RETURN-REF --output /tmp/.kprove-2026-07-24-04-19-35-075-bc14304b-4684-4b54-863a-2077497e2a13/result.kore
[Warning] Compiler: Variable 'As' defined but not used. Prefix variable name
with underscore if this is intentional.
	Source(/tmp/audit-work/rebuild/reference-semantics/semantics/str.k)
	Location(52,27,52,29)
	52 |	  rule strLt(iCons(A:Int, As:IntSeq), iCons(B:Int, Bs:IntSeq)) => true   
      requires A  <Int B
	   .	                          ^~
[Warning] Compiler: Variable 'Bs' defined but not used. Prefix variable name
with underscore if this is intentional.
	Source(/tmp/audit-work/rebuild/reference-semantics/semantics/str.k)
	Location(52,52,52,54)
	52 |	  rule strLt(iCons(A:Int, As:IntSeq), iCons(B:Int, Bs:IntSeq)) => true   
      requires A  <Int B
	   .	                                                   ^~
[Warning] Compiler: Variable 'As' defined but not used. Prefix variable name
with underscore if this is intentional.
	Source(/tmp/audit-work/rebuild/reference-semantics/semantics/str.k)
	Location(53,27,53,29)
	53 |	  rule strLt(iCons(A:Int, As:IntSeq), iCons(B:Int, Bs:IntSeq)) => false  
      requires A  >Int B
	   .	                          ^~
[Warning] Compiler: Variable 'Bs' defined but not used. Prefix variable name
with underscore if this is intentional.
	Source(/tmp/audit-work/rebuild/reference-semantics/semantics/str.k)
	Location(53,52,53,54)
	53 |	  rule strLt(iCons(A:Int, As:IntSeq), iCons(B:Int, Bs:IntSeq)) => false  
      requires A  >Int B
	   .	                                                   ^~
[Warning] Compiler: Variable 'P' defined but not used. Prefix variable name
with underscore if this is intentional.
	Source(/tmp/audit-work/rebuild/verification.k)
	Location(104,12,104,13)
	104 |	           P:Parent) ...
	    .	           ^
EXIT_STATUS: 0
