Script started on 2026-07-28 17:39:26-05:00 [<not executed on terminal>]
{
  "audit_recorded_bundle_path": "/home/yuqing/Documents/Code/humaneval-benchmark/data/stage4-producer-sources/dc996159ebb6df707cd5366ab83c500be5bbd2b842eda971e55ade57e5dda000",
  "audit_recorded_bundle_tree_sha256": "55e6319f2271365637d561f055caa2f6187aa98b0216ec39cc79e0cce33b867c",
  "bundle_tree_sha256": "55e6319f2271365637d561f055caa2f6187aa98b0216ec39cc79e0cce33b867c",
  "checks": {
    "audit_path_image_matches_generator": true,
    "bundle_all_regular": true,
    "bundle_exact_entry_set": true,
    "bundle_tree_hash_matches_audit_input": true,
    "producer_file_hashes_match_generator": {
      "klean.py": true,
      "klean_export.py": true
    },
    "source_manifest_exact_keys": true,
    "source_manifest_files_match_generator": true,
    "source_manifest_image_matches_generator": true,
    "source_manifest_schema": true
  },
  "entry_kinds": {
    "klean.py": "regular",
    "klean_export.py": "regular",
    "source-manifest.json": "regular"
  },
  "expected_producer_files_from_generator_manifest": {
    "klean.py": "af70e08a1c91156f9fb5a2492647a2fda2b5a1040cbbc0180e6f03816ddf5ef1",
    "klean_export.py": "0c18ea7997ddd34d3cabbeb0f271e17eb8a01cd03342319facf749ba92df18f0"
  },
  "generator_image_id": "sha256:dc996159ebb6df707cd5366ab83c500be5bbd2b842eda971e55ade57e5dda000",
  "image_id_from_audit_path": "sha256:dc996159ebb6df707cd5366ab83c500be5bbd2b842eda971e55ade57e5dda000",
  "observed_file_sha256": {
    "klean.py": "af70e08a1c91156f9fb5a2492647a2fda2b5a1040cbbc0180e6f03816ddf5ef1",
    "klean_export.py": "0c18ea7997ddd34d3cabbeb0f271e17eb8a01cd03342319facf749ba92df18f0",
    "source-manifest.json": "c8de983b0b890246c762bc04c1c1d0364b2578143ba293d3ce534c9e3403d2dd"
  },
  "source_manifest": {
    "files": {
      "klean.py": "af70e08a1c91156f9fb5a2492647a2fda2b5a1040cbbc0180e6f03816ddf5ef1",
      "klean_export.py": "0c18ea7997ddd34d3cabbeb0f271e17eb8a01cd03342319facf749ba92df18f0"
    },
    "generator_image_id": "sha256:dc996159ebb6df707cd5366ab83c500be5bbd2b842eda971e55ade57e5dda000",
    "schema_version": 1
  }
}

Script done on 2026-07-28 17:39:26-05:00 [COMMAND_EXIT_CODE="0"]
