TARGET=longest-loop
$ kprove spec.k --definition verification-fresh-kompiled --spec-module SPEC --claims SPEC.longest-loop --output pretty --warnings none --haskell-backend-command 'kore-exec --log-level error'
TARGET=longest-loop
SELECTED_CLAIMS=SPEC.longest-loop
#Top
KPROVE_EXIT_STATUS=0
TARGET=longest-empty
$ kprove spec.k --definition verification-fresh-kompiled --spec-module SPEC --claims SPEC.longest-empty --output pretty --warnings none --haskell-backend-command 'kore-exec --log-level error'
TARGET=longest-empty
SELECTED_CLAIMS=SPEC.longest-empty
#Top
KPROVE_EXIT_STATUS=0
TARGET=longest-nonempty
$ kprove spec.k --definition verification-fresh-kompiled --spec-module SPEC --claims SPEC.longest-loop,SPEC.longest-nonempty --output pretty --warnings none --haskell-backend-command 'kore-exec --log-level error'
TARGET=longest-nonempty
SELECTED_CLAIMS=SPEC.longest-loop,SPEC.longest-nonempty
#Top
KPROVE_EXIT_STATUS=0
TARGET=concrete-empty
$ kprove spec.k --definition verification-fresh-kompiled --spec-module SPEC --claims SPEC.concrete-empty --output pretty --warnings none --haskell-backend-command 'kore-exec --log-level error'
TARGET=concrete-empty
SELECTED_CLAIMS=SPEC.concrete-empty
#Top
KPROVE_EXIT_STATUS=0
TARGET=concrete-first-tie
$ kprove spec.k --definition verification-fresh-kompiled --spec-module SPEC --claims SPEC.concrete-first-tie --output pretty --warnings none --haskell-backend-command 'kore-exec --log-level error'
TARGET=concrete-first-tie
SELECTED_CLAIMS=SPEC.concrete-first-tie
#Top
KPROVE_EXIT_STATUS=0
TARGET=concrete-increasing
$ kprove spec.k --definition verification-fresh-kompiled --spec-module SPEC --claims SPEC.concrete-increasing --output pretty --warnings none --haskell-backend-command 'kore-exec --log-level error'
TARGET=concrete-increasing
SELECTED_CLAIMS=SPEC.concrete-increasing
#Top
KPROVE_EXIT_STATUS=0
TARGET=concrete-late-tie
$ kprove spec.k --definition verification-fresh-kompiled --spec-module SPEC --claims SPEC.concrete-late-tie --output pretty --warnings none --haskell-backend-command 'kore-exec --log-level error'
TARGET=concrete-late-tie
SELECTED_CLAIMS=SPEC.concrete-late-tie
#Top
KPROVE_EXIT_STATUS=0
SCRIPT_EXIT_STATUS=0
DRIVER_EXIT_STATUS=0
