[Error] krun: audit-runtime-kompiled/interpreter 
/tmp/.krun-2026-07-29-11-36-08-ZHxXq6wFTU/tmp.in.Q4dhVb91PN -1 
/tmp/.krun-2026-07-29-11-36-08-ZHxXq6wFTU/result.kore
<generatedTop>
  <k>
    .K
  </k>
  <env>
    0
  </env>
  <scopes>
    -1 |-> scope ( "abs" |-> builtinV ( "abs" )
    "all" |-> builtinV ( "all" )
    "any" |-> builtinV ( "any" )
    "bin" |-> builtinV ( "bin" )
    "chr" |-> builtinV ( "chr" )
    "enumerate" |-> builtinV ( "enumerate" )
    "eval" |-> builtinV ( "eval" )
    "float" |-> typeV ( "float" )
    "int" |-> typeV ( "int" )
    "isinstance" |-> builtinV ( "isinstance" )
    "len" |-> builtinV ( "len" )
    "list" |-> builtinV ( "list" )
    "map" |-> builtinV ( "map" )
    "max" |-> builtinV ( "max" )
    "min" |-> builtinV ( "min" )
    "ord" |-> builtinV ( "ord" )
    "range" |-> builtinV ( "range" )
    "round" |-> builtinV ( "round" )
    "set" |-> builtinV ( "set" )
    "sorted" |-> builtinV ( "sorted" )
    "str" |-> typeV ( "str" )
    "sum" |-> builtinV ( "sum" )
    "zip" |-> builtinV ( "zip" ) , root )
    0 |-> scope ( "zero_key" |-> closureVal ( "number" , .ParamNames , Return ( Int ( 0 ) )  .Stmts , 0 ) , parent ( -1 ) )
  </scopes>
  <scopeLoc>
    1
  </scopeLoc>
  <heap>
    0 |-> list ( vCons ( 1 , vCons ( 2 , .ValSeq ) ) )
    1 |-> list ( vCons ( 2 , vCons ( 1 , .ValSeq ) ) )
    2 |-> list ( vCons ( 1 , vCons ( 2 , .ValSeq ) ) )
  </heap>
  <heapLoc>
    3
  </heapLoc>
  <stack>
    .List
  </stack>
  <ret>
    noRet
  </ret>
  <exc>
    AssertionError
  </exc>
  <exit-code>
    1
  </exit-code>
</generatedTop>
