Script started on 2026-08-01 02:32:31-05:00 [<not executed on terminal>]
PROGRAM CONSTRUCTORS
Assign
Attribute
BinOp
Call
CmpOp
Expr
FuncDef
If
Int
ListExpr
Module(
Name
Params
Return
Subscript
While
SYNTAX DECLARATIONS
9:  syntax Expr ::= "Int"      "(" Int ")"
12:                | "Name"     "(" String ")"
15:                | "BinOp"    "(" String "," Expr "," Expr ")" [seqstrict(2, 3)]
17:                | "ListExpr"  "(" Exprs ")"
22:                | "Subscript" "(" Expr "," Index ")"
28:                | "Call"      "(" Expr "," Exprs ")"
29:                | "Attribute" "(" Expr "," String ")" [strict(1)]
30:                | "Compare"   "(" Expr "," CmpOp ")"
32:  syntax CmpOp    ::= "CmpOp" "(" String "," Expr ")"
37:  syntax Exprs    ::= List{Expr, ","}
38:  syntax Index    ::= Expr | "Slice" "(" Bound "," Bound "," Bound ")"
41:  syntax Stmt ::= "Assign"    "(" Expr "," Expr ")" [strict(2)]
46:                | "While"     "(" Expr "," Stmts ")"
49:                | "If"        "(" Expr "," Stmts "," Stmts ")" [strict(1)]
50:                | "Return"    "(" Expr ")" [strict]
52:                | "Expr"      "(" Expr ")" [strict]
53:                | "FuncDef"   "(" String "," Params "," Stmts ")"
54:                | "FuncDef"   "(" String "," Params "," CellVars "," FreeVars "," Stmts ")"
56:  syntax Stmts      ::= List{Stmt, ""}
57:  syntax Params     ::= "Params" "(" ParamNames ")"
61:  syntax Module     ::= "Module" "(" Stmts ")"
USED OPERATIONAL RULES
reference-semantics/semantics/builtins.k
21:  rule applyBuiltin("len", OBJ:Val, .Vals) => seqLen(OBJ)
22:  rule seqLen(list(VS:ValSeq))                  => vsLen(VS)
32:  rule <k> #applyK(toCall(builtinV("list")), (list(VS:ValSeq),  .Vals)) => #alloc(list(VS)) ... </k>
33:  rule <k> #applyK(toCall(builtinV("list")), (tuple(VS:ValSeq), .Vals)) => #alloc(list(VS)) ... </k>
34:  rule <k> #applyK(toCall(builtinV("list")), .Vals)                     => #alloc(list(.ValSeq)) ... </k>
35:  rule <k> #applyK(toCall(builtinV("list")), (str(CS:IntSeq), .Vals))   => #alloc(list(charsOf(CS))) ... </k>
44:  rule applyBuiltin("abs", I:Int, .Vals) => absInt(I)
124:  rule <k> #applyK(toCall(builtinV("enumerate")), (list(VS:ValSeq), .Vals))
132:  rule <k> #applyK(toCall(builtinV("map")), (typeV("str"), list(VS:ValSeq), .Vals))
256:  rule passLGoE(_:String, CUR:Int, .OpSeq, _:IntSeq, OO:OpSeq, ON:IntSeq) => evp(OO, appendIE(ON, CUR))
261:    => passLGoE(L, N, OPS, NDS, appendOpE(OO, O), appendIE(ON, CUR))
264:    => evp(OO, appendIE(ON, CUR)) [owise]
269:  syntax OpSeq ::= appendOpE(OpSeq, String) [function, total]
270:  rule appendOpE(.OpSeq, O:String) => oCons(O, .OpSeq)
271:  rule appendOpE(oCons(H:String, T:OpSeq), O:String) => oCons(H, appendOpE(T, O))
272:  syntax IntSeq ::= appendIE(IntSeq, Int) [function, total]
273:  rule appendIE(.IntSeq, N:Int) => iCons(N, .IntSeq)
274:  rule appendIE(iCons(H:Int, T:IntSeq), N:Int) => iCons(H, appendIE(T, N))
280:  rule <k> Call(Attribute(Name("hashlib"), "md5"), (E:Expr, .Exprs)) => E ~> #md5 ... </k>

reference-semantics/semantics/list.k
13:  syntax ApplyK ::= "toList"
14:  rule <k> ListExpr(ES:Exprs) => #evalArgs(ES, .Vals, toList) ... </k>
15:  rule <k> #applyK(toList, ACC:Vals) => #alloc(list(vals2valSeq(ACC))) ... </k>
24:  rule <k> BinOp("+", list(A:ValSeq), list(B:ValSeq)) => #alloc(list(valSeqConcat(A, B))) ... </k>
52:  // ==== mutator: xs.append(v) — an in-place heap write ======================
53:  rule <k> #applyK(toCall(boundMethodV(ref(H:Int), "append")), (V:Val, .Vals)) => noneV ... </k>
59:  rule <k> Compare(LV:Val, CmpOp("in",     list(VS:ValSeq))) => #memberAcc(LV, list(VS)) ... </k>
60:  rule <k> Compare(LV:Val, CmpOp("not in", list(VS:ValSeq))) => #memberAcc(LV, list(VS)) ~> #notB ... </k>

reference-semantics/semantics/operators.k
12:  rule <k> BinOp(OP:String, L:Val, R:Val) => applyBin(OP, L, R) ... </k>
15:  context Compare(HOLE, _)
16:  context Compare(_:Val, CmpOp(_, HOLE))
17:  rule <k> Compare(LV:Val, CmpOp(OP:String, RV:Val)) => applyCmp(OP, LV, RV) ... </k> [owise]
25:  rule <k> BinOp(OP:String, ref(H:Int), R:Expr) => BinOp(OP, V, R) ... </k>
28:  rule <k> BinOp(OP:String, L:Val, ref(H:Int)) => BinOp(OP, L, V) ... </k>
34:  rule <k> Compare(ref(H:Int), CmpOp(OP:String, R:Expr)) => Compare(V, CmpOp(OP, R)) ... </k>
38:  rule <k> Compare(L:Val, CmpOp(OP:String, ref(H:Int))) => Compare(L, CmpOp(OP, V)) ... </k>

reference-semantics/semantics/controls.k
9:  rule <k> Assign(Name(X:String), V:Val) => .K ... </k>
12:  rule <k> Assign(Name(X:String), V:Val) => #cellW({M[X]}:>Val, V) ... </k>
20:  rule <k> AugAssign(Name(X:String), OP:String, V:Val) => .K ... </k>
27:  rule <k> AugAssign(Name(X:String), OP:String, V:Val) => Assign(Name(X), BinOp(OP, Name(X), V)) ... </k>
51:  syntax KItem ::= #branch(Bool, Stmts, Stmts)
52:  rule <k> If(C:Val, T:Stmts, E:Stmts) => #branch(truthy(C), T, E) ... </k>
53:  rule <k> #branch(true,  T:Stmts, _:Stmts) => T ... </k>
54:  rule <k> #branch(false, _:Stmts, E:Stmts) => E ... </k>
66:                 | #while(Expr, Stmts) | #whileCond(Expr, Stmts)
77:  rule <k> While(C:Expr, B:Stmts) => #while(C, B) ... </k>
78:  rule <k> #while(C:Expr, B:Stmts) => C ~> #whileCond(C, B) ... </k>
79:  rule <k> V:Val ~> #whileCond(C:Expr, B:Stmts) => B ~> #loopLbl(#while(C, B)) ... </k>
81:  rule <k> V:Val ~> #whileCond(_C:Expr, _B:Stmts) => .K ... </k>
95:  rule <k> If(ref(H:Int), T:Stmts, E:Stmts) => If(V, T, E) ... </k>
101:  rule <k> ref(H:Int) ~> #whileCond(C:Expr, B:Stmts) => V ~> #whileCond(C, B) ... </k>

reference-semantics/semantics/call.k
4:// #evalArgs loop in core.k), then dispatch on the callee value:
19:  syntax KItem ::= #callee(Exprs)
20:  rule <k> Call(Fe:Expr, ARGS:Exprs) => Fe ~> #callee(ARGS) ... </k> [owise]
21:  rule <k> CV:Val ~> #callee(ARGS:Exprs) => #evalArgs(ARGS, .Vals, toCall(CV)) ... </k>
24:  rule <k> #applyK(toCall(boundMethodV(OBJ:Val, M:String)), ACC:Vals) => applyMethod(OBJ, M, ACC) ... </k>
26:  rule <k> #applyK(toCall(builtinV("sum")), (OBJ:Iterable, .Vals)) => #sumAcc(OBJ, 0) ... </k>
27:  rule <k> #applyK(toCall(builtinV("all")), (OBJ:Iterable, .Vals)) => #allAcc(OBJ)    ... </k>
28:  rule <k> #applyK(toCall(builtinV("any")), (OBJ:Iterable, .Vals)) => #anyAcc(OBJ)    ... </k>
29:  rule <k> #applyK(toCall(builtinV("max")), (OBJ:Iterable, .Vals)) => #maxAcc0(OBJ)   ... </k>
30:  rule <k> #applyK(toCall(builtinV("min")), (OBJ:Iterable, .Vals)) => #minAcc0(OBJ)   ... </k>
31:  rule <k> #applyK(toCall(builtinV(BN:String)), ACC:Vals) => applyBuiltin(BN, ACC) ... </k> [owise]
32:  rule <k> #applyK(toCall(typeV(T:String)),     ACC:Vals) => applyBuiltin(T, ACC)  ... </k>
38:  rule <k> #applyK(toCall(builtinV(BN:String)), (ref(H:Int), REST:Vals))
39:        => #applyK(toCall(builtinV(BN)), (V, REST)) ... </k>
42:  rule <k> #applyK(toCall(builtinV(BN:String)), (A:Val, ref(H:Int), REST:Vals))
43:        => #applyK(toCall(builtinV(BN)), (A, V, REST)) ... </k>
47:  rule <k> #applyK(toCall(typeV(T:String)), (ref(H:Int), REST:Vals))
48:        => #applyK(toCall(typeV(T)), (V, REST)) ... </k>
54:    => M ==String "append" orBool M ==String "sort" orBool M ==String "extend"
56:  rule <k> #applyK(toCall(boundMethodV(ref(H:Int), M:String)), ACC:Vals)
57:        => #applyK(toCall(boundMethodV(V, M)), ACC) ... </k>
62:  // mutators keep refs (append of a list into a list-of-lists stays aliased)
63:  rule <k> #applyK(toCall(boundMethodV(OBJ:Val, M:String)), (ref(H:Int), REST:Vals))
64:        => #applyK(toCall(boundMethodV(OBJ, M)), (V, REST)) ... </k>
69:  rule <k> #applyK(toCall(closureVal(PNS:ParamNames, BODY:Stmts, DEFL:Int)), ACC:Vals) ~> CONT
80:  rule <k> #applyK(toCall(closureValC(PNS:ParamNames, CVS:ParamNames, BODY:Stmts, CM:Map)), ACC:Vals) ~> CONT

reference-semantics/semantics/subscript.k
27:  context Subscript(HOLE, _)
28:  context Subscript(_:Val, HOLE:Expr)
31:  rule <k> Subscript(ref(H:Int), IX:Index) => Subscript(V, IX) ... </k>
35:  rule <k> Subscript(OBJ:Val, I:Int) => applyIndex(OBJ, I) ... </k>
38:  rule applyIndex(list(VS:ValSeq),  I:Int) => valSeqAt(VS, normIdx(I, vsLen(VS)))
54:  rule <k> Subscript(OBJ:Val, Slice(LO:Bound, HI:Bound, ST:Bound)) => #evalB(LO) ~> #slLo(OBJ, HI, ST) ... </k>

reference-semantics/semantics/functions.k
6:  // call routing + callee/arg evaluation (#callee/#args/#argCont) live in call.k;
10:                 | "#pop"
14:  rule <k> FuncDef(F:String, Params(PNS:ParamNames), BODY:Stmts) => .K ... </k>
33:  rule <k> FuncDef(F:String, Params(PNS:ParamNames), CellVars(CVS:ParamNames),
48:        => closureVal(PNS, Return(E) .Stmts, L) ... </k>
52:        => #mkLambda(PNS, CVS, FVS, Return(E) .Stmts, .Map) ... </k>
78:  rule <k> Return(V:Val) ~> _ => #pop </k>
80:  rule <k> #endcall => #pop ... </k>
85:  rule <k> #pop => V ~> CONT </k>

reference-semantics/semantics/core.k
65:  // monotonic — it does NOT wind back at #pop: returned lists escape by ref.
124:  syntax KItem ::= #loadAll(Module)
125:  rule <k> #loadAll(Module(SS:Stmts)) => SS ... </k>
131:  rule <k> Name(X:String) => #look(X, L) ... </k> <env> L:Int </env>
185:  syntax ApplyK ::= toCall(Val)
186:  syntax KItem  ::= #evalArgs(Exprs, Vals, ApplyK)
189:  rule <k> #evalArgs((A:Expr, REST:Exprs), ACC:Vals, K:ApplyK) => A ~> #evalArgCont(REST, ACC, K) ... </k>
190:  rule <k> V:Val ~> #evalArgCont(REST:Exprs, ACC:Vals, K:ApplyK) => #evalArgs(REST, appendVal(ACC, V), K) ... </k>
191:  rule <k> #evalArgs(.Exprs, ACC:Vals, K:ApplyK) => #applyK(K, ACC) ... </k>
194:  rule <k> Int(I:Int)   => I ... </k>
213:  syntax Vals ::= appendVal(Vals, Val) [function, total]
214:  rule appendVal(.Vals, V:Val)              => V , .Vals
215:  rule appendVal((V0:Val, VS:Vals), V:Val)  => V0 , appendVal(VS, V)
PROOF EXTENSION TRUST/BRIDGE CHECK
ADMITTED FIXED-SYMBOL SIMPLIFICATIONS
105:  rule vsLen(gridRows(P:IntSeq, N:Int)) => N
106-    requires N >=Int 2 andBool validPerm(P, N *Int N)
107-    [simplification]
108-
109:  rule valSeqAt(gridRows(P:IntSeq, N:Int), I:Int)
110-    => list(gridRow(P, N, I))
111-    requires N >=Int 2 andBool validPerm(P, N *Int N)
112-      andBool I >=Int 0 andBool I <Int N
113-    [simplification]
114-
115:  rule valSeqAt(gridRow(P:IntSeq, N:Int, I:Int), J:Int)
116-    => gridAt(P, N, I, J)
117-    requires N >=Int 2 andBool validPerm(P, N *Int N)
118-      andBool I >=Int 0 andBool I <Int N
119-      andBool J >=Int 0 andBool J <Int N
120-    [simplification]
121-
122:  rule (gridAt(P:IntSeq, N:Int, I:Int, J:Int) ==Int 1)
123-    => (I ==Int oneRow(P, N) andBool J ==Int oneCol(P, N))
124-    requires N >=Int 2 andBool validPerm(P, N *Int N)
125-      andBool I >=Int 0 andBool I <Int N
126-      andBool J >=Int 0 andBool J <Int N
127-    [simplification]
128-
129:  rule (gridAt(P:IntSeq, N:Int, I:Int, J:Int) <Int N *Int N +Int 1)
130-    => true
131-    requires N >=Int 2 andBool validPerm(P, N *Int N)
132-      andBool I >=Int 0 andBool I <Int N
133-      andBool J >=Int 0 andBool J <Int N
134-    [simplification]
135-
136-  // -----------------------------------------------------------------------
137-  // Pure summaries used by the loop claims and final postcondition.
ALL CLAIM LABELS
spec.k
9:  claim [inner-one-ahead]:
32:  claim [inner-no-one]:
58:  claim [outer-one-ahead]:
80:  claim [outer-one-past]:
105:  claim [scan-finish]:
134:  claim [neighbor-finish]:
158:  claim [result-loop-tail]:
205:  claim [minpath-full-contract]:

Script done on 2026-08-01 02:32:31-05:00 [COMMAND_EXIT_CODE="0"]
