<generatedTop>
  <k>
    .K
  </k>
  <env>
    0
  </env>
  <scopes>
    -1 |-> scope ( "abs" |-> builtinV ( "abs" )
    "all" |-> builtinV ( "all" )
    "any" |-> builtinV ( "any" )
    "bin" |-> builtinV ( "bin" )
    "chr" |-> builtinV ( "chr" )
    "enumerate" |-> builtinV ( "enumerate" )
    "eval" |-> builtinV ( "eval" )
    "float" |-> typeV ( "float" )
    "int" |-> typeV ( "int" )
    "isinstance" |-> builtinV ( "isinstance" )
    "len" |-> builtinV ( "len" )
    "list" |-> builtinV ( "list" )
    "map" |-> builtinV ( "map" )
    "max" |-> builtinV ( "max" )
    "min" |-> builtinV ( "min" )
    "ord" |-> builtinV ( "ord" )
    "range" |-> builtinV ( "range" )
    "round" |-> builtinV ( "round" )
    "set" |-> builtinV ( "set" )
    "sorted" |-> builtinV ( "sorted" )
    "str" |-> typeV ( "str" )
    "sum" |-> builtinV ( "sum" )
    "zip" |-> builtinV ( "zip" ) , root )
    0 |-> scope ( "check_dict_case" |-> closureVal ( "dict" , .ParamNames , Assign ( Name ( "has_key" ) , Bool ( false ) )  Assign ( Name ( "all_lower" ) , Bool ( true ) )  Assign ( Name ( "all_upper" ) , Bool ( true ) )  Assign ( Name ( "key" ) , NoneVal )  For ( Name ( "key" ) , Call ( Attribute ( Name ( "dict" ) , "keys" ) , .Exprs ) , Assign ( Name ( "has_key" ) , Bool ( true ) )  If ( UnaryOp ( "not" , Call ( Name ( "isinstance" ) , Name ( "key" ) , Name ( "str" ) , .Exprs ) ) , Assign ( Name ( "all_lower" ) , Bool ( false ) )  Assign ( Name ( "all_upper" ) , Bool ( false ) )  .Stmts , If ( UnaryOp ( "not" , Call ( Attribute ( Name ( "key" ) , "islower" ) , .Exprs ) ) , Assign ( Name ( "all_lower" ) , Bool ( false ) )  .Stmts , .Stmts )  If ( UnaryOp ( "not" , Call ( Attribute ( Name ( "key" ) , "isupper" ) , .Exprs ) ) , Assign ( Name ( "all_upper" ) , Bool ( false ) )  .Stmts , .Stmts )  .Stmts )  .Stmts )  Return ( BoolOp ( "and" , Name ( "has_key" ) , BoolOp ( "or" , Name ( "all_lower" ) , Name ( "all_upper" ) , .Exprs ) , .Exprs ) )  .Stmts , 0 ) , parent ( -1 ) )
  </scopes>
  <scopeLoc>
    1
  </scopeLoc>
  <heap>
    0 |-> list ( vCons ( str ( iCons ( 97 , .IntSeq ) ) , vCons ( str ( iCons ( 98 , .IntSeq ) ) , .ValSeq ) ) )
    1 |-> list ( vCons ( str ( iCons ( 97 , .IntSeq ) ) , vCons ( str ( iCons ( 65 , .IntSeq ) ) , vCons ( str ( iCons ( 66 , .IntSeq ) ) , .ValSeq ) ) ) )
    2 |-> list ( vCons ( str ( iCons ( 97 , .IntSeq ) ) , vCons ( 8 , .ValSeq ) ) )
    3 |-> list ( vCons ( str ( iCons ( 78 , iCons ( 97 , iCons ( 109 , iCons ( 101 , .IntSeq ) ) ) ) ) , vCons ( str ( iCons ( 65 , iCons ( 103 , iCons ( 101 , .IntSeq ) ) ) ) , vCons ( str ( iCons ( 67 , iCons ( 105 , iCons ( 116 , iCons ( 121 , .IntSeq ) ) ) ) ) , .ValSeq ) ) ) )
    4 |-> list ( vCons ( str ( iCons ( 83 , iCons ( 84 , iCons ( 65 , iCons ( 84 , iCons ( 69 , .IntSeq ) ) ) ) ) ) , vCons ( str ( iCons ( 90 , iCons ( 73 , iCons ( 80 , .IntSeq ) ) ) ) , .ValSeq ) ) )
    5 |-> list ( .ValSeq )
    6 |-> list ( vCons ( str ( iCons ( 49 , iCons ( 50 , iCons ( 51 , .IntSeq ) ) ) ) , .ValSeq ) )
  </heap>
  <heapLoc>
    7
  </heapLoc>
  <stack>
    .List
  </stack>
  <ret>
    noRet
  </ret>
  <exc>
    NoExc
  </exc>
  <exit-code>
    0
  </exit-code>
</generatedTop>
