Script started on 2026-07-26 02:33:26-05:00 [<not executed on terminal>]
+ cd /tmp/audit-work/fresh
+ python3 /audit-output/evidence/04-pinning-check.py
COMMAND: kast --definition semantic-kompiled --sort Module --output json /tmp/audit-work/fresh/solution.mpy
EXIT: 0
COMMAND: kast --definition semantic-kompiled --sort Module --output json /tmp/audit-work/fresh/spec-entry-program.mpy
EXIT: 0
submitted_kast_sha256=56d987077eed0ab869d355a2249ec0c7232fcc1cff68d50235a16580974957c5
claim_entry_kast_sha256=56d987077eed0ab869d355a2249ec0c7232fcc1cff68d50235a16580974957c5
constructor_level_equal=True
extracted_claim_term=/tmp/audit-work/fresh/spec-entry-program.mpy
+ pinning_exit=0
+ python3 -c 'print("original witness", __import__("solution").select_words("u", 0)); print("mutated witness", [w for w in "u".split() if len([c for c in w if c.lower() not in "aeio"]) == 0])'
original witness ['u']
mutated witness []
+ witness_exit=0
+ kprove spec-body-mutation.k --definition verification-kompiled --spec-module SPEC-BODY-MUTATION
kore-exec: [336075] Warning (WarnStuckClaimState):
    The configuration's term doesn't unify with the destination's term and the configuration cannot be rewritten further. Location: /tmp/audit-work/fresh/spec-body-mutation.k:11:5-40:23
Context:
    (InfoReachability) while checking the implication
  <select-words>
    <k>
      eval ( ListComp ( Name ( "word" ) , CompFor ( Name ( "word" ) , Call ( Attribute ( Name ( "s" ) , "split" ) , .Exprs ) , Compare ( Call ( Name ( "len" ) , ListComp ( Name ( "letter" ) , CompFor ( Name ( "letter" ) , Name ( "word" ) , Compare ( Call ( Attribute ( Name ( "letter" ) , "lower" ) , .Exprs ) , CmpOp ( "not in" , Str ( "aeio" ) ) , .CmpOps ) , .Exprs )  .CompFors ) , .Exprs ) , CmpOp ( "==" , Name ( "n" ) ) , .CmpOps ) , .Exprs )  .CompFors ) , S , N ) ~> finish ~> .K
    </k>
    <inputS>
      S
    </inputS>
    <inputN>
      N
    </inputN>
    <result>
      noResult
    </result>
  </select-words>
#And
  {
    true
  #Equals
    N >=Int 0
  }
[Error] Prover: backend terminated because the configuration cannot be
rewritten further. See output for more details.
[0m[0m+ body_mutation_exit=1
+ echo pinning_exit=0
pinning_exit=0
+ echo witness_exit=0
witness_exit=0
+ echo body_mutation_exit=1
body_mutation_exit=1
+ test 0 -eq 0
+ pinning_assert_exit=0
+ test 0 -eq 0
+ witness_assert_exit=0
+ test 1 -ne 0
+ mutation_assert_exit=0
+ echo pinning_assert_exit=0
pinning_assert_exit=0
+ echo witness_assert_exit=0
witness_assert_exit=0
+ echo mutation_assert_exit=0
mutation_assert_exit=0
+ test 0 -eq 0 -a 0 -eq 0 -a 0 -eq 0

Script done on 2026-07-26 02:33:29-05:00 [COMMAND_EXIT_CODE="0"]
