Script started on 2026-07-24 06:37:41-05:00 [<not executed on terminal>]
+ work=/tmp/audit-work/reconstruction
+ cp /audit-output/evidence/spec-vacuity.k /tmp/audit-work/reconstruction/spec-vacuity.k
+ cd /tmp/audit-work/reconstruction
+ python3 -c 'from solution import parse_music; result = parse_music(""); print("generated empty witness =", result); assert result == []'
generated empty witness = []
+ generated_witness_status=0
+ python3 -c 'import importlib.util; s=importlib.util.spec_from_file_location("canonical","/reference/canonical.py"); m=importlib.util.module_from_spec(s); s.loader.exec_module(m); result=m.parse_music(""); print("canonical empty witness =",result); assert result == []'
canonical empty witness = []
+ canonical_witness_status=0
+ printf 'satisfying witness exits: generated=%d canonical=%d\n' 0 0
satisfying witness exits: generated=0 canonical=0
+ kprove spec-vacuity.k --definition verification-kompiled --spec-module PARSE-MUSIC-ENTRY-VACUITY --dry-run
[Warning] Compiler: Variable 'As' defined but not used. Prefix variable name
with underscore if this is intentional.
	Source(/tmp/audit-work/reconstruction/reference-semantics/semantics/str.k)
	Location(52,27,52,29)
	52 |	  rule strLt(iCons(A:Int, As:IntSeq), iCons(B:Int, Bs:IntSeq)) => true   
      requires A  <Int B
	   .	                          ^~
[Warning] Compiler: Variable 'Bs' defined but not used. Prefix variable name
with underscore if this is intentional.
	Source(/tmp/audit-work/reconstruction/reference-semantics/semantics/str.k)
	Location(52,52,52,54)
	52 |	  rule strLt(iCons(A:Int, As:IntSeq), iCons(B:Int, Bs:IntSeq)) => true   
      requires A  <Int B
	   .	                                                   ^~
[Warning] Compiler: Variable 'As' defined but not used. Prefix variable name
with underscore if this is intentional.
	Source(/tmp/audit-work/reconstruction/reference-semantics/semantics/str.k)
	Location(53,27,53,29)
	53 |	  rule strLt(iCons(A:Int, As:IntSeq), iCons(B:Int, Bs:IntSeq)) => false  
      requires A  >Int B
	   .	                          ^~
[Warning] Compiler: Variable 'Bs' defined but not used. Prefix variable name
with underscore if this is intentional.
	Source(/tmp/audit-work/reconstruction/reference-semantics/semantics/str.k)
	Location(53,52,53,54)
	53 |	  rule strLt(iCons(A:Int, As:IntSeq), iCons(B:Int, Bs:IntSeq)) => false  
      requires A  >Int B
	   .	                                                   ^~
[Warning] Compiler: Variable 'S' defined but not used. Prefix variable name
with underscore if this is intentional.
	Source(/tmp/audit-work/reconstruction/verification.k)
	Location(97,33,97,34)
	97 |	            ("music_string" |-> S:Val)
	   .	                                ^
[Warning] Compiler: Variable 'P' defined but not used. Prefix variable name
with underscore if this is intentional.
	Source(/tmp/audit-work/reconstruction/verification.k)
	Location(100,13,100,14)
	100 |	            P:Parent)
	    .	            ^
[0m+ dry_run_status=0
+ printf 'false mutation dry-run/build exit: %d\n' 0
false mutation dry-run/build exit: 0
+ wc -c /tmp/audit-work/vacuity-dry-run.kore
342 /tmp/audit-work/vacuity-dry-run.kore
+ kprove spec-vacuity.k --definition verification-kompiled --spec-module PARSE-MUSIC-ENTRY-VACUITY --branching-allowed 100
kore-exec: [1355281] Warning (WarnStuckClaimState):
    The configuration's term unifies with the destination's term, but the implication check between the conditions has failed. Location: /tmp/audit-work/reconstruction/spec-vacuity.k:10:5-27:31
Context:
    (InfoReachability) while checking the implication
  #Not ( {
    musicAcc ( .ValSeq , M )
  #Equals
    vCons ( 99 , musicAcc ( .ValSeq , M ) )
  } )
#And
  <generatedTop>
    <k>
      ref ( 0 ) ~> .K
    </k>
    <env>
      0
    </env>
    <scopes>
      -1 |-> scope ( "abs" |-> builtinV ( "abs" )
      "all" |-> builtinV ( "all" )
      "any" |-> builtinV ( "any" )
      "bin" |-> builtinV ( "bin" )
      "chr" |-> builtinV ( "chr" )
      "enumerate" |-> builtinV ( "enumerate" )
      "eval" |-> builtinV ( "eval" )
      "float" |-> typeV ( "float" )
      "int" |-> typeV ( "int" )
      "isinstance" |-> builtinV ( "isinstance" )
      "len" |-> builtinV ( "len" )
      "list" |-> builtinV ( "list" )
      "map" |-> builtinV ( "map" )
      "max" |-> builtinV ( "max" )
      "min" |-> builtinV ( "min" )
      "ord" |-> builtinV ( "ord" )
      "range" |-> builtinV ( "range" )
      "round" |-> builtinV ( "round" )
      "set" |-> builtinV ( "set" )
      "sorted" |-> builtinV ( "sorted" )
      "str" |-> typeV ( "str" )
      "sum" |-> builtinV ( "sum" )
      "zip" |-> builtinV ( "zip" ) , root )
      0 |-> scope ( "parse_music" |-> closureVal ( "music_string" , .ParamNames , Assign ( Name ( "beats" ) , ListExpr ( .Exprs ) )  Assign ( Name ( "note" ) , Str ( "" ) )  For ( Name ( "note" ) , Call ( Attribute ( Name ( "music_string" ) , "split" ) , .Exprs ) , If ( Compare ( Name ( "note" ) , CmpOp ( "==" , Str ( "o" ) ) ) , Expr ( Call ( Attribute ( Name ( "beats" ) , "append" ) , Int ( 4 ) , .Exprs ) )  .Stmts , If ( Compare ( Name ( "note" ) , CmpOp ( "==" , Str ( "o|" ) ) ) , Expr ( Call ( Attribute ( Name ( "beats" ) , "append" ) , Int ( 2 ) , .Exprs ) )  .Stmts , Expr ( Call ( Attribute ( Name ( "beats" ) , "append" ) , Int ( 1 ) , .Exprs ) )  .Stmts )  .Stmts )  .Stmts )  Return ( Name ( "beats" ) )  .Stmts , 0 ) , parent ( -1 ) )
    </scopes>
    <scopeLoc>
      1
    </scopeLoc>
    <heap>
      0 |-> list ( musicAcc ( .ValSeq , M ) )
    </heap>
    <heapLoc>
      1
    </heapLoc>
    <stack>
      .List
    </stack>
    <ret>
      noRet
    </ret>
    <exc>
      NoExc
    </exc>
    <exit-code>
      0
    </exit-code>
  </generatedTop>
[Warning] Compiler: Variable 'As' defined but not used. Prefix variable name
with underscore if this is intentional.
	Source(/tmp/audit-work/reconstruction/reference-semantics/semantics/str.k)
	Location(52,27,52,29)
	52 |	  rule strLt(iCons(A:Int, As:IntSeq), iCons(B:Int, Bs:IntSeq)) => true   
      requires A  <Int B
	   .	                          ^~
[Warning] Compiler: Variable 'Bs' defined but not used. Prefix variable name
with underscore if this is intentional.
	Source(/tmp/audit-work/reconstruction/reference-semantics/semantics/str.k)
	Location(52,52,52,54)
	52 |	  rule strLt(iCons(A:Int, As:IntSeq), iCons(B:Int, Bs:IntSeq)) => true   
      requires A  <Int B
	   .	                                                   ^~
[Warning] Compiler: Variable 'As' defined but not used. Prefix variable name
with underscore if this is intentional.
	Source(/tmp/audit-work/reconstruction/reference-semantics/semantics/str.k)
	Location(53,27,53,29)
	53 |	  rule strLt(iCons(A:Int, As:IntSeq), iCons(B:Int, Bs:IntSeq)) => false  
      requires A  >Int B
	   .	                          ^~
[Warning] Compiler: Variable 'Bs' defined but not used. Prefix variable name
with underscore if this is intentional.
	Source(/tmp/audit-work/reconstruction/reference-semantics/semantics/str.k)
	Location(53,52,53,54)
	53 |	  rule strLt(iCons(A:Int, As:IntSeq), iCons(B:Int, Bs:IntSeq)) => false  
      requires A  >Int B
	   .	                                                   ^~
[Warning] Compiler: Variable 'S' defined but not used. Prefix variable name
with underscore if this is intentional.
	Source(/tmp/audit-work/reconstruction/verification.k)
	Location(97,33,97,34)
	97 |	            ("music_string" |-> S:Val)
	   .	                                ^
[Warning] Compiler: Variable 'P' defined but not used. Prefix variable name
with underscore if this is intentional.
	Source(/tmp/audit-work/reconstruction/verification.k)
	Location(100,13,100,14)
	100 |	            P:Parent)
	    .	            ^
[Error] Prover: backend terminated because the configuration cannot be
rewritten further. See output for more details.
[0m[0m+ mutation_proof_status=1
+ printf 'false mutation kprove exit (nonzero expected): %d\n' 1
false mutation kprove exit (nonzero expected): 1
+ test 0 -ne 0
+ test 0 -ne 0
+ test 0 -ne 0
+ test 1 -eq 0
+ exit 0

Script done on 2026-07-24 06:37:47-05:00 [COMMAND_EXIT_CODE="0"]
