kore-exec: [952886] Warning (WarnStuckClaimState):
    The configuration's term doesn't unify with the destination's term and the configuration cannot be rewritten further. Location: /tmp/audit-work/fresh/connection-opposite-spec.k:8:5-13:9
Context:
    (InfoReachability) while checking the implication
<generatedTop>
  <k>
    -3 ~> .K
  </k>
  <env>
    _Gen10
  </env>
  <scopes>
    _Gen11
  </scopes>
  <scopeLoc>
    _Gen12
  </scopeLoc>
  <heap>
    _Gen13
  </heap>
  <heapLoc>
    _Gen14
  </heapLoc>
  <stack>
    _Gen15
  </stack>
  <ret>
    _Gen16
  </ret>
  <exc>
    _Gen17
  </exc>
  <exit-code>
    _Gen18
  </exit-code>
</generatedTop>
[Warning] Compiler: Variable 'As' defined but not used. Prefix variable name
with underscore if this is intentional.
	Source(/tmp/audit-work/fresh/reference-semantics/semantics/str.k)
	Location(52,27,52,29)
	52 |	  rule strLt(iCons(A:Int, As:IntSeq), iCons(B:Int, Bs:IntSeq)) => true   
      requires A  <Int B
	   .	                          ^~
[Warning] Compiler: Variable 'Bs' defined but not used. Prefix variable name
with underscore if this is intentional.
	Source(/tmp/audit-work/fresh/reference-semantics/semantics/str.k)
	Location(52,52,52,54)
	52 |	  rule strLt(iCons(A:Int, As:IntSeq), iCons(B:Int, Bs:IntSeq)) => true   
      requires A  <Int B
	   .	                                                   ^~
[Warning] Compiler: Variable 'As' defined but not used. Prefix variable name
with underscore if this is intentional.
	Source(/tmp/audit-work/fresh/reference-semantics/semantics/str.k)
	Location(53,27,53,29)
	53 |	  rule strLt(iCons(A:Int, As:IntSeq), iCons(B:Int, Bs:IntSeq)) => false  
      requires A  >Int B
	   .	                          ^~
[Warning] Compiler: Variable 'Bs' defined but not used. Prefix variable name
with underscore if this is intentional.
	Source(/tmp/audit-work/fresh/reference-semantics/semantics/str.k)
	Location(53,52,53,54)
	53 |	  rule strLt(iCons(A:Int, As:IntSeq), iCons(B:Int, Bs:IntSeq)) => false  
      requires A  >Int B
	   .	                                                   ^~
[Error] Prover: backend terminated because the configuration cannot be
rewritten further. See output for more details.
COMMAND: kprove connection-opposite-spec.k --definition connection-kompiled --spec-module CONNECTION-OPPOSITE-SPEC --dry-run
DRY_RUN_EXIT_STATUS: 0
COMMAND: kprove connection-opposite-spec.k --definition connection-kompiled --spec-module CONNECTION-OPPOSITE-SPEC
PROOF_EXIT_STATUS: 1
