Script started on 2026-07-29 15:39:19-05:00 [<not executed on terminal>]
[0m<generatedTop>[0m
  <k>[0m
    .K
  </k>[0m
  <env>[0m
    0
  </env>[0m
  <scopes>[0m
    -1 |->[0m scope[0m ([0m "abs" |->[0m builtinV[0m ([0m "abs" )[0m
    "all" |->[0m builtinV[0m ([0m "all" )[0m
    "any" |->[0m builtinV[0m ([0m "any" )[0m
    "bin" |->[0m builtinV[0m ([0m "bin" )[0m
    "chr" |->[0m builtinV[0m ([0m "chr" )[0m
    "enumerate" |->[0m builtinV[0m ([0m "enumerate" )[0m
    "eval" |->[0m builtinV[0m ([0m "eval" )[0m
    "float" |->[0m typeV[0m ([0m "float" )[0m
    "int" |->[0m typeV[0m ([0m "int" )[0m
    "isinstance" |->[0m builtinV[0m ([0m "isinstance" )[0m
    "len" |->[0m builtinV[0m ([0m "len" )[0m
    "list" |->[0m builtinV[0m ([0m "list" )[0m
    "map" |->[0m builtinV[0m ([0m "map" )[0m
    "max" |->[0m builtinV[0m ([0m "max" )[0m
    "min" |->[0m builtinV[0m ([0m "min" )[0m
    "ord" |->[0m builtinV[0m ([0m "ord" )[0m
    "range" |->[0m builtinV[0m ([0m "range" )[0m
    "round" |->[0m builtinV[0m ([0m "round" )[0m
    "set" |->[0m builtinV[0m ([0m "set" )[0m
    "sorted" |->[0m builtinV[0m ([0m "sorted" )[0m
    "str" |->[0m typeV[0m ([0m "str" )[0m
    "sum" |->[0m builtinV[0m ([0m "sum" )[0m
    "zip" |->[0m builtinV[0m ([0m "zip" )[0m ,[0m root[0m )[0m
    0 |->[0m scope[0m ([0m "exchange" |->[0m closureVal[0m ([0m "lst1" ,[0m "lst2" ,[0m .ParamNames[0m ,[0m Expr[0m ([0m Str[0m ([0m "Return whether exchanges can make every element of lst1 even." )[0m )[0m [0m Assign[0m ([0m Name[0m ([0m "even_count" )[0m ,[0m Int[0m ([0m 0 )[0m )[0m [0m Assign[0m ([0m Name[0m ([0m "value" )[0m ,[0m Int[0m ([0m 0 )[0m )[0m [0m For[0m ([0m Name[0m ([0m "value" )[0m ,[0m Name[0m ([0m "lst1" )[0m ,[0m If[0m ([0m Compare[0m ([0m BinOp[0m ([0m "%" ,[0m Name[0m ([0m "value" )[0m ,[0m Int[0m ([0m 2 )[0m )[0m ,[0m CmpOp[0m ([0m "==" ,[0m Int[0m ([0m 0 )[0m )[0m )[0m ,[0m AugAssign[0m ([0m Name[0m ([0m "even_count" )[0m ,[0m "+" ,[0m Int[0m ([0m 1 )[0m )[0m [0m .Stmts[0m ,[0m .Stmts[0m )[0m [0m .Stmts[0m )[0m [0m For[0m ([0m Name[0m ([0m "value" )[0m ,[0m Name[0m ([0m "lst2" )[0m ,[0m If[0m ([0m Compare[0m ([0m BinOp[0m ([0m "%" ,[0m Name[0m ([0m "value" )[0m ,[0m Int[0m ([0m 2 )[0m )[0m ,[0m CmpOp[0m ([0m "==" ,[0m Int[0m ([0m 0 )[0m )[0m )[0m ,[0m AugAssign[0m ([0m Name[0m ([0m "even_count" )[0m ,[0m "+" ,[0m Int[0m ([0m 1 )[0m )[0m [0m .Stmts[0m ,[0m .Stmts[0m )[0m [0m .Stmts[0m )[0m [0m If[0m ([0m Compare[0m ([0m Name[0m ([0m "even_count" )[0m ,[0m CmpOp[0m ([0m ">=" ,[0m Call[0m ([0m Name[0m ([0m "len" )[0m ,[0m Name[0m ([0m "lst1" )[0m ,[0m .Exprs[0m )[0m )[0m )[0m ,[0m Return[0m ([0m Str[0m ([0m "YES" )[0m )[0m [0m .Stmts[0m ,[0m .Stmts[0m )[0m [0m Return[0m ([0m Str[0m ([0m "NO" )[0m )[0m [0m .Stmts[0m ,[0m 0 )[0m ,[0m parent[0m ([0m -1 )[0m )[0m
  </scopes>[0m
  <scopeLoc>[0m
    1
  </scopeLoc>[0m
  <heap>[0m
    0 |->[0m list[0m ([0m vCons[0m ([0m 0.10000000000000000e1 ,[0m vCons[0m ([0m 0.20000000000000000e1 ,[0m .ValSeq[0m )[0m )[0m )[0m
    1 |->[0m list[0m ([0m vCons[0m ([0m 0.40000000000000000e1 ,[0m .ValSeq[0m )[0m )[0m
    2 |->[0m list[0m ([0m vCons[0m ([0m 0.15000000000000000e1 ,[0m vCons[0m ([0m 0.20000000000000000e1 ,[0m .ValSeq[0m )[0m )[0m )[0m
    3 |->[0m list[0m ([0m vCons[0m ([0m 0.35000000000000000e1 ,[0m .ValSeq[0m )[0m )[0m
    4 |->[0m list[0m ([0m vCons[0m ([0m -0.40000000000000000e1 ,[0m vCons[0m ([0m -0.30000000000000000e1 ,[0m .ValSeq[0m )[0m )[0m )[0m
    5 |->[0m list[0m ([0m vCons[0m ([0m 0.00000000000000000e0 ,[0m .ValSeq[0m )[0m )[0m
    6 |->[0m list[0m ([0m vCons[0m ([0m -0.15000000000000000e1 ,[0m .ValSeq[0m )[0m )[0m
    7 |->[0m list[0m ([0m vCons[0m ([0m 0.20000000000000000e1 ,[0m .ValSeq[0m )[0m )[0m
    8 |->[0m list[0m ([0m vCons[0m ([0m 0.25000000000000000e1 ,[0m vCons[0m ([0m -0.35000000000000000e1 ,[0m .ValSeq[0m )[0m )[0m )[0m
    9 |->[0m list[0m ([0m vCons[0m ([0m 0.42500000000000000e1 ,[0m .ValSeq[0m )[0m )[0m
    10 |->[0m list[0m ([0m vCons[0m ([0m true ,[0m vCons[0m ([0m false ,[0m .ValSeq[0m )[0m )[0m )[0m
    11 |->[0m list[0m ([0m vCons[0m ([0m 2 ,[0m .ValSeq[0m )[0m )[0m
    12 |->[0m list[0m ([0m vCons[0m ([0m true ,[0m .ValSeq[0m )[0m )[0m
    13 |->[0m list[0m ([0m vCons[0m ([0m false ,[0m .ValSeq[0m )[0m )[0m
    14 |->[0m list[0m ([0m vCons[0m ([0m true ,[0m vCons[0m ([0m true ,[0m .ValSeq[0m )[0m )[0m )[0m
    15 |->[0m list[0m ([0m vCons[0m ([0m false ,[0m .ValSeq[0m )[0m )[0m
    16 |->[0m list[0m ([0m vCons[0m ([0m 1 ,[0m vCons[0m ([0m 0.30000000000000000e1 ,[0m .ValSeq[0m )[0m )[0m )[0m
    17 |->[0m list[0m ([0m vCons[0m ([0m 0.20000000000000000e1 ,[0m vCons[0m ([0m false ,[0m .ValSeq[0m )[0m )[0m )[0m
    18 |->[0m list[0m ([0m vCons[0m ([0m 0.20000000000000000e1 ,[0m vCons[0m ([0m true ,[0m vCons[0m ([0m 4 ,[0m .ValSeq[0m )[0m )[0m )[0m )[0m
    19 |->[0m list[0m ([0m vCons[0m ([0m 0.35000000000000000e1 ,[0m .ValSeq[0m )[0m )[0m
    20 |->[0m list[0m ([0m vCons[0m ([0m 0.20000000000000000e1 ,[0m vCons[0m ([0m false ,[0m vCons[0m ([0m 4 ,[0m .ValSeq[0m )[0m )[0m )[0m )[0m
    21 |->[0m list[0m ([0m vCons[0m ([0m 0.35000000000000000e1 ,[0m .ValSeq[0m )[0m )[0m
  </heap>[0m
  <heapLoc>[0m
    22
  </heapLoc>[0m
  <stack>[0m
    .List[0m
  </stack>[0m
  <ret>[0m
    noRet[0m
  </ret>[0m
  <exc>[0m
    NoExc[0m
  </exc>[0m
  <exit-code>[0m
    0
  </exit-code>[0m
</generatedTop>[0m

Script done on 2026-07-29 15:39:19-05:00 [COMMAND_EXIT_CODE="0"]
