COMMAND: python3 /audit-output/evidence/extract_solution_program.py /tmp/audit-work/review-31/candidate/verification.k /tmp/audit-work/review-31/claimed-program.mpy
EXIT: 0
COMMAND: kast --definition /tmp/audit-work/review-31/verification-proof-kompiled --module VERIFICATION --sort Program --output kore --output-file /tmp/audit-work/review-31/submitted-program.kore /tmp/audit-work/review-31/candidate/solution.mpy
EXIT: 0
COMMAND: kast --definition /tmp/audit-work/review-31/verification-proof-kompiled --module VERIFICATION --sort Program --output kore --output-file /tmp/audit-work/review-31/claimed-program.kore /tmp/audit-work/review-31/claimed-program.mpy
[Error] Inner Parser: Scanner error: unexpected character sequence 'S'.
	Source(/tmp/audit-work/review-31/claimed-program.mpy)
	Location(6,12,6,13)
	6 |	          .Stmts)
	  .	           ^
EXIT: 113
COMMAND: cmp -s /tmp/audit-work/review-31/submitted-program.kore /tmp/audit-work/review-31/claimed-program.kore
EXIT: 2
ce58457a17793e86173e7cc8d36972b11c30a418a5b5b3774e6fb36d57419726  /tmp/audit-work/review-31/submitted-program.kore
sha256sum: /tmp/audit-work/review-31/claimed-program.kore: No such file or directory
COMMAND: kast --definition /tmp/audit-work/review-31/verification-proof-kompiled --module VERIFICATION --sort Program --output kore --output-file /tmp/audit-work/review-31/mutant-program.kore /tmp/audit-work/review-31/solution-body-mutant.mpy
EXIT: 0
COMMAND (expected non-equality): cmp -s /tmp/audit-work/review-31/mutant-program.kore /tmp/audit-work/review-31/claimed-program.kore
EXIT: 2
f5bf175c57c4ab6e81e5f500154383d69baf7148fd02ed07da5efbe83c5637ff  /tmp/audit-work/review-31/mutant-program.kore
sha256sum: /tmp/audit-work/review-31/claimed-program.kore: No such file or directory
STAGE4_OVERALL=1
RUN_STAGE4_EXIT=1
