COMMAND: python3 py2mpy.py concrete_cases.py > concrete_cases.mpy
TRANSLATOR_EXIT_STATUS: 0
COMMAND: krun concrete_cases.mpy --definition runtime-audit-kompiled
<generatedTop>
  <k>
    .K
  </k>
  <env>
    0
  </env>
  <scopes>
    -1 |-> scope ( "abs" |-> builtinV ( "abs" )
    "all" |-> builtinV ( "all" )
    "any" |-> builtinV ( "any" )
    "bin" |-> builtinV ( "bin" )
    "chr" |-> builtinV ( "chr" )
    "enumerate" |-> builtinV ( "enumerate" )
    "eval" |-> builtinV ( "eval" )
    "float" |-> typeV ( "float" )
    "int" |-> typeV ( "int" )
    "isinstance" |-> builtinV ( "isinstance" )
    "len" |-> builtinV ( "len" )
    "list" |-> builtinV ( "list" )
    "map" |-> builtinV ( "map" )
    "max" |-> builtinV ( "max" )
    "min" |-> builtinV ( "min" )
    "ord" |-> builtinV ( "ord" )
    "range" |-> builtinV ( "range" )
    "round" |-> builtinV ( "round" )
    "set" |-> builtinV ( "set" )
    "sorted" |-> builtinV ( "sorted" )
    "str" |-> typeV ( "str" )
    "sum" |-> builtinV ( "sum" )
    "zip" |-> builtinV ( "zip" ) , root )
    0 |-> scope ( "even_odd_palindrome" |-> closureVal ( "n" , .ParamNames , If ( Compare ( Name ( "n" ) , CmpOp ( "<" , Int ( 464 ) ) ) , If ( Compare ( Name ( "n" ) , CmpOp ( "<" , Int ( 191 ) ) ) , If ( Compare ( Name ( "n" ) , CmpOp ( "<" , Int ( 55 ) ) ) , If ( Compare ( Name ( "n" ) , CmpOp ( "<" , Int ( 7 ) ) ) , If ( Compare ( Name ( "n" ) , CmpOp ( "<" , Int ( 4 ) ) ) , If ( Compare ( Name ( "n" ) , CmpOp ( "<" , Int ( 2 ) ) ) , Return ( TupleExpr ( Int ( 0 ) , Int ( 1 ) , .Exprs ) )  .Stmts , If ( Compare ( Name ( "n" ) , CmpOp ( "<" , Int ( 3 ) ) ) , Return ( TupleExpr ( Int ( 1 ) , Int ( 1 ) , .Exprs ) )  .Stmts , Return ( TupleExpr ( Int ( 1 ) , Int ( 2 ) , .Exprs ) )  .Stmts )  .Stmts )  .Stmts , If ( Compare ( Name ( "n" ) , CmpOp ( "<" , Int ( 5 ) ) ) , Return ( TupleExpr ( Int ( 2 ) , Int ( 2 ) , .Exprs ) )  .Stmts , If ( Compare ( Name ( "n" ) , CmpOp ( "<" , Int ( 6 ) ) ) , Return ( TupleExpr ( Int ( 2 ) , Int ( 3 ) , .Exprs ) )  .Stmts , Return ( TupleExpr ( Int ( 3 ) , Int ( 3 ) , .Exprs ) )  .Stmts )  .Stmts )  .Stmts )  .Stmts , If ( Compare ( Name ( "n" ) , CmpOp ( "<" , Int ( 11 ) ) ) , If ( Compare ( Name ( "n" ) , CmpOp ( "<" , Int ( 8 ) ) ) , Return ( TupleExpr ( Int ( 3 ) , Int ( 4 ) , .Exprs ) )  .Stmts , If ( Compare ( Name ( "n" ) , CmpOp ( "<" , Int ( 9 ) ) ) , Return ( TupleExpr ( Int ( 4 ) , Int ( 4 ) , .Exprs ) )  .Stmts , Return ( TupleExpr ( Int ( 4 ) , Int ( 5 ) , .Exprs ) )  .Stmts )  .Stmts )  .Stmts , If ( Compare ( Name ( "n" ) , CmpOp ( "<" , Int ( 33 ) ) ) , If ( Compare ( Name ( "n" ) , CmpOp ( "<" , Int ( 22 ) ) ) , Return ( TupleExpr ( Int ( 4 ) , Int ( 6 ) , .Exprs ) )  .Stmts , Return ( TupleExpr ( Int ( 5 ) , Int ( 6 ) , .Exprs ) )  .Stmts )  .Stmts , If ( Compare ( Name ( "n" ) , CmpOp ( "<" , Int ( 44 ) ) ) , Return ( TupleExpr ( Int ( 5 ) , Int ( 7 ) , .Exprs ) )  .Stmts , Return ( TupleExpr ( Int ( 6 ) , Int ( 7 ) , .Exprs ) )  .Stmts )  .Stmts )  .Stmts )  .Stmts )  .Stmts , If ( Compare ( Name ( "n" ) , CmpOp ( "<" , Int ( 121 ) ) ) , If ( Compare ( Name ( "n" ) , CmpOp ( "<" , Int ( 88 ) ) ) , If ( Compare ( Name ( "n" ) , CmpOp ( "<" , Int ( 66 ) ) ) , Return ( TupleExpr ( Int ( 6 ) , Int ( 8 ) , .Exprs ) )  .Stmts , If ( Compare ( Name ( "n" ) , CmpOp ( "<" , Int ( 77 ) ) ) , Return ( TupleExpr ( Int ( 7 ) , Int ( 8 ) , .Exprs ) )  .Stmts , Return ( TupleExpr ( Int ( 7 ) , Int ( 9 ) , .Exprs ) )  .Stmts )  .Stmts )  .Stmts , If ( Compare ( Name ( "n" ) , CmpOp ( "<" , Int ( 101 ) ) ) , If ( Compare ( Name ( "n" ) , CmpOp ( "<" , Int ( 99 ) ) ) , Return ( TupleExpr ( Int ( 8 ) , Int ( 9 ) , .Exprs ) )  .Stmts , Return ( TupleExpr ( Int ( 8 ) , Int ( 10 ) , .Exprs ) )  .Stmts )  .Stmts , If ( Compare ( Name ( "n" ) , CmpOp ( "<" , Int ( 111 ) ) ) , Return ( TupleExpr ( Int ( 8 ) , Int ( 11 ) , .Exprs ) )  .Stmts , Return ( TupleExpr ( Int ( 8 ) , Int ( 12 ) , .Exprs ) )  .Stmts )  .Stmts )  .Stmts )  .Stmts , If ( Compare ( Name ( "n" ) , CmpOp ( "<" , Int ( 151 ) ) ) , If ( Compare ( Name ( "n" ) , CmpOp ( "<" , Int ( 131 ) ) ) , Return ( TupleExpr ( Int ( 8 ) , Int ( 13 ) , .Exprs ) )  .Stmts , If ( Compare ( Name ( "n" ) , CmpOp ( "<" , Int ( 141 ) ) ) , Return ( TupleExpr ( Int ( 8 ) , Int ( 14 ) , .Exprs ) )  .Stmts , Return ( TupleExpr ( Int ( 8 ) , Int ( 15 ) , .Exprs ) )  .Stmts )  .Stmts )  .Stmts , If ( Compare ( Name ( "n" ) , CmpOp ( "<" , Int ( 171 ) ) ) , If ( Compare ( Name ( "n" ) , CmpOp ( "<" , Int ( 161 ) ) ) , Return ( TupleExpr ( Int ( 8 ) , Int ( 16 ) , .Exprs ) )  .Stmts , Return ( TupleExpr ( Int ( 8 ) , Int ( 17 ) , .Exprs ) )  .Stmts )  .Stmts , If ( Compare ( Name ( "n" ) , CmpOp ( "<" , Int ( 181 ) ) ) , Return ( TupleExpr ( Int ( 8 ) , Int ( 18 ) , .Exprs ) )  .Stmts , Return ( TupleExpr ( Int ( 8 ) , Int ( 19 ) , .Exprs ) )  .Stmts )  .Stmts )  .Stmts )  .Stmts )  .Stmts )  .Stmts , If ( Compare ( Name ( "n" ) , CmpOp ( "<" , Int ( 323 ) ) ) , If ( Compare ( Name ( "n" ) , CmpOp ( "<" , Int ( 252 ) ) ) , If ( Compare ( Name ( "n" ) , CmpOp ( "<" , Int ( 222 ) ) ) , If ( Compare ( Name ( "n" ) , CmpOp ( "<" , Int ( 202 ) ) ) , Return ( TupleExpr ( Int ( 8 ) , Int ( 20 ) , .Exprs ) )  .Stmts , If ( Compare ( Name ( "n" ) , CmpOp ( "<" , Int ( 212 ) ) ) , Return ( TupleExpr ( Int ( 9 ) , Int ( 20 ) , .Exprs ) )  .Stmts , Return ( TupleExpr ( Int ( 10 ) , Int ( 20 ) , .Exprs ) )  .Stmts )  .Stmts )  .Stmts , If ( Compare ( Name ( "n" ) , CmpOp ( "<" , Int ( 232 ) ) ) , Return ( TupleExpr ( Int ( 11 ) , Int ( 20 ) , .Exprs ) )  .Stmts , If ( Compare ( Name ( "n" ) , CmpOp ( "<" , Int ( 242 ) ) ) , Return ( TupleExpr ( Int ( 12 ) , Int ( 20 ) , .Exprs ) )  .Stmts , Return ( TupleExpr ( Int ( 13 ) , Int ( 20 ) , .Exprs ) )  .Stmts )  .Stmts )  .Stmts )  .Stmts , If ( Compare ( Name ( "n" ) , CmpOp ( "<" , Int ( 282 ) ) ) , If ( Compare ( Name ( "n" ) , CmpOp ( "<" , Int ( 262 ) ) ) , Return ( TupleExpr ( Int ( 14 ) , Int ( 20 ) , .Exprs ) )  .Stmts , If ( Compare ( Name ( "n" ) , CmpOp ( "<" , Int ( 272 ) ) ) , Return ( TupleExpr ( Int ( 15 ) , Int ( 20 ) , .Exprs ) )  .Stmts , Return ( TupleExpr ( Int ( 16 ) , Int ( 20 ) , .Exprs ) )  .Stmts )  .Stmts )  .Stmts , If ( Compare ( Name ( "n" ) , CmpOp ( "<" , Int ( 303 ) ) ) , If ( Compare ( Name ( "n" ) , CmpOp ( "<" , Int ( 292 ) ) ) , Return ( TupleExpr ( Int ( 17 ) , Int ( 20 ) , .Exprs ) )  .Stmts , Return ( TupleExpr ( Int ( 18 ) , Int ( 20 ) , .Exprs ) )  .Stmts )  .Stmts , If ( Compare ( Name ( "n" ) , CmpOp ( "<" , Int ( 313 ) ) ) , Return ( TupleExpr ( Int ( 18 ) , Int ( 21 ) , .Exprs ) )  .Stmts , Return ( TupleExpr ( Int ( 18 ) , Int ( 22 ) , .Exprs ) )  .Stmts )  .Stmts )  .Stmts )  .Stmts )  .Stmts , If ( Compare ( Name ( "n" ) , CmpOp ( "<" , Int ( 393 ) ) ) , If ( Compare ( Name ( "n" ) , CmpOp ( "<" , Int ( 353 ) ) ) , If ( Compare ( Name ( "n" ) , CmpOp ( "<" , Int ( 333 ) ) ) , Return ( TupleExpr ( Int ( 18 ) , Int ( 23 ) , .Exprs ) )  .Stmts , If ( Compare ( Name ( "n" ) , CmpOp ( "<" , Int ( 343 ) ) ) , Return ( TupleExpr ( Int ( 18 ) , Int ( 24 ) , .Exprs ) )  .Stmts , Return ( TupleExpr ( Int ( 18 ) , Int ( 25 ) , .Exprs ) )  .Stmts )  .Stmts )  .Stmts , If ( Compare ( Name ( "n" ) , CmpOp ( "<" , Int ( 373 ) ) ) , If ( Compare ( Name ( "n" ) , CmpOp ( "<" , Int ( 363 ) ) ) , Return ( TupleExpr ( Int ( 18 ) , Int ( 26 ) , .Exprs ) )  .Stmts , Return ( TupleExpr ( Int ( 18 ) , Int ( 27 ) , .Exprs ) )  .Stmts )  .Stmts , If ( Compare ( Name ( "n" ) , CmpOp ( "<" , Int ( 383 ) ) ) , Return ( TupleExpr ( Int ( 18 ) , Int ( 28 ) , .Exprs ) )  .Stmts , Return ( TupleExpr ( Int ( 18 ) , Int ( 29 ) , .Exprs ) )  .Stmts )  .Stmts )  .Stmts )  .Stmts , If ( Compare ( Name ( "n" ) , CmpOp ( "<" , Int ( 424 ) ) ) , If ( Compare ( Name ( "n" ) , CmpOp ( "<" , Int ( 404 ) ) ) , Return ( TupleExpr ( Int ( 18 ) , Int ( 30 ) , .Exprs ) )  .Stmts , If ( Compare ( Name ( "n" ) , CmpOp ( "<" , Int ( 414 ) ) ) , Return ( TupleExpr ( Int ( 19 ) , Int ( 30 ) , .Exprs ) )  .Stmts , Return ( TupleExpr ( Int ( 20 ) , Int ( 30 ) , .Exprs ) )  .Stmts )  .Stmts )  .Stmts , If ( Compare ( Name ( "n" ) , CmpOp ( "<" , Int ( 444 ) ) ) , If ( Compare ( Name ( "n" ) , CmpOp ( "<" , Int ( 434 ) ) ) , Return ( TupleExpr ( Int ( 21 ) , Int ( 30 ) , .Exprs ) )  .Stmts , Return ( TupleExpr ( Int ( 22 ) , Int ( 30 ) , .Exprs ) )  .Stmts )  .Stmts , If ( Compare ( Name ( "n" ) , CmpOp ( "<" , Int ( 454 ) ) ) , Return ( TupleExpr ( Int ( 23 ) , Int ( 30 ) , .Exprs ) )  .Stmts , Return ( TupleExpr ( Int ( 24 ) , Int ( 30 ) , .Exprs ) )  .Stmts )  .Stmts )  .Stmts )  .Stmts )  .Stmts )  .Stmts )  .Stmts , If ( Compare ( Name ( "n" ) , CmpOp ( "<" , Int ( 737 ) ) ) , If ( Compare ( Name ( "n" ) , CmpOp ( "<" , Int ( 595 ) ) ) , If ( Compare ( Name ( "n" ) , CmpOp ( "<" , Int ( 525 ) ) ) , If ( Compare ( Name ( "n" ) , CmpOp ( "<" , Int ( 494 ) ) ) , If ( Compare ( Name ( "n" ) , CmpOp ( "<" , Int ( 474 ) ) ) , Return ( TupleExpr ( Int ( 25 ) , Int ( 30 ) , .Exprs ) )  .Stmts , If ( Compare ( Name ( "n" ) , CmpOp ( "<" , Int ( 484 ) ) ) , Return ( TupleExpr ( Int ( 26 ) , Int ( 30 ) , .Exprs ) )  .Stmts , Return ( TupleExpr ( Int ( 27 ) , Int ( 30 ) , .Exprs ) )  .Stmts )  .Stmts )  .Stmts , If ( Compare ( Name ( "n" ) , CmpOp ( "<" , Int ( 505 ) ) ) , Return ( TupleExpr ( Int ( 28 ) , Int ( 30 ) , .Exprs ) )  .Stmts , If ( Compare ( Name ( "n" ) , CmpOp ( "<" , Int ( 515 ) ) ) , Return ( TupleExpr ( Int ( 28 ) , Int ( 31 ) , .Exprs ) )  .Stmts , Return ( TupleExpr ( Int ( 28 ) , Int ( 32 ) , .Exprs ) )  .Stmts )  .Stmts )  .Stmts )  .Stmts , If ( Compare ( Name ( "n" ) , CmpOp ( "<" , Int ( 555 ) ) ) , If ( Compare ( Name ( "n" ) , CmpOp ( "<" , Int ( 535 ) ) ) , Return ( TupleExpr ( Int ( 28 ) , Int ( 33 ) , .Exprs ) )  .Stmts , If ( Compare ( Name ( "n" ) , CmpOp ( "<" , Int ( 545 ) ) ) , Return ( TupleExpr ( Int ( 28 ) , Int ( 34 ) , .Exprs ) )  .Stmts , Return ( TupleExpr ( Int ( 28 ) , Int ( 35 ) , .Exprs ) )  .Stmts )  .Stmts )  .Stmts , If ( Compare ( Name ( "n" ) , CmpOp ( "<" , Int ( 575 ) ) ) , If ( Compare ( Name ( "n" ) , CmpOp ( "<" , Int ( 565 ) ) ) , Return ( TupleExpr ( Int ( 28 ) , Int ( 36 ) , .Exprs ) )  .Stmts , Return ( TupleExpr ( Int ( 28 ) , Int ( 37 ) , .Exprs ) )  .Stmts )  .Stmts , If ( Compare ( Name ( "n" ) , CmpOp ( "<" , Int ( 585 ) ) ) , Return ( TupleExpr ( Int ( 28 ) , Int ( 38 ) , .Exprs ) )  .Stmts , Return ( TupleExpr ( Int ( 28 ) , Int ( 39 ) , .Exprs ) )  .Stmts )  .Stmts )  .Stmts )  .Stmts )  .Stmts , If ( Compare ( Name ( "n" ) , CmpOp ( "<" , Int ( 666 ) ) ) , If ( Compare ( Name ( "n" ) , CmpOp ( "<" , Int ( 626 ) ) ) , If ( Compare ( Name ( "n" ) , CmpOp ( "<" , Int ( 606 ) ) ) , Return ( TupleExpr ( Int ( 28 ) , Int ( 40 ) , .Exprs ) )  .Stmts , If ( Compare ( Name ( "n" ) , CmpOp ( "<" , Int ( 616 ) ) ) , Return ( TupleExpr ( Int ( 29 ) , Int ( 40 ) , .Exprs ) )  .Stmts , Return ( TupleExpr ( Int ( 30 ) , Int ( 40 ) , .Exprs ) )  .Stmts )  .Stmts )  .Stmts , If ( Compare ( Name ( "n" ) , CmpOp ( "<" , Int ( 646 ) ) ) , If ( Compare ( Name ( "n" ) , CmpOp ( "<" , Int ( 636 ) ) ) , Return ( TupleExpr ( Int ( 31 ) , Int ( 40 ) , .Exprs ) )  .Stmts , Return ( TupleExpr ( Int ( 32 ) , Int ( 40 ) , .Exprs ) )  .Stmts )  .Stmts , If ( Compare ( Name ( "n" ) , CmpOp ( "<" , Int ( 656 ) ) ) , Return ( TupleExpr ( Int ( 33 ) , Int ( 40 ) , .Exprs ) )  .Stmts , Return ( TupleExpr ( Int ( 34 ) , Int ( 40 ) , .Exprs ) )  .Stmts )  .Stmts )  .Stmts )  .Stmts , If ( Compare ( Name ( "n" ) , CmpOp ( "<" , Int ( 696 ) ) ) , If ( Compare ( Name ( "n" ) , CmpOp ( "<" , Int ( 676 ) ) ) , Return ( TupleExpr ( Int ( 35 ) , Int ( 40 ) , .Exprs ) )  .Stmts , If ( Compare ( Name ( "n" ) , CmpOp ( "<" , Int ( 686 ) ) ) , Return ( TupleExpr ( Int ( 36 ) , Int ( 40 ) , .Exprs ) )  .Stmts , Return ( TupleExpr ( Int ( 37 ) , Int ( 40 ) , .Exprs ) )  .Stmts )  .Stmts )  .Stmts , If ( Compare ( Name ( "n" ) , CmpOp ( "<" , Int ( 717 ) ) ) , If ( Compare ( Name ( "n" ) , CmpOp ( "<" , Int ( 707 ) ) ) , Return ( TupleExpr ( Int ( 38 ) , Int ( 40 ) , .Exprs ) )  .Stmts , Return ( TupleExpr ( Int ( 38 ) , Int ( 41 ) , .Exprs ) )  .Stmts )  .Stmts , If ( Compare ( Name ( "n" ) , CmpOp ( "<" , Int ( 727 ) ) ) , Return ( TupleExpr ( Int ( 38 ) , Int ( 42 ) , .Exprs ) )  .Stmts , Return ( TupleExpr ( Int ( 38 ) , Int ( 43 ) , .Exprs ) )  .Stmts )  .Stmts )  .Stmts )  .Stmts )  .Stmts )  .Stmts , If ( Compare ( Name ( "n" ) , CmpOp ( "<" , Int ( 868 ) ) ) , If ( Compare ( Name ( "n" ) , CmpOp ( "<" , Int ( 797 ) ) ) , If ( Compare ( Name ( "n" ) , CmpOp ( "<" , Int ( 767 ) ) ) , If ( Compare ( Name ( "n" ) , CmpOp ( "<" , Int ( 747 ) ) ) , Return ( TupleExpr ( Int ( 38 ) , Int ( 44 ) , .Exprs ) )  .Stmts , If ( Compare ( Name ( "n" ) , CmpOp ( "<" , Int ( 757 ) ) ) , Return ( TupleExpr ( Int ( 38 ) , Int ( 45 ) , .Exprs ) )  .Stmts , Return ( TupleExpr ( Int ( 38 ) , Int ( 46 ) , .Exprs ) )  .Stmts )  .Stmts )  .Stmts , If ( Compare ( Name ( "n" ) , CmpOp ( "<" , Int ( 777 ) ) ) , Return ( TupleExpr ( Int ( 38 ) , Int ( 47 ) , .Exprs ) )  .Stmts , If ( Compare ( Name ( "n" ) , CmpOp ( "<" , Int ( 787 ) ) ) , Return ( TupleExpr ( Int ( 38 ) , Int ( 48 ) , .Exprs ) )  .Stmts , Return ( TupleExpr ( Int ( 38 ) , Int ( 49 ) , .Exprs ) )  .Stmts )  .Stmts )  .Stmts )  .Stmts , If ( Compare ( Name ( "n" ) , CmpOp ( "<" , Int ( 828 ) ) ) , If ( Compare ( Name ( "n" ) , CmpOp ( "<" , Int ( 808 ) ) ) , Return ( TupleExpr ( Int ( 38 ) , Int ( 50 ) , .Exprs ) )  .Stmts , If ( Compare ( Name ( "n" ) , CmpOp ( "<" , Int ( 818 ) ) ) , Return ( TupleExpr ( Int ( 39 ) , Int ( 50 ) , .Exprs ) )  .Stmts , Return ( TupleExpr ( Int ( 40 ) , Int ( 50 ) , .Exprs ) )  .Stmts )  .Stmts )  .Stmts , If ( Compare ( Name ( "n" ) , CmpOp ( "<" , Int ( 848 ) ) ) , If ( Compare ( Name ( "n" ) , CmpOp ( "<" , Int ( 838 ) ) ) , Return ( TupleExpr ( Int ( 41 ) , Int ( 50 ) , .Exprs ) )  .Stmts , Return ( TupleExpr ( Int ( 42 ) , Int ( 50 ) , .Exprs ) )  .Stmts )  .Stmts , If ( Compare ( Name ( "n" ) , CmpOp ( "<" , Int ( 858 ) ) ) , Return ( TupleExpr ( Int ( 43 ) , Int ( 50 ) , .Exprs ) )  .Stmts , Return ( TupleExpr ( Int ( 44 ) , Int ( 50 ) , .Exprs ) )  .Stmts )  .Stmts )  .Stmts )  .Stmts )  .Stmts , If ( Compare ( Name ( "n" ) , CmpOp ( "<" , Int ( 939 ) ) ) , If ( Compare ( Name ( "n" ) , CmpOp ( "<" , Int ( 898 ) ) ) , If ( Compare ( Name ( "n" ) , CmpOp ( "<" , Int ( 878 ) ) ) , Return ( TupleExpr ( Int ( 45 ) , Int ( 50 ) , .Exprs ) )  .Stmts , If ( Compare ( Name ( "n" ) , CmpOp ( "<" , Int ( 888 ) ) ) , Return ( TupleExpr ( Int ( 46 ) , Int ( 50 ) , .Exprs ) )  .Stmts , Return ( TupleExpr ( Int ( 47 ) , Int ( 50 ) , .Exprs ) )  .Stmts )  .Stmts )  .Stmts , If ( Compare ( Name ( "n" ) , CmpOp ( "<" , Int ( 919 ) ) ) , If ( Compare ( Name ( "n" ) , CmpOp ( "<" , Int ( 909 ) ) ) , Return ( TupleExpr ( Int ( 48 ) , Int ( 50 ) , .Exprs ) )  .Stmts , Return ( TupleExpr ( Int ( 48 ) , Int ( 51 ) , .Exprs ) )  .Stmts )  .Stmts , If ( Compare ( Name ( "n" ) , CmpOp ( "<" , Int ( 929 ) ) ) , Return ( TupleExpr ( Int ( 48 ) , Int ( 52 ) , .Exprs ) )  .Stmts , Return ( TupleExpr ( Int ( 48 ) , Int ( 53 ) , .Exprs ) )  .Stmts )  .Stmts )  .Stmts )  .Stmts , If ( Compare ( Name ( "n" ) , CmpOp ( "<" , Int ( 969 ) ) ) , If ( Compare ( Name ( "n" ) , CmpOp ( "<" , Int ( 949 ) ) ) , Return ( TupleExpr ( Int ( 48 ) , Int ( 54 ) , .Exprs ) )  .Stmts , If ( Compare ( Name ( "n" ) , CmpOp ( "<" , Int ( 959 ) ) ) , Return ( TupleExpr ( Int ( 48 ) , Int ( 55 ) , .Exprs ) )  .Stmts , Return ( TupleExpr ( Int ( 48 ) , Int ( 56 ) , .Exprs ) )  .Stmts )  .Stmts )  .Stmts , If ( Compare ( Name ( "n" ) , CmpOp ( "<" , Int ( 989 ) ) ) , If ( Compare ( Name ( "n" ) , CmpOp ( "<" , Int ( 979 ) ) ) , Return ( TupleExpr ( Int ( 48 ) , Int ( 57 ) , .Exprs ) )  .Stmts , Return ( TupleExpr ( Int ( 48 ) , Int ( 58 ) , .Exprs ) )  .Stmts )  .Stmts , If ( Compare ( Name ( "n" ) , CmpOp ( "<" , Int ( 999 ) ) ) , Return ( TupleExpr ( Int ( 48 ) , Int ( 59 ) , .Exprs ) )  .Stmts , Return ( TupleExpr ( Int ( 48 ) , Int ( 60 ) , .Exprs ) )  .Stmts )  .Stmts )  .Stmts )  .Stmts )  .Stmts )  .Stmts )  .Stmts )  .Stmts , 0 ) , parent ( -1 ) )
  </scopes>
  <scopeLoc>
    1
  </scopeLoc>
  <heap>
    .Map
  </heap>
  <heapLoc>
    0
  </heapLoc>
  <stack>
    .List
  </stack>
  <ret>
    noRet
  </ret>
  <exc>
    NoExc
  </exc>
  <exit-code>
    0
  </exit-code>
</generatedTop>
KRUN_EXIT_STATUS: 0
OVERALL_EXIT_STATUS: 0
