OBLIGATION_MAP
{
  "obligations": [],
  "schema_version": 3,
  "source_rules": [],
  "trust_parameters": []
}
INDEPENDENT_DOMAIN_RULES
[]
input definitions: MATCH
  observed=[{'attributes': [], 'classification': 'DEFINITION', 'end_line': 18, 'module': 'VERIFICATION', 'normalized_sha256': '8fa9e7831fa20d0f089330e47af87b1724571923d45d61721fb88e379cc4c970', 'rationale': 'Expands the named loopBody proof term into the exact constructor AST for the loop body.', 'source_rule_id': 'rule-8fa9e7831fa20d0f089330e47af87b1724571923d45d61721fb88e379cc4c970', 'start_line': 9, 'text': '  rule loopBody =>\n    If(Compare(Name("bracket"), CmpOp("==", Str("[")), .CmpOps),\n      If(Compare(Name("state"), CmpOp("<", Int(2)), .CmpOps),\n        Assign(Name("state"), BinOp("+", Name("state"), Int(1))),\n        .Stmts),\n      If(Compare(Name("state"), CmpOp("==", Int(2)), .CmpOps),\n        Assign(Name("state"), Int(3)),\n        If(Compare(Name("state"), CmpOp("==", Int(3)), .CmpOps),\n          Return(Bool(true)),\n          .Stmts)))'}, {'attributes': [], 'classification': 'DEFINITION', 'end_line': 24, 'module': 'VERIFICATION', 'normalized_sha256': 'd6581cc03479c04895f5c7e9ccdb63d5ce850bed8ddd475654f91bd31b597037', 'rationale': 'Expands the named solutionBody proof term into the function-body constructor sequence.', 'source_rule_id': 'rule-d6581cc03479c04895f5c7e9ccdb63d5ce850bed8ddd475654f91bd31b597037', 'start_line': 21, 'text': '  rule solutionBody =>\n    Assign(Name("state"), Int(0))\n    For(Name("bracket"), Name("string"), loopBody)\n    Return(Bool(false))'}, {'attributes': [], 'classification': 'DEFINITION', 'end_line': 28, 'module': 'VERIFICATION', 'normalized_sha256': '31613ecfd8973c37c65868ea808c8042e20e48cb495f58cffcf3e9c638261e09', 'rationale': 'Expands theSolution into the module and function-definition constructor term used by the end-to-end claim.', 'source_rule_id': 'rule-31613ecfd8973c37c65868ea808c8042e20e48cb495f58cffcf3e9c638261e09', 'start_line': 27, 'text': '  rule theSolution =>\n    Module(FuncDef("is_nested", Params("string"), solutionBody))'}, {'attributes': [], 'classification': 'DEFINITION', 'end_line': 35, 'module': 'VERIFICATION', 'normalized_sha256': '5966780668327239f5be7958c1ab70d1c7b097bb668bda9350041606e8776732', 'rationale': "Defines the scan reference function's base case on the empty bracket string.", 'source_rule_id': 'rule-5966780668327239f5be7958c1ab70d1c7b097bb668bda9350041606e8776732', 'start_line': 35, 'text': '  rule scan(_, .BString) => false'}, {'attributes': [], 'classification': 'DEFINITION', 'end_line': 37, 'module': 'VERIFICATION', 'normalized_sha256': '5e99e533e332a7459abd69ba6030f01926c8a6acefbba19f83ff2631bf5807c1', 'rationale': "Defines scan's state-0 recurrence when the next bracket is a left bracket.", 'source_rule_id': 'rule-5e99e533e332a7459abd69ba6030f01926c8a6acefbba19f83ff2631bf5807c1', 'start_line': 37, 'text': '  rule scan(0, lbr BS) => scan(1, BS)'}, {'attributes': [], 'classification': 'DEFINITION', 'end_line': 38, 'module': 'VERIFICATION', 'normalized_sha256': '43b801cfe1c8cb9b66695870d5043f00fcdf512cb5b035bcf0f36ce9b24e02df', 'rationale': "Defines scan's state-0 recurrence when the next bracket is a right bracket.", 'source_rule_id': 'rule-43b801cfe1c8cb9b66695870d5043f00fcdf512cb5b035bcf0f36ce9b24e02df', 'start_line': 38, 'text': '  rule scan(0, rbr BS) => scan(0, BS)'}, {'attributes': [], 'classification': 'DEFINITION', 'end_line': 40, 'module': 'VERIFICATION', 'normalized_sha256': 'e8a0fd7ff66ecd82bfc657e1d7a030c85c06f10366618908196b8483f777e71f', 'rationale': "Defines scan's state-1 recurrence when the next bracket is a left bracket.", 'source_rule_id': 'rule-e8a0fd7ff66ecd82bfc657e1d7a030c85c06f10366618908196b8483f777e71f', 'start_line': 40, 'text': '  rule scan(1, lbr BS) => scan(2, BS)'}, {'attributes': [], 'classification': 'DEFINITION', 'end_line': 41, 'module': 'VERIFICATION', 'normalized_sha256': 'ce1edffca05a36c6b1d16834ea77d13be8b1380ea8b3b53fdf01c92ae71b463a', 'rationale': "Defines scan's state-1 recurrence when the next bracket is a right bracket.", 'source_rule_id': 'rule-ce1edffca05a36c6b1d16834ea77d13be8b1380ea8b3b53fdf01c92ae71b463a', 'start_line': 41, 'text': '  rule scan(1, rbr BS) => scan(1, BS)'}, {'attributes': [], 'classification': 'DEFINITION', 'end_line': 43, 'module': 'VERIFICATION', 'normalized_sha256': '2c48acab26597dd5ee2c4752dd131a37590b8877c96b9a92ac11acf94c457f70', 'rationale': "Defines scan's state-2 recurrence when the next bracket is a left bracket.", 'source_rule_id': 'rule-2c48acab26597dd5ee2c4752dd131a37590b8877c96b9a92ac11acf94c457f70', 'start_line': 43, 'text': '  rule scan(2, lbr BS) => scan(2, BS)'}, {'attributes': [], 'classification': 'DEFINITION', 'end_line': 44, 'module': 'VERIFICATION', 'normalized_sha256': 'fa688c09190dd7519ff0eb7358cc8f46696a1f0de635bf9f1ee59f763df6dc08', 'rationale': "Defines scan's state-2 recurrence when the next bracket is a right bracket.", 'source_rule_id': 'rule-fa688c09190dd7519ff0eb7358cc8f46696a1f0de635bf9f1ee59f763df6dc08', 'start_line': 44, 'text': '  rule scan(2, rbr BS) => scan(3, BS)'}, {'attributes': [], 'classification': 'DEFINITION', 'end_line': 46, 'module': 'VERIFICATION', 'normalized_sha256': 'd08d7e015d9a59f1dcc0e5f216084e7c799e91f17c9bbd2f718e4fc16413dc0e', 'rationale': "Defines scan's state-3 recurrence when the next bracket is a left bracket.", 'source_rule_id': 'rule-d08d7e015d9a59f1dcc0e5f216084e7c799e91f17c9bbd2f718e4fc16413dc0e', 'start_line': 46, 'text': '  rule scan(3, lbr BS) => scan(3, BS)'}, {'attributes': [], 'classification': 'DEFINITION', 'end_line': 47, 'module': 'VERIFICATION', 'normalized_sha256': '47377f163f0b3d3d47216c2aa41cc15a93e2cff752a0ced52bc59911be7e10d7', 'rationale': "Defines scan's accepting state-3 case when the final required right bracket is observed.", 'source_rule_id': 'rule-47377f163f0b3d3d47216c2aa41cc15a93e2cff752a0ced52bc59911be7e10d7', 'start_line': 47, 'text': '  rule scan(3, rbr _)  => true'}]
  expected=[{'source_rule_id': 'rule-8fa9e7831fa20d0f089330e47af87b1724571923d45d61721fb88e379cc4c970', 'module': 'VERIFICATION', 'start_line': 9, 'end_line': 18, 'normalized_sha256': '8fa9e7831fa20d0f089330e47af87b1724571923d45d61721fb88e379cc4c970', 'attributes': [], 'text': '  rule loopBody =>\n    If(Compare(Name("bracket"), CmpOp("==", Str("[")), .CmpOps),\n      If(Compare(Name("state"), CmpOp("<", Int(2)), .CmpOps),\n        Assign(Name("state"), BinOp("+", Name("state"), Int(1))),\n        .Stmts),\n      If(Compare(Name("state"), CmpOp("==", Int(2)), .CmpOps),\n        Assign(Name("state"), Int(3)),\n        If(Compare(Name("state"), CmpOp("==", Int(3)), .CmpOps),\n          Return(Bool(true)),\n          .Stmts)))', 'classification': 'DEFINITION', 'rationale': 'Expands the named loopBody proof term into the exact constructor AST for the loop body.'}, {'source_rule_id': 'rule-d6581cc03479c04895f5c7e9ccdb63d5ce850bed8ddd475654f91bd31b597037', 'module': 'VERIFICATION', 'start_line': 21, 'end_line': 24, 'normalized_sha256': 'd6581cc03479c04895f5c7e9ccdb63d5ce850bed8ddd475654f91bd31b597037', 'attributes': [], 'text': '  rule solutionBody =>\n    Assign(Name("state"), Int(0))\n    For(Name("bracket"), Name("string"), loopBody)\n    Return(Bool(false))', 'classification': 'DEFINITION', 'rationale': 'Expands the named solutionBody proof term into the function-body constructor sequence.'}, {'source_rule_id': 'rule-31613ecfd8973c37c65868ea808c8042e20e48cb495f58cffcf3e9c638261e09', 'module': 'VERIFICATION', 'start_line': 27, 'end_line': 28, 'normalized_sha256': '31613ecfd8973c37c65868ea808c8042e20e48cb495f58cffcf3e9c638261e09', 'attributes': [], 'text': '  rule theSolution =>\n    Module(FuncDef("is_nested", Params("string"), solutionBody))', 'classification': 'DEFINITION', 'rationale': 'Expands theSolution into the module and function-definition constructor term used by the end-to-end claim.'}, {'source_rule_id': 'rule-5966780668327239f5be7958c1ab70d1c7b097bb668bda9350041606e8776732', 'module': 'VERIFICATION', 'start_line': 35, 'end_line': 35, 'normalized_sha256': '5966780668327239f5be7958c1ab70d1c7b097bb668bda9350041606e8776732', 'attributes': [], 'text': '  rule scan(_, .BString) => false', 'classification': 'DEFINITION', 'rationale': "Defines the scan reference function's base case on the empty bracket string."}, {'source_rule_id': 'rule-5e99e533e332a7459abd69ba6030f01926c8a6acefbba19f83ff2631bf5807c1', 'module': 'VERIFICATION', 'start_line': 37, 'end_line': 37, 'normalized_sha256': '5e99e533e332a7459abd69ba6030f01926c8a6acefbba19f83ff2631bf5807c1', 'attributes': [], 'text': '  rule scan(0, lbr BS) => scan(1, BS)', 'classification': 'DEFINITION', 'rationale': "Defines scan's state-0 recurrence when the next bracket is a left bracket."}, {'source_rule_id': 'rule-43b801cfe1c8cb9b66695870d5043f00fcdf512cb5b035bcf0f36ce9b24e02df', 'module': 'VERIFICATION', 'start_line': 38, 'end_line': 38, 'normalized_sha256': '43b801cfe1c8cb9b66695870d5043f00fcdf512cb5b035bcf0f36ce9b24e02df', 'attributes': [], 'text': '  rule scan(0, rbr BS) => scan(0, BS)', 'classification': 'DEFINITION', 'rationale': "Defines scan's state-0 recurrence when the next bracket is a right bracket."}, {'source_rule_id': 'rule-e8a0fd7ff66ecd82bfc657e1d7a030c85c06f10366618908196b8483f777e71f', 'module': 'VERIFICATION', 'start_line': 40, 'end_line': 40, 'normalized_sha256': 'e8a0fd7ff66ecd82bfc657e1d7a030c85c06f10366618908196b8483f777e71f', 'attributes': [], 'text': '  rule scan(1, lbr BS) => scan(2, BS)', 'classification': 'DEFINITION', 'rationale': "Defines scan's state-1 recurrence when the next bracket is a left bracket."}, {'source_rule_id': 'rule-ce1edffca05a36c6b1d16834ea77d13be8b1380ea8b3b53fdf01c92ae71b463a', 'module': 'VERIFICATION', 'start_line': 41, 'end_line': 41, 'normalized_sha256': 'ce1edffca05a36c6b1d16834ea77d13be8b1380ea8b3b53fdf01c92ae71b463a', 'attributes': [], 'text': '  rule scan(1, rbr BS) => scan(1, BS)', 'classification': 'DEFINITION', 'rationale': "Defines scan's state-1 recurrence when the next bracket is a right bracket."}, {'source_rule_id': 'rule-2c48acab26597dd5ee2c4752dd131a37590b8877c96b9a92ac11acf94c457f70', 'module': 'VERIFICATION', 'start_line': 43, 'end_line': 43, 'normalized_sha256': '2c48acab26597dd5ee2c4752dd131a37590b8877c96b9a92ac11acf94c457f70', 'attributes': [], 'text': '  rule scan(2, lbr BS) => scan(2, BS)', 'classification': 'DEFINITION', 'rationale': "Defines scan's state-2 recurrence when the next bracket is a left bracket."}, {'source_rule_id': 'rule-fa688c09190dd7519ff0eb7358cc8f46696a1f0de635bf9f1ee59f763df6dc08', 'module': 'VERIFICATION', 'start_line': 44, 'end_line': 44, 'normalized_sha256': 'fa688c09190dd7519ff0eb7358cc8f46696a1f0de635bf9f1ee59f763df6dc08', 'attributes': [], 'text': '  rule scan(2, rbr BS) => scan(3, BS)', 'classification': 'DEFINITION', 'rationale': "Defines scan's state-2 recurrence when the next bracket is a right bracket."}, {'source_rule_id': 'rule-d08d7e015d9a59f1dcc0e5f216084e7c799e91f17c9bbd2f718e4fc16413dc0e', 'module': 'VERIFICATION', 'start_line': 46, 'end_line': 46, 'normalized_sha256': 'd08d7e015d9a59f1dcc0e5f216084e7c799e91f17c9bbd2f718e4fc16413dc0e', 'attributes': [], 'text': '  rule scan(3, lbr BS) => scan(3, BS)', 'classification': 'DEFINITION', 'rationale': "Defines scan's state-3 recurrence when the next bracket is a left bracket."}, {'source_rule_id': 'rule-47377f163f0b3d3d47216c2aa41cc15a93e2cff752a0ced52bc59911be7e10d7', 'module': 'VERIFICATION', 'start_line': 47, 'end_line': 47, 'normalized_sha256': '47377f163f0b3d3d47216c2aa41cc15a93e2cff752a0ced52bc59911be7e10d7', 'attributes': [], 'text': '  rule scan(3, rbr _)  => true', 'classification': 'DEFINITION', 'rationale': "Defines scan's accepting state-3 case when the final required right bracket is observed."}]
input operational rules: MATCH
  observed=[]
  expected=[]
input proved derived lemmas: MATCH
  observed=[]
  expected=[]
input source rules: MATCH
  observed=[]
  expected=[]
obligation-map source rules: MATCH
  observed=[]
  expected=[]
obligation-map obligations: MATCH
  observed=[]
  expected=[]
obligation-map trust parameters: MATCH
  observed=[]
  expected=[]
obligation-map schema: MATCH
  observed=3
  expected=3
generator obligation count: MATCH
  observed=0
  expected=0
export obligation count: MATCH
  observed=0
  expected=0
preflight obligation count: MATCH
  observed=0
  expected=0
generator obligation-map hash: MATCH
  observed=cf331f312938e04436a60d1dc49b5a1f6f60b03f3283415439a7c175e9812048
  expected=cf331f312938e04436a60d1dc49b5a1f6f60b03f3283415439a7c175e9812048
export trust-inventory hash: MATCH
  observed=2a5e85fad781c3814570fff52858a0d2c97a9066aeaa31b191ddad3af5fa96f6
  expected=2a5e85fad781c3814570fff52858a0d2c97a9066aeaa31b191ddad3af5fa96f6
input inventory hash: MATCH
  observed=c7b8d985cbc1512ae52b2a03c7e198a5dfee3b586b541f3b910ad180fe2d8879
  expected=c7b8d985cbc1512ae52b2a03c7e198a5dfee3b586b541f3b910ad180fe2d8879
generator inventory hash: MATCH
  observed=c7b8d985cbc1512ae52b2a03c7e198a5dfee3b586b541f3b910ad180fe2d8879
  expected=c7b8d985cbc1512ae52b2a03c7e198a5dfee3b586b541f3b910ad180fe2d8879
input verification hash: MATCH
  observed=33138e9b6c232d6008ab6b7a45b714cc33a082d8e2dec4117c81c3219c297af1
  expected=33138e9b6c232d6008ab6b7a45b714cc33a082d8e2dec4117c81c3219c297af1
expected target definition: MATCH
  observed=None
  expected=None
parsed generated target: MATCH
  observed=None
  expected=None
generator target: MATCH
  observed=None
  expected=None
preflight target: MATCH
  observed=None
  expected=None
export status: MATCH
  observed=KLEAN_NO_OBLIGATIONS
  expected=KLEAN_NO_OBLIGATIONS
preflight status: MATCH
  observed=KLEAN_NO_OBLIGATIONS
  expected=KLEAN_NO_OBLIGATIONS
raw generated target declaration count: MATCH
  observed=0
  expected=0
parsed verification module: MATCH
  observed=VERIFICATION
  expected=VERIFICATION
parsed summary functions: MATCH
  observed=[{'name': 'scan', 'return_sort': 'Bool', 'argument_sorts': ['Int', 'BString']}]
  expected=[{'argument_sorts': ['Int', 'BString'], 'name': 'scan', 'return_sort': 'Bool'}]
trust designated sorries: MATCH
  observed=0
  expected=0
trust other sorries: MATCH
  observed=0
  expected=0
trust allowlist count: MATCH
  observed=44
  expected=44
independent_domain_rule_count=0
obligation_count=0
source_rule_ids=[]
obligation_ids=[]
EXIT_CODE=0
