Script started on 2026-07-29 05:18:18-05:00 [<not executed on terminal>]
satisfying_witness: N=3
mutated_executed_body: return n - n
mutated_actual_result: 0
unchanged_claimed_result: 9

$ kprove audit-body-mutation.k --definition audit-verification-kompiled --spec-module AUDIT-BODY-MUTATION --dry-run
exit_status=0

$ kprove audit-body-mutation.k --definition audit-verification-kompiled --spec-module AUDIT-BODY-MUTATION
exit_status=1
1:kore-exec: [1158882] Warning (WarnStuckClaimState):
2:    The configuration's term unifies with the destination's term, but the implication check between the conditions has failed. Location: /tmp/audit-work/candidate-src/audit-body-mutation.k:7:5-42:31
3-Context:
4-    (InfoReachability) while checking the implication
5-  #Not ( {
6-    N -Int N
7:  #Equals
8-    N *Int N
9-  } )
10-#And
11-  <generatedTop>
[Warning] Compiler: Variable 'As' defined but not used. Prefix variable name
with underscore if this is intentional.
	Source(/tmp/audit-work/candidate-src/reference-semantics/semantics/str.k)
	Location(52,27,52,29)
	52 |	  rule strLt(iCons(A:Int, As:IntSeq), iCons(B:Int, Bs:IntSeq)) => true   
      requires A  <Int B
	   .	                          ^~
[Warning] Compiler: Variable 'Bs' defined but not used. Prefix variable name
with underscore if this is intentional.
	Source(/tmp/audit-work/candidate-src/reference-semantics/semantics/str.k)
	Location(52,52,52,54)
	52 |	  rule strLt(iCons(A:Int, As:IntSeq), iCons(B:Int, Bs:IntSeq)) => true   
      requires A  <Int B
	   .	                                                   ^~
[Warning] Compiler: Variable 'As' defined but not used. Prefix variable name
with underscore if this is intentional.
	Source(/tmp/audit-work/candidate-src/reference-semantics/semantics/str.k)
	Location(53,27,53,29)
	53 |	  rule strLt(iCons(A:Int, As:IntSeq), iCons(B:Int, Bs:IntSeq)) => false  
      requires A  >Int B
	   .	                          ^~
[Warning] Compiler: Variable 'Bs' defined but not used. Prefix variable name
with underscore if this is intentional.
	Source(/tmp/audit-work/candidate-src/reference-semantics/semantics/str.k)
	Location(53,52,53,54)
	53 |	  rule strLt(iCons(A:Int, As:IntSeq), iCons(B:Int, Bs:IntSeq)) => false  
      requires A  >Int B
	   .	                                                   ^~
[Error] Prover: backend terminated because the configuration cannot be
rewritten further. See output for more details.
BODY_SENSITIVITY: PASS (material body mutation rejected)

Script done on 2026-07-29 05:18:25-05:00 [COMMAND_EXIT_CODE="0"]
