$ normalized_tree_hash /candidate
17f1f65dfb6b7580f3dd0b7f6ad177b99f104229d1fd52c86a961ae774cadfc8  -
[exit 0]
$ normalized_tree_hash /reference
a2b6617e0171d02ba8b2935be0f9a614be8ce3a3f47b0d56b165b84aa3ffd6a3  -
[exit 0]
$ normalized_tree_hash /generation-evidence
0bd15045d1375a882b85d388f596817f0a7de4264eeeb4af737d7abcdd6b85e1  -
[exit 0]
$ find /candidate -printf '%y %P -> %l\n'
d  -> 
d __pycache__ -> 
d reference-semantics -> 
d reference-semantics/semantics -> 
f __pycache__/solution.cpython-310.pyc -> 
f concrete-tests.mpy -> 
f concrete-tests.py -> 
f prompt.py -> 
f prove.sh -> 
f py2mpy.py -> 
f reference-semantics/semantics.k -> 
f reference-semantics/semantics/assert.k -> 
f reference-semantics/semantics/bool.k -> 
f reference-semantics/semantics/builtins.k -> 
f reference-semantics/semantics/call.k -> 
f reference-semantics/semantics/comprehension.k -> 
f reference-semantics/semantics/concrete.k -> 
f reference-semantics/semantics/controls.k -> 
f reference-semantics/semantics/core.k -> 
f reference-semantics/semantics/dict.k -> 
f reference-semantics/semantics/float.k -> 
f reference-semantics/semantics/functions.k -> 
f reference-semantics/semantics/int.k -> 
f reference-semantics/semantics/iter.k -> 
f reference-semantics/semantics/list.k -> 
f reference-semantics/semantics/methods.k -> 
f reference-semantics/semantics/operators.k -> 
f reference-semantics/semantics/range.k -> 
f reference-semantics/semantics/set.k -> 
f reference-semantics/semantics/sort.k -> 
f reference-semantics/semantics/str.k -> 
f reference-semantics/semantics/subscript.k -> 
f reference-semantics/semantics/syntax.k -> 
f reference-semantics/semantics/tuple.k -> 
f solution.mpy -> 
f solution.py -> 
f spec.k -> 
f verification.k -> 
[exit 0]
