inventory_exit=0
1101 /audit-output/evidence/k-rule-inventory.tsv
attributes concrete 35
attributes function 38
attributes function, total 86
attributes function, total, symbol(absF), no-evaluators 1
attributes function, total, symbol(addF), no-evaluators 1
attributes function, total, symbol(ceilF) 1
attributes function, total, symbol(decStrToF), no-evaluators 1
attributes function, total, symbol(divF), no-evaluators 1
attributes function, total, symbol(divFloatIntV), no-evaluators 1
attributes function, total, symbol(divII), no-evaluators 1
attributes function, total, symbol(eqF), no-evaluators 1
attributes function, total, symbol(floatLt), no-evaluators 1
attributes function, total, symbol(floatMod), no-evaluators 1
attributes function, total, symbol(floorFI) 1
attributes function, total, symbol(gtF), no-evaluators 1
attributes function, total, symbol(intFloatDiv), no-evaluators 1
attributes function, total, symbol(intToF), no-evaluators 1
attributes function, total, symbol(md5hexCodes), no-evaluators 1
attributes function, total, symbol(mulF), no-evaluators 1
attributes function, total, symbol(powF), no-evaluators 1
attributes function, total, symbol(roundF), no-evaluators 1
attributes function, total, symbol(roundFN), no-evaluators 1
attributes function, total, symbol(sortKeyVS), no-evaluators 1
attributes function, total, symbol(sortVS), no-evaluators 1
attributes function, total, symbol(sqrtF), no-evaluators 1
attributes function, total, symbol(subF), no-evaluators 1
attributes function, total, symbol(toF) 1
attributes function, total, symbol(truncF), no-evaluators 1
attributes macro 2
attributes macro,seqstrict(2, 3),strict(1),strict(2) 1
attributes macro-rec 1
attributes owise 26
attributes priority(39) 1
attributes priority(40) 41
attributes priority(45) 3
attributes simplification 19
attributes strict,strict(1),strict(2),strict(3) 1
class configuration 1
class equational-rule 479
class evaluation-context 5
class imports 91
class module 28
class operational-rule 238
class reachability-claim 2
class requires 25
class syntax 231
kind claim 2
kind configuration 1
kind context 5
kind imports 91
kind module 28
kind requires 25
kind rule 717
kind syntax 231
source proof-local 38
source trusted-supplied 1062
