Script started on 2026-07-23 08:14:02-05:00 [<not executed on terminal>]
$ kprove /tmp/audit-work/47-median/candidate-src/spec-vacuity-audit.k --definition /tmp/audit-work/47-median/build/proof-kompiled --spec-module SPEC-VACUITY-AUDIT --dry-run
kore-exec /tmp/audit-work/47-median/build/proof-kompiled/definition.kore --module SEMANTIC --prove /tmp/.kprove-2026-07-23-08-14-02-677-a8034269-754a-4c7f-85fa-4a567c7a7562/spec.kore --spec-module SPEC-VACUITY-AUDIT --output /tmp/.kprove-2026-07-23-08-14-02-677-a8034269-754a-4c7f-85fa-4a567c7a7562/result.kore
[0m[0mEXIT: 0
$ kprove /tmp/audit-work/47-median/candidate-src/spec-vacuity-audit.k --definition /tmp/audit-work/47-median/build/proof-kompiled --spec-module SPEC-VACUITY-AUDIT
kore-exec: [244969] Warning (WarnStuckClaimState):
    The configuration's term doesn't unify with the destination's term and the configuration cannot be rewritten further. Location: /tmp/audit-work/47-median/candidate-src/spec-vacuity-audit.k:8:5-34:14
Context:
    (InfoReachability) while checking the implication
<median>
  <k>
    .K
  </k>
  <input>
    cons ( -10 , cons ( 4 , cons ( 6 , cons ( 1000 , cons ( 10 , cons ( 20 , nil ) ) ) ) ) )
  </input>
  <result>
    floatVal ( 30 , 2 )
  </result>
</median>
[Error] Prover: backend terminated because the configuration cannot be
rewritten further. See output for more details.
[0m[0mEXIT: 1

Script done on 2026-07-23 08:14:05-05:00 [COMMAND_EXIT_CODE="0"]
