WORKDIR: /tmp/audit-work/reconstruction
COMMAND: krun concrete_audit.mpy --definition runtime-audit-kompiled
<generatedTop>
  <k>
    .K
  </k>
  <env>
    0
  </env>
  <scopes>
    -1 |-> scope ( "abs" |-> builtinV ( "abs" )
    "all" |-> builtinV ( "all" )
    "any" |-> builtinV ( "any" )
    "bin" |-> builtinV ( "bin" )
    "chr" |-> builtinV ( "chr" )
    "enumerate" |-> builtinV ( "enumerate" )
    "eval" |-> builtinV ( "eval" )
    "float" |-> typeV ( "float" )
    "int" |-> typeV ( "int" )
    "isinstance" |-> builtinV ( "isinstance" )
    "len" |-> builtinV ( "len" )
    "list" |-> builtinV ( "list" )
    "map" |-> builtinV ( "map" )
    "max" |-> builtinV ( "max" )
    "min" |-> builtinV ( "min" )
    "ord" |-> builtinV ( "ord" )
    "range" |-> builtinV ( "range" )
    "round" |-> builtinV ( "round" )
    "set" |-> builtinV ( "set" )
    "sorted" |-> builtinV ( "sorted" )
    "str" |-> typeV ( "str" )
    "sum" |-> builtinV ( "sum" )
    "zip" |-> builtinV ( "zip" ) , root )
    0 |-> scope ( "sort_array" |-> closureVal ( "arr" , .ParamNames , Return ( Call ( Name ( "sorted" ) , Call ( Name ( "sorted" ) , Name ( "arr" ) , .Exprs ) , KwArg ( "key" , Lambda ( Params ( "value" , .ParamNames ) , CellVars ( .ParamNames ) , FreeVars ( .ParamNames ) , IfExp ( Compare ( Name ( "value" ) , CmpOp ( "<" , Int ( 0 ) ) ) , Int ( 0 ) , Call ( Attribute ( Call ( Name ( "bin" ) , Name ( "value" ) , .Exprs ) , "count" ) , Str ( "1" ) , .Exprs ) ) ) ) , .Exprs ) )  .Stmts , 0 ) , parent ( -1 ) )
  </scopes>
  <scopeLoc>
    1
  </scopeLoc>
  <heap>
    0 |-> list ( .ValSeq )
    1 |-> list ( .ValSeq )
    2 |-> list ( .ValSeq )
    3 |-> list ( .ValSeq )
    4 |-> list ( vCons ( 0 , .ValSeq ) )
    5 |-> list ( vCons ( 0 , .ValSeq ) )
    6 |-> list ( vCons ( 0 , .ValSeq ) )
    7 |-> list ( vCons ( 0 , .ValSeq ) )
    8 |-> list ( vCons ( 1 , vCons ( 5 , vCons ( 2 , vCons ( 3 , vCons ( 4 , .ValSeq ) ) ) ) ) )
    9 |-> list ( vCons ( 1 , vCons ( 2 , vCons ( 3 , vCons ( 4 , vCons ( 5 , .ValSeq ) ) ) ) ) )
    10 |-> list ( vCons ( 1 , vCons ( 2 , vCons ( 4 , vCons ( 3 , vCons ( 5 , .ValSeq ) ) ) ) ) )
    11 |-> list ( vCons ( 1 , vCons ( 2 , vCons ( 4 , vCons ( 3 , vCons ( 5 , .ValSeq ) ) ) ) ) )
    12 |-> list ( vCons ( 1 , vCons ( 0 , vCons ( 2 , vCons ( 3 , vCons ( 4 , .ValSeq ) ) ) ) ) )
    13 |-> list ( vCons ( 0 , vCons ( 1 , vCons ( 2 , vCons ( 3 , vCons ( 4 , .ValSeq ) ) ) ) ) )
    14 |-> list ( vCons ( 0 , vCons ( 1 , vCons ( 2 , vCons ( 4 , vCons ( 3 , .ValSeq ) ) ) ) ) )
    15 |-> list ( vCons ( 0 , vCons ( 1 , vCons ( 2 , vCons ( 4 , vCons ( 3 , .ValSeq ) ) ) ) ) )
    16 |-> list ( vCons ( 7 , vCons ( 7 , vCons ( 0 , vCons ( 3 , vCons ( 3 , vCons ( 8 , vCons ( 8 , vCons ( 1 , .ValSeq ) ) ) ) ) ) ) ) )
    17 |-> list ( vCons ( 0 , vCons ( 1 , vCons ( 3 , vCons ( 3 , vCons ( 7 , vCons ( 7 , vCons ( 8 , vCons ( 8 , .ValSeq ) ) ) ) ) ) ) ) )
    18 |-> list ( vCons ( 0 , vCons ( 1 , vCons ( 8 , vCons ( 8 , vCons ( 3 , vCons ( 3 , vCons ( 7 , vCons ( 7 , .ValSeq ) ) ) ) ) ) ) ) )
    19 |-> list ( vCons ( 0 , vCons ( 1 , vCons ( 8 , vCons ( 8 , vCons ( 3 , vCons ( 3 , vCons ( 7 , vCons ( 7 , .ValSeq ) ) ) ) ) ) ) ) )
    20 |-> list ( vCons ( 12 , vCons ( 10 , vCons ( 9 , vCons ( 6 , vCons ( 5 , vCons ( 3 , .ValSeq ) ) ) ) ) ) )
    21 |-> list ( vCons ( 3 , vCons ( 5 , vCons ( 6 , vCons ( 9 , vCons ( 10 , vCons ( 12 , .ValSeq ) ) ) ) ) ) )
    22 |-> list ( vCons ( 3 , vCons ( 5 , vCons ( 6 , vCons ( 9 , vCons ( 10 , vCons ( 12 , .ValSeq ) ) ) ) ) ) )
    23 |-> list ( vCons ( 3 , vCons ( 5 , vCons ( 6 , vCons ( 9 , vCons ( 10 , vCons ( 12 , .ValSeq ) ) ) ) ) ) )
    24 |-> list ( vCons ( 0 , vCons ( 1 , vCons ( 2 , vCons ( 3 , vCons ( 4 , vCons ( 7 , vCons ( 8 , vCons ( 15 , vCons ( 16 , vCons ( 31 , vCons ( 32 , vCons ( 63 , vCons ( 64 , .ValSeq ) ) ) ) ) ) ) ) ) ) ) ) ) )
    25 |-> list ( vCons ( 0 , vCons ( 1 , vCons ( 2 , vCons ( 3 , vCons ( 4 , vCons ( 7 , vCons ( 8 , vCons ( 15 , vCons ( 16 , vCons ( 31 , vCons ( 32 , vCons ( 63 , vCons ( 64 , .ValSeq ) ) ) ) ) ) ) ) ) ) ) ) ) )
    26 |-> list ( vCons ( 0 , vCons ( 1 , vCons ( 2 , vCons ( 4 , vCons ( 8 , vCons ( 16 , vCons ( 32 , vCons ( 64 , vCons ( 3 , vCons ( 7 , vCons ( 15 , vCons ( 31 , vCons ( 63 , .ValSeq ) ) ) ) ) ) ) ) ) ) ) ) ) )
    27 |-> list ( vCons ( 0 , vCons ( 1 , vCons ( 2 , vCons ( 4 , vCons ( 8 , vCons ( 16 , vCons ( 32 , vCons ( 64 , vCons ( 3 , vCons ( 7 , vCons ( 15 , vCons ( 31 , vCons ( 63 , .ValSeq ) ) ) ) ) ) ) ) ) ) ) ) ) )
    28 |-> list ( vCons ( 18446744073709551615 , vCons ( 18446744073709551616 , vCons ( 3 , .ValSeq ) ) ) )
    29 |-> list ( vCons ( 3 , vCons ( 18446744073709551615 , vCons ( 18446744073709551616 , .ValSeq ) ) ) )
    30 |-> list ( vCons ( 18446744073709551616 , vCons ( 3 , vCons ( 18446744073709551615 , .ValSeq ) ) ) )
    31 |-> list ( vCons ( 18446744073709551616 , vCons ( 3 , vCons ( 18446744073709551615 , .ValSeq ) ) ) )
    32 |-> list ( vCons ( -1 , vCons ( 0 , vCons ( 1 , .ValSeq ) ) ) )
    33 |-> list ( vCons ( -1 , vCons ( 0 , vCons ( 1 , .ValSeq ) ) ) )
    34 |-> list ( vCons ( -1 , vCons ( 0 , vCons ( 1 , .ValSeq ) ) ) )
    35 |-> list ( vCons ( -1 , vCons ( 0 , vCons ( 1 , .ValSeq ) ) ) )
  </heap>
  <heapLoc>
    36
  </heapLoc>
  <stack>
    .List
  </stack>
  <ret>
    noRet
  </ret>
  <exc>
    NoExc
  </exc>
  <exit-code>
    0
  </exit-code>
</generatedTop>

EXIT_STATUS: 0
