$ rg -n -C 8 "rule isStr|symbol LblisStr" /tmp/audit-work/reconstruct-001/verification-fresh-kompiled/definition.kore
584-  symbol LblisScopeLocCellOpt{}(SortK{}) : SortBool{} [function{}(), functional{}(), total{}()]
585-  symbol LblisScopesCell{}(SortK{}) : SortBool{} [function{}(), functional{}(), total{}()]
586-  symbol LblisScopesCellOpt{}(SortK{}) : SortBool{} [function{}(), functional{}(), total{}()]
587-  symbol LblisSet{}(SortK{}) : SortBool{} [function{}(), functional{}(), total{}()]
588-  symbol LblisStackCell{}(SortK{}) : SortBool{} [function{}(), functional{}(), total{}()]
589-  symbol LblisStackCellOpt{}(SortK{}) : SortBool{} [function{}(), functional{}(), total{}()]
590-  symbol LblisStmt{}(SortK{}) : SortBool{} [function{}(), functional{}(), total{}()]
591-  symbol LblisStmts{}(SortK{}) : SortBool{} [function{}(), functional{}(), total{}()]
592:  symbol LblisStr{}(SortK{}) : SortBool{} [function{}(), functional{}(), total{}()]
593:  symbol LblisStrV'LParUndsRParUnds'MPY-BUILTINS'Unds'Bool'Unds'Val{}(SortVal{}) : SortBool{} [function{}(), org'Stop'kframework'Stop'attributes'Stop'Location{}("Location(293,44,293,66)"), org'Stop'kframework'Stop'attributes'Stop'Source{}("Source(/tmp/audit-work/reconstruct-001/reference-semantics/semantics/builtins.k)")]
594:  symbol LblisString{}(SortK{}) : SortBool{} [function{}(), functional{}(), total{}()]
595-  symbol LblisUpperC'LParUndsRParUnds'MPY-METHODS'Unds'Bool'Unds'Int{}(SortInt{}) : SortBool{} [function{}(), functional{}(), org'Stop'kframework'Stop'attributes'Stop'Location{}("Location(112,19,112,50)"), org'Stop'kframework'Stop'attributes'Stop'Source{}("Source(/tmp/audit-work/reconstruct-001/reference-semantics/semantics/methods.k)"), total{}()]
596-  symbol LblisVal{}(SortK{}) : SortBool{} [function{}(), functional{}(), total{}()]
597-  symbol LblisValSeq{}(SortK{}) : SortBool{} [function{}(), functional{}(), total{}()]
598-  symbol LblisVals{}(SortK{}) : SortBool{} [function{}(), functional{}(), total{}()]
599-  symbol LblisWSC'LParUndsRParUnds'MPY-METHODS'Unds'Bool'Unds'Int{}(SortInt{}) : SortBool{} [function{}(), functional{}(), org'Stop'kframework'Stop'attributes'Stop'Location{}("Location(85,19,85,47)"), org'Stop'kframework'Stop'attributes'Stop'Source{}("Source(/tmp/audit-work/reconstruct-001/reference-semantics/semantics/methods.k)"), total{}()]
600-  hooked-symbol Lblite{SortSort}(SortBool{}, SortSort, SortSort) : SortSort [function{}(), functional{}(), hook{}("KEQUAL.ite"), org'Stop'kframework'Stop'attributes'Stop'Location{}("Location(2330,26,2330,132)"), org'Stop'kframework'Stop'attributes'Stop'Source{}("Source(/usr/include/kframework/builtin/domains.md)"), smt-hook{}("ite"), symbol'Kywd'{}("ite"), total{}()]
601-  symbol LbljoinCodes'LParUndsCommUndsRParUnds'MPY-METHODS'Unds'IntSeq'Unds'IntSeq'Unds'ValSeq{}(SortIntSeq{}, SortValSeq{}) : SortIntSeq{} [function{}(), functional{}(), org'Stop'kframework'Stop'attributes'Stop'Location{}("Location(27,21,27,64)"), org'Stop'kframework'Stop'attributes'Stop'Source{}("Source(/tmp/audit-work/reconstruct-001/reference-semantics/semantics/methods.k)"), total{}()]
602-  hooked-symbol Lblkeys'LParUndsRParUnds'MAP'Unds'Set'Unds'Map{}(SortMap{}) : SortSet{} [function{}(), functional{}(), hook{}("MAP.keys"), org'Stop'kframework'Stop'attributes'Stop'Location{}("Location(341,18,341,82)"), org'Stop'kframework'Stop'attributes'Stop'Source{}("Source(/usr/include/kframework/builtin/domains.md)"), total{}()]
--
20477-        )),
20478-    \equals{SortBool{},R} (
20479-      LblisStmts{}(X0:SortK{}),
20480-     \and{SortBool{}} (
20481-       \dv{SortBool{}}("true"),
20482-        \top{SortBool{}}())))
20483-  [UNIQUE'Unds'ID{}("ceb3892bf52e914238f8db921b23d5c6038191f7246973e2b9ca7a23b898567b")]
20484-
20485:// rule isStr(K)=>#token("false","Bool") requires #token("true","Bool") ensures #token("true","Bool") [UNIQUE_ID(e10ded02e9c4a62cda1f6bb194456129225eb60277982c0e495ee3652d53582e), owise]
20486-  axiom{R} \implies{R} (
20487-    \and{R} (
20488-      \not{R} (
20489-        \or{R} (
20490-          \exists{R} (Var'Unds'Gen1:SortStr{},
20491-            \and{R} (
20492-              \top{R}(),
20493-              \and{R} (
--
20513-    )),
20514-    \equals{SortBool{},R} (
20515-      LblisStr{}(X0:SortK{}),
20516-     \and{SortBool{}} (
20517-       \dv{SortBool{}}("false"),
20518-        \top{SortBool{}}())))
20519-  [UNIQUE'Unds'ID{}("e10ded02e9c4a62cda1f6bb194456129225eb60277982c0e495ee3652d53582e"), owise{}()]
20520-
20521:// rule isStr(inj{Str,KItem}(Str))=>#token("true","Bool") requires #token("true","Bool") ensures #token("true","Bool") [UNIQUE_ID(95cb29fa44e9b600e83898a4b5e0e1c3fb04874966eebee4bfa99233fc9efcb5)]
20522-  axiom{R} \implies{R} (
20523-    \and{R}(
20524-      \top{R}(),
20525-      \and{R} (
20526-          \in{SortK{}, R} (
20527-            X0:SortK{},
20528-            kseq{}(inj{SortStr{}, SortKItem{}}(VarStr:SortStr{}),dotk{}())
20529-          ),
--
20585-        )),
20586-    \equals{SortBool{},R} (
20587-      LblisStrV'LParUndsRParUnds'MPY-BUILTINS'Unds'Bool'Unds'Val{}(X0:SortVal{}),
20588-     \and{SortBool{}} (
20589-       \dv{SortBool{}}("true"),
20590-        \top{SortBool{}}())))
20591-  [UNIQUE'Unds'ID{}("897807281c1e049e45d4a104a71041947b3dd7bf1633eea6c17753edd1de731b"), org'Stop'kframework'Stop'attributes'Stop'Location{}("Location(296,8,296,37)"), org'Stop'kframework'Stop'attributes'Stop'Source{}("Source(/tmp/audit-work/reconstruct-001/reference-semantics/semantics/builtins.k)")]
20592-
20593:// rule isString(K)=>#token("false","Bool") requires #token("true","Bool") ensures #token("true","Bool") [UNIQUE_ID(fbe29b27977283e8cb5b35f1b17a6b7b2abc92a7fca608d496b346f7b6918961), owise]
20594-  axiom{R} \implies{R} (
20595-    \and{R} (
20596-      \not{R} (
20597-        \or{R} (
20598-          \exists{R} (Var'Unds'Gen0:SortString{},
20599-            \and{R} (
20600-              \top{R}(),
20601-              \and{R} (
--
20621-    )),
20622-    \equals{SortBool{},R} (
20623-      LblisString{}(X0:SortK{}),
20624-     \and{SortBool{}} (
20625-       \dv{SortBool{}}("false"),
20626-        \top{SortBool{}}())))
20627-  [UNIQUE'Unds'ID{}("fbe29b27977283e8cb5b35f1b17a6b7b2abc92a7fca608d496b346f7b6918961"), owise{}()]
20628-
20629:// rule isString(inj{String,KItem}(String))=>#token("true","Bool") requires #token("true","Bool") ensures #token("true","Bool") [UNIQUE_ID(109ced650ead4a5092ddba090e1b8e181633ed0aa5c5f93bce9f88be215668ef)]
20630-  axiom{R} \implies{R} (
20631-    \and{R}(
20632-      \top{R}(),
20633-      \and{R} (
20634-          \in{SortK{}, R} (
20635-            X0:SortK{},
20636-            kseq{}(inj{SortString{}, SortKItem{}}(VarString:SortString{}),dotk{}())
20637-          ),
[exit 0]
