WORKDIR: /audit-output
COMMAND: diff -u /tmp/audit-work/semantic.k /tmp/audit-work/body-sensitivity/semantic.k
--- /tmp/audit-work/semantic.k	2026-07-22 04:12:16.340751625 -0500
+++ /tmp/audit-work/body-sensitivity/semantic.k	2026-07-23 05:33:59.466447624 -0500
@@ -43,19 +43,7 @@
                 Name("string"),
                 Slice(NoBound, NoBound, UnaryOp("-", Int(1))))))))
       FuncDef("make_palindrome", Params("string"),
-        If(Call(Name("is_palindrome"), Name("string")),
-          Return(Name("string")),
-          .Stmts)
-        Return(
-          BinOp("+",
-            BinOp("+",
-              Subscript(Name("string"), Int(0)),
-              Call(
-                Name("make_palindrome"),
-                Subscript(
-                  Name("string"),
-                  Slice(Int(1), NoBound, NoBound)))),
-            Subscript(Name("string"), Int(0))))))
+        Return(Str("WRONG"))))
 endmodule
 
 module MPY-SEMANTICS
EXIT_STATUS: 1
