$ sed -n '18470,18528p' bridge-free-kompiled/definition.kore
      LblisInfinite'LParUndsRParUnds'FLOAT'Unds'Bool'Unds'Float{}(X0:SortFloat{}),
     \and{SortBool{}} (
       Lbl'Unds'orBool'Unds'{}(Lbl'Unds-GT-'Float'UndsUnds'FLOAT'Unds'Bool'Unds'Float'Unds'Float{}(VarF:SortFloat{},LblmaxValueFloat'LParUndsCommUndsRParUnds'FLOAT'Unds'Float'Unds'Int'Unds'Int{}(LblprecisionFloat'LParUndsRParUnds'FLOAT'Unds'Int'Unds'Float{}(VarF:SortFloat{}),LblexponentBitsFloat'LParUndsRParUnds'FLOAT'Unds'Int'Unds'Float{}(VarF:SortFloat{}))),Lbl'Unds-LT-'Float'UndsUnds'FLOAT'Unds'Bool'Unds'Float'Unds'Float{}(VarF:SortFloat{},Lbl--Float'UndsUnds'FLOAT'Unds'Float'Unds'Float{}(LblmaxValueFloat'LParUndsCommUndsRParUnds'FLOAT'Unds'Float'Unds'Int'Unds'Int{}(LblprecisionFloat'LParUndsRParUnds'FLOAT'Unds'Int'Unds'Float{}(VarF:SortFloat{}),LblexponentBitsFloat'LParUndsRParUnds'FLOAT'Unds'Int'Unds'Float{}(VarF:SortFloat{}))))),
        \top{SortBool{}}())))
  [UNIQUE'Unds'ID{}("3cdc5592e45f5e75bc58bec28b36bce08dccca0fb7bdaa72e4489b9501776c41"), org'Stop'kframework'Stop'attributes'Stop'Location{}("Location(1673,8,1673,173)"), org'Stop'kframework'Stop'attributes'Stop'Source{}("Source(/usr/include/kframework/builtin/domains.md)")]

// rule isInt(K)=>#token("false","Bool") requires #token("true","Bool") ensures #token("true","Bool") [UNIQUE_ID(105572a4ac107eeb518b37c4d6ed3e28732b83afb0ba085d02d339c4fc2140a0), owise]
  axiom{R} \implies{R} (
    \and{R} (
      \not{R} (
        \or{R} (
          \exists{R} (Var'Unds'Gen1:SortInt{},
            \and{R} (
              \top{R}(),
              \and{R} (
                \in{SortK{}, R} (
                  X0:SortK{},
                  kseq{}(inj{SortInt{}, SortKItem{}}(Var'Unds'Gen1:SortInt{}),dotk{}())
                ),
                \top{R} ()
              )
          )),
          \bottom{R}()
        )
      ),
      \and{R}(
        \top{R}(),
        \and{R} (
          \in{SortK{}, R} (
            X0:SortK{},
            VarK:SortK{}
          ),
          \top{R} ()
        )
    )),
    \equals{SortBool{},R} (
      LblisInt{}(X0:SortK{}),
     \and{SortBool{}} (
       \dv{SortBool{}}("false"),
        \top{SortBool{}}())))
  [UNIQUE'Unds'ID{}("105572a4ac107eeb518b37c4d6ed3e28732b83afb0ba085d02d339c4fc2140a0"), owise{}()]

// rule isInt(inj{Int,KItem}(Int))=>#token("true","Bool") requires #token("true","Bool") ensures #token("true","Bool") [UNIQUE_ID(92664aa821c8898ff16b4e72ad0bdf363f755c7660d28dcb69c129a2c94bc6b5)]
  axiom{R} \implies{R} (
    \and{R}(
      \top{R}(),
      \and{R} (
          \in{SortK{}, R} (
            X0:SortK{},
            kseq{}(inj{SortInt{}, SortKItem{}}(VarInt:SortInt{}),dotk{}())
          ),
          \top{R} ()
        )),
    \equals{SortBool{},R} (
      LblisInt{}(X0:SortK{}),
     \and{SortBool{}} (
       \dv{SortBool{}}("true"),
        \top{SortBool{}}())))
  [UNIQUE'Unds'ID{}("92664aa821c8898ff16b4e72ad0bdf363f755c7660d28dcb69c129a2c94bc6b5")]
EXIT_STATUS: 0
