OUTPUT /audit-output/evidence/k-rule-inventory.tsv
SHA256 f45a52b53628fa11ae2a316a194890a5399f1a8dc28fb9c6abc6d421bcab47e0
TOTAL_ENTRIES 943
KIND_COUNTS {'rule': 703, 'context': 5, 'syntax': 232, 'configuration': 1, 'claim': 2}
FILE reference-semantics/semantics/assert.k {'rule': 3}
FILE reference-semantics/semantics/bool.k {'rule': 13, 'context': 1}
FILE reference-semantics/semantics/builtins.k {'syntax': 38, 'rule': 137}
FILE reference-semantics/semantics/call.k {'rule': 21, 'syntax': 3}
FILE reference-semantics/semantics/comprehension.k {'rule': 7, 'syntax': 3}
FILE reference-semantics/semantics/concrete.k {'rule': 16, 'syntax': 5}
FILE reference-semantics/semantics/controls.k {'rule': 34, 'syntax': 3}
FILE reference-semantics/semantics/core.k {'syntax': 37, 'configuration': 1, 'rule': 46}
FILE reference-semantics/semantics/dict.k {'syntax': 12, 'rule': 28}
FILE reference-semantics/semantics/float.k {'syntax': 34, 'rule': 121}
FILE reference-semantics/semantics/functions.k {'syntax': 4, 'rule': 15}
FILE reference-semantics/semantics/int.k {'rule': 16, 'syntax': 1}
FILE reference-semantics/semantics/iter.k {'syntax': 1}
FILE reference-semantics/semantics/list.k {'rule': 27, 'syntax': 5}
FILE reference-semantics/semantics/methods.k {'syntax': 27, 'rule': 75}
FILE reference-semantics/semantics/operators.k {'rule': 10, 'context': 2}
FILE reference-semantics/semantics/range.k {'syntax': 2, 'rule': 6}
FILE reference-semantics/semantics/set.k {'syntax': 6, 'rule': 12}
FILE reference-semantics/semantics/sort.k {'syntax': 6, 'rule': 19}
FILE reference-semantics/semantics/str.k {'rule': 28, 'syntax': 5}
FILE reference-semantics/semantics/subscript.k {'syntax': 15, 'rule': 40, 'context': 2}
FILE reference-semantics/semantics/syntax.k {'syntax': 16}
FILE reference-semantics/semantics/tuple.k {'rule': 21, 'syntax': 4}
FILE verification.k {'syntax': 5, 'rule': 8}
FILE spec.k {'claim': 2}
OPAQUE_SYMBOL_DECLARATIONS 25
TOTAL_DECLARATIONS 108
FUNCTIONAL_DECLARATIONS 0
PRIORITY_RULES 29
SIMPLIFICATION_RULES 0
INVENTORY_OK

COMMAND: python3 /audit-output/evidence/k_rule_inventory.py
EXIT_STATUS: 0
