COMMAND: bash -lc cd\ /tmp/audit-work/candidate\ \&\&\ rg\ -n\ \"\^\[\[:space:\]\]\*\(syntax\|rule\|claim\|configuration\)\|\\\[\(function\|total\|functional\|simplification\|macro\|priority\)\"\ semantic.k\ solution-ast.k\ verification.k\ spec.k\ operational-spec.k\ mutation-spec.k
spec.k:7:  claim <py>
spec.k:16:  claim <py>
spec.k:25:  claim <py>
spec.k:37:  claim <py>
verification.k:8:  syntax Program ::= VerifyRunList(Module, List)
verification.k:9:  rule <k> VerifyRunList(M, XS)
verification.k:17:  rule <k> For(Name("number"), Name("numbers"), ROLLING-LOOP)
verification.k:28:       [priority(40)]
solution-ast.k:8:  syntax Program ::= OpRunList(Module, List)
solution-ast.k:9:  rule <k> OpRunList(M, XS)
solution-ast.k:13:  syntax Stmts ::= "ROLLING-LOOP" [macro]
solution-ast.k:14:  rule ROLLING-LOOP =>
solution-ast.k:23:  syntax Stmts ::= "ROLLING-BODY" [macro]
solution-ast.k:24:  rule ROLLING-BODY =>
solution-ast.k:31:  syntax Module ::= "SOLUTION" [macro]
solution-ast.k:32:  rule SOLUTION => Module(
solution-ast.k:38:  syntax List ::= "#rollingMax" "(" List ")" [function]
solution-ast.k:39:                | "#scanMax" "(" Int "," List ")" [function]
solution-ast.k:41:  rule #rollingMax(.List) => .List
solution-ast.k:42:  rule #rollingMax(ListItem(I:Int) REST) => ListItem(I) #scanMax(I, REST)
solution-ast.k:44:  rule #scanMax(_, .List) => .List
solution-ast.k:45:  rule #scanMax(M, ListItem(I:Int) REST)
solution-ast.k:48:  rule #scanMax(M, ListItem(I:Int) REST)
operational-spec.k:8:  claim <py>
operational-spec.k:16:  claim <py>
operational-spec.k:27:  claim <py>
mutation-spec.k:9:  claim <py>
semantic.k:10:  syntax Program ::= Module
semantic.k:13:  syntax Module ::= "Module" "(" Stmts ")"
semantic.k:15:  syntax Stmts ::= List{Stmt, ""}
semantic.k:16:  syntax Stmt ::= "ImportFrom" "(" String "," Strings ")"
semantic.k:24:  syntax Strings ::= List{String, ","}
semantic.k:25:  syntax Params ::= "Params" "(" Strings ")"
semantic.k:26:  syntax Ints ::= List{Int, ","}
semantic.k:28:  syntax Expr ::= "Name" "(" String ")"
semantic.k:36:  syntax Exprs ::= List{Expr, ","}
semantic.k:37:  syntax CmpOp ::= "CmpOp" "(" String "," Expr ")"
semantic.k:38:  syntax CmpOps ::= List{CmpOp, ","}
semantic.k:41:  syntax Val ::= IntVal(Int) | BoolVal(Bool) | ListVal(List) | "NoneVal"
semantic.k:42:  syntax Expr ::= Val
semantic.k:44:  syntax Function ::= Function(Params, Stmts)
semantic.k:45:  syntax Frame ::= Frame(Map)
semantic.k:47:  syntax KItem ::= Invoke(String, Val)
semantic.k:61:  syntax List ::= intsToList(Ints) [function, total]
semantic.k:72:  configuration
semantic.k:81:  rule intsToList(.Ints) => .List
semantic.k:82:  rule intsToList(I:Int) => ListItem(I)
semantic.k:83:  rule intsToList(I:Int, IS:Ints) => ListItem(I) intsToList(IS)
semantic.k:85:  rule <k> Run(M, [ IS ]) => M ~> Invoke("rolling_max", ListVal(intsToList(IS))) ~> Cleanup ... </k>
semantic.k:86:  rule <k> Module(SS) => SS ... </k>
semantic.k:87:  rule <k> S:Stmt SS:Stmts => S ~> SS ... </k>
semantic.k:88:  rule <k> .Stmts => .K ... </k>
semantic.k:89:  rule <k> V:Val ~> .Stmts => V ... </k>
semantic.k:91:  rule <k> ImportFrom(_, _) => .K ... </k>
semantic.k:92:  rule <k> FuncDef(F, PS, BODY) => .K ... </k>
semantic.k:96:  rule <k> Call(Name(F), E:Expr, .Exprs) => E ~> CallKont(F) ... </k>
semantic.k:97:  rule <k> V:Val ~> CallKont(F) => Invoke(F, V) ... </k>
semantic.k:98:  rule <k> Invoke(F, V) => BODY ~> EndCall ... </k>
semantic.k:102:  rule <k> V:Val ~> EndCall => V ... </k>
semantic.k:106:  rule <k> V:Val ~> Cleanup => V ... </k>
semantic.k:110:  rule <k> Int(I) => IntVal(I) ... </k>
semantic.k:111:  rule <k> Bool(B) => BoolVal(B) ... </k>
semantic.k:112:  rule <k> ListExpr(.Exprs) => ListVal(.List) ... </k>
semantic.k:113:  rule <k> Name(X) => V ... </k> <env>... X |-> V ...</env>
semantic.k:116:  rule <k> Assign(Name(X), E) => E ~> Store(X) ... </k>
semantic.k:117:  rule <k> V:Val ~> Store(X) => .K ... </k>
semantic.k:119:  rule <k> Return(E) => E ... </k>
semantic.k:120:  rule <k> Expr(E) => E ~> Discard ... </k>
semantic.k:121:  rule <k> _:Val ~> Discard => .K ... </k>
semantic.k:124:  rule <k> Compare(L, CmpOp(">", R), .CmpOps) => L ~> CompareRight(R) ... </k>
semantic.k:125:  rule <k> IntVal(I) ~> CompareRight(R) => R ~> GreaterThan(I) ... </k>
semantic.k:126:  rule <k> IntVal(J) ~> GreaterThan(I) => BoolVal(I >Int J) ... </k>
semantic.k:129:  rule <k> If(E, THEN, ELSE) => E ~> Branch(THEN, ELSE) ... </k>
semantic.k:130:  rule <k> BoolVal(true) ~> Branch(THEN, _) => THEN ... </k>
semantic.k:131:  rule <k> BoolVal(false) ~> Branch(_, ELSE) => ELSE ... </k>
semantic.k:134:  rule <k> Call(Attribute(Name(X), "append"), E:Expr, .Exprs) => E ~> AppendTo(X) ... </k>
semantic.k:135:  rule <k> IntVal(I) ~> AppendTo(X) => NoneVal ... </k>
semantic.k:139:  rule <k> For(Name(X), E, BODY) => E ~> StartLoop(X, BODY) ... </k>
semantic.k:140:  rule <k> ListVal(ITEMS) ~> StartLoop(X, BODY) => Loop(X, BODY, ITEMS) ... </k>
semantic.k:141:  rule <k> Loop(_, _, .List) => .K ... </k>
semantic.k:142:  rule <k> Loop(X, BODY, ListItem(I) REST) => Bind(X, IntVal(I)) ~> BODY ~> Loop(X, BODY, REST) ... </k>
semantic.k:143:  rule <k> Bind(X, V) => .K ... </k>
EXIT_STATUS: 0
