COMMAND: python3 /audit-output/evidence/stage3_concrete_compare.py
CASE: empty
INPUT_NUMBERS: []
INPUT_TERM_SHA256: cf1ff229f4d6a16308f14af5b108dd8bff7176e9577eb717d1baacf235cffff8
COMMAND: krun /dev/stdin --definition /tmp/audit-work/candidate/fresh-semantic-kompiled --output pretty
EXIT_STATUS: 0
K_RESULT: []
CANONICAL_RESULT: []
GENERATED_PYTHON_RESULT: []
TERMINAL_CELLS_CLEAN: True
MATCH: True
CASE: singleton_negative
INPUT_NUMBERS: [-7]
INPUT_TERM_SHA256: 711394efa441b318ab2d0d2a3f3d05f5e54ac03a75af0e3de223efe71a646d85
COMMAND: krun /dev/stdin --definition /tmp/audit-work/candidate/fresh-semantic-kompiled --output pretty
EXIT_STATUS: 0
K_RESULT: [-7]
CANONICAL_RESULT: [-7]
GENERATED_PYTHON_RESULT: [-7]
TERMINAL_CELLS_CLEAN: True
MATCH: True
CASE: increase
INPUT_NUMBERS: [1, 2]
INPUT_TERM_SHA256: 939f4f77fd856ddd0e796604b75131f4036fa1a09b1e271c1ad10d5b2a7b5de7
COMMAND: krun /dev/stdin --definition /tmp/audit-work/candidate/fresh-semantic-kompiled --output pretty
EXIT_STATUS: 0
K_RESULT: [1, 2]
CANONICAL_RESULT: [1, 2]
GENERATED_PYTHON_RESULT: [1, 2]
TERMINAL_CELLS_CLEAN: True
MATCH: True
CASE: equal
INPUT_NUMBERS: [2, 2]
INPUT_TERM_SHA256: 6721435031f3fa1c6b4a0a64e7e3a8e4c76c3681f31d49fb7511f8ff57c2ce7d
COMMAND: krun /dev/stdin --definition /tmp/audit-work/candidate/fresh-semantic-kompiled --output pretty
EXIT_STATUS: 0
K_RESULT: [2, 2]
CANONICAL_RESULT: [2, 2]
GENERATED_PYTHON_RESULT: [2, 2]
TERMINAL_CELLS_CLEAN: True
MATCH: True
CASE: decrease
INPUT_NUMBERS: [2, 1]
INPUT_TERM_SHA256: 808fb6ade46ea1ecf789dab21e1f2f150302a1010d45d607307a31e67cab223f
COMMAND: krun /dev/stdin --definition /tmp/audit-work/candidate/fresh-semantic-kompiled --output pretty
EXIT_STATUS: 0
K_RESULT: [2, 2]
CANONICAL_RESULT: [2, 2]
GENERATED_PYTHON_RESULT: [2, 2]
TERMINAL_CELLS_CLEAN: True
MATCH: True
CASE: all_negative
INPUT_NUMBERS: [-5, -9, -3, -4]
INPUT_TERM_SHA256: 293fc8eb4d6d82ce5fc12e29c04d93b10ad214fe1ed8003a3f977db5195bd446
COMMAND: krun /dev/stdin --definition /tmp/audit-work/candidate/fresh-semantic-kompiled --output pretty
EXIT_STATUS: 0
K_RESULT: [-5, -5, -3, -3]
CANONICAL_RESULT: [-5, -5, -3, -3]
GENERATED_PYTHON_RESULT: [-5, -5, -3, -3]
TERMINAL_CELLS_CLEAN: True
MATCH: True
CASE: zero_crossings
INPUT_NUMBERS: [0, -1, 1, -2, 2]
INPUT_TERM_SHA256: 36b9ff3e3cbea7cc0a4560bd1c2782180ca231e05b03c6fd4309a42fa1a82dd2
COMMAND: krun /dev/stdin --definition /tmp/audit-work/candidate/fresh-semantic-kompiled --output pretty
EXIT_STATUS: 0
K_RESULT: [0, 0, 1, 1, 2]
CANONICAL_RESULT: [0, 0, 1, 1, 2]
GENERATED_PYTHON_RESULT: [0, 0, 1, 1, 2]
TERMINAL_CELLS_CLEAN: True
MATCH: True
CASE: prompt
INPUT_NUMBERS: [1, 2, 3, 2, 3, 4, 2]
INPUT_TERM_SHA256: 557fd9cc00265672dde63b45ec0c2d953dcfc66827128772d74e60e5629e61c9
COMMAND: krun /dev/stdin --definition /tmp/audit-work/candidate/fresh-semantic-kompiled --output pretty
EXIT_STATUS: 0
K_RESULT: [1, 2, 3, 3, 3, 4, 4]
CANONICAL_RESULT: [1, 2, 3, 3, 3, 4, 4]
GENERATED_PYTHON_RESULT: [1, 2, 3, 3, 3, 4, 4]
TERMINAL_CELLS_CLEAN: True
MATCH: True
CASE: arbitrary_precision
INPUT_NUMBERS: [-10000000000000000000000000000000000000000, 0, 10000000000000000000000000000000000000000, -1]
INPUT_TERM_SHA256: ebe46a0fa18b1da4645b3d398d72f180124cb2ea5ea3c71020e1e1d2a9cd1d0a
COMMAND: krun /dev/stdin --definition /tmp/audit-work/candidate/fresh-semantic-kompiled --output pretty
EXIT_STATUS: 0
K_RESULT: [-10000000000000000000000000000000000000000, 0, 10000000000000000000000000000000000000000, 10000000000000000000000000000000000000000]
CANONICAL_RESULT: [-10000000000000000000000000000000000000000, 0, 10000000000000000000000000000000000000000, 10000000000000000000000000000000000000000]
GENERATED_PYTHON_RESULT: [-10000000000000000000000000000000000000000, 0, 10000000000000000000000000000000000000000, 10000000000000000000000000000000000000000]
TERMINAL_CELLS_CLEAN: True
MATCH: True
TOTAL_CASES: 9
MISMATCHES: 0
EXIT_STATUS: 0
