COMMAND: python3 /reference/py2mpy.py /tmp/audit-work/161-solve/scratch/solution.py > /tmp/audit-work/161-solve/scratch/regenerated-solution.mpy
TRANSLATOR_EXIT_STATUS: 0
264f03a00c1b83794c68c804e7ab57802a9ffffb63c1ef3818ab7c0cd4898f36  /tmp/audit-work/161-solve/scratch/solution.mpy
264f03a00c1b83794c68c804e7ab57802a9ffffb63c1ef3818ab7c0cd4898f36  /tmp/audit-work/161-solve/scratch/regenerated-solution.mpy
COMMAND: cmp /tmp/audit-work/161-solve/scratch/solution.mpy /tmp/audit-work/161-solve/scratch/regenerated-solution.mpy
SOLUTION_MPY_BYTE_IDENTITY PASS
COMMAND: python3 /audit-output/evidence/differential_audit.py
DOCSTRING_EXAMPLES_PASS 3
BOUNDARY_CASES_DECLARED 40
SMALL_ALPHABET ['a', 'Z', '0', '#', ' ', '\n', 'é', 'ß', 'Σ', '́', '😀']
EXHAUSTIVE_LENGTHS 0..4
RANDOM_SEED 161
RANDOM_CASES_GENERATED 20000
DISTINCT_CASES_TESTED 34716
CANDIDATE_VS_CONTRACT_MISMATCHES 0
CANONICAL_VS_CONTRACT_MISMATCHES 0
CANDIDATE_VS_CANONICAL_MISMATCHES 0
SUPPLIED_MODEL_DIVERGENCE_WITNESS 'é1' CPYTHON= 'É1' ASCII_MODEL= '1é'
DIFFERENTIAL_PASS
DIFFERENTIAL_EXIT_STATUS: 0
OVERALL_FAILURES: 0
STAGE2_PROGRAM_FIDELITY PASS
EXIT_STATUS: 0
WRAPPER_EXIT_STATUS: 0
