Script started on 2026-07-31 06:32:40-05:00 [<not executed on terminal>]
COMMAND: PYTHONPATH=/reference tools.klean_preflight.check_generation(
  /reference/k-proof, /reference/lemma-discovery.json,
  /reference/klean-generation, toolchain_lock=/reference/klean-toolchain.lock.json)
PREFLIGHT_SUBCOMMAND: cwd=/tmp/klean-preflight-y8rk2b66/project command=['lake', 'clean'] timeout=600
PREFLIGHT_SUBCOMMAND_EXIT: 0
PREFLIGHT_SUBCOMMAND_OUTPUT_BEGIN
PREFLIGHT_SUBCOMMAND_OUTPUT_END
PREFLIGHT_SUBCOMMAND: cwd=/tmp/klean-preflight-y8rk2b66/project command=['lake', 'build'] timeout=600
PREFLIGHT_SUBCOMMAND_EXIT: 0
PREFLIGHT_SUBCOMMAND_OUTPUT_BEGIN
✔ [2/9] Built Klean56CorrectBracketing.Prelude
✔ [3/9] Built Klean56CorrectBracketing.Sorts
✔ [4/9] Built Klean56CorrectBracketing.Inj
✔ [5/9] Built Klean56CorrectBracketing.Lemmas
✔ [6/9] Built Klean56CorrectBracketing.Func
✔ [7/9] Built Klean56CorrectBracketing.Rewrite
✔ [8/9] Built Klean56CorrectBracketing
Build completed successfully.
PREFLIGHT_SUBCOMMAND_OUTPUT_END
CHECK_GENERATION_RETURN_BEGIN
{
  "designated_sorry_count": 0,
  "diagnostics": [
    {
      "command": [
        "lake",
        "clean"
      ],
      "exit_code": 0,
      "output_sha256": "e3b0c44298fc1c149afbf4c8996fb92427ae41e4649b934ca495991b7852b855",
      "output_tail": ""
    },
    {
      "command": [
        "lake",
        "build"
      ],
      "exit_code": 0,
      "output_sha256": "9e2445c8d255d1f3672b2829e80a343ada636ab98ed2f53d2ea13b9eb0131399",
      "output_tail": "\u2714 [2/9] Built Klean56CorrectBracketing.Prelude\n\u2714 [3/9] Built Klean56CorrectBracketing.Sorts\n\u2714 [4/9] Built Klean56CorrectBracketing.Inj\n\u2714 [5/9] Built Klean56CorrectBracketing.Lemmas\n\u2714 [6/9] Built Klean56CorrectBracketing.Func\n\u2714 [7/9] Built Klean56CorrectBracketing.Rewrite\n\u2714 [8/9] Built Klean56CorrectBracketing\nBuild completed successfully.\n"
    }
  ],
  "frozen_input_sha256": "5e34129a88e22ca6172c54e76906c40df67b07ccf7c89959972092e48c6382cd",
  "generated_tree_sha256": "55486f3fd00b4c40b0fba50d26d3720fb6de4482025090706cc8bd6363dea629",
  "obligation_count": 0,
  "schema_version": 3,
  "stage1_workspace_sha256": "5e34129a88e22ca6172c54e76906c40df67b07ccf7c89959972092e48c6382cd",
  "stage3_discovery_manifest_sha256": "2bdd46fcd0dbf080a0c77ec7ba8f70bcb2cac48148e1209c4838d10838b65abf",
  "status": "KLEAN_NO_OBLIGATIONS",
  "target": null,
  "trust_declaration_count": 41
}
CHECK_GENERATION_RETURN_END
RETURN_EXACTLY_MATCHES_AUDIT_INPUT_STAGE4_PREFLIGHT: True

Script done on 2026-07-31 06:33:12-05:00 [COMMAND_EXIT_CODE="0"]
